2026-02-09 10:05:43,047 1 WARNING ? betopiaerp.tools.config: missing --http-interface/http_interface, using 0.0.0.0 by default, will change to 127.0.0.1 in 20.0 
2026-02-09 10:05:43,049 1 INFO ? BetopiaERP: BetopiaERP version 19.0 
2026-02-09 10:05:43,050 1 INFO ? BetopiaERP: Using configuration file at /etc/betopiaerp/betopiaerp.conf 
2026-02-09 10:05:43,050 1 INFO ? BetopiaERP: addons paths: _NamespacePath(['/opt/betopiaerp/betopiaerp/addons', '/root/.local/share/BetopiaERP/addons/19.0', '/opt/betopiaerp/addons']) 
2026-02-09 10:05:43,050 1 INFO ? BetopiaERP: database: betopiaerp@db:5432 
2026-02-09 10:05:43,903 1 INFO ? betopiaerp.service.server: HTTP service (werkzeug) running on fecf351d5160:8069 
2026-02-09 10:05:44,021 1 INFO betopiaerp betopiaerp.tests.common: Importing test framework 
2026-02-09 10:05:44,062 1 INFO betopiaerp betopiaerp.modules.loading: loading 1 modules... 
2026-02-09 10:05:44,063 1 INFO betopiaerp betopiaerp.modules.loading: Loading module base (1/1) 
2026-02-09 10:05:44,088 1 INFO betopiaerp betopiaerp.registry: module base: creating or updating database tables 
2026-02-09 10:05:44,448 1 INFO betopiaerp betopiaerp.modules.loading: loading base/data/res_bank.xml 
2026-02-09 10:05:44,454 1 INFO betopiaerp betopiaerp.modules.loading: loading base/data/res.lang.csv 
2026-02-09 10:05:44,529 1 INFO betopiaerp betopiaerp.modules.loading: loading base/data/res_lang_data.xml 
2026-02-09 10:05:44,551 1 INFO betopiaerp betopiaerp.modules.loading: loading base/data/res_partner_data.xml 
2026-02-09 10:05:44,563 1 INFO betopiaerp betopiaerp.modules.loading: loading base/data/res_currency_data.xml 
2026-02-09 10:05:44,615 1 INFO betopiaerp betopiaerp.modules.loading: loading base/data/res_company_data.xml 
2026-02-09 10:05:44,621 1 INFO betopiaerp betopiaerp.modules.loading: loading base/data/res_users_data.xml 
2026-02-09 10:05:44,626 1 INFO betopiaerp betopiaerp.modules.loading: loading base/data/report_paperformat_data.xml 
2026-02-09 10:05:44,632 1 INFO betopiaerp betopiaerp.modules.loading: loading base/data/res_country_data.xml 
2026-02-09 10:05:44,716 1 INFO betopiaerp betopiaerp.modules.loading: loading base/data/ir_demo_data.xml 
2026-02-09 10:05:44,731 1 INFO betopiaerp betopiaerp.modules.loading: loading base/security/base_groups.xml 
2026-02-09 10:05:44,795 1 INFO betopiaerp betopiaerp.modules.loading: loading base/security/base_security.xml 
2026-02-09 10:05:44,808 1 INFO betopiaerp betopiaerp.modules.loading: loading base/wizard/wizard_ir_model_menu_create_views.xml 
2026-02-09 10:05:44,818 1 INFO betopiaerp betopiaerp.modules.loading: loading base/views/base_menus.xml 
2026-02-09 10:05:44,860 1 INFO betopiaerp betopiaerp.modules.loading: loading base/views/decimal_precision_views.xml 
2026-02-09 10:05:44,879 1 INFO betopiaerp betopiaerp.modules.loading: loading base/views/res_config_views.xml 
2026-02-09 10:05:44,888 1 INFO betopiaerp betopiaerp.modules.loading: loading base/data/res.country.state.csv 
2026-02-09 10:05:45,101 1 INFO betopiaerp betopiaerp.modules.loading: loading base/views/ir_actions_views.xml 
2026-02-09 10:05:45,227 1 INFO betopiaerp betopiaerp.modules.loading: loading base/views/ir_asset_views.xml 
2026-02-09 10:05:45,252 1 INFO betopiaerp betopiaerp.modules.loading: loading base/views/ir_config_parameter_views.xml 
2026-02-09 10:05:45,273 1 INFO betopiaerp betopiaerp.modules.loading: loading base/views/ir_cron_views.xml 
2026-02-09 10:05:45,305 1 INFO betopiaerp betopiaerp.modules.loading: loading base/views/ir_cron_trigger_views.xml 
2026-02-09 10:05:45,323 1 INFO betopiaerp betopiaerp.modules.loading: loading base/views/ir_filters_views.xml 
2026-02-09 10:05:45,350 1 INFO betopiaerp betopiaerp.modules.loading: loading base/views/ir_mail_server_views.xml 
2026-02-09 10:05:45,371 1 INFO betopiaerp betopiaerp.modules.loading: loading base/views/ir_model_views.xml 
2026-02-09 10:05:45,483 1 INFO betopiaerp betopiaerp.modules.loading: loading base/views/ir_attachment_views.xml 
2026-02-09 10:05:45,503 1 INFO betopiaerp betopiaerp.modules.loading: loading base/views/ir_rule_views.xml 
2026-02-09 10:05:45,524 1 INFO betopiaerp betopiaerp.modules.loading: loading base/views/ir_sequence_views.xml 
2026-02-09 10:05:45,546 1 INFO betopiaerp betopiaerp.modules.loading: loading base/views/ir_ui_menu_views.xml 
2026-02-09 10:05:45,567 1 INFO betopiaerp betopiaerp.modules.loading: loading base/views/ir_ui_view_views.xml 
2026-02-09 10:05:45,617 1 INFO betopiaerp betopiaerp.modules.loading: loading base/views/ir_default_views.xml 
2026-02-09 10:05:45,638 1 INFO betopiaerp betopiaerp.modules.loading: loading base/data/ir_config_parameter_data.xml 
2026-02-09 10:05:45,643 1 INFO betopiaerp betopiaerp.modules.loading: loading base/data/ir_cron_data.xml 
2026-02-09 10:05:45,656 1 INFO betopiaerp betopiaerp.modules.loading: loading base/report/ir_model_report.xml 
2026-02-09 10:05:45,662 1 INFO betopiaerp betopiaerp.modules.loading: loading base/report/ir_model_templates.xml 
2026-02-09 10:05:45,675 1 INFO betopiaerp betopiaerp.modules.loading: loading base/views/ir_logging_views.xml 
2026-02-09 10:05:45,700 1 INFO betopiaerp betopiaerp.modules.loading: loading base/views/ir_qweb_widget_templates.xml 
2026-02-09 10:05:45,722 1 INFO betopiaerp betopiaerp.modules.loading: loading base/views/ir_module_views.xml 
2026-02-09 10:05:45,769 1 INFO betopiaerp betopiaerp.modules.loading: loading base/data/ir_module_category_data.xml 
2026-02-09 10:05:45,793 1 INFO betopiaerp betopiaerp.modules.loading: loading base/data/ir_module_module.xml 
2026-02-09 10:05:45,812 1 INFO betopiaerp betopiaerp.modules.loading: loading base/report/ir_module_reports.xml 
2026-02-09 10:05:45,818 1 INFO betopiaerp betopiaerp.modules.loading: loading base/report/ir_module_report_templates.xml 
2026-02-09 10:05:45,827 1 INFO betopiaerp betopiaerp.modules.loading: loading base/wizard/base_module_update_views.xml 
2026-02-09 10:05:45,842 1 INFO betopiaerp betopiaerp.modules.loading: loading base/wizard/base_language_install_views.xml 
2026-02-09 10:05:45,857 1 INFO betopiaerp betopiaerp.modules.loading: loading base/wizard/base_import_language_views.xml 
2026-02-09 10:05:45,870 1 INFO betopiaerp betopiaerp.modules.loading: loading base/wizard/base_module_upgrade_views.xml 
2026-02-09 10:05:45,889 1 INFO betopiaerp betopiaerp.modules.loading: loading base/wizard/base_module_uninstall_views.xml 
2026-02-09 10:05:45,899 1 INFO betopiaerp betopiaerp.modules.loading: loading base/wizard/base_export_language_views.xml 
2026-02-09 10:05:45,912 1 INFO betopiaerp betopiaerp.modules.loading: loading base/wizard/base_partner_merge_views.xml 
2026-02-09 10:05:45,926 1 INFO betopiaerp betopiaerp.modules.loading: loading base/data/ir_demo_failure_data.xml 
2026-02-09 10:05:45,946 1 INFO betopiaerp betopiaerp.modules.loading: loading base/views/ir_profile_views.xml 
2026-02-09 10:05:45,968 1 INFO betopiaerp betopiaerp.modules.loading: loading base/views/res_company_views.xml 
2026-02-09 10:05:45,989 1 INFO betopiaerp betopiaerp.modules.loading: loading base/views/res_lang_views.xml 
2026-02-09 10:05:46,011 1 INFO betopiaerp betopiaerp.modules.loading: loading base/views/res_partner_views.xml 
2026-02-09 10:05:46,083 1 INFO betopiaerp betopiaerp.modules.loading: loading base/views/res_bank_views.xml 
2026-02-09 10:05:46,122 1 INFO betopiaerp betopiaerp.modules.loading: loading base/views/res_country_views.xml 
2026-02-09 10:05:46,168 1 INFO betopiaerp betopiaerp.modules.loading: loading base/views/res_currency_views.xml 
2026-02-09 10:05:46,205 1 INFO betopiaerp betopiaerp.modules.loading: loading base/views/res_groups_views.xml 
2026-02-09 10:05:46,242 1 INFO betopiaerp betopiaerp.modules.loading: loading base/views/res_users_views.xml 
2026-02-09 10:05:46,321 1 INFO betopiaerp betopiaerp.modules.loading: loading base/views/res_users_apikeys_views.xml 
2026-02-09 10:05:46,329 1 INFO betopiaerp betopiaerp.modules.loading: loading base/views/res_device_views.xml 
2026-02-09 10:05:46,347 1 INFO betopiaerp betopiaerp.modules.loading: loading base/views/res_users_identitycheck_views.xml 
2026-02-09 10:05:46,357 1 INFO betopiaerp betopiaerp.modules.loading: loading base/views/res_config_settings_views.xml 
2026-02-09 10:05:46,369 1 INFO betopiaerp betopiaerp.modules.loading: loading base/views/report_paperformat_views.xml 
2026-02-09 10:05:46,389 1 INFO betopiaerp betopiaerp.modules.loading: loading base/security/ir.model.access.csv 
2026-02-09 10:05:47,425 1 INFO betopiaerp betopiaerp.addons.base.tests.test_acl: Starting TestACL.test_field_crud_restriction ... 
2026-02-09 10:05:47,467 1 INFO betopiaerp betopiaerp.addons.base.tests.test_acl: Starting TestACL.test_field_visibility_restriction ... 
2026-02-09 10:05:47,493 1 INFO betopiaerp betopiaerp.addons.base.tests.test_acl: Starting TestACL.test_fields_browse_restriction ... 
2026-02-09 10:05:47,503 1 INFO betopiaerp betopiaerp.addons.base.tests.test_acl: Starting TestACL.test_get_views_fields ... 
2026-02-09 10:05:47,529 1 INFO betopiaerp betopiaerp.addons.base.tests.test_acl: Starting TestACL.test_m2o_field_create_edit ... 
2026-02-09 10:05:47,545 1 INFO betopiaerp betopiaerp.addons.base.tests.test_acl: Starting TestACL.test_view_create_edit_button ... 
2026-02-09 10:05:47,580 1 INFO betopiaerp betopiaerp.addons.base.models.ir_attachment: filestore gc 7 checked, 1 removed 
2026-02-09 10:05:47,613 1 INFO betopiaerp betopiaerp.addons.base.tests.test_acl: Starting TestIrRule.test_ir_rule ... 
2026-02-09 10:05:47,659 1 INFO betopiaerp betopiaerp.models.unlink: User #1 deleted ir.model.data records with IDs: [7589, 3949, 3938, 3935, 3937, 3936, 3931, 3946, 3930, 3947] 
2026-02-09 10:05:47,660 1 INFO betopiaerp betopiaerp.models.unlink: User #1 deleted ir.rule records with IDs: [1, 17, 18, 7, 2, 8, 6, 9, 20, 35] 
2026-02-09 10:05:47,680 1 INFO betopiaerp betopiaerp.addons.base.models.ir_attachment: filestore gc 1 checked, 1 removed 
2026-02-09 10:05:47,731 1 INFO betopiaerp betopiaerp.addons.base.tests.test_api: Starting TestAPI.test_00_query ... 
2026-02-09 10:05:47,739 1 INFO betopiaerp betopiaerp.addons.base.tests.test_api: Starting TestAPI.test_01_query_offset ... 
2026-02-09 10:05:47,741 1 INFO betopiaerp betopiaerp.addons.base.tests.test_api: Starting TestAPI.test_02_query_limit ... 
2026-02-09 10:05:47,742 1 INFO betopiaerp betopiaerp.addons.base.tests.test_api: Starting TestAPI.test_03_query_offset_limit ... 
2026-02-09 10:05:47,744 1 INFO betopiaerp betopiaerp.addons.base.tests.test_api: Starting TestAPI.test_04_query_count ... 
2026-02-09 10:05:47,745 1 INFO betopiaerp betopiaerp.addons.base.tests.test_api: Starting TestAPI.test_05_immutable ... 
2026-02-09 10:05:47,750 1 INFO betopiaerp betopiaerp.addons.base.tests.test_api: Starting TestAPI.test_06_fields ... 
2026-02-09 10:05:47,756 1 INFO betopiaerp betopiaerp.addons.base.tests.test_api: Starting TestAPI.test_07_null ... 
2026-02-09 10:05:47,758 1 INFO betopiaerp betopiaerp.addons.base.tests.test_api: Starting TestAPI.test_40_new_new ... 
2026-02-09 10:05:47,763 1 INFO betopiaerp betopiaerp.addons.base.tests.test_api: Starting TestAPI.test_45_new_new ... 
2026-02-09 10:05:47,770 1 INFO betopiaerp betopiaerp.addons.base.tests.test_api: Starting TestAPI.test_50_environment ... 
2026-02-09 10:05:47,807 1 INFO betopiaerp betopiaerp.addons.base.tests.test_api: Starting TestAPI.test_60_cache ... 
2026-02-09 10:05:47,849 1 INFO betopiaerp betopiaerp.addons.base.tests.test_api: Starting TestAPI.test_60_prefetch ... 
2026-02-09 10:05:47,851 1 INFO betopiaerp betopiaerp.addons.base.tests.test_api: Starting TestAPI.test_60_prefetch_model ... 
2026-02-09 10:05:47,859 1 INFO betopiaerp betopiaerp.addons.base.tests.test_api: Starting TestAPI.test_60_prefetch_read ... 
2026-02-09 10:05:47,865 1 INFO betopiaerp betopiaerp.addons.base.tests.test_api: Starting TestAPI.test_60_reversed ... 
2026-02-09 10:05:47,868 1 INFO betopiaerp betopiaerp.addons.base.tests.test_api: Starting TestAPI.test_70_one ... 
2026-02-09 10:05:47,870 1 INFO betopiaerp betopiaerp.addons.base.tests.test_api: Starting TestAPI.test_80_contains ... 
2026-02-09 10:05:47,871 1 INFO betopiaerp betopiaerp.addons.base.tests.test_api: Starting TestAPI.test_80_filter ... 
2026-02-09 10:05:47,873 1 INFO betopiaerp betopiaerp.addons.base.tests.test_api: Starting TestAPI.test_80_lazy_contains ... 
2026-02-09 10:05:47,874 1 INFO betopiaerp betopiaerp.addons.base.tests.test_api: Starting TestAPI.test_80_lazy_set_operations ... 
2026-02-09 10:05:47,877 1 INFO betopiaerp betopiaerp.addons.base.tests.test_api: Starting TestAPI.test_80_map ... 
2026-02-09 10:05:47,879 1 INFO betopiaerp betopiaerp.addons.base.tests.test_api: Starting TestAPI.test_80_set_operations ... 
2026-02-09 10:05:47,881 1 INFO betopiaerp betopiaerp.addons.base.tests.test_api: Starting TestAPI.test_80_sorted ... 
2026-02-09 10:05:47,883 1 INFO betopiaerp betopiaerp.addons.base.tests.test_api: Starting TestAPI.test_group_on ... 
2026-02-09 10:05:47,914 1 INFO betopiaerp betopiaerp.addons.base.models.ir_attachment: filestore gc 2 checked, 2 removed 
2026-02-09 10:05:47,916 1 INFO betopiaerp betopiaerp.addons.base.tests.test_avatar_mixin: Starting TestAvatarMixin.test_content_of_generated_partner_avatar ... 
2026-02-09 10:05:47,967 1 INFO betopiaerp betopiaerp.addons.base.tests.test_avatar_mixin: Starting TestAvatarMixin.test_external_partner_has_default_placeholder_image_as_avatar ... 
2026-02-09 10:05:48,001 1 INFO betopiaerp betopiaerp.addons.base.tests.test_avatar_mixin: Starting TestAvatarMixin.test_partner_and_user_have_the_same_avatar ... 
2026-02-09 10:05:48,029 1 INFO betopiaerp betopiaerp.addons.base.tests.test_avatar_mixin: Starting TestAvatarMixin.test_partner_has_avatar_even_if_it_has_no_image ... 
2026-02-09 10:05:48,056 1 INFO betopiaerp betopiaerp.addons.base.tests.test_avatar_mixin: Starting TestAvatarMixin.test_partner_without_name_has_default_placeholder_image_as_avatar ... 
2026-02-09 10:05:48,102 1 INFO betopiaerp betopiaerp.addons.base.models.ir_attachment: filestore gc 1 checked, 1 removed 
2026-02-09 10:05:48,103 1 INFO betopiaerp betopiaerp.addons.base.tests.test_barcode: Starting TestBarcode.test_barcode_check_digit ... 
2026-02-09 10:05:48,104 1 INFO betopiaerp betopiaerp.addons.base.tests.test_barcode: Starting TestBarcode.test_barcode_encoding ... 
2026-02-09 10:05:48,120 1 INFO betopiaerp betopiaerp.addons.base.models.ir_attachment: filestore gc 0 checked, 0 removed 
2026-02-09 10:05:48,121 1 INFO betopiaerp betopiaerp.addons.base.tests.test_base: Starting TestSafeEval.test_01_safe_eval ... 
2026-02-09 10:05:48,121 1 INFO betopiaerp betopiaerp.addons.base.tests.test_base: Starting TestSafeEval.test_02_literal_eval ... 
2026-02-09 10:05:48,121 1 INFO betopiaerp betopiaerp.addons.base.tests.test_base: Starting TestSafeEval.test_03_literal_eval_arithmetic ... 
2026-02-09 10:05:48,122 1 INFO betopiaerp betopiaerp.addons.base.tests.test_base: Starting TestSafeEval.test_04_literal_eval_forbidden ... 
2026-02-09 10:05:48,122 1 INFO betopiaerp betopiaerp.addons.base.tests.test_base: Starting TestSafeEval.test_05_safe_eval_forbiddon ... 
2026-02-09 10:05:48,123 1 INFO betopiaerp betopiaerp.addons.base.tests.test_base: Starting TestSafeEval.test_const ... 
2026-02-09 10:05:48,123 1 INFO betopiaerp betopiaerp.addons.base.tests.test_base: Starting TestSafeEval.test_expr ... 
2026-02-09 10:05:48,123 1 INFO betopiaerp betopiaerp.addons.base.tests.test_base: Starting TestSafeEval.test_expr_eval_opcodes ... 
2026-02-09 10:05:48,124 1 INFO betopiaerp betopiaerp.addons.base.tests.test_base: Starting TestSafeEval.test_runs_top_level_scope ... 
2026-02-09 10:05:48,124 1 INFO betopiaerp betopiaerp.addons.base.tests.test_base: Starting TestSafeEval.test_safe_eval_ctx_mutation ... 
2026-02-09 10:05:48,125 1 INFO betopiaerp betopiaerp.addons.base.tests.test_base: Starting TestSafeEval.test_safe_eval_ctx_no_builtins ... 
2026-02-09 10:05:48,125 1 INFO betopiaerp betopiaerp.addons.base.tests.test_base: Starting TestSafeEval.test_safe_eval_exec_opcodes ... 
2026-02-09 10:05:48,126 1 INFO betopiaerp betopiaerp.addons.base.tests.test_base: Starting TestSafeEval.test_safe_eval_opcodes ... 
2026-02-09 10:05:48,126 1 INFO betopiaerp betopiaerp.addons.base.tests.test_base: Starting TestSafeEval.test_safe_eval_strips ... 
2026-02-09 10:05:48,127 1 INFO betopiaerp betopiaerp.addons.base.tests.test_base: Starting TestParentStore.test_duplicate_children_01 ... 
2026-02-09 10:05:48,145 1 INFO betopiaerp betopiaerp.addons.base.tests.test_base: Starting TestParentStore.test_duplicate_children_02 ... 
2026-02-09 10:05:48,160 1 INFO betopiaerp betopiaerp.addons.base.tests.test_base: Starting TestParentStore.test_duplicate_children_03 ... 
2026-02-09 10:05:48,174 1 INFO betopiaerp betopiaerp.addons.base.tests.test_base: Starting TestParentStore.test_duplicate_parent ... 
2026-02-09 10:05:48,187 1 INFO betopiaerp betopiaerp.addons.base.tests.test_base: Starting TestParentStore.test_missing_child ... 
2026-02-09 10:05:48,230 1 INFO betopiaerp betopiaerp.addons.base.tests.test_base: Starting TestParentStore.test_missing_parent ... 
2026-02-09 10:05:48,255 1 INFO betopiaerp betopiaerp.addons.base.models.ir_attachment: filestore gc 0 checked, 0 removed 
2026-02-09 10:05:48,257 1 INFO betopiaerp betopiaerp.addons.base.tests.test_base: Starting TestGroups.test_apply_groups ... 
2026-02-09 10:05:48,272 1 INFO betopiaerp betopiaerp.addons.base.tests.test_base: Starting TestGroups.test_remove_groups ... 
2026-02-09 10:05:48,344 1 INFO betopiaerp betopiaerp.addons.base.tests.test_base: Starting TestGroups.test_res_group_copy ... 
2026-02-09 10:05:48,354 1 INFO betopiaerp betopiaerp.addons.base.tests.test_base: Starting TestGroups.test_res_group_has_cycle ... 
2026-02-09 10:05:48,382 1 INFO betopiaerp betopiaerp.addons.base.tests.test_base: Starting TestGroups.test_res_groups_fullname_search ... 
2026-02-09 10:05:48,421 1 INFO betopiaerp betopiaerp.addons.base.models.ir_attachment: filestore gc 2 checked, 2 removed 
2026-02-09 10:05:48,422 1 INFO betopiaerp betopiaerp.addons.base.tests.test_basecase: Starting TestSingleTransactionCase.test_00 ... 
2026-02-09 10:05:48,431 1 INFO betopiaerp betopiaerp.addons.base.tests.test_basecase: Starting TestSingleTransactionCase.test_01 ... 
2026-02-09 10:05:48,432 1 INFO betopiaerp betopiaerp.addons.base.tests.test_basecase: Starting TestSingleTransactionCase.test_20a ... 
2026-02-09 10:05:48,435 1 INFO betopiaerp betopiaerp.addons.base.tests.test_basecase: Starting TestSingleTransactionCase.test_20b ... 
2026-02-09 10:05:48,453 1 INFO betopiaerp betopiaerp.addons.base.tests.test_basecase: Starting TestTransactionCase.test_00 ... 
2026-02-09 10:05:48,461 1 INFO betopiaerp betopiaerp.addons.base.tests.test_basecase: Starting TestTransactionCase.test_01 ... 
2026-02-09 10:05:48,462 1 INFO betopiaerp betopiaerp.addons.base.tests.test_basecase: Starting TestTransactionCase.test_20a ... 
2026-02-09 10:05:48,467 1 INFO betopiaerp betopiaerp.addons.base.models.ir_attachment: filestore gc 0 checked, 0 removed 
2026-02-09 10:05:48,492 1 INFO betopiaerp betopiaerp.addons.base.tests.test_cache: Starting TestRecordCache.test_cache ... 
2026-02-09 10:05:48,498 1 INFO betopiaerp betopiaerp.addons.base.tests.test_cache: Starting TestRecordCache.test_memory ... 
2026-02-09 10:05:49,111 1 INFO betopiaerp betopiaerp.addons.base.models.ir_attachment: filestore gc 1 checked, 1 removed 
2026-02-09 10:05:49,112 1 INFO betopiaerp betopiaerp.addons.base.tests.test_cli: Starting TestCommand.test_docstring ... 
2026-02-09 10:05:49,904 1 INFO betopiaerp betopiaerp.addons.base.tests.test_cli: Starting TestCommand.test_help ... 
2026-02-09 10:05:54,406 1 INFO betopiaerp betopiaerp.addons.base.tests.test_cli: Starting TestCommand.test_help_subcommand ... 
2026-02-09 10:06:03,980 1 INFO betopiaerp betopiaerp.addons.base.tests.test_cli: Starting TestCommand.test_shell ... 
2026-02-09 10:06:05,416 1 INFO betopiaerp betopiaerp.addons.base.tests.test_cli: ====================================================================== 
2026-02-09 10:06:05,416 1 ERROR betopiaerp betopiaerp.addons.base.tests.test_cli: FAIL: TestCommand.test_shell
Traceback (most recent call last):
  File "/opt/betopiaerp/betopiaerp/addons/base/tests/test_cli.py", line 127, in test_shell
    self.assertFalse(shell.wait(), "exited with a non 0 code")
AssertionError: 1 is not false : exited with a non 0 code
 
2026-02-09 10:06:05,417 1 INFO betopiaerp betopiaerp.addons.base.tests.test_cli: Starting TestCommand.test_unknown_command ... 
2026-02-09 10:06:07,006 1 INFO betopiaerp betopiaerp.addons.base.tests.test_cli: Starting TestCommand.test_upgrade_code_example ... 
2026-02-09 10:07:21,322 1 INFO betopiaerp betopiaerp.addons.base.tests.test_cli: Starting TestCommand.test_upgrade_code_help ... 
2026-02-09 10:07:21,783 1 INFO betopiaerp betopiaerp.addons.base.tests.test_cli: Starting TestCommand.test_upgrade_code_standalone ... 
2026-02-09 10:07:21,864 1 INFO betopiaerp betopiaerp.addons.base.tests.test_cloc: Starting TestClocCustomization.test_cloc_exclude_xml_id ... 
2026-02-09 10:07:21,914 1 INFO betopiaerp betopiaerp.addons.base.tests.test_cloc: Starting TestClocCustomization.test_field_no_xml_id ... 
2026-02-09 10:07:21,962 1 INFO betopiaerp betopiaerp.addons.base.tests.test_cloc: Starting TestClocCustomization.test_ignore_auto_generated_computed_field ... 
2026-02-09 10:07:22,089 1 INFO betopiaerp betopiaerp.addons.base.tests.test_cloc: Starting TestClocCustomization.test_several_xml_id ... 
2026-02-09 10:07:22,110 1 INFO betopiaerp betopiaerp.addons.base.models.ir_attachment: filestore gc 0 checked, 0 removed 
2026-02-09 10:07:22,111 1 INFO betopiaerp betopiaerp.addons.base.tests.test_cloc: Starting TestClocParser.test_parser ... 
2026-02-09 10:07:22,113 1 INFO betopiaerp betopiaerp.addons.base.models.ir_attachment: filestore gc 0 checked, 0 removed 
2026-02-09 10:07:22,113 1 INFO betopiaerp betopiaerp.addons.base.tests.test_config_parameter: Starting TestIrConfigParameter.test_default_parameters ... 
2026-02-09 10:07:22,122 1 INFO betopiaerp betopiaerp.addons.base.models.ir_attachment: filestore gc 0 checked, 0 removed 
2026-02-09 10:07:22,123 1 INFO betopiaerp betopiaerp.addons.base.tests.test_configmanager: Starting TestConfigManager.test_00_setUp ... 
2026-02-09 10:07:22,131 1 INFO betopiaerp betopiaerp.addons.base.tests.test_configmanager: Starting TestConfigManager.test_01_default_config ... 
2026-02-09 10:07:22,141 1 INFO betopiaerp betopiaerp.addons.base.tests.test_configmanager: Starting TestConfigManager.test_02_config_file ... 
2026-02-09 10:07:22,170 1 INFO betopiaerp betopiaerp.addons.base.tests.test_configmanager: ====================================================================== 
2026-02-09 10:07:22,170 1 ERROR betopiaerp betopiaerp.addons.base.tests.test_configmanager: FAIL: TestConfigManager.test_02_config_file
Traceback (most recent call last):
  File "/opt/betopiaerp/betopiaerp/addons/base/tests/test_configmanager.py", line 42, in assertConfigEqual
    self.assertEqual(dict(self.config.options), truth)
  File "/usr/local/lib/python3.12/unittest/case.py", line 885, in assertEqual
    assertion_func(first, second, msg=msg)
  File "/usr/local/lib/python3.12/unittest/case.py", line 1184, in assertDictEqual
    self.fail(self._formatMessage(msg, standardMsg))
AssertionError: {'adm[98 chars]se, 'import_file_maxbytes': 10485760, 'import_[2251 chars] 100} != {'adm[98 chars]se, 'proxy_access_token': '', 'publisher_warra[2251 chars] 100}
  {'addons_path': [],
   'admin_passwd': 'Tigrou007',
   'bin_path': '',
   'config': '/opt/betopiaerp/betopiaerp/addons/base/tests/config/non_default.conf',
   'csv_internal_sep': '@',
   'data_dir': '/tmp/data-dir',
   'db_app_name': 'BetopiaERP-{pid}',
   'db_host': 'db.localhost',
   'db_maxconn': 42,
   'db_maxconn_gevent': 100,
   'db_name': ['horizon'],
   'db_password': 'Tigrou0073',
   'db_port': 4269,
   'db_replica_host': 'db2.localhost',
   'db_replica_port': 2038,
   'db_sslmode': 'verify-full',
   'db_template': 'backup1706',
   'db_user': 'kiwi',
   'dbfilter': '.*',
   'default_productivity_apps': False,
   'dev_mode': ['xml'],
   'email_from': 'admin@example.com',
   'from_filter': '.*',
   'geoip_city_db': '/tmp/city.db',
   'geoip_country_db': '/tmp/country.db',
   'gevent_port': 8012,
   'http_enable': False,
   'http_interface': '10.0.0.254',
   'http_port': 6942,
   'import_file_maxbytes': 10485760,
   'import_file_timeout': 3,
   'import_partial': '',
   'import_url_regex': '^(?:http|https)://',
   'init': {},
   'limit_memory_hard': 1048578,
   'limit_memory_hard_gevent': 1048579,
   'limit_memory_soft': 1048576,
   'limit_memory_soft_gevent': 1048577,
   'limit_request': 100,
   'limit_time_cpu': 60,
   'limit_time_real': 61,
   'limit_time_real_cron': 62,
   'limit_time_worker_cron': 600,
   'list_db': False,
   'load_language': 'fr_FR',
   'log_db': 'logdb',
   'log_db_level': 'debug',
   'log_handler': [':DEBUG'],
   'log_level': 'debug',
-  'logfile': '/tmp/BetopiaERP.log',
?                   ^      ^^^

+  'logfile': '/tmp/betopiaerp.log',
?                   ^      ^^^

   'max_cron_threads': 4,
   'osv_memory_count_limit': 71,
   'overwrite_existing_translations': False,
   'pg_path': '/tmp/pg_path',
   'pidfile': '/tmp/pidfile',
   'pre_upgrade_scripts': [],
   'proxy_access_token': '',
   'proxy_mode': True,
   'publisher_warranty_url': 'http://example.com',
   'reinit': [],
   'reportgz': True,
   'save': False,
   'screencasts': '/tmp/screencasts',
   'screenshots': '/tmp/screenshots',
   'server_wide_modules': ['web', 'base', 'mail'],
   'skip_auto_install': False,
   'smtp_password': 'Tigrou0072',
   'smtp_port': 1299,
   'smtp_server': 'smtp.localhost',
   'smtp_ssl': True,
   'smtp_ssl_certificate_filename': '/tmp/tlscert',
   'smtp_ssl_private_key_filename': '/tmp/tlskey',
   'smtp_user': 'spongebob',
   'stop_after_init': False,
   'syslog': False,
   'test_enable': False,
   'test_file': '',
   'test_tags': None,
   'transient_age_limit': 4.0,
   'unaccent': True,
   'update': {},
   'upgrade_path': [],
   'websocket_keep_alive_timeout': 600,
   'websocket_rate_limit_burst': 1,
   'websocket_rate_limit_delay': 2.0,
   'with_demo': True,
   'workers': 92,
   'x_sendfile': True}

The above exception was the direct cause of the following exception:

Traceback (most recent call last):
  File "/opt/betopiaerp/betopiaerp/addons/base/tests/test_configmanager.py", line 181, in test_02_config_file
    self.assertConfigEqual({
  File "/opt/betopiaerp/betopiaerp/addons/base/tests/test_configmanager.py", line 50, in assertConfigEqual
    raise exc2 from exc1
  File "/opt/betopiaerp/betopiaerp/addons/base/tests/test_configmanager.py", line 46, in assertConfigEqual
    self.assertEqual(self.config.options[k], truth[k], f"{k!r} doesn't match")
AssertionError: '/tmp/BetopiaERP.log' != '/tmp/betopiaerp.log'
- /tmp/BetopiaERP.log
?      ^      ^^^
+ /tmp/betopiaerp.log
?      ^      ^^^
 : 'logfile' doesn't match
{'source#0': , 'runtime': , 'command line': , 'environment variable': , 'configuration file': '/tmp/BetopiaERP.log', 'hardcoded default': ''}
 
2026-02-09 10:07:22,171 1 INFO betopiaerp betopiaerp.addons.base.tests.test_configmanager: Starting TestConfigManager.test_03_save_default_options ... 
2026-02-09 10:07:22,187 1 INFO betopiaerp betopiaerp.addons.base.tests.test_configmanager: Starting TestConfigManager.test_04_BetopiaERP16_config_file ... 
2026-02-09 10:07:22,209 1 INFO betopiaerp betopiaerp.addons.base.tests.test_configmanager: Starting TestConfigManager.test_05_repeat_parse_config ... 
2026-02-09 10:07:22,240 1 INFO betopiaerp betopiaerp.addons.base.tests.test_configmanager: Starting TestConfigManager.test_06_cli ... 
2026-02-09 10:07:22,258 1 INFO betopiaerp betopiaerp.addons.base.tests.test_configmanager: ====================================================================== 
2026-02-09 10:07:22,259 1 ERROR betopiaerp betopiaerp.addons.base.tests.test_configmanager: ERROR: TestConfigManager.test_06_cli
Traceback (most recent call last):
  File "/opt/betopiaerp/betopiaerp/addons/base/tests/test_configmanager.py", line 475, in test_06_cli
    self.config._parse_config(file.read().split())
  File "/opt/betopiaerp/betopiaerp/tools/config.py", line 594, in _parse_config
    self.parser.error(f"unrecognized parameters: {' '.join(unknown_args)}")
  File "/usr/local/lib/python3.12/optparse.py", line 1569, in error
    self.exit(2, "%s: error: %s\n" % (self.get_prog_name(), msg))
  File "/usr/local/lib/python3.12/optparse.py", line 1559, in exit
    sys.exit(status)
SystemExit: 2
 
2026-02-09 10:07:22,260 1 INFO betopiaerp betopiaerp.addons.base.tests.test_configmanager: Starting TestConfigManager.test_06_syslog_logfile_exclusive_cli ... 
2026-02-09 10:07:22,293 1 INFO betopiaerp betopiaerp.addons.base.tests.test_configmanager: Starting TestConfigManager.test_07_environ ... 
2026-02-09 10:07:22,311 1 INFO betopiaerp betopiaerp.tools.config: adding missing 'web' to --load/server_wide_modules 
2026-02-09 10:07:22,315 1 INFO betopiaerp betopiaerp.addons.base.tests.test_configmanager: ====================================================================== 
2026-02-09 10:07:22,315 1 ERROR betopiaerp betopiaerp.addons.base.tests.test_configmanager: FAIL: TestConfigManager.test_07_environ
Traceback (most recent call last):
  File "/opt/betopiaerp/betopiaerp/addons/base/tests/test_configmanager.py", line 42, in assertConfigEqual
    self.assertEqual(dict(self.config.options), truth)
  File "/usr/local/lib/python3.12/unittest/case.py", line 885, in assertEqual
    assertion_func(first, second, msg=msg)
  File "/usr/local/lib/python3.12/unittest/case.py", line 1184, in assertDictEqual
    self.fail(self._formatMessage(msg, standardMsg))
AssertionError: {'adm[94 chars]se, 'import_file_maxbytes': 10485760, 'import_[2311 chars] 100} != {'adm[94 chars]se, 'proxy_access_token': '', 'publisher_warra[2310 chars] 100}
  {'addons_path': [],
   'admin_passwd': 'admin',
   'bin_path': '',
   'config': '/opt/betopiaerp/betopiaerp/addons/base/tests/config/empty.conf',
   'csv_internal_sep': ',',
   'data_dir': '/tmp/data-dir',
   'db_app_name': 'envapp',
   'db_host': 'db.localhost',
   'db_maxconn': 42,
   'db_maxconn_gevent': 100,
   'db_name': ['horizon'],
   'db_password': 'Tigrou0073',
   'db_port': 4269,
   'db_replica_host': 'db2.localhost',
   'db_replica_port': 2038,
   'db_sslmode': 'verify-full',
   'db_template': 'backup1706',
   'db_user': 'kiwi',
   'dbfilter': '.*',
   'default_productivity_apps': False,
   'dev_mode': ['xml', 'reload'],
   'email_from': 'admin@example.com',
   'from_filter': '.*',
   'geoip_city_db': '/tmp/city.db',
   'geoip_country_db': '/tmp/country.db',
   'gevent_port': 8012,
   'http_enable': False,
   'http_interface': '10.0.0.254',
   'http_port': 6942,
   'import_file_maxbytes': 10485760,
   'import_file_timeout': 3,
   'import_partial': '',
   'import_url_regex': '^(?:http|https)://',
   'init': {},
   'limit_memory_hard': 1048578,
   'limit_memory_hard_gevent': 1048579,
   'limit_memory_soft': 1048576,
   'limit_memory_soft_gevent': 1048577,
   'limit_request': 100,
   'limit_time_cpu': 60,
   'limit_time_real': 61,
   'limit_time_real_cron': 62,
   'limit_time_worker_cron': 0,
   'list_db': False,
   'load_language': None,
   'log_db': 'logdb',
   'log_db_level': 'debug',
-  'log_handler': [':WARNING', 'BetopiaERP.tools.config:DEBUG'],
?                               ^      ^^^

+  'log_handler': [':WARNING', 'betopiaerp.tools.config:DEBUG'],
?                               ^      ^^^

   'log_level': 'debug',
-  'logfile': '/tmp/BetopiaERP.log',
?                   ^      ^^^

+  'logfile': '/tmp/betopiaerp.log',
?                   ^      ^^^

   'max_cron_threads': 4,
   'osv_memory_count_limit': 71,
   'overwrite_existing_translations': False,
   'pg_path': '/tmp/pg_path',
   'pidfile': '/tmp/pidfile',
   'pre_upgrade_scripts': [],
   'proxy_access_token': '',
   'proxy_mode': True,
   'publisher_warranty_url': 'http://services.betopiaerp.com/publisher-warranty/',
   'reinit': [],
   'reportgz': False,
   'save': False,
   'screencasts': '/tmp/screencasts',
   'screenshots': '/tmp/screenshots',
   'server_wide_modules': ['web', 'base', 'mail'],
   'skip_auto_install': False,
   'smtp_password': 'Tigrou0072',
   'smtp_port': 1299,
   'smtp_server': 'smtp.localhost',
   'smtp_ssl': True,
   'smtp_ssl_certificate_filename': '/tmp/tlscert',
   'smtp_ssl_private_key_filename': '/tmp/tlskey',
   'smtp_user': 'spongebob',
   'stop_after_init': False,
   'syslog': False,
   'test_enable': False,
   'test_file': '',
   'test_tags': None,
   'transient_age_limit': 4.0,
   'unaccent': True,
   'update': {},
   'upgrade_path': [],
   'websocket_keep_alive_timeout': 3600,
   'websocket_rate_limit_burst': 10,
   'websocket_rate_limit_delay': 0.2,
-  'with_demo': False,
?               ^^^^

+  'with_demo': True,
?               ^^^

   'workers': 92,
   'x_sendfile': True}

The above exception was the direct cause of the following exception:

Traceback (most recent call last):
  File "/opt/betopiaerp/betopiaerp/addons/base/tests/test_configmanager.py", line 607, in test_07_environ
    self.assertConfigEqual({
  File "/opt/betopiaerp/betopiaerp/addons/base/tests/test_configmanager.py", line 50, in assertConfigEqual
    raise exc2 from exc1
  File "/opt/betopiaerp/betopiaerp/addons/base/tests/test_configmanager.py", line 46, in assertConfigEqual
    self.assertEqual(self.config.options[k], truth[k], f"{k!r} doesn't match")
AssertionError: False != True : 'with_demo' doesn't match
{'source#0': , 'runtime': , 'command line': , 'environment variable': , 'configuration file': , 'hardcoded default': False}
 
2026-02-09 10:07:22,316 1 INFO betopiaerp betopiaerp.addons.base.tests.test_configmanager: Starting TestConfigManager.test_10_init_update_incompatible_with_multidb ... 
2026-02-09 10:07:22,367 1 INFO betopiaerp betopiaerp.addons.base.tests.test_configmanager: Starting TestConfigManager.test_11_auto_stop_after_init_after_test ... 
2026-02-09 10:07:22,414 1 INFO betopiaerp betopiaerp.addons.base.tests.test_configmanager: Starting TestConfigManager.test_13_empty_db_replica_host ... 
2026-02-09 10:07:22,471 1 INFO betopiaerp betopiaerp.addons.base.models.ir_attachment: filestore gc 0 checked, 0 removed 
2026-02-09 10:07:22,472 1 INFO betopiaerp betopiaerp.addons.base.tests.test_date_utils: Starting TestDateUtils.test_fiscal_year ... 
2026-02-09 10:07:22,473 1 INFO betopiaerp betopiaerp.addons.base.tests.test_date_utils: Starting TestDateUtils.test_localized_timezone ... 
2026-02-09 10:07:22,526 1 INFO betopiaerp betopiaerp.addons.base.tests.test_date_utils: Starting TestDateUtils.test_offset_utils ... 
2026-02-09 10:07:22,528 1 INFO betopiaerp betopiaerp.addons.base.tests.test_date_utils: Starting TestDateUtils.test_parse_date ... 
2026-02-09 10:07:22,529 1 INFO betopiaerp betopiaerp.addons.base.tests.test_date_utils: Starting TestDateUtils.test_parse_date_relative_tz ... 
2026-02-09 10:07:22,537 1 INFO betopiaerp betopiaerp.addons.base.tests.test_date_utils: Starting TestDateUtils.test_parse_date_relative_utc ... 
2026-02-09 10:07:22,554 1 INFO betopiaerp betopiaerp.addons.base.tests.test_date_utils: Starting TestDateUtils.test_parse_iso_date ... 
2026-02-09 10:07:22,557 1 INFO betopiaerp betopiaerp.addons.base.models.ir_attachment: filestore gc 0 checked, 0 removed 
2026-02-09 10:07:22,557 1 INFO betopiaerp betopiaerp.addons.base.tests.test_date_utils: Starting TestDateRangeFunction.test_date_range_with_date ... 
2026-02-09 10:07:22,558 1 INFO betopiaerp betopiaerp.addons.base.tests.test_date_utils: Starting TestDateRangeFunction.test_date_range_with_hour ... 
2026-02-09 10:07:22,558 1 INFO betopiaerp betopiaerp.addons.base.tests.test_date_utils: Starting TestDateRangeFunction.test_date_range_with_inconsistent_datetimes ... 
2026-02-09 10:07:22,559 1 INFO betopiaerp betopiaerp.addons.base.tests.test_date_utils: Starting TestDateRangeFunction.test_date_range_with_mismatching_zones ... 
2026-02-09 10:07:22,559 1 INFO betopiaerp betopiaerp.addons.base.tests.test_date_utils: Starting TestDateRangeFunction.test_date_range_with_naive_datetimes ... 
2026-02-09 10:07:22,560 1 INFO betopiaerp betopiaerp.addons.base.tests.test_date_utils: Starting TestDateRangeFunction.test_date_range_with_timezone_aware_datetimes_other_than_utc ... 
2026-02-09 10:07:22,560 1 INFO betopiaerp betopiaerp.addons.base.tests.test_date_utils: Starting TestDateRangeFunction.test_step_is_positive ... 
2026-02-09 10:07:22,561 1 INFO betopiaerp betopiaerp.addons.base.tests.test_db_cursor: Starting TestRealCursor.test_connection_readonly ... 
2026-02-09 10:07:22,568 1 INFO betopiaerp betopiaerp.addons.base.tests.test_db_cursor: Starting TestRealCursor.test_execute_bad_params ... 
2026-02-09 10:07:22,568 1 INFO betopiaerp betopiaerp.addons.base.tests.test_db_cursor: Starting TestRealCursor.test_multiple_close_call_cursor ... 
2026-02-09 10:07:22,569 1 INFO betopiaerp betopiaerp.addons.base.tests.test_db_cursor: Starting TestRealCursor.test_transaction_isolation_cursor ... 
2026-02-09 10:07:22,569 1 INFO betopiaerp betopiaerp.addons.base.tests.test_db_cursor: Starting TestRealCursor.test_using_closed_cursor ... 
2026-02-09 10:07:22,572 1 INFO betopiaerp betopiaerp.addons.base.tests.test_db_cursor: Starting TestHTTPCursor.test_call_kw_readonly ... 
2026-02-09 10:07:22,575 1 INFO betopiaerp betopiaerp.addons.base.models.res_users: Login successful for login:admin from n/a 
2026-02-09 10:07:22,581 1 INFO betopiaerp betopiaerp.addons.base.models.ir_http: Generating routing map for key None 
2026-02-09 10:07:22,588 1 INFO betopiaerp betopiaerp.tests.common: Skipping signal changes during tests 
2026-02-09 10:07:22,589 1 INFO betopiaerp werkzeug: 127.0.0.1 - - [09/Feb/2026 10:07:22] "POST /web/dataset/call_kw#res.partner.read HTTP/1.1" 200 - 2 0.000 0.008
2026-02-09 10:07:22,592 1 INFO betopiaerp betopiaerp.tests.common: Skipping signal changes during tests 
2026-02-09 10:07:22,593 1 INFO betopiaerp werkzeug: 127.0.0.1 - - [09/Feb/2026 10:07:22] "POST /web/dataset/call_kw#res.partner.write HTTP/1.1" 200 - 0 0.000 0.001
2026-02-09 10:07:22,594 1 INFO betopiaerp betopiaerp.addons.base.tests.test_db_cursor: Starting TestHTTPCursor.test_cursor_keeps_readwriteness ... 
2026-02-09 10:07:22,597 1 INFO betopiaerp betopiaerp.addons.base.models.ir_attachment: filestore gc 0 checked, 0 removed 
2026-02-09 10:07:22,597 1 INFO betopiaerp betopiaerp.addons.base.tests.test_db_cursor: Starting TestTestCursor.test_borrow_connection ... 
2026-02-09 10:07:22,613 1 INFO betopiaerp betopiaerp.addons.base.tests.test_db_cursor: Starting TestTestCursor.test_interleaving ... 
2026-02-09 10:07:22,620 1 INFO betopiaerp betopiaerp.addons.base.tests.test_db_cursor: Starting TestTestCursor.test_single_cursor ... 
2026-02-09 10:07:22,630 1 INFO betopiaerp betopiaerp.addons.base.tests.test_db_cursor: Starting TestTestCursor.test_sub_commit ... 
2026-02-09 10:07:22,641 1 INFO betopiaerp betopiaerp.addons.base.tests.test_db_cursor: Starting TestTestCursor.test_sub_rollback ... 
2026-02-09 10:07:22,652 1 INFO betopiaerp betopiaerp.addons.base.models.ir_attachment: filestore gc 0 checked, 0 removed 
2026-02-09 10:07:22,653 1 INFO betopiaerp betopiaerp.addons.base.tests.test_db_cursor: Starting TestCursorHooks.test_hooks_on_cursor ... 
2026-02-09 10:07:22,654 1 INFO betopiaerp betopiaerp.addons.base.tests.test_db_cursor: Starting TestCursorHooks.test_hooks_on_testcursor ... 
2026-02-09 10:07:22,656 1 INFO betopiaerp betopiaerp.addons.base.models.ir_attachment: filestore gc 0 checked, 0 removed 
2026-02-09 10:07:22,656 1 INFO betopiaerp betopiaerp.addons.base.tests.test_db_cursor: Starting TestCursorHooksTransactionCaseCleanup.test_1_isolation ... 
2026-02-09 10:07:22,657 1 INFO betopiaerp betopiaerp.addons.base.tests.test_db_cursor: Starting TestCursorHooksTransactionCaseCleanup.test_2_isolation ... 
2026-02-09 10:07:22,658 1 INFO betopiaerp betopiaerp.addons.base.tests.test_db_cursor: Starting TestCursorHooksTransactionCaseCleanup.test_3_isolation ... 
2026-02-09 10:07:22,658 1 INFO betopiaerp betopiaerp.addons.base.tests.test_db_cursor: Starting TestCursorHooksTransactionCaseCleanup.test_4_isolation ... 
2026-02-09 10:07:22,659 1 INFO betopiaerp betopiaerp.addons.base.tests.test_db_cursor: Starting TestCursorHooksTransactionCaseCleanup.test_5_isolation ... 
2026-02-09 10:07:22,660 1 INFO betopiaerp betopiaerp.addons.base.models.ir_attachment: filestore gc 0 checked, 0 removed 
2026-02-09 10:07:22,722 1 INFO betopiaerp betopiaerp.addons.base.tests.test_expression: Starting TestExpression.test_00_in_not_in_m2m ... 
2026-02-09 10:07:22,758 1 INFO betopiaerp betopiaerp.addons.base.tests.test_expression: Starting TestExpression.test_05_not_str_m2m ... 
2026-02-09 10:07:22,789 1 INFO betopiaerp betopiaerp.addons.base.tests.test_expression: Starting TestExpression.test_09_hierarchy_filtered_domain ... 
2026-02-09 10:07:22,798 1 INFO betopiaerp betopiaerp.addons.base.tests.test_expression: Starting TestExpression.test_10_eq_lt_gt_lte_gte ... 
2026-02-09 10:07:22,809 1 INFO betopiaerp betopiaerp.addons.base.tests.test_expression: Starting TestExpression.test_10_equivalent_id ... 
2026-02-09 10:07:22,829 1 INFO betopiaerp betopiaerp.addons.base.tests.test_expression: Starting TestExpression.test_10_hierarchy_access ... 
2026-02-09 10:07:22,860 1 INFO betopiaerp betopiaerp.addons.base.tests.test_expression: Starting TestExpression.test_10_hierarchy_in_m2m ... 
2026-02-09 10:07:22,881 1 INFO betopiaerp betopiaerp.addons.base.tests.test_expression: Starting TestExpression.test_15_equivalent_one2many_1 ... 
2026-02-09 10:07:23,011 1 INFO betopiaerp betopiaerp.addons.base.tests.test_expression: Starting TestExpression.test_15_equivalent_one2many_2 ... 
2026-02-09 10:07:23,037 1 INFO betopiaerp betopiaerp.addons.base.tests.test_expression: Starting TestExpression.test_15_hierarchy_ilike ... 
2026-02-09 10:07:23,114 1 INFO betopiaerp betopiaerp.addons.base.tests.test_expression: Starting TestExpression.test_15_m2m_false ... 
2026-02-09 10:07:23,119 1 INFO betopiaerp betopiaerp.addons.base.tests.test_expression: Starting TestExpression.test_15_m2o ... 
2026-02-09 10:07:23,224 1 INFO betopiaerp betopiaerp.addons.base.tests.test_expression: Starting TestExpression.test_15_o2m ... 
2026-02-09 10:07:23,235 1 INFO betopiaerp betopiaerp.addons.base.tests.test_expression: Starting TestExpression.test_15_o2m_subselect ... 
2026-02-09 10:07:23,251 1 INFO betopiaerp betopiaerp.addons.base.tests.test_expression: Starting TestExpression.test_20_expression_parse ... 
2026-02-09 10:07:23,290 1 INFO betopiaerp betopiaerp.addons.base.tests.test_expression: Starting TestExpression.test_30_instantiate_domain ... 
2026-02-09 10:07:23,293 1 INFO betopiaerp betopiaerp.addons.base.tests.test_expression: Starting TestExpression.test_30_normalize_domain ... 
2026-02-09 10:07:23,295 1 INFO betopiaerp betopiaerp.addons.base.tests.test_expression: Starting TestExpression.test_31_backwards_compatible_domain ... 
2026-02-09 10:07:23,297 1 INFO betopiaerp betopiaerp.addons.base.tests.test_expression: Starting TestExpression.test_32_iter_conditions ... 
2026-02-09 10:07:23,298 1 INFO betopiaerp betopiaerp.addons.base.tests.test_expression: Starting TestExpression.test_33_map_conditions ... 
2026-02-09 10:07:23,299 1 INFO betopiaerp betopiaerp.addons.base.tests.test_expression: Starting TestExpression.test_35_negating_thruty_leafs ... 
2026-02-09 10:07:23,300 1 INFO betopiaerp betopiaerp.addons.base.tests.test_expression: Starting TestExpression.test_40_negating_long_expression ... 
2026-02-09 10:07:23,305 1 INFO betopiaerp betopiaerp.addons.base.tests.test_expression: Starting TestExpression.test_40_negating_traversal ... 
2026-02-09 10:07:23,306 1 INFO betopiaerp betopiaerp.addons.base.tests.test_expression: Starting TestExpression.test_accent ... 
2026-02-09 10:07:23,306 1 INFO betopiaerp betopiaerp.addons.base.tests.test_expression: skipped TestExpression.test_accent : unaccent not enabled 
2026-02-09 10:07:23,307 1 INFO betopiaerp betopiaerp.addons.base.tests.test_expression: Starting TestExpression.test_active ... 
2026-02-09 10:07:23,324 1 INFO betopiaerp betopiaerp.addons.base.tests.test_expression: Starting TestExpression.test_combine_conditions ... 
2026-02-09 10:07:23,325 1 INFO betopiaerp betopiaerp.addons.base.tests.test_expression: Starting TestExpression.test_combine_simple_conditions ... 
2026-02-09 10:07:23,326 1 INFO betopiaerp betopiaerp.addons.base.tests.test_expression: Starting TestExpression.test_filtered_domain_any_bypass_access ... 
2026-02-09 10:07:23,331 1 INFO betopiaerp betopiaerp.models.unlink: User #1 deleted ir.model.data records with IDs: [9400, 9399, 9398, 7592, 7590, 7591, 7589, 3954, 3952, 3953, 3949, 3938, 3956, 3955, 3934, 3933, 3939, 3940, 3941, 3935, 3961, 3943, 3945, 3942, 3944, 3937, 3936, 3932, 3931, 3946, 3930, 3947, 3948, 3950, 3951, 3957, 3958, 3959, 3960, 10479, 7480, 7479] 
2026-02-09 10:07:23,331 1 INFO betopiaerp betopiaerp.models.unlink: User #1 deleted ir.rule records with IDs: [33, 34, 21, 22, 1, 17, 23, 24, 25, 18, 19, 7, 2, 3, 30, 31, 28, 29, 8, 13, 14, 15, 16, 32, 6, 10, 11, 12, 26, 27, 4, 5, 42, 9, 20, 35, 36, 37, 38, 40, 39, 41] 
2026-02-09 10:07:23,346 1 INFO betopiaerp betopiaerp.addons.base.tests.test_expression: Starting TestExpression.test_filtered_domain_any_operator ... 
2026-02-09 10:07:23,358 1 INFO betopiaerp betopiaerp.addons.base.tests.test_expression: Starting TestExpression.test_filtered_domain_order ... 
2026-02-09 10:07:23,362 1 INFO betopiaerp betopiaerp.addons.base.tests.test_expression: Starting TestExpression.test_filtered_domain_order2 ... 
2026-02-09 10:07:23,363 1 INFO betopiaerp betopiaerp.addons.base.tests.test_expression: Starting TestExpression.test_in_boolean ... 
2026-02-09 10:07:23,365 1 INFO betopiaerp betopiaerp.addons.base.tests.test_expression: Starting TestExpression.test_in_operator ... 
2026-02-09 10:07:23,367 1 INFO betopiaerp betopiaerp.addons.base.tests.test_expression: Starting TestExpression.test_invalid ... 
2026-02-09 10:07:23,369 1 INFO betopiaerp betopiaerp.addons.base.tests.test_expression: Starting TestExpression.test_like_cast ... 
2026-02-09 10:07:23,387 1 INFO betopiaerp betopiaerp.addons.base.tests.test_expression: Starting TestExpression.test_like_complement_m2o_access ... 
2026-02-09 10:07:23,400 1 INFO betopiaerp betopiaerp.models.unlink: User #1 deleted ir.model.data records with IDs: [9400, 9399, 9398, 7592, 7590, 7591, 7589, 3954, 3952, 3953, 3949, 3938, 3956, 3955, 3934, 3933, 3939, 3940, 3941, 3935, 3961, 3943, 3945, 3942, 3944, 3937, 3936, 3932, 3931, 3946, 3930, 3947, 3948, 3950, 3951, 3957, 3958, 3959, 3960, 10479, 7480, 7479] 
2026-02-09 10:07:23,400 1 INFO betopiaerp betopiaerp.models.unlink: User #1 deleted ir.rule records with IDs: [33, 34, 21, 22, 1, 17, 23, 24, 25, 18, 19, 7, 2, 3, 30, 31, 28, 29, 8, 13, 14, 15, 16, 32, 6, 10, 11, 12, 26, 27, 4, 5, 42, 9, 20, 35, 36, 37, 38, 40, 39, 41] 
2026-02-09 10:07:23,415 1 INFO betopiaerp betopiaerp.addons.base.models.ir_rule: Access Denied by record rules for operation: read on record ids: [882], uid: 214, model: res.partner 
2026-02-09 10:07:23,419 1 INFO betopiaerp betopiaerp.addons.base.models.ir_rule: Access Denied by record rules for operation: read on record ids: [882], uid: 214, model: res.partner 
2026-02-09 10:07:23,424 1 INFO betopiaerp betopiaerp.addons.base.models.ir_rule: Access Denied by record rules for operation: read on record ids: [882], uid: 214, model: res.partner 
2026-02-09 10:07:23,426 1 INFO betopiaerp betopiaerp.addons.base.models.ir_rule: Access Denied by record rules for operation: read on record ids: [882], uid: 214, model: res.partner 
2026-02-09 10:07:23,427 1 INFO betopiaerp betopiaerp.addons.base.tests.test_expression: Starting TestExpression.test_like_filtered ... 
2026-02-09 10:07:23,439 1 INFO betopiaerp betopiaerp.addons.base.tests.test_expression: Starting TestExpression.test_like_wildcards ... 
2026-02-09 10:07:23,450 1 INFO betopiaerp betopiaerp.addons.base.tests.test_expression: Starting TestExpression.test_lp1071710 ... 
2026-02-09 10:07:23,468 1 INFO betopiaerp betopiaerp.addons.base.tests.test_expression: Starting TestExpression.test_negate_conditions ... 
2026-02-09 10:07:23,469 1 INFO betopiaerp betopiaerp.addons.base.tests.test_expression: Starting TestExpression.test_or_with_implicit_and ... 
2026-02-09 10:07:23,470 1 INFO betopiaerp betopiaerp.addons.base.tests.test_expression: Starting TestExpression.test_proper_combine_unit_leaves ... 
2026-02-09 10:07:23,470 1 INFO betopiaerp betopiaerp.addons.base.tests.test_expression: Starting TestExpression.test_translate_search ... 
2026-02-09 10:07:23,480 1 INFO betopiaerp betopiaerp.addons.base.models.ir_attachment: filestore gc 9 checked, 6 removed 
2026-02-09 10:07:23,481 1 INFO betopiaerp betopiaerp.addons.base.tests.test_expression: Starting TestExpression2.test_long_table_alias ... 
2026-02-09 10:07:23,483 1 INFO betopiaerp betopiaerp.addons.base.models.ir_attachment: filestore gc 0 checked, 0 removed 
2026-02-09 10:07:23,484 1 INFO betopiaerp betopiaerp.addons.base.tests.test_expression: Starting TestBypassAccess.test_bypass_search_access ... 
2026-02-09 10:07:23,543 1 INFO betopiaerp betopiaerp.addons.base.tests.test_expression: Starting TestBypassAccess.test_nullfields ... 
2026-02-09 10:07:23,548 1 INFO betopiaerp betopiaerp.addons.base.models.ir_attachment: filestore gc 0 checked, 0 removed 
2026-02-09 10:07:23,549 1 INFO betopiaerp betopiaerp.addons.base.tests.test_expression: Starting TestQueries.test_access_rules ... 
2026-02-09 10:07:23,562 1 INFO betopiaerp betopiaerp.addons.base.tests.test_expression: Starting TestQueries.test_access_rules_active_test ... 
2026-02-09 10:07:23,578 1 INFO betopiaerp betopiaerp.addons.base.tests.test_expression: Starting TestQueries.test_access_rules_active_test_neg ... 
2026-02-09 10:07:23,583 1 INFO betopiaerp betopiaerp.models.unlink: User #1 deleted ir.model.data records with IDs: [9400, 9399, 9398, 7592, 7590, 7591, 7589, 3954, 3952, 3953, 3949, 3938, 3956, 3955, 3934, 3933, 3939, 3940, 3941, 3935, 3961, 3943, 3945, 3942, 3944, 3937, 3936, 3932, 3931, 3946, 3930, 3947, 3948, 3950, 3951, 3957, 3958, 3959, 3960, 10479, 7480, 7479] 
2026-02-09 10:07:23,583 1 INFO betopiaerp betopiaerp.models.unlink: User #1 deleted ir.rule records with IDs: [33, 34, 21, 22, 1, 17, 23, 24, 25, 18, 19, 7, 2, 3, 30, 31, 28, 29, 8, 13, 14, 15, 16, 32, 6, 10, 11, 12, 26, 27, 4, 5, 42, 9, 20, 35, 36, 37, 38, 40, 39, 41] 
2026-02-09 10:07:23,593 1 INFO betopiaerp betopiaerp.addons.base.tests.test_expression: Starting TestQueries.test_count ... 
2026-02-09 10:07:23,594 1 INFO betopiaerp betopiaerp.addons.base.tests.test_expression: Starting TestQueries.test_count_limit ... 
2026-02-09 10:07:23,595 1 INFO betopiaerp betopiaerp.addons.base.tests.test_expression: Starting TestQueries.test_logic ... 
2026-02-09 10:07:23,597 1 INFO betopiaerp betopiaerp.addons.base.tests.test_expression: Starting TestQueries.test_order ... 
2026-02-09 10:07:23,600 1 INFO betopiaerp betopiaerp.addons.base.tests.test_expression: Starting TestQueries.test_rec_names_search ... 
2026-02-09 10:07:23,603 1 INFO betopiaerp betopiaerp.addons.base.tests.test_expression: Starting TestQueries.test_translated_field ... 
2026-02-09 10:07:23,607 1 INFO betopiaerp betopiaerp.addons.base.models.ir_attachment: filestore gc 0 checked, 0 removed 
2026-02-09 10:07:23,608 1 INFO betopiaerp betopiaerp.addons.base.tests.test_expression: Starting TestMany2one.test_complement_regular ... 
2026-02-09 10:07:23,610 1 INFO betopiaerp betopiaerp.addons.base.tests.test_expression: Starting TestMany2one.test_explicit_subquery ... 
2026-02-09 10:07:23,614 1 INFO betopiaerp betopiaerp.addons.base.tests.test_expression: Starting TestMany2one.test_inherited ... 
2026-02-09 10:07:23,615 1 INFO betopiaerp betopiaerp.addons.base.tests.test_expression: Starting TestMany2one.test_name_search ... 
2026-02-09 10:07:23,618 1 INFO betopiaerp betopiaerp.addons.base.tests.test_expression: Starting TestMany2one.test_name_search_undefined ... 
2026-02-09 10:07:23,620 1 INFO betopiaerp betopiaerp.addons.base.tests.test_expression: Starting TestMany2one.test_regular ... 
2026-02-09 10:07:23,624 1 INFO betopiaerp betopiaerp.addons.base.tests.test_expression: Starting TestMany2one.testbypass_search_access ... 
2026-02-09 10:07:23,630 1 INFO betopiaerp betopiaerp.addons.base.models.ir_attachment: filestore gc 0 checked, 0 removed 
2026-02-09 10:07:23,631 1 INFO betopiaerp betopiaerp.addons.base.tests.test_expression: Starting TestOne2many.test_empty ... 
2026-02-09 10:07:23,639 1 INFO betopiaerp betopiaerp.addons.base.tests.test_expression: Starting TestOne2many.test_name_search ... 
2026-02-09 10:07:23,645 1 INFO betopiaerp betopiaerp.addons.base.tests.test_expression: Starting TestOne2many.test_regular ... 
2026-02-09 10:07:23,654 1 INFO betopiaerp betopiaerp.addons.base.tests.test_expression: Starting TestOne2many.testbypass_search_access ... 
2026-02-09 10:07:23,664 1 INFO betopiaerp betopiaerp.addons.base.tests.test_expression: Starting TestOne2many.testbypass_search_access_mixed ... 
2026-02-09 10:07:23,672 1 INFO betopiaerp betopiaerp.addons.base.models.ir_attachment: filestore gc 0 checked, 0 removed 
2026-02-09 10:07:23,673 1 INFO betopiaerp betopiaerp.addons.base.tests.test_expression: Starting TestMany2many.test_empty ... 
2026-02-09 10:07:23,675 1 INFO betopiaerp betopiaerp.addons.base.tests.test_expression: Starting TestMany2many.test_name_search ... 
2026-02-09 10:07:23,677 1 INFO betopiaerp betopiaerp.addons.base.tests.test_expression: Starting TestMany2many.test_regular ... 
2026-02-09 10:07:23,686 1 INFO betopiaerp betopiaerp.addons.base.tests.test_expression: Starting TestMany2many.test_regular_in_false ... 
2026-02-09 10:07:23,688 1 INFO betopiaerp betopiaerp.addons.base.tests.test_expression: Starting TestMany2many.testbypass_search_access ... 
2026-02-09 10:07:23,690 1 INFO betopiaerp betopiaerp.addons.base.models.ir_attachment: filestore gc 0 checked, 0 removed 
2026-02-09 10:07:23,691 1 INFO betopiaerp betopiaerp.addons.base.tests.test_expression: Starting TestAnyfy.test_and_multiple_many2one_with_subfield ... 
2026-02-09 10:07:23,692 1 INFO betopiaerp betopiaerp.addons.base.tests.test_expression: Starting TestAnyfy.test_and_multiple_one2many_with_subfield ... 
2026-02-09 10:07:23,693 1 INFO betopiaerp betopiaerp.addons.base.tests.test_expression: Starting TestAnyfy.test_not_and_multiple_many2one_field_with_subfield ... 
2026-02-09 10:07:23,694 1 INFO betopiaerp betopiaerp.addons.base.tests.test_expression: Starting TestAnyfy.test_not_and_multiple_one2many_field_with_subfield ... 
2026-02-09 10:07:23,695 1 INFO betopiaerp betopiaerp.addons.base.tests.test_expression: Starting TestAnyfy.test_not_or_multiple_many2one_field_with_subfield ... 
2026-02-09 10:07:23,695 1 INFO betopiaerp betopiaerp.addons.base.tests.test_expression: Starting TestAnyfy.test_not_or_multiple_one2many_field_with_subfield ... 
2026-02-09 10:07:23,696 1 INFO betopiaerp betopiaerp.addons.base.tests.test_expression: Starting TestAnyfy.test_not_single_field ... 
2026-02-09 10:07:23,697 1 INFO betopiaerp betopiaerp.addons.base.tests.test_expression: Starting TestAnyfy.test_not_single_many2one_with_subfield ... 
2026-02-09 10:07:23,698 1 INFO betopiaerp betopiaerp.addons.base.tests.test_expression: Starting TestAnyfy.test_not_single_one2many_with_subfield ... 
2026-02-09 10:07:23,699 1 INFO betopiaerp betopiaerp.addons.base.tests.test_expression: Starting TestAnyfy.test_or_multiple_many2one_with_subfield ... 
2026-02-09 10:07:23,699 1 INFO betopiaerp betopiaerp.addons.base.tests.test_expression: Starting TestAnyfy.test_or_multiple_one2many_with_subfield ... 
2026-02-09 10:07:23,700 1 INFO betopiaerp betopiaerp.addons.base.tests.test_expression: Starting TestAnyfy.test_single_field ... 
2026-02-09 10:07:23,701 1 INFO betopiaerp betopiaerp.addons.base.tests.test_expression: Starting TestAnyfy.test_single_many2one_with_subfield ... 
2026-02-09 10:07:23,701 1 INFO betopiaerp betopiaerp.addons.base.tests.test_expression: Starting TestAnyfy.test_single_one2many_with_subfield ... 
2026-02-09 10:07:23,702 1 INFO betopiaerp betopiaerp.addons.base.tests.test_expression: Starting TestAnyfy.test_true_leaf_as_list ... 
2026-02-09 10:07:23,703 1 INFO betopiaerp betopiaerp.addons.base.models.ir_attachment: filestore gc 0 checked, 0 removed 
2026-02-09 10:07:23,704 1 INFO betopiaerp betopiaerp.addons.base.tests.test_float: Starting TestFloatPrecision.test_amount_to_text_10 ... 
2026-02-09 10:07:23,707 1 INFO betopiaerp betopiaerp.addons.base.tests.test_float: Starting TestFloatPrecision.test_float_split_05 ... 
2026-02-09 10:07:23,709 1 INFO betopiaerp betopiaerp.addons.base.tests.test_float: Starting TestFloatPrecision.test_rounding_02 ... 
2026-02-09 10:07:23,711 1 INFO betopiaerp betopiaerp.addons.base.tests.test_float: Starting TestFloatPrecision.test_rounding_03 ... 
2026-02-09 10:07:23,747 1 INFO betopiaerp betopiaerp.addons.base.tests.test_float: Starting TestFloatPrecision.test_rounding_04 ... 
2026-02-09 10:07:23,751 1 INFO betopiaerp betopiaerp.addons.base.tests.test_float: Starting TestFloatPrecision.test_rounding_invalid ... 
2026-02-09 10:07:23,754 1 INFO betopiaerp betopiaerp.addons.base.models.ir_attachment: filestore gc 0 checked, 0 removed 
2026-02-09 10:07:23,777 1 INFO betopiaerp betopiaerp.addons.base.tests.test_format_address_mixin: Starting TestPartnerFormatAddress.test_address_view ... 
2026-02-09 10:07:23,895 1 INFO betopiaerp betopiaerp.addons.base.tests.test_format_address_mixin: Starting TestPartnerFormatAddress.test_display_name_address_formatting ... 
2026-02-09 10:07:23,901 1 INFO betopiaerp betopiaerp.addons.base.models.ir_attachment: filestore gc 1 checked, 1 removed 
2026-02-09 10:07:23,902 1 INFO betopiaerp betopiaerp.addons.base.tests.test_func: Starting TestFrozendict.test_frozendict_hash ... 
2026-02-09 10:07:23,902 1 INFO betopiaerp betopiaerp.addons.base.tests.test_func: Starting TestFrozendict.test_frozendict_immutable ... 
2026-02-09 10:07:23,903 1 INFO betopiaerp betopiaerp.addons.base.tests.test_func: Starting TestLazy.test_lazy_compare ... 
2026-02-09 10:07:23,903 1 INFO betopiaerp betopiaerp.addons.base.tests.test_groups: Starting TestGroupsObject.test_groups_10_hudge_combine ... 
2026-02-09 10:07:23,904 1 INFO betopiaerp betopiaerp.addons.base.tests.test_groups: Starting TestGroupsObject.test_groups_11_invert_intersect ... 
2026-02-09 10:07:23,908 1 INFO betopiaerp betopiaerp.addons.base.tests.test_groups: Starting TestGroupsObject.test_groups_1_base ... 
2026-02-09 10:07:23,909 1 INFO betopiaerp betopiaerp.addons.base.tests.test_groups: Starting TestGroupsObject.test_groups_2_and ... 
2026-02-09 10:07:23,909 1 INFO betopiaerp betopiaerp.addons.base.tests.test_groups: Starting TestGroupsObject.test_groups_3_or ... 
2026-02-09 10:07:23,909 1 INFO betopiaerp betopiaerp.addons.base.tests.test_groups: Starting TestGroupsObject.test_groups_3_or_and ... 
2026-02-09 10:07:23,910 1 INFO betopiaerp betopiaerp.addons.base.tests.test_groups: Starting TestGroupsObject.test_groups_4_gt_lt ... 
2026-02-09 10:07:23,910 1 INFO betopiaerp betopiaerp.addons.base.tests.test_groups: Starting TestGroupsObject.test_groups_5_invert ... 
2026-02-09 10:07:23,911 1 INFO betopiaerp betopiaerp.addons.base.tests.test_groups: Starting TestGroupsObject.test_groups_6_invert_gt_lt ... 
2026-02-09 10:07:23,911 1 INFO betopiaerp betopiaerp.addons.base.tests.test_groups: Starting TestGroupsObject.test_groups_7_various ... 
2026-02-09 10:07:23,912 1 INFO betopiaerp betopiaerp.addons.base.tests.test_groups: Starting TestGroupsObject.test_groups_8_reduce ... 
2026-02-09 10:07:23,913 1 INFO betopiaerp betopiaerp.addons.base.tests.test_groups: Starting TestGroupsObject.test_groups_9_distinct ... 
2026-02-09 10:07:23,913 1 INFO betopiaerp betopiaerp.addons.base.tests.test_groups: Starting TestGroupsObject.test_groups_key ... 
2026-02-09 10:07:23,914 1 INFO betopiaerp betopiaerp.addons.base.tests.test_groups: Starting TestGroupsObject.test_groups_matches ... 
2026-02-09 10:07:23,915 1 INFO betopiaerp betopiaerp.addons.base.tests.test_groups: Starting TestGroupsObject.test_groups_unknown ... 
2026-02-09 10:07:23,923 1 INFO betopiaerp betopiaerp.addons.base.tests.test_groups: Starting TestGroupsBetopiaERP.test_groups_1_base ... 
2026-02-09 10:07:23,924 1 INFO betopiaerp betopiaerp.addons.base.tests.test_groups: Starting TestGroupsBetopiaERP.test_groups_2_from_commat_separator ... 
2026-02-09 10:07:23,926 1 INFO betopiaerp betopiaerp.addons.base.tests.test_groups: Starting TestGroupsBetopiaERP.test_groups_3_from_ref ... 
2026-02-09 10:07:23,928 1 INFO betopiaerp betopiaerp.addons.base.tests.test_groups: Starting TestGroupsBetopiaERP.test_groups_4_full_empty ... 
2026-02-09 10:07:23,932 1 INFO betopiaerp betopiaerp.addons.base.tests.test_groups: Starting TestGroupsBetopiaERP.test_groups_5_contains_user ... 
2026-02-09 10:07:24,071 1 INFO betopiaerp betopiaerp.addons.base.tests.test_groups: Starting TestGroupsBetopiaERP.test_groups_6_distinct ... 
2026-02-09 10:07:24,134 1 INFO betopiaerp betopiaerp.addons.base.models.ir_attachment: filestore gc 1 checked, 1 removed 
2026-02-09 10:07:24,136 1 INFO betopiaerp betopiaerp.addons.base.tests.test_http_case: Starting TestRequestRemainingNoCookie.test_requests_a ... 
2026-02-09 10:07:24,137 1 INFO ? betopiaerp.addons.base.tests.test_http_case: Waiting for B to start 
2026-02-09 10:07:24,137 1 INFO betopiaerp betopiaerp.addons.base.tests.test_http_case: Starting TestRequestRemainingNoCookie.test_requests_b ... 
2026-02-09 10:07:24,138 1 INFO betopiaerp betopiaerp.addons.base.tests.test_http_case: B started, waiting for A to finish 
2026-02-09 10:07:24,138 1 INFO ? betopiaerp.addons.base.tests.test_http_case: Opening url 
2026-02-09 10:07:24,140 1 INFO ? werkzeug: 127.0.0.1 - - [09/Feb/2026 10:07:24] "GET /web/concurrent HTTP/1.1" 400 - 0 0.000 0.000
2026-02-09 10:07:24,142 1 INFO betopiaerp betopiaerp.addons.base.models.ir_attachment: filestore gc 0 checked, 0 removed 
2026-02-09 10:07:24,144 1 INFO betopiaerp betopiaerp.addons.base.tests.test_http_case: Starting TestRequestRemainingNotEnabled.test_requests_a ... 
2026-02-09 10:07:24,145 1 INFO ? betopiaerp.addons.base.tests.test_http_case: Waiting for B to start 
2026-02-09 10:07:24,145 1 INFO betopiaerp betopiaerp.addons.base.tests.test_http_case: Starting TestRequestRemainingNotEnabled.test_requests_b ... 
2026-02-09 10:07:24,146 1 INFO betopiaerp betopiaerp.addons.base.tests.test_http_case: B started, waiting for A to finish 
2026-02-09 10:07:24,146 1 INFO ? betopiaerp.addons.base.tests.test_http_case: Opening url 
2026-02-09 10:07:24,148 1 INFO ? werkzeug: 127.0.0.1 - - [09/Feb/2026 10:07:24] "GET /web/concurrent HTTP/1.1" 400 - 0 0.000 0.000
2026-02-09 10:07:24,150 1 INFO betopiaerp betopiaerp.addons.base.models.ir_attachment: filestore gc 0 checked, 0 removed 
2026-02-09 10:07:24,152 1 INFO betopiaerp betopiaerp.addons.base.tests.test_http_case: Starting TestRequestRemainingStartDuringNext.test_requests_a ... 
2026-02-09 10:07:24,153 1 INFO ? betopiaerp.addons.base.tests.test_http_case: Waiting for B to start 
2026-02-09 10:07:24,153 1 INFO betopiaerp betopiaerp.addons.base.tests.test_http_case: Starting TestRequestRemainingStartDuringNext.test_requests_b ... 
2026-02-09 10:07:24,154 1 INFO betopiaerp betopiaerp.addons.base.tests.test_http_case: B started, waiting for A to finish 
2026-02-09 10:07:24,154 1 INFO ? betopiaerp.addons.base.tests.test_http_case: Opening url 
2026-02-09 10:07:24,156 1 INFO ? werkzeug: 127.0.0.1 - - [09/Feb/2026 10:07:24] "GET /web/concurrent HTTP/1.1" 400 - 0 0.000 0.000
2026-02-09 10:07:24,158 1 INFO betopiaerp betopiaerp.addons.base.models.ir_attachment: filestore gc 0 checked, 0 removed 
2026-02-09 10:07:24,160 1 INFO betopiaerp betopiaerp.addons.base.tests.test_http_case: Starting TestRequestRemainingAfterFirstCheck.test_requests_a ... 
2026-02-09 10:07:24,160 1 INFO ? betopiaerp.addons.base.tests.test_http_case: Opening url 
2026-02-09 10:07:24,162 1 INFO betopiaerp betopiaerp.addons.base.tests.test_http_case: Starting TestRequestRemainingAfterFirstCheck.test_requests_b ... 
2026-02-09 10:07:24,162 1 INFO betopiaerp betopiaerp.addons.base.tests.test_http_case: B started, waiting for A to finish 
2026-02-09 10:07:24,163 1 INFO ? werkzeug: 127.0.0.1 - - [09/Feb/2026 10:07:24] "GET /web/concurrent HTTP/1.1" 400 - 0 0.000 0.002
2026-02-09 10:07:24,165 1 INFO betopiaerp betopiaerp.addons.base.models.ir_attachment: filestore gc 0 checked, 0 removed 
2026-02-09 10:07:24,165 1 INFO betopiaerp betopiaerp.addons.base.tests.test_i18n: Starting I18nTest.test_format_list ... 
2026-02-09 10:07:24,175 1 INFO betopiaerp betopiaerp.addons.base.tests.test_i18n: Starting I18nTest.test_py_to_js_locale ... 
2026-02-09 10:07:24,176 1 INFO betopiaerp betopiaerp.addons.base.models.ir_attachment: filestore gc 0 checked, 0 removed 
2026-02-09 10:07:24,177 1 INFO betopiaerp betopiaerp.addons.base.tests.test_image: Starting TestImage.test_00_base64_to_image ... 
2026-02-09 10:07:24,234 1 INFO betopiaerp betopiaerp.addons.base.tests.test_image: Starting TestImage.test_01_image_to_base64 ... 
2026-02-09 10:07:24,286 1 INFO betopiaerp betopiaerp.addons.base.tests.test_image: Starting TestImage.test_02_image_fix_orientation ... 
2026-02-09 10:07:24,339 1 INFO betopiaerp betopiaerp.addons.base.tests.test_image: Starting TestImage.test_03_image_fix_orientation_exif ... 
2026-02-09 10:07:24,391 1 INFO betopiaerp betopiaerp.addons.base.tests.test_image: Starting TestImage.test_10_image_process_source ... 
2026-02-09 10:07:24,455 1 INFO betopiaerp betopiaerp.addons.base.tests.test_image: Starting TestImage.test_11_image_process_size ... 
2026-02-09 10:07:24,531 1 INFO betopiaerp betopiaerp.addons.base.tests.test_image: Starting TestImage.test_12_image_process_verify_resolution ... 
2026-02-09 10:07:25,256 1 INFO betopiaerp betopiaerp.addons.base.tests.test_image: Starting TestImage.test_13_image_process_quality ... 
2026-02-09 10:07:25,410 1 INFO betopiaerp betopiaerp.addons.base.tests.test_image: Starting TestImage.test_14_image_process_crop ... 
2026-02-09 10:07:25,884 1 INFO betopiaerp betopiaerp.addons.base.tests.test_image: Starting TestImage.test_15_image_process_colorize ... 
2026-02-09 10:07:25,936 1 INFO betopiaerp betopiaerp.addons.base.tests.test_image: Starting TestImage.test_16_image_process_format ... 
2026-02-09 10:07:26,033 1 INFO betopiaerp betopiaerp.addons.base.tests.test_image: Starting TestImage.test_17_get_webp_size ... 
2026-02-09 10:07:26,084 1 INFO betopiaerp betopiaerp.addons.base.tests.test_image: Starting TestImage.test_20_image_data_uri ... 
2026-02-09 10:07:26,136 1 INFO betopiaerp betopiaerp.addons.base.tests.test_image: Starting TestImage.test_21_image_guess_size_from_field_name ... 
2026-02-09 10:07:26,187 1 INFO betopiaerp betopiaerp.addons.base.tests.test_image: Starting TestImage.test_ptype_image_to_jpeg ... 
2026-02-09 10:07:26,240 1 INFO betopiaerp betopiaerp.addons.base.models.ir_attachment: filestore gc 0 checked, 0 removed 
2026-02-09 10:07:26,241 1 INFO betopiaerp betopiaerp.addons.base.tests.test_init: Starting TestInit.test_import ... 
2026-02-09 10:07:26,304 1 INFO betopiaerp betopiaerp.addons.base.tests.test_init:   betopiaerp.betopiaerp._monkeypatches execution time: 0.015s 
2026-02-09 10:07:26,321 1 INFO betopiaerp betopiaerp.addons.base.tests.test_init:   betopiaerp.betopiaerp._monkeypatches execution time: 0.016s 
2026-02-09 10:07:26,337 1 INFO betopiaerp betopiaerp.addons.base.tests.test_init:   betopiaerp.betopiaerp.addons execution time: 0.016s 
2026-02-09 10:07:26,354 1 INFO betopiaerp betopiaerp.addons.base.tests.test_init:   betopiaerp.betopiaerp.addons execution time: 0.016s 
2026-02-09 10:07:26,370 1 INFO betopiaerp betopiaerp.addons.base.tests.test_init:   betopiaerp.betopiaerp.api execution time: 0.016s 
2026-02-09 10:07:26,387 1 INFO betopiaerp betopiaerp.addons.base.tests.test_init:   betopiaerp.betopiaerp.api execution time: 0.016s 
2026-02-09 10:07:26,403 1 INFO betopiaerp betopiaerp.addons.base.tests.test_init:   betopiaerp.betopiaerp.cli execution time: 0.016s 
2026-02-09 10:07:26,419 1 INFO betopiaerp betopiaerp.addons.base.tests.test_init:   betopiaerp.betopiaerp.cli execution time: 0.016s 
2026-02-09 10:07:26,436 1 INFO betopiaerp betopiaerp.addons.base.tests.test_init:   betopiaerp.betopiaerp.exceptions execution time: 0.017s 
2026-02-09 10:07:26,452 1 INFO betopiaerp betopiaerp.addons.base.tests.test_init:   betopiaerp.betopiaerp.exceptions execution time: 0.015s 
2026-02-09 10:07:26,468 1 INFO betopiaerp betopiaerp.addons.base.tests.test_init:   betopiaerp.betopiaerp.fields execution time: 0.016s 
2026-02-09 10:07:26,485 1 INFO betopiaerp betopiaerp.addons.base.tests.test_init:   betopiaerp.betopiaerp.fields execution time: 0.017s 
2026-02-09 10:07:26,501 1 INFO betopiaerp betopiaerp.addons.base.tests.test_init:   betopiaerp.betopiaerp.http execution time: 0.016s 
2026-02-09 10:07:26,518 1 INFO betopiaerp betopiaerp.addons.base.tests.test_init:   betopiaerp.betopiaerp.http execution time: 0.016s 
2026-02-09 10:07:26,534 1 INFO betopiaerp betopiaerp.addons.base.tests.test_init:   betopiaerp.betopiaerp.init execution time: 0.016s 
2026-02-09 10:07:26,550 1 INFO betopiaerp betopiaerp.addons.base.tests.test_init:   betopiaerp.betopiaerp.init execution time: 0.016s 
2026-02-09 10:07:26,565 1 INFO betopiaerp betopiaerp.addons.base.tests.test_init:   betopiaerp.betopiaerp.loglevels execution time: 0.015s 
2026-02-09 10:07:26,582 1 INFO betopiaerp betopiaerp.addons.base.tests.test_init:   betopiaerp.betopiaerp.loglevels execution time: 0.016s 
2026-02-09 10:07:26,598 1 INFO betopiaerp betopiaerp.addons.base.tests.test_init:   betopiaerp.betopiaerp.models execution time: 0.016s 
2026-02-09 10:07:26,614 1 INFO betopiaerp betopiaerp.addons.base.tests.test_init:   betopiaerp.betopiaerp.models execution time: 0.016s 
2026-02-09 10:07:26,630 1 INFO betopiaerp betopiaerp.addons.base.tests.test_init:   betopiaerp.betopiaerp.modules execution time: 0.016s 
2026-02-09 10:07:26,647 1 INFO betopiaerp betopiaerp.addons.base.tests.test_init:   betopiaerp.betopiaerp.modules execution time: 0.017s 
2026-02-09 10:07:26,663 1 INFO betopiaerp betopiaerp.addons.base.tests.test_init:   betopiaerp.betopiaerp.netsvc execution time: 0.015s 
2026-02-09 10:07:26,679 1 INFO betopiaerp betopiaerp.addons.base.tests.test_init:   betopiaerp.betopiaerp.netsvc execution time: 0.016s 
2026-02-09 10:07:26,695 1 INFO betopiaerp betopiaerp.addons.base.tests.test_init:   betopiaerp.betopiaerp.orm execution time: 0.016s 
2026-02-09 10:07:26,710 1 INFO betopiaerp betopiaerp.addons.base.tests.test_init:   betopiaerp.betopiaerp.orm execution time: 0.015s 
2026-02-09 10:07:26,726 1 INFO betopiaerp betopiaerp.addons.base.tests.test_init:   betopiaerp.betopiaerp.osv execution time: 0.016s 
2026-02-09 10:07:26,743 1 INFO betopiaerp betopiaerp.addons.base.tests.test_init:   betopiaerp.betopiaerp.osv execution time: 0.016s 
2026-02-09 10:07:26,760 1 INFO betopiaerp betopiaerp.addons.base.tests.test_init:   betopiaerp.betopiaerp.release execution time: 0.017s 
2026-02-09 10:07:26,777 1 INFO betopiaerp betopiaerp.addons.base.tests.test_init:   betopiaerp.betopiaerp.release execution time: 0.016s 
2026-02-09 10:07:26,793 1 INFO betopiaerp betopiaerp.addons.base.tests.test_init:   betopiaerp.betopiaerp.service execution time: 0.016s 
2026-02-09 10:07:26,809 1 INFO betopiaerp betopiaerp.addons.base.tests.test_init:   betopiaerp.betopiaerp.service execution time: 0.016s 
2026-02-09 10:07:26,825 1 INFO betopiaerp betopiaerp.addons.base.tests.test_init:   betopiaerp.betopiaerp.sql_db execution time: 0.015s 
2026-02-09 10:07:26,841 1 INFO betopiaerp betopiaerp.addons.base.tests.test_init:   betopiaerp.betopiaerp.sql_db execution time: 0.016s 
2026-02-09 10:07:26,857 1 INFO betopiaerp betopiaerp.addons.base.tests.test_init:   betopiaerp.betopiaerp.tests execution time: 0.016s 
2026-02-09 10:07:26,873 1 INFO betopiaerp betopiaerp.addons.base.tests.test_init:   betopiaerp.betopiaerp.tests execution time: 0.016s 
2026-02-09 10:07:26,889 1 INFO betopiaerp betopiaerp.addons.base.tests.test_init:   betopiaerp.betopiaerp.tools execution time: 0.015s 
2026-02-09 10:07:26,906 1 INFO betopiaerp betopiaerp.addons.base.tests.test_init:   betopiaerp.betopiaerp.tools execution time: 0.017s 
2026-02-09 10:07:26,924 1 INFO betopiaerp betopiaerp.addons.base.tests.test_init:   betopiaerp.betopiaerp.upgrade execution time: 0.017s 
2026-02-09 10:07:26,941 1 INFO betopiaerp betopiaerp.addons.base.tests.test_init:   betopiaerp.betopiaerp.upgrade execution time: 0.017s 
2026-02-09 10:07:26,958 1 INFO betopiaerp betopiaerp.addons.base.tests.test_init:   betopiaerp.betopiaerp.upgrade_code execution time: 0.016s 
2026-02-09 10:07:26,974 1 INFO betopiaerp betopiaerp.addons.base.tests.test_init:   betopiaerp.betopiaerp.upgrade_code execution time: 0.015s 
2026-02-09 10:07:27,519 1 INFO betopiaerp betopiaerp.addons.base.tests.test_init:   betopiaerp.cli.cloc execution time: 0.545s 
2026-02-09 10:07:27,982 1 INFO betopiaerp betopiaerp.addons.base.tests.test_init:   betopiaerp.cli.command execution time: 0.463s 
2026-02-09 10:07:28,645 1 INFO betopiaerp betopiaerp.addons.base.tests.test_init:   betopiaerp.cli.db execution time: 0.662s 
2026-02-09 10:07:29,169 1 INFO betopiaerp betopiaerp.addons.base.tests.test_init:   betopiaerp.cli.deploy execution time: 0.523s 
2026-02-09 10:07:29,643 1 INFO betopiaerp betopiaerp.addons.base.tests.test_init:   betopiaerp.cli.help execution time: 0.476s 
2026-02-09 10:07:30,180 1 INFO betopiaerp betopiaerp.addons.base.tests.test_init:   betopiaerp.cli.i18n execution time: 0.537s 
2026-02-09 10:07:30,675 1 INFO betopiaerp betopiaerp.addons.base.tests.test_init:   betopiaerp.cli.module execution time: 0.495s 
2026-02-09 10:07:31,151 1 INFO betopiaerp betopiaerp.addons.base.tests.test_init:   betopiaerp.cli.neutralize execution time: 0.475s 
2026-02-09 10:07:31,630 1 INFO betopiaerp betopiaerp.addons.base.tests.test_init:   betopiaerp.cli.obfuscate execution time: 0.478s 
2026-02-09 10:07:32,249 1 INFO betopiaerp betopiaerp.addons.base.tests.test_init:   betopiaerp.cli.populate execution time: 0.619s 
2026-02-09 10:07:32,731 1 INFO betopiaerp betopiaerp.addons.base.tests.test_init:   betopiaerp.cli.scaffold execution time: 0.481s 
2026-02-09 10:07:33,350 1 INFO betopiaerp betopiaerp.addons.base.tests.test_init:   betopiaerp.cli.server execution time: 0.618s 
2026-02-09 10:07:33,950 1 INFO betopiaerp betopiaerp.addons.base.tests.test_init:   betopiaerp.cli.shell execution time: 0.599s 
2026-02-09 10:07:34,564 1 INFO betopiaerp betopiaerp.addons.base.tests.test_init:   betopiaerp.cli.start execution time: 0.613s 
2026-02-09 10:07:35,049 1 INFO betopiaerp betopiaerp.addons.base.tests.test_init:   betopiaerp.cli.templates execution time: 0.484s 
2026-02-09 10:07:35,518 1 INFO betopiaerp betopiaerp.addons.base.tests.test_init:   betopiaerp.cli.upgrade_code execution time: 0.468s 
2026-02-09 10:07:35,519 1 INFO betopiaerp betopiaerp.addons.base.tests.test_intervals: Starting TestIntervals.test_difference ... 
2026-02-09 10:07:35,520 1 INFO betopiaerp betopiaerp.addons.base.tests.test_intervals: Starting TestIntervals.test_intersection ... 
2026-02-09 10:07:35,521 1 INFO betopiaerp betopiaerp.addons.base.tests.test_intervals: Starting TestIntervals.test_keep_distinct ... 
2026-02-09 10:07:35,522 1 INFO betopiaerp betopiaerp.addons.base.tests.test_intervals: Starting TestIntervals.test_union ... 
2026-02-09 10:07:35,523 1 INFO betopiaerp betopiaerp.addons.base.models.ir_attachment: filestore gc 0 checked, 0 removed 
2026-02-09 10:07:35,523 1 INFO betopiaerp betopiaerp.addons.base.tests.test_intervals: Starting TestUtils.test_intervals_intersections ... 
2026-02-09 10:07:35,524 1 INFO betopiaerp betopiaerp.addons.base.tests.test_intervals: Starting TestUtils.test_intervals_inversion ... 
2026-02-09 10:07:35,525 1 INFO betopiaerp betopiaerp.addons.base.models.ir_attachment: filestore gc 0 checked, 0 removed 
2026-02-09 10:07:35,526 1 INFO betopiaerp betopiaerp.addons.base.tests.test_intervals: Starting TestKeepDistinctIntervals.test_difference ... 
2026-02-09 10:07:35,527 1 INFO betopiaerp betopiaerp.addons.base.tests.test_intervals: Starting TestKeepDistinctIntervals.test_intersection ... 
2026-02-09 10:07:35,527 1 INFO betopiaerp betopiaerp.addons.base.tests.test_intervals: Starting TestKeepDistinctIntervals.test_union ... 
2026-02-09 10:07:35,528 1 INFO betopiaerp betopiaerp.addons.base.models.ir_attachment: filestore gc 0 checked, 0 removed 
2026-02-09 10:07:35,553 1 INFO betopiaerp betopiaerp.addons.base.tests.test_ir_actions: Starting TestServerActions.test_00_action ... 
2026-02-09 10:07:35,571 1 INFO betopiaerp betopiaerp.addons.base.tests.test_ir_actions: Starting TestServerActions.test_00_server_action ... 
2026-02-09 10:07:35,583 1 INFO betopiaerp betopiaerp.addons.base.tests.test_ir_actions: Starting TestServerActions.test_10_code ... 
2026-02-09 10:07:35,596 1 INFO betopiaerp betopiaerp.addons.base.tests.test_ir_actions: Starting TestServerActions.test_20_crud_create ... 
2026-02-09 10:07:35,610 1 INFO betopiaerp betopiaerp.addons.base.tests.test_ir_actions: Starting TestServerActions.test_20_crud_create_link_many2many ... 
2026-02-09 10:07:35,625 1 INFO betopiaerp betopiaerp.addons.base.tests.test_ir_actions: Starting TestServerActions.test_20_crud_create_link_many2one ... 
2026-02-09 10:07:35,644 1 INFO betopiaerp betopiaerp.addons.base.tests.test_ir_actions: Starting TestServerActions.test_20_crud_create_link_one2many ... 
2026-02-09 10:07:35,664 1 INFO betopiaerp betopiaerp.addons.base.tests.test_ir_actions: Starting TestServerActions.test_25_crud_copy ... 
2026-02-09 10:07:35,684 1 INFO betopiaerp betopiaerp.addons.base.tests.test_ir_actions: Starting TestServerActions.test_25_crud_copy_link_many2many ... 
2026-02-09 10:07:35,705 1 INFO betopiaerp betopiaerp.addons.base.tests.test_ir_actions: Starting TestServerActions.test_25_crud_copy_link_many2one ... 
2026-02-09 10:07:35,728 1 INFO betopiaerp betopiaerp.addons.base.tests.test_ir_actions: Starting TestServerActions.test_25_crud_copy_link_one2many ... 
2026-02-09 10:07:35,747 1 INFO betopiaerp betopiaerp.addons.base.tests.test_ir_actions: Starting TestServerActions.test_30_crud_write ... 
2026-02-09 10:07:35,762 1 INFO betopiaerp betopiaerp.addons.base.tests.test_ir_actions: Starting TestServerActions.test_31_crud_write_html ... 
2026-02-09 10:07:35,775 1 INFO betopiaerp betopiaerp.addons.base.tests.test_ir_actions: Starting TestServerActions.test_35_crud_write_selection ... 
2026-02-09 10:07:35,789 1 INFO betopiaerp betopiaerp.addons.base.tests.test_ir_actions: Starting TestServerActions.test_36_crud_write_m2m_ops ... 
2026-02-09 10:07:35,808 1 INFO betopiaerp betopiaerp.addons.base.tests.test_ir_actions: Starting TestServerActions.test_37_field_path_traversal ... 
2026-02-09 10:07:35,828 1 INFO betopiaerp betopiaerp.addons.base.tests.test_ir_actions: Starting TestServerActions.test_39_boolean_update ... 
2026-02-09 10:07:35,846 1 INFO betopiaerp betopiaerp.addons.base.tests.test_ir_actions: Starting TestServerActions.test_40_multi ... 
2026-02-09 10:07:35,879 1 INFO betopiaerp betopiaerp.addons.base.tests.test_ir_actions: Starting TestServerActions.test_50_groups ... 
2026-02-09 10:07:35,908 1 INFO betopiaerp betopiaerp.addons.base.tests.test_ir_actions: Starting TestServerActions.test_60_sort ... 
2026-02-09 10:07:35,924 1 INFO betopiaerp betopiaerp.addons.base.tests.test_ir_actions: Starting TestServerActions.test_70_copy_action ... 
2026-02-09 10:07:35,940 1 INFO betopiaerp betopiaerp.addons.base.tests.test_ir_actions: Starting TestServerActions.test_80_permission ... 
2026-02-09 10:07:35,958 1 INFO betopiaerp betopiaerp.addons.base.tests.test_ir_actions: Starting TestServerActions.test_90_convert_to_float ... 
2026-02-09 10:07:35,972 1 INFO betopiaerp betopiaerp.addons.base.tests.test_ir_actions: Starting TestServerActions.test_90_webhook ... 
2026-02-09 10:07:35,987 1 INFO betopiaerp betopiaerp.addons.base.tests.test_ir_actions: Starting TestServerActions.test_object_write_equation ... 
2026-02-09 10:07:36,008 1 INFO betopiaerp betopiaerp.addons.base.models.ir_attachment: filestore gc 1 checked, 1 removed 
2026-02-09 10:07:36,009 1 INFO betopiaerp betopiaerp.addons.base.tests.test_ir_actions: Starting TestCustomFields.test_create_binary ... 
2026-02-09 10:07:36,065 1 INFO betopiaerp betopiaerp.addons.base.tests.test_ir_actions: Starting TestCustomFields.test_create_custom ... 
2026-02-09 10:07:36,069 1 INFO betopiaerp betopiaerp.addons.base.tests.test_ir_actions: Starting TestCustomFields.test_create_unique ... 
2026-02-09 10:07:36,117 1 INFO betopiaerp betopiaerp.addons.base.tests.test_ir_actions: Starting TestCustomFields.test_create_valid ... 
2026-02-09 10:07:36,128 1 INFO betopiaerp betopiaerp.addons.base.tests.test_ir_actions: Starting TestCustomFields.test_related_field ... 
2026-02-09 10:07:36,235 1 INFO betopiaerp betopiaerp.addons.base.tests.test_ir_actions: Starting TestCustomFields.test_relation_of_a_custom_field ... 
2026-02-09 10:07:36,290 1 INFO betopiaerp betopiaerp.addons.base.tests.test_ir_actions: Starting TestCustomFields.test_remove_with_view ... 
2026-02-09 10:07:36,358 1 INFO betopiaerp betopiaerp.addons.base.tests.test_ir_actions: Starting TestCustomFields.test_remove_without_view ... 
2026-02-09 10:07:36,407 1 INFO betopiaerp betopiaerp.models.unlink: User #1 deleted ir.model.fields records with IDs: [2067, 2069] 
2026-02-09 10:07:36,439 1 INFO betopiaerp betopiaerp.addons.base.tests.test_ir_actions: Starting TestCustomFields.test_rename_custom ... 
2026-02-09 10:07:36,508 1 INFO betopiaerp betopiaerp.models.unlink: User #1 deleted ir.model.fields records with IDs: [2072] 
2026-02-09 10:07:36,525 1 INFO betopiaerp betopiaerp.addons.base.tests.test_ir_actions: Starting TestCustomFields.test_rename_unique ... 
2026-02-09 10:07:36,621 1 INFO betopiaerp betopiaerp.models.unlink: User #1 deleted ir.model.fields records with IDs: [2078] 
2026-02-09 10:07:36,637 1 INFO betopiaerp betopiaerp.addons.base.tests.test_ir_actions: Starting TestCustomFields.test_rename_valid ... 
2026-02-09 10:07:36,703 1 INFO betopiaerp betopiaerp.models.unlink: User #1 deleted ir.model.fields records with IDs: [2081] 
2026-02-09 10:07:36,721 1 INFO betopiaerp betopiaerp.addons.base.tests.test_ir_actions: Starting TestCustomFields.test_rename_with_view ... 
2026-02-09 10:07:36,795 1 INFO betopiaerp betopiaerp.addons.base.tests.test_ir_actions: Starting TestCustomFields.test_rename_without_view ... 
2026-02-09 10:07:36,865 1 INFO betopiaerp betopiaerp.models.unlink: User #1 deleted ir.model.fields records with IDs: [2087] 
2026-02-09 10:07:36,902 1 INFO betopiaerp betopiaerp.addons.base.tests.test_ir_actions: Starting TestCustomFields.test_selection ... 
2026-02-09 10:07:36,949 1 INFO betopiaerp betopiaerp.models.unlink: User #1 deleted ir.model.fields.selection records with IDs: [874] 
2026-02-09 10:07:36,981 1 INFO betopiaerp betopiaerp.addons.base.tests.test_ir_actions: Starting TestCustomFields.test_unlink_base ... 
2026-02-09 10:07:36,997 1 INFO betopiaerp betopiaerp.models.unlink: User #1 deleted ir.model.data records with IDs: [1844, 2138] 
2026-02-09 10:07:36,998 1 INFO betopiaerp betopiaerp.models.unlink: User #1 deleted ir.model.fields records with IDs: [1013, 1307] 
2026-02-09 10:07:37,012 1 INFO betopiaerp betopiaerp.addons.base.tests.test_ir_actions: Starting TestCustomFields.test_unlink_inherited_custom ... 
2026-02-09 10:07:37,064 1 INFO betopiaerp betopiaerp.models.unlink: User #1 deleted ir.model.fields records with IDs: [2092, 2094] 
2026-02-09 10:07:37,101 1 INFO betopiaerp betopiaerp.addons.base.tests.test_ir_actions: Starting TestCustomFields.test_unlink_with_dependant ... 
2026-02-09 10:07:37,160 1 INFO betopiaerp betopiaerp.models.unlink: User #1 deleted ir.model.fields records with IDs: [2095, 2097, 2098] 
2026-02-09 10:07:37,175 1 INFO betopiaerp betopiaerp.addons.base.tests.test_ir_actions: Starting TestCustomFields.test_unlink_with_inverse ... 
2026-02-09 10:07:37,233 1 INFO betopiaerp betopiaerp.models.unlink: User #1 deleted ir.model.fields records with IDs: [2100, 2104, 2102] 
2026-02-09 10:07:37,249 1 INFO betopiaerp betopiaerp.addons.base.models.ir_attachment: filestore gc 0 checked, 0 removed 
2026-02-09 10:07:37,278 1 INFO betopiaerp betopiaerp.addons.base.tests.test_ir_attachment: Starting TestIrAttachment.test_01_store_in_db ... 
2026-02-09 10:07:37,285 1 INFO betopiaerp betopiaerp.addons.base.tests.test_ir_attachment: Starting TestIrAttachment.test_02_store_on_disk ... 
2026-02-09 10:07:37,287 1 INFO betopiaerp betopiaerp.addons.base.tests.test_ir_attachment: Starting TestIrAttachment.test_03_no_duplication ... 
2026-02-09 10:07:37,290 1 INFO betopiaerp betopiaerp.addons.base.tests.test_ir_attachment: Starting TestIrAttachment.test_04_keep_file ... 
2026-02-09 10:07:37,294 1 INFO betopiaerp betopiaerp.models.unlink: User #1 deleted ir.attachment records with IDs: [1153] 
2026-02-09 10:07:37,295 1 INFO betopiaerp betopiaerp.addons.base.tests.test_ir_attachment: Starting TestIrAttachment.test_05_change_data_change_file ... 
2026-02-09 10:07:37,297 1 INFO betopiaerp betopiaerp.addons.base.tests.test_ir_attachment: Starting TestIrAttachment.test_07_write_mimetype ... 
2026-02-09 10:07:37,300 1 INFO betopiaerp betopiaerp.addons.base.models.ir_attachment: Post processing ignored : This file could not be decoded as an image file. 
2026-02-09 10:07:37,306 1 INFO betopiaerp betopiaerp.addons.base.tests.test_ir_attachment: Starting TestIrAttachment.test_08_neuter_xml_mimetype ... 
2026-02-09 10:07:37,313 1 INFO betopiaerp betopiaerp.addons.base.tests.test_ir_attachment: Starting TestIrAttachment.test_09_dont_neuter_xml_mimetype_for_admin ... 
2026-02-09 10:07:37,315 1 INFO betopiaerp betopiaerp.addons.base.tests.test_ir_attachment: Starting TestIrAttachment.test_10_image_autoresize ... 
2026-02-09 10:07:37,671 1 INFO betopiaerp betopiaerp.models.unlink: User #1 deleted ir.config_parameter records with IDs: [74, 75] 
2026-02-09 10:07:38,054 1 INFO betopiaerp betopiaerp.addons.base.tests.test_ir_attachment: Starting TestIrAttachment.test_11_copy ... 
2026-02-09 10:07:38,062 1 INFO betopiaerp betopiaerp.addons.base.tests.test_ir_attachment: Starting TestIrAttachment.test_12_gc ... 
2026-02-09 10:07:38,067 1 INFO betopiaerp betopiaerp.models.unlink: User #1 deleted ir.attachment records with IDs: [1165] 
2026-02-09 10:07:38,069 1 INFO betopiaerp betopiaerp.addons.base.models.ir_attachment: filestore gc 10 checked, 9 removed 
2026-02-09 10:07:38,069 1 INFO betopiaerp betopiaerp.addons.base.tests.test_ir_attachment: Starting TestIrAttachment.test_13_rollback ... 
2026-02-09 10:07:38,074 1 INFO betopiaerp betopiaerp.addons.base.models.ir_attachment: filestore gc 1 checked, 1 removed 
2026-02-09 10:07:38,075 1 INFO betopiaerp betopiaerp.addons.base.tests.test_ir_attachment: Starting TestIrAttachment.test_14_invalid_mimetype_with_correct_file_extension_no_post_processing ... 
2026-02-09 10:07:38,075 1 INFO betopiaerp betopiaerp.addons.base.models.ir_attachment: Post processing ignored : Empty source, SVG, or WEBP 
2026-02-09 10:07:38,078 1 INFO betopiaerp betopiaerp.addons.base.tests.test_ir_attachment: Starting TestIrAttachment.test_15_read_bin_size_doesnt_read_datas ... 
2026-02-09 10:07:38,083 1 INFO betopiaerp betopiaerp.addons.base.models.ir_attachment: filestore gc 1 checked, 1 removed 
2026-02-09 10:07:38,116 1 INFO betopiaerp betopiaerp.addons.base.tests.test_ir_attachment: Starting TestPermissions.test_basic_modifications ... 
2026-02-09 10:07:38,140 1 INFO betopiaerp betopiaerp.addons.base.tests.test_ir_attachment: Starting TestPermissions.test_cross_record_copies ... 
2026-02-09 10:07:38,151 1 INFO betopiaerp betopiaerp.addons.base.models.ir_model: Access Denied by ACLs for operation: write, uid: 226, model: res.users.apikeys.description 
2026-02-09 10:07:38,173 1 INFO betopiaerp betopiaerp.addons.base.tests.test_ir_attachment: Starting TestPermissions.test_field_read_permission ... 
2026-02-09 10:07:38,199 1 INFO betopiaerp betopiaerp.addons.base.tests.test_ir_attachment: Starting TestPermissions.test_read_permission ... 
2026-02-09 10:07:38,213 1 INFO betopiaerp betopiaerp.addons.base.models.ir_rule: Access Denied by record rules for operation: read on record ids: [1183], uid: 226, model: ir.attachment 
2026-02-09 10:07:38,218 1 INFO betopiaerp betopiaerp.addons.base.models.ir_rule: Access Denied by record rules for operation: read on record ids: [1183], uid: 226, model: ir.attachment 
2026-02-09 10:07:38,220 1 INFO betopiaerp betopiaerp.addons.base.models.ir_rule: Access Denied by record rules for operation: read on record ids: [1183], uid: 226, model: ir.attachment 
2026-02-09 10:07:38,222 1 INFO betopiaerp betopiaerp.addons.base.models.ir_rule: Access Denied by record rules for operation: read on record ids: [1183], uid: 226, model: ir.attachment 
2026-02-09 10:07:38,227 1 INFO betopiaerp betopiaerp.addons.base.models.ir_rule: Access Denied by record rules for operation: read on record ids: [1183], uid: 226, model: ir.attachment 
2026-02-09 10:07:38,231 1 INFO betopiaerp betopiaerp.addons.base.models.ir_rule: Access Denied by record rules for operation: read on record ids: [1183], uid: 226, model: ir.attachment 
2026-02-09 10:07:38,233 1 INFO betopiaerp betopiaerp.addons.base.models.ir_rule: Access Denied by record rules for operation: read on record ids: [1183], uid: 226, model: ir.attachment 
2026-02-09 10:07:38,235 1 INFO betopiaerp betopiaerp.addons.base.models.ir_rule: Access Denied by record rules for operation: read on record ids: [1183], uid: 226, model: ir.attachment 
2026-02-09 10:07:38,242 1 INFO betopiaerp betopiaerp.addons.base.models.ir_rule: Access Denied by record rules for operation: read on record ids: [1185], uid: 226, model: ir.attachment 
2026-02-09 10:07:38,246 1 INFO betopiaerp betopiaerp.addons.base.models.ir_rule: Access Denied by record rules for operation: read on record ids: [1185], uid: 226, model: ir.attachment 
2026-02-09 10:07:38,248 1 INFO betopiaerp betopiaerp.addons.base.models.ir_rule: Access Denied by record rules for operation: read on record ids: [1185], uid: 226, model: ir.attachment 
2026-02-09 10:07:38,250 1 INFO betopiaerp betopiaerp.addons.base.models.ir_rule: Access Denied by record rules for operation: read on record ids: [1185], uid: 226, model: ir.attachment 
2026-02-09 10:07:38,257 1 INFO betopiaerp betopiaerp.addons.base.tests.test_ir_attachment: Starting TestPermissions.test_with_write_permissions ... 
2026-02-09 10:07:38,273 1 INFO betopiaerp betopiaerp.models.unlink: User #226 deleted ir.attachment records with IDs: [1188] 
2026-02-09 10:07:38,273 1 INFO betopiaerp betopiaerp.addons.base.tests.test_ir_attachment: Starting TestPermissions.test_write_create_url_binary_attachment ... 
2026-02-09 10:07:38,289 1 INFO betopiaerp betopiaerp.addons.base.tests.test_ir_attachment: Starting TestPermissions.test_write_error ... 
2026-02-09 10:07:38,298 1 INFO betopiaerp betopiaerp.addons.base.models.ir_attachment: _file_write writing /proc/dummy_test 
2026-02-09 10:07:38,300 1 INFO betopiaerp betopiaerp.addons.base.models.ir_attachment: filestore gc 3 checked, 3 removed 
2026-02-09 10:07:38,301 1 INFO betopiaerp betopiaerp.addons.base.tests.test_ir_cron: Starting TestIrCron.test_acquire_processed_job ... 
2026-02-09 10:07:38,301 1 INFO betopiaerp betopiaerp.addons.base.tests.test_ir_cron: Starting TestIrCron.test_cron_commit_progress ... 
2026-02-09 10:07:38,301 1 INFO betopiaerp betopiaerp.addons.base.tests.test_ir_cron: Starting TestIrCron.test_cron_deactivate ... 
2026-02-09 10:07:38,301 1 INFO betopiaerp betopiaerp.addons.base.models.ir_cron: Job 'Dummy cron for TestIrCron 34ZvanwgeZo' (14) starting 
2026-02-09 10:07:38,301 1 INFO betopiaerp betopiaerp.tests.common: Skipping signal changes during tests 
2026-02-09 10:07:38,301 1 INFO betopiaerp betopiaerp.addons.base.models.ir_cron: Job 'Dummy cron for TestIrCron 34ZvanwgeZo' (14) fully done (#loop 1; done 1; remaining 0; duration 0.00s) 
2026-02-09 10:07:38,301 1 INFO betopiaerp betopiaerp.addons.base.tests.test_ir_cron: Starting TestIrCron.test_cron_direct_trigger ... 
2026-02-09 10:07:38,301 1 INFO betopiaerp betopiaerp.addons.base.models.ir_cron: Job 'Dummy cron for TestIrCron drem3bdEcmA' (14) starting 
2026-02-09 10:07:38,301 1 INFO betopiaerp betopiaerp.tests.common: Skipping signal changes during tests 
2026-02-09 10:07:38,301 1 INFO betopiaerp betopiaerp.addons.base.models.ir_cron: Job 'Dummy cron for TestIrCron drem3bdEcmA' (14) fully done (#loop 1; done 0; remaining 0; duration 0.00s) 
2026-02-09 10:07:38,301 1 INFO betopiaerp betopiaerp.addons.base.tests.test_ir_cron: Starting TestIrCron.test_cron_direct_trigger_exception ... 
2026-02-09 10:07:38,301 1 INFO betopiaerp betopiaerp.addons.base.tests.test_ir_cron: Starting TestIrCron.test_cron_failed_increase ... 
2026-02-09 10:07:38,301 1 INFO betopiaerp betopiaerp.addons.base.tests.test_ir_cron: Starting TestIrCron.test_cron_keep_future_triggers ... 
2026-02-09 10:07:38,301 1 INFO betopiaerp betopiaerp.addons.base.tests.test_ir_cron: Starting TestIrCron.test_cron_no_job_ready ... 
2026-02-09 10:07:38,301 1 INFO betopiaerp betopiaerp.addons.base.tests.test_ir_cron: Starting TestIrCron.test_cron_process_job ... 
2026-02-09 10:07:38,301 1 INFO betopiaerp betopiaerp.tests.common: Skipping signal changes during tests 
2026-02-09 10:07:38,301 1 INFO betopiaerp betopiaerp.tests.common: Skipping signal changes during tests 
2026-02-09 10:07:39,301 1 INFO betopiaerp betopiaerp.tests.common: Skipping signal changes during tests 
2026-02-09 10:07:40,301 1 INFO betopiaerp betopiaerp.tests.common: Skipping signal changes during tests 
2026-02-09 10:07:41,301 1 INFO betopiaerp betopiaerp.tests.common: Skipping signal changes during tests 
2026-02-09 10:07:42,301 1 INFO betopiaerp betopiaerp.tests.common: Skipping signal changes during tests 
2026-02-09 10:07:43,301 1 INFO betopiaerp betopiaerp.tests.common: Skipping signal changes during tests 
2026-02-09 10:07:44,301 1 INFO betopiaerp betopiaerp.tests.common: Skipping signal changes during tests 
2026-02-09 10:07:45,301 1 INFO betopiaerp betopiaerp.tests.common: Skipping signal changes during tests 
2026-02-09 10:07:46,301 1 INFO betopiaerp betopiaerp.tests.common: Skipping signal changes during tests 
2026-02-09 10:07:47,301 1 INFO betopiaerp betopiaerp.tests.common: Skipping signal changes during tests 
2026-02-09 10:07:48,301 1 INFO betopiaerp betopiaerp.tests.common: Skipping signal changes during tests 
2026-02-09 10:07:49,301 1 INFO betopiaerp betopiaerp.tests.common: Skipping signal changes during tests 
2026-02-09 10:07:50,301 1 INFO betopiaerp betopiaerp.tests.common: Skipping signal changes during tests 
2026-02-09 10:07:51,301 1 INFO betopiaerp betopiaerp.tests.common: Skipping signal changes during tests 
2026-02-09 10:07:52,301 1 INFO betopiaerp betopiaerp.tests.common: Skipping signal changes during tests 
2026-02-09 10:07:53,301 1 INFO betopiaerp betopiaerp.tests.common: Skipping signal changes during tests 
2026-02-09 10:07:54,301 1 INFO betopiaerp betopiaerp.tests.common: Skipping signal changes during tests 
2026-02-09 10:07:55,301 1 INFO betopiaerp betopiaerp.tests.common: Skipping signal changes during tests 
2026-02-09 10:07:56,301 1 INFO betopiaerp betopiaerp.tests.common: Skipping signal changes during tests 
2026-02-09 10:07:57,301 1 INFO betopiaerp betopiaerp.tests.common: Skipping signal changes during tests 
2026-02-09 10:07:58,301 1 INFO betopiaerp betopiaerp.tests.common: Skipping signal changes during tests 
2026-02-09 10:07:58,301 1 INFO betopiaerp betopiaerp.tests.common: Skipping signal changes during tests 
2026-02-09 10:07:58,301 1 INFO betopiaerp betopiaerp.tests.common: Skipping signal changes during tests 
2026-02-09 10:07:58,301 1 INFO betopiaerp betopiaerp.tests.common: Skipping signal changes during tests 
2026-02-09 10:07:58,301 1 INFO betopiaerp betopiaerp.tests.common: Skipping signal changes during tests 
2026-02-09 10:07:58,301 1 INFO betopiaerp betopiaerp.tests.common: Skipping signal changes during tests 
2026-02-09 10:07:58,301 1 INFO betopiaerp betopiaerp.tests.common: Skipping signal changes during tests 
2026-02-09 10:07:58,301 1 INFO betopiaerp betopiaerp.tests.common: Skipping signal changes during tests 
2026-02-09 10:07:58,301 1 INFO betopiaerp betopiaerp.tests.common: Skipping signal changes during tests 
2026-02-09 10:07:58,301 1 INFO betopiaerp betopiaerp.tests.common: Skipping signal changes during tests 
2026-02-09 10:07:58,301 1 INFO betopiaerp betopiaerp.tests.common: Skipping signal changes during tests 
2026-02-09 10:08:08,301 1 INFO betopiaerp betopiaerp.tests.common: Skipping signal changes during tests 
2026-02-09 10:08:08,301 1 INFO betopiaerp betopiaerp.tests.common: Skipping signal changes during tests 
2026-02-09 10:08:08,301 1 INFO betopiaerp betopiaerp.addons.base.tests.test_ir_cron: Starting TestIrCron.test_cron_process_jobs_locked ... 
2026-02-09 10:08:08,301 1 INFO betopiaerp betopiaerp.addons.base.tests.test_ir_cron: Starting TestIrCron.test_cron_process_jobs_simple ... 
2026-02-09 10:08:08,301 1 INFO betopiaerp betopiaerp.addons.base.tests.test_ir_cron: Starting TestIrCron.test_cron_process_jobs_status_failed ... 
2026-02-09 10:08:08,301 1 INFO betopiaerp betopiaerp.addons.base.tests.test_ir_cron: Starting TestIrCron.test_cron_process_jobs_status_partial ... 
2026-02-09 10:08:08,301 1 INFO betopiaerp betopiaerp.addons.base.tests.test_ir_cron: Starting TestIrCron.test_cron_ready_by_nextcall ... 
2026-02-09 10:08:08,301 1 INFO betopiaerp betopiaerp.addons.base.tests.test_ir_cron: Starting TestIrCron.test_cron_ready_by_trigger ... 
2026-02-09 10:08:08,301 1 INFO betopiaerp betopiaerp.addons.base.tests.test_ir_cron: Starting TestIrCron.test_cron_ready_jobs_order ... 
2026-02-09 10:08:08,301 1 INFO betopiaerp betopiaerp.addons.base.tests.test_ir_cron: Starting TestIrCron.test_cron_retrigger ... 
2026-02-09 10:08:08,301 1 INFO betopiaerp betopiaerp.addons.base.models.ir_cron: Job 'Dummy cron for TestIrCron FzJWsfwxQRQ' (14) starting 
2026-02-09 10:08:10,301 1 INFO betopiaerp betopiaerp.tests.common: Skipping signal changes during tests 
2026-02-09 10:08:12,301 1 INFO betopiaerp betopiaerp.tests.common: Skipping signal changes during tests 
2026-02-09 10:08:14,301 1 INFO betopiaerp betopiaerp.tests.common: Skipping signal changes during tests 
2026-02-09 10:08:16,301 1 INFO betopiaerp betopiaerp.tests.common: Skipping signal changes during tests 
2026-02-09 10:08:18,301 1 INFO betopiaerp betopiaerp.tests.common: Skipping signal changes during tests 
2026-02-09 10:08:20,301 1 INFO betopiaerp betopiaerp.tests.common: Skipping signal changes during tests 
2026-02-09 10:08:22,301 1 INFO betopiaerp betopiaerp.tests.common: Skipping signal changes during tests 
2026-02-09 10:08:24,301 1 INFO betopiaerp betopiaerp.tests.common: Skipping signal changes during tests 
2026-02-09 10:08:26,301 1 INFO betopiaerp betopiaerp.tests.common: Skipping signal changes during tests 
2026-02-09 10:08:28,301 1 INFO betopiaerp betopiaerp.tests.common: Skipping signal changes during tests 
2026-02-09 10:08:28,301 1 INFO betopiaerp betopiaerp.addons.base.models.ir_cron: Job 'Dummy cron for TestIrCron FzJWsfwxQRQ' (14) partially done (#loop 10; done 1; remaining 21; duration 20.00s) 
2026-02-09 10:08:28,301 1 INFO betopiaerp betopiaerp.addons.base.models.ir_cron: Job 'Dummy cron for TestIrCron FzJWsfwxQRQ' (14) starting 
2026-02-09 10:08:28,801 1 INFO betopiaerp betopiaerp.tests.common: Skipping signal changes during tests 
2026-02-09 10:08:29,301 1 INFO betopiaerp betopiaerp.tests.common: Skipping signal changes during tests 
2026-02-09 10:08:29,801 1 INFO betopiaerp betopiaerp.tests.common: Skipping signal changes during tests 
2026-02-09 10:08:30,301 1 INFO betopiaerp betopiaerp.tests.common: Skipping signal changes during tests 
2026-02-09 10:08:30,801 1 INFO betopiaerp betopiaerp.tests.common: Skipping signal changes during tests 
2026-02-09 10:08:31,301 1 INFO betopiaerp betopiaerp.tests.common: Skipping signal changes during tests 
2026-02-09 10:08:31,801 1 INFO betopiaerp betopiaerp.tests.common: Skipping signal changes during tests 
2026-02-09 10:08:32,301 1 INFO betopiaerp betopiaerp.tests.common: Skipping signal changes during tests 
2026-02-09 10:08:32,801 1 INFO betopiaerp betopiaerp.tests.common: Skipping signal changes during tests 
2026-02-09 10:08:33,301 1 INFO betopiaerp betopiaerp.tests.common: Skipping signal changes during tests 
2026-02-09 10:08:33,801 1 INFO betopiaerp betopiaerp.tests.common: Skipping signal changes during tests 
2026-02-09 10:08:34,301 1 INFO betopiaerp betopiaerp.tests.common: Skipping signal changes during tests 
2026-02-09 10:08:34,801 1 INFO betopiaerp betopiaerp.tests.common: Skipping signal changes during tests 
2026-02-09 10:08:35,301 1 INFO betopiaerp betopiaerp.tests.common: Skipping signal changes during tests 
2026-02-09 10:08:35,801 1 INFO betopiaerp betopiaerp.tests.common: Skipping signal changes during tests 
2026-02-09 10:08:36,301 1 INFO betopiaerp betopiaerp.tests.common: Skipping signal changes during tests 
2026-02-09 10:08:36,801 1 INFO betopiaerp betopiaerp.tests.common: Skipping signal changes during tests 
2026-02-09 10:08:37,301 1 INFO betopiaerp betopiaerp.tests.common: Skipping signal changes during tests 
2026-02-09 10:08:37,801 1 INFO betopiaerp betopiaerp.tests.common: Skipping signal changes during tests 
2026-02-09 10:08:38,301 1 INFO betopiaerp betopiaerp.tests.common: Skipping signal changes during tests 
2026-02-09 10:08:38,301 1 INFO betopiaerp betopiaerp.addons.base.models.ir_cron: Job 'Dummy cron for TestIrCron FzJWsfwxQRQ' (14) partially done (#loop 20; done 1; remaining 1; duration 10.00s) 
2026-02-09 10:08:38,301 1 INFO betopiaerp betopiaerp.addons.base.models.ir_cron: Job 'Dummy cron for TestIrCron FzJWsfwxQRQ' (14) starting 
2026-02-09 10:08:38,801 1 INFO betopiaerp betopiaerp.tests.common: Skipping signal changes during tests 
2026-02-09 10:08:38,801 1 INFO betopiaerp betopiaerp.addons.base.models.ir_cron: Job 'Dummy cron for TestIrCron FzJWsfwxQRQ' (14) fully done (#loop 1; done 1; remaining 0; duration 0.50s) 
2026-02-09 10:08:38,801 1 INFO betopiaerp betopiaerp.addons.base.tests.test_ir_cron: Starting TestIrCron.test_cron_skip_unactive_triggers ... 
2026-02-09 10:08:38,801 1 INFO betopiaerp betopiaerp.addons.base.tests.test_ir_cron: Starting TestIrCron.test_cron_timeout_failure ... 
2026-02-09 10:08:38,801 1 INFO betopiaerp betopiaerp.addons.base.models.ir_cron: Job 'Dummy cron for TestIrCron 9h_hMLPpRCM' (14) starting 
2026-02-09 10:08:38,801 1 INFO betopiaerp betopiaerp.tests.common: Skipping signal changes during tests 
2026-02-09 10:08:38,801 1 INFO betopiaerp betopiaerp.addons.base.models.ir_cron: Job 'Dummy cron for TestIrCron 9h_hMLPpRCM' (14) fully done (#loop 1; done 0; remaining 0; duration 0.00s) 
2026-02-09 10:08:38,801 1 INFO betopiaerp betopiaerp.addons.base.tests.test_ir_cron: Starting TestIrCron.test_cron_timeout_success ... 
2026-02-09 10:08:38,801 1 INFO betopiaerp betopiaerp.addons.base.models.ir_cron: Job 'Dummy cron for TestIrCron Hvg8Mg-4ip4' (14) starting 
2026-02-09 10:08:38,801 1 INFO betopiaerp betopiaerp.tests.common: Skipping signal changes during tests 
2026-02-09 10:08:38,801 1 INFO betopiaerp betopiaerp.addons.base.models.ir_cron: Job 'Dummy cron for TestIrCron Hvg8Mg-4ip4' (14) fully done (#loop 1; done 0; remaining 0; duration 0.00s) 
2026-02-09 10:08:38,801 1 INFO betopiaerp betopiaerp.addons.base.tests.test_ir_cron: Starting TestIrCron.test_cron_unactive_never_ready ... 
2026-02-09 10:07:39,107 1 INFO betopiaerp betopiaerp.addons.base.models.ir_attachment: filestore gc 0 checked, 0 removed 
2026-02-09 10:07:39,108 1 INFO betopiaerp betopiaerp.addons.base.tests.test_ir_cron: Starting TestIrCronUser.test_cron_archived_admin_user ... 
2026-02-09 10:07:39,176 1 INFO betopiaerp betopiaerp.addons.base.models.ir_attachment: filestore gc 1 checked, 1 removed 
2026-02-09 10:07:39,177 1 INFO betopiaerp betopiaerp.addons.base.tests.test_ir_default: Starting TestIrDefault.test_conditions ... 
2026-02-09 10:07:39,180 1 INFO betopiaerp betopiaerp.models.unlink: User #1 deleted ir.default records with IDs: [1] 
2026-02-09 10:07:39,186 1 INFO betopiaerp betopiaerp.models.unlink: User #1 deleted ir.default records with IDs: [13] 
2026-02-09 10:07:39,192 1 INFO betopiaerp betopiaerp.addons.base.tests.test_ir_default: Starting TestIrDefault.test_defaults ... 
2026-02-09 10:07:39,284 1 INFO betopiaerp betopiaerp.models.unlink: User #1 deleted ir.default records with IDs: [1] 
2026-02-09 10:07:39,300 1 INFO betopiaerp betopiaerp.addons.base.tests.test_ir_default: Starting TestIrDefault.test_invalid ... 
2026-02-09 10:07:39,302 1 INFO betopiaerp betopiaerp.addons.base.tests.test_ir_default: Starting TestIrDefault.test_json_format_invalid ... 
2026-02-09 10:07:39,307 1 INFO betopiaerp betopiaerp.addons.base.tests.test_ir_default: Starting TestIrDefault.test_multi_company_defaults ... 
2026-02-09 10:07:39,441 1 INFO betopiaerp betopiaerp.addons.base.tests.test_ir_default: Starting TestIrDefault.test_removal ... 
2026-02-09 10:07:39,443 1 INFO betopiaerp betopiaerp.models.unlink: User #1 deleted ir.default records with IDs: [1] 
2026-02-09 10:07:39,449 1 INFO betopiaerp betopiaerp.models.unlink: User #1 deleted ir.default records with IDs: [22] 
2026-02-09 10:07:39,450 1 INFO betopiaerp betopiaerp.models.unlink: User #1 deleted res.country records with IDs: [319] 
2026-02-09 10:07:39,453 1 INFO betopiaerp betopiaerp.addons.base.models.ir_attachment: filestore gc 2 checked, 2 removed 
2026-02-09 10:07:39,481 1 INFO betopiaerp betopiaerp.addons.base.tests.test_ir_embedded_actions: Starting TestEmbeddedActionsBase.test_can_delete_custom_embedded_action ... 
2026-02-09 10:07:39,490 1 INFO betopiaerp betopiaerp.models.unlink: User #1 deleted ir.embedded.actions records with IDs: [15] 
2026-02-09 10:07:39,491 1 INFO betopiaerp betopiaerp.addons.base.tests.test_ir_embedded_actions: Starting TestEmbeddedActionsBase.test_cannot_delete_default_embedded_action ... 
2026-02-09 10:07:39,491 1 INFO betopiaerp betopiaerp.addons.base.tests.test_ir_embedded_actions: Starting TestEmbeddedActionsBase.test_create_embedded_action_with_action_and_python_method ... 
2026-02-09 10:07:39,494 1 INFO betopiaerp betopiaerp.addons.base.tests.test_ir_embedded_actions: Starting TestEmbeddedActionsBase.test_domain_on_embedded_action ... 
2026-02-09 10:07:39,502 1 INFO betopiaerp betopiaerp.addons.base.tests.test_ir_embedded_actions: Starting TestEmbeddedActionsBase.test_groups_on_embedded_action ... 
2026-02-09 10:07:39,526 1 INFO betopiaerp betopiaerp.addons.base.tests.test_ir_embedded_actions: Starting TestEmbeddedActionsBase.test_parent_has_embedded_actions ... 
2026-02-09 10:07:39,531 1 INFO betopiaerp betopiaerp.addons.base.models.ir_attachment: filestore gc 1 checked, 1 removed 
2026-02-09 10:07:39,555 1 INFO betopiaerp betopiaerp.addons.base.tests.test_ir_filters: Starting TestGetFilters.test_global_filters ... 
2026-02-09 10:07:39,570 1 INFO betopiaerp betopiaerp.addons.base.tests.test_ir_filters: Starting TestGetFilters.test_no_third_party_filters ... 
2026-02-09 10:07:39,588 1 INFO betopiaerp betopiaerp.addons.base.tests.test_ir_filters: Starting TestGetFilters.test_own_filters ... 
2026-02-09 10:07:39,604 1 INFO betopiaerp betopiaerp.addons.base.models.ir_attachment: filestore gc 1 checked, 1 removed 
2026-02-09 10:07:39,628 1 INFO betopiaerp betopiaerp.addons.base.tests.test_ir_filters: Starting TestEmbeddedFilters.test_global_filters_with_embedded_action ... 
2026-02-09 10:07:39,649 1 INFO betopiaerp betopiaerp.addons.base.tests.test_ir_filters: Starting TestEmbeddedFilters.test_global_filters_with_no_embedded_action ... 
2026-02-09 10:07:39,663 1 INFO betopiaerp betopiaerp.addons.base.models.ir_attachment: filestore gc 1 checked, 1 removed 
2026-02-09 10:07:39,664 1 INFO betopiaerp betopiaerp.addons.base.tests.test_ir_mail_server: Starting EmailConfigCase.test_default_email_from ... 
2026-02-09 10:07:39,667 1 INFO betopiaerp betopiaerp.addons.base.models.ir_attachment: filestore gc 0 checked, 0 removed 
2026-02-09 10:07:39,672 1 INFO betopiaerp betopiaerp.addons.base.tests.test_ir_mail_server: Starting TestIrMailServer.test_assert_base_values ... 
2026-02-09 10:07:39,673 1 INFO betopiaerp betopiaerp.addons.base.tests.test_ir_mail_server: Starting TestIrMailServer.test_bpo_34424_35805 ... 
2026-02-09 10:07:39,674 1 INFO betopiaerp betopiaerp.addons.base.tests.test_ir_mail_server: Starting TestIrMailServer.test_content_alternative_correct_order ... 
2026-02-09 10:07:39,679 1 INFO betopiaerp betopiaerp.addons.base.tests.test_ir_mail_server: Starting TestIrMailServer.test_content_mail_body ... 
2026-02-09 10:07:39,686 1 INFO betopiaerp betopiaerp.addons.base.tests.test_ir_mail_server: Starting TestIrMailServer.test_eml_attachment_encoding ... 
2026-02-09 10:07:39,687 1 INFO betopiaerp betopiaerp.addons.base.tests.test_ir_mail_server: Starting TestIrMailServer.test_eml_message_serialization_with_non_ascii ... 
2026-02-09 10:07:39,689 1 INFO betopiaerp betopiaerp.addons.base.tests.test_ir_mail_server: Starting TestIrMailServer.test_mail_server_auth_cert_requires_tls ... 
2026-02-09 10:07:39,692 1 INFO betopiaerp betopiaerp.addons.base.tests.test_ir_mail_server: Starting TestIrMailServer.test_mail_server_config_bin ... 
2026-02-09 10:07:39,720 1 INFO betopiaerp betopiaerp.addons.base.tests.test_ir_mail_server: Starting TestIrMailServer.test_mail_server_config_cli ... 
2026-02-09 10:07:39,732 1 INFO betopiaerp betopiaerp.addons.base.tests.test_ir_mail_server: Starting TestIrMailServer.test_mail_server_get_test_email_from ... 
2026-02-09 10:07:39,743 1 INFO betopiaerp betopiaerp.addons.base.tests.test_ir_mail_server: Starting TestIrMailServer.test_mail_server_match_from_filter ... 
2026-02-09 10:07:39,744 1 INFO betopiaerp betopiaerp.addons.base.tests.test_ir_mail_server: Starting TestIrMailServer.test_mail_server_priorities ... 
2026-02-09 10:07:39,746 1 INFO betopiaerp betopiaerp.addons.base.tests.test_ir_mail_server: Starting TestIrMailServer.test_mail_server_send_email ... 
2026-02-09 10:07:39,766 1 INFO betopiaerp betopiaerp.addons.base.tests.test_ir_mail_server: Starting TestIrMailServer.test_mail_server_send_email_IDNA ... 
2026-02-09 10:07:39,769 1 INFO betopiaerp betopiaerp.addons.base.tests.test_ir_mail_server: Starting TestIrMailServer.test_mail_server_send_email_context_force ... 
2026-02-09 10:07:39,778 1 INFO betopiaerp betopiaerp.addons.base.models.ir_attachment: filestore gc 0 checked, 0 removed 
2026-02-09 10:07:39,779 1 INFO betopiaerp betopiaerp.addons.base.tests.test_ir_mail_server_smtpd: Starting TestIrMailServerSMTPD.test_authentication_certificate_matrix ... 
2026-02-09 10:07:39,779 1 INFO betopiaerp betopiaerp.addons.base.tests.test_ir_mail_server_smtpd: skipped TestIrMailServerSMTPD.test_authentication_certificate_matrix : aiosmtpd couldn't be imported 
2026-02-09 10:07:39,779 1 INFO betopiaerp betopiaerp.addons.base.tests.test_ir_mail_server_smtpd: Starting TestIrMailServerSMTPD.test_authentication_login_matrix ... 
2026-02-09 10:07:39,780 1 INFO betopiaerp betopiaerp.addons.base.tests.test_ir_mail_server_smtpd: skipped TestIrMailServerSMTPD.test_authentication_login_matrix : aiosmtpd couldn't be imported 
2026-02-09 10:07:39,780 1 INFO betopiaerp betopiaerp.addons.base.tests.test_ir_mail_server_smtpd: Starting TestIrMailServerSMTPD.test_encryption_matrix ... 
2026-02-09 10:07:39,780 1 INFO betopiaerp betopiaerp.addons.base.tests.test_ir_mail_server_smtpd: skipped TestIrMailServerSMTPD.test_encryption_matrix : aiosmtpd couldn't be imported 
2026-02-09 10:07:39,780 1 INFO betopiaerp betopiaerp.addons.base.tests.test_ir_mail_server_smtpd: Starting TestIrMailServerSMTPD.test_man_in_the_middle_matrix ... 
2026-02-09 10:07:39,781 1 INFO betopiaerp betopiaerp.addons.base.tests.test_ir_mail_server_smtpd: skipped TestIrMailServerSMTPD.test_man_in_the_middle_matrix : aiosmtpd couldn't be imported 
2026-02-09 10:07:39,781 1 INFO betopiaerp betopiaerp.addons.base.tests.test_ir_model: Starting TestXMLID.test_create ... 
2026-02-09 10:07:39,787 1 INFO betopiaerp betopiaerp.addons.base.tests.test_ir_model: Starting TestXMLID.test_create_external_id_with_space ... 
2026-02-09 10:07:39,789 1 INFO betopiaerp betopiaerp.addons.base.tests.test_ir_model: Starting TestXMLID.test_create_inherits ... 
2026-02-09 10:07:39,808 1 INFO betopiaerp betopiaerp.addons.base.tests.test_ir_model: Starting TestXMLID.test_create_noupdate ... 
2026-02-09 10:07:39,812 1 INFO betopiaerp betopiaerp.addons.base.tests.test_ir_model: Starting TestXMLID.test_create_noupdate_multi ... 
2026-02-09 10:07:39,816 1 INFO betopiaerp betopiaerp.addons.base.tests.test_ir_model: Starting TestXMLID.test_create_order ... 
2026-02-09 10:07:39,822 1 INFO betopiaerp betopiaerp.addons.base.tests.test_ir_model: Starting TestXMLID.test_create_xmlids ... 
2026-02-09 10:07:39,845 1 INFO betopiaerp betopiaerp.addons.base.tests.test_ir_model: Starting TestXMLID.test_recreate ... 
2026-02-09 10:07:39,850 1 INFO betopiaerp betopiaerp.models.unlink: User #1 deleted ir.model.data records with IDs: [39981] 
2026-02-09 10:07:39,851 1 INFO betopiaerp betopiaerp.models.unlink: User #1 deleted res.partner.category records with IDs: [215] 
2026-02-09 10:07:39,853 1 INFO betopiaerp betopiaerp.addons.base.tests.test_ir_model: Starting TestXMLID.test_update_xmlid ... 
2026-02-09 10:07:39,857 1 INFO betopiaerp betopiaerp.addons.base.models.ir_attachment: filestore gc 2 checked, 2 removed 
2026-02-09 10:07:39,858 1 INFO betopiaerp betopiaerp.addons.base.tests.test_ir_model: Starting TestEvalContext.test_module_usage ... 
2026-02-09 10:07:39,907 1 INFO betopiaerp betopiaerp.addons.base.models.ir_attachment: filestore gc 0 checked, 0 removed 
2026-02-09 10:07:39,907 1 INFO betopiaerp betopiaerp.addons.base.tests.test_ir_model: Starting TestIrModelInherit.test_inherit ... 
2026-02-09 10:07:39,909 1 INFO betopiaerp betopiaerp.addons.base.tests.test_ir_model: Starting TestIrModelInherit.test_inherits ... 
2026-02-09 10:07:39,914 1 INFO betopiaerp betopiaerp.addons.base.models.ir_attachment: filestore gc 0 checked, 0 removed 
2026-02-09 10:07:39,915 1 INFO betopiaerp betopiaerp.addons.base.tests.test_ir_module: Starting IrModuleCase.test_missing_module_icon ... 
2026-02-09 10:07:39,928 1 INFO betopiaerp betopiaerp.addons.base.tests.test_ir_module: Starting IrModuleCase.test_module_wrong_icon ... 
2026-02-09 10:07:39,934 1 INFO betopiaerp betopiaerp.addons.base.tests.test_ir_module: Starting IrModuleCase.test_new_module_icon ... 
2026-02-09 10:07:39,935 1 INFO betopiaerp betopiaerp.addons.base.models.ir_attachment: filestore gc 0 checked, 0 removed 
2026-02-09 10:07:39,936 1 INFO betopiaerp betopiaerp.addons.base.tests.test_ir_module_category: Starting TestModuleCategory.test_parent_circular_dependencies ... 
2026-02-09 10:07:39,945 1 INFO betopiaerp betopiaerp.addons.base.models.ir_attachment: filestore gc 0 checked, 0 removed 
2026-02-09 10:07:39,946 1 INFO betopiaerp betopiaerp.addons.base.tests.test_ir_sequence: Starting TestIrSequenceStandard.test_ir_sequence_create ... 
2026-02-09 10:07:39,949 1 INFO betopiaerp betopiaerp.addons.base.tests.test_ir_sequence: Starting TestIrSequenceStandard.test_ir_sequence_draw ... 
2026-02-09 10:07:39,953 1 INFO betopiaerp betopiaerp.addons.base.tests.test_ir_sequence: Starting TestIrSequenceStandard.test_ir_sequence_draw_twice ... 
2026-02-09 10:07:39,960 1 INFO betopiaerp betopiaerp.addons.base.tests.test_ir_sequence: Starting TestIrSequenceStandard.test_ir_sequence_search ... 
2026-02-09 10:07:39,965 1 INFO betopiaerp betopiaerp.models.unlink: User #1 deleted ir.sequence records with IDs: [16] 
2026-02-09 10:07:39,966 1 INFO betopiaerp betopiaerp.addons.base.tests.test_ir_sequence: Starting TestIrSequenceNoGap.test_ir_sequence_create_no_gap ... 
2026-02-09 10:07:39,969 1 INFO betopiaerp betopiaerp.addons.base.tests.test_ir_sequence: Starting TestIrSequenceNoGap.test_ir_sequence_draw_no_gap ... 
2026-02-09 10:07:39,973 1 INFO betopiaerp betopiaerp.addons.base.tests.test_ir_sequence: Starting TestIrSequenceNoGap.test_ir_sequence_draw_twice_no_gap ... 
2026-02-09 10:07:39,981 1 INFO betopiaerp betopiaerp.models.unlink: User #1 deleted ir.sequence records with IDs: [17] 
2026-02-09 10:07:39,982 1 INFO betopiaerp betopiaerp.addons.base.tests.test_ir_sequence: Starting TestIrSequenceChangeImplementation.test_ir_sequence_1_create ... 
2026-02-09 10:07:39,985 1 INFO betopiaerp betopiaerp.addons.base.tests.test_ir_sequence: Starting TestIrSequenceChangeImplementation.test_ir_sequence_2_write ... 
2026-02-09 10:07:39,989 1 INFO betopiaerp betopiaerp.addons.base.tests.test_ir_sequence: Starting TestIrSequenceChangeImplementation.test_ir_sequence_3_unlink ... 
2026-02-09 10:07:39,992 1 INFO betopiaerp betopiaerp.models.unlink: User #1 deleted ir.sequence records with IDs: [18, 19] 
2026-02-09 10:07:39,995 1 INFO betopiaerp betopiaerp.addons.base.tests.test_ir_sequence: Starting TestIrSequenceGenerate.test_ir_sequence_create ... 
2026-02-09 10:07:40,004 1 INFO betopiaerp betopiaerp.addons.base.tests.test_ir_sequence: Starting TestIrSequenceGenerate.test_ir_sequence_create_no_gap ... 
2026-02-09 10:07:40,017 1 INFO betopiaerp betopiaerp.addons.base.tests.test_ir_sequence: Starting TestIrSequenceGenerate.test_ir_sequence_interpolation_dict ... 
2026-02-09 10:07:40,021 1 INFO betopiaerp betopiaerp.addons.base.tests.test_ir_sequence: Starting TestIrSequenceGenerate.test_ir_sequence_iso_directives ... 
2026-02-09 10:07:40,046 1 INFO betopiaerp betopiaerp.addons.base.tests.test_ir_sequence: Starting TestIrSequenceGenerate.test_ir_sequence_prefix ... 
2026-02-09 10:07:40,052 1 INFO betopiaerp betopiaerp.addons.base.tests.test_ir_sequence: Starting TestIrSequenceGenerate.test_ir_sequence_suffix ... 
2026-02-09 10:07:40,059 1 INFO betopiaerp betopiaerp.models.unlink: User #1 deleted ir.sequence records with IDs: [20, 21, 22, 23, 24, 25] 
2026-02-09 10:07:40,061 1 INFO betopiaerp betopiaerp.addons.base.tests.test_ir_sequence: Starting TestIrSequenceInit.test_00 ... 
2026-02-09 10:07:40,065 1 INFO betopiaerp betopiaerp.addons.base.models.ir_attachment: filestore gc 0 checked, 0 removed 
2026-02-09 10:07:40,066 1 INFO betopiaerp betopiaerp.addons.base.tests.test_ir_sequence_date_range: Starting TestIrSequenceDateRangeStandard.test_ir_sequence_date_range_1_create ... 
2026-02-09 10:07:40,068 1 INFO betopiaerp betopiaerp.addons.base.tests.test_ir_sequence_date_range: Starting TestIrSequenceDateRangeStandard.test_ir_sequence_date_range_2_change_dates ... 
2026-02-09 10:07:40,078 1 INFO betopiaerp betopiaerp.addons.base.tests.test_ir_sequence_date_range: Starting TestIrSequenceDateRangeStandard.test_ir_sequence_date_range_3_unlink ... 
2026-02-09 10:07:40,082 1 INFO betopiaerp betopiaerp.models.unlink: User #1 deleted ir.sequence records with IDs: [27] 
2026-02-09 10:07:40,084 1 INFO betopiaerp betopiaerp.addons.base.tests.test_ir_sequence_date_range: Starting TestIrSequenceDateRangeNoGap.test_ir_sequence_date_range_1_create_no_gap ... 
2026-02-09 10:07:40,087 1 INFO betopiaerp betopiaerp.addons.base.tests.test_ir_sequence_date_range: Starting TestIrSequenceDateRangeNoGap.test_ir_sequence_date_range_2_change_dates ... 
2026-02-09 10:07:40,102 1 INFO betopiaerp betopiaerp.addons.base.tests.test_ir_sequence_date_range: Starting TestIrSequenceDateRangeNoGap.test_ir_sequence_date_range_3_unlink ... 
2026-02-09 10:07:40,104 1 INFO betopiaerp betopiaerp.models.unlink: User #1 deleted ir.sequence records with IDs: [28] 
2026-02-09 10:07:40,105 1 INFO betopiaerp betopiaerp.addons.base.tests.test_ir_sequence_date_range: Starting TestIrSequenceDateRangeChangeImplementation.test_ir_sequence_date_range_1_create ... 
2026-02-09 10:07:40,108 1 INFO betopiaerp betopiaerp.addons.base.tests.test_ir_sequence_date_range: Starting TestIrSequenceDateRangeChangeImplementation.test_ir_sequence_date_range_2_use ... 
2026-02-09 10:07:40,132 1 INFO betopiaerp betopiaerp.addons.base.tests.test_ir_sequence_date_range: Starting TestIrSequenceDateRangeChangeImplementation.test_ir_sequence_date_range_3_write ... 
2026-02-09 10:07:40,135 1 INFO betopiaerp betopiaerp.addons.base.tests.test_ir_sequence_date_range: Starting TestIrSequenceDateRangeChangeImplementation.test_ir_sequence_date_range_4_unlink ... 
2026-02-09 10:07:40,137 1 INFO betopiaerp betopiaerp.models.unlink: User #1 deleted ir.sequence records with IDs: [29, 30] 
2026-02-09 10:07:40,138 1 INFO betopiaerp betopiaerp.addons.base.tests.test_mail: Starting TestSanitizer.test_abrupt_close ... 
2026-02-09 10:07:40,139 1 INFO betopiaerp betopiaerp.addons.base.tests.test_mail: Starting TestSanitizer.test_abrut_malformed ... 
2026-02-09 10:07:40,139 1 INFO betopiaerp betopiaerp.addons.base.tests.test_mail: Starting TestSanitizer.test_basic_sanitizer ... 
2026-02-09 10:07:40,140 1 INFO betopiaerp betopiaerp.addons.base.tests.test_mail: Starting TestSanitizer.test_cid_with_at ... 
2026-02-09 10:07:40,141 1 INFO betopiaerp betopiaerp.addons.base.tests.test_mail: Starting TestSanitizer.test_comment_malformed ... 
2026-02-09 10:07:40,141 1 INFO betopiaerp betopiaerp.addons.base.tests.test_mail: Starting TestSanitizer.test_comment_multiline ... 
2026-02-09 10:07:40,142 1 INFO betopiaerp betopiaerp.addons.base.tests.test_mail: Starting TestSanitizer.test_edi_source ... 
2026-02-09 10:07:40,143 1 INFO betopiaerp betopiaerp.addons.base.tests.test_mail: Starting TestSanitizer.test_evil_malicious_code ... 
2026-02-09 10:07:40,146 1 INFO betopiaerp betopiaerp.addons.base.tests.test_mail: Starting TestSanitizer.test_html ... 
2026-02-09 10:07:40,147 1 INFO betopiaerp betopiaerp.addons.base.tests.test_mail: Starting TestSanitizer.test_misc ... 
2026-02-09 10:07:40,147 1 INFO betopiaerp betopiaerp.addons.base.tests.test_mail: Starting TestSanitizer.test_outlook_mail_sanitize ... 
2026-02-09 10:07:40,148 1 INFO betopiaerp betopiaerp.addons.base.tests.test_mail: Starting TestSanitizer.test_quote_basic_text ... 
2026-02-09 10:07:40,149 1 INFO betopiaerp betopiaerp.addons.base.tests.test_mail: Starting TestSanitizer.test_quote_blockquote ... 
2026-02-09 10:07:40,150 1 INFO betopiaerp betopiaerp.addons.base.tests.test_mail: Starting TestSanitizer.test_quote_bugs ... 
2026-02-09 10:07:40,150 1 INFO betopiaerp betopiaerp.addons.base.tests.test_mail: Starting TestSanitizer.test_quote_gmail ... 
2026-02-09 10:07:40,151 1 INFO betopiaerp betopiaerp.addons.base.tests.test_mail: Starting TestSanitizer.test_quote_hotmail_html ... 
2026-02-09 10:07:40,153 1 INFO betopiaerp betopiaerp.addons.base.tests.test_mail: Starting TestSanitizer.test_quote_outlook_html ... 
2026-02-09 10:07:40,153 1 INFO betopiaerp betopiaerp.addons.base.tests.test_mail: Starting TestSanitizer.test_quote_signature ... 
2026-02-09 10:07:40,154 1 INFO betopiaerp betopiaerp.addons.base.tests.test_mail: Starting TestSanitizer.test_quote_signature_container_propagation ... 
2026-02-09 10:07:40,155 1 INFO betopiaerp betopiaerp.addons.base.tests.test_mail: Starting TestSanitizer.test_quote_text ... 
2026-02-09 10:07:40,155 1 INFO betopiaerp betopiaerp.addons.base.tests.test_mail: Starting TestSanitizer.test_quote_thunderbird ... 
2026-02-09 10:07:40,156 1 INFO betopiaerp betopiaerp.addons.base.tests.test_mail: Starting TestSanitizer.test_quote_thunderbird_html ... 
2026-02-09 10:07:40,156 1 INFO betopiaerp betopiaerp.addons.base.tests.test_mail: Starting TestSanitizer.test_quote_yahoo_html ... 
2026-02-09 10:07:40,157 1 INFO betopiaerp betopiaerp.addons.base.tests.test_mail: Starting TestSanitizer.test_sanitize_unescape_emails ... 
2026-02-09 10:07:40,158 1 INFO betopiaerp betopiaerp.addons.base.tests.test_mail: Starting TestSanitizer.test_style_class ... 
2026-02-09 10:07:40,158 1 INFO betopiaerp betopiaerp.addons.base.tests.test_mail: Starting TestSanitizer.test_style_class_only ... 
2026-02-09 10:07:40,159 1 INFO betopiaerp betopiaerp.addons.base.tests.test_mail: Starting TestSanitizer.test_style_parsing ... 
2026-02-09 10:07:40,160 1 INFO betopiaerp betopiaerp.addons.base.tests.test_mail: Starting TestHtmlTools.test_append_to_html ... 
2026-02-09 10:07:40,161 1 INFO betopiaerp betopiaerp.addons.base.tests.test_mail: Starting TestHtmlTools.test_html_html_to_inner_content ... 
2026-02-09 10:07:40,162 1 INFO betopiaerp betopiaerp.addons.base.tests.test_mail: Starting TestHtmlTools.test_is_html_empty ... 
2026-02-09 10:07:40,162 1 INFO betopiaerp betopiaerp.addons.base.tests.test_mail: Starting TestHtmlTools.test_nl2br_enclose ... 
2026-02-09 10:07:40,162 1 INFO betopiaerp betopiaerp.addons.base.tests.test_mail: Starting TestHtmlTools.test_plaintext2html ... 
2026-02-09 10:07:40,163 1 INFO betopiaerp betopiaerp.addons.base.tests.test_mail: Starting TestHtmlTools.test_prepend_html_content ... 
2026-02-09 10:07:40,163 1 INFO betopiaerp betopiaerp.addons.base.tests.test_mail: Starting TestEmailTools.test_email_anonymize ... 
2026-02-09 10:07:40,164 1 INFO betopiaerp betopiaerp.addons.base.tests.test_mail: Starting TestEmailTools.test_email_domain_normalize ... 
2026-02-09 10:07:40,164 1 INFO betopiaerp betopiaerp.addons.base.tests.test_mail: Starting TestEmailTools.test_email_formataddr ... 
2026-02-09 10:07:40,164 1 INFO betopiaerp betopiaerp.addons.base.tests.test_mail: Starting TestEmailTools.test_email_normalize ... 
2026-02-09 10:07:40,165 1 INFO betopiaerp betopiaerp.addons.base.tests.test_mail: Starting TestEmailTools.test_email_re ... 
2026-02-09 10:07:40,165 1 INFO betopiaerp betopiaerp.addons.base.tests.test_mail: Starting TestEmailTools.test_email_split ... 
2026-02-09 10:07:40,166 1 INFO betopiaerp betopiaerp.addons.base.tests.test_mail: Starting TestEmailTools.test_email_split_and_format ... 
2026-02-09 10:07:40,167 1 INFO betopiaerp betopiaerp.addons.base.tests.test_mail: Starting TestEmailTools.test_email_split_tuples ... 
2026-02-09 10:07:40,168 1 INFO betopiaerp betopiaerp.addons.base.tests.test_mail: Starting TestEmailTools.test_extract_rfc2822_addresses ... 
2026-02-09 10:07:40,168 1 INFO betopiaerp betopiaerp.addons.base.tests.test_mail: Starting TestEmailTools.test_single_email_re ... 
2026-02-09 10:07:40,168 1 INFO betopiaerp betopiaerp.addons.base.tests.test_mail: Starting TestMailTools.test_html2plaintext ... 
2026-02-09 10:07:40,170 1 INFO betopiaerp betopiaerp.addons.base.tests.test_menu: Starting TestMenu.test_00_menu_deletion ... 
2026-02-09 10:07:40,182 1 INFO betopiaerp betopiaerp.models.unlink: User #1 deleted ir.ui.menu records with IDs: [78] 
2026-02-09 10:07:40,184 1 INFO betopiaerp betopiaerp.addons.base.models.ir_attachment: filestore gc 0 checked, 0 removed 
2026-02-09 10:07:40,184 1 INFO betopiaerp betopiaerp.addons.base.tests.test_mimetypes: Starting test_guess_mimetype.test_default_mimetype ... 
2026-02-09 10:07:40,184 1 INFO betopiaerp betopiaerp.addons.base.tests.test_mimetypes: Starting test_guess_mimetype.test_default_mimetype_empty ... 
2026-02-09 10:07:40,185 1 INFO betopiaerp betopiaerp.addons.base.tests.test_mimetypes: Starting test_guess_mimetype.test_mimetype_bmp ... 
2026-02-09 10:07:40,185 1 INFO betopiaerp betopiaerp.addons.base.tests.test_mimetypes: Starting test_guess_mimetype.test_mimetype_fix_extension ... 
2026-02-09 10:07:40,185 1 WARNING betopiaerp betopiaerp.tools.mimetypes: File 'sheet.xlsx' has an unknown extension for mimetype 'application/vnd.openxmlformats-officedocument.spreadsheetml.sheet' 
2026-02-09 10:07:40,186 1 INFO betopiaerp betopiaerp.addons.base.tests.test_mimetypes: Starting test_guess_mimetype.test_mimetype_get_extension ... 
2026-02-09 10:07:40,189 1 INFO betopiaerp betopiaerp.addons.base.tests.test_mimetypes: ====================================================================== 
2026-02-09 10:07:40,189 1 ERROR betopiaerp betopiaerp.addons.base.tests.test_mimetypes: FAIL: test_guess_mimetype.test_mimetype_get_extension
Traceback (most recent call last):
  File "/opt/betopiaerp/betopiaerp/addons/base/tests/test_mimetypes.py", line 137, in test_mimetype_get_extension
    self.assertEqual(get_extension('filename.torrent'), '.torrent')
AssertionError: '' != '.torrent'
+ .torrent

 
2026-02-09 10:07:40,189 1 INFO betopiaerp betopiaerp.addons.base.tests.test_mimetypes: Starting test_guess_mimetype.test_mimetype_gif ... 
2026-02-09 10:07:40,190 1 INFO betopiaerp betopiaerp.addons.base.tests.test_mimetypes: Starting test_guess_mimetype.test_mimetype_jpg ... 
2026-02-09 10:07:40,190 1 INFO betopiaerp betopiaerp.addons.base.tests.test_mimetypes: Starting test_guess_mimetype.test_mimetype_octet_stream ... 
2026-02-09 10:07:40,190 1 INFO betopiaerp betopiaerp.addons.base.tests.test_mimetypes: Starting test_guess_mimetype.test_mimetype_png ... 
2026-02-09 10:07:40,190 1 INFO betopiaerp betopiaerp.addons.base.tests.test_mimetypes: Starting test_guess_mimetype.test_mimetype_svg ... 
2026-02-09 10:07:40,190 1 INFO betopiaerp betopiaerp.addons.base.tests.test_mimetypes: Starting test_guess_mimetype.test_mimetype_txt ... 
2026-02-09 10:07:40,191 1 INFO betopiaerp betopiaerp.addons.base.tests.test_mimetypes: Starting test_guess_mimetype.test_mimetype_webp ... 
2026-02-09 10:07:40,191 1 INFO betopiaerp betopiaerp.addons.base.tests.test_mimetypes: Starting test_guess_mimetype.test_mimetype_xml ... 
2026-02-09 10:07:40,191 1 INFO betopiaerp betopiaerp.addons.base.tests.test_mimetypes: Starting test_guess_mimetype.test_mimetype_zip ... 
2026-02-09 10:07:40,192 1 INFO betopiaerp betopiaerp.addons.base.tests.test_misc: Starting TestMergeSequences.test_merge_sequences ... 
2026-02-09 10:07:40,192 1 INFO betopiaerp betopiaerp.addons.base.tests.test_misc: Starting TestFormatLangDate.test_00_accepted_types ... 
2026-02-09 10:07:40,199 1 INFO betopiaerp betopiaerp.addons.base.tests.test_misc: Starting TestFormatLangDate.test_01_code_and_format ... 
2026-02-09 10:07:40,210 1 INFO betopiaerp betopiaerp.addons.base.tests.test_misc: Starting TestFormatLangDate.test_02_tz ... 
2026-02-09 10:07:40,216 1 INFO betopiaerp betopiaerp.addons.base.models.ir_attachment: filestore gc 0 checked, 0 removed 
2026-02-09 10:07:40,216 1 INFO betopiaerp betopiaerp.addons.base.tests.test_misc: Starting TestCallbacks.test_aggregate ... 
2026-02-09 10:07:40,216 1 INFO betopiaerp betopiaerp.addons.base.tests.test_misc: Starting TestCallbacks.test_callback ... 
2026-02-09 10:07:40,217 1 INFO betopiaerp betopiaerp.addons.base.tests.test_misc: Starting TestCallbacks.test_reentrant ... 
2026-02-09 10:07:40,217 1 INFO betopiaerp betopiaerp.addons.base.tests.test_misc: Starting TestRemoveAccents.test_empty_string ... 
2026-02-09 10:07:40,217 1 INFO betopiaerp betopiaerp.addons.base.tests.test_misc: Starting TestRemoveAccents.test_latin ... 
2026-02-09 10:07:40,218 1 INFO betopiaerp betopiaerp.addons.base.tests.test_misc: Starting TestRemoveAccents.test_non_latin ... 
2026-02-09 10:07:40,218 1 INFO betopiaerp betopiaerp.addons.base.tests.test_misc: Starting TestAddonsFileAccess.test_file_open ... 
2026-02-09 10:07:40,237 1 INFO betopiaerp betopiaerp.addons.base.tests.test_misc: Starting TestAddonsFileAccess.test_file_path ... 
2026-02-09 10:07:40,247 1 INFO betopiaerp betopiaerp.addons.base.tests.test_misc: Starting TestDictTools.test_readonly_dict ... 
2026-02-09 10:07:40,248 1 INFO betopiaerp betopiaerp.addons.base.tests.test_misc: Starting TestFormatLang.test_currency_object ... 
2026-02-09 10:07:40,262 1 INFO betopiaerp betopiaerp.addons.base.tests.test_misc: Starting TestFormatLang.test_decimal_precision ... 
2026-02-09 10:07:40,266 1 INFO betopiaerp betopiaerp.addons.base.tests.test_misc: Starting TestFormatLang.test_decimal_precision_and_currency_object ... 
2026-02-09 10:07:40,278 1 INFO betopiaerp betopiaerp.addons.base.tests.test_misc: Starting TestFormatLang.test_format_decimal_point_without_grouping ... 
2026-02-09 10:07:40,283 1 INFO betopiaerp betopiaerp.addons.base.tests.test_misc: Starting TestFormatLang.test_grouping ... 
2026-02-09 10:07:40,287 1 INFO betopiaerp betopiaerp.addons.base.tests.test_misc: Starting TestFormatLang.test_rounding_method ... 
2026-02-09 10:07:40,291 1 INFO betopiaerp betopiaerp.addons.base.tests.test_misc: Starting TestFormatLang.test_rounding_method_and_rounding_unit ... 
2026-02-09 10:07:40,295 1 INFO betopiaerp betopiaerp.addons.base.tests.test_misc: Starting TestFormatLang.test_rounding_unit ... 
2026-02-09 10:07:40,298 1 INFO betopiaerp betopiaerp.addons.base.tests.test_misc: Starting TestFormatLang.test_value_and_digits ... 
2026-02-09 10:07:40,303 1 INFO betopiaerp betopiaerp.addons.base.models.ir_attachment: filestore gc 0 checked, 0 removed 
2026-02-09 10:07:40,303 1 INFO betopiaerp betopiaerp.addons.base.tests.test_misc: Starting TestUrlValidate.test_url_validate ... 
2026-02-09 10:07:40,304 1 INFO betopiaerp betopiaerp.addons.base.tests.test_misc: Starting TestUrlJoin.test_absolute_url_raises ... 
2026-02-09 10:07:40,305 1 INFO betopiaerp betopiaerp.addons.base.tests.test_misc: Starting TestUrlJoin.test_allow_query_override ... 
2026-02-09 10:07:40,305 1 INFO betopiaerp betopiaerp.addons.base.tests.test_misc: Starting TestUrlJoin.test_base_has_no_path ... 
2026-02-09 10:07:40,305 1 INFO betopiaerp betopiaerp.addons.base.tests.test_misc: Starting TestUrlJoin.test_basic_relative_path ... 
2026-02-09 10:07:40,306 1 INFO betopiaerp betopiaerp.addons.base.tests.test_misc: Starting TestUrlJoin.test_dot_segments_not_allowed ... 
2026-02-09 10:07:40,306 1 INFO betopiaerp betopiaerp.addons.base.tests.test_misc: Starting TestUrlJoin.test_empty_base_string ... 
2026-02-09 10:07:40,306 1 INFO betopiaerp betopiaerp.addons.base.tests.test_misc: Starting TestUrlJoin.test_extra_trailing_slash ... 
2026-02-09 10:07:40,307 1 INFO betopiaerp betopiaerp.addons.base.tests.test_misc: Starting TestUrlJoin.test_leading_and_trailing_slashes ... 
2026-02-09 10:07:40,307 1 INFO betopiaerp betopiaerp.addons.base.tests.test_misc: Starting TestUrlJoin.test_not_string_fails ... 
2026-02-09 10:07:40,307 1 INFO betopiaerp betopiaerp.addons.base.tests.test_misc: Starting TestUrlJoin.test_only_extra_fragments ... 
2026-02-09 10:07:40,308 1 INFO betopiaerp betopiaerp.addons.base.tests.test_misc: Starting TestUrlJoin.test_path_normalization ... 
2026-02-09 10:07:40,308 1 INFO betopiaerp betopiaerp.addons.base.tests.test_misc: Starting TestUrlJoin.test_percent_encoding ... 
2026-02-09 10:07:40,308 1 INFO betopiaerp betopiaerp.addons.base.tests.test_misc: Starting TestUrlJoin.test_query_keeps_base_by_default ... 
2026-02-09 10:07:40,308 1 INFO betopiaerp betopiaerp.addons.base.tests.test_misc: Starting TestUrlJoin.test_whitespaces ... 
2026-02-09 10:07:40,309 1 INFO betopiaerp betopiaerp.addons.base.tests.test_misc: Starting TestMiscToken.test_None_payload ... 
2026-02-09 10:07:40,310 1 INFO betopiaerp betopiaerp.addons.base.tests.test_misc: Starting TestMiscToken.test_expired_token ... 
2026-02-09 10:07:40,311 1 INFO betopiaerp betopiaerp.addons.base.tests.test_misc: Starting TestMiscToken.test_list_payload ... 
2026-02-09 10:07:40,312 1 INFO betopiaerp betopiaerp.addons.base.tests.test_misc: Starting TestMiscToken.test_long_payload ... 
2026-02-09 10:07:40,313 1 INFO betopiaerp betopiaerp.addons.base.tests.test_misc: Starting TestMiscToken.test_modified_payload ... 
2026-02-09 10:07:40,315 1 INFO betopiaerp betopiaerp.addons.base.models.ir_attachment: filestore gc 0 checked, 0 removed 
2026-02-09 10:07:40,327 1 INFO betopiaerp betopiaerp.addons.base.tests.test_misc: Starting TestFormatAmountFunction.test_trailing_false_on_number_having_no_trailing_zeroes ... 
2026-02-09 10:07:40,331 1 INFO betopiaerp betopiaerp.addons.base.tests.test_misc: Starting TestFormatAmountFunction.test_trailing_false_on_number_having_trailing_zeroes ... 
2026-02-09 10:07:40,335 1 INFO betopiaerp betopiaerp.addons.base.tests.test_misc: Starting TestFormatAmountFunction.test_trailing_false_on_number_having_trailing_zeroes_with_kilikili_language ... 
2026-02-09 10:07:40,338 1 INFO betopiaerp betopiaerp.addons.base.tests.test_misc: Starting TestFormatAmountFunction.test_trailing_true_on_number_having_no_trailing_zeroes ... 
2026-02-09 10:07:40,342 1 INFO betopiaerp betopiaerp.addons.base.tests.test_misc: Starting TestFormatAmountFunction.test_trailing_zeroes_true_on_number_having_trailing_zeroes ... 
2026-02-09 10:07:40,346 1 INFO betopiaerp betopiaerp.addons.base.models.ir_attachment: filestore gc 0 checked, 0 removed 
2026-02-09 10:07:40,347 1 INFO betopiaerp betopiaerp.addons.base.tests.test_module: Starting TestModuleManifest.test_change_manifest ... 
2026-02-09 10:07:40,348 1 INFO betopiaerp betopiaerp.addons.base.tests.test_module: Starting TestModuleManifest.test_default_manifest ... 
2026-02-09 10:07:40,349 1 INFO betopiaerp betopiaerp.addons.base.tests.test_module: Starting TestModuleManifest.test_missing_license ... 
2026-02-09 10:07:40,350 1 INFO betopiaerp betopiaerp.addons.base.tests.test_module: Starting TestModuleManifest.test_missing_manifest ... 
2026-02-09 10:07:40,350 1 INFO betopiaerp betopiaerp.addons.base.tests.test_module_graph: Starting TestGraph.test_graph_order_1 ... 
2026-02-09 10:07:40,353 1 INFO betopiaerp betopiaerp.addons.base.tests.test_module_graph: Starting TestGraph.test_graph_order_2 ... 
2026-02-09 10:07:40,353 1 INFO betopiaerp betopiaerp.addons.base.tests.test_module_graph: Starting TestGraph.test_graph_order_3 ... 
2026-02-09 10:07:40,355 1 INFO betopiaerp betopiaerp.addons.base.tests.test_module_graph: Starting TestGraph.test_graph_order_with_test_modules ... 
2026-02-09 10:07:40,356 1 INFO betopiaerp betopiaerp.addons.base.tests.test_num2words_ar: Starting TestNum2WordsAr.test_decimal_multiple_of_thousands ... 
2026-02-09 10:07:40,357 1 INFO betopiaerp betopiaerp.addons.base.tests.test_num2words_ar: Starting TestNum2WordsAr.test_multiple_of_thousands ... 
2026-02-09 10:07:40,358 1 INFO betopiaerp betopiaerp.addons.base.models.ir_attachment: filestore gc 0 checked, 0 removed 
2026-02-09 10:07:40,359 1 INFO betopiaerp betopiaerp.addons.base.tests.test_orm: Starting TestORM.test_access_deleted_records ... 
2026-02-09 10:07:40,388 1 INFO betopiaerp betopiaerp.addons.base.tests.test_orm: Starting TestORM.test_access_filtered_records ... 
2026-02-09 10:07:40,430 1 INFO betopiaerp betopiaerp.addons.base.models.ir_model: Access Denied by ACLs for operation: unlink, uid: 238, model: res.partner 
2026-02-09 10:07:40,441 1 INFO betopiaerp betopiaerp.addons.base.models.ir_model: Access Denied by ACLs for operation: unlink, uid: 238, model: res.partner 
2026-02-09 10:07:40,443 1 INFO betopiaerp betopiaerp.addons.base.tests.test_orm: Starting TestORM.test_access_partial_deletion ... 
2026-02-09 10:07:40,457 1 INFO betopiaerp betopiaerp.addons.base.tests.test_orm: Starting TestORM.test_create_multi ... 
2026-02-09 10:07:40,462 1 INFO betopiaerp betopiaerp.addons.base.tests.test_orm: Starting TestORM.test_exists ... 
2026-02-09 10:07:40,464 1 INFO betopiaerp betopiaerp.addons.base.tests.test_orm: Starting TestORM.test_lock_for_update ... 
2026-02-09 10:07:40,473 1 INFO betopiaerp betopiaerp.models.unlink: User #1 deleted res.partner records with IDs: [1066] 
2026-02-09 10:07:40,474 1 INFO betopiaerp betopiaerp.addons.base.tests.test_orm: Starting TestORM.test_m2m_store_trigger ... 
2026-02-09 10:07:40,500 1 INFO betopiaerp betopiaerp.addons.base.tests.test_orm: Starting TestORM.test_read ... 
2026-02-09 10:07:40,508 1 INFO betopiaerp betopiaerp.addons.base.tests.test_orm: Starting TestORM.test_search_read ... 
2026-02-09 10:07:40,531 1 INFO betopiaerp betopiaerp.addons.base.tests.test_orm: Starting TestORM.test_try_lock_for_update ... 
2026-02-09 10:07:40,536 1 INFO betopiaerp betopiaerp.addons.base.tests.test_orm: Starting TestORM.test_write_duplicate ... 
2026-02-09 10:07:40,542 1 INFO betopiaerp betopiaerp.addons.base.models.ir_attachment: filestore gc 1 checked, 1 removed 
2026-02-09 10:07:40,543 1 INFO betopiaerp betopiaerp.addons.base.tests.test_orm: Starting TestInherits.test_copy ... 
2026-02-09 10:07:40,585 1 INFO betopiaerp betopiaerp.addons.base.tests.test_orm: Starting TestInherits.test_copy_with_ancestor ... 
2026-02-09 10:07:40,621 1 INFO betopiaerp betopiaerp.addons.base.tests.test_orm: Starting TestInherits.test_create ... 
2026-02-09 10:07:40,637 1 INFO betopiaerp betopiaerp.addons.base.tests.test_orm: Starting TestInherits.test_create_with_ancestor ... 
2026-02-09 10:07:40,658 1 INFO betopiaerp betopiaerp.addons.base.tests.test_orm: Starting TestInherits.test_default ... 
2026-02-09 10:07:40,659 1 INFO betopiaerp betopiaerp.addons.base.tests.test_orm: Starting TestInherits.test_read ... 
2026-02-09 10:07:40,691 1 INFO betopiaerp betopiaerp.addons.base.tests.test_orm: Starting TestInherits.test_write_date ... 
2026-02-09 10:07:40,698 1 INFO betopiaerp betopiaerp.addons.base.models.ir_attachment: filestore gc 3 checked, 3 removed 
2026-02-09 10:07:40,699 1 INFO betopiaerp betopiaerp.addons.base.tests.test_pdf: Starting TestPdf.test_BetopiaERP_pdf_file_reader ... 
2026-02-09 10:07:40,702 1 INFO betopiaerp betopiaerp.addons.base.tests.test_pdf: Starting TestPdf.test_BetopiaERP_pdf_file_reader_with_owner_encryption ... 
2026-02-09 10:07:40,713 1 INFO betopiaerp betopiaerp.addons.base.tests.test_pdf: Starting TestPdf.test_BetopiaERP_pdf_file_writer ... 
2026-02-09 10:07:40,717 1 INFO betopiaerp betopiaerp.addons.base.tests.test_pdf: Starting TestPdf.test_branded_file_writer ... 
2026-02-09 10:07:40,720 1 INFO betopiaerp betopiaerp.addons.base.tests.test_pdf: Starting TestPdf.test_merge_pdf ... 
2026-02-09 10:07:40,724 1 INFO betopiaerp betopiaerp.addons.base.tests.test_pdf: Starting TestPdf.test_reshaping_arabic_text ... 
2026-02-09 10:07:40,726 1 INFO betopiaerp betopiaerp.addons.base.tests.test_pdf: Starting TestPdf.test_reshaping_non_arabic_text ... 
2026-02-09 10:07:40,730 1 INFO betopiaerp betopiaerp.addons.base.models.ir_attachment: filestore gc 0 checked, 0 removed 
2026-02-09 10:07:40,730 1 INFO betopiaerp betopiaerp.addons.base.tests.test_query: Starting QueryTestCase.test_basic_query ... 
2026-02-09 10:07:40,730 1 INFO betopiaerp betopiaerp.addons.base.tests.test_query: Starting QueryTestCase.test_empty_set_result_ids ... 
2026-02-09 10:07:40,731 1 INFO betopiaerp betopiaerp.addons.base.tests.test_query: Starting QueryTestCase.test_long_aliases ... 
2026-02-09 10:07:40,731 1 INFO betopiaerp betopiaerp.addons.base.tests.test_query: Starting QueryTestCase.test_mixed_query_chained_explicit_implicit_joins ... 
2026-02-09 10:07:40,731 1 INFO betopiaerp betopiaerp.addons.base.tests.test_query: Starting QueryTestCase.test_query_chained_explicit_joins ... 
2026-02-09 10:07:40,732 1 INFO betopiaerp betopiaerp.addons.base.tests.test_query: Starting QueryTestCase.test_raise_missing_lhs ... 
2026-02-09 10:07:40,732 1 INFO betopiaerp betopiaerp.addons.base.tests.test_query: Starting QueryTestCase.test_set_result_ids ... 
2026-02-09 10:07:40,732 1 INFO betopiaerp betopiaerp.addons.base.tests.test_query: Starting QueryTestCase.test_table_expression ... 
2026-02-09 10:07:40,733 1 INFO betopiaerp betopiaerp.addons.base.tests.test_query: Starting TestQuery.test_auto ... 
2026-02-09 10:07:40,736 1 INFO betopiaerp betopiaerp.addons.base.tests.test_query: Starting TestQuery.test_records_as_query ... 
2026-02-09 10:07:40,738 1 INFO betopiaerp betopiaerp.addons.base.models.ir_attachment: filestore gc 0 checked, 0 removed 
2026-02-09 10:07:40,739 1 INFO betopiaerp betopiaerp.addons.base.tests.test_qweb_field: Starting TestQwebFieldTime.test_time_value_to_html ... 
2026-02-09 10:07:40,744 1 INFO betopiaerp betopiaerp.addons.base.models.ir_attachment: filestore gc 0 checked, 0 removed 
2026-02-09 10:07:40,745 1 INFO betopiaerp betopiaerp.addons.base.tests.test_qweb_field: Starting TestQwebFieldInteger.test_integer_value_to_html ... 
2026-02-09 10:07:40,751 1 INFO betopiaerp betopiaerp.addons.base.models.ir_attachment: filestore gc 0 checked, 0 removed 
2026-02-09 10:07:40,752 1 INFO betopiaerp betopiaerp.addons.base.tests.test_qweb_field: Starting TestQwebFieldFloatConverter.test_float_value_to_html_no_precision ... 
2026-02-09 10:07:40,755 1 INFO betopiaerp betopiaerp.addons.base.tests.test_qweb_field: Starting TestQwebFieldFloatConverter.test_float_value_to_html_with_min_precision ... 
2026-02-09 10:07:40,758 1 INFO betopiaerp betopiaerp.addons.base.tests.test_qweb_field: Starting TestQwebFieldFloatConverter.test_float_value_to_html_with_precision ... 
2026-02-09 10:07:40,761 1 INFO betopiaerp betopiaerp.addons.base.tests.test_qweb_field: Starting TestQwebFieldFloatConverter.test_float_value_to_html_with_precision_and_min_precision ... 
2026-02-09 10:07:40,765 1 INFO betopiaerp betopiaerp.addons.base.models.ir_attachment: filestore gc 0 checked, 0 removed 
2026-02-09 10:07:40,769 1 INFO betopiaerp betopiaerp.addons.base.tests.test_qweb_field: Starting TestQwebFieldContact.test_value_to_html_with_website_and_phone ... 
2026-02-09 10:07:40,788 1 INFO betopiaerp betopiaerp.addons.base.tests.test_qweb_field: Starting TestQwebFieldContact.test_value_to_html_without_phone ... 
2026-02-09 10:07:40,811 1 INFO betopiaerp betopiaerp.addons.base.models.ir_attachment: filestore gc 0 checked, 0 removed 
2026-02-09 10:07:40,812 1 INFO betopiaerp betopiaerp.addons.base.tests.test_qweb_field: Starting TestQwebFieldOne2Many.test_one2many_empty ... 
2026-02-09 10:07:40,815 1 INFO betopiaerp betopiaerp.addons.base.tests.test_qweb_field: Starting TestQwebFieldOne2Many.test_one2many_with_values ... 
2026-02-09 10:07:40,822 1 INFO betopiaerp betopiaerp.addons.base.models.ir_attachment: filestore gc 0 checked, 0 removed 
2026-02-09 10:07:40,823 1 INFO betopiaerp betopiaerp.addons.base.tests.test_qweb_field: Starting TestQwebFieldMany2Many.test_many2many_empty ... 
2026-02-09 10:07:40,837 1 INFO betopiaerp betopiaerp.addons.base.tests.test_qweb_field: Starting TestQwebFieldMany2Many.test_many2many_with_values ... 
2026-02-09 10:07:40,857 1 INFO betopiaerp betopiaerp.addons.base.models.ir_attachment: filestore gc 1 checked, 1 removed 
2026-02-09 10:07:40,858 1 INFO betopiaerp betopiaerp.addons.base.tests.test_qweb_field: Starting TestQwebFieldMany2One.test_many2one_empty ... 
2026-02-09 10:07:40,862 1 INFO betopiaerp betopiaerp.addons.base.tests.test_qweb_field: Starting TestQwebFieldMany2One.test_many2one_with_value ... 
2026-02-09 10:07:40,868 1 INFO betopiaerp betopiaerp.addons.base.models.ir_attachment: filestore gc 0 checked, 0 removed 
2026-02-09 10:07:40,869 1 INFO betopiaerp betopiaerp.addons.base.tests.test_res_company: Starting TestCompany.test_check_active ... 
2026-02-09 10:07:40,941 1 INFO betopiaerp betopiaerp.addons.base.tests.test_res_company: Starting TestCompany.test_create_branch_with_default_parent_id ... 
2026-02-09 10:07:40,998 1 INFO betopiaerp betopiaerp.addons.base.tests.test_res_company: Starting TestCompany.test_logo_check ... 
2026-02-09 10:07:41,054 1 INFO betopiaerp betopiaerp.models.unlink: User #1 deleted ir.attachment records with IDs: [1293] 
2026-02-09 10:07:41,065 1 INFO betopiaerp betopiaerp.addons.base.models.ir_attachment: filestore gc 3 checked, 2 removed 
2026-02-09 10:07:41,066 1 INFO betopiaerp betopiaerp.addons.base.tests.test_res_config: Starting TestResConfig.test_00_get_option_path ... 
2026-02-09 10:07:41,070 1 INFO betopiaerp betopiaerp.addons.base.tests.test_res_config: Starting TestResConfig.test_10_get_option_name ... 
2026-02-09 10:07:41,073 1 INFO betopiaerp betopiaerp.addons.base.tests.test_res_config: Starting TestResConfig.test_20_get_config_warning ... 
2026-02-09 10:07:41,078 1 INFO betopiaerp betopiaerp.addons.base.tests.test_res_config: Starting TestResConfig.test_30_get_config_warning_wo_menu ... 
2026-02-09 10:07:41,081 1 INFO betopiaerp betopiaerp.addons.base.tests.test_res_config: Starting TestResConfig.test_40_view_expected_architecture ... 
2026-02-09 10:07:41,098 1 INFO betopiaerp betopiaerp.addons.base.tests.test_res_config: Starting TestResConfig.test_50_view_expected_architecture_t_node_groups ... 
2026-02-09 10:07:41,112 1 INFO betopiaerp betopiaerp.addons.base.models.ir_attachment: filestore gc 0 checked, 0 removed 
2026-02-09 10:07:41,113 1 INFO betopiaerp betopiaerp.addons.base.tests.test_res_currency: Starting TestResCurrency.test_currency_cache ... 
2026-02-09 10:07:41,131 1 INFO betopiaerp betopiaerp.addons.base.tests.test_res_currency: Starting TestResCurrency.test_res_currency_name_search ... 
2026-02-09 10:07:41,145 1 INFO betopiaerp betopiaerp.addons.base.tests.test_res_currency: Starting TestResCurrency.test_view_company_rate_label ... 
2026-02-09 10:07:41,260 1 INFO betopiaerp betopiaerp.addons.base.models.ir_attachment: filestore gc 0 checked, 0 removed 
2026-02-09 10:07:41,261 1 INFO betopiaerp betopiaerp.addons.base.tests.test_res_lang: Starting test_res_lang.test_00_intersperse ... 
2026-02-09 10:07:41,262 1 INFO betopiaerp betopiaerp.addons.base.tests.test_res_lang: Starting test_res_lang.test_get_data ... 
2026-02-09 10:07:42,449 1 INFO betopiaerp betopiaerp.addons.base.tests.test_res_lang: Query count less than expected for user __system__: 0 < 2 in test_get_data at /opt/betopiaerp/betopiaerp/addons/base/tests/test_res_lang.py:100 
2026-02-09 10:07:42,451 1 INFO betopiaerp betopiaerp.addons.base.tests.test_res_lang: Starting test_res_lang.test_inactive_users_lang_deactivation ... 
2026-02-09 10:07:42,478 1 INFO betopiaerp betopiaerp.addons.base.tests.test_res_lang: Starting test_res_lang.test_lang_url_code_shortening ... 
2026-02-09 10:07:42,493 1 INFO betopiaerp betopiaerp.addons.base.models.ir_attachment: filestore gc 1 checked, 1 removed 
2026-02-09 10:07:42,516 1 INFO betopiaerp betopiaerp.addons.base.tests.test_res_partner: Starting TestPartner.test_archive_internal_partners ... 
2026-02-09 10:07:42,547 1 INFO betopiaerp betopiaerp.addons.base.tests.test_res_partner: Starting TestPartner.test_display_name_translation ... 
2026-02-09 10:07:42,552 1 INFO betopiaerp betopiaerp.addons.base.models.ir_module: module base: loading translation file /opt/betopiaerp/betopiaerp/addons/base/i18n/fr.po for language fr_FR 
2026-02-09 10:07:43,305 1 INFO betopiaerp betopiaerp.addons.base.tests.test_res_partner: Starting TestPartner.test_email_formatted ... 
2026-02-09 10:07:43,348 1 INFO betopiaerp betopiaerp.addons.base.tests.test_res_partner: Starting TestPartner.test_find_or_create ... 
2026-02-09 10:07:43,362 1 INFO betopiaerp betopiaerp.addons.base.tests.test_res_partner: Starting TestPartner.test_is_public ... 
2026-02-09 10:07:43,368 1 INFO betopiaerp betopiaerp.addons.base.tests.test_res_partner: Starting TestPartner.test_lang_computation_code ... 
2026-02-09 10:07:43,382 1 INFO betopiaerp betopiaerp.addons.base.tests.test_res_partner: Starting TestPartner.test_main_user_id ... 
2026-02-09 10:07:43,407 1 INFO betopiaerp betopiaerp.addons.base.tests.test_res_partner: Starting TestPartner.test_name_create ... 
2026-02-09 10:07:43,419 1 INFO betopiaerp betopiaerp.addons.base.tests.test_res_partner: Starting TestPartner.test_name_search ... 
2026-02-09 10:07:43,428 1 INFO betopiaerp betopiaerp.addons.base.tests.test_res_partner: Starting TestPartner.test_name_search_with_user ... 
2026-02-09 10:07:43,455 1 INFO betopiaerp betopiaerp.addons.base.models.ir_rule: Access Denied by record rules for operation: read on record ids: [1126], uid: 3, model: res.partner 
2026-02-09 10:07:43,462 1 INFO betopiaerp betopiaerp.addons.base.tests.test_res_partner: Starting TestPartner.test_partner_merge_wizard_dst_partner_id ... 
2026-02-09 10:07:43,468 1 INFO betopiaerp betopiaerp.addons.base.models.ir_attachment: filestore gc 4 checked, 4 removed 
2026-02-09 10:07:43,490 1 INFO betopiaerp betopiaerp.addons.base.tests.test_res_partner: Starting TestPartnerAddressCompany.test_accessibility_of_company_partner_from_branch ... 
2026-02-09 10:07:43,580 1 INFO betopiaerp betopiaerp.addons.base.tests.test_res_partner: Starting TestPartnerAddressCompany.test_address ... 
2026-02-09 10:07:43,618 1 INFO betopiaerp betopiaerp.addons.base.tests.test_res_partner: Starting TestPartnerAddressCompany.test_address_first_contact_sync ... 
2026-02-09 10:07:43,650 1 INFO betopiaerp betopiaerp.addons.base.tests.test_res_partner: Starting TestPartnerAddressCompany.test_address_get ... 
2026-02-09 10:07:43,674 1 INFO betopiaerp betopiaerp.addons.base.tests.test_res_partner: Starting TestPartnerAddressCompany.test_address_parent_company_creation ... 
2026-02-09 10:07:43,689 1 INFO betopiaerp betopiaerp.addons.base.tests.test_res_partner: Starting TestPartnerAddressCompany.test_commercial_field_sync ... 
2026-02-09 10:07:43,715 1 INFO betopiaerp betopiaerp.addons.base.tests.test_res_partner: Starting TestPartnerAddressCompany.test_commercial_field_sync_reset ... 
2026-02-09 10:07:43,722 1 INFO betopiaerp betopiaerp.addons.base.tests.test_res_partner: Starting TestPartnerAddressCompany.test_commercial_partner_nullcompany ... 
2026-02-09 10:07:43,738 1 INFO betopiaerp betopiaerp.addons.base.tests.test_res_partner: Starting TestPartnerAddressCompany.test_company_change_propagation ... 
2026-02-09 10:07:43,861 1 INFO betopiaerp betopiaerp.addons.base.tests.test_res_partner: Starting TestPartnerAddressCompany.test_company_dependent_commercial_sync ... 
2026-02-09 10:07:43,965 1 INFO betopiaerp betopiaerp.addons.base.tests.test_res_partner: Starting TestPartnerAddressCompany.test_company_dependent_commercial_sync_falsy_fields ... 
2026-02-09 10:07:44,042 1 INFO betopiaerp betopiaerp.addons.base.tests.test_res_partner: Starting TestPartnerAddressCompany.test_display_address_missing_key ... 
2026-02-09 10:07:44,048 1 INFO betopiaerp betopiaerp.addons.base.tests.test_res_partner: Starting TestPartnerAddressCompany.test_display_name ... 
2026-02-09 10:07:44,057 1 INFO betopiaerp betopiaerp.addons.base.models.ir_attachment: filestore gc 3 checked, 3 removed 
2026-02-09 10:07:44,058 1 INFO betopiaerp betopiaerp.addons.base.tests.test_res_partner: Starting TestPartnerRecursion.test_100_res_partner_recursion ... 
2026-02-09 10:07:44,066 1 INFO betopiaerp betopiaerp.addons.base.tests.test_res_partner: Starting TestPartnerRecursion.test_101_res_partner_recursion ... 
2026-02-09 10:07:44,079 1 INFO betopiaerp betopiaerp.addons.base.tests.test_res_partner: Starting TestPartnerRecursion.test_102_res_partner_recursion ... 
2026-02-09 10:07:44,090 1 INFO betopiaerp betopiaerp.addons.base.tests.test_res_partner: Starting TestPartnerRecursion.test_103_res_partner_recursion ... 
2026-02-09 10:07:44,103 1 INFO betopiaerp betopiaerp.addons.base.tests.test_res_partner: Starting TestPartnerRecursion.test_104_res_partner_recursion_indirect_cycle ... 
2026-02-09 10:07:44,121 1 INFO betopiaerp betopiaerp.addons.base.tests.test_res_partner: Starting TestPartnerRecursion.test_105_res_partner_recursion ... 
2026-02-09 10:07:44,135 1 INFO betopiaerp betopiaerp.addons.base.tests.test_res_partner: Starting TestPartnerRecursion.test_110_res_partner_recursion_multi_update ... 
2026-02-09 10:07:44,147 1 INFO betopiaerp betopiaerp.addons.base.tests.test_res_partner: Starting TestPartnerRecursion.test_111_res_partner_recursion_infinite_loop ... 
2026-02-09 10:07:44,168 1 INFO betopiaerp betopiaerp.addons.base.models.ir_attachment: filestore gc 0 checked, 0 removed 
2026-02-09 10:07:44,169 1 INFO betopiaerp betopiaerp.addons.base.tests.test_res_partner: Starting TestPartnerCategory.test_name_search ... 
2026-02-09 10:07:44,173 1 INFO betopiaerp betopiaerp.addons.base.models.ir_attachment: filestore gc 0 checked, 0 removed 
2026-02-09 10:07:44,192 1 INFO betopiaerp betopiaerp.addons.base.tests.test_res_partner_bank: Starting TestResPartnerBank.test_sanitized_acc_number ... 
2026-02-09 10:07:44,202 1 INFO betopiaerp betopiaerp.addons.base.models.ir_attachment: filestore gc 1 checked, 1 removed 
2026-02-09 10:07:44,203 1 INFO betopiaerp betopiaerp.addons.base.tests.test_res_partner_merge: Starting TestMergePartner.test_merge_partners_with_duplicate_bank_accounts ... 
2026-02-09 10:07:44,216 1 INFO betopiaerp betopiaerp.addons.base.partner.merge: dst_partner: 1226 
2026-02-09 10:07:44,251 1 INFO betopiaerp betopiaerp.addons.base.partner.merge: (uid = 1) merged the partners [1225, 1227] with 1226 
2026-02-09 10:07:44,256 1 INFO betopiaerp betopiaerp.models.unlink: User #1 deleted res.partner records with IDs: [1225, 1227] 
2026-02-09 10:07:44,259 1 INFO betopiaerp betopiaerp.addons.base.tests.test_res_partner_merge: Starting TestMergePartner.test_merge_partners_with_duplicate_bank_accounts_with_destination ... 
2026-02-09 10:07:44,272 1 INFO betopiaerp betopiaerp.addons.base.partner.merge: dst_partner: 1228 
2026-02-09 10:07:44,308 1 INFO betopiaerp betopiaerp.addons.base.partner.merge: (uid = 1) merged the partners [1230] with 1228 
2026-02-09 10:07:44,313 1 INFO betopiaerp betopiaerp.models.unlink: User #1 deleted res.partner records with IDs: [1230] 
2026-02-09 10:07:44,315 1 INFO betopiaerp betopiaerp.addons.base.tests.test_res_partner_merge: Starting TestMergePartner.test_merge_partners_with_peon_user ... 
2026-02-09 10:07:44,347 1 INFO betopiaerp betopiaerp.addons.base.models.ir_model: Access Denied by ACLs for operation: write, uid: 262, model: res.partner.bank 
2026-02-09 10:07:44,360 1 INFO betopiaerp betopiaerp.addons.base.partner.merge: dst_partner: 1232 
2026-02-09 10:07:44,396 1 INFO betopiaerp betopiaerp.addons.base.partner.merge: (uid = 262) merged the partners [1231, 1233] with 1232 
2026-02-09 10:07:44,403 1 INFO betopiaerp betopiaerp.models.unlink: User #262 deleted res.partner records with IDs: [1231, 1233] 
2026-02-09 10:07:44,406 1 INFO betopiaerp betopiaerp.addons.base.tests.test_res_partner_merge: Starting TestMergePartner.test_merge_partners_with_references ... 
2026-02-09 10:07:44,419 1 INFO betopiaerp betopiaerp.addons.base.partner.merge: dst_partner: 1235 
2026-02-09 10:07:44,445 1 INFO betopiaerp betopiaerp.addons.base.partner.merge: (uid = 1) merged the partners [1236] with 1235 
2026-02-09 10:07:44,451 1 INFO betopiaerp betopiaerp.models.unlink: User #1 deleted res.partner records with IDs: [1236] 
2026-02-09 10:07:44,453 1 INFO betopiaerp betopiaerp.addons.base.tests.test_res_partner_merge: Starting TestMergePartner.test_merge_partners_with_unique_bank_accounts ... 
2026-02-09 10:07:44,465 1 INFO betopiaerp betopiaerp.addons.base.partner.merge: dst_partner: 1238 
2026-02-09 10:07:44,488 1 INFO betopiaerp betopiaerp.addons.base.partner.merge: (uid = 1) merged the partners [1239] with 1238 
2026-02-09 10:07:44,492 1 INFO betopiaerp betopiaerp.models.unlink: User #1 deleted res.partner records with IDs: [1239] 
2026-02-09 10:07:44,494 1 INFO betopiaerp betopiaerp.addons.base.tests.test_res_partner_merge: Starting TestMergePartner.test_merge_partners_without_bank_accounts ... 
2026-02-09 10:07:44,506 1 INFO betopiaerp betopiaerp.addons.base.partner.merge: dst_partner: 1244 
2026-02-09 10:07:44,529 1 INFO betopiaerp betopiaerp.addons.base.partner.merge: (uid = 1) merged the partners [1245] with 1244 
2026-02-09 10:07:44,534 1 INFO betopiaerp betopiaerp.models.unlink: User #1 deleted res.partner records with IDs: [1245] 
2026-02-09 10:07:44,536 1 INFO betopiaerp betopiaerp.addons.base.models.ir_attachment: filestore gc 1 checked, 1 removed 
2026-02-09 10:07:44,563 1 INFO betopiaerp betopiaerp.addons.base.tests.test_res_users: Starting TestUsers.test_change_user_company ... 
2026-02-09 10:07:44,683 1 INFO betopiaerp betopiaerp.addons.base.tests.test_res_users: Starting TestUsers.test_context_get_lang ... 
2026-02-09 10:07:44,706 1 INFO betopiaerp betopiaerp.addons.base.tests.test_res_users: Starting TestUsers.test_deactivate_portal_users_access ... 
2026-02-09 10:07:44,709 1 INFO betopiaerp betopiaerp.addons.base.tests.test_res_users: Starting TestUsers.test_deactivate_portal_users_archive_and_remove ... 
2026-02-09 10:07:44,727 1 INFO betopiaerp betopiaerp.addons.base.models.res_users: Account deletion asked for "portal_user" (#268) from n/a. Archive the user and remove login information. 
2026-02-09 10:07:44,728 1 INFO betopiaerp betopiaerp.addons.base.models.res_users: Account deletion asked for "portal_user_2" (#269) from n/a. Archive the user and remove login information. 
2026-02-09 10:07:44,742 1 INFO betopiaerp betopiaerp.addons.base.models.ir_cron: Job 'Base: Portal Users Deletion' (2) starting 
2026-02-09 10:07:44,761 1 INFO betopiaerp betopiaerp.models.unlink: User #1 deleted res.users records with IDs: [268] 
2026-02-09 10:07:44,768 1 INFO betopiaerp betopiaerp.models.unlink: User #1 deleted res.partner records with IDs: [1253] 
2026-02-09 10:07:44,777 1 INFO betopiaerp betopiaerp.tests.common: Skipping signal changes during tests 
2026-02-09 10:07:44,778 1 INFO betopiaerp betopiaerp.addons.base.models.ir_cron: Job 'Base: Portal Users Deletion' (2) fully done (#loop 1; done 2; remaining 0; duration 0.04s) 
2026-02-09 10:07:44,781 1 INFO betopiaerp betopiaerp.addons.base.tests.test_res_users: Starting TestUsers.test_delete_public_user ... 
2026-02-09 10:07:44,787 1 INFO betopiaerp betopiaerp.addons.base.tests.test_res_users: Starting TestUsers.test_name_search ... 
2026-02-09 10:07:44,825 1 INFO betopiaerp betopiaerp.addons.base.tests.test_res_users: Starting TestUsers.test_session_non_existing_user ... 
2026-02-09 10:07:44,827 1 INFO betopiaerp betopiaerp.addons.base.tests.test_res_users: Starting TestUsers.test_user_home_action_restriction ... 
2026-02-09 10:07:44,855 1 INFO betopiaerp betopiaerp.addons.base.tests.test_res_users: Starting TestUsers.test_user_partner ... 
2026-02-09 10:07:44,942 1 INFO betopiaerp betopiaerp.addons.base.tests.test_res_users: Starting TestUsers.test_user_self_update ... 
2026-02-09 10:07:44,960 1 INFO betopiaerp betopiaerp.addons.base.models.ir_attachment: filestore gc 8 checked, 8 removed 
2026-02-09 10:07:44,961 1 INFO betopiaerp betopiaerp.addons.base.tests.test_res_users: Starting TestUsersTweaks.test_superuser ... 
2026-02-09 10:07:44,965 1 INFO betopiaerp betopiaerp.addons.base.models.ir_attachment: filestore gc 0 checked, 0 removed 
2026-02-09 10:07:44,966 1 INFO betopiaerp betopiaerp.addons.base.tests.test_search: Starting test_search.test_00_search_order ... 
2026-02-09 10:07:44,991 1 INFO betopiaerp betopiaerp.addons.base.tests.test_search: Starting test_search.test_10_inherits_m2order ... 
2026-02-09 10:07:45,034 1 INFO betopiaerp betopiaerp.addons.base.tests.test_search: Starting test_search.test_11_indirect_inherits_m2o_order ... 
2026-02-09 10:07:45,070 1 INFO betopiaerp betopiaerp.addons.base.tests.test_search: Starting test_search.test_12_m2o_order_loop_self ... 
2026-02-09 10:07:45,075 1 INFO betopiaerp betopiaerp.addons.base.tests.test_search: Starting test_search.test_13_m2o_order_loop_multi ... 
2026-02-09 10:07:45,133 1 INFO betopiaerp betopiaerp.addons.base.tests.test_search: Starting test_search.test_20_x_active ... 
2026-02-09 10:07:45,187 1 INFO betopiaerp betopiaerp.addons.base.tests.test_search: Starting test_search.test_21_search_count ... 
2026-02-09 10:07:45,196 1 INFO betopiaerp betopiaerp.addons.base.tests.test_search: Starting test_search.test_22_like_folding ... 
2026-02-09 10:07:45,200 1 INFO betopiaerp betopiaerp.addons.base.models.ir_attachment: filestore gc 9 checked, 9 removed 
2026-02-09 10:07:45,515 1 INFO betopiaerp betopiaerp.addons.base.tests.test_signature: Starting TestSignature.test_BetopiaERP_pdf_signer ... 
2026-02-09 10:07:45,532 1 INFO betopiaerp betopiaerp.addons.base.models.ir_attachment: filestore gc 0 checked, 0 removed 
2026-02-09 10:07:45,533 1 INFO betopiaerp betopiaerp.addons.base.tests.test_split_table: Starting TestSplitTable.test_split_table ... 
2026-02-09 10:07:45,556 1 INFO betopiaerp betopiaerp.addons.base.models.ir_attachment: filestore gc 0 checked, 0 removed 
2026-02-09 10:07:45,556 1 INFO betopiaerp betopiaerp.addons.base.tests.test_sql: Starting TestSQL.test_complex_sql ... 
2026-02-09 10:07:45,557 1 INFO betopiaerp betopiaerp.addons.base.tests.test_sql: Starting TestSQL.test_escape_percent ... 
2026-02-09 10:07:45,557 1 INFO betopiaerp betopiaerp.addons.base.tests.test_sql: Starting TestSQL.test_sql_bool ... 
2026-02-09 10:07:45,557 1 INFO betopiaerp betopiaerp.addons.base.tests.test_sql: Starting TestSQL.test_sql_empty ... 
2026-02-09 10:07:45,558 1 INFO betopiaerp betopiaerp.addons.base.tests.test_sql: Starting TestSQL.test_sql_equality ... 
2026-02-09 10:07:45,558 1 INFO betopiaerp betopiaerp.addons.base.tests.test_sql: Starting TestSQL.test_sql_hash ... 
2026-02-09 10:07:45,558 1 INFO betopiaerp betopiaerp.addons.base.tests.test_sql: Starting TestSQL.test_sql_idempotence ... 
2026-02-09 10:07:45,558 1 INFO betopiaerp betopiaerp.addons.base.tests.test_sql: Starting TestSQL.test_sql_identifier ... 
2026-02-09 10:07:45,559 1 INFO betopiaerp betopiaerp.addons.base.tests.test_sql: Starting TestSQL.test_sql_join ... 
2026-02-09 10:07:45,559 1 INFO betopiaerp betopiaerp.addons.base.tests.test_sql: Starting TestSQL.test_sql_with_literal_parameters ... 
2026-02-09 10:07:45,559 1 INFO betopiaerp betopiaerp.addons.base.tests.test_sql: Starting TestSQL.test_sql_with_named_parameters ... 
2026-02-09 10:07:45,560 1 INFO betopiaerp betopiaerp.addons.base.tests.test_sql: Starting TestSQL.test_sql_with_no_parameter ... 
2026-02-09 10:07:45,560 1 INFO betopiaerp betopiaerp.addons.base.tests.test_sql: Starting TestSQL.test_sql_with_sql_parameters ... 
2026-02-09 10:07:45,561 1 INFO betopiaerp betopiaerp.addons.base.tests.test_sql: Starting TestSQL.test_sql_with_wrong_pattern ... 
2026-02-09 10:07:45,561 1 INFO betopiaerp betopiaerp.addons.base.tests.test_sql: Starting TestSqlTools.test_add_constraint ... 
2026-02-09 10:07:45,565 1 INFO betopiaerp betopiaerp.addons.base.tests.test_sql: Starting TestSqlTools.test_add_index ... 
2026-02-09 10:07:45,569 1 INFO betopiaerp betopiaerp.addons.base.tests.test_sql: Starting TestSqlTools.test_add_index_escape ... 
2026-02-09 10:07:45,574 1 INFO betopiaerp betopiaerp.addons.base.models.ir_attachment: filestore gc 0 checked, 0 removed 
2026-02-09 10:07:45,575 1 INFO betopiaerp betopiaerp.addons.base.tests.test_test_retry: Starting TestRetry.test_log_levels ... 
2026-02-09 10:07:45,575 1 INFO betopiaerp betopiaerp.addons.base.tests.test_test_retry: test info 
2026-02-09 10:07:45,576 1 INFO betopiaerp betopiaerp.addons.base.tests.test_test_retry: Starting TestRetry.test_retry_success ... 
2026-02-09 10:07:45,576 1 INFO betopiaerp betopiaerp.addons.base.tests.test_test_retry: Starting TestRetryTraceback.test_retry_traceback_success ... 
2026-02-09 10:07:45,577 1 INFO betopiaerp betopiaerp.addons.base.tests.test_test_retry: Starting TestRetryTracebackArg.test_retry_traceback_args_success ... 
2026-02-09 10:07:45,578 1 INFO betopiaerp betopiaerp.addons.base.tests.test_test_retry: Starting TestRetryRollbackedCursor.test_broken_cursor ... 
2026-02-09 10:07:45,580 1 INFO betopiaerp betopiaerp.addons.base.models.ir_attachment: filestore gc 0 checked, 0 removed 
2026-02-09 10:07:45,581 1 INFO betopiaerp betopiaerp.addons.base.tests.test_test_retry: Starting TestRetryCommitedCursor.test_broken_cursor ... 
2026-02-09 10:07:45,582 1 INFO betopiaerp betopiaerp.addons.base.models.ir_attachment: filestore gc 0 checked, 0 removed 
2026-02-09 10:07:45,583 1 INFO betopiaerp betopiaerp.addons.base.tests.test_test_retry: Starting TestRetryRollbackedCursorError.test_broken_cursor ... 
2026-02-09 10:07:45,585 1 INFO betopiaerp betopiaerp.addons.base.models.ir_attachment: filestore gc 0 checked, 0 removed 
2026-02-09 10:07:45,585 1 INFO betopiaerp betopiaerp.addons.base.tests.test_test_retry: Starting TestRetryCommitedCursorError.test_broken_cursor ... 
2026-02-09 10:07:45,587 1 INFO betopiaerp betopiaerp.addons.base.models.ir_attachment: filestore gc 0 checked, 0 removed 
2026-02-09 10:07:45,588 1 INFO betopiaerp betopiaerp.addons.base.tests.test_test_retry: Starting TestRetrySubtest.test_retry_subtest_success_all ... 
2026-02-09 10:07:45,588 1 INFO betopiaerp betopiaerp.addons.base.tests.test_test_retry: Starting TestRetrySubtest.test_retry_subtest_success_one ... 
2026-02-09 10:07:45,588 1 INFO betopiaerp betopiaerp.addons.base.tests.test_test_suite: Starting TestTestSuite.test_test_suite ... 
2026-02-09 10:07:45,589 1 INFO betopiaerp betopiaerp.addons.base.tests.test_test_suite: Starting TestRunnerLogging.test_assertQueryCount ... 
2026-02-09 10:07:45,612 1 INFO betopiaerp betopiaerp.addons.base.tests.test_test_suite: ====================================================================== 
2026-02-09 10:07:45,612 1 ERROR betopiaerp betopiaerp.addons.base.tests.test_test_suite: ERROR: TestRunnerLogging.test_assertQueryCount
AssertionError: Key `msg` did not matched expected:
  FAIL: Subtest TestRunnerLogging.test_assertQueryCount (<subtest>)
  Traceback (most recent call last):
-   File "/root_path/BetopiaERP/BetopiaERP/addons/base/tests/test_test_suite.py", line $line, in test_assertQueryCount
?                               ^      ^^^

+   File "/root_path/BetopiaERP/betopiaerp/addons/base/tests/test_test_suite.py", line $line, in test_assertQueryCount
?                               ^      ^^^

      with self.assertQueryCount(system=0):
    File "/usr/lib/python/contextlib.py", line $line, in __exit__
      next(self.gen)
-   File "/root_path/BetopiaERP/BetopiaERP/tests/common.py", line $line, in assertQueryCount
?                               ^      ^^^

+   File "/root_path/BetopiaERP/betopiaerp/tests/common.py", line $line, in assertQueryCount
?                               ^      ^^^

      self.fail(msg % (login, count, expected, funcname, filename, linenum))
- AssertionError: Query count more than expected for user __system__: 1 > 0 in test_assertQueryCount at base/tests/test_test_suite.py:$line
+ AssertionError: Query count more than expected for user __system__: 1 > 0 in test_assertQueryCount at /opt/betopiaerp/betopiaerp/addons/base/tests/test_test_suite.py:$line
?                                                                                                       ++++++++++++++++++++++++++++++++++

 
2026-02-09 10:07:45,613 1 INFO betopiaerp betopiaerp.addons.base.tests.test_test_suite: Starting TestRunnerLogging.test_assertQueryCount_with_decorators ... 
2026-02-09 10:07:45,632 1 INFO betopiaerp betopiaerp.addons.base.tests.test_test_suite: Starting TestRunnerLogging.test_call_stack ... 
2026-02-09 10:07:45,634 1 INFO betopiaerp betopiaerp.addons.base.tests.test_test_suite: ====================================================================== 
2026-02-09 10:07:45,635 1 ERROR betopiaerp betopiaerp.addons.base.tests.test_test_suite: ERROR: TestRunnerLogging.test_call_stack
AssertionError: Key `msg` did not matched expected:
  ERROR: TestRunnerLogging.test_call_stack
  Traceback (most recent call last):
-   File "/root_path/BetopiaERP/BetopiaERP/addons/base/tests/test_test_suite.py", line $line, in test_call_stack
?                               ^      ^^^

+   File "/root_path/BetopiaERP/betopiaerp/addons/base/tests/test_test_suite.py", line $line, in test_call_stack
?                               ^      ^^^

      alpha()
-   File "/root_path/BetopiaERP/BetopiaERP/addons/base/tests/test_test_suite.py", line $line, in alpha
?                               ^      ^^^

+   File "/root_path/BetopiaERP/betopiaerp/addons/base/tests/test_test_suite.py", line $line, in alpha
?                               ^      ^^^

      beta()
-   File "/root_path/BetopiaERP/BetopiaERP/addons/base/tests/test_test_suite.py", line $line, in beta
?                               ^      ^^^

+   File "/root_path/BetopiaERP/betopiaerp/addons/base/tests/test_test_suite.py", line $line, in beta
?                               ^      ^^^

      gamma()
-   File "/root_path/BetopiaERP/BetopiaERP/addons/base/tests/test_test_suite.py", line $line, in gamma
?                               ^      ^^^

+   File "/root_path/BetopiaERP/betopiaerp/addons/base/tests/test_test_suite.py", line $line, in gamma
?                               ^      ^^^

      raise Exception('This is an error')
  Exception: This is an error
 
2026-02-09 10:07:45,635 1 INFO betopiaerp betopiaerp.addons.base.tests.test_test_suite: Starting TestRunnerLogging.test_call_stack_context_manager ... 
2026-02-09 10:07:45,639 1 INFO betopiaerp betopiaerp.addons.base.tests.test_test_suite: ====================================================================== 
2026-02-09 10:07:45,639 1 ERROR betopiaerp betopiaerp.addons.base.tests.test_test_suite: ERROR: TestRunnerLogging.test_call_stack_context_manager
AssertionError: Key `msg` did not matched expected:
  ERROR: TestRunnerLogging.test_call_stack_context_manager
  Traceback (most recent call last):
-   File "/root_path/BetopiaERP/BetopiaERP/addons/base/tests/test_test_suite.py", line $line, in test_call_stack_context_manager
?                               ^      ^^^

+   File "/root_path/BetopiaERP/betopiaerp/addons/base/tests/test_test_suite.py", line $line, in test_call_stack_context_manager
?                               ^      ^^^

      alpha()
-   File "/root_path/BetopiaERP/BetopiaERP/addons/base/tests/test_test_suite.py", line $line, in alpha
?                               ^      ^^^

+   File "/root_path/BetopiaERP/betopiaerp/addons/base/tests/test_test_suite.py", line $line, in alpha
?                               ^      ^^^

      beta()
-   File "/root_path/BetopiaERP/BetopiaERP/addons/base/tests/test_test_suite.py", line $line, in beta
?                               ^      ^^^

+   File "/root_path/BetopiaERP/betopiaerp/addons/base/tests/test_test_suite.py", line $line, in beta
?                               ^      ^^^

      gamma()
-   File "/root_path/BetopiaERP/BetopiaERP/addons/base/tests/test_test_suite.py", line $line, in gamma
?                               ^      ^^^

+   File "/root_path/BetopiaERP/betopiaerp/addons/base/tests/test_test_suite.py", line $line, in gamma
?                               ^      ^^^

      raise Exception('This is an error')
  Exception: This is an error
 
2026-02-09 10:07:45,639 1 INFO betopiaerp betopiaerp.addons.base.tests.test_test_suite: Starting TestRunnerLogging.test_call_stack_subtest ... 
2026-02-09 10:07:45,642 1 INFO betopiaerp betopiaerp.addons.base.tests.test_test_suite: ====================================================================== 
2026-02-09 10:07:45,642 1 ERROR betopiaerp betopiaerp.addons.base.tests.test_test_suite: ERROR: TestRunnerLogging.test_call_stack_subtest
AssertionError: Key `msg` did not matched expected:
  ERROR: Subtest TestRunnerLogging.test_call_stack_subtest (<subtest>)
  Traceback (most recent call last):
-   File "/root_path/BetopiaERP/BetopiaERP/addons/base/tests/test_test_suite.py", line $line, in test_call_stack_subtest
?                               ^      ^^^

+   File "/root_path/BetopiaERP/betopiaerp/addons/base/tests/test_test_suite.py", line $line, in test_call_stack_subtest
?                               ^      ^^^

      alpha()
-   File "/root_path/BetopiaERP/BetopiaERP/addons/base/tests/test_test_suite.py", line $line, in alpha
?                               ^      ^^^

+   File "/root_path/BetopiaERP/betopiaerp/addons/base/tests/test_test_suite.py", line $line, in alpha
?                               ^      ^^^

      beta()
-   File "/root_path/BetopiaERP/BetopiaERP/addons/base/tests/test_test_suite.py", line $line, in beta
?                               ^      ^^^

+   File "/root_path/BetopiaERP/betopiaerp/addons/base/tests/test_test_suite.py", line $line, in beta
?                               ^      ^^^

      gamma()
-   File "/root_path/BetopiaERP/BetopiaERP/addons/base/tests/test_test_suite.py", line $line, in gamma
?                               ^      ^^^

+   File "/root_path/BetopiaERP/betopiaerp/addons/base/tests/test_test_suite.py", line $line, in gamma
?                               ^      ^^^

      raise Exception('This is an error')
  Exception: This is an error
 
2026-02-09 10:07:45,643 1 INFO betopiaerp betopiaerp.addons.base.tests.test_test_suite: Starting TestRunnerLogging.test_handle_error ... 
2026-02-09 10:07:45,646 1 INFO betopiaerp betopiaerp.addons.base.tests.test_test_suite: ====================================================================== 
2026-02-09 10:07:45,646 1 ERROR betopiaerp betopiaerp.addons.base.tests.test_test_suite: ERROR: TestRunnerLogging.test_handle_error
AssertionError: Key `msg` did not matched expected:
  ERROR: TestRunnerLogging.test_handle_error
  Traceback (most recent call last):
-   File "/root_path/BetopiaERP/BetopiaERP/addons/base/tests/test_test_suite.py", line $line, in alpha
?                               ^      ^^^

+   File "/root_path/BetopiaERP/betopiaerp/addons/base/tests/test_test_suite.py", line $line, in alpha
?                               ^      ^^^

      beta()
-   File "/root_path/BetopiaERP/BetopiaERP/addons/base/tests/test_test_suite.py", line $line, in beta
?                               ^      ^^^

+   File "/root_path/BetopiaERP/betopiaerp/addons/base/tests/test_test_suite.py", line $line, in beta
?                               ^      ^^^

      raise Exception('This is an error')
  Exception: This is an error
  
  During handling of the above exception, another exception occurred:
  
  Traceback (most recent call last):
-   File "/root_path/BetopiaERP/BetopiaERP/addons/base/tests/test_test_suite.py", line $line, in test_handle_error
?                               ^      ^^^

+   File "/root_path/BetopiaERP/betopiaerp/addons/base/tests/test_test_suite.py", line $line, in test_handle_error
?                               ^      ^^^

      alpha()
-   File "/root_path/BetopiaERP/BetopiaERP/addons/base/tests/test_test_suite.py", line $line, in alpha
?                               ^      ^^^

+   File "/root_path/BetopiaERP/betopiaerp/addons/base/tests/test_test_suite.py", line $line, in alpha
?                               ^      ^^^

      raise Exception('This is an error2')
  Exception: This is an error2
 
2026-02-09 10:07:45,647 1 INFO betopiaerp betopiaerp.addons.base.tests.test_test_suite: Starting TestRunnerLogging.test_has_add_error ... 
2026-02-09 10:07:45,648 1 INFO betopiaerp betopiaerp.addons.base.tests.test_test_suite: Starting TestRunnerLogging.test_raise ... 
2026-02-09 10:07:45,650 1 INFO betopiaerp betopiaerp.addons.base.tests.test_test_suite: Starting TestRunnerLogging.test_raise_subtest ... 
2026-02-09 10:07:45,652 1 INFO betopiaerp betopiaerp.addons.base.tests.test_test_suite: ====================================================================== 
2026-02-09 10:07:45,652 1 ERROR betopiaerp betopiaerp.addons.base.tests.test_test_suite: ERROR: TestRunnerLogging.test_raise_subtest
AssertionError: Key `msg` did not matched expected:
  ERROR: Subtest TestRunnerLogging.test_raise_subtest (<subtest>)
  Traceback (most recent call last):
-   File "/root_path/BetopiaERP/BetopiaERP/addons/base/tests/test_test_suite.py", line $line, in test_raise_subtest
?                               ^      ^^^

+   File "/root_path/BetopiaERP/betopiaerp/addons/base/tests/test_test_suite.py", line $line, in test_raise_subtest
?                               ^      ^^^

      raise Exception('This is an error')
  Exception: This is an error
 
2026-02-09 10:07:45,654 1 INFO betopiaerp betopiaerp.addons.base.tests.test_test_suite: ====================================================================== 
2026-02-09 10:07:45,654 1 ERROR betopiaerp betopiaerp.addons.base.tests.test_test_suite: ERROR: TestRunnerLogging.test_raise_subtest
AssertionError: Key `msg` did not matched expected:
  ERROR: Subtest TestRunnerLogging.test_raise_subtest (<subtest>)
  Traceback (most recent call last):
-   File "/root_path/BetopiaERP/BetopiaERP/addons/base/tests/test_test_suite.py", line $line, in test_raise_subtest
?                               ^      ^^^

+   File "/root_path/BetopiaERP/betopiaerp/addons/base/tests/test_test_suite.py", line $line, in test_raise_subtest
?                               ^      ^^^

      raise Exception('This is an error2')
  Exception: This is an error2
 
2026-02-09 10:07:45,655 1 INFO betopiaerp betopiaerp.addons.base.tests.test_test_suite: Starting TestRunnerLogging.test_reraise ... 
2026-02-09 10:07:45,657 1 INFO betopiaerp betopiaerp.addons.base.tests.test_test_suite: ====================================================================== 
2026-02-09 10:07:45,657 1 ERROR betopiaerp betopiaerp.addons.base.tests.test_test_suite: ERROR: TestRunnerLogging.test_reraise
AssertionError: Key `msg` did not matched expected:
  ERROR: TestRunnerLogging.test_reraise
  Traceback (most recent call last):
-   File "/root_path/BetopiaERP/BetopiaERP/addons/base/tests/test_test_suite.py", line $line, in test_reraise
?                               ^      ^^^

+   File "/root_path/BetopiaERP/betopiaerp/addons/base/tests/test_test_suite.py", line $line, in test_reraise
?                               ^      ^^^

      alpha()
-   File "/root_path/BetopiaERP/BetopiaERP/addons/base/tests/test_test_suite.py", line $line, in alpha
?                               ^      ^^^

+   File "/root_path/BetopiaERP/betopiaerp/addons/base/tests/test_test_suite.py", line $line, in alpha
?                               ^      ^^^

      beta()
-   File "/root_path/BetopiaERP/BetopiaERP/addons/base/tests/test_test_suite.py", line $line, in beta
?                               ^      ^^^

+   File "/root_path/BetopiaERP/betopiaerp/addons/base/tests/test_test_suite.py", line $line, in beta
?                               ^      ^^^

      raise Exception('This is an error')
  Exception: This is an error
 
2026-02-09 10:07:45,658 1 INFO betopiaerp betopiaerp.addons.base.tests.test_test_suite: Starting TestRunnerLogging.test_subtest_sub_call ... 
2026-02-09 10:07:45,660 1 INFO betopiaerp betopiaerp.addons.base.tests.test_test_suite: Starting TestRunnerLogging.test_traverse_contextmanager ... 
2026-02-09 10:07:45,662 1 INFO betopiaerp betopiaerp.addons.base.tests.test_test_suite: Starting TestRunnerLogging.test_with_decorators ... 
2026-02-09 10:07:45,667 1 INFO betopiaerp betopiaerp.addons.base.tests.test_test_suite: ====================================================================== 
2026-02-09 10:07:45,667 1 ERROR betopiaerp betopiaerp.addons.base.tests.test_test_suite: ERROR: TestRunnerLogging.test_with_decorators
AssertionError: Key `msg` did not matched expected:
  ERROR: Subtest TestRunnerLogging.test_with_decorators (login='__system__')
  Traceback (most recent call last):
-   File "/root_path/BetopiaERP/BetopiaERP/tests/common.py", line $line, in with_users
?                               ^      ^^^

+   File "/root_path/BetopiaERP/betopiaerp/tests/common.py", line $line, in with_users
?                               ^      ^^^

      func(self, *args, **kwargs)
-   File "/root_path/BetopiaERP/BetopiaERP/tests/common.py", line $line, in warmup
?                               ^      ^^^

+   File "/root_path/BetopiaERP/betopiaerp/tests/common.py", line $line, in warmup
?                               ^      ^^^

      func(self, *args, **kwargs)
-   File "/root_path/BetopiaERP/BetopiaERP/addons/base/tests/test_test_suite.py", line $line, in test_with_decorators
?                               ^      ^^^

+   File "/root_path/BetopiaERP/betopiaerp/addons/base/tests/test_test_suite.py", line $line, in test_with_decorators
?                               ^      ^^^

      raise Exception('This is an error')
  Exception: This is an error
 
2026-02-09 10:07:45,669 1 INFO betopiaerp betopiaerp.addons.base.models.ir_attachment: filestore gc 0 checked, 0 removed 
2026-02-09 10:07:45,669 1 INFO betopiaerp betopiaerp.addons.base.tests.test_test_suite: Starting TestRunnerLoggingSetup.test_raises_setup ... 
2026-02-09 10:07:45,675 1 INFO betopiaerp betopiaerp.addons.base.models.ir_attachment: filestore gc 0 checked, 0 removed 
2026-02-09 10:07:45,676 1 INFO betopiaerp betopiaerp.addons.base.tests.test_test_suite: Starting TestRunnerLoggingTeardown.test_raises_teardown ... 
2026-02-09 10:07:45,686 1 INFO betopiaerp betopiaerp.addons.base.models.ir_attachment: filestore gc 0 checked, 0 removed 
2026-02-09 10:07:45,686 1 INFO betopiaerp betopiaerp.addons.base.tests.test_test_suite: Starting TestSubtests.test_nested_subtests ... 
2026-02-09 10:07:45,687 1 INFO betopiaerp betopiaerp.tests.suite: skipped setUpClass (betopiaerp.addons.base.tests.test_test_suite.TestClassSetup) : Skip this class 
2026-02-09 10:07:45,687 1 INFO betopiaerp betopiaerp.addons.base.tests.test_test_suite: Starting TestClassTeardown.test_method ... 
2026-02-09 10:07:45,687 1 INFO betopiaerp betopiaerp.tests.suite: skipped tearDownClass (betopiaerp.addons.base.tests.test_test_suite.TestClassTeardown) : Skip this class 
2026-02-09 10:07:45,687 1 INFO betopiaerp betopiaerp.addons.base.tests.test_test_suite: Starting Test01ClassCleanups.test_dummy ... 
2026-02-09 10:07:45,688 1 INFO betopiaerp betopiaerp.addons.base.tests.test_test_suite: Starting Test02ClassCleanupsCheck.test_classcleanups ... 
2026-02-09 10:07:45,688 1 INFO betopiaerp betopiaerp.addons.base.tests.test_test_suite: Starting TestSkipMethof.test_skip_method ... 
2026-02-09 10:07:45,688 1 INFO betopiaerp betopiaerp.addons.base.tests.test_test_suite: skipped TestSkipMethof.test_skip_method :  
2026-02-09 10:07:45,689 1 INFO betopiaerp betopiaerp.addons.base.tests.test_test_suite: Starting TestRegistryRLock.test_registry_rlock_count ... 
2026-02-09 10:07:45,689 1 INFO betopiaerp betopiaerp.addons.base.tests.test_tests_tags: Starting TestSetTags.test_inheritance ... 
2026-02-09 10:07:45,690 1 INFO betopiaerp betopiaerp.addons.base.tests.test_tests_tags: Starting TestSetTags.test_parental_advisory ... 
2026-02-09 10:07:45,691 1 INFO betopiaerp betopiaerp.addons.base.tests.test_tests_tags: Starting TestSetTags.test_set_tags_empty ... 
2026-02-09 10:07:45,691 1 INFO betopiaerp betopiaerp.addons.base.tests.test_tests_tags: Starting TestSetTags.test_set_tags_multiple_tags ... 
2026-02-09 10:07:45,692 1 INFO betopiaerp betopiaerp.addons.base.tests.test_tests_tags: Starting TestSetTags.test_set_tags_not_decorated ... 
2026-02-09 10:07:45,692 1 INFO betopiaerp betopiaerp.addons.base.tests.test_tests_tags: Starting TestSetTags.test_set_tags_single_tag ... 
2026-02-09 10:07:45,693 1 INFO betopiaerp betopiaerp.addons.base.tests.test_tests_tags: Starting TestSetTags.test_untagging ... 
2026-02-09 10:07:45,695 1 INFO betopiaerp betopiaerp.addons.base.models.ir_attachment: filestore gc 0 checked, 0 removed 
2026-02-09 10:07:45,696 1 INFO betopiaerp betopiaerp.addons.base.tests.test_tests_tags: Starting TestSelector.test_selector_parser ... 
2026-02-09 10:07:45,697 1 INFO betopiaerp betopiaerp.addons.base.models.ir_attachment: filestore gc 0 checked, 0 removed 
2026-02-09 10:07:45,698 1 INFO betopiaerp betopiaerp.addons.base.tests.test_tests_tags: Starting TestSelectorSelection.test_negative_parameters_translate ... 
2026-02-09 10:07:45,698 1 INFO betopiaerp betopiaerp.addons.base.tests.test_tests_tags: Starting TestSelectorSelection.test_selector_parser_parameters ... 
2026-02-09 10:07:45,699 1 INFO betopiaerp betopiaerp.addons.base.tests.test_tests_tags: Starting TestSelectorSelection.test_selector_selection ... 
2026-02-09 10:07:45,701 1 INFO betopiaerp betopiaerp.addons.base.models.ir_attachment: filestore gc 0 checked, 0 removed 
2026-02-09 10:07:45,701 1 INFO betopiaerp betopiaerp.addons.base.tests.test_tests_tags: Starting TestTestClass.test_canonical_tag ... 
2026-02-09 10:07:45,702 1 INFO betopiaerp betopiaerp.addons.base.tests.test_transactions: Starting TestTransactionEnvs.test_transation_envs_ordered ... 
2026-02-09 10:07:45,703 1 INFO betopiaerp betopiaerp.addons.base.tests.test_transactions: Starting TestTransactionEnvs.test_transation_envs_weakrefs ... 
2026-02-09 10:07:45,703 1 INFO betopiaerp betopiaerp.addons.base.tests.test_transactions: Starting TestTransactionEnvs.test_transation_envs_weakrefs_call ... 
2026-02-09 10:07:45,704 1 INFO betopiaerp betopiaerp.addons.base.tests.test_transactions: Starting TestTransactionEnvs.test_transation_envs_weakrefs_return ... 
2026-02-09 10:07:45,705 1 INFO betopiaerp betopiaerp.addons.base.models.ir_attachment: filestore gc 0 checked, 0 removed 
2026-02-09 10:07:45,706 1 INFO betopiaerp betopiaerp.addons.base.tests.test_translate: Starting TranslationToolsTestCase.test_quote_unquote ... 
2026-02-09 10:07:45,706 1 INFO betopiaerp betopiaerp.addons.base.tests.test_translate: Starting TranslationToolsTestCase.test_translate_html ... 
2026-02-09 10:07:45,706 1 INFO betopiaerp betopiaerp.addons.base.tests.test_translate: Starting TranslationToolsTestCase.test_translate_html_i ... 
2026-02-09 10:07:45,707 1 INFO betopiaerp betopiaerp.addons.base.tests.test_translate: Starting TranslationToolsTestCase.test_translate_html_nbsp ... 
2026-02-09 10:07:45,707 1 INFO betopiaerp betopiaerp.addons.base.tests.test_translate: Starting TranslationToolsTestCase.test_translate_xml_a ... 
2026-02-09 10:07:45,707 1 INFO betopiaerp betopiaerp.addons.base.tests.test_translate: Starting TranslationToolsTestCase.test_translate_xml_attribute ... 
2026-02-09 10:07:45,708 1 INFO betopiaerp betopiaerp.addons.base.tests.test_translate: Starting TranslationToolsTestCase.test_translate_xml_base ... 
2026-02-09 10:07:45,708 1 INFO betopiaerp betopiaerp.addons.base.tests.test_translate: Starting TranslationToolsTestCase.test_translate_xml_fstring ... 
2026-02-09 10:07:45,708 1 INFO betopiaerp betopiaerp.addons.base.tests.test_translate: Starting TranslationToolsTestCase.test_translate_xml_illegal_translations ... 
2026-02-09 10:07:45,709 1 INFO betopiaerp betopiaerp.addons.base.tests.test_translate: Starting TranslationToolsTestCase.test_translate_xml_inline1 ... 
2026-02-09 10:07:45,709 1 INFO betopiaerp betopiaerp.addons.base.tests.test_translate: Starting TranslationToolsTestCase.test_translate_xml_inline2 ... 
2026-02-09 10:07:45,710 1 INFO betopiaerp betopiaerp.addons.base.tests.test_translate: Starting TranslationToolsTestCase.test_translate_xml_inline3 ... 
2026-02-09 10:07:45,710 1 INFO betopiaerp betopiaerp.addons.base.tests.test_translate: Starting TranslationToolsTestCase.test_translate_xml_inline4 ... 
2026-02-09 10:07:45,711 1 INFO betopiaerp betopiaerp.addons.base.tests.test_translate: Starting TranslationToolsTestCase.test_translate_xml_inline5 ... 
2026-02-09 10:07:45,711 1 INFO betopiaerp betopiaerp.addons.base.tests.test_translate: Starting TranslationToolsTestCase.test_translate_xml_invalid_translations ... 
2026-02-09 10:07:45,712 1 INFO betopiaerp betopiaerp.addons.base.tests.test_translate: Starting TranslationToolsTestCase.test_translate_xml_off ... 
2026-02-09 10:07:45,712 1 INFO betopiaerp betopiaerp.addons.base.tests.test_translate: Starting TranslationToolsTestCase.test_translate_xml_t ... 
2026-02-09 10:07:45,712 1 INFO betopiaerp betopiaerp.addons.base.tests.test_translate: Starting TranslationToolsTestCase.test_translate_xml_text ... 
2026-02-09 10:07:45,713 1 INFO betopiaerp betopiaerp.addons.base.tests.test_translate: Starting TranslationToolsTestCase.test_translate_xml_text_entity ... 
2026-02-09 10:07:45,713 1 INFO betopiaerp betopiaerp.addons.base.tests.test_translate: Starting TranslationToolsTestCase.test_translate_xml_unicode ... 
2026-02-09 10:07:45,714 1 INFO betopiaerp betopiaerp.addons.base.tests.test_translate: Starting TranslationToolsTestCase.test_translate_xml_with_namespace ... 
2026-02-09 10:07:45,715 1 INFO betopiaerp betopiaerp.addons.base.tests.test_translate: Starting TestLanguageInstall.test_language_install ... 
2026-02-09 10:07:45,723 1 INFO betopiaerp betopiaerp.addons.base.models.ir_attachment: filestore gc 0 checked, 0 removed 
2026-02-09 10:07:45,727 1 INFO betopiaerp betopiaerp.tools.translate: loading translation file for language fr_FR 
2026-02-09 10:07:45,729 1 INFO betopiaerp betopiaerp.tools.translate: translations are loaded successfully 
2026-02-09 10:07:45,729 1 INFO betopiaerp betopiaerp.addons.base.tests.test_translate: Starting TestTranslation.test_101_create_translated_record ... 
2026-02-09 10:07:45,730 1 INFO betopiaerp betopiaerp.addons.base.tests.test_translate: Starting TestTranslation.test_101_translation_read ... 
2026-02-09 10:07:45,747 1 INFO betopiaerp betopiaerp.models.unlink: User #1 deleted ir.default records with IDs: [1] 
2026-02-09 10:07:45,748 1 INFO betopiaerp betopiaerp.addons.base.tests.test_translate: Starting TestTranslation.test_102_duplicate_record ... 
2026-02-09 10:07:45,752 1 INFO betopiaerp betopiaerp.addons.base.tests.test_translate: Starting TestTranslation.test_103_duplicate_record_fr ... 
2026-02-09 10:07:45,756 1 INFO betopiaerp betopiaerp.addons.base.tests.test_translate: Starting TestTranslation.test_104_orderby_translated_field ... 
2026-02-09 10:07:45,759 1 INFO betopiaerp betopiaerp.addons.base.tests.test_translate: Starting TestTranslation.test_105_duplicate_record_multi_no_en ... 
2026-02-09 10:07:45,772 1 INFO betopiaerp betopiaerp.models.unlink: User #1 deleted ir.default records with IDs: [1] 
2026-02-09 10:07:45,780 1 INFO betopiaerp betopiaerp.addons.base.tests.test_translate: Starting TestTranslation.test_107_duplicate_record_en ... 
2026-02-09 10:07:45,785 1 INFO betopiaerp betopiaerp.addons.base.tests.test_translate: Starting TestTranslation.test_108_search_en ... 
2026-02-09 10:07:45,787 1 INFO betopiaerp betopiaerp.addons.base.tests.test_translate: Starting TestTranslation.test_109_search_fr ... 
2026-02-09 10:07:45,791 1 INFO betopiaerp betopiaerp.addons.base.tests.test_translate: Starting TestTranslation.test_110_search_es ... 
2026-02-09 10:07:45,797 1 INFO betopiaerp betopiaerp.addons.base.tests.test_translate: Starting TestTranslation.test_111_prefetch_langs ... 
2026-02-09 10:07:45,811 1 INFO betopiaerp betopiaerp.models.unlink: User #1 deleted ir.default records with IDs: [1] 
2026-02-09 10:07:45,816 1 INFO betopiaerp betopiaerp.addons.base.models.ir_attachment: filestore gc 0 checked, 0 removed 
2026-02-09 10:07:45,819 1 INFO betopiaerp betopiaerp.addons.base.tests.test_translate: Starting TestTranslationWrite.test_00 ... 
2026-02-09 10:07:45,827 1 INFO betopiaerp betopiaerp.addons.base.tests.test_translate: Starting TestTranslationWrite.test_01_invalid_lang ... 
2026-02-09 10:07:45,841 1 INFO betopiaerp betopiaerp.addons.base.tests.test_translate: Starting TestTranslationWrite.test_03_fr_single ... 
2026-02-09 10:07:45,853 1 INFO betopiaerp betopiaerp.models.unlink: User #1 deleted ir.default records with IDs: [1] 
2026-02-09 10:07:45,857 1 INFO betopiaerp betopiaerp.addons.base.tests.test_translate: Starting TestTranslationWrite.test_04_fr_multi ... 
2026-02-09 10:07:45,859 1 INFO betopiaerp betopiaerp.tools.translate: loading translation file for language fr_FR 
2026-02-09 10:07:45,861 1 INFO betopiaerp betopiaerp.tools.translate: translations are loaded successfully 
2026-02-09 10:07:45,863 1 INFO betopiaerp betopiaerp.addons.base.tests.test_translate: Starting TestTranslationWrite.test_04_fr_multi_no_en ... 
2026-02-09 10:07:45,876 1 INFO betopiaerp betopiaerp.models.unlink: User #1 deleted ir.default records with IDs: [1] 
2026-02-09 10:07:45,880 1 INFO betopiaerp betopiaerp.addons.base.tests.test_translate: Starting TestTranslationWrite.test_05_remove_multi_false ... 
2026-02-09 10:07:45,884 1 INFO betopiaerp betopiaerp.addons.base.tests.test_translate: Starting TestTranslationWrite.test_create_empty_false ... 
2026-02-09 10:07:45,892 1 INFO betopiaerp betopiaerp.addons.base.tests.test_translate: Starting TestTranslationWrite.test_field_selection ... 
2026-02-09 10:07:45,905 1 INFO betopiaerp betopiaerp.addons.base.tests.test_translate: Starting TestTranslationWrite.test_load_views ... 
2026-02-09 10:07:45,909 1 INFO betopiaerp betopiaerp.tools.translate: loading translation file for language fr_FR 
2026-02-09 10:07:45,914 1 INFO betopiaerp betopiaerp.tools.translate: translations are loaded successfully 
2026-02-09 10:07:45,941 1 INFO betopiaerp betopiaerp.addons.base.tests.test_translate: Starting TestTranslationWrite.test_update_field_translations ... 
2026-02-09 10:07:45,950 1 INFO betopiaerp betopiaerp.addons.base.tests.test_translate: Starting TestTranslationWrite.test_update_field_translations_for_empty ... 
2026-02-09 10:07:45,959 1 INFO betopiaerp betopiaerp.addons.base.tests.test_translate: Starting TestTranslationWrite.test_write_empty_and_value ... 
2026-02-09 10:07:45,983 1 INFO betopiaerp betopiaerp.addons.base.models.ir_attachment: filestore gc 0 checked, 0 removed 
2026-02-09 10:07:45,989 1 INFO betopiaerp betopiaerp.addons.base.tests.test_translate: Starting TestXMLTranslation.test_cache_consistency ... 
2026-02-09 10:07:46,001 1 INFO betopiaerp betopiaerp.addons.base.tests.test_translate: Starting TestXMLTranslation.test_copy ... 
2026-02-09 10:07:46,025 1 INFO betopiaerp betopiaerp.addons.base.tests.test_translate: Starting TestXMLTranslation.test_delay_translations ... 
2026-02-09 10:07:46,041 1 INFO betopiaerp betopiaerp.addons.base.tests.test_translate: Starting TestXMLTranslation.test_delay_translations_no_term ... 
2026-02-09 10:07:46,054 1 INFO betopiaerp betopiaerp.addons.base.tests.test_translate: Starting TestXMLTranslation.test_spaces ... 
2026-02-09 10:07:46,062 1 INFO betopiaerp betopiaerp.addons.base.tests.test_translate: Starting TestXMLTranslation.test_sync ... 
2026-02-09 10:07:46,078 1 INFO betopiaerp betopiaerp.addons.base.tests.test_translate: Starting TestXMLTranslation.test_sync_text_to_xml ... 
2026-02-09 10:07:46,088 1 INFO betopiaerp betopiaerp.addons.base.tests.test_translate: Starting TestXMLTranslation.test_sync_xml ... 
2026-02-09 10:07:46,100 1 INFO betopiaerp betopiaerp.addons.base.tests.test_translate: Starting TestXMLTranslation.test_sync_xml_attribute ... 
2026-02-09 10:07:46,111 1 INFO betopiaerp betopiaerp.addons.base.tests.test_translate: Starting TestXMLTranslation.test_sync_xml_close_terms ... 
2026-02-09 10:07:46,121 1 INFO betopiaerp betopiaerp.addons.base.tests.test_translate: Starting TestXMLTranslation.test_sync_xml_collision ... 
2026-02-09 10:07:46,134 1 INFO betopiaerp betopiaerp.addons.base.tests.test_translate: Starting TestXMLTranslation.test_sync_xml_inline_modifiers ... 
2026-02-09 10:07:46,149 1 INFO betopiaerp betopiaerp.addons.base.tests.test_translate: Starting TestXMLTranslation.test_sync_xml_no_en ... 
2026-02-09 10:07:46,163 1 INFO betopiaerp betopiaerp.models.unlink: User #1 deleted ir.default records with IDs: [1] 
2026-02-09 10:07:46,169 1 INFO betopiaerp betopiaerp.addons.base.tests.test_translate: Starting TestXMLTranslation.test_sync_xml_upgrade ... 
2026-02-09 10:07:46,196 1 INFO betopiaerp betopiaerp.addons.base.tests.test_translate: Starting TestXMLTranslation.test_t_call_no_normal_attribute_translation ... 
2026-02-09 10:07:46,210 1 INFO betopiaerp betopiaerp.addons.base.tests.test_translate: Starting TestXMLTranslation.test_update_field_translations ... 
2026-02-09 10:07:46,227 1 INFO betopiaerp betopiaerp.addons.base.tests.test_translate: Starting TestXMLTranslation.test_update_field_translations_empty_str ... 
2026-02-09 10:07:46,239 1 INFO betopiaerp betopiaerp.addons.base.tests.test_translate: Starting TestXMLTranslation.test_update_field_translations_partially ... 
2026-02-09 10:07:46,249 1 INFO betopiaerp betopiaerp.addons.base.tests.test_translate: Starting TestXMLTranslation.test_update_field_translations_source_lang ... 
2026-02-09 10:07:46,260 1 INFO betopiaerp betopiaerp.addons.base.tests.test_translate: Starting TestXMLTranslation.test_update_field_translations_typofix ... 
2026-02-09 10:07:46,277 1 INFO betopiaerp betopiaerp.addons.base.models.ir_attachment: filestore gc 0 checked, 0 removed 
2026-02-09 10:07:46,290 1 INFO betopiaerp betopiaerp.addons.base.tests.test_translate: Starting TestXMLDuplicateTranslations.test_copy ... 
2026-02-09 10:07:46,299 1 INFO betopiaerp betopiaerp.addons.base.tests.test_translate: Starting TestXMLDuplicateTranslations.test_get_field_translations ... 
2026-02-09 10:07:46,302 1 INFO betopiaerp betopiaerp.addons.base.tests.test_translate: Starting TestXMLDuplicateTranslations.test_update_field_translations_again ... 
2026-02-09 10:07:46,313 1 INFO betopiaerp betopiaerp.addons.base.tests.test_translate: Starting TestXMLDuplicateTranslations.test_update_field_translations_result ... 
2026-02-09 10:07:46,316 1 INFO betopiaerp betopiaerp.addons.base.tests.test_translate: Starting TestXMLDuplicateTranslations.test_write ... 
2026-02-09 10:07:46,328 1 INFO betopiaerp betopiaerp.addons.base.models.ir_attachment: filestore gc 0 checked, 0 removed 
2026-02-09 10:07:46,329 1 INFO betopiaerp betopiaerp.addons.base.tests.test_translate: Starting TestHTMLTranslation.test_delay_translations_no_term ... 
2026-02-09 10:07:46,396 1 INFO betopiaerp betopiaerp.addons.base.tests.test_translate: Starting TestHTMLTranslation.test_write_non_existing ... 
2026-02-09 10:07:46,400 1 INFO betopiaerp betopiaerp.addons.base.models.ir_attachment: filestore gc 0 checked, 0 removed 
2026-02-09 10:07:46,401 1 INFO betopiaerp betopiaerp.addons.base.tests.test_translate: Starting TestTranslationTrigramIndexPatterns.test_pattern_conversion ... 
2026-02-09 10:07:46,402 1 INFO betopiaerp betopiaerp.addons.base.tests.test_translate: Starting TestTranslationTrigramIndexPatterns.test_value_conversion ... 
2026-02-09 10:07:46,403 1 INFO betopiaerp betopiaerp.addons.base.tests.test_tz: Starting TestTZ.test_cannot_set_deprecated_timezone ... 
2026-02-09 10:07:46,407 1 INFO betopiaerp betopiaerp.addons.base.tests.test_tz: Starting TestTZ.test_dont_adapt_available_tz ... 
2026-02-09 10:07:46,408 1 INFO betopiaerp betopiaerp.addons.base.tests.test_tz: Starting TestTZ.test_partner_with_old_tz ... 
2026-02-09 10:07:46,415 1 INFO betopiaerp betopiaerp.addons.base.tests.test_tz: Starting TestTZ.test_tz_legacy ... 
2026-02-09 10:07:46,437 1 INFO betopiaerp betopiaerp.addons.base.models.ir_attachment: filestore gc 0 checked, 0 removed 
2026-02-09 10:07:46,438 1 INFO betopiaerp betopiaerp.addons.base.tests.test_user_has_group: Starting TestHasGroup.test_demote_user ... 
2026-02-09 10:07:46,480 1 INFO betopiaerp betopiaerp.addons.base.tests.test_user_has_group: Starting TestHasGroup.test_env_uid ... 
2026-02-09 10:07:46,496 1 INFO betopiaerp betopiaerp.addons.base.tests.test_user_has_group: Starting TestHasGroup.test_has_group_cleared_cache_on_write ... 
2026-02-09 10:07:46,516 1 INFO betopiaerp betopiaerp.addons.base.tests.test_user_has_group: Starting TestHasGroup.test_has_group_with_new_id ... 
2026-02-09 10:07:46,535 1 INFO betopiaerp betopiaerp.addons.base.tests.test_user_has_group: Starting TestHasGroup.test_implied_groups ... 
2026-02-09 10:07:46,595 1 INFO betopiaerp betopiaerp.addons.base.tests.test_user_has_group: Starting TestHasGroup.test_other_user ... 
2026-02-09 10:07:46,623 1 INFO betopiaerp betopiaerp.addons.base.tests.test_user_has_group: Starting TestHasGroup.test_portal_creation ... 
2026-02-09 10:07:46,685 1 INFO betopiaerp betopiaerp.models.unlink: User #1 deleted res.users records with IDs: [299] 
2026-02-09 10:07:46,713 1 INFO betopiaerp betopiaerp.addons.base.tests.test_user_has_group: Starting TestHasGroup.test_portal_write ... 
2026-02-09 10:07:46,758 1 INFO betopiaerp betopiaerp.addons.base.tests.test_user_has_group: Starting TestHasGroup.test_record ... 
2026-02-09 10:07:46,773 1 INFO betopiaerp betopiaerp.addons.base.tests.test_user_has_group: Starting TestHasGroup.test_two_user_types ... 
2026-02-09 10:07:46,822 1 INFO betopiaerp betopiaerp.addons.base.tests.test_user_has_group: Starting TestHasGroup.test_two_user_types_implied_groups ... 
2026-02-09 10:07:46,872 1 INFO betopiaerp betopiaerp.models: Prepare computation of res.users.x_group_names 
2026-02-09 10:07:46,893 1 INFO betopiaerp betopiaerp.models: Prepare computation of res.groups.x_user_names 
2026-02-09 10:07:46,947 1 INFO betopiaerp betopiaerp.addons.base.models.ir_attachment: filestore gc 3 checked, 3 removed 
2026-02-09 10:07:46,948 1 INFO betopiaerp betopiaerp.addons.base.tests.test_views: Starting ViewXMLID.test_model_data_id ... 
2026-02-09 10:07:46,952 1 INFO betopiaerp betopiaerp.addons.base.models.ir_attachment: filestore gc 0 checked, 0 removed 
2026-02-09 10:07:46,953 1 INFO betopiaerp betopiaerp.addons.base.tests.test_views: Starting TestNodeLocator.test_attribute_filter ... 
2026-02-09 10:07:46,953 1 INFO betopiaerp betopiaerp.addons.base.tests.test_views: Starting TestNodeLocator.test_attribute_mismatch ... 
2026-02-09 10:07:46,954 1 INFO betopiaerp betopiaerp.addons.base.tests.test_views: Starting TestNodeLocator.test_match_field ... 
2026-02-09 10:07:46,955 1 INFO betopiaerp betopiaerp.addons.base.tests.test_views: Starting TestNodeLocator.test_match_other ... 
2026-02-09 10:07:46,955 1 INFO betopiaerp betopiaerp.addons.base.tests.test_views: Starting TestNodeLocator.test_match_xpath ... 
2026-02-09 10:07:46,956 1 INFO betopiaerp betopiaerp.addons.base.tests.test_views: Starting TestNodeLocator.test_no_match_field ... 
2026-02-09 10:07:46,956 1 INFO betopiaerp betopiaerp.addons.base.tests.test_views: Starting TestNodeLocator.test_no_match_other ... 
2026-02-09 10:07:46,957 1 INFO betopiaerp betopiaerp.addons.base.tests.test_views: Starting TestNodeLocator.test_no_match_xpath ... 
2026-02-09 10:07:46,958 1 INFO betopiaerp betopiaerp.addons.base.tests.test_views: Starting TestNodeLocator.test_version_mismatch ... 
2026-02-09 10:07:46,959 1 INFO betopiaerp betopiaerp.addons.base.models.ir_attachment: filestore gc 0 checked, 0 removed 
2026-02-09 10:07:46,988 1 INFO betopiaerp betopiaerp.addons.base.tests.test_views: Starting TestViewInheritance.test_broken_hierarchy_locators ... 
2026-02-09 10:07:47,034 1 INFO betopiaerp betopiaerp.addons.base.tests.test_views: Starting TestViewInheritance.test_default_view ... 
2026-02-09 10:07:47,074 1 INFO betopiaerp betopiaerp.addons.base.tests.test_views: Starting TestViewInheritance.test_get_combined_arch_query_count ... 
2026-02-09 10:07:47,134 1 INFO betopiaerp betopiaerp.addons.base.tests.test_views: Query count less than expected for user __system__: 2 < 3 in test_get_combined_arch_query_count at /opt/betopiaerp/betopiaerp/addons/base/tests/test_views.py:317 
2026-02-09 10:07:47,135 1 INFO betopiaerp betopiaerp.addons.base.tests.test_views: Starting TestViewInheritance.test_get_inheriting_views ... 
2026-02-09 10:07:47,173 1 INFO betopiaerp betopiaerp.addons.base.tests.test_views: Starting TestViewInheritance.test_invalid_locators ... 
2026-02-09 10:07:47,215 1 INFO betopiaerp betopiaerp.addons.base.tests.test_views: Starting TestViewInheritance.test_invalid_locators_with_valid_xpath ... 
2026-02-09 10:07:47,269 1 INFO betopiaerp betopiaerp.addons.base.tests.test_views: Starting TestViewInheritance.test_nested_move_invalid_locator ... 
2026-02-09 10:07:47,320 1 INFO betopiaerp betopiaerp.addons.base.tests.test_views: Starting TestViewInheritance.test_no_arch ... 
2026-02-09 10:07:47,363 1 INFO betopiaerp betopiaerp.addons.base.tests.test_views: Starting TestViewInheritance.test_no_default_view ... 
2026-02-09 10:07:47,404 1 INFO betopiaerp betopiaerp.addons.base.tests.test_views: Starting TestViewInheritance.test_no_recursion ... 
2026-02-09 10:07:47,456 1 INFO betopiaerp betopiaerp.addons.base.tests.test_views: Starting TestViewInheritance.test_view_validate_attrs_groups_query_count ... 
2026-02-09 10:07:47,498 1 INFO betopiaerp betopiaerp.addons.base.tests.test_views: Starting TestViewInheritance.test_view_validate_button_action_query_count ... 
2026-02-09 10:07:47,540 1 INFO betopiaerp betopiaerp.addons.base.tests.test_views: Starting TestViewInheritance.test_write_arch ... 
2026-02-09 10:07:47,587 1 INFO betopiaerp betopiaerp.addons.base.models.ir_attachment: filestore gc 1 checked, 1 removed 
2026-02-09 10:07:47,615 1 INFO betopiaerp betopiaerp.addons.base.tests.test_views: Starting TestApplyInheritanceSpecs.test_delete ... 
2026-02-09 10:07:47,622 1 INFO betopiaerp betopiaerp.addons.base.tests.test_views: Starting TestApplyInheritanceSpecs.test_incorrect_version ... 
2026-02-09 10:07:47,625 1 INFO betopiaerp betopiaerp.addons.base.tests.test_views: Starting TestApplyInheritanceSpecs.test_insert_after ... 
2026-02-09 10:07:47,626 1 INFO betopiaerp betopiaerp.addons.base.tests.test_views: Starting TestApplyInheritanceSpecs.test_insert_before ... 
2026-02-09 10:07:47,627 1 INFO betopiaerp betopiaerp.addons.base.tests.test_views: Starting TestApplyInheritanceSpecs.test_insert_inside ... 
2026-02-09 10:07:47,628 1 INFO betopiaerp betopiaerp.addons.base.tests.test_views: Starting TestApplyInheritanceSpecs.test_invalid_position ... 
2026-02-09 10:07:47,631 1 INFO betopiaerp betopiaerp.addons.base.tests.test_views: Starting TestApplyInheritanceSpecs.test_replace_inner ... 
2026-02-09 10:07:47,632 1 INFO betopiaerp betopiaerp.addons.base.tests.test_views: Starting TestApplyInheritanceSpecs.test_replace_inner_2 ... 
2026-02-09 10:07:47,633 1 INFO betopiaerp betopiaerp.addons.base.tests.test_views: Starting TestApplyInheritanceSpecs.test_replace_outer ... 
2026-02-09 10:07:47,634 1 INFO betopiaerp betopiaerp.addons.base.tests.test_views: Starting TestApplyInheritanceSpecs.test_target_not_found ... 
2026-02-09 10:07:47,637 1 INFO betopiaerp betopiaerp.addons.base.tests.test_views: Starting TestApplyInheritanceSpecs.test_unpack_data ... 
2026-02-09 10:07:47,639 1 INFO betopiaerp betopiaerp.addons.base.models.ir_attachment: filestore gc 1 checked, 1 removed 
2026-02-09 10:07:47,668 1 INFO betopiaerp betopiaerp.addons.base.tests.test_views: Starting TestApplyInheritanceWrapSpecs.test_replace ... 
2026-02-09 10:07:47,675 1 INFO betopiaerp betopiaerp.addons.base.models.ir_attachment: filestore gc 1 checked, 1 removed 
2026-02-09 10:07:47,702 1 INFO betopiaerp betopiaerp.addons.base.tests.test_views: Starting TestApplyInheritanceMoveSpecs.test_incorrect_move_1 ... 
2026-02-09 10:07:47,710 1 INFO betopiaerp betopiaerp.addons.base.tests.test_views: Starting TestApplyInheritanceMoveSpecs.test_incorrect_move_2 ... 
2026-02-09 10:07:47,713 1 INFO betopiaerp betopiaerp.addons.base.tests.test_views: Starting TestApplyInheritanceMoveSpecs.test_incorrect_move_3 ... 
2026-02-09 10:07:47,714 1 INFO betopiaerp betopiaerp.addons.base.tests.test_views: Starting TestApplyInheritanceMoveSpecs.test_move_after ... 
2026-02-09 10:07:47,715 1 INFO betopiaerp betopiaerp.addons.base.tests.test_views: Starting TestApplyInheritanceMoveSpecs.test_move_before ... 
2026-02-09 10:07:47,716 1 INFO betopiaerp betopiaerp.addons.base.tests.test_views: Starting TestApplyInheritanceMoveSpecs.test_move_inside ... 
2026-02-09 10:07:47,717 1 INFO betopiaerp betopiaerp.addons.base.tests.test_views: Starting TestApplyInheritanceMoveSpecs.test_move_replace ... 
2026-02-09 10:07:47,718 1 INFO betopiaerp betopiaerp.addons.base.tests.test_views: Starting TestApplyInheritanceMoveSpecs.test_move_with_other_1 ... 
2026-02-09 10:07:47,719 1 INFO betopiaerp betopiaerp.addons.base.tests.test_views: Starting TestApplyInheritanceMoveSpecs.test_move_with_other_2 ... 
2026-02-09 10:07:47,720 1 INFO betopiaerp betopiaerp.addons.base.tests.test_views: Starting TestApplyInheritanceMoveSpecs.test_move_with_tail ... 
2026-02-09 10:07:47,722 1 INFO betopiaerp betopiaerp.addons.base.models.ir_attachment: filestore gc 1 checked, 1 removed 
2026-02-09 10:07:47,751 1 INFO betopiaerp betopiaerp.addons.base.tests.test_views: Starting TestNoModel.test_create_view_nomodel ... 
2026-02-09 10:07:47,759 1 INFO betopiaerp betopiaerp.addons.base.tests.test_views: Starting TestNoModel.test_qweb_translation ... 
2026-02-09 10:07:47,767 1 INFO betopiaerp betopiaerp.addons.base.models.ir_attachment: filestore gc 1 checked, 1 removed 
2026-02-09 10:07:47,791 1 INFO betopiaerp betopiaerp.addons.base.tests.test_views: Starting TestTemplating.test_branding_attribute_groups ... 
2026-02-09 10:07:47,799 1 INFO betopiaerp betopiaerp.addons.base.tests.test_views: Starting TestTemplating.test_branding_distribute_inner ... 
2026-02-09 10:07:47,804 1 INFO betopiaerp betopiaerp.addons.base.tests.test_views: Starting TestTemplating.test_branding_inherit ... 
2026-02-09 10:07:47,809 1 INFO betopiaerp betopiaerp.addons.base.tests.test_views: Starting TestTemplating.test_branding_inherit_multi_replace_node ... 
2026-02-09 10:07:47,816 1 INFO betopiaerp betopiaerp.addons.base.tests.test_views: Starting TestTemplating.test_branding_inherit_multi_replace_node2 ... 
2026-02-09 10:07:47,823 1 INFO betopiaerp betopiaerp.addons.base.tests.test_views: Starting TestTemplating.test_branding_inherit_remove_added_from_inheritance ... 
2026-02-09 10:07:47,830 1 INFO betopiaerp betopiaerp.addons.base.tests.test_views: Starting TestTemplating.test_branding_inherit_remove_node ... 
2026-02-09 10:07:47,835 1 INFO betopiaerp betopiaerp.addons.base.tests.test_views: Starting TestTemplating.test_branding_inherit_remove_node2 ... 
2026-02-09 10:07:47,841 1 INFO betopiaerp betopiaerp.addons.base.tests.test_views: Starting TestTemplating.test_branding_inherit_remove_node_processing_instruction ... 
2026-02-09 10:07:47,847 1 INFO betopiaerp betopiaerp.addons.base.tests.test_views: Starting TestTemplating.test_branding_inherit_replace_node ... 
2026-02-09 10:07:47,852 1 INFO betopiaerp betopiaerp.addons.base.tests.test_views: Starting TestTemplating.test_branding_inherit_replace_node2 ... 
2026-02-09 10:07:47,857 1 INFO betopiaerp betopiaerp.addons.base.tests.test_views: Starting TestTemplating.test_branding_inherit_top_t_field ... 
2026-02-09 10:07:47,865 1 INFO betopiaerp betopiaerp.addons.base.tests.test_views: Starting TestTemplating.test_branding_primary_inherit ... 
2026-02-09 10:07:47,870 1 INFO betopiaerp betopiaerp.addons.base.tests.test_views: Starting TestTemplating.test_branding_remove_add_text ... 
2026-02-09 10:07:47,875 1 INFO betopiaerp betopiaerp.addons.base.tests.test_views: Starting TestTemplating.test_branding_t0 ... 
2026-02-09 10:07:47,880 1 INFO betopiaerp betopiaerp.addons.base.tests.test_views: Starting TestTemplating.test_call_no_branding ... 
2026-02-09 10:07:47,885 1 INFO betopiaerp betopiaerp.addons.base.tests.test_views: Starting TestTemplating.test_esc_no_branding ... 
2026-02-09 10:07:47,889 1 INFO betopiaerp betopiaerp.addons.base.tests.test_views: Starting TestTemplating.test_ignore_unbrand ... 
2026-02-09 10:07:47,897 1 INFO betopiaerp betopiaerp.addons.base.models.ir_attachment: filestore gc 1 checked, 1 removed 
2026-02-09 10:07:47,902 1 INFO betopiaerp betopiaerp.addons.base.models.ir_module: module base: loading translation file /opt/betopiaerp/betopiaerp/addons/base/i18n/fr.po for language fr_FR 
2026-02-09 10:07:48,516 1 INFO betopiaerp betopiaerp.addons.base.models.ir_module: module base: loading translation file /opt/betopiaerp/betopiaerp/addons/base/i18n/nl.po for language nl_NL 
2026-02-09 10:07:49,295 1 INFO betopiaerp betopiaerp.addons.base.tests.test_views: Starting TestViewTranslations.test_cache_consistency ... 
2026-02-09 10:07:49,307 1 INFO betopiaerp betopiaerp.addons.base.tests.test_views: Starting TestViewTranslations.test_no_groups_for_inherited ... 
2026-02-09 10:07:49,323 1 INFO betopiaerp betopiaerp.addons.base.tests.test_views: Starting TestViewTranslations.test_sync ... 
2026-02-09 10:07:49,340 1 INFO betopiaerp betopiaerp.addons.base.tests.test_views: Starting TestViewTranslations.test_sync_update ... 
2026-02-09 10:07:49,349 1 INFO betopiaerp betopiaerp.addons.base.tests.test_views: Starting TestViewTranslations.test_sync_xml ... 
2026-02-09 10:07:49,364 1 INFO betopiaerp betopiaerp.addons.base.models.ir_attachment: filestore gc 0 checked, 0 removed 
2026-02-09 10:07:49,388 1 INFO betopiaerp betopiaerp.addons.base.tests.test_views: Starting ViewModeField.testChangeInheritOfPrimary ... 
2026-02-09 10:07:49,399 1 INFO betopiaerp betopiaerp.addons.base.tests.test_views: Starting ViewModeField.testDefaultExtensionToPrimary ... 
2026-02-09 10:07:49,404 1 INFO betopiaerp betopiaerp.addons.base.tests.test_views: Starting ViewModeField.testInheritPrimaryToExtension ... 
2026-02-09 10:07:49,409 1 INFO betopiaerp betopiaerp.addons.base.tests.test_views: Starting ViewModeField.testModeExplicit ... 
2026-02-09 10:07:49,415 1 INFO betopiaerp betopiaerp.addons.base.tests.test_views: Starting ViewModeField.testModeImplicitValue ... 
2026-02-09 10:07:49,424 1 INFO betopiaerp betopiaerp.addons.base.tests.test_views: Starting ViewModeField.testPurePrimaryToExtension ... 
2026-02-09 10:07:49,431 1 INFO betopiaerp betopiaerp.addons.base.models.ir_attachment: filestore gc 1 checked, 1 removed 
2026-02-09 10:07:49,456 1 INFO betopiaerp betopiaerp.addons.base.tests.test_views: Starting TestDefaultView.testDefaultViewBase ... 
2026-02-09 10:07:49,466 1 INFO betopiaerp betopiaerp.addons.base.tests.test_views: Starting TestDefaultView.testDefaultViewPrimary ... 
2026-02-09 10:07:49,474 1 INFO betopiaerp betopiaerp.addons.base.models.ir_attachment: filestore gc 1 checked, 1 removed 
2026-02-09 10:07:49,497 1 INFO betopiaerp betopiaerp.addons.base.tests.test_views: Starting TestViewCombined.test_basic_read ... 
2026-02-09 10:07:49,523 1 INFO betopiaerp betopiaerp.addons.base.tests.test_views: Starting TestViewCombined.test_cross_model_double ... 
2026-02-09 10:07:49,544 1 INFO betopiaerp betopiaerp.addons.base.tests.test_views: Starting TestViewCombined.test_cross_model_simple ... 
2026-02-09 10:07:49,566 1 INFO betopiaerp betopiaerp.addons.base.tests.test_views: Starting TestViewCombined.test_inherit_python_expression ... 
2026-02-09 10:07:49,650 1 INFO betopiaerp betopiaerp.addons.base.tests.test_views: Starting TestViewCombined.test_multi_combine ... 
2026-02-09 10:07:49,688 1 INFO betopiaerp betopiaerp.addons.base.tests.test_views: Starting TestViewCombined.test_multi_combine_with_same_ancestor ... 
2026-02-09 10:07:49,711 1 INFO betopiaerp betopiaerp.addons.base.tests.test_views: Starting TestViewCombined.test_primary_after_extensions ... 
2026-02-09 10:07:49,738 1 INFO betopiaerp betopiaerp.addons.base.tests.test_views: Starting TestViewCombined.test_read_from_child ... 
2026-02-09 10:07:49,760 1 INFO betopiaerp betopiaerp.addons.base.tests.test_views: Starting TestViewCombined.test_read_from_child_primary ... 
2026-02-09 10:07:49,787 1 INFO betopiaerp betopiaerp.addons.base.models.ir_attachment: filestore gc 1 checked, 1 removed 
2026-02-09 10:07:49,810 1 INFO betopiaerp betopiaerp.addons.base.tests.test_views: Starting TestOptionalViews.test_applied ... 
2026-02-09 10:07:49,822 1 INFO betopiaerp betopiaerp.addons.base.tests.test_views: Starting TestOptionalViews.test_applied_state_toggle ... 
2026-02-09 10:07:49,840 1 INFO betopiaerp betopiaerp.addons.base.models.ir_attachment: filestore gc 1 checked, 1 removed 
2026-02-09 10:07:49,841 1 INFO betopiaerp betopiaerp.addons.base.tests.test_views: Starting TestXPathExtentions.test_hasclass ... 
2026-02-09 10:07:49,865 1 INFO betopiaerp betopiaerp.addons.base.tests.test_views: Starting TestQWebRender.test_render ... 
2026-02-09 10:07:49,886 1 INFO betopiaerp betopiaerp.addons.base.models.ir_attachment: filestore gc 1 checked, 1 removed 
2026-02-09 10:07:49,887 1 INFO betopiaerp betopiaerp.addons.base.tests.test_views: Starting TestValidationTools.test_get_expression_identities ... 
2026-02-09 10:07:49,908 1 INFO betopiaerp betopiaerp.addons.base.tests.test_views: Starting TestAccessRights.test_access ... 
2026-02-09 10:07:49,914 1 INFO betopiaerp betopiaerp.addons.base.models.ir_model: Access Denied by ACLs for operation: read, uid: 320, model: ir.ui.view 
2026-02-09 10:07:49,929 1 INFO betopiaerp betopiaerp.addons.base.models.ir_model: Access Denied by ACLs for operation: read, uid: 320, model: ir.ui.view 
2026-02-09 10:07:49,932 1 INFO betopiaerp betopiaerp.addons.base.models.ir_attachment: filestore gc 1 checked, 1 removed 
2026-02-09 10:07:49,933 1 INFO betopiaerp betopiaerp.addons.base.tests.test_views: Starting CompRegexTest.test_comp_regex ... 
2026-02-09 10:07:49,935 1 INFO betopiaerp betopiaerp.addons.base.models.ir_attachment: filestore gc 0 checked, 0 removed 
2026-02-09 10:07:49,958 1 INFO betopiaerp betopiaerp.addons.base.tests.test_views: Starting ViewModifiers.test_01_modifiers ... 
2026-02-09 10:07:49,965 1 INFO betopiaerp betopiaerp.addons.base.tests.test_views: Starting ViewModifiers.test_03_modifier_attribute_is_boolean ... 
2026-02-09 10:07:49,976 1 INFO betopiaerp betopiaerp.addons.base.tests.test_views: Starting ViewModifiers.test_04_modifier_attribute_using_context ... 
2026-02-09 10:07:49,985 1 INFO betopiaerp betopiaerp.addons.base.tests.test_views: Starting ViewModifiers.test_05_modifier_attribute_priority ... 
2026-02-09 10:07:49,993 1 INFO betopiaerp betopiaerp.addons.base.tests.test_views: Starting ViewModifiers.test_10_raise_for_old_attributes ... 
2026-02-09 10:07:50,003 1 INFO betopiaerp betopiaerp.addons.base.tests.test_views: Starting ViewModifiers.test_11_attrs_field ... 
2026-02-09 10:07:50,014 1 INFO betopiaerp betopiaerp.addons.base.tests.test_views: Starting ViewModifiers.test_12_invalid_syntax ... 
2026-02-09 10:07:50,025 1 INFO betopiaerp betopiaerp.addons.base.tests.test_views: Starting ViewModifiers.test_13_attrs_states_invisible_to_modifier ... 
2026-02-09 10:07:50,033 1 INFO betopiaerp betopiaerp.addons.base.tests.test_views: Starting ViewModifiers.test_14_attrs_subfield ... 
2026-02-09 10:07:50,055 1 INFO betopiaerp betopiaerp.addons.base.tests.test_views: Starting ViewModifiers.test_15_attrs_subfield_with_parent ... 
2026-02-09 10:07:50,076 1 INFO betopiaerp betopiaerp.addons.base.tests.test_views: Starting ViewModifiers.test_16_attrs_groups_behavior ... 
2026-02-09 10:07:50,102 1 INFO betopiaerp betopiaerp.addons.base.tests.test_views: Starting ViewModifiers.test_17_attrs_groups_validation ... 
2026-02-09 10:07:50,247 1 INFO betopiaerp betopiaerp.addons.base.tests.test_views: Starting ViewModifiers.test_18_test_missing_group ... 
2026-02-09 10:07:50,257 1 INFO betopiaerp betopiaerp.models.unlink: User #1 deleted ir.model.data records with IDs: [40030] 
2026-02-09 10:07:50,261 1 INFO betopiaerp betopiaerp.models.unlink: User #1 deleted res.groups records with IDs: [148] 
2026-02-09 10:07:50,276 1 INFO betopiaerp betopiaerp.addons.base.tests.test_views: Starting ViewModifiers.test_create_inherit_view_with_xpath_without_expr ... 
2026-02-09 10:07:50,283 1 INFO betopiaerp betopiaerp.addons.base.models.ir_attachment: filestore gc 1 checked, 1 removed 
2026-02-09 10:07:50,284 1 INFO betopiaerp betopiaerp.modules.loading: Module base loaded in 126.22s (incl. 122.90s test), 5355 queries (+25044 test, +5355 other) 
2026-02-09 10:07:50,284 1 ERROR betopiaerp betopiaerp.modules.loading: Module base: 4 failures, 10 errors of 956 tests 
2026-02-09 10:07:50,284 1 INFO betopiaerp betopiaerp.modules.loading: 1 modules loaded in 126.22s, 5355 queries (+30399 extra) 
2026-02-09 10:07:50,286 1 INFO betopiaerp betopiaerp.modules.loading: updating modules list 
2026-02-09 10:07:50,287 1 INFO betopiaerp betopiaerp.addons.base.models.ir_module: ALLOW access to module.update_list on [] to user __system__ #1 via n/a 
2026-02-09 10:07:54,302 1 INFO betopiaerp betopiaerp.addons.base.models.ir_module: ALLOW access to module.button_upgrade on ['Base'] to user __system__ #1 via n/a 
2026-02-09 10:07:54,302 1 INFO betopiaerp betopiaerp.addons.base.models.ir_module: ALLOW access to module.update_list on ['Base'] to user __system__ #1 via n/a 
2026-02-09 10:07:56,916 1 INFO betopiaerp betopiaerp.addons.base.models.ir_module: ALLOW access to module.button_install on [] to user __system__ #1 via n/a 
2026-02-09 10:07:56,999 1 INFO betopiaerp betopiaerp.modules.loading: loading 14 modules... 
2026-02-09 10:07:56,999 1 INFO betopiaerp betopiaerp.modules.loading: Loading module rpc (2/14) 
2026-02-09 10:07:57,058 1 INFO betopiaerp betopiaerp.addons.rpc.tests.test_xmlrpc: Starting TestExternalAPI.test_call_kw ... 
2026-02-09 10:07:57,084 1 INFO betopiaerp betopiaerp.addons.base.models.ir_attachment: filestore gc 1 checked, 1 removed 
2026-02-09 10:07:57,085 1 INFO betopiaerp betopiaerp.modules.loading: Module rpc loaded in 0.09s (incl. 0.05s test), 11 queries (+58 test, +11 other) 
2026-02-09 10:07:57,086 1 INFO betopiaerp betopiaerp.modules.loading: Loading module web (3/14) 
2026-02-09 10:07:57,107 1 INFO betopiaerp betopiaerp.registry: module web: creating or updating database tables 
2026-02-09 10:07:57,393 1 INFO betopiaerp betopiaerp.modules.loading: loading web/security/ir.model.access.csv 
2026-02-09 10:07:57,402 1 INFO betopiaerp betopiaerp.modules.loading: loading web/security/web_security.xml 
2026-02-09 10:07:57,410 1 INFO betopiaerp betopiaerp.modules.loading: loading web/views/webclient_templates.xml 
2026-02-09 10:07:57,475 1 INFO betopiaerp betopiaerp.modules.loading: loading web/views/report_templates.xml 
2026-02-09 10:07:57,578 1 INFO betopiaerp betopiaerp.modules.loading: loading web/views/base_document_layout_views.xml 
2026-02-09 10:07:57,596 1 INFO betopiaerp betopiaerp.modules.loading: loading web/views/partner_view.xml 
2026-02-09 10:07:57,604 1 INFO betopiaerp betopiaerp.modules.loading: loading web/views/speedscope_template.xml 
2026-02-09 10:07:57,612 1 INFO betopiaerp betopiaerp.modules.loading: loading web/views/memory_template.xml 
2026-02-09 10:07:57,623 1 INFO betopiaerp betopiaerp.modules.loading: loading web/views/speedscope_config_wizard.xml 
2026-02-09 10:07:57,632 1 INFO betopiaerp betopiaerp.modules.loading: loading web/views/neutralize_views.xml 
2026-02-09 10:07:57,646 1 INFO betopiaerp betopiaerp.modules.loading: loading web/views/ir_ui_view_views.xml 
2026-02-09 10:07:57,660 1 INFO betopiaerp betopiaerp.modules.loading: loading web/data/ir_attachment.xml 
2026-02-09 10:07:57,667 1 INFO betopiaerp betopiaerp.modules.loading: loading web/data/report_layout.xml 
2026-02-09 10:07:57,939 1 INFO betopiaerp betopiaerp.addons.web.tests.test_db_manager: Starting TestDatabaseManager.test_database_manager ... 
2026-02-09 10:07:57,941 1 INFO betopiaerp betopiaerp.addons.base.models.ir_http: Generating routing map for key None 
2026-02-09 10:07:58,265 1 INFO betopiaerp betopiaerp.tests.common: Skipping signal changes during tests 
2026-02-09 10:07:58,265 1 INFO betopiaerp werkzeug: 127.0.0.1 - - [09/Feb/2026 10:07:58] "GET /web/database/manager HTTP/1.1" 200 - 5 0.001 0.323
2026-02-09 10:07:58,284 1 INFO betopiaerp betopiaerp.addons.base.models.ir_attachment: filestore gc 1 checked, 0 removed 
2026-02-09 10:07:58,290 1 INFO betopiaerp betopiaerp.addons.web.tests.test_health: Starting TestWebController.test_health ... 
2026-02-09 10:07:58,292 1 INFO betopiaerp betopiaerp.addons.base.models.ir_http: Generating routing map for key None 
2026-02-09 10:07:58,297 1 INFO betopiaerp betopiaerp.tests.common: Skipping signal changes during tests 
2026-02-09 10:07:58,298 1 INFO betopiaerp werkzeug: 127.0.0.1 - - [09/Feb/2026 10:07:58] "GET /web/health HTTP/1.1" 200 - 3 0.000 0.006
2026-02-09 10:07:58,299 1 INFO betopiaerp betopiaerp.addons.web.tests.test_health: Starting TestWebController.test_health_db_server_status ... 
2026-02-09 10:07:58,300 1 INFO betopiaerp betopiaerp.addons.base.models.ir_http: Generating routing map for key None 
2026-02-09 10:07:58,314 1 INFO betopiaerp betopiaerp.tests.common: Skipping signal changes during tests 
2026-02-09 10:07:58,314 1 INFO betopiaerp werkzeug: 127.0.0.1 - - [09/Feb/2026 10:07:58] "GET /web/health?db_server_status=1 HTTP/1.1" 200 - 3 0.001 0.013
2026-02-09 10:07:58,317 1 INFO betopiaerp betopiaerp.tests.common: Skipping signal changes during tests 
2026-02-09 10:07:58,317 1 INFO betopiaerp werkzeug: 127.0.0.1 - - [09/Feb/2026 10:07:58] "GET /web/health?db_server_status=1 HTTP/1.1" 500 - 0 0.000 0.001
2026-02-09 10:07:58,335 1 INFO betopiaerp betopiaerp.addons.base.models.ir_attachment: filestore gc 0 checked, 0 removed 
2026-02-09 10:07:58,400 1 INFO betopiaerp betopiaerp.addons.web.tests.test_ir_model: Starting TestIrModel.test_group_expansion ... 
2026-02-09 10:07:58,417 1 INFO betopiaerp betopiaerp.addons.web.tests.test_ir_model: Starting TestIrModel.test_invalid_field_domain ... 
2026-02-09 10:07:58,451 1 INFO betopiaerp betopiaerp.addons.web.tests.test_ir_model: Starting TestIrModel.test_model_fold_search ... 
2026-02-09 10:07:58,475 1 INFO betopiaerp betopiaerp.addons.web.tests.test_ir_model: Starting TestIrModel.test_model_order_constraint ... 
2026-02-09 10:07:58,560 1 INFO betopiaerp betopiaerp.addons.web.tests.test_ir_model: Starting TestIrModel.test_model_order_search ... 
2026-02-09 10:07:58,608 1 INFO betopiaerp betopiaerp.addons.web.tests.test_ir_model: Starting TestIrModel.test_monetary_currency_field ... 
2026-02-09 10:07:58,703 1 INFO betopiaerp betopiaerp.addons.web.tests.test_ir_model: Starting TestIrModel.test_rec_name_deletion ... 
2026-02-09 10:07:58,735 1 INFO betopiaerp betopiaerp.models.unlink: User #1 deleted ir.model.fields records with IDs: [2124] 
2026-02-09 10:07:58,764 1 INFO betopiaerp betopiaerp.addons.base.models.ir_attachment: filestore gc 0 checked, 0 removed 
2026-02-09 10:07:58,765 1 INFO betopiaerp betopiaerp.addons.web.tests.test_ir_qweb: Starting TestIrQweb.test_image_field ... 
2026-02-09 10:07:58,781 1 INFO betopiaerp betopiaerp.addons.web.tests.test_ir_qweb: Starting TestIrQweb.test_image_field_webp ... 
2026-02-09 10:07:58,793 1 INFO betopiaerp betopiaerp.addons.web.tests.test_ir_qweb: Starting TestIrQweb.test_image_svg ... 
2026-02-09 10:07:58,819 1 INFO betopiaerp betopiaerp.addons.base.models.ir_attachment: filestore gc 3 checked, 3 removed 
2026-02-09 10:07:58,824 1 INFO betopiaerp betopiaerp.addons.web.tests.test_load_menus: Starting LoadMenusTests.test_load_menus ... 
2026-02-09 10:07:58,831 1 INFO betopiaerp betopiaerp.addons.base.models.res_users: Login successful for login:admin from n/a 
2026-02-09 10:07:58,836 1 INFO betopiaerp betopiaerp.addons.base.models.ir_http: Generating routing map for key None 
2026-02-09 10:07:58,850 1 INFO betopiaerp betopiaerp.tests.common: Skipping signal changes during tests 
2026-02-09 10:07:58,850 1 INFO betopiaerp werkzeug: 127.0.0.1 - - [09/Feb/2026 10:07:58] "GET /web/webclient/load_menus HTTP/1.1" 200 - 18 0.003 0.011
2026-02-09 10:07:58,868 1 INFO betopiaerp betopiaerp.addons.base.models.ir_attachment: filestore gc 0 checked, 0 removed 
2026-02-09 10:07:58,899 1 INFO betopiaerp betopiaerp.addons.web.tests.test_login: Starting TestWebLogin.test_web_login ... 
2026-02-09 10:07:58,906 1 INFO betopiaerp betopiaerp.addons.base.models.ir_http: Generating routing map for key None 
2026-02-09 10:07:58,915 1 INFO betopiaerp betopiaerp.addons.base.models.res_users: Login successful for login:internal_user from 127.0.0.1 
2026-02-09 10:07:58,918 1 INFO betopiaerp betopiaerp.tests.common: Skipping signal changes during tests 
2026-02-09 10:07:58,918 1 INFO betopiaerp werkzeug: 127.0.0.1 - - [09/Feb/2026 10:07:58] "POST /web/login HTTP/1.1" 303 - 16 0.003 0.009
2026-02-09 10:07:58,922 1 INFO betopiaerp betopiaerp.addons.base.models.res_device: User 323 inserts device log (Le8fUS4Y8aMwPQ-VoEbdHUe2XmDdxiT7Oejf2TWs2F) 
2026-02-09 10:08:08,534 1 INFO betopiaerp betopiaerp.tests.common: Skipping signal changes during tests 
2026-02-09 10:08:08,534 1 INFO betopiaerp werkzeug: 127.0.0.1 - - [09/Feb/2026 10:08:08] "GET /BetopiaERP HTTP/1.1" 200 - 44 0.012 9.602
2026-02-09 10:08:08,537 1 INFO betopiaerp betopiaerp.tests.common: Skipping signal changes during tests 
2026-02-09 10:08:08,538 1 INFO betopiaerp werkzeug: 127.0.0.1 - - [09/Feb/2026 10:08:08] "POST /web/session/check HTTP/1.1" 200 - 0 0.000 0.001
2026-02-09 10:08:08,539 1 INFO betopiaerp betopiaerp.addons.web.tests.test_login: Starting TestWebLogin.test_web_login_bad_xhr ... 
2026-02-09 10:08:08,541 1 INFO betopiaerp betopiaerp.addons.base.models.ir_http: Generating routing map for key None 
2026-02-09 10:08:08,546 1 INFO betopiaerp betopiaerp.http: Session expired 
2026-02-09 10:08:08,546 1 INFO betopiaerp werkzeug: 127.0.0.1 - - [09/Feb/2026 10:08:08] "GET /web/login_successful HTTP/1.1" 303 - 1 0.000 0.005
2026-02-09 10:08:08,553 1 INFO betopiaerp betopiaerp.addons.base.models.res_users: Login successful for login:internal_user from 127.0.0.1 
2026-02-09 10:08:08,558 1 INFO betopiaerp betopiaerp.tests.common: Skipping signal changes during tests 
2026-02-09 10:08:08,558 1 INFO betopiaerp werkzeug: 127.0.0.1 - - [09/Feb/2026 10:08:08] "POST /web/login HTTP/1.1" 303 - 22 0.004 0.007
2026-02-09 10:08:08,561 1 INFO betopiaerp betopiaerp.addons.base.models.res_device: User 323 inserts device log (_q1dP8pAZHAKVUgP5btBlcMdaIyErz2KyKSGhb6Sdq) 
2026-02-09 10:08:18,262 1 INFO betopiaerp betopiaerp.tests.common: Skipping signal changes during tests 
2026-02-09 10:08:18,263 1 INFO betopiaerp werkzeug: 127.0.0.1 - - [09/Feb/2026 10:08:18] "GET /BetopiaERP HTTP/1.1" 200 - 44 0.010 9.693
2026-02-09 10:08:18,265 1 INFO betopiaerp betopiaerp.addons.web.tests.test_login: Starting TestWebLogin.test_web_login_external ... 
2026-02-09 10:08:18,267 1 INFO betopiaerp betopiaerp.addons.base.models.ir_http: Generating routing map for key None 
2026-02-09 10:08:18,274 1 INFO betopiaerp betopiaerp.addons.base.models.res_users: Login successful for login:portal_user from 127.0.0.1 
2026-02-09 10:08:18,279 1 INFO betopiaerp betopiaerp.tests.common: Skipping signal changes during tests 
2026-02-09 10:08:18,280 1 INFO betopiaerp werkzeug: 127.0.0.1 - - [09/Feb/2026 10:08:18] "POST /web/login HTTP/1.1" 303 - 23 0.004 0.009
2026-02-09 10:08:18,282 1 INFO betopiaerp betopiaerp.addons.base.models.res_device: User 324 inserts device log (vr7HauvCrGqCJ3ibkZQlDl3dou1zbWMzEcd7mbZ1N3) 
2026-02-09 10:08:22,187 1 INFO betopiaerp betopiaerp.tests.common: Skipping signal changes during tests 
2026-02-09 10:08:22,188 1 INFO betopiaerp werkzeug: 127.0.0.1 - - [09/Feb/2026 10:08:22] "GET /web/login_successful HTTP/1.1" 200 - 36 0.009 3.898
2026-02-09 10:08:22,208 1 INFO betopiaerp betopiaerp.addons.base.models.ir_attachment: filestore gc 1 checked, 1 removed 
2026-02-09 10:08:22,238 1 INFO betopiaerp betopiaerp.addons.web.tests.test_partner: Starting TestPartnerPrivate.test_access_onchange ... 
2026-02-09 10:08:22,243 1 INFO betopiaerp betopiaerp.addons.base.models.ir_model: Access Denied by ACLs for operation: write, uid: 325, model: res.partner 
2026-02-09 10:08:22,264 1 INFO betopiaerp betopiaerp.addons.base.models.ir_attachment: filestore gc 0 checked, 0 removed 
2026-02-09 10:08:22,268 1 INFO betopiaerp betopiaerp.addons.web.tests.test_pivot_export: Starting TestPivotExport.test_export_xlsx_with_empty_data ... 
2026-02-09 10:08:22,271 1 INFO betopiaerp betopiaerp.addons.base.models.res_users: Login successful for login:admin from n/a 
2026-02-09 10:08:22,276 1 INFO betopiaerp betopiaerp.addons.base.models.ir_http: Generating routing map for key None 
2026-02-09 10:08:22,293 1 INFO betopiaerp werkzeug: 127.0.0.1 - - [09/Feb/2026 10:08:22] "POST /web/pivot/export_xlsx HTTP/1.1" 422 - 2 0.000 0.017
2026-02-09 10:08:22,295 1 INFO betopiaerp betopiaerp.addons.web.tests.test_pivot_export: Starting TestPivotExport.test_export_xlsx_with_integer_column ... 
2026-02-09 10:08:22,297 1 INFO betopiaerp betopiaerp.addons.base.models.res_users: Login successful for login:admin from n/a 
2026-02-09 10:08:22,302 1 INFO betopiaerp betopiaerp.addons.base.models.ir_http: Generating routing map for key None 
2026-02-09 10:08:22,313 1 INFO betopiaerp betopiaerp.tests.common: Skipping signal changes during tests 
2026-02-09 10:08:22,314 1 INFO betopiaerp werkzeug: 127.0.0.1 - - [09/Feb/2026 10:08:22] "POST /web/pivot/export_xlsx HTTP/1.1" 200 - 2 0.000 0.012
2026-02-09 10:08:22,334 1 INFO betopiaerp betopiaerp.addons.base.models.ir_attachment: filestore gc 0 checked, 0 removed 
2026-02-09 10:08:22,339 1 INFO betopiaerp betopiaerp.addons.web.tests.test_reports: Starting TestReports.test_report_error_cleanup ... 
2026-02-09 10:08:22,349 1 INFO betopiaerp betopiaerp.addons.base.models.res_users: Login successful for login:admin from 127.0.0.1 
2026-02-09 10:08:22,357 1 INFO betopiaerp betopiaerp.addons.web.tests.test_reports: ====================================================================== 
2026-02-09 10:08:22,358 1 ERROR betopiaerp betopiaerp.addons.web.tests.test_reports: FAIL: TestReports.test_report_error_cleanup
Traceback (most recent call last):
  File "/opt/betopiaerp/betopiaerp/tools/misc.py", line 779, in deco
    return func(*args, **kwargs)
           ^^^^^^^^^^^^^^^^^^^^^
  File "/opt/betopiaerp/addons/web/tests/test_reports.py", line 131, in test_report_error_cleanup
    self.assertEqual(mock_delete.call_count, 1)
AssertionError: 0 != 1
 
2026-02-09 10:08:22,358 1 INFO betopiaerp betopiaerp.addons.web.tests.test_reports: Starting TestReports.test_report_session_cookie ... 
2026-02-09 10:08:22,368 1 INFO betopiaerp betopiaerp.addons.base.models.res_users: Login successful for login:admin from 127.0.0.1 
2026-02-09 10:08:22,375 1 INFO betopiaerp betopiaerp.addons.web.tests.test_reports: ====================================================================== 
2026-02-09 10:08:22,375 1 ERROR betopiaerp betopiaerp.addons.web.tests.test_reports: ERROR: TestReports.test_report_session_cookie
Traceback (most recent call last):
  File "/opt/betopiaerp/addons/web/tests/test_reports.py", line 63, in test_report_session_cookie
    report.with_context(force_report_rendering=True)._render_qweb_pdf(report.id, [partner_id])
  File "/opt/betopiaerp/betopiaerp/addons/base/models/ir_actions_report.py", line 1037, in _render_qweb_pdf
    collected_streams, report_type = self._pre_render_qweb_pdf(report_ref, res_ids=res_ids, data=data)
                                     ^^^^^^^^^^^^^^^^^^^^^^^^^^^^^^^^^^^^^^^^^^^^^^^^^^^^^^^^^^^^^^^^^
  File "/opt/betopiaerp/betopiaerp/addons/base/models/ir_actions_report.py", line 1028, in _pre_render_qweb_pdf
    return self._render_qweb_pdf_prepare_streams(report_ref, data, res_ids=res_ids), 'pdf'
           ^^^^^^^^^^^^^^^^^^^^^^^^^^^^^^^^^^^^^^^^^^^^^^^^^^^^^^^^^^^^^^^^^^^^^^^^
  File "/opt/betopiaerp/betopiaerp/addons/base/models/ir_actions_report.py", line 865, in _render_qweb_pdf_prepare_streams
    raise UserError(_("Unable to find Wkhtmltopdf on this system. The PDF can not be created."))
betopiaerp.exceptions.UserError: Unable to find Wkhtmltopdf on this system. The PDF can not be created.
 
2026-02-09 10:08:22,393 1 INFO betopiaerp betopiaerp.addons.base.models.ir_attachment: filestore gc 1 checked, 1 removed 
2026-02-09 10:08:22,394 1 INFO betopiaerp betopiaerp.addons.web.tests.test_res_partner_properties: Starting TestWebProperties.test_get_properties_base_definition ... 
2026-02-09 10:08:22,417 1 INFO betopiaerp betopiaerp.addons.base.models.ir_attachment: filestore gc 0 checked, 0 removed 
2026-02-09 10:08:22,463 1 INFO betopiaerp betopiaerp.addons.web.tests.test_res_users: Starting TestResUsers.test_change_password ... 
2026-02-09 10:08:22,502 1 INFO betopiaerp betopiaerp.addons.base.models.res_users: Password change for 'user_internal' (#332) by '__system__' (#1) from n/a 
2026-02-09 10:08:22,504 1 INFO betopiaerp betopiaerp.addons.web.tests.test_res_users: Starting TestResUsers.test_name_search ... 
2026-02-09 10:08:22,547 1 INFO betopiaerp betopiaerp.addons.base.models.ir_attachment: filestore gc 7 checked, 7 removed 
2026-02-09 10:08:22,573 1 INFO betopiaerp betopiaerp.addons.web.tests.test_res_users_settings: Starting TestResUsersSettings.test_fields_validity_embedded_action_settings ... 
2026-02-09 10:08:22,581 1 INFO betopiaerp betopiaerp.addons.web.tests.test_res_users_settings: Starting TestResUsersSettings.test_set_and_get_embedded_action_settings ... 
2026-02-09 10:08:22,601 1 INFO betopiaerp betopiaerp.addons.base.models.ir_attachment: filestore gc 1 checked, 1 removed 
2026-02-09 10:08:22,602 1 INFO betopiaerp betopiaerp.addons.web.tests.test_router: Starting TestWebRouter.test_router_get_action_exist ... 
2026-02-09 10:08:22,604 1 INFO betopiaerp betopiaerp.addons.web.tests.test_router: Starting TestWebRouter.test_router_get_action_missing ... 
2026-02-09 10:08:22,606 1 INFO betopiaerp betopiaerp.addons.web.tests.test_router: Starting TestWebRouter.test_router_get_action_triples_exist ... 
2026-02-09 10:08:22,612 1 INFO betopiaerp betopiaerp.addons.web.tests.test_router: Starting TestWebRouter.test_router_get_action_triples_missing ... 
2026-02-09 10:08:22,631 1 INFO betopiaerp betopiaerp.addons.base.models.ir_attachment: filestore gc 0 checked, 0 removed 
2026-02-09 10:08:22,940 1 INFO betopiaerp betopiaerp.addons.web.tests.test_session_info: Starting TestSessionInfo.test_session_info ... 
2026-02-09 10:08:22,944 1 INFO betopiaerp betopiaerp.addons.base.models.res_users: Login successful for login:session from n/a 
2026-02-09 10:08:22,949 1 INFO betopiaerp betopiaerp.addons.base.models.ir_http: Generating routing map for key None 
2026-02-09 10:08:22,969 1 INFO betopiaerp betopiaerp.tests.common: Skipping signal changes during tests 
2026-02-09 10:08:22,970 1 INFO betopiaerp werkzeug: 127.0.0.1 - - [09/Feb/2026 10:08:22] "POST /web/session/get_session_info HTTP/1.1" 200 - 26 0.005 0.016
2026-02-09 10:08:22,973 1 INFO betopiaerp betopiaerp.addons.web.tests.test_session_info: Starting TestSessionInfo.test_session_modules ... 
2026-02-09 10:08:22,975 1 INFO betopiaerp betopiaerp.addons.base.models.res_users: Login successful for login:session from n/a 
2026-02-09 10:08:22,979 1 INFO betopiaerp betopiaerp.addons.base.models.ir_http: Generating routing map for key None 
2026-02-09 10:08:22,983 1 INFO betopiaerp betopiaerp.tests.common: Skipping signal changes during tests 
2026-02-09 10:08:22,983 1 INFO betopiaerp werkzeug: 127.0.0.1 - - [09/Feb/2026 10:08:22] "POST /web/session/modules HTTP/1.1" 200 - 2 0.000 0.004
2026-02-09 10:08:23,002 1 INFO betopiaerp betopiaerp.addons.base.models.ir_attachment: filestore gc 1 checked, 1 removed 
2026-02-09 10:08:23,026 1 INFO betopiaerp betopiaerp.tests.suite: ====================================================================== 
2026-02-09 10:08:23,026 1 ERROR betopiaerp betopiaerp.tests.suite: ERROR: setUpClass (betopiaerp.addons.web.tests.test_translate.TestTranslationOverride)
Traceback (most recent call last):
  File "/opt/betopiaerp/addons/web/tests/test_translate.py", line 11, in setUpClass
    cls.custom = cls.env['ir.model.fields'].create({
                 ^^^^^^^^^^^^^^^^^^^^^^^^^^^^^^^^^^^
  File "/opt/betopiaerp/betopiaerp/orm/decorators.py", line 365, in create
    return method(self, vals_list)
           ^^^^^^^^^^^^^^^^^^^^^^^
  File "/opt/betopiaerp/betopiaerp/addons/base/models/ir_model.py", line 1014, in create
    vals['model'] = IrModel.browse(vals['model_id']).model
                    ^^^^^^^^^^^^^^^^^^^^^^^^^^^^^^^^^^^^^^
  File "/opt/betopiaerp/betopiaerp/orm/fields.py", line 1712, in __get__
    raise MissingError("\n".join([
betopiaerp.exceptions.MissingError: Record does not exist or has been deleted.
(Record: ir.model(232,), User: 1)
 
2026-02-09 10:08:23,045 1 INFO betopiaerp betopiaerp.addons.base.models.ir_attachment: filestore gc 0 checked, 0 removed 
2026-02-09 10:08:23,050 1 INFO betopiaerp betopiaerp.addons.web.tests.test_web_redirect: Starting TestWebRedirect.test_web_route_redirect_param ... 
2026-02-09 10:08:23,052 1 INFO betopiaerp betopiaerp.addons.base.models.ir_http: Generating routing map for key None 
2026-02-09 10:08:23,060 1 INFO betopiaerp betopiaerp.tests.common: Skipping signal changes during tests 
2026-02-09 10:08:23,060 1 INFO betopiaerp werkzeug: 127.0.0.1 - - [09/Feb/2026 10:08:23] "GET /BetopiaERP/action-887?cids=1 HTTP/1.1" 303 - 4 0.001 0.008
2026-02-09 10:08:26,850 1 INFO betopiaerp betopiaerp.tests.common: Skipping signal changes during tests 
2026-02-09 10:08:26,851 1 INFO betopiaerp werkzeug: 127.0.0.1 - - [09/Feb/2026 10:08:26] "GET /web/login?redirect=/BetopiaERP/action-887?cids%3D1 HTTP/1.1" 200 - 47 0.010 3.778
2026-02-09 10:08:26,853 1 INFO betopiaerp betopiaerp.addons.web.tests.test_web_redirect: Starting TestWebRedirect.test_web_route_redirect_param_legacy ... 
2026-02-09 10:08:26,855 1 INFO betopiaerp betopiaerp.addons.base.models.ir_http: Generating routing map for key None 
2026-02-09 10:08:26,860 1 INFO betopiaerp betopiaerp.tests.common: Skipping signal changes during tests 
2026-02-09 10:08:26,860 1 INFO betopiaerp werkzeug: 127.0.0.1 - - [09/Feb/2026 10:08:26] "GET /web HTTP/1.1" 303 - 4 0.001 0.005
2026-02-09 10:08:30,649 1 INFO betopiaerp betopiaerp.tests.common: Skipping signal changes during tests 
2026-02-09 10:08:30,649 1 INFO betopiaerp werkzeug: 127.0.0.1 - - [09/Feb/2026 10:08:30] "GET /web/login?redirect=/web? HTTP/1.1" 200 - 47 0.010 3.777
2026-02-09 10:08:30,668 1 INFO betopiaerp betopiaerp.addons.base.models.ir_attachment: filestore gc 0 checked, 0 removed 
2026-02-09 10:08:30,668 1 INFO betopiaerp betopiaerp.modules.loading: Module web loaded in 33.58s (incl. 32.73s test), 1415 queries (+1728 test, +1415 other) 
2026-02-09 10:08:30,669 1 ERROR betopiaerp betopiaerp.modules.loading: Module web: 1 failures, 2 errors of 35 tests 
2026-02-09 10:08:30,669 1 INFO betopiaerp betopiaerp.modules.loading: Loading module api_doc (4/14) 
2026-02-09 10:08:30,705 1 INFO betopiaerp betopiaerp.registry: module api_doc: creating or updating database tables 
2026-02-09 10:08:30,724 1 INFO betopiaerp betopiaerp.modules.loading: loading api_doc/security/res_groups.xml 
2026-02-09 10:08:30,739 1 INFO betopiaerp betopiaerp.modules.loading: loading api_doc/views/docclient.xml 
2026-02-09 10:08:30,786 1 INFO betopiaerp betopiaerp.modules.loading: Module api_doc loaded in 0.12s, 69 queries (+69 other) 
2026-02-09 10:08:30,786 1 INFO betopiaerp betopiaerp.modules.loading: Loading module auth_totp (5/14) 
2026-02-09 10:08:30,856 1 INFO betopiaerp betopiaerp.registry: module auth_totp: creating or updating database tables 
2026-02-09 10:08:30,882 1 INFO betopiaerp betopiaerp.modules.loading: loading auth_totp/security/security.xml 
2026-02-09 10:08:30,901 1 INFO betopiaerp betopiaerp.modules.loading: loading auth_totp/security/ir.model.access.csv 
2026-02-09 10:08:30,907 1 INFO betopiaerp betopiaerp.modules.loading: loading auth_totp/data/ir_action_data.xml 
2026-02-09 10:08:30,916 1 INFO betopiaerp betopiaerp.modules.loading: loading auth_totp/views/res_users_views.xml 
2026-02-09 10:08:30,953 1 INFO betopiaerp betopiaerp.modules.loading: loading auth_totp/views/templates.xml 
2026-02-09 10:08:30,965 1 INFO betopiaerp betopiaerp.modules.loading: loading auth_totp/wizard/auth_totp_wizard_views.xml 
2026-02-09 10:08:31,026 1 INFO betopiaerp betopiaerp.modules.loading: Module auth_totp loaded in 0.24s, 210 queries (+210 other) 
2026-02-09 10:08:31,026 1 INFO betopiaerp betopiaerp.modules.loading: Loading module base_import (6/14) 
2026-02-09 10:08:31,082 1 INFO betopiaerp betopiaerp.registry: module base_import: creating or updating database tables 
2026-02-09 10:08:31,442 1 INFO betopiaerp betopiaerp.modules.loading: loading base_import/security/ir.model.access.csv 
2026-02-09 10:08:31,467 1 INFO betopiaerp betopiaerp.modules.loading: Module base_import loaded in 0.44s, 935 queries (+935 other) 
2026-02-09 10:08:31,467 1 INFO betopiaerp betopiaerp.modules.loading: Loading module base_import_module (7/14) 
2026-02-09 10:08:31,531 1 INFO betopiaerp betopiaerp.registry: module base_import_module: creating or updating database tables 
2026-02-09 10:08:31,559 1 INFO betopiaerp betopiaerp.modules.loading: loading base_import_module/security/ir.model.access.csv 
2026-02-09 10:08:31,565 1 INFO betopiaerp betopiaerp.modules.loading: loading base_import_module/views/base_import_module_view.xml 
2026-02-09 10:08:31,586 1 INFO betopiaerp betopiaerp.modules.loading: loading base_import_module/views/ir_module_views.xml 
2026-02-09 10:08:31,675 1 INFO betopiaerp betopiaerp.addons.base_import_module.tests.test_cloc: Starting TestClocFields.test_count_attachment_imported_module ... 
2026-02-09 10:08:31,701 1 INFO betopiaerp betopiaerp.addons.base_import_module.models.ir_module: Successfully imported module 'test_imported_module' 
2026-02-09 10:08:31,704 1 INFO betopiaerp betopiaerp.addons.base_import_module.tests.test_cloc: Starting TestClocFields.test_count_qweb_imported_module ... 
2026-02-09 10:08:31,724 1 INFO betopiaerp betopiaerp.addons.base_import_module.tests.test_cloc: Starting TestClocFields.test_exclude_attachment_imported_module ... 
2026-02-09 10:08:31,748 1 INFO betopiaerp betopiaerp.addons.base_import_module.models.ir_module: Successfully imported module 'test_imported_module' 
2026-02-09 10:08:31,753 1 INFO betopiaerp betopiaerp.addons.base_import_module.tests.test_cloc: Starting TestClocFields.test_exclude_cloc_imported_module ... 
2026-02-09 10:08:31,767 1 INFO betopiaerp betopiaerp.addons.base_import_module.models.ir_module: module test_imported_module: loading data/test.xml 
2026-02-09 10:08:31,790 1 INFO betopiaerp betopiaerp.addons.base_import_module.models.ir_module: Successfully imported module 'test_imported_module' 
2026-02-09 10:08:31,797 1 INFO betopiaerp betopiaerp.addons.base_import_module.models.ir_module: module test_imported_module: loading data/test.xml 
2026-02-09 10:08:31,821 1 INFO betopiaerp betopiaerp.addons.base_import_module.models.ir_module: Successfully imported module 'test_imported_module' 
2026-02-09 10:08:31,824 1 INFO betopiaerp betopiaerp.addons.base.models.ir_module: ALLOW access to module.module_uninstall on ['test_imported_module'] to user __system__ #1 via n/a 
2026-02-09 10:08:31,826 1 INFO betopiaerp betopiaerp.addons.base.models.ir_model: Deleting ir.asset(33, 32, 31) 
2026-02-09 10:08:31,831 1 INFO betopiaerp betopiaerp.models.unlink: User #1 deleted ir.model.data records with IDs: [42151, 42152, 42153] 
2026-02-09 10:08:31,831 1 INFO betopiaerp betopiaerp.models.unlink: User #1 deleted ir.asset records with IDs: [33, 32, 31] 
2026-02-09 10:08:31,832 1 INFO betopiaerp betopiaerp.addons.base.models.ir_model: Deleting ir.attachment(1646, 1645, 1644) 
2026-02-09 10:08:31,834 1 INFO betopiaerp betopiaerp.models.unlink: User #1 deleted ir.model.data records with IDs: [42148, 42150, 42146] 
2026-02-09 10:08:31,837 1 INFO betopiaerp betopiaerp.models.unlink: User #1 deleted ir.model.data records with IDs: [42147, 42149, 42145] 
2026-02-09 10:08:31,838 1 INFO betopiaerp betopiaerp.models.unlink: User #1 deleted ir.attachment records with IDs: [1646, 1645, 1644] 
2026-02-09 10:08:31,839 1 INFO betopiaerp betopiaerp.addons.base.models.ir_model: Deleting ir.ui.view(1757,) 
2026-02-09 10:08:31,841 1 INFO betopiaerp betopiaerp.models.unlink: User #1 deleted ir.model.data records with IDs: [42143] 
2026-02-09 10:08:31,845 1 INFO betopiaerp betopiaerp.models.unlink: User #1 deleted ir.model.data records with IDs: [42141] 
2026-02-09 10:08:31,845 1 INFO betopiaerp betopiaerp.models.unlink: User #1 deleted ir.ui.view records with IDs: [1757] 
2026-02-09 10:08:31,847 1 INFO betopiaerp betopiaerp.addons.base.models.ir_model: ir.model.data could not be deleted ([]) 
2026-02-09 10:08:31,848 1 INFO betopiaerp betopiaerp.models.unlink: User #1 deleted ir.model.data records with IDs: [42153, 42152, 42151, 42149, 42147, 42145, 42141] 
2026-02-09 10:08:31,850 1 INFO betopiaerp betopiaerp.addons.base_import_module.models.ir_module: deleting imported modules upon uninstallation: test_imported_module 
2026-02-09 10:08:31,855 1 INFO betopiaerp betopiaerp.models.unlink: User #1 deleted ir.model.data records with IDs: [42140] 
2026-02-09 10:08:31,855 1 INFO betopiaerp betopiaerp.models.unlink: User #1 deleted ir.module.module records with IDs: [687] 
2026-02-09 10:08:31,858 1 INFO betopiaerp betopiaerp.addons.base_import_module.tests.test_cloc: Starting TestClocFields.test_exclude_qweb ... 
2026-02-09 10:08:31,867 1 INFO betopiaerp betopiaerp.addons.base_import_module.tests.test_cloc: Starting TestClocFields.test_fields_from_import_module ... 
2026-02-09 10:08:31,902 1 INFO betopiaerp betopiaerp.addons.base_import_module.tests.test_cloc: Starting TestClocFields.test_fields_from_studio ... 
2026-02-09 10:08:31,996 1 INFO betopiaerp betopiaerp.addons.base_import_module.tests.test_cloc: Starting TestClocFields.test_fields_module_name ... 
2026-02-09 10:08:32,079 1 INFO betopiaerp betopiaerp.addons.base.models.ir_attachment: filestore gc 3 checked, 3 removed 
2026-02-09 10:08:32,079 1 INFO betopiaerp betopiaerp.modules.loading: Module base_import_module loaded in 0.61s (incl. 0.40s test), 184 queries (+615 test, +184 other) 
2026-02-09 10:08:32,080 1 INFO betopiaerp betopiaerp.modules.loading: Loading module base_setup (8/14) 
2026-02-09 10:08:32,156 1 INFO betopiaerp betopiaerp.registry: module base_setup: creating or updating database tables 
2026-02-09 10:08:32,184 1 INFO betopiaerp betopiaerp.modules.loading: loading base_setup/data/base_setup_data.xml 
2026-02-09 10:08:32,197 1 INFO betopiaerp betopiaerp.modules.loading: loading base_setup/views/res_config_settings_views.xml 
2026-02-09 10:08:32,238 1 INFO betopiaerp betopiaerp.modules.loading: loading base_setup/views/res_partner_views.xml 
2026-02-09 10:08:32,306 1 INFO betopiaerp betopiaerp.addons.base_setup.tests.test_default_group: Starting TestResConfig.test_create_user_default_user_groups ... 
2026-02-09 10:08:32,485 1 INFO betopiaerp betopiaerp.addons.base.models.ir_attachment: filestore gc 2 checked, 2 removed 
2026-02-09 10:08:32,487 1 INFO betopiaerp betopiaerp.addons.base_setup.tests.test_res_config: Starting TestResConfig.test_install ... 
2026-02-09 10:08:32,566 1 INFO betopiaerp betopiaerp.addons.base_setup.tests.test_res_config: Starting TestResConfig.test_multi_company_res_config_group ... 
2026-02-09 10:08:32,769 1 INFO betopiaerp betopiaerp.addons.base_setup.tests.test_res_config: Starting TestResConfig.test_no_install ... 
2026-02-09 10:08:32,862 1 INFO betopiaerp betopiaerp.addons.base.models.ir_attachment: filestore gc 2 checked, 2 removed 
2026-02-09 10:08:32,863 1 INFO betopiaerp betopiaerp.modules.loading: Module base_setup loaded in 0.78s (incl. 0.56s test), 144 queries (+745 test, +144 other) 
2026-02-09 10:08:32,863 1 INFO betopiaerp betopiaerp.modules.loading: Loading module bus (9/14) 
2026-02-09 10:08:32,985 1 INFO betopiaerp betopiaerp.registry: module bus: creating or updating database tables 
2026-02-09 10:08:33,044 1 INFO betopiaerp betopiaerp.modules.loading: loading bus/security/ir.model.access.csv 
2026-02-09 10:08:33,124 1 INFO betopiaerp betopiaerp.addons.bus.tests.test_health: Starting TestBusController.test_health ... 
2026-02-09 10:08:33,126 1 INFO betopiaerp betopiaerp.addons.base.models.ir_http: Generating routing map for key None 
2026-02-09 10:08:33,135 1 INFO betopiaerp betopiaerp.tests.common: Skipping signal changes during tests 
2026-02-09 10:08:33,136 1 INFO betopiaerp werkzeug: 127.0.0.1 - - [09/Feb/2026 10:08:33] "GET /websocket/health HTTP/1.1" 200 - 3 0.001 0.010
2026-02-09 10:08:33,156 1 INFO betopiaerp betopiaerp.addons.base.models.ir_attachment: filestore gc 0 checked, 0 removed 
2026-02-09 10:08:33,158 1 INFO betopiaerp betopiaerp.addons.bus.tests.test_notify: Starting NotifyTests.test_get_notify_payloads ... 
2026-02-09 10:08:33,160 1 INFO betopiaerp betopiaerp.addons.bus.tests.test_notify: Starting NotifyTests.test_postcommit ... 
2026-02-09 10:08:33,170 1 INFO betopiaerp betopiaerp.models.unlink: User #1 deleted bus.bus records with IDs: [4, 5] 
2026-02-09 10:08:33,198 1 INFO betopiaerp betopiaerp.addons.base.models.ir_attachment: filestore gc 0 checked, 0 removed 
2026-02-09 10:08:33,230 1 INFO betopiaerp betopiaerp.addons.bus.tests.test_websocket_controller: Starting TestWebsocketController.test_websocket_peek ... 
2026-02-09 10:08:33,237 1 INFO betopiaerp betopiaerp.addons.base.models.ir_http: Generating routing map for key None 
2026-02-09 10:08:33,247 1 INFO betopiaerp betopiaerp.tests.common: Skipping signal changes during tests 
2026-02-09 10:08:33,248 1 INFO betopiaerp werkzeug: 127.0.0.1 - - [09/Feb/2026 10:08:33] "POST /websocket/peek_notifications HTTP/1.1" 200 - 9 0.001 0.010
2026-02-09 10:08:33,252 1 INFO betopiaerp betopiaerp.tests.common: Skipping signal changes during tests 
2026-02-09 10:08:33,252 1 INFO betopiaerp werkzeug: 127.0.0.1 - - [09/Feb/2026 10:08:33] "POST /websocket/peek_notifications HTTP/1.1" 200 - 4 0.001 0.002
2026-02-09 10:08:33,253 1 INFO betopiaerp betopiaerp.addons.bus.tests.test_websocket_controller: Starting TestWebsocketController.test_websocket_peek_session_expired_login ... 
2026-02-09 10:08:33,255 1 INFO betopiaerp betopiaerp.addons.base.models.ir_http: Generating routing map for key None 
2026-02-09 10:08:33,265 1 INFO betopiaerp betopiaerp.tests.common: Skipping signal changes during tests 
2026-02-09 10:08:33,265 1 INFO betopiaerp werkzeug: 127.0.0.1 - - [09/Feb/2026 10:08:33] "POST /websocket/peek_notifications HTTP/1.1" 200 - 15 0.002 0.008
2026-02-09 10:08:33,268 1 INFO betopiaerp betopiaerp.addons.base.models.res_users: Login successful for login:admin from n/a 
2026-02-09 10:08:33,283 1 INFO betopiaerp betopiaerp.http:  
2026-02-09 10:08:33,283 1 INFO betopiaerp werkzeug: 127.0.0.1 - - [09/Feb/2026 10:08:33] "POST /websocket/peek_notifications HTTP/1.1" 200 - 0 0.000 0.012
2026-02-09 10:08:33,285 1 INFO betopiaerp betopiaerp.addons.bus.tests.test_websocket_controller: Starting TestWebsocketController.test_websocket_peek_session_expired_logout ... 
2026-02-09 10:08:33,287 1 INFO betopiaerp betopiaerp.addons.base.models.res_users: Login successful for login:demo from n/a 
2026-02-09 10:08:33,291 1 INFO betopiaerp betopiaerp.addons.base.models.ir_http: Generating routing map for key None 
2026-02-09 10:08:33,301 1 INFO betopiaerp betopiaerp.tests.common: Skipping signal changes during tests 
2026-02-09 10:08:33,302 1 INFO betopiaerp werkzeug: 127.0.0.1 - - [09/Feb/2026 10:08:33] "POST /websocket/peek_notifications HTTP/1.1" 200 - 12 0.002 0.009
2026-02-09 10:08:33,305 1 INFO betopiaerp betopiaerp.tests.common: Skipping signal changes during tests 
2026-02-09 10:08:33,305 1 INFO betopiaerp werkzeug: 127.0.0.1 - - [09/Feb/2026 10:08:33] "GET /web/session/logout HTTP/1.1" 303 - 0 0.000 0.001
2026-02-09 10:08:33,308 1 INFO betopiaerp betopiaerp.tests.common: Skipping signal changes during tests 
2026-02-09 10:08:33,308 1 INFO betopiaerp werkzeug: 127.0.0.1 - - [09/Feb/2026 10:08:33] "GET /BetopiaERP HTTP/1.1" 303 - 0 0.000 0.001
2026-02-09 10:08:37,560 1 INFO betopiaerp betopiaerp.tests.common: Skipping signal changes during tests 
2026-02-09 10:08:37,561 1 INFO betopiaerp werkzeug: 127.0.0.1 - - [09/Feb/2026 10:08:37] "GET /web/login?redirect=/BetopiaERP? HTTP/1.1" 200 - 41 0.010 4.241
2026-02-09 10:08:37,569 1 INFO betopiaerp betopiaerp.http:  
2026-02-09 10:08:37,569 1 INFO betopiaerp werkzeug: 127.0.0.1 - - [09/Feb/2026 10:08:37] "POST /websocket/peek_notifications HTTP/1.1" 200 - 1 0.000 0.006
2026-02-09 10:08:37,590 1 INFO betopiaerp betopiaerp.addons.base.models.ir_attachment: filestore gc 1 checked, 1 removed 
2026-02-09 10:08:37,591 1 INFO betopiaerp betopiaerp.modules.loading: Module bus loaded in 4.73s (incl. 4.47s test), 142 queries (+221 test, +142 other) 
2026-02-09 10:08:37,591 1 INFO betopiaerp betopiaerp.modules.loading: Loading module web_tour (10/14) 
2026-02-09 10:08:37,626 1 INFO betopiaerp betopiaerp.registry: module web_tour: creating or updating database tables 
2026-02-09 10:08:37,652 1 INFO betopiaerp betopiaerp.modules.loading: loading web_tour/security/ir.model.access.csv 
2026-02-09 10:08:37,660 1 INFO betopiaerp betopiaerp.modules.loading: loading web_tour/views/tour_views.xml 
2026-02-09 10:08:37,726 1 INFO betopiaerp betopiaerp.modules.loading: Module web_tour loaded in 0.13s, 143 queries (+143 other) 
2026-02-09 10:08:37,726 1 INFO betopiaerp betopiaerp.modules.loading: Loading module auth_passkey (11/14) 
2026-02-09 10:08:38,202 1 INFO betopiaerp betopiaerp.registry: module auth_passkey: creating or updating database tables 
2026-02-09 10:08:38,233 1 INFO betopiaerp betopiaerp.modules.loading: loading auth_passkey/views/auth_passkey_key_views.xml 
2026-02-09 10:08:38,253 1 INFO betopiaerp betopiaerp.modules.loading: loading auth_passkey/views/auth_passkey_login_templates.xml 
2026-02-09 10:08:38,272 1 INFO betopiaerp betopiaerp.modules.loading: loading auth_passkey/views/res_users_identitycheck_views.xml 
2026-02-09 10:08:38,286 1 INFO betopiaerp betopiaerp.modules.loading: loading auth_passkey/views/res_users_views.xml 
2026-02-09 10:08:38,317 1 INFO betopiaerp betopiaerp.modules.loading: loading auth_passkey/security/ir.model.access.csv 
2026-02-09 10:08:38,331 1 INFO betopiaerp betopiaerp.modules.loading: loading auth_passkey/security/security.xml 
2026-02-09 10:08:38,416 1 INFO betopiaerp betopiaerp.addons.auth_passkey.tests.test_passkey_demo: Starting PasskeyTest.test_authentication ... 
2026-02-09 10:08:38,423 1 INFO betopiaerp betopiaerp.addons.base.models.ir_http: Generating routing map for key None 
2026-02-09 10:08:42,545 1 INFO betopiaerp betopiaerp.tests.common: Skipping signal changes during tests 
2026-02-09 10:08:42,545 1 INFO betopiaerp werkzeug: 127.0.0.1 - - [09/Feb/2026 10:08:42] "GET /web/login HTTP/1.1" 200 - 47 0.011 4.111
2026-02-09 10:08:42,550 1 INFO betopiaerp betopiaerp.tests.common: Skipping signal changes during tests 
2026-02-09 10:08:42,550 1 INFO betopiaerp werkzeug: 127.0.0.1 - - [09/Feb/2026 10:08:42] "POST /auth/passkey/start-auth HTTP/1.1" 200 - 2 0.000 0.002
2026-02-09 10:08:42,558 1 INFO betopiaerp betopiaerp.addons.base.models.res_users: Login successful for login:admin from 127.0.0.1 
2026-02-09 10:08:42,566 1 INFO betopiaerp betopiaerp.tests.common: Skipping signal changes during tests 
2026-02-09 10:08:42,566 1 INFO betopiaerp werkzeug: 127.0.0.1 - - [09/Feb/2026 10:08:42] "POST /web/login HTTP/1.1" 303 - 27 0.005 0.009
2026-02-09 10:08:42,570 1 INFO betopiaerp betopiaerp.addons.base.models.res_device: User 2 inserts device log (HYOhjFxEQ2gYEhPO59ixf_5OWpDi5OtM0e_kCBH0Qy) 
2026-02-09 10:08:52,566 1 INFO betopiaerp betopiaerp.tests.common: Skipping signal changes during tests 
2026-02-09 10:08:52,567 1 INFO betopiaerp werkzeug: 127.0.0.1 - - [09/Feb/2026 10:08:52] "GET /BetopiaERP HTTP/1.1" 200 - 52 0.012 9.986
2026-02-09 10:08:52,573 1 INFO betopiaerp betopiaerp.tests.common: Skipping signal changes during tests 
2026-02-09 10:08:52,574 1 INFO betopiaerp werkzeug: 127.0.0.1 - - [09/Feb/2026 10:08:52] "GET /web/login HTTP/1.1" 200 - 1 0.000 0.003
2026-02-09 10:08:52,579 1 INFO betopiaerp betopiaerp.addons.base.models.res_users: Login failed for login:admin from 127.0.0.1 
2026-02-09 10:08:52,580 1 INFO betopiaerp betopiaerp.tests.common: Skipping signal changes during tests 
2026-02-09 10:08:52,581 1 INFO betopiaerp werkzeug: 127.0.0.1 - - [09/Feb/2026 10:08:52] "POST /web/login HTTP/1.1" 200 - 8 0.001 0.004
2026-02-09 10:08:52,589 1 INFO betopiaerp betopiaerp.tests.common: Skipping signal changes during tests 
2026-02-09 10:08:52,589 1 INFO betopiaerp werkzeug: 127.0.0.1 - - [09/Feb/2026 10:08:52] "GET /web/login HTTP/1.1" 200 - 10 0.002 0.004
2026-02-09 10:08:52,593 1 INFO betopiaerp betopiaerp.tests.common: Skipping signal changes during tests 
2026-02-09 10:08:52,593 1 INFO betopiaerp werkzeug: 127.0.0.1 - - [09/Feb/2026 10:08:52] "POST /auth/passkey/start-auth HTTP/1.1" 200 - 2 0.000 0.002
2026-02-09 10:08:52,599 1 INFO betopiaerp betopiaerp.addons.base.models.res_users: Login successful for login:admin from 127.0.0.1 
2026-02-09 10:08:52,606 1 INFO betopiaerp betopiaerp.tests.common: Skipping signal changes during tests 
2026-02-09 10:08:52,607 1 INFO betopiaerp werkzeug: 127.0.0.1 - - [09/Feb/2026 10:08:52] "POST /web/login HTTP/1.1" 303 - 26 0.005 0.007
2026-02-09 10:08:52,624 1 INFO betopiaerp betopiaerp.tests.common: Skipping signal changes during tests 
2026-02-09 10:08:52,625 1 INFO betopiaerp werkzeug: 127.0.0.1 - - [09/Feb/2026 10:08:52] "GET /BetopiaERP HTTP/1.1" 200 - 26 0.005 0.011
2026-02-09 10:08:52,630 1 INFO betopiaerp betopiaerp.tests.common: Skipping signal changes during tests 
2026-02-09 10:08:52,630 1 INFO betopiaerp werkzeug: 127.0.0.1 - - [09/Feb/2026 10:08:52] "GET /web/login HTTP/1.1" 200 - 1 0.000 0.002
2026-02-09 10:08:52,635 1 INFO betopiaerp betopiaerp.addons.base.models.res_users: Login failed for login:admin from 127.0.0.1 
2026-02-09 10:08:52,637 1 INFO betopiaerp betopiaerp.tests.common: Skipping signal changes during tests 
2026-02-09 10:08:52,637 1 INFO betopiaerp werkzeug: 127.0.0.1 - - [09/Feb/2026 10:08:52] "POST /web/login HTTP/1.1" 200 - 8 0.001 0.003
2026-02-09 10:08:52,645 1 INFO betopiaerp betopiaerp.tests.common: Skipping signal changes during tests 
2026-02-09 10:08:52,645 1 INFO betopiaerp werkzeug: 127.0.0.1 - - [09/Feb/2026 10:08:52] "GET /web/login HTTP/1.1" 200 - 10 0.002 0.003
2026-02-09 10:08:52,649 1 INFO betopiaerp betopiaerp.tests.common: Skipping signal changes during tests 
2026-02-09 10:08:52,649 1 INFO betopiaerp werkzeug: 127.0.0.1 - - [09/Feb/2026 10:08:52] "POST /auth/passkey/start-auth HTTP/1.1" 200 - 2 0.000 0.002
2026-02-09 10:08:52,655 1 INFO betopiaerp betopiaerp.addons.base.models.res_users: Login successful for login:demo from 127.0.0.1 
2026-02-09 10:08:52,658 1 INFO betopiaerp betopiaerp.tests.common: Skipping signal changes during tests 
2026-02-09 10:08:52,658 1 INFO betopiaerp werkzeug: 127.0.0.1 - - [09/Feb/2026 10:08:52] "POST /web/login HTTP/1.1" 303 - 14 0.002 0.005
2026-02-09 10:08:52,673 1 INFO betopiaerp betopiaerp.tests.common: Skipping signal changes during tests 
2026-02-09 10:08:52,673 1 INFO betopiaerp werkzeug: 127.0.0.1 - - [09/Feb/2026 10:08:52] "GET /BetopiaERP HTTP/1.1" 200 - 17 0.004 0.009
2026-02-09 10:08:52,678 1 INFO betopiaerp betopiaerp.tests.common: Skipping signal changes during tests 
2026-02-09 10:08:52,679 1 INFO betopiaerp werkzeug: 127.0.0.1 - - [09/Feb/2026 10:08:52] "GET /web/login HTTP/1.1" 200 - 1 0.000 0.003
2026-02-09 10:08:52,683 1 INFO betopiaerp betopiaerp.addons.base.models.res_users: Login failed for login:demo from 127.0.0.1 
2026-02-09 10:08:52,685 1 INFO betopiaerp betopiaerp.tests.common: Skipping signal changes during tests 
2026-02-09 10:08:52,685 1 INFO betopiaerp werkzeug: 127.0.0.1 - - [09/Feb/2026 10:08:52] "POST /web/login HTTP/1.1" 200 - 6 0.001 0.003
2026-02-09 10:08:52,687 1 INFO betopiaerp betopiaerp.addons.auth_passkey.tests.test_passkey_demo: Starting PasskeyTest.test_check_identity ... 
2026-02-09 10:08:52,690 1 INFO betopiaerp betopiaerp.addons.base.models.res_users: Login successful for login:admin from n/a 
2026-02-09 10:08:52,694 1 INFO betopiaerp betopiaerp.addons.base.models.ir_http: Generating routing map for key None 
2026-02-09 10:08:52,702 1 INFO betopiaerp betopiaerp.tests.common: Skipping signal changes during tests 
2026-02-09 10:08:52,703 1 INFO betopiaerp werkzeug: 127.0.0.1 - - [09/Feb/2026 10:08:52] "POST /web/dataset/call_kw#res.users.api_key_wizard HTTP/1.1" 200 - 6 0.001 0.008
2026-02-09 10:08:52,706 1 INFO betopiaerp betopiaerp.tests.common: Skipping signal changes during tests 
2026-02-09 10:08:52,706 1 INFO betopiaerp werkzeug: 127.0.0.1 - - [09/Feb/2026 10:08:52] "POST /auth/passkey/start-auth HTTP/1.1" 200 - 2 0.000 0.002
2026-02-09 10:08:52,719 1 INFO betopiaerp betopiaerp.tests.common: Skipping signal changes during tests 
2026-02-09 10:08:52,719 1 INFO betopiaerp werkzeug: 127.0.0.1 - - [09/Feb/2026 10:08:52] "POST /web/dataset/call_kw#res.users.identitycheck.run_check HTTP/1.1" 200 - 19 0.004 0.007
2026-02-09 10:08:52,740 1 INFO betopiaerp werkzeug: 127.0.0.1 - - [09/Feb/2026 10:08:52] "POST /web/dataset/call_kw#res.users.identitycheck.run_check HTTP/1.1" 200 - 4 0.000 0.017
2026-02-09 10:08:52,743 1 INFO betopiaerp betopiaerp.tests.common: Skipping signal changes during tests 
2026-02-09 10:08:52,743 1 INFO betopiaerp werkzeug: 127.0.0.1 - - [09/Feb/2026 10:08:52] "POST /auth/passkey/start-auth HTTP/1.1" 200 - 0 0.000 0.001
2026-02-09 10:08:52,755 1 INFO betopiaerp werkzeug: 127.0.0.1 - - [09/Feb/2026 10:08:52] "POST /web/dataset/call_kw#res.users.identitycheck.run_check HTTP/1.1" 200 - 4 0.001 0.009
2026-02-09 10:08:52,759 1 INFO betopiaerp betopiaerp.tests.common: Skipping signal changes during tests 
2026-02-09 10:08:52,759 1 INFO betopiaerp werkzeug: 127.0.0.1 - - [09/Feb/2026 10:08:52] "POST /auth/passkey/start-auth HTTP/1.1" 200 - 0 0.000 0.002
2026-02-09 10:08:52,770 1 INFO betopiaerp werkzeug: 127.0.0.1 - - [09/Feb/2026 10:08:52] "POST /web/dataset/call_kw#res.users.identitycheck.run_check HTTP/1.1" 200 - 4 0.001 0.009
2026-02-09 10:08:52,774 1 INFO betopiaerp betopiaerp.addons.base.models.res_users: Login successful for login:admin from n/a 
2026-02-09 10:08:52,779 1 INFO betopiaerp betopiaerp.tests.common: Skipping signal changes during tests 
2026-02-09 10:08:52,779 1 INFO betopiaerp werkzeug: 127.0.0.1 - - [09/Feb/2026 10:08:52] "POST /web/dataset/call_kw#res.users.api_key_wizard HTTP/1.1" 200 - 3 0.001 0.002
2026-02-09 10:08:52,782 1 INFO betopiaerp betopiaerp.tests.common: Skipping signal changes during tests 
2026-02-09 10:08:52,782 1 INFO betopiaerp werkzeug: 127.0.0.1 - - [09/Feb/2026 10:08:52] "POST /auth/passkey/start-auth HTTP/1.1" 200 - 0 0.000 0.001
2026-02-09 10:08:52,787 1 INFO betopiaerp betopiaerp.tests.common: Skipping signal changes during tests 
2026-02-09 10:08:52,788 1 INFO betopiaerp werkzeug: 127.0.0.1 - - [09/Feb/2026 10:08:52] "POST /web/dataset/call_kw#res.users.identitycheck.run_check HTTP/1.1" 200 - 6 0.001 0.003
2026-02-09 10:08:52,801 1 INFO betopiaerp werkzeug: 127.0.0.1 - - [09/Feb/2026 10:08:52] "POST /web/dataset/call_kw#res.users.identitycheck.run_check HTTP/1.1" 200 - 4 0.001 0.010
2026-02-09 10:08:52,804 1 INFO betopiaerp betopiaerp.tests.common: Skipping signal changes during tests 
2026-02-09 10:08:52,805 1 INFO betopiaerp werkzeug: 127.0.0.1 - - [09/Feb/2026 10:08:52] "POST /auth/passkey/start-auth HTTP/1.1" 200 - 0 0.000 0.002
2026-02-09 10:08:52,817 1 INFO betopiaerp werkzeug: 127.0.0.1 - - [09/Feb/2026 10:08:52] "POST /web/dataset/call_kw#res.users.identitycheck.run_check HTTP/1.1" 200 - 4 0.001 0.009
2026-02-09 10:08:52,820 1 INFO betopiaerp betopiaerp.tests.common: Skipping signal changes during tests 
2026-02-09 10:08:52,820 1 INFO betopiaerp werkzeug: 127.0.0.1 - - [09/Feb/2026 10:08:52] "POST /auth/passkey/start-auth HTTP/1.1" 200 - 0 0.000 0.001
2026-02-09 10:08:52,831 1 INFO betopiaerp werkzeug: 127.0.0.1 - - [09/Feb/2026 10:08:52] "POST /web/dataset/call_kw#res.users.identitycheck.run_check HTTP/1.1" 200 - 4 0.000 0.009
2026-02-09 10:08:52,835 1 INFO betopiaerp betopiaerp.addons.base.models.res_users: Login successful for login:demo from n/a 
2026-02-09 10:08:52,842 1 INFO betopiaerp betopiaerp.tests.common: Skipping signal changes during tests 
2026-02-09 10:08:52,842 1 INFO betopiaerp werkzeug: 127.0.0.1 - - [09/Feb/2026 10:08:52] "POST /web/dataset/call_kw#res.users.api_key_wizard HTTP/1.1" 200 - 6 0.001 0.002
2026-02-09 10:08:52,846 1 INFO betopiaerp betopiaerp.tests.common: Skipping signal changes during tests 
2026-02-09 10:08:52,846 1 INFO betopiaerp werkzeug: 127.0.0.1 - - [09/Feb/2026 10:08:52] "POST /auth/passkey/start-auth HTTP/1.1" 200 - 2 0.000 0.002
2026-02-09 10:08:52,855 1 INFO betopiaerp betopiaerp.tests.common: Skipping signal changes during tests 
2026-02-09 10:08:52,855 1 INFO betopiaerp werkzeug: 127.0.0.1 - - [09/Feb/2026 10:08:52] "POST /web/dataset/call_kw#res.users.identitycheck.run_check HTTP/1.1" 200 - 13 0.003 0.005
2026-02-09 10:08:52,868 1 INFO betopiaerp werkzeug: 127.0.0.1 - - [09/Feb/2026 10:08:52] "POST /web/dataset/call_kw#res.users.identitycheck.run_check HTTP/1.1" 200 - 4 0.000 0.010
2026-02-09 10:08:52,872 1 INFO betopiaerp betopiaerp.tests.common: Skipping signal changes during tests 
2026-02-09 10:08:52,872 1 INFO betopiaerp werkzeug: 127.0.0.1 - - [09/Feb/2026 10:08:52] "POST /auth/passkey/start-auth HTTP/1.1" 200 - 0 0.000 0.001
2026-02-09 10:08:52,877 1 INFO betopiaerp betopiaerp.tests.common: Skipping signal changes during tests 
2026-02-09 10:08:52,878 1 INFO betopiaerp werkzeug: 127.0.0.1 - - [09/Feb/2026 10:08:52] "POST /web/dataset/call_kw#res.users.identitycheck.run_check HTTP/1.1" 200 - 6 0.001 0.003
2026-02-09 10:08:52,881 1 INFO betopiaerp betopiaerp.tests.common: Skipping signal changes during tests 
2026-02-09 10:08:52,881 1 INFO betopiaerp werkzeug: 127.0.0.1 - - [09/Feb/2026 10:08:52] "POST /auth/passkey/start-auth HTTP/1.1" 200 - 0 0.000 0.001
2026-02-09 10:08:52,891 1 INFO betopiaerp werkzeug: 127.0.0.1 - - [09/Feb/2026 10:08:52] "POST /web/dataset/call_kw#res.users.identitycheck.run_check HTTP/1.1" 200 - 4 0.000 0.007
2026-02-09 10:08:52,892 1 INFO betopiaerp betopiaerp.addons.auth_passkey.tests.test_passkey_demo: Starting PasskeyTest.test_check_user_verification ... 
2026-02-09 10:08:52,895 1 INFO betopiaerp betopiaerp.addons.base.models.ir_http: Generating routing map for key None 
2026-02-09 10:08:56,907 1 INFO betopiaerp betopiaerp.tests.common: Skipping signal changes during tests 
2026-02-09 10:08:56,907 1 INFO betopiaerp werkzeug: 127.0.0.1 - - [09/Feb/2026 10:08:56] "GET /web/login HTTP/1.1" 200 - 53 0.011 4.001
2026-02-09 10:08:56,912 1 INFO betopiaerp betopiaerp.tests.common: Skipping signal changes during tests 
2026-02-09 10:08:56,912 1 INFO betopiaerp werkzeug: 127.0.0.1 - - [09/Feb/2026 10:08:56] "POST /auth/passkey/start-auth HTTP/1.1" 200 - 2 0.000 0.002
2026-02-09 10:08:56,917 1 INFO betopiaerp betopiaerp.addons.base.models.res_users: Login failed for login:demo from 127.0.0.1 
2026-02-09 10:08:56,919 1 INFO betopiaerp betopiaerp.tests.common: Skipping signal changes during tests 
2026-02-09 10:08:56,920 1 INFO betopiaerp werkzeug: 127.0.0.1 - - [09/Feb/2026 10:08:56] "POST /web/login HTTP/1.1" 200 - 9 0.001 0.004
2026-02-09 10:08:56,924 1 INFO betopiaerp betopiaerp.tests.common: Skipping signal changes during tests 
2026-02-09 10:08:56,924 1 INFO betopiaerp werkzeug: 127.0.0.1 - - [09/Feb/2026 10:08:56] "GET /web/login HTTP/1.1" 200 - 2 0.000 0.002
2026-02-09 10:08:56,927 1 INFO betopiaerp betopiaerp.tests.common: Skipping signal changes during tests 
2026-02-09 10:08:56,928 1 INFO betopiaerp werkzeug: 127.0.0.1 - - [09/Feb/2026 10:08:56] "POST /auth/passkey/start-auth HTTP/1.1" 200 - 1 0.000 0.002
2026-02-09 10:08:56,934 1 INFO betopiaerp betopiaerp.addons.base.models.res_users: Login successful for login:demo from 127.0.0.1 
2026-02-09 10:08:56,938 1 INFO betopiaerp betopiaerp.tests.common: Skipping signal changes during tests 
2026-02-09 10:08:56,938 1 INFO betopiaerp werkzeug: 127.0.0.1 - - [09/Feb/2026 10:08:56] "POST /web/login HTTP/1.1" 303 - 14 0.003 0.005
2026-02-09 10:08:56,941 1 INFO betopiaerp betopiaerp.addons.base.models.res_device: User 341 inserts device log (IK8KJuUkvO9mQwCMmpX8EbNTGndGCd0CDrBKpF9ZnB) 
2026-02-09 10:09:07,034 1 INFO betopiaerp betopiaerp.tests.common: Skipping signal changes during tests 
2026-02-09 10:09:07,035 1 INFO betopiaerp werkzeug: 127.0.0.1 - - [09/Feb/2026 10:09:07] "GET /BetopiaERP HTTP/1.1" 200 - 43 0.010 10.085
2026-02-09 10:09:07,036 1 INFO betopiaerp betopiaerp.addons.auth_passkey.tests.test_passkey_demo: Starting PasskeyTest.test_registration ... 
2026-02-09 10:09:07,038 1 INFO betopiaerp betopiaerp.addons.auth_passkey.models.auth_passkey_key: Passkey (#11) deleted by __system__ (#1) from n/a 
2026-02-09 10:09:07,039 1 INFO betopiaerp betopiaerp.addons.auth_passkey.models.auth_passkey_key: Passkey (#10) deleted by __system__ (#1) from n/a 
2026-02-09 10:09:07,041 1 INFO betopiaerp betopiaerp.models.unlink: User #1 deleted auth.passkey.key records with IDs: [11, 10] 
2026-02-09 10:09:07,043 1 INFO betopiaerp betopiaerp.addons.base.models.res_users: Login successful for login:admin from n/a 
2026-02-09 10:09:07,047 1 INFO betopiaerp betopiaerp.addons.base.models.ir_http: Generating routing map for key None 
2026-02-09 10:09:07,054 1 INFO betopiaerp betopiaerp.tests.common: Skipping signal changes during tests 
2026-02-09 10:09:07,054 1 INFO betopiaerp werkzeug: 127.0.0.1 - - [09/Feb/2026 10:09:07] "POST /web/dataset/call_kw#res.users.action_create_passkey HTTP/1.1" 200 - 6 0.001 0.006
2026-02-09 10:09:07,320 1 INFO betopiaerp betopiaerp.tests.common: Skipping signal changes during tests 
2026-02-09 10:09:07,321 1 INFO betopiaerp werkzeug: 127.0.0.1 - - [09/Feb/2026 10:09:07] "POST /web/dataset/call_kw#res.users.identitycheck.run_check HTTP/1.1" 200 - 20 0.005 0.260
2026-02-09 10:09:07,331 1 INFO betopiaerp betopiaerp.tests.common: Skipping signal changes during tests 
2026-02-09 10:09:07,332 1 INFO betopiaerp werkzeug: 127.0.0.1 - - [09/Feb/2026 10:09:07] "POST /web/dataset/call_kw#auth.passkey.key.create.create HTTP/1.1" 200 - 10 0.003 0.005
2026-02-09 10:09:07,342 1 INFO betopiaerp betopiaerp.addons.auth_passkey.models.auth_passkey_key: Passkey (#14) created by admin (#2) from 127.0.0.1 
2026-02-09 10:09:07,345 1 INFO betopiaerp betopiaerp.tests.common: Skipping signal changes during tests 
2026-02-09 10:09:07,345 1 INFO betopiaerp werkzeug: 127.0.0.1 - - [09/Feb/2026 10:09:07] "POST /web/dataset/call_kw#auth.passkey.key.create.make_key HTTP/1.1" 200 - 13 0.004 0.007
2026-02-09 10:09:07,373 1 INFO betopiaerp betopiaerp.addons.base.models.ir_attachment: filestore gc 1 checked, 1 removed 
2026-02-09 10:09:07,374 1 INFO betopiaerp betopiaerp.modules.loading: Module auth_passkey loaded in 29.65s (incl. 28.99s test), 219 queries (+699 test, +219 other) 
2026-02-09 10:09:07,374 1 INFO betopiaerp betopiaerp.modules.loading: Loading module html_editor (12/14) 
2026-02-09 10:09:08,210 1 INFO betopiaerp betopiaerp.registry: module html_editor: creating or updating database tables 
2026-02-09 10:09:08,528 1 INFO betopiaerp betopiaerp.modules.loading: loading html_editor/security/ir.model.access.csv 
2026-02-09 10:09:08,590 1 INFO betopiaerp betopiaerp.addons.html_editor.tests.test_converter: Starting TestHTMLToText.test_br ... 
2026-02-09 10:09:08,591 1 INFO betopiaerp betopiaerp.addons.html_editor.tests.test_converter: Starting TestHTMLToText.test_div ... 
2026-02-09 10:09:08,591 1 INFO betopiaerp betopiaerp.addons.html_editor.tests.test_converter: Starting TestHTMLToText.test_inline ... 
2026-02-09 10:09:08,592 1 INFO betopiaerp betopiaerp.addons.html_editor.tests.test_converter: Starting TestHTMLToText.test_other_block ... 
2026-02-09 10:09:08,592 1 INFO betopiaerp betopiaerp.addons.html_editor.tests.test_converter: Starting TestHTMLToText.test_p ... 
2026-02-09 10:09:08,592 1 INFO betopiaerp betopiaerp.addons.html_editor.tests.test_converter: Starting TestHTMLToText.test_rawstring ... 
2026-02-09 10:09:08,593 1 INFO betopiaerp betopiaerp.addons.html_editor.tests.test_converter: Starting TestHTMLToText.test_whitespace ... 
2026-02-09 10:09:08,594 1 INFO betopiaerp betopiaerp.addons.html_editor.tests.test_converter: Starting TestConvertBack.test_char ... 
2026-02-09 10:09:08,599 1 INFO betopiaerp betopiaerp.addons.html_editor.tests.test_converter: Starting TestConvertBack.test_float ... 
2026-02-09 10:09:08,605 1 INFO betopiaerp betopiaerp.addons.html_editor.tests.test_converter: Starting TestConvertBack.test_integer ... 
2026-02-09 10:09:08,612 1 INFO betopiaerp betopiaerp.addons.html_editor.tests.test_converter: Starting TestConvertBack.test_m2o ... 
2026-02-09 10:09:08,616 1 INFO betopiaerp betopiaerp.addons.html_editor.tests.test_converter: Starting TestConvertBack.test_numeric ... 
2026-02-09 10:09:08,621 1 INFO betopiaerp betopiaerp.addons.html_editor.tests.test_converter: Starting TestConvertBack.test_selection_str ... 
2026-02-09 10:09:08,623 1 INFO betopiaerp betopiaerp.addons.html_editor.tests.test_converter: Starting TestConvertBack.test_text ... 
2026-02-09 10:09:08,645 1 INFO betopiaerp betopiaerp.addons.base.models.ir_attachment: filestore gc 0 checked, 0 removed 
2026-02-09 10:09:08,646 1 INFO betopiaerp betopiaerp.addons.html_editor.tests.test_views: Starting TestViews.test_find_available_name ... 
2026-02-09 10:09:08,654 1 INFO betopiaerp betopiaerp.addons.html_editor.tests.test_views: Starting TestViews.test_infinite_inherit_loop ... 
2026-02-09 10:09:08,662 1 INFO betopiaerp betopiaerp.addons.html_editor.tests.test_views: Starting TestViews.test_oe_structure_as_inherited_view ... 
2026-02-09 10:09:08,691 1 INFO betopiaerp betopiaerp.addons.base.models.ir_attachment: filestore gc 0 checked, 0 removed 
2026-02-09 10:09:08,692 1 INFO betopiaerp betopiaerp.modules.loading: Module html_editor loaded in 1.32s (incl. 0.10s test), 1004 queries (+106 test, +1004 other) 
2026-02-09 10:09:08,692 1 INFO betopiaerp betopiaerp.modules.loading: Loading module iap (13/14) 
2026-02-09 10:09:08,696 1 INFO betopiaerp betopiaerp.registry: module iap: creating or updating database tables 
2026-02-09 10:09:08,715 1 INFO betopiaerp betopiaerp.modules.loading: loading iap/data/services.xml 
2026-02-09 10:09:08,721 1 INFO betopiaerp betopiaerp.modules.loading: loading iap/security/ir.model.access.csv 
2026-02-09 10:09:08,729 1 INFO betopiaerp betopiaerp.modules.loading: loading iap/security/ir_rule.xml 
2026-02-09 10:09:08,735 1 INFO betopiaerp betopiaerp.modules.loading: loading iap/views/iap_views.xml 
2026-02-09 10:09:08,755 1 INFO betopiaerp betopiaerp.modules.loading: loading iap/views/res_config_settings.xml 
2026-02-09 10:09:08,856 1 INFO betopiaerp betopiaerp.addons.iap.tests.test_iap: Starting TestIAP.test_get_iap_account ... 
2026-02-09 10:09:08,868 1 INFO betopiaerp betopiaerp.models: Access Denied by ACLs for operation: read, uid: 342, model: iap.account, field: account_token 
2026-02-09 10:09:08,895 1 INFO betopiaerp betopiaerp.addons.base.models.ir_attachment: filestore gc 1 checked, 1 removed 
2026-02-09 10:09:08,896 1 INFO betopiaerp betopiaerp.modules.loading: Module iap loaded in 0.20s (incl. 0.07s test), 158 queries (+103 test, +158 other) 
2026-02-09 10:09:08,896 1 INFO betopiaerp betopiaerp.modules.loading: Loading module web_unsplash (14/14) 
2026-02-09 10:09:08,945 1 INFO betopiaerp betopiaerp.registry: module web_unsplash: creating or updating database tables 
2026-02-09 10:09:08,972 1 INFO betopiaerp betopiaerp.modules.loading: loading web_unsplash/views/res_config_settings_view.xml 
2026-02-09 10:09:09,009 1 INFO betopiaerp betopiaerp.modules.loading: Module web_unsplash loaded in 0.11s, 111 queries (+111 other) 
2026-02-09 10:09:09,009 1 INFO betopiaerp betopiaerp.modules.loading: 14 modules loaded in 72.01s, 4745 queries (+9020 extra) 
2026-02-09 10:09:09,207 1 ERROR betopiaerp betopiaerp.modules.loading: At least one test failed when loading the modules. 
2026-02-09 10:09:09,211 1 INFO betopiaerp betopiaerp.registry: Registry changed, signaling through the database 
2026-02-09 10:09:09,213 1 INFO betopiaerp betopiaerp.registry: Registry loaded in 205.307s 
2026-02-09 10:09:09,213 1 INFO betopiaerp betopiaerp.service.server: Starting post tests 
2026-02-09 10:09:09,251 1 INFO betopiaerp betopiaerp.addons.base.models.ir_qweb: Pregenerating assets bundles 
2026-02-09 10:09:35,226 1 INFO betopiaerp betopiaerp.addons.base.models.ir_qweb: JS Assets bundles generated in 25.972290754318237 seconds 
2026-02-09 10:09:52,588 1 INFO betopiaerp betopiaerp.addons.base.models.assetsbundle: Generating a new asset bundle attachment /web/assets/93e96b5/web.report_assets_common.min.css (id:1709) 
2026-02-09 10:09:52,589 1 INFO betopiaerp betopiaerp.addons.base.models.assetsbundle: Deleting attachments [706] (matching /web/assets/_______/web.report_assets_common.min.css) because it was replaced with /web/assets/93e96b5/web.report_assets_common.min.css 
2026-02-09 10:09:52,592 1 INFO betopiaerp betopiaerp.addons.base.models.ir_qweb: CSS Assets bundles generated in 17.366029739379883 seconds 
2026-02-09 10:09:52,615 1 INFO betopiaerp betopiaerp.addons.base.tests.test_cloc: Starting TestClocStdNoCusto.test_no_custo_install ... 
2026-02-09 10:09:52,621 1 INFO betopiaerp betopiaerp.addons.base.models.ir_attachment: filestore gc 1 checked, 0 removed 
2026-02-09 10:09:52,622 1 INFO betopiaerp betopiaerp.addons.base.tests.test_deprecation: Starting TestModelDeprecations.test_model_attributes ... 
2026-02-09 10:09:52,625 1 INFO betopiaerp betopiaerp.addons.base.tests.test_deprecation: Starting TestModelDeprecations.test_name_get ... 
2026-02-09 10:09:52,627 1 INFO betopiaerp betopiaerp.addons.base.models.ir_attachment: filestore gc 0 checked, 0 removed 
2026-02-09 10:09:52,628 1 INFO betopiaerp betopiaerp.addons.base.tests.test_display_name: Starting TestEveryModel.test_computed_fields_without_dependencies ... 
2026-02-09 10:09:52,666 1 INFO betopiaerp betopiaerp.addons.base.tests.test_display_name: Starting TestEveryModel.test_display_name_new_record ... 
2026-02-09 10:09:52,738 1 INFO betopiaerp betopiaerp.addons.base.tests.test_display_name: Starting TestEveryModel.test_form_new_record ... 
2026-02-09 10:09:53,120 1 INFO betopiaerp betopiaerp.addons.base.models.ir_attachment: filestore gc 0 checked, 0 removed 
2026-02-09 10:09:53,121 1 INFO betopiaerp betopiaerp.addons.base.tests.test_form_create: Starting TestFormCreate.test_create_res_bank ... 
2026-02-09 10:09:53,131 1 INFO betopiaerp betopiaerp.addons.base.tests.test_form_create: Starting TestFormCreate.test_create_res_company ... 
2026-02-09 10:09:53,237 1 INFO betopiaerp betopiaerp.addons.base.tests.test_form_create: Starting TestFormCreate.test_create_res_country ... 
2026-02-09 10:09:53,252 1 INFO betopiaerp betopiaerp.addons.base.tests.test_form_create: Starting TestFormCreate.test_create_res_group ... 
2026-02-09 10:09:53,290 1 INFO betopiaerp betopiaerp.addons.base.tests.test_form_create: Starting TestFormCreate.test_create_res_lang ... 
2026-02-09 10:09:53,305 1 INFO betopiaerp betopiaerp.addons.base.tests.test_form_create: Starting TestFormCreate.test_create_res_partner ... 
2026-02-09 10:09:53,344 1 INFO betopiaerp betopiaerp.addons.base.tests.test_form_create: Starting TestFormCreate.test_create_res_users ... 
2026-02-09 10:09:53,390 1 INFO betopiaerp betopiaerp.addons.base.models.ir_attachment: filestore gc 1 checked, 1 removed 
2026-02-09 10:09:53,392 1 INFO betopiaerp betopiaerp.addons.base.tests.test_http_case: Starting TestHttpCase.test_console_error_object ... 
2026-02-09 10:09:53,408 1 INFO betopiaerp betopiaerp.addons.base.tests.test_http_case: skipped TestHttpCase.test_console_error_object : websocket-client module is not installed 
2026-02-09 10:09:53,408 1 INFO betopiaerp betopiaerp.addons.base.tests.test_http_case: Starting TestHttpCase.test_console_error_string ... 
2026-02-09 10:09:53,420 1 INFO betopiaerp betopiaerp.addons.base.tests.test_http_case: skipped TestHttpCase.test_console_error_string : websocket-client module is not installed 
2026-02-09 10:09:53,420 1 INFO betopiaerp betopiaerp.addons.base.tests.test_http_case: Starting TestHttpCase.test_console_log_object ... 
2026-02-09 10:09:53,431 1 INFO betopiaerp betopiaerp.addons.base.tests.test_http_case: skipped TestHttpCase.test_console_log_object : websocket-client module is not installed 
2026-02-09 10:09:53,432 1 INFO betopiaerp betopiaerp.addons.base.models.ir_attachment: filestore gc 0 checked, 0 removed 
2026-02-09 10:09:53,434 1 INFO betopiaerp betopiaerp.addons.base.tests.test_http_case: Starting TestRunbotLog.test_runbot_js_log ... 
2026-02-09 10:09:53,446 1 INFO betopiaerp betopiaerp.addons.base.tests.test_http_case: skipped TestRunbotLog.test_runbot_js_log : websocket-client module is not installed 
2026-02-09 10:09:53,447 1 INFO betopiaerp betopiaerp.addons.base.models.ir_attachment: filestore gc 0 checked, 0 removed 
2026-02-09 10:09:53,449 1 INFO betopiaerp betopiaerp.addons.base.tests.test_http_case: Starting TestChromeBrowser.test_screencasts ... 
2026-02-09 10:09:53,450 1 WARNING betopiaerp betopiaerp.addons.base.tests.test_http_case.TestChromeBrowser.test_screencasts: websocket-client module is not installed 
2026-02-09 10:09:53,450 1 INFO betopiaerp betopiaerp.addons.base.tests.test_http_case: skipped TestChromeBrowser.test_screencasts : websocket-client module is not installed 
2026-02-09 10:09:53,452 1 INFO betopiaerp betopiaerp.addons.base.models.ir_attachment: filestore gc 0 checked, 0 removed 
2026-02-09 10:09:53,454 1 INFO betopiaerp betopiaerp.addons.base.tests.test_http_case: Starting TestChromeBrowserOddDimensions.test_screencasts ... 
2026-02-09 10:09:53,454 1 WARNING betopiaerp betopiaerp.addons.base.tests.test_http_case.TestChromeBrowserOddDimensions.test_screencasts: websocket-client module is not installed 
2026-02-09 10:09:53,455 1 INFO betopiaerp betopiaerp.addons.base.tests.test_http_case: skipped TestChromeBrowserOddDimensions.test_screencasts : websocket-client module is not installed 
2026-02-09 10:09:53,456 1 INFO betopiaerp betopiaerp.addons.base.models.ir_attachment: filestore gc 0 checked, 0 removed 
2026-02-09 10:09:53,457 1 INFO betopiaerp betopiaerp.addons.base.tests.test_import_files: Starting TestImportFiles.test_import_contacts_template_xls ... 
2026-02-09 10:09:53,458 1 INFO betopiaerp betopiaerp.addons.base.tests.test_import_files: skipped TestImportFiles.test_import_contacts_template_xls : Needs demo data to be able to import those files 
2026-02-09 10:09:53,460 1 INFO betopiaerp betopiaerp.addons.base.models.ir_attachment: filestore gc 0 checked, 0 removed 
2026-02-09 10:09:53,461 1 INFO betopiaerp betopiaerp.addons.base.tests.test_ir_actions: Starting TestCustomFieldsPostInstall.test_add_field_valid ... 
2026-02-09 10:09:53,499 1 INFO betopiaerp betopiaerp.registry: Invalidating all model caches from _callCleanup /opt/betopiaerp/betopiaerp/tests/case.py:190 
2026-02-09 10:09:53,518 1 INFO betopiaerp betopiaerp.addons.base.models.ir_attachment: filestore gc 0 checked, 0 removed 
2026-02-09 10:09:53,519 1 INFO betopiaerp betopiaerp.addons.base.tests.test_ir_asset: Starting TestAsset.test_asset_tag ... 
2026-02-09 10:09:53,555 1 INFO betopiaerp betopiaerp.addons.base.models.ir_attachment: filestore gc 0 checked, 0 removed 
2026-02-09 10:09:53,556 1 INFO betopiaerp betopiaerp.addons.base.tests.test_ir_filters: Starting TestAllFilters.test_filters ... 
2026-02-09 10:09:53,558 1 INFO betopiaerp betopiaerp.addons.base.models.ir_attachment: filestore gc 0 checked, 0 removed 
2026-02-09 10:09:53,559 1 INFO betopiaerp betopiaerp.addons.base.tests.test_ir_http: Starting TestIrHttpPerformances.test_routing_map_performance ... 
2026-02-09 10:09:53,559 1 INFO betopiaerp betopiaerp.addons.base.models.ir_http: Generating routing map for key None 
2026-02-09 10:09:53,569 1 INFO betopiaerp betopiaerp.addons.base.tests.test_ir_http: Routing map web generated in 0.009s 
2026-02-09 10:09:53,569 1 INFO betopiaerp betopiaerp.addons.base.models.ir_http: Generating routing map for key 1 
2026-02-09 10:09:53,575 1 INFO betopiaerp betopiaerp.addons.base.tests.test_ir_http: Routing map website1 generated in 0.006s 
2026-02-09 10:09:53,577 1 INFO betopiaerp betopiaerp.addons.base.models.ir_attachment: filestore gc 0 checked, 0 removed 
2026-02-09 10:09:53,578 1 INFO betopiaerp betopiaerp.addons.base.tests.test_ir_model: Starting TestIrModelEdition.test_delete_manual_models_with_base_fields ... 
2026-02-09 10:09:53,658 1 INFO betopiaerp betopiaerp.models.unlink: User #1 deleted ir.model records with IDs: [192, 194] 
2026-02-09 10:09:53,710 1 INFO betopiaerp betopiaerp.addons.base.tests.test_ir_model: Starting TestIrModelEdition.test_ir_model_fields_name_create ... 
2026-02-09 10:09:53,759 1 INFO betopiaerp betopiaerp.addons.base.tests.test_ir_model: Starting TestIrModelEdition.test_new_ir_model_fields_related ... 
2026-02-09 10:09:53,837 1 INFO betopiaerp betopiaerp.addons.base.models.ir_attachment: filestore gc 0 checked, 0 removed 
2026-02-09 10:09:53,842 1 INFO betopiaerp betopiaerp.addons.base.tests.test_ir_model: Starting TestIrModelFieldsTranslation.test_ir_model_fields_translation ... 
2026-02-09 10:09:53,861 1 WARNING betopiaerp betopiaerp.addons.base.tests.test_ir_model.TestIrModelFieldsTranslation.test_ir_model_fields_translation: websocket-client module is not installed 
2026-02-09 10:09:53,861 1 INFO betopiaerp betopiaerp.addons.base.tests.test_ir_model: skipped TestIrModelFieldsTranslation.test_ir_model_fields_translation : websocket-client module is not installed 
2026-02-09 10:09:53,863 1 INFO betopiaerp betopiaerp.addons.base.models.ir_attachment: filestore gc 0 checked, 0 removed 
2026-02-09 10:09:53,864 1 INFO betopiaerp betopiaerp.addons.base.tests.test_neutralize: Starting TestNeutralize.test_10_neutralize ... 
2026-02-09 10:09:53,879 1 INFO betopiaerp betopiaerp.addons.base.models.ir_attachment: filestore gc 0 checked, 0 removed 
2026-02-09 10:09:53,879 1 INFO betopiaerp betopiaerp.addons.base.tests.test_orm: Starting TestCompanyDependent.test_orm_ondelete_restrict ... 
2026-02-09 10:09:53,882 1 INFO betopiaerp betopiaerp.addons.base.models.ir_attachment: filestore gc 0 checked, 0 removed 
2026-02-09 10:09:53,883 1 INFO betopiaerp betopiaerp.tests.common: Auto retry disabled for test_invalidation (betopiaerp.addons.base.tests.test_ormcache.TestOrmCache.test_invalidation) 
2026-02-09 10:09:53,883 1 INFO betopiaerp betopiaerp.addons.base.tests.test_ormcache: Starting TestOrmCache.test_invalidation ... 
2026-02-09 10:09:53,884 1 INFO betopiaerp betopiaerp.tests.common: Auto retry disabled for test_invalidation_thread_local (betopiaerp.addons.base.tests.test_ormcache.TestOrmCache.test_invalidation_thread_local) 
2026-02-09 10:09:53,884 1 INFO betopiaerp betopiaerp.addons.base.tests.test_ormcache: Starting TestOrmCache.test_invalidation_thread_local ... 
2026-02-09 10:09:53,886 1 INFO betopiaerp betopiaerp.tests.common: Auto retry disabled for test_ormcache (betopiaerp.addons.base.tests.test_ormcache.TestOrmCache.test_ormcache) 
2026-02-09 10:09:53,886 1 INFO betopiaerp betopiaerp.addons.base.tests.test_ormcache: Starting TestOrmCache.test_ormcache ... 
2026-02-09 10:09:53,887 1 INFO betopiaerp betopiaerp.tests.common: Auto retry disabled for test_signaling_01_multiple (betopiaerp.addons.base.tests.test_ormcache.TestOrmCache.test_signaling_01_multiple) 
2026-02-09 10:09:53,887 1 INFO betopiaerp betopiaerp.addons.base.tests.test_ormcache: Starting TestOrmCache.test_signaling_01_multiple ... 
2026-02-09 10:09:53,910 1 INFO betopiaerp betopiaerp.tests.common: Auto retry disabled for test_signaling_01_single (betopiaerp.addons.base.tests.test_ormcache.TestOrmCache.test_signaling_01_single) 
2026-02-09 10:09:53,911 1 INFO betopiaerp betopiaerp.addons.base.tests.test_ormcache: Starting TestOrmCache.test_signaling_01_single ... 
2026-02-09 10:09:53,914 1 INFO betopiaerp betopiaerp.tests.common: Auto retry disabled for test_signaling_gc (betopiaerp.addons.base.tests.test_ormcache.TestOrmCache.test_signaling_gc) 
2026-02-09 10:09:53,915 1 INFO betopiaerp betopiaerp.addons.base.tests.test_ormcache: Starting TestOrmCache.test_signaling_gc ... 
2026-02-09 10:09:53,921 1 INFO betopiaerp betopiaerp.addons.base.models.ir_attachment: filestore gc 0 checked, 0 removed 
2026-02-09 10:09:53,922 1 INFO betopiaerp betopiaerp.addons.base.tests.test_overrides: Starting TestOverrides.test_creates ... 
2026-02-09 10:09:53,928 1 INFO betopiaerp betopiaerp.addons.base.tests.test_overrides: Starting TestOverrides.test_default_get ... 
2026-02-09 10:09:53,951 1 INFO betopiaerp betopiaerp.addons.base.tests.test_overrides: Starting TestOverrides.test_unlink ... 
2026-02-09 10:09:53,975 1 INFO betopiaerp betopiaerp.addons.base.tests.test_overrides: Starting TestOverrides.test_writes ... 
2026-02-09 10:09:53,994 1 INFO betopiaerp betopiaerp.addons.base.models.ir_attachment: filestore gc 0 checked, 0 removed 
2026-02-09 10:09:54,001 1 INFO betopiaerp betopiaerp.addons.base.tests.test_profiler: Starting TestProfileAccess.test_admin_has_access ... 
2026-02-09 10:09:54,002 1 INFO betopiaerp betopiaerp.addons.base.tests.test_profiler: Starting TestProfileAccess.test_user_no_access ... 
2026-02-09 10:09:54,030 1 INFO betopiaerp betopiaerp.addons.base.models.ir_model: Access Denied by ACLs for operation: read, uid: 344, model: ir.profile 
2026-02-09 10:09:54,034 1 INFO betopiaerp betopiaerp.addons.base.models.ir_model: Access Denied by ACLs for operation: read, uid: 344, model: ir.profile 
2026-02-09 10:09:54,037 1 INFO betopiaerp betopiaerp.addons.base.models.ir_attachment: filestore gc 1 checked, 1 removed 
2026-02-09 10:09:54,038 1 INFO betopiaerp betopiaerp.addons.base.tests.test_profiler: Starting TestSpeedscope.test_convert_empty ... 
2026-02-09 10:09:54,039 1 INFO betopiaerp betopiaerp.addons.base.tests.test_profiler: Starting TestSpeedscope.test_converts_context ... 
2026-02-09 10:09:54,039 1 INFO betopiaerp betopiaerp.addons.base.tests.test_profiler: Starting TestSpeedscope.test_converts_context_lower ... 
2026-02-09 10:09:54,039 1 INFO betopiaerp betopiaerp.addons.base.tests.test_profiler: Starting TestSpeedscope.test_converts_context_nested ... 
2026-02-09 10:09:54,040 1 INFO betopiaerp betopiaerp.addons.base.tests.test_profiler: Starting TestSpeedscope.test_converts_init_stack_trace ... 
2026-02-09 10:09:54,040 1 INFO betopiaerp betopiaerp.addons.base.tests.test_profiler: Starting TestSpeedscope.test_converts_no_context ... 
2026-02-09 10:09:54,040 1 INFO betopiaerp betopiaerp.addons.base.tests.test_profiler: Starting TestSpeedscope.test_converts_profile_no_end ... 
2026-02-09 10:09:54,041 1 INFO betopiaerp betopiaerp.addons.base.tests.test_profiler: Starting TestSpeedscope.test_converts_profile_simple ... 
2026-02-09 10:09:54,041 1 INFO betopiaerp betopiaerp.addons.base.tests.test_profiler: Starting TestSpeedscope.test_end_priority ... 
2026-02-09 10:09:54,041 1 INFO betopiaerp betopiaerp.addons.base.tests.test_profiler: Starting TestSpeedscope.test_following_queries_dont_merge ... 
2026-02-09 10:09:54,042 1 INFO betopiaerp betopiaerp.addons.base.tests.test_profiler: Starting TestProfiling.test_default_recorders ... 
2026-02-09 10:09:54,121 1 INFO betopiaerp betopiaerp.addons.base.tests.test_profiler: Starting TestProfiling.test_default_values ... 
2026-02-09 10:09:54,122 1 INFO betopiaerp betopiaerp.addons.base.tests.test_profiler: Starting TestProfiling.test_env_profiler_database ... 
2026-02-09 10:09:54,122 1 INFO betopiaerp betopiaerp.addons.base.tests.test_profiler: Starting TestProfiling.test_env_profiler_description ... 
2026-02-09 10:09:54,137 1 INFO betopiaerp betopiaerp.addons.base.tests.test_profiler: Starting TestProfiling.test_execution_context_nested ... 
2026-02-09 10:09:54,153 1 INFO betopiaerp betopiaerp.addons.base.tests.test_profiler: Starting TestProfiling.test_execution_context_save ... 
2026-02-09 10:09:54,169 1 INFO betopiaerp betopiaerp.addons.base.tests.test_profiler: Starting TestProfiling.test_profiler_return ... 
2026-02-09 10:09:54,184 1 INFO betopiaerp betopiaerp.tools.profiler: ir_profile 9 (2026-02-09 10:09:54 test_profiler_return) created 
2026-02-09 10:09:54,185 1 INFO betopiaerp betopiaerp.addons.base.tests.test_profiler: Starting TestProfiling.test_qweb_recorder ... 
2026-02-09 10:09:54,245 1 INFO betopiaerp betopiaerp.addons.base.models.ir_attachment: filestore gc 0 checked, 0 removed 
2026-02-09 10:09:54,246 1 INFO betopiaerp betopiaerp.addons.base.tests.test_qweb: Starting TestQWebTField.test_default_value ... 
2026-02-09 10:09:54,252 1 INFO betopiaerp betopiaerp.addons.base.tests.test_qweb: Starting TestQWebTField.test_i18n ... 
2026-02-09 10:09:54,312 1 INFO betopiaerp betopiaerp.addons.base.tests.test_qweb: Starting TestQWebTField.test_no_value_no_default_value ... 
2026-02-09 10:09:54,318 1 INFO betopiaerp betopiaerp.addons.base.tests.test_qweb: Starting TestQWebTField.test_reject_crummy_tags ... 
2026-02-09 10:09:54,327 1 INFO betopiaerp betopiaerp.addons.base.tests.test_qweb: Starting TestQWebTField.test_reject_t_tag ... 
2026-02-09 10:09:54,330 1 INFO betopiaerp betopiaerp.addons.base.tests.test_qweb: Starting TestQWebTField.test_render_t_options ... 
2026-02-09 10:09:54,339 1 INFO betopiaerp betopiaerp.addons.base.tests.test_qweb: Starting TestQWebTField.test_trivial ... 
2026-02-09 10:09:54,402 1 INFO betopiaerp betopiaerp.addons.base.tests.test_qweb: Starting TestQWebTField.test_xss_breakout ... 
2026-02-09 10:09:54,408 1 INFO betopiaerp betopiaerp.addons.base.models.ir_attachment: filestore gc 0 checked, 0 removed 
2026-02-09 10:09:54,409 1 INFO betopiaerp betopiaerp.addons.base.tests.test_qweb: Starting TestQWebNS.test_render_dynamic_xml_with_code_error ... 
2026-02-09 10:09:54,416 1 INFO betopiaerp betopiaerp.addons.base.tests.test_qweb: Starting TestQWebNS.test_render_dynamic_xml_with_namespace_2 ... 
2026-02-09 10:09:54,421 1 INFO betopiaerp betopiaerp.addons.base.tests.test_qweb: Starting TestQWebNS.test_render_dynamic_xml_with_namespace_t_attf ... 
2026-02-09 10:09:54,425 1 INFO betopiaerp betopiaerp.addons.base.tests.test_qweb: Starting TestQWebNS.test_render_dynamic_xml_with_namespace_t_attf_with_useless_distributed_namespace ... 
2026-02-09 10:09:54,430 1 INFO betopiaerp betopiaerp.addons.base.tests.test_qweb: Starting TestQWebNS.test_render_dynamic_xml_with_namespace_t_esc ... 
2026-02-09 10:09:54,434 1 INFO betopiaerp betopiaerp.addons.base.tests.test_qweb: Starting TestQWebNS.test_render_dynamic_xml_with_namespace_t_esc_with_useless_distributed_namespace ... 
2026-02-09 10:09:54,438 1 INFO betopiaerp betopiaerp.addons.base.tests.test_qweb: Starting TestQWebNS.test_render_dynamic_xml_with_namespaced_attributes ... 
2026-02-09 10:09:54,442 1 INFO betopiaerp betopiaerp.addons.base.tests.test_qweb: Starting TestQWebNS.test_render_static_xml_with_extension ... 
2026-02-09 10:09:54,449 1 INFO betopiaerp betopiaerp.addons.base.tests.test_qweb: Starting TestQWebNS.test_render_static_xml_with_namespace ... 
2026-02-09 10:09:54,454 1 INFO betopiaerp betopiaerp.addons.base.tests.test_qweb: Starting TestQWebNS.test_render_static_xml_with_namespace_2 ... 
2026-02-09 10:09:54,458 1 INFO betopiaerp betopiaerp.addons.base.tests.test_qweb: Starting TestQWebNS.test_render_static_xml_with_namespace_3 ... 
2026-02-09 10:09:54,462 1 INFO betopiaerp betopiaerp.addons.base.tests.test_qweb: Starting TestQWebNS.test_render_static_xml_with_namespace_dynamic ... 
2026-02-09 10:09:54,467 1 INFO betopiaerp betopiaerp.addons.base.tests.test_qweb: Starting TestQWebNS.test_render_static_xml_with_namespace_dynamic_2 ... 
2026-02-09 10:09:54,472 1 INFO betopiaerp betopiaerp.addons.base.tests.test_qweb: Starting TestQWebNS.test_render_static_xml_with_namespaced_attributes ... 
2026-02-09 10:09:54,476 1 INFO betopiaerp betopiaerp.addons.base.tests.test_qweb: Starting TestQWebNS.test_render_static_xml_with_t_call ... 
2026-02-09 10:09:54,484 1 INFO betopiaerp betopiaerp.addons.base.tests.test_qweb: Starting TestQWebNS.test_render_static_xml_with_useless_distributed_namespace ... 
2026-02-09 10:09:54,488 1 INFO betopiaerp betopiaerp.addons.base.tests.test_qweb: Starting TestQWebNS.test_render_static_xml_with_void_element ... 
2026-02-09 10:09:54,493 1 INFO betopiaerp betopiaerp.addons.base.models.ir_attachment: filestore gc 0 checked, 0 removed 
2026-02-09 10:09:54,494 1 INFO betopiaerp betopiaerp.addons.base.tests.test_qweb: Starting TestQWebBasic.test_att_escaping_1 ... 
2026-02-09 10:09:54,499 1 INFO betopiaerp betopiaerp.addons.base.tests.test_qweb: Starting TestQWebBasic.test_att_escaping_2 ... 
2026-02-09 10:09:54,504 1 INFO betopiaerp betopiaerp.addons.base.tests.test_qweb: Starting TestQWebBasic.test_att_no_propagation_1 ... 
2026-02-09 10:09:54,509 1 INFO betopiaerp betopiaerp.addons.base.tests.test_qweb: Starting TestQWebBasic.test_att_no_propagation_2 ... 
2026-02-09 10:09:54,515 1 INFO betopiaerp betopiaerp.addons.base.tests.test_qweb: Starting TestQWebBasic.test_attf_escaping_1 ... 
2026-02-09 10:09:54,519 1 INFO betopiaerp betopiaerp.addons.base.tests.test_qweb: Starting TestQWebBasic.test_attf_escaping_2 ... 
2026-02-09 10:09:54,524 1 INFO betopiaerp betopiaerp.addons.base.tests.test_qweb: Starting TestQWebBasic.test_attf_escaping_3 ... 
2026-02-09 10:09:54,528 1 INFO betopiaerp betopiaerp.addons.base.tests.test_qweb: Starting TestQWebBasic.test_call_call_0 ... 
2026-02-09 10:09:54,539 1 INFO betopiaerp betopiaerp.addons.base.tests.test_qweb: Starting TestQWebBasic.test_call_error ... 
2026-02-09 10:09:54,550 1 INFO betopiaerp betopiaerp.addons.base.tests.test_qweb: Starting TestQWebBasic.test_call_foreach_call ... 
2026-02-09 10:09:54,560 1 INFO betopiaerp betopiaerp.addons.base.tests.test_qweb: Starting TestQWebBasic.test_call_infinite_recursion ... 
2026-02-09 10:09:54,571 1 INFO betopiaerp betopiaerp.addons.base.tests.test_qweb: Starting TestQWebBasic.test_call_set ... 
2026-02-09 10:09:54,582 1 INFO betopiaerp betopiaerp.addons.base.tests.test_qweb: Starting TestQWebBasic.test_compile_expr ... 
2026-02-09 10:09:54,587 1 INFO betopiaerp betopiaerp.addons.base.tests.test_qweb: Starting TestQWebBasic.test_compile_expr_security ... 
2026-02-09 10:09:54,596 1 INFO betopiaerp betopiaerp.addons.base.tests.test_qweb: Starting TestQWebBasic.test_error_message_1 ... 
2026-02-09 10:09:54,604 1 INFO betopiaerp betopiaerp.addons.base.tests.test_qweb: Starting TestQWebBasic.test_error_message_10 ... 
2026-02-09 10:09:54,617 1 INFO betopiaerp betopiaerp.addons.base.tests.test_qweb: Starting TestQWebBasic.test_error_message_11 ... 
2026-02-09 10:09:54,641 1 INFO betopiaerp betopiaerp.addons.base.tests.test_qweb: Starting TestQWebBasic.test_error_message_12 ... 
2026-02-09 10:09:54,659 1 INFO betopiaerp betopiaerp.addons.base.tests.test_qweb: Starting TestQWebBasic.test_error_message_13 ... 
2026-02-09 10:09:54,677 1 INFO betopiaerp betopiaerp.addons.base.tests.test_qweb: Starting TestQWebBasic.test_error_message_14 ... 
2026-02-09 10:09:54,691 1 INFO betopiaerp betopiaerp.addons.base.tests.test_qweb: Starting TestQWebBasic.test_error_message_2 ... 
2026-02-09 10:09:54,707 1 INFO betopiaerp betopiaerp.addons.base.tests.test_qweb: Starting TestQWebBasic.test_error_message_3 ... 
2026-02-09 10:09:54,720 1 INFO betopiaerp betopiaerp.addons.base.tests.test_qweb: Starting TestQWebBasic.test_error_message_4 ... 
2026-02-09 10:09:54,738 1 INFO betopiaerp betopiaerp.addons.base.tests.test_qweb: Starting TestQWebBasic.test_error_message_5 ... 
2026-02-09 10:09:54,743 1 INFO betopiaerp betopiaerp.addons.base.tests.test_qweb: Starting TestQWebBasic.test_error_message_6 ... 
2026-02-09 10:09:54,751 1 INFO betopiaerp betopiaerp.addons.base.tests.test_qweb: Starting TestQWebBasic.test_error_message_7 ... 
2026-02-09 10:09:54,755 1 INFO betopiaerp betopiaerp.addons.base.tests.test_qweb: Starting TestQWebBasic.test_error_message_8 ... 
2026-02-09 10:09:54,763 1 INFO betopiaerp betopiaerp.addons.base.tests.test_qweb: Starting TestQWebBasic.test_error_message_9 ... 
2026-02-09 10:09:54,776 1 INFO betopiaerp betopiaerp.addons.base.tests.test_qweb: Starting TestQWebBasic.test_esc_markup ... 
2026-02-09 10:09:54,784 1 INFO betopiaerp betopiaerp.addons.base.tests.test_qweb: Starting TestQWebBasic.test_foreach_as_error_1 ... 
2026-02-09 10:09:54,800 1 INFO betopiaerp betopiaerp.addons.base.tests.test_qweb: Starting TestQWebBasic.test_foreach_as_error_2 ... 
2026-02-09 10:09:54,813 1 INFO betopiaerp betopiaerp.addons.base.tests.test_qweb: Starting TestQWebBasic.test_foreach_as_error_3 ... 
2026-02-09 10:09:54,824 1 INFO betopiaerp betopiaerp.addons.base.tests.test_qweb: Starting TestQWebBasic.test_foreach_iter_dict ... 
2026-02-09 10:09:54,829 1 INFO betopiaerp betopiaerp.addons.base.tests.test_qweb: Starting TestQWebBasic.test_foreach_iter_list ... 
2026-02-09 10:09:54,834 1 INFO betopiaerp betopiaerp.addons.base.tests.test_qweb: Starting TestQWebBasic.test_if_comment ... 
2026-02-09 10:09:54,839 1 INFO betopiaerp betopiaerp.addons.base.tests.test_qweb: Starting TestQWebBasic.test_if_from_body ... 
2026-02-09 10:09:54,844 1 INFO betopiaerp betopiaerp.addons.base.tests.test_qweb: Starting TestQWebBasic.test_if_spaces ... 
2026-02-09 10:09:54,848 1 INFO betopiaerp betopiaerp.addons.base.tests.test_qweb: Starting TestQWebBasic.test_out ... 
2026-02-09 10:09:54,853 1 INFO betopiaerp betopiaerp.addons.base.tests.test_qweb: Starting TestQWebBasic.test_out_default_value ... 
2026-02-09 10:09:54,857 1 INFO betopiaerp betopiaerp.addons.base.tests.test_qweb: Starting TestQWebBasic.test_out_escape_text ... 
2026-02-09 10:09:54,861 1 INFO betopiaerp betopiaerp.addons.base.tests.test_qweb: Starting TestQWebBasic.test_out_format_1 ... 
2026-02-09 10:09:54,866 1 INFO betopiaerp betopiaerp.addons.base.tests.test_qweb: Starting TestQWebBasic.test_out_format_2 ... 
2026-02-09 10:09:54,871 1 INFO betopiaerp betopiaerp.addons.base.tests.test_qweb: Starting TestQWebBasic.test_out_format_3 ... 
2026-02-09 10:09:54,876 1 INFO betopiaerp betopiaerp.addons.base.tests.test_qweb: Starting TestQWebBasic.test_out_format_4 ... 
2026-02-09 10:09:54,880 1 INFO betopiaerp betopiaerp.addons.base.tests.test_qweb: Starting TestQWebBasic.test_out_format_5 ... 
2026-02-09 10:09:54,886 1 INFO betopiaerp betopiaerp.addons.base.tests.test_qweb: Starting TestQWebBasic.test_out_format_6 ... 
2026-02-09 10:09:54,890 1 INFO betopiaerp betopiaerp.addons.base.tests.test_qweb: Starting TestQWebBasic.test_out_format_7 ... 
2026-02-09 10:09:54,895 1 INFO betopiaerp betopiaerp.addons.base.tests.test_qweb: Starting TestQWebBasic.test_out_format_8 ... 
2026-02-09 10:09:54,900 1 INFO betopiaerp betopiaerp.addons.base.tests.test_qweb: Starting TestQWebBasic.test_out_format_9 ... 
2026-02-09 10:09:54,905 1 INFO betopiaerp betopiaerp.addons.base.tests.test_qweb: Starting TestQWebBasic.test_out_json ... 
2026-02-09 10:09:54,909 1 INFO betopiaerp betopiaerp.addons.base.tests.test_qweb: Starting TestQWebBasic.test_out_markup ... 
2026-02-09 10:09:54,914 1 INFO betopiaerp betopiaerp.addons.base.tests.test_qweb: Starting TestQWebBasic.test_render_barcode ... 
2026-02-09 10:09:54,998 1 INFO betopiaerp betopiaerp.addons.base.tests.test_qweb: ====================================================================== 
2026-02-09 10:09:54,999 1 ERROR betopiaerp betopiaerp.addons.base.tests.test_qweb: ERROR: TestQWebBasic.test_render_barcode
Traceback (most recent call last):
  File "/usr/local/lib/python3.12/site-packages/reportlab/graphics/renderPM.py", line 43, in _getPMBackend
    import rlPyCairo as M
ModuleNotFoundError: No module named 'rlPyCairo'

During handling of the above exception, another exception occurred:

Traceback (most recent call last):
  File "/usr/local/lib/python3.12/site-packages/reportlab/graphics/renderPM.py", line 46, in _getPMBackend
    import _rl_renderPM as M
ModuleNotFoundError: No module named '_rl_renderPM'

During handling of the above exception, another exception occurred:

Traceback (most recent call last):
  File "/opt/betopiaerp/betopiaerp/addons/base/tests/test_qweb.py", line 2054, in test_render_barcode
    rendered = self.env['ir.qweb']._render(view.id, values={'partner': partner}).strip()
               ^^^^^^^^^^^^^^^^^^^^^^^^^^^^^^^^^^^^^^^^^^^^^^^^^^^^^^^^^^^^^^^^^
  File "/opt/betopiaerp/betopiaerp/addons/base/models/ir_qweb.py", line 728, in _render
    return Markup(''.join(iterator))
                  ^^^^^^^^^^^^^^^^^
  File "/opt/betopiaerp/betopiaerp/addons/base/models/ir_qweb.py", line 756, in _render_iterall
    for item in frame.iterator:
                ^^^^^^^^^^^^^^
  File "<1850>", line 61, in template_gen_key_c0e4b3_1850
  File "<1850>", line 17, in template_gen_key_c0e4b3_1850_content
  File "/opt/betopiaerp/betopiaerp/addons/base/models/ir_qweb.py", line 2740, in _get_field
    content = converter.record_to_html(record, field_name, field_options)
              ^^^^^^^^^^^^^^^^^^^^^^^^^^^^^^^^^^^^^^^^^^^^^^^^^^^^^^^^^^^
  File "/opt/betopiaerp/betopiaerp/addons/base/models/ir_qweb_fields.py", line 171, in record_to_html
    return False if value is False else self.value_to_html(value, options=options)
                                        ^^^^^^^^^^^^^^^^^^^^^^^^^^^^^^^^^^^^^^^^^^
  File "/opt/betopiaerp/betopiaerp/addons/base/models/ir_qweb_fields.py", line 804, in value_to_html
    barcode = self.env['ir.actions.report'].barcode(
              ^^^^^^^^^^^^^^^^^^^^^^^^^^^^^^^^^^^^^^
  File "/opt/betopiaerp/betopiaerp/addons/base/models/ir_actions_report.py", line 745, in barcode
    return barcode.asString('png')
           ^^^^^^^^^^^^^^^^^^^^^^^
  File "/usr/local/lib/python3.12/site-packages/reportlab/graphics/shapes.py", line 803, in asString
    return renderPM.drawToString(self, fmt=format,showBoundary=getattr(self,'showBorder',
           ^^^^^^^^^^^^^^^^^^^^^^^^^^^^^^^^^^^^^^^^^^^^^^^^^^^^^^^^^^^^^^^^^^^^^^^^^^^^^^
  File "/usr/local/lib/python3.12/site-packages/reportlab/graphics/renderPM.py", line 721, in drawToString
    drawToFile(d,s,fmt=fmt, dpi=dpi, bg=bg, configPIL=configPIL,backend=backend)
  File "/usr/local/lib/python3.12/site-packages/reportlab/graphics/renderPM.py", line 716, in drawToFile
    c = drawToPMCanvas(d, dpi=dpi, bg=bg, configPIL=configPIL, showBoundary=showBoundary,backend=backend)
        ^^^^^^^^^^^^^^^^^^^^^^^^^^^^^^^^^^^^^^^^^^^^^^^^^^^^^^^^^^^^^^^^^^^^^^^^^^^^^^^^^^^^^^^^^^^^^^^^^
  File "/usr/local/lib/python3.12/site-packages/reportlab/graphics/renderPM.py", line 701, in drawToPMCanvas
    c = PMCanvas(d.width, d.height, dpi=dpi, bg=bg, configPIL=configPIL, backend=backend)
        ^^^^^^^^^^^^^^^^^^^^^^^^^^^^^^^^^^^^^^^^^^^^^^^^^^^^^^^^^^^^^^^^^^^^^^^^^^^^^^^^^
  File "/usr/local/lib/python3.12/site-packages/reportlab/graphics/renderPM.py", line 304, in __init__
    self.__dict__['_gs'] = self._getGState(w,h,bg,backend)
                           ^^^^^^^^^^^^^^^^^^^^^^^^^^^^^^^
  File "/usr/local/lib/python3.12/site-packages/reportlab/graphics/renderPM.py", line 317, in _getGState
    mod = _getPMBackend(backend)
          ^^^^^^^^^^^^^^^^^^^^^^
  File "/usr/local/lib/python3.12/site-packages/reportlab/graphics/renderPM.py", line 48, in _getPMBackend
    raise RenderPMError(f"""cannot import desired renderPM backend {backend}
reportlab.graphics.utils.RenderPMError: cannot import desired renderPM backend rlPyCairo
Seek advice at the users list see
https://pairlist2.pair.net/mailman/listinfo/reportlab-users
 
2026-02-09 10:09:54,999 1 INFO betopiaerp betopiaerp.addons.base.tests.test_qweb: Starting TestQWebBasic.test_render_comment_tail ... 
2026-02-09 10:09:55,004 1 INFO betopiaerp betopiaerp.addons.base.tests.test_qweb: Starting TestQWebBasic.test_render_comments ... 
2026-02-09 10:09:55,009 1 INFO betopiaerp betopiaerp.addons.base.tests.test_qweb: Starting TestQWebBasic.test_render_processing_instructions ... 
2026-02-09 10:09:55,014 1 INFO betopiaerp betopiaerp.addons.base.tests.test_qweb: Starting TestQWebBasic.test_render_t_call_propagates_t_lang ... 
2026-02-09 10:09:55,025 1 INFO betopiaerp betopiaerp.addons.base.tests.test_qweb: Starting TestQWebBasic.test_render_template_from_file ... 
2026-02-09 10:09:55,039 1 INFO betopiaerp betopiaerp.addons.base.tests.test_qweb: Starting TestQWebBasic.test_render_template_from_file_special_cases ... 
2026-02-09 10:09:55,066 1 INFO betopiaerp betopiaerp.addons.base.tests.test_qweb: Starting TestQWebBasic.test_render_widget_contact ... 
2026-02-09 10:09:55,119 1 INFO betopiaerp betopiaerp.addons.base.tests.test_qweb: Starting TestQWebBasic.test_render_widget_duration_fallback ... 
2026-02-09 10:09:55,131 1 INFO betopiaerp betopiaerp.addons.base.tests.test_qweb: Starting TestQWebBasic.test_set_1 ... 
2026-02-09 10:09:55,136 1 INFO betopiaerp betopiaerp.addons.base.tests.test_qweb: Starting TestQWebBasic.test_set_2 ... 
2026-02-09 10:09:55,140 1 INFO betopiaerp betopiaerp.addons.base.tests.test_qweb: Starting TestQWebBasic.test_set_3 ... 
2026-02-09 10:09:55,146 1 INFO betopiaerp betopiaerp.addons.base.tests.test_qweb: Starting TestQWebBasic.test_set_body_1 ... 
2026-02-09 10:09:55,152 1 INFO betopiaerp betopiaerp.addons.base.tests.test_qweb: Starting TestQWebBasic.test_set_body_2 ... 
2026-02-09 10:09:55,157 1 INFO betopiaerp betopiaerp.addons.base.tests.test_qweb: Starting TestQWebBasic.test_set_body_3 ... 
2026-02-09 10:09:55,183 1 INFO betopiaerp betopiaerp.addons.base.tests.test_qweb: Starting TestQWebBasic.test_set_error_1 ... 
2026-02-09 10:09:55,197 1 INFO betopiaerp betopiaerp.addons.base.tests.test_qweb: Starting TestQWebBasic.test_set_error_2 ... 
2026-02-09 10:09:55,211 1 INFO betopiaerp betopiaerp.addons.base.tests.test_qweb: Starting TestQWebBasic.test_space_remove_technical_all ... 
2026-02-09 10:09:55,228 1 INFO betopiaerp betopiaerp.addons.base.tests.test_qweb: Starting TestQWebBasic.test_space_remove_technical_space_t_foreach ... 
2026-02-09 10:09:55,234 1 INFO betopiaerp betopiaerp.addons.base.tests.test_qweb: Starting TestQWebBasic.test_t_foreach_t_call ... 
2026-02-09 10:09:55,243 1 INFO betopiaerp betopiaerp.addons.base.tests.test_qweb: Starting TestQWebBasic.test_void_element ... 
2026-02-09 10:09:55,255 1 INFO betopiaerp betopiaerp.addons.base.models.ir_attachment: filestore gc 1 checked, 1 removed 
2026-02-09 10:09:55,289 1 INFO betopiaerp betopiaerp.addons.base.tests.test_qweb: Starting TestQwebPerformance.test_render_queries ... 
2026-02-09 10:09:55,369 1 INFO betopiaerp betopiaerp.addons.base.models.ir_attachment: filestore gc 1 checked, 1 removed 
2026-02-09 10:09:55,370 1 INFO betopiaerp betopiaerp.addons.base.tests.test_reports: Starting TestReports.test_report_reload_from_attachment ... 
2026-02-09 10:09:55,382 1 INFO betopiaerp betopiaerp.addons.base.tests.test_reports: ====================================================================== 
2026-02-09 10:09:55,382 1 ERROR betopiaerp betopiaerp.addons.base.tests.test_reports: ERROR: TestReports.test_report_reload_from_attachment
Traceback (most recent call last):
  File "/opt/betopiaerp/betopiaerp/addons/base/tests/test_reports.py", line 98, in test_report_reload_from_attachment
    pdf = report._render_qweb_pdf(report.id, [partner_id])
          ^^^^^^^^^^^^^^^^^^^^^^^^^^^^^^^^^^^^^^^^^^^^^^^^
  File "/opt/betopiaerp/betopiaerp/addons/base/models/ir_actions_report.py", line 1037, in _render_qweb_pdf
    collected_streams, report_type = self._pre_render_qweb_pdf(report_ref, res_ids=res_ids, data=data)
                                     ^^^^^^^^^^^^^^^^^^^^^^^^^^^^^^^^^^^^^^^^^^^^^^^^^^^^^^^^^^^^^^^^^
  File "/opt/betopiaerp/betopiaerp/addons/base/models/ir_actions_report.py", line 1028, in _pre_render_qweb_pdf
    return self._render_qweb_pdf_prepare_streams(report_ref, data, res_ids=res_ids), 'pdf'
           ^^^^^^^^^^^^^^^^^^^^^^^^^^^^^^^^^^^^^^^^^^^^^^^^^^^^^^^^^^^^^^^^^^^^^^^^
  File "/opt/betopiaerp/betopiaerp/addons/base/models/ir_actions_report.py", line 865, in _render_qweb_pdf_prepare_streams
    raise UserError(_("Unable to find Wkhtmltopdf on this system. The PDF can not be created."))
betopiaerp.exceptions.UserError: Unable to find Wkhtmltopdf on this system. The PDF can not be created.
 
2026-02-09 10:09:55,383 1 INFO betopiaerp betopiaerp.addons.base.tests.test_reports: Starting TestReports.test_reports ... 
2026-02-09 10:09:55,384 1 INFO betopiaerp betopiaerp.addons.base.tests.test_reports: testing report base.report_irmodeloverview 
2026-02-09 10:09:57,518 1 INFO betopiaerp betopiaerp.addons.base.tests.test_reports: testing report web.preview_externalreport 
2026-02-09 10:09:57,556 1 INFO betopiaerp betopiaerp.addons.base.tests.test_reports: testing report web.preview_internalreport 
2026-02-09 10:09:57,564 1 INFO betopiaerp betopiaerp.addons.base.tests.test_reports: testing report web.preview_layout_report 
2026-02-09 10:09:57,581 1 INFO betopiaerp betopiaerp.addons.base.models.ir_attachment: filestore gc 0 checked, 0 removed 
2026-02-09 10:09:57,582 1 INFO betopiaerp betopiaerp.addons.base.tests.test_reports: Starting TestReportsRendering.test_format_A4 ... 
2026-02-09 10:09:57,582 1 INFO betopiaerp betopiaerp.addons.base.tests.test_reports: skipped TestReportsRendering.test_format_A4 : pdfminer not installed 
2026-02-09 10:09:57,583 1 INFO betopiaerp betopiaerp.addons.base.tests.test_reports: Starting TestReportsRendering.test_format_landscape ... 
2026-02-09 10:09:57,583 1 INFO betopiaerp betopiaerp.addons.base.tests.test_reports: skipped TestReportsRendering.test_format_landscape : pdfminer not installed 
2026-02-09 10:09:57,583 1 INFO betopiaerp betopiaerp.addons.base.tests.test_reports: Starting TestReportsRendering.test_format_letter ... 
2026-02-09 10:09:57,584 1 INFO betopiaerp betopiaerp.addons.base.tests.test_reports: skipped TestReportsRendering.test_format_letter : pdfminer not installed 
2026-02-09 10:09:57,584 1 INFO betopiaerp betopiaerp.addons.base.tests.test_reports: Starting TestReportsRendering.test_layout ... 
2026-02-09 10:09:57,584 1 INFO betopiaerp betopiaerp.addons.base.tests.test_reports: skipped TestReportsRendering.test_layout : pdfminer not installed 
2026-02-09 10:09:57,585 1 INFO betopiaerp betopiaerp.addons.base.tests.test_reports: Starting TestReportsRendering.test_pdf_render_page_overflow ... 
2026-02-09 10:09:57,585 1 INFO betopiaerp betopiaerp.addons.base.tests.test_reports: skipped TestReportsRendering.test_pdf_render_page_overflow : pdfminer not installed 
2026-02-09 10:09:57,585 1 INFO betopiaerp betopiaerp.addons.base.tests.test_reports: Starting TestReportsRendering.test_report_pdf_page_break ... 
2026-02-09 10:09:57,585 1 INFO betopiaerp betopiaerp.addons.base.tests.test_reports: skipped TestReportsRendering.test_report_pdf_page_break : pdfminer not installed 
2026-02-09 10:09:57,586 1 INFO betopiaerp betopiaerp.addons.base.tests.test_reports: Starting TestReportsRendering.test_report_specific_paperformat_args ... 
2026-02-09 10:09:57,586 1 INFO betopiaerp betopiaerp.addons.base.tests.test_reports: skipped TestReportsRendering.test_report_specific_paperformat_args : pdfminer not installed 
2026-02-09 10:09:57,586 1 INFO betopiaerp betopiaerp.addons.base.tests.test_reports: Starting TestReportsRendering.test_thead_tbody_repeat ... 
2026-02-09 10:09:57,586 1 INFO betopiaerp betopiaerp.addons.base.tests.test_reports: skipped TestReportsRendering.test_thead_tbody_repeat : pdfminer not installed 
2026-02-09 10:09:57,593 1 INFO betopiaerp betopiaerp.addons.base.tests.test_reports: Starting TestAggregatePdfReports.test_aggregate_report_with_some_resources_reloaded_from_attachment ... 
2026-02-09 10:09:57,606 1 INFO betopiaerp betopiaerp.addons.base.tests.test_reports: ====================================================================== 
2026-02-09 10:09:57,606 1 ERROR betopiaerp betopiaerp.addons.base.tests.test_reports: ERROR: TestAggregatePdfReports.test_aggregate_report_with_some_resources_reloaded_from_attachment
Traceback (most recent call last):
  File "/opt/betopiaerp/betopiaerp/addons/base/tests/test_reports.py", line 674, in test_aggregate_report_with_some_resources_reloaded_from_attachment
    self.assert_report_creation("base.test_report", self.partners, self.partners[1])
  File "/opt/betopiaerp/betopiaerp/addons/base/tests/test_reports.py", line 715, in assert_report_creation
    record_report, content_type = reports._render_qweb_pdf(report_ref, res_ids=record_to_report.id)
                                  ^^^^^^^^^^^^^^^^^^^^^^^^^^^^^^^^^^^^^^^^^^^^^^^^^^^^^^^^^^^^^^^^^
  File "/opt/betopiaerp/betopiaerp/addons/base/models/ir_actions_report.py", line 1037, in _render_qweb_pdf
    collected_streams, report_type = self._pre_render_qweb_pdf(report_ref, res_ids=res_ids, data=data)
                                     ^^^^^^^^^^^^^^^^^^^^^^^^^^^^^^^^^^^^^^^^^^^^^^^^^^^^^^^^^^^^^^^^^
  File "/opt/betopiaerp/betopiaerp/addons/base/models/ir_actions_report.py", line 1028, in _pre_render_qweb_pdf
    return self._render_qweb_pdf_prepare_streams(report_ref, data, res_ids=res_ids), 'pdf'
           ^^^^^^^^^^^^^^^^^^^^^^^^^^^^^^^^^^^^^^^^^^^^^^^^^^^^^^^^^^^^^^^^^^^^^^^^
  File "/opt/betopiaerp/betopiaerp/addons/base/models/ir_actions_report.py", line 865, in _render_qweb_pdf_prepare_streams
    raise UserError(_("Unable to find Wkhtmltopdf on this system. The PDF can not be created."))
betopiaerp.exceptions.UserError: Unable to find Wkhtmltopdf on this system. The PDF can not be created.
 
2026-02-09 10:09:57,607 1 INFO betopiaerp betopiaerp.addons.base.tests.test_reports: Starting TestAggregatePdfReports.test_aggregate_report_with_some_resources_reloaded_from_attachment_with_multiple_page_report ... 
2026-02-09 10:09:57,618 1 INFO betopiaerp betopiaerp.addons.base.tests.test_reports: ====================================================================== 
2026-02-09 10:09:57,619 1 ERROR betopiaerp betopiaerp.addons.base.tests.test_reports: ERROR: TestAggregatePdfReports.test_aggregate_report_with_some_resources_reloaded_from_attachment_with_multiple_page_report
Traceback (most recent call last):
  File "/opt/betopiaerp/betopiaerp/addons/base/tests/test_reports.py", line 701, in test_aggregate_report_with_some_resources_reloaded_from_attachment_with_multiple_page_report
    self.assert_report_creation("base.test_report", self.partners, self.partners[1])
  File "/opt/betopiaerp/betopiaerp/addons/base/tests/test_reports.py", line 715, in assert_report_creation
    record_report, content_type = reports._render_qweb_pdf(report_ref, res_ids=record_to_report.id)
                                  ^^^^^^^^^^^^^^^^^^^^^^^^^^^^^^^^^^^^^^^^^^^^^^^^^^^^^^^^^^^^^^^^^
  File "/opt/betopiaerp/betopiaerp/addons/base/models/ir_actions_report.py", line 1037, in _render_qweb_pdf
    collected_streams, report_type = self._pre_render_qweb_pdf(report_ref, res_ids=res_ids, data=data)
                                     ^^^^^^^^^^^^^^^^^^^^^^^^^^^^^^^^^^^^^^^^^^^^^^^^^^^^^^^^^^^^^^^^^
  File "/opt/betopiaerp/betopiaerp/addons/base/models/ir_actions_report.py", line 1028, in _pre_render_qweb_pdf
    return self._render_qweb_pdf_prepare_streams(report_ref, data, res_ids=res_ids), 'pdf'
           ^^^^^^^^^^^^^^^^^^^^^^^^^^^^^^^^^^^^^^^^^^^^^^^^^^^^^^^^^^^^^^^^^^^^^^^^
  File "/opt/betopiaerp/betopiaerp/addons/base/models/ir_actions_report.py", line 865, in _render_qweb_pdf_prepare_streams
    raise UserError(_("Unable to find Wkhtmltopdf on this system. The PDF can not be created."))
betopiaerp.exceptions.UserError: Unable to find Wkhtmltopdf on this system. The PDF can not be created.
 
2026-02-09 10:09:57,621 1 INFO betopiaerp betopiaerp.addons.base.models.ir_attachment: filestore gc 0 checked, 0 removed 
2026-02-09 10:09:57,622 1 INFO betopiaerp betopiaerp.addons.base.tests.test_res_config: Starting TestResConfigExecute.test_01_execute_res_config ... 
2026-02-09 10:09:57,623 1 INFO betopiaerp betopiaerp.addons.base.tests.test_res_config: Starting TestResConfigExecute.test_settings_access ... 
2026-02-09 10:09:57,642 1 INFO betopiaerp betopiaerp.addons.base.tests.test_res_config: Testing settings access for group Role / Administrator 
2026-02-09 10:09:57,688 1 INFO betopiaerp betopiaerp.addons.base.models.ir_attachment: filestore gc 1 checked, 1 removed 
2026-02-09 10:09:57,689 1 INFO betopiaerp betopiaerp.addons.base.tests.test_res_country: Starting TestResCountryState.test_find_by_name ... 
2026-02-09 10:09:57,726 1 INFO betopiaerp betopiaerp.addons.base.models.ir_attachment: filestore gc 0 checked, 0 removed 
2026-02-09 10:09:57,727 1 INFO betopiaerp betopiaerp.addons.base.tests.test_res_partner: Starting TestPartnerForm.test_lang_computation_form_view ... 
2026-02-09 10:09:57,828 1 INFO betopiaerp betopiaerp.addons.base.tests.test_res_partner: Starting TestPartnerForm.test_onchange_parent_sync_user ... 
2026-02-09 10:09:57,954 1 INFO betopiaerp betopiaerp.addons.base.models.ir_attachment: filestore gc 1 checked, 1 removed 
2026-02-09 10:09:57,984 1 INFO betopiaerp betopiaerp.addons.base.tests.test_res_users: Starting TestUsers2.test_change_user_login ... 
2026-02-09 10:09:58,019 1 INFO betopiaerp betopiaerp.addons.base.tests.test_res_users: Starting TestUsers2.test_default_groups ... 
2026-02-09 10:09:58,101 1 INFO betopiaerp betopiaerp.addons.base.tests.test_res_users: Starting TestUsers2.test_implied_groups_on_change ... 
2026-02-09 10:09:58,344 1 INFO betopiaerp betopiaerp.addons.base.tests.test_res_users: Starting TestUsers2.test_portal_user_manager_access ... 
2026-02-09 10:09:58,393 1 INFO betopiaerp betopiaerp.addons.base.models.ir_rule: Access Denied by record rules for operation: write on record ids: [357], uid: 356, model: res.users 
2026-02-09 10:09:58,413 1 INFO betopiaerp betopiaerp.addons.base.models.ir_rule: Access Denied by record rules for operation: write on record ids: [357], uid: 356, model: res.users 
2026-02-09 10:09:58,423 1 INFO betopiaerp betopiaerp.addons.base.models.ir_model: Access Denied by ACLs for operation: write, uid: 357, model: res.users 
2026-02-09 10:09:58,426 1 INFO betopiaerp betopiaerp.addons.base.models.ir_model: Access Denied by ACLs for operation: write, uid: 357, model: res.users 
2026-02-09 10:09:58,437 1 INFO betopiaerp betopiaerp.addons.base.models.ir_model: Access Denied by ACLs for operation: write, uid: 357, model: res.users 
2026-02-09 10:09:58,441 1 INFO betopiaerp betopiaerp.addons.base.tests.test_res_users: Starting TestUsers2.test_selection_groups ... 
2026-02-09 10:09:58,493 1 INFO betopiaerp betopiaerp.addons.base.tests.test_res_users: Starting TestUsers2.test_self_readable_writeable_fields_preferences_form ... 
2026-02-09 10:09:58,548 1 INFO betopiaerp betopiaerp.addons.base.tests.test_res_users: Starting TestUsers2.test_self_writeable_fields ... 
2026-02-09 10:09:58,561 1 INFO betopiaerp betopiaerp.addons.base.tests.test_res_users: Starting TestUsers2.test_view_group_hierarchy ... 
2026-02-09 10:09:58,586 1 INFO betopiaerp betopiaerp.addons.base.tests.test_res_users: Starting TestUsers2.test_write_group_ids_performance ... 
2026-02-09 10:09:58,618 1 INFO betopiaerp betopiaerp.addons.base.tests.test_res_users: Query count less than expected for user __system__: 11 < 24 in test_write_group_ids_performance at /opt/betopiaerp/betopiaerp/addons/base/tests/test_res_users.py:528 
2026-02-09 10:09:58,621 1 INFO betopiaerp betopiaerp.addons.base.models.ir_attachment: filestore gc 6 checked, 6 removed 
2026-02-09 10:09:58,623 1 INFO betopiaerp betopiaerp.addons.base.tests.test_res_users: Starting TestUsersIdentitycheck.test_revoke_all_devices ... 
2026-02-09 10:09:58,628 1 INFO betopiaerp betopiaerp.addons.base.models.res_users: Login successful for login:admin from n/a 
2026-02-09 10:09:58,633 1 INFO betopiaerp betopiaerp.addons.base.models.res_users: Login successful for login:admin from n/a 
2026-02-09 10:09:58,636 1 INFO betopiaerp betopiaerp.addons.base.models.ir_http: Generating routing map for key None 
2026-02-09 10:09:58,646 1 INFO betopiaerp betopiaerp.addons.base.models.res_device: User 2 inserts device log (uBNQrk6ekMVPOENsH-OP7DK7-1vQulO5zyC-8hNbCt) 
2026-02-09 10:10:11,249 1 INFO betopiaerp werkzeug: 127.0.0.1 - - [09/Feb/2026 10:10:11] "GET /web HTTP/1.1" 200 - 66 0.022 12.592
2026-02-09 10:10:11,253 1 INFO betopiaerp betopiaerp.addons.base.tests.test_res_users: ====================================================================== 
2026-02-09 10:10:11,254 1 ERROR betopiaerp betopiaerp.addons.base.tests.test_res_users: ERROR: Subtest TestUsersIdentitycheck.test_revoke_all_devices (login='admin')
Traceback (most recent call last):
  File "/usr/local/lib/python3.12/site-packages/urllib3/connectionpool.py", line 537, in _make_request
    response = conn.getresponse()
               ^^^^^^^^^^^^^^^^^^
  File "/usr/local/lib/python3.12/site-packages/urllib3/connection.py", line 461, in getresponse
    httplib_response = super().getresponse()
                       ^^^^^^^^^^^^^^^^^^^^^
  File "/usr/local/lib/python3.12/http/client.py", line 1430, in getresponse
    response.begin()
  File "/usr/local/lib/python3.12/http/client.py", line 331, in begin
    version, status, reason = self._read_status()
                              ^^^^^^^^^^^^^^^^^^^
  File "/usr/local/lib/python3.12/http/client.py", line 292, in _read_status
    line = str(self.fp.readline(_MAXLINE + 1), "iso-8859-1")
               ^^^^^^^^^^^^^^^^^^^^^^^^^^^^^^
  File "/usr/local/lib/python3.12/socket.py", line 720, in readinto
    return self._sock.recv_into(b)
           ^^^^^^^^^^^^^^^^^^^^^^^
TimeoutError: timed out

The above exception was the direct cause of the following exception:

Traceback (most recent call last):
  File "/usr/local/lib/python3.12/site-packages/requests/adapters.py", line 486, in send
    resp = conn.urlopen(
           ^^^^^^^^^^^^^
  File "/usr/local/lib/python3.12/site-packages/urllib3/connectionpool.py", line 845, in urlopen
    retries = retries.increment(
              ^^^^^^^^^^^^^^^^^^
  File "/usr/local/lib/python3.12/site-packages/urllib3/util/retry.py", line 470, in increment
    raise reraise(type(error), error, _stacktrace)
          ^^^^^^^^^^^^^^^^^^^^^^^^^^^^^^^^^^^^^^^^
  File "/usr/local/lib/python3.12/site-packages/urllib3/util/util.py", line 39, in reraise
    raise value
  File "/usr/local/lib/python3.12/site-packages/urllib3/connectionpool.py", line 791, in urlopen
    response = self._make_request(
               ^^^^^^^^^^^^^^^^^^^
  File "/usr/local/lib/python3.12/site-packages/urllib3/connectionpool.py", line 539, in _make_request
    self._raise_timeout(err=e, url=url, timeout_value=read_timeout)
  File "/usr/local/lib/python3.12/site-packages/urllib3/connectionpool.py", line 371, in _raise_timeout
    raise ReadTimeoutError(
urllib3.exceptions.ReadTimeoutError: HTTPConnectionPool(host='127.0.0.1', port=8069): Read timed out. (read timeout=12)

During handling of the above exception, another exception occurred:

Traceback (most recent call last):
  File "/opt/betopiaerp/betopiaerp/tests/common.py", line 2614, in with_users
    func(self, *args, **kwargs)
  File "/opt/betopiaerp/betopiaerp/addons/base/tests/test_res_users.py", line 649, in test_revoke_all_devices
    self.assertTrue(self.url_open('/web').url.endswith('/web'))
                    ^^^^^^^^^^^^^^^^^^^^^
  File "/opt/betopiaerp/betopiaerp/tests/common.py", line 2289, in url_open
    return self.opener.request(method, url, params=params, data=data, json=json, files=files, timeout=timeout, headers=headers, cookies=cookies, allow_redirects=allow_redirects)
           ^^^^^^^^^^^^^^^^^^^^^^^^^^^^^^^^^^^^^^^^^^^^^^^^^^^^^^^^^^^^^^^^^^^^^^^^^^^^^^^^^^^^^^^^^^^^^^^^^^^^^^^^^^^^^^^^^^^^^^^^^^^^^^^^^^^^^^^^^^^^^^^^^^^^^^^^^^^^^^^^^^^^^^
  File "/opt/betopiaerp/betopiaerp/tests/common.py", line 2134, in request
    return super().request(*args, **kwargs)
           ^^^^^^^^^^^^^^^^^^^^^^^^^^^^^^^^
  File "/usr/local/lib/python3.12/site-packages/requests/sessions.py", line 589, in request
    resp = self.send(prep, **send_kwargs)
           ^^^^^^^^^^^^^^^^^^^^^^^^^^^^^^
  File "/opt/betopiaerp/betopiaerp/tests/common.py", line 408, in <lambda>
    lambda s, r, **kwargs: cls._request_handler(s, r, **kwargs),
                           ^^^^^^^^^^^^^^^^^^^^^^^^^^^^^^^^^^^^
  File "/opt/betopiaerp/betopiaerp/tests/common.py", line 350, in _request_handler
    return _super_send(s, r, **kw)
           ^^^^^^^^^^^^^^^^^^^^^^^
  File "/usr/local/lib/python3.12/site-packages/requests/sessions.py", line 703, in send
    r = adapter.send(request, **kwargs)
        ^^^^^^^^^^^^^^^^^^^^^^^^^^^^^^^
  File "/usr/local/lib/python3.12/site-packages/requests/adapters.py", line 532, in send
    raise ReadTimeout(e, request=request)
requests.exceptions.ReadTimeout: HTTPConnectionPool(host='127.0.0.1', port=8069): Read timed out. (read timeout=12)
 
2026-02-09 10:10:11,256 1 INFO betopiaerp betopiaerp.addons.base.models.ir_attachment: filestore gc 0 checked, 0 removed 
2026-02-09 10:10:11,257 1 INFO betopiaerp betopiaerp.addons.base.tests.test_translate: Starting TestTranslationExport.test_export_translatable_resources ... 
2026-02-09 10:10:31,731 1 INFO betopiaerp betopiaerp.addons.base.models.ir_attachment: filestore gc 0 checked, 0 removed 
2026-02-09 10:10:31,732 1 INFO betopiaerp betopiaerp.addons.base.tests.test_translate: Starting TestLanguageInstallPerformance.test_language_install ... 
2026-02-09 10:10:31,739 1 INFO betopiaerp betopiaerp.addons.base.models.ir_module: module base: loading translation file /opt/betopiaerp/betopiaerp/addons/base/i18n/fr.po for language fr_BE 
2026-02-09 10:10:32,082 1 INFO betopiaerp betopiaerp.addons.base.models.ir_module: module base: loading translation file /opt/betopiaerp/betopiaerp/addons/base/i18n/fr_BE.po for language fr_BE 
2026-02-09 10:10:32,582 1 INFO betopiaerp betopiaerp.addons.base.models.ir_module: module web: loading translation file /opt/betopiaerp/addons/web/i18n/fr.po for language fr_BE 
2026-02-09 10:10:32,771 1 INFO betopiaerp betopiaerp.addons.base.models.ir_module: module api_doc: loading translation file /opt/betopiaerp/addons/api_doc/i18n/fr.po for language fr_BE 
2026-02-09 10:10:32,785 1 INFO betopiaerp betopiaerp.addons.base.models.ir_module: module base_setup: loading translation file /opt/betopiaerp/addons/base_setup/i18n/fr.po for language fr_BE 
2026-02-09 10:10:32,795 1 INFO betopiaerp betopiaerp.addons.base.models.ir_module: module base_setup: loading translation file /opt/betopiaerp/addons/base_setup/i18n/fr_BE.po for language fr_BE 
2026-02-09 10:10:32,812 1 INFO betopiaerp betopiaerp.addons.base.models.ir_module: module auth_passkey: loading translation file /opt/betopiaerp/addons/auth_passkey/i18n/fr.po for language fr_BE 
2026-02-09 10:10:32,836 1 INFO betopiaerp betopiaerp.addons.base.models.ir_module: module auth_totp: loading translation file /opt/betopiaerp/addons/auth_totp/i18n/fr.po for language fr_BE 
2026-02-09 10:10:32,861 1 INFO betopiaerp betopiaerp.addons.base.models.ir_module: module base_import: loading translation file /opt/betopiaerp/addons/base_import/i18n/fr.po for language fr_BE 
2026-02-09 10:10:32,875 1 INFO betopiaerp betopiaerp.addons.base.models.ir_module: module base_import_module: loading translation file /opt/betopiaerp/addons/base_import_module/i18n/fr.po for language fr_BE 
2026-02-09 10:10:32,883 1 INFO betopiaerp betopiaerp.addons.base.models.ir_module: module base_import_module: loading translation file /opt/betopiaerp/addons/base_import_module/i18n/fr_BE.po for language fr_BE 
2026-02-09 10:10:32,898 1 INFO betopiaerp betopiaerp.addons.base.models.ir_module: module bus: loading translation file /opt/betopiaerp/addons/bus/i18n/fr.po for language fr_BE 
2026-02-09 10:10:32,905 1 INFO betopiaerp betopiaerp.addons.base.models.ir_module: module bus: loading translation file /opt/betopiaerp/addons/bus/i18n/fr_BE.po for language fr_BE 
2026-02-09 10:10:32,917 1 INFO betopiaerp betopiaerp.addons.base.models.ir_module: module html_editor: loading translation file /opt/betopiaerp/addons/html_editor/i18n/fr.po for language fr_BE 
2026-02-09 10:10:32,937 1 INFO betopiaerp betopiaerp.addons.base.models.ir_module: module iap: loading translation file /opt/betopiaerp/addons/iap/i18n/fr.po for language fr_BE 
2026-02-09 10:10:32,960 1 INFO betopiaerp betopiaerp.addons.base.models.ir_module: module web_tour: loading translation file /opt/betopiaerp/addons/web_tour/i18n/fr.po for language fr_BE 
2026-02-09 10:10:32,975 1 INFO betopiaerp betopiaerp.addons.base.models.ir_module: module web_unsplash: loading translation file /opt/betopiaerp/addons/web_unsplash/i18n/fr.po for language fr_BE 
2026-02-09 10:10:33,207 1 INFO betopiaerp betopiaerp.tests.stats: installed language fr_BE in 1.473s 
2026-02-09 10:10:33,210 1 INFO betopiaerp betopiaerp.addons.base.models.ir_attachment: filestore gc 0 checked, 0 removed 
2026-02-09 10:10:33,235 1 INFO betopiaerp betopiaerp.addons.base.tests.test_views: Starting TestViews.test_attribute_node_with_no_name ... 
2026-02-09 10:10:33,262 1 INFO betopiaerp betopiaerp.addons.base.tests.test_views: Starting TestViews.test_attrs_groups_behavior ... 
2026-02-09 10:10:33,281 1 INFO betopiaerp betopiaerp.addons.base.tests.test_views: Starting TestViews.test_attrs_groups_validation ... 
2026-02-09 10:10:33,528 1 INFO betopiaerp betopiaerp.addons.base.tests.test_views: Starting TestViews.test_attrs_missing_field ... 
2026-02-09 10:10:33,588 1 INFO betopiaerp betopiaerp.addons.base.tests.test_views: Starting TestViews.test_button ... 
2026-02-09 10:10:33,612 1 INFO betopiaerp betopiaerp.addons.base.tests.test_views: Starting TestViews.test_check_primary_when_update_siblins_inherited_tree ... 
2026-02-09 10:10:33,658 1 INFO betopiaerp betopiaerp.addons.base.tests.test_views: Starting TestViews.test_check_xml_on_reenable ... 
2026-02-09 10:10:33,679 1 INFO betopiaerp betopiaerp.addons.base.tests.test_views: Starting TestViews.test_col_colspan_numerical ... 
2026-02-09 10:10:33,694 1 INFO betopiaerp betopiaerp.addons.base.tests.test_views: Starting TestViews.test_context_in_subsubview_with_parent ... 
2026-02-09 10:10:33,716 1 INFO betopiaerp betopiaerp.addons.base.tests.test_views: Starting TestViews.test_context_in_subview ... 
2026-02-09 10:10:33,735 1 INFO betopiaerp betopiaerp.addons.base.tests.test_views: Starting TestViews.test_context_in_subview_with_parent ... 
2026-02-09 10:10:33,754 1 INFO betopiaerp betopiaerp.addons.base.tests.test_views: Starting TestViews.test_context_in_view ... 
2026-02-09 10:10:33,765 1 INFO betopiaerp betopiaerp.addons.base.tests.test_views: Starting TestViews.test_custom_view_validation ... 
2026-02-09 10:10:33,778 1 INFO betopiaerp betopiaerp.addons.base.tests.test_views: Starting TestViews.test_domain_boolean_case ... 
2026-02-09 10:10:33,796 1 INFO betopiaerp betopiaerp.addons.base.tests.test_views: Starting TestViews.test_domain_field_no_comodel ... 
2026-02-09 10:10:33,805 1 INFO betopiaerp betopiaerp.addons.base.tests.test_views: Starting TestViews.test_domain_field_searchable ... 
2026-02-09 10:10:33,816 1 INFO betopiaerp betopiaerp.addons.base.tests.test_views: Starting TestViews.test_domain_id_case ... 
2026-02-09 10:10:33,822 1 INFO betopiaerp betopiaerp.addons.base.tests.test_views: Starting TestViews.test_domain_in_filter ... 
2026-02-09 10:10:33,839 1 INFO betopiaerp betopiaerp.addons.base.tests.test_views: Starting TestViews.test_domain_in_subview ... 
2026-02-09 10:10:33,856 1 INFO betopiaerp betopiaerp.addons.base.tests.test_views: Starting TestViews.test_domain_in_subview_with_parent ... 
2026-02-09 10:10:33,879 1 INFO betopiaerp betopiaerp.addons.base.tests.test_views: Starting TestViews.test_domain_in_view ... 
2026-02-09 10:10:33,890 1 INFO betopiaerp betopiaerp.addons.base.tests.test_views: Starting TestViews.test_domain_invalid_in_filter ... 
2026-02-09 10:10:33,899 1 INFO betopiaerp betopiaerp.addons.base.tests.test_views: Starting TestViews.test_domain_on_field_in_noneditable_subview ... 
2026-02-09 10:10:33,911 1 INFO betopiaerp betopiaerp.addons.base.tests.test_views: Starting TestViews.test_domain_on_field_in_subview ... 
2026-02-09 10:10:33,925 1 INFO betopiaerp betopiaerp.addons.base.tests.test_views: Starting TestViews.test_domain_on_field_in_subview_with_parent ... 
2026-02-09 10:10:33,948 1 INFO betopiaerp betopiaerp.addons.base.tests.test_views: Starting TestViews.test_domain_on_field_in_view ... 
2026-02-09 10:10:33,959 1 INFO betopiaerp betopiaerp.addons.base.tests.test_views: Starting TestViews.test_domain_on_readonly_field_in_subview ... 
2026-02-09 10:10:33,973 1 INFO betopiaerp betopiaerp.addons.base.tests.test_views: Starting TestViews.test_domain_on_readonly_field_in_view ... 
2026-02-09 10:10:33,981 1 INFO betopiaerp betopiaerp.addons.base.tests.test_views: Starting TestViews.test_domain_unknown_field ... 
2026-02-09 10:10:33,991 1 INFO betopiaerp betopiaerp.addons.base.tests.test_views: Starting TestViews.test_empty_groups_attrib ... 
2026-02-09 10:10:34,001 1 INFO betopiaerp betopiaerp.addons.base.tests.test_views: Starting TestViews.test_for_in_label ... 
2026-02-09 10:10:34,015 1 INFO betopiaerp betopiaerp.addons.base.tests.test_views: Starting TestViews.test_forbidden_data_tooltip_attributes_in_form ... 
2026-02-09 10:10:34,028 1 INFO betopiaerp betopiaerp.addons.base.tests.test_views: Starting TestViews.test_forbidden_data_tooltip_attributes_in_kanban ... 
2026-02-09 10:10:34,046 1 INFO betopiaerp betopiaerp.addons.base.tests.test_views: Starting TestViews.test_forbidden_owl_directives_in_form ... 
2026-02-09 10:10:34,059 1 INFO betopiaerp betopiaerp.addons.base.tests.test_views: Starting TestViews.test_forbidden_owl_directives_in_kanban ... 
2026-02-09 10:10:34,073 1 INFO betopiaerp betopiaerp.addons.base.tests.test_views: Starting TestViews.test_forbidden_use_of___comp___in_kanban ... 
2026-02-09 10:10:34,083 1 INFO betopiaerp betopiaerp.addons.base.tests.test_views: Starting TestViews.test_graph_attributes ... 
2026-02-09 10:10:34,097 1 INFO betopiaerp betopiaerp.addons.base.tests.test_views: Starting TestViews.test_graph_fields ... 
2026-02-09 10:10:34,109 1 INFO betopiaerp betopiaerp.addons.base.tests.test_views: Starting TestViews.test_group_by_in_filter ... 
2026-02-09 10:10:34,121 1 INFO betopiaerp betopiaerp.addons.base.tests.test_views: Starting TestViews.test_groups_field ... 
2026-02-09 10:10:34,133 1 INFO betopiaerp betopiaerp.addons.base.tests.test_views: Starting TestViews.test_invalid_field ... 
2026-02-09 10:10:34,147 1 INFO betopiaerp betopiaerp.addons.base.tests.test_views: Starting TestViews.test_invalid_subfield ... 
2026-02-09 10:10:34,164 1 INFO betopiaerp betopiaerp.addons.base.tests.test_views: Starting TestViews.test_invalid_type ... 
2026-02-09 10:10:34,167 1 INFO betopiaerp betopiaerp.addons.base.tests.test_views: Starting TestViews.test_invisible_groups_with_groups_in_model ... 
2026-02-09 10:10:34,184 1 INFO betopiaerp betopiaerp.addons.base.tests.test_views: Starting TestViews.test_nonexistent_attribute_removal ... 
2026-02-09 10:10:34,194 1 INFO betopiaerp betopiaerp.addons.base.tests.test_views: Starting TestViews.test_partial_validation ... 
2026-02-09 10:10:34,242 1 INFO betopiaerp betopiaerp.addons.base.tests.test_views: Starting TestViews.test_searchpanel ... 
2026-02-09 10:10:34,272 1 INFO betopiaerp betopiaerp.addons.base.tests.test_views: Starting TestViews.test_tree ... 
2026-02-09 10:10:34,287 1 INFO betopiaerp betopiaerp.addons.base.tests.test_views: Starting TestViews.test_tree_groupby ... 
2026-02-09 10:10:34,305 1 INFO betopiaerp betopiaerp.addons.base.tests.test_views: Starting TestViews.test_tree_groupby_many2one ... 
2026-02-09 10:10:34,327 1 INFO betopiaerp betopiaerp.addons.base.tests.test_views: Starting TestViews.test_valid_accessibility_icon_text ... 
2026-02-09 10:10:34,351 1 INFO betopiaerp betopiaerp.addons.base.tests.test_views: Starting TestViews.test_valid_alerts ... 
2026-02-09 10:10:34,362 1 INFO betopiaerp betopiaerp.addons.base.tests.test_views: Starting TestViews.test_valid_alternative_image_text ... 
2026-02-09 10:10:34,370 1 INFO betopiaerp betopiaerp.addons.base.tests.test_views: Starting TestViews.test_valid_dialog ... 
2026-02-09 10:10:34,389 1 INFO betopiaerp betopiaerp.addons.base.tests.test_views: Starting TestViews.test_valid_focusable_button ... 
2026-02-09 10:10:34,417 1 INFO betopiaerp betopiaerp.addons.base.tests.test_views: Starting TestViews.test_valid_prohibited_none_role ... 
2026-02-09 10:10:34,428 1 INFO betopiaerp betopiaerp.addons.base.tests.test_views: Starting TestViews.test_valid_simili_button ... 
2026-02-09 10:10:34,437 1 INFO betopiaerp betopiaerp.addons.base.tests.test_views: Starting TestViews.test_valid_simili_dropdown ... 
2026-02-09 10:10:34,449 1 INFO betopiaerp betopiaerp.addons.base.tests.test_views: Starting TestViews.test_valid_simili_progressbar ... 
2026-02-09 10:10:34,467 1 INFO betopiaerp betopiaerp.addons.base.tests.test_views: Starting TestViews.test_valid_simili_tab ... 
2026-02-09 10:10:34,479 1 INFO betopiaerp betopiaerp.addons.base.tests.test_views: Starting TestViews.test_valid_simili_tablist ... 
2026-02-09 10:10:34,487 1 INFO betopiaerp betopiaerp.addons.base.tests.test_views: Starting TestViews.test_valid_simili_tabpanel ... 
2026-02-09 10:10:34,496 1 INFO betopiaerp betopiaerp.addons.base.tests.test_views: Starting TestViews.test_view_inheritance ... 
2026-02-09 10:10:34,509 1 INFO betopiaerp betopiaerp.addons.base.tests.test_views: Starting TestViews.test_view_inheritance_divergent_models ... 
2026-02-09 10:10:34,524 1 INFO betopiaerp betopiaerp.addons.base.tests.test_views: Starting TestViews.test_view_inheritance_text_after ... 
2026-02-09 10:10:34,533 1 INFO betopiaerp betopiaerp.addons.base.tests.test_views: Starting TestViews.test_view_inheritance_text_before ... 
2026-02-09 10:10:34,544 1 INFO betopiaerp betopiaerp.addons.base.tests.test_views: Starting TestViews.test_view_inheritance_text_inside ... 
2026-02-09 10:10:34,554 1 INFO betopiaerp betopiaerp.addons.base.tests.test_views: Starting TestViews.test_view_ref ... 
2026-02-09 10:10:34,568 1 INFO betopiaerp betopiaerp.addons.base.tests.test_views: Starting TestViews.test_view_root_node_matches_view_type ... 
2026-02-09 10:10:34,577 1 INFO betopiaerp betopiaerp.addons.base.tests.test_views: Starting TestViews.test_xml_editor_rejects_encoding_declaration ... 
2026-02-09 10:10:34,590 1 INFO betopiaerp betopiaerp.addons.base.models.ir_attachment: filestore gc 2 checked, 2 removed 
2026-02-09 10:10:34,591 1 INFO betopiaerp betopiaerp.addons.base.tests.test_views: Starting TestDebugger.test_t_debug_in_qweb_based_views ... 
2026-02-09 10:10:34,594 1 INFO betopiaerp betopiaerp.addons.base.models.ir_attachment: filestore gc 0 checked, 0 removed 
2026-02-09 10:10:34,617 1 INFO betopiaerp betopiaerp.addons.base.tests.test_views: Starting TestInvisibleField.test_uncommented_invisible_field ... 
2026-02-09 10:10:34,626 1 INFO betopiaerp betopiaerp.addons.base.tests.test_views: Please indicate why the always invisible fields are present in the view, or remove the field tag.
Addons: 'base_setup'   Views: ['res_config_settings_view_form']
Addons: 'base_import_module'   Views: ['view_base_module_import']
Addons: 'web'   Views: ['view_base_document_layout']
Addons: 'auth_totp'   Views: ['view_totp_form', 'view_totp_field'] 
2026-02-09 10:10:34,629 1 INFO betopiaerp betopiaerp.addons.base.models.ir_attachment: filestore gc 1 checked, 1 removed 
2026-02-09 10:10:34,631 1 INFO betopiaerp betopiaerp.addons.rpc.tests.test_xmlrpc: Starting TestXMLRPC.test_01_xmlrpc_login ... 
2026-02-09 10:10:34,634 1 INFO betopiaerp betopiaerp.addons.base.models.ir_http: Generating routing map for key None 
2026-02-09 10:10:34,900 1 INFO None betopiaerp.addons.base.models.res_users: Login successful for login:admin from n/a 
2026-02-09 10:10:34,901 1 INFO None werkzeug: 127.0.0.1 - - [09/Feb/2026 10:10:34] "POST /xmlrpc/2/common HTTP/1.1" 200 - 10 0.002 0.265
2026-02-09 10:10:34,902 1 INFO betopiaerp betopiaerp.addons.rpc.tests.test_xmlrpc: Starting TestXMLRPC.test_jsonrpc_name_search ... 
2026-02-09 10:10:34,905 1 INFO betopiaerp betopiaerp.addons.base.models.ir_http: Generating routing map for key None 
2026-02-09 10:10:35,175 1 INFO betopiaerp werkzeug: 127.0.0.1 - - [09/Feb/2026 10:10:35] "POST /jsonrpc#res.partner.name_search HTTP/1.1" 200 - 23 0.005 0.265
2026-02-09 10:10:35,177 1 INFO betopiaerp betopiaerp.addons.rpc.tests.test_xmlrpc: Starting TestXMLRPC.test_jsonrpc_read_group ... 
2026-02-09 10:10:35,179 1 INFO betopiaerp betopiaerp.addons.base.models.ir_http: Generating routing map for key None 
2026-02-09 10:10:35,455 1 INFO betopiaerp werkzeug: 127.0.0.1 - - [09/Feb/2026 10:10:35] "POST /jsonrpc#res.partner.formatted_read_group HTTP/1.1" 200 - 22 0.008 0.268
2026-02-09 10:10:35,457 1 INFO betopiaerp betopiaerp.addons.rpc.tests.test_xmlrpc: Starting TestXMLRPC.test_xmlrpc_attachment_raw ... 
2026-02-09 10:10:35,462 1 INFO betopiaerp betopiaerp.addons.base.models.ir_http: Generating routing map for key None 
2026-02-09 10:10:35,733 1 INFO betopiaerp werkzeug: 127.0.0.1 - - [09/Feb/2026 10:10:35] "POST /xmlrpc/2/object#ir.attachment.read HTTP/1.1" 200 - 18 0.005 0.267
2026-02-09 10:10:35,735 1 INFO betopiaerp betopiaerp.addons.rpc.tests.test_xmlrpc: Starting TestXMLRPC.test_xmlrpc_datetime ... 
2026-02-09 10:10:35,741 1 INFO betopiaerp betopiaerp.addons.base.models.ir_http: Generating routing map for key None 
2026-02-09 10:10:36,109 1 INFO betopiaerp werkzeug: 127.0.0.1 - - [09/Feb/2026 10:10:36] "POST /xmlrpc/2/object#res.device.log.create HTTP/1.1" 200 - 22 0.009 0.359
2026-02-09 10:10:36,121 1 INFO betopiaerp werkzeug: 127.0.0.1 - - [09/Feb/2026 10:10:36] "POST /xmlrpc/2/object#res.device.log.read HTTP/1.1" 200 - 7 0.004 0.006
2026-02-09 10:10:36,122 1 INFO betopiaerp betopiaerp.addons.rpc.tests.test_xmlrpc: Starting TestXMLRPC.test_xmlrpc_defaultdict_marshalling ... 
2026-02-09 10:10:36,124 1 INFO betopiaerp betopiaerp.addons.base.models.ir_http: Generating routing map for key None 
2026-02-09 10:10:36,408 1 INFO betopiaerp werkzeug: 127.0.0.1 - - [09/Feb/2026 10:10:36] "POST /xmlrpc/2/object#res.users.context_get HTTP/1.1" 200 - 7 0.001 0.283
2026-02-09 10:10:36,410 1 INFO betopiaerp betopiaerp.addons.rpc.tests.test_xmlrpc: Starting TestXMLRPC.test_xmlrpc_frozendict_marshalling ... 
2026-02-09 10:10:36,425 1 INFO betopiaerp betopiaerp.addons.base.models.ir_http: Generating routing map for key None 
2026-02-09 10:10:36,738 1 INFO betopiaerp werkzeug: 127.0.0.1 - - [09/Feb/2026 10:10:36] "POST /xmlrpc/2/object#res.users.context_get HTTP/1.1" 200 - 9 0.002 0.311
2026-02-09 10:10:36,740 1 INFO betopiaerp betopiaerp.addons.rpc.tests.test_xmlrpc: Starting TestXMLRPC.test_xmlrpc_html_field ... 
2026-02-09 10:10:36,767 1 INFO betopiaerp betopiaerp.addons.base.models.ir_http: Generating routing map for key None 
2026-02-09 10:10:37,076 1 INFO betopiaerp werkzeug: 127.0.0.1 - - [09/Feb/2026 10:10:37] "POST /xmlrpc/2/object#res.users.read HTTP/1.1" 200 - 19 0.005 0.304
2026-02-09 10:10:37,078 1 INFO betopiaerp betopiaerp.addons.rpc.tests.test_xmlrpc: Starting TestXMLRPC.test_xmlrpc_ir_model_search ... 
2026-02-09 10:10:37,080 1 INFO betopiaerp betopiaerp.addons.base.models.ir_http: Generating routing map for key None 
2026-02-09 10:10:37,366 1 INFO betopiaerp werkzeug: 127.0.0.1 - - [09/Feb/2026 10:10:37] "POST /xmlrpc/2/object#ir.model.search HTTP/1.1" 200 - 17 0.005 0.281
2026-02-09 10:10:37,369 1 INFO betopiaerp werkzeug: 127.0.0.1 - - [09/Feb/2026 10:10:37] "POST /xmlrpc/2/object#ir.model.search HTTP/1.1" 200 - 1 0.000 0.001
2026-02-09 10:10:37,371 1 INFO betopiaerp betopiaerp.addons.rpc.tests.test_xmlrpc: Starting TestXMLRPC.test_xmlrpc_name_search ... 
2026-02-09 10:10:37,373 1 INFO betopiaerp betopiaerp.addons.base.models.ir_http: Generating routing map for key None 
2026-02-09 10:10:37,660 1 INFO betopiaerp werkzeug: 127.0.0.1 - - [09/Feb/2026 10:10:37] "POST /xmlrpc/2/object#res.partner.name_search HTTP/1.1" 200 - 23 0.005 0.283
2026-02-09 10:10:37,662 1 INFO betopiaerp betopiaerp.addons.rpc.tests.test_xmlrpc: Starting TestXMLRPC.test_xmlrpc_read_group ... 
2026-02-09 10:10:37,665 1 INFO betopiaerp betopiaerp.addons.base.models.ir_http: Generating routing map for key None 
2026-02-09 10:10:37,936 1 INFO betopiaerp werkzeug: 127.0.0.1 - - [09/Feb/2026 10:10:37] "POST /xmlrpc/2/object#res.partner.formatted_read_group HTTP/1.1" 200 - 22 0.004 0.267
2026-02-09 10:10:37,937 1 INFO betopiaerp betopiaerp.addons.rpc.tests.test_xmlrpc: Starting TestXMLRPC.test_xmlrpc_remove_control_characters ... 
2026-02-09 10:10:37,963 1 INFO betopiaerp betopiaerp.addons.base.models.ir_http: Generating routing map for key None 
2026-02-09 10:10:38,263 1 INFO betopiaerp werkzeug: 127.0.0.1 - - [09/Feb/2026 10:10:38] "POST /xmlrpc/2/object#res.users.read HTTP/1.1" 200 - 20 0.005 0.295
2026-02-09 10:10:38,266 1 INFO betopiaerp betopiaerp.addons.base.models.ir_attachment: filestore gc 3 checked, 3 removed 
2026-02-09 10:10:38,288 1 INFO betopiaerp betopiaerp.addons.rpc.tests.test_xmlrpc: Starting TestAPIKeys.test_delete ... 
2026-02-09 10:10:38,298 1 INFO betopiaerp betopiaerp.addons.base.models.res_users: Users API Keys generated: scope: <None> for 'byl' (#365) from localhost 
2026-02-09 10:10:38,300 1 INFO betopiaerp betopiaerp.models.unlink: User #365 deleted res.users.apikeys.description records with IDs: [9] 
2026-02-09 10:10:38,309 1 INFO betopiaerp betopiaerp.addons.base.models.res_users: Users API Keys generated: scope: <None> for 'byl' (#365) from localhost 
2026-02-09 10:10:38,311 1 INFO betopiaerp betopiaerp.models.unlink: User #365 deleted res.users.apikeys.description records with IDs: [10] 
2026-02-09 10:10:38,316 1 INFO betopiaerp betopiaerp.addons.base.models.res_users: Users API Keys generated: scope: <None> for 'byl' (#365) from localhost 
2026-02-09 10:10:38,318 1 INFO betopiaerp betopiaerp.models.unlink: User #365 deleted res.users.apikeys.description records with IDs: [11] 
2026-02-09 10:10:38,322 1 INFO betopiaerp betopiaerp.addons.base.models.res_users: API key(s) removed: scope: <[False]> for 'byl' (#365) from localhost 
2026-02-09 10:10:38,324 1 INFO betopiaerp betopiaerp.models.unlink: User #365 deleted res.users.apikeys records with IDs: [8] 
2026-02-09 10:10:38,328 1 INFO betopiaerp betopiaerp.addons.base.models.res_users: API key(s) removed: scope: <[False]> for 'admin' (#2) from localhost 
2026-02-09 10:10:38,330 1 INFO betopiaerp betopiaerp.models.unlink: User #2 deleted res.users.apikeys records with IDs: [9] 
2026-02-09 10:10:38,346 1 INFO betopiaerp betopiaerp.addons.base.models.ir_rule: Access Denied by record rules for operation: read on record ids: [10], uid: 366, model: res.users.apikeys 
2026-02-09 10:10:38,349 1 INFO betopiaerp betopiaerp.addons.base.models.ir_rule: Access Denied by record rules for operation: read on record ids: [10], uid: 366, model: res.users.apikeys 
2026-02-09 10:10:38,351 1 INFO betopiaerp betopiaerp.addons.rpc.tests.test_xmlrpc: Starting TestAPIKeys.test_disabled ... 
2026-02-09 10:10:38,361 1 INFO betopiaerp betopiaerp.addons.base.models.res_users: Users API Keys generated: scope: <None> for 'byl' (#365) from localhost 
2026-02-09 10:10:38,363 1 INFO betopiaerp betopiaerp.models.unlink: User #365 deleted res.users.apikeys.description records with IDs: [12] 
2026-02-09 10:10:38,370 1 INFO betopiaerp betopiaerp.addons.rpc.tests.test_xmlrpc: Starting TestAPIKeys.test_key ... 
2026-02-09 10:10:38,379 1 INFO betopiaerp betopiaerp.addons.base.models.res_users: Users API Keys generated: scope: <None> for 'byl' (#365) from localhost 
2026-02-09 10:10:38,381 1 INFO betopiaerp betopiaerp.models.unlink: User #365 deleted res.users.apikeys.description records with IDs: [13] 
2026-02-09 10:10:38,385 1 INFO betopiaerp betopiaerp.addons.base.models.res_users: Login successful for login:byl from localhost 
2026-02-09 10:10:38,390 1 INFO betopiaerp betopiaerp.addons.base.models.res_users: Login successful for login:byl from localhost 
2026-02-09 10:10:38,395 1 INFO betopiaerp betopiaerp.tests.common: Simulating signal changes during tests 
2026-02-09 10:10:38,397 1 INFO betopiaerp betopiaerp.addons.rpc.tests.test_xmlrpc: Starting TestAPIKeys.test_trivial ... 
2026-02-09 10:10:38,400 1 INFO betopiaerp betopiaerp.addons.base.models.res_users: Login successful for login:byl from localhost 
2026-02-09 10:10:38,404 1 INFO betopiaerp betopiaerp.tests.common: Simulating signal changes during tests 
2026-02-09 10:10:38,404 1 INFO betopiaerp betopiaerp.addons.rpc.tests.test_xmlrpc: Starting TestAPIKeys.test_wrongpw ... 
2026-02-09 10:10:38,406 1 INFO betopiaerp betopiaerp.addons.base.models.res_users: Login failed for login:byl from localhost 
2026-02-09 10:10:38,411 1 INFO betopiaerp betopiaerp.addons.base.models.ir_attachment: filestore gc 2 checked, 2 removed 
2026-02-09 10:10:38,436 1 INFO betopiaerp betopiaerp.addons.web.tests.test_action: Starting TestLoadBreadcrumbs.test_breadcrumbs_action_with_res_model ... 
2026-02-09 10:10:38,440 1 INFO betopiaerp betopiaerp.addons.base.models.res_users: Login successful for login:admin from n/a 
2026-02-09 10:10:38,447 1 INFO betopiaerp betopiaerp.addons.base.models.ir_http: Generating routing map for key None 
2026-02-09 10:10:38,459 1 INFO betopiaerp werkzeug: 127.0.0.1 - - [09/Feb/2026 10:10:38] "POST /web/action/load_breadcrumbs HTTP/1.1" 200 - 7 0.001 0.011
2026-02-09 10:10:38,474 1 INFO betopiaerp werkzeug: 127.0.0.1 - - [09/Feb/2026 10:10:38] "POST /web/action/load_breadcrumbs HTTP/1.1" 200 - 17 0.004 0.009
2026-02-09 10:10:38,475 1 INFO betopiaerp betopiaerp.addons.web.tests.test_action: Starting TestLoadBreadcrumbs.test_breadcrumbs_client_action ... 
2026-02-09 10:10:38,478 1 INFO betopiaerp betopiaerp.addons.base.models.res_users: Login successful for login:admin from n/a 
2026-02-09 10:10:38,483 1 INFO betopiaerp betopiaerp.addons.base.models.ir_http: Generating routing map for key None 
2026-02-09 10:10:38,494 1 INFO betopiaerp werkzeug: 127.0.0.1 - - [09/Feb/2026 10:10:38] "POST /web/action/load_breadcrumbs HTTP/1.1" 200 - 7 0.001 0.010
2026-02-09 10:10:38,495 1 INFO betopiaerp betopiaerp.addons.web.tests.test_action: Starting TestLoadBreadcrumbs.test_breadcrumbs_client_action_multirecord ... 
2026-02-09 10:10:38,498 1 INFO betopiaerp betopiaerp.addons.base.models.res_users: Login successful for login:admin from n/a 
2026-02-09 10:10:38,502 1 INFO betopiaerp betopiaerp.addons.base.models.ir_http: Generating routing map for key None 
2026-02-09 10:10:38,524 1 INFO betopiaerp werkzeug: 127.0.0.1 - - [09/Feb/2026 10:10:38] "POST /web/action/load_breadcrumbs HTTP/1.1" 200 - 25 0.005 0.017
2026-02-09 10:10:38,525 1 INFO betopiaerp betopiaerp.addons.web.tests.test_action: Starting TestLoadBreadcrumbs.test_breadcrumbs_empty_action ... 
2026-02-09 10:10:38,527 1 INFO betopiaerp betopiaerp.addons.base.models.res_users: Login successful for login:admin from n/a 
2026-02-09 10:10:38,532 1 INFO betopiaerp betopiaerp.addons.base.models.ir_http: Generating routing map for key None 
2026-02-09 10:10:38,594 1 INFO betopiaerp werkzeug: 127.0.0.1 - - [09/Feb/2026 10:10:38] "POST /web/action/load_breadcrumbs HTTP/1.1" 200 - 2 0.000 0.062
2026-02-09 10:10:38,596 1 INFO betopiaerp betopiaerp.addons.web.tests.test_action: Starting TestLoadBreadcrumbs.test_breadcrumbs_get_model ... 
2026-02-09 10:10:38,598 1 INFO betopiaerp betopiaerp.addons.base.models.res_users: Login successful for login:admin from n/a 
2026-02-09 10:10:38,603 1 INFO betopiaerp betopiaerp.addons.base.models.ir_http: Generating routing map for key None 
2026-02-09 10:10:38,617 1 INFO betopiaerp werkzeug: 127.0.0.1 - - [09/Feb/2026 10:10:38] "POST /web/action/load_breadcrumbs HTTP/1.1" 200 - 2 0.000 0.014
2026-02-09 10:10:38,633 1 INFO betopiaerp werkzeug: 127.0.0.1 - - [09/Feb/2026 10:10:38] "POST /web/action/load_breadcrumbs HTTP/1.1" 200 - 19 0.005 0.009
2026-02-09 10:10:38,636 1 INFO betopiaerp betopiaerp.addons.web.tests.test_action: Starting TestLoadBreadcrumbs.test_breadcrumbs_no_action_nor_model ... 
2026-02-09 10:10:38,638 1 INFO betopiaerp betopiaerp.addons.base.models.res_users: Login successful for login:admin from n/a 
2026-02-09 10:10:38,642 1 INFO betopiaerp betopiaerp.addons.base.models.ir_http: Generating routing map for key None 
2026-02-09 10:10:38,654 1 INFO betopiaerp werkzeug: 127.0.0.1 - - [09/Feb/2026 10:10:38] "POST /web/action/load_breadcrumbs HTTP/1.1" 200 - 2 0.000 0.012
2026-02-09 10:10:38,656 1 INFO betopiaerp betopiaerp.addons.web.tests.test_action: Starting TestLoadBreadcrumbs.test_breadcrumbs_server_action_path ... 
2026-02-09 10:10:38,658 1 INFO betopiaerp betopiaerp.addons.base.models.res_users: Login successful for login:admin from n/a 
2026-02-09 10:10:38,663 1 INFO betopiaerp betopiaerp.addons.base.models.ir_http: Generating routing map for key None 
2026-02-09 10:10:38,685 1 INFO betopiaerp werkzeug: 127.0.0.1 - - [09/Feb/2026 10:10:38] "POST /web/action/load_breadcrumbs HTTP/1.1" 200 - 31 0.006 0.016
2026-02-09 10:10:38,686 1 INFO betopiaerp betopiaerp.addons.web.tests.test_action: Starting TestLoadBreadcrumbs.test_breadcrumbs_server_action_without_res_model ... 
2026-02-09 10:10:38,689 1 INFO betopiaerp betopiaerp.addons.base.models.res_users: Login successful for login:admin from n/a 
2026-02-09 10:10:38,693 1 INFO betopiaerp betopiaerp.addons.base.models.ir_http: Generating routing map for key None 
2026-02-09 10:10:38,715 1 INFO betopiaerp werkzeug: 127.0.0.1 - - [09/Feb/2026 10:10:38] "POST /web/action/load_breadcrumbs HTTP/1.1" 200 - 31 0.006 0.016
2026-02-09 10:10:38,716 1 INFO betopiaerp betopiaerp.addons.web.tests.test_action: Starting TestLoadBreadcrumbs.test_breadcrumbs_window_action ... 
2026-02-09 10:10:38,718 1 INFO betopiaerp betopiaerp.addons.base.models.res_users: Login successful for login:admin from n/a 
2026-02-09 10:10:38,722 1 INFO betopiaerp betopiaerp.addons.base.models.ir_http: Generating routing map for key None 
2026-02-09 10:10:38,739 1 INFO betopiaerp werkzeug: 127.0.0.1 - - [09/Feb/2026 10:10:38] "POST /web/action/load_breadcrumbs HTTP/1.1" 200 - 18 0.003 0.014
2026-02-09 10:10:38,742 1 INFO betopiaerp betopiaerp.addons.base.models.ir_attachment: filestore gc 0 checked, 0 removed 
2026-02-09 10:10:38,743 1 INFO betopiaerp betopiaerp.addons.web.tests.test_assets: Starting TestLogsAssetsGenerateTime.test_logs_assets_check_time ... 
2026-02-09 10:10:45,427 1 INFO betopiaerp betopiaerp.addons.web.tests.test_assets: Bundle 'web.tests_assets.css' checked in 6.68s 
2026-02-09 10:10:45,431 1 INFO betopiaerp betopiaerp.addons.web.tests.test_assets: Bundle 'web.tests_assets.js' checked in 0.00s 
2026-02-09 10:10:45,438 1 INFO betopiaerp betopiaerp.addons.web.tests.test_assets: Bundle 'web._assets_jquery.css' checked in 0.01s 
2026-02-09 10:10:45,460 1 INFO betopiaerp betopiaerp.addons.web.tests.test_assets: Bundle 'web._assets_jquery.js' checked in 0.02s 
2026-02-09 10:10:46,471 1 INFO betopiaerp betopiaerp.addons.web.tests.test_assets: Bundle 'web._assets_bootstrap.css' checked in 1.01s 
2026-02-09 10:10:46,471 1 INFO betopiaerp betopiaerp.addons.web.tests.test_assets: Bundle 'web._assets_bootstrap.js' checked in 0.00s 
2026-02-09 10:10:54,850 1 INFO betopiaerp betopiaerp.addons.web.tests.test_assets: Bundle 'web.assets_backend.css' checked in 8.38s 
2026-02-09 10:10:57,950 1 INFO betopiaerp betopiaerp.addons.web.tests.test_assets: Bundle 'web.assets_backend.js' checked in 3.10s 
2026-02-09 10:10:59,301 1 INFO betopiaerp betopiaerp.addons.web.tests.test_assets: Bundle 'web.assets_unit_tests.css' checked in 1.35s 
2026-02-09 10:10:59,303 1 INFO betopiaerp betopiaerp.addons.web.tests.test_assets: Bundle 'web.assets_unit_tests.js' checked in 0.00s 
2026-02-09 10:10:59,338 1 INFO betopiaerp betopiaerp.addons.web.tests.test_assets: Bundle 'web._assets_backend_helpers.css' checked in 0.03s 
2026-02-09 10:10:59,338 1 INFO betopiaerp betopiaerp.addons.web.tests.test_assets: Bundle 'web._assets_backend_helpers.js' checked in 0.00s 
2026-02-09 10:10:59,358 1 INFO betopiaerp betopiaerp.addons.web.tests.test_assets: Bundle 'web._assets_frontend_helpers.css' checked in 0.02s 
2026-02-09 10:10:59,358 1 INFO betopiaerp betopiaerp.addons.web.tests.test_assets: Bundle 'web._assets_frontend_helpers.js' checked in 0.00s 
2026-02-09 10:10:59,444 1 INFO betopiaerp betopiaerp.addons.web.tests.test_assets: Bundle 'web.__assets_tests_call__.css' checked in 0.09s 
2026-02-09 10:10:59,445 1 INFO betopiaerp betopiaerp.addons.web.tests.test_assets: Bundle 'web.__assets_tests_call__.js' checked in 0.00s 
2026-02-09 10:10:59,450 1 INFO betopiaerp betopiaerp.addons.web.tests.test_assets: Bundle 'web.report_assets_pdf.css' checked in 0.00s 
2026-02-09 10:10:59,451 1 INFO betopiaerp betopiaerp.addons.web.tests.test_assets: Bundle 'web.report_assets_pdf.js' checked in 0.00s 
2026-02-09 10:11:06,214 1 INFO betopiaerp betopiaerp.addons.web.tests.test_assets: Bundle 'web.assets_web_dark.css' checked in 6.76s 
2026-02-09 10:11:09,334 1 INFO betopiaerp betopiaerp.addons.web.tests.test_assets: Bundle 'web.assets_web_dark.js' checked in 3.12s 
2026-02-09 10:11:16,128 1 INFO betopiaerp betopiaerp.addons.web.tests.test_assets: Bundle 'web.assets_unit_tests_setup.css' checked in 6.79s 
2026-02-09 10:11:16,131 1 INFO betopiaerp betopiaerp.addons.web.tests.test_assets: Bundle 'web.assets_unit_tests_setup.js' checked in 0.00s 
2026-02-09 10:11:17,195 1 INFO betopiaerp betopiaerp.addons.web.tests.test_assets: Bundle 'web._assets_bootstrap_frontend.css' checked in 1.06s 
2026-02-09 10:11:17,195 1 INFO betopiaerp betopiaerp.addons.web.tests.test_assets: Bundle 'web._assets_bootstrap_frontend.js' checked in 0.00s 
2026-02-09 10:11:18,828 1 INFO betopiaerp betopiaerp.addons.web.tests.test_assets: Bundle 'web.assets_backend_lazy_dark.css' checked in 1.63s 
2026-02-09 10:11:18,883 1 INFO betopiaerp betopiaerp.addons.web.tests.test_assets: Bundle 'web.assets_backend_lazy_dark.js' checked in 0.06s 
2026-02-09 10:11:18,986 1 INFO betopiaerp betopiaerp.addons.web.tests.test_assets: Bundle 'html_editor.assets_media_dialog.css' checked in 0.10s 
2026-02-09 10:11:19,064 1 INFO betopiaerp betopiaerp.addons.web.tests.test_assets: Bundle 'html_editor.assets_media_dialog.js' checked in 0.08s 
2026-02-09 10:11:19,084 1 INFO betopiaerp betopiaerp.addons.web.tests.test_assets: Bundle 'web._assets_secondary_variables.css' checked in 0.02s 
2026-02-09 10:11:19,084 1 INFO betopiaerp betopiaerp.addons.web.tests.test_assets: Bundle 'web._assets_secondary_variables.js' checked in 0.00s 
2026-02-09 10:11:19,991 1 INFO betopiaerp betopiaerp.addons.web.tests.test_assets: Bundle 'web._assets_primary_variables.css' checked in 0.91s 
2026-02-09 10:11:19,992 1 INFO betopiaerp betopiaerp.addons.web.tests.test_assets: Bundle 'web._assets_primary_variables.js' checked in 0.00s 
2026-02-09 10:11:19,996 1 INFO betopiaerp betopiaerp.addons.web.tests.test_assets: Bundle 'web.assets_emoji.css' checked in 0.00s 
2026-02-09 10:11:20,069 1 INFO betopiaerp betopiaerp.addons.web.tests.test_assets: Bundle 'web.assets_emoji.js' checked in 0.07s 
2026-02-09 10:11:20,086 1 INFO betopiaerp betopiaerp.addons.web.tests.test_assets: Bundle 'html_editor.assets_image_cropper.css' checked in 0.02s 
2026-02-09 10:11:20,093 1 INFO betopiaerp betopiaerp.addons.web.tests.test_assets: Bundle 'html_editor.assets_image_cropper.js' checked in 0.01s 
2026-02-09 10:11:20,120 1 INFO betopiaerp betopiaerp.addons.web.tests.test_assets: Bundle 'web_tour.interactive.css' checked in 0.03s 
2026-02-09 10:11:20,164 1 INFO betopiaerp betopiaerp.addons.web.tests.test_assets: Bundle 'web_tour.interactive.js' checked in 0.04s 
2026-02-09 10:11:22,442 1 INFO betopiaerp betopiaerp.addons.web.tests.test_assets: Bundle 'web.assets_frontend_lazy.css' checked in 2.28s 
2026-02-09 10:11:22,443 1 INFO betopiaerp betopiaerp.addons.web.tests.test_assets: Bundle 'web.assets_frontend_lazy.js' checked in 0.00s 
2026-02-09 10:11:22,520 1 INFO betopiaerp betopiaerp.addons.web.tests.test_assets: Bundle 'web.assets_tests.css' checked in 0.08s 
2026-02-09 10:11:22,520 1 INFO betopiaerp betopiaerp.addons.web.tests.test_assets: Bundle 'web.assets_tests.js' checked in 0.00s 
2026-02-09 10:11:22,531 1 INFO betopiaerp betopiaerp.addons.web.tests.test_assets: Bundle 'html_editor.assets_prism_dark.css' checked in 0.01s 
2026-02-09 10:11:22,536 1 INFO betopiaerp betopiaerp.addons.web.tests.test_assets: Bundle 'html_editor.assets_prism_dark.js' checked in 0.00s 
2026-02-09 10:11:22,542 1 INFO betopiaerp betopiaerp.addons.web.tests.test_assets: Bundle 'web.assets_unit_tests_setup_ui.css' checked in 0.01s 
2026-02-09 10:11:22,549 1 INFO betopiaerp betopiaerp.addons.web.tests.test_assets: Bundle 'web.assets_unit_tests_setup_ui.js' checked in 0.01s 
2026-02-09 10:11:22,561 1 INFO betopiaerp betopiaerp.addons.web.tests.test_assets: Bundle 'html_editor.assets_history_diff.css' checked in 0.01s 
2026-02-09 10:11:22,566 1 INFO betopiaerp betopiaerp.addons.web.tests.test_assets: Bundle 'html_editor.assets_history_diff.js' checked in 0.00s 
2026-02-09 10:11:22,594 1 INFO betopiaerp betopiaerp.addons.web.tests.test_assets: Bundle 'web_tour.automatic.css' checked in 0.03s 
2026-02-09 10:11:22,650 1 INFO betopiaerp betopiaerp.addons.web.tests.test_assets: Bundle 'web_tour.automatic.js' checked in 0.06s 
2026-02-09 10:11:23,704 1 INFO betopiaerp betopiaerp.addons.web.tests.test_assets: Bundle 'web._assets_bootstrap_backend.css' checked in 1.05s 
2026-02-09 10:11:23,704 1 INFO betopiaerp betopiaerp.addons.web.tests.test_assets: Bundle 'web._assets_bootstrap_backend.js' checked in 0.00s 
2026-02-09 10:11:29,230 1 INFO betopiaerp betopiaerp.addons.web.tests.test_assets: Bundle 'web.assets_web.css' checked in 5.53s 
2026-02-09 10:11:29,233 1 INFO betopiaerp betopiaerp.addons.web.tests.test_assets: Bundle 'web.assets_web.js' checked in 0.00s 
2026-02-09 10:11:30,210 1 INFO betopiaerp betopiaerp.addons.web.tests.test_assets: Bundle 'api_doc.assets.css' checked in 0.98s 
2026-02-09 10:11:30,211 1 INFO betopiaerp betopiaerp.addons.web.tests.test_assets: Bundle 'api_doc.assets.js' checked in 0.00s 
2026-02-09 10:11:30,223 1 INFO betopiaerp betopiaerp.addons.web.tests.test_assets: Bundle 'html_editor.assets_prism.css' checked in 0.01s 
2026-02-09 10:11:30,228 1 INFO betopiaerp betopiaerp.addons.web.tests.test_assets: Bundle 'html_editor.assets_prism.js' checked in 0.01s 
2026-02-09 10:11:32,509 1 INFO betopiaerp betopiaerp.addons.web.tests.test_assets: Bundle 'web.assets_frontend.css' checked in 2.28s 
2026-02-09 10:11:33,687 1 INFO betopiaerp betopiaerp.addons.web.tests.test_assets: Bundle 'web.assets_frontend.js' checked in 1.18s 
2026-02-09 10:11:33,707 1 INFO betopiaerp betopiaerp.addons.web.tests.test_assets: Bundle 'web.ace_lib.css' checked in 0.02s 
2026-02-09 10:11:33,732 1 INFO betopiaerp betopiaerp.addons.web.tests.test_assets: Bundle 'web.ace_lib.js' checked in 0.02s 
2026-02-09 10:11:33,848 1 INFO betopiaerp betopiaerp.addons.web.tests.test_assets: Bundle 'web.qunit_suite_tests.css' checked in 0.12s 
2026-02-09 10:11:33,848 1 INFO betopiaerp betopiaerp.addons.web.tests.test_assets: Bundle 'web.qunit_suite_tests.js' checked in 0.00s 
2026-02-09 10:11:40,203 1 INFO betopiaerp betopiaerp.addons.web.tests.test_assets: Bundle 'web.assets_web_print.css' checked in 6.35s 
2026-02-09 10:11:43,333 1 INFO betopiaerp betopiaerp.addons.web.tests.test_assets: Bundle 'web.assets_web_print.js' checked in 3.13s 
2026-02-09 10:11:44,285 1 INFO betopiaerp betopiaerp.addons.web.tests.test_assets: Bundle 'web._assets_core.css' checked in 0.95s 
2026-02-09 10:11:44,977 1 INFO betopiaerp betopiaerp.addons.web.tests.test_assets: Bundle 'web._assets_core.js' checked in 0.69s 
2026-02-09 10:11:46,547 1 INFO betopiaerp betopiaerp.addons.web.tests.test_assets: Bundle 'web.assets_backend_lazy.css' checked in 1.57s 
2026-02-09 10:11:46,610 1 INFO betopiaerp betopiaerp.addons.web.tests.test_assets: Bundle 'web.assets_backend_lazy.js' checked in 0.06s 
2026-02-09 10:11:47,783 1 INFO betopiaerp betopiaerp.addons.web.tests.test_assets: Bundle 'html_editor.assets_editor.css' checked in 1.17s 
2026-02-09 10:11:48,578 1 INFO betopiaerp betopiaerp.addons.web.tests.test_assets: Bundle 'html_editor.assets_editor.js' checked in 0.79s 
2026-02-09 10:11:48,582 1 INFO betopiaerp betopiaerp.addons.web.tests.test_assets: Bundle 'web.assets_clickbot.css' checked in 0.00s 
2026-02-09 10:11:48,589 1 INFO betopiaerp betopiaerp.addons.web.tests.test_assets: Bundle 'web.assets_clickbot.js' checked in 0.01s 
2026-02-09 10:11:50,533 1 INFO betopiaerp betopiaerp.addons.web.tests.test_assets: Bundle 'web.report_assets_common.css' checked in 1.94s 
2026-02-09 10:11:50,533 1 INFO betopiaerp betopiaerp.addons.web.tests.test_assets: Bundle 'web.report_assets_common.js' checked in 0.00s 
2026-02-09 10:11:51,942 1 INFO betopiaerp betopiaerp.addons.web.tests.test_assets: Bundle 'web._assets_helpers.css' checked in 1.41s 
2026-02-09 10:11:51,942 1 INFO betopiaerp betopiaerp.addons.web.tests.test_assets: Bundle 'web._assets_helpers.js' checked in 0.00s 
2026-02-09 10:11:51,949 1 INFO betopiaerp betopiaerp.addons.web.tests.test_assets: Bundle 'web.chartjs_lib.css' checked in 0.01s 
2026-02-09 10:11:51,958 1 INFO betopiaerp betopiaerp.addons.web.tests.test_assets: Bundle 'web.chartjs_lib.js' checked in 0.01s 
2026-02-09 10:11:51,969 1 INFO betopiaerp betopiaerp.addons.web.tests.test_assets: Bundle 'bus.websocket_worker_assets.css' checked in 0.01s 
2026-02-09 10:11:51,987 1 INFO betopiaerp betopiaerp.addons.web.tests.test_assets: Bundle 'bus.websocket_worker_assets.js' checked in 0.02s 
2026-02-09 10:11:52,016 1 INFO betopiaerp betopiaerp.addons.web.tests.test_assets: Bundle 'web.assets_frontend_minimal.css' checked in 0.03s 
2026-02-09 10:11:52,016 1 INFO betopiaerp betopiaerp.addons.web.tests.test_assets: Bundle 'web.assets_frontend_minimal.js' checked in 0.00s 
2026-02-09 10:11:52,037 1 INFO betopiaerp betopiaerp.addons.web.tests.test_assets: Bundle 'web.fullcalendar_lib.css' checked in 0.02s 
2026-02-09 10:11:52,058 1 INFO betopiaerp betopiaerp.addons.web.tests.test_assets: Bundle 'web.fullcalendar_lib.js' checked in 0.02s 
2026-02-09 10:11:52,101 1 INFO betopiaerp betopiaerp.addons.web.tests.test_assets: Bundle 'web_tour.recorder.css' checked in 0.04s 
2026-02-09 10:11:52,184 1 INFO betopiaerp betopiaerp.addons.web.tests.test_assets: Bundle 'web_tour.recorder.js' checked in 0.08s 
2026-02-09 10:11:52,385 1 INFO betopiaerp betopiaerp.addons.web.tests.test_assets: Bundle 'html_editor.assets_readonly.css' checked in 0.20s 
2026-02-09 10:11:52,524 1 INFO betopiaerp betopiaerp.addons.web.tests.test_assets: Bundle 'html_editor.assets_readonly.js' checked in 0.14s 
2026-02-09 10:11:52,543 1 INFO betopiaerp betopiaerp.addons.web.tests.test_assets: Bundle 'web_tour.common.css' checked in 0.02s 
2026-02-09 10:11:52,579 1 INFO betopiaerp betopiaerp.addons.web.tests.test_assets: Bundle 'web_tour.common.js' checked in 0.04s 
2026-02-09 10:11:52,580 1 INFO betopiaerp betopiaerp.addons.web.tests.test_assets: All bundle checked in 73.84s 
2026-02-09 10:11:52,581 1 INFO betopiaerp betopiaerp.addons.web.tests.test_assets: Starting TestLogsAssetsGenerateTime.test_logs_assets_generate_time ... 
2026-02-09 10:11:52,587 1 INFO betopiaerp betopiaerp.models.unlink: User #1 deleted ir.attachment records with IDs: [1709, 708, 707, 705, 704, 703, 702, 701, 700, 699, 698, 697, 696, 695, 694, 693, 692, 691, 690, 689, 688, 687, 686, 685, 684, 683, 15] 
2026-02-09 10:13:42,860 1 INFO betopiaerp betopiaerp.addons.web.tests.test_assets: Bundle 'web.tests_assets.css' generated in 9.40s 
2026-02-09 10:13:42,861 1 INFO betopiaerp betopiaerp.addons.web.tests.test_assets: Bundle 'web.tests_assets.js' generated in 3.40s 
2026-02-09 10:13:42,861 1 INFO betopiaerp betopiaerp.addons.web.tests.test_assets: Bundle 'web._assets_jquery.css' generated in 0.01s 
2026-02-09 10:13:42,861 1 INFO betopiaerp betopiaerp.addons.web.tests.test_assets: Bundle 'web._assets_jquery.js' generated in 0.01s 
2026-02-09 10:13:42,862 1 INFO betopiaerp betopiaerp.addons.web.tests.test_assets: Bundle 'web._assets_bootstrap.css' generated in 1.06s 
2026-02-09 10:13:42,862 1 INFO betopiaerp betopiaerp.addons.web.tests.test_assets: Bundle 'web._assets_bootstrap.js' generated in 0.00s 
2026-02-09 10:13:42,862 1 INFO betopiaerp betopiaerp.addons.web.tests.test_assets: Bundle 'web.assets_backend.css' generated in 8.59s 
2026-02-09 10:13:42,862 1 INFO betopiaerp betopiaerp.addons.web.tests.test_assets: Bundle 'web.assets_backend.js' generated in 3.01s 
2026-02-09 10:13:42,862 1 INFO betopiaerp betopiaerp.addons.web.tests.test_assets: Bundle 'web.assets_unit_tests.css' generated in 1.38s 
2026-02-09 10:13:42,863 1 INFO betopiaerp betopiaerp.addons.web.tests.test_assets: Bundle 'web.assets_unit_tests.js' generated in 2.44s 
2026-02-09 10:13:42,863 1 INFO betopiaerp betopiaerp.addons.web.tests.test_assets: Bundle 'web._assets_backend_helpers.css' generated in 0.04s 
2026-02-09 10:13:42,863 1 INFO betopiaerp betopiaerp.addons.web.tests.test_assets: Bundle 'web._assets_backend_helpers.js' generated in 0.00s 
2026-02-09 10:13:42,863 1 INFO betopiaerp betopiaerp.addons.web.tests.test_assets: Bundle 'web._assets_frontend_helpers.css' generated in 0.02s 
2026-02-09 10:13:42,863 1 INFO betopiaerp betopiaerp.addons.web.tests.test_assets: Bundle 'web._assets_frontend_helpers.js' generated in 0.00s 
2026-02-09 10:13:42,864 1 INFO betopiaerp betopiaerp.addons.web.tests.test_assets: Bundle 'web.__assets_tests_call__.css' generated in 0.08s 
2026-02-09 10:13:42,864 1 INFO betopiaerp betopiaerp.addons.web.tests.test_assets: Bundle 'web.__assets_tests_call__.js' generated in 0.10s 
2026-02-09 10:13:42,864 1 INFO betopiaerp betopiaerp.addons.web.tests.test_assets: Bundle 'web.report_assets_pdf.css' generated in 0.01s 
2026-02-09 10:13:42,864 1 INFO betopiaerp betopiaerp.addons.web.tests.test_assets: Bundle 'web.report_assets_pdf.js' generated in 0.00s 
2026-02-09 10:13:42,864 1 INFO betopiaerp betopiaerp.addons.web.tests.test_assets: Bundle 'web.assets_web_dark.css' generated in 9.37s 
2026-02-09 10:13:42,865 1 INFO betopiaerp betopiaerp.addons.web.tests.test_assets: Bundle 'web.assets_web_dark.js' generated in 3.17s 
2026-02-09 10:13:42,865 1 INFO betopiaerp betopiaerp.addons.web.tests.test_assets: Bundle 'web.assets_unit_tests_setup.css' generated in 9.49s 
2026-02-09 10:13:42,865 1 INFO betopiaerp betopiaerp.addons.web.tests.test_assets: Bundle 'web.assets_unit_tests_setup.js' generated in 3.38s 
2026-02-09 10:13:42,866 1 INFO betopiaerp betopiaerp.addons.web.tests.test_assets: Bundle 'web._assets_bootstrap_frontend.css' generated in 1.10s 
2026-02-09 10:13:42,866 1 INFO betopiaerp betopiaerp.addons.web.tests.test_assets: Bundle 'web._assets_bootstrap_frontend.js' generated in 0.00s 
2026-02-09 10:13:42,866 1 INFO betopiaerp betopiaerp.addons.web.tests.test_assets: Bundle 'web.assets_backend_lazy_dark.css' generated in 1.58s 
2026-02-09 10:13:42,867 1 INFO betopiaerp betopiaerp.addons.web.tests.test_assets: Bundle 'web.assets_backend_lazy_dark.js' generated in 0.06s 
2026-02-09 10:13:42,867 1 INFO betopiaerp betopiaerp.addons.web.tests.test_assets: Bundle 'html_editor.assets_media_dialog.css' generated in 0.11s 
2026-02-09 10:13:42,867 1 INFO betopiaerp betopiaerp.addons.web.tests.test_assets: Bundle 'html_editor.assets_media_dialog.js' generated in 0.09s 
2026-02-09 10:13:42,867 1 INFO betopiaerp betopiaerp.addons.web.tests.test_assets: Bundle 'web._assets_secondary_variables.css' generated in 0.02s 
2026-02-09 10:13:42,868 1 INFO betopiaerp betopiaerp.addons.web.tests.test_assets: Bundle 'web._assets_secondary_variables.js' generated in 0.00s 
2026-02-09 10:13:42,868 1 INFO betopiaerp betopiaerp.addons.web.tests.test_assets: Bundle 'web._assets_primary_variables.css' generated in 0.94s 
2026-02-09 10:13:42,868 1 INFO betopiaerp betopiaerp.addons.web.tests.test_assets: Bundle 'web._assets_primary_variables.js' generated in 0.00s 
2026-02-09 10:13:42,868 1 INFO betopiaerp betopiaerp.addons.web.tests.test_assets: Bundle 'web.assets_emoji.css' generated in 0.00s 
2026-02-09 10:13:42,868 1 INFO betopiaerp betopiaerp.addons.web.tests.test_assets: Bundle 'web.assets_emoji.js' generated in 0.08s 
2026-02-09 10:13:42,869 1 INFO betopiaerp betopiaerp.addons.web.tests.test_assets: Bundle 'html_editor.assets_image_cropper.css' generated in 0.02s 
2026-02-09 10:13:42,869 1 INFO betopiaerp betopiaerp.addons.web.tests.test_assets: Bundle 'html_editor.assets_image_cropper.js' generated in 0.01s 
2026-02-09 10:13:42,869 1 INFO betopiaerp betopiaerp.addons.web.tests.test_assets: Bundle 'web_tour.interactive.css' generated in 0.03s 
2026-02-09 10:13:42,869 1 INFO betopiaerp betopiaerp.addons.web.tests.test_assets: Bundle 'web_tour.interactive.js' generated in 0.05s 
2026-02-09 10:13:42,869 1 INFO betopiaerp betopiaerp.addons.web.tests.test_assets: Bundle 'web.assets_frontend_lazy.css' generated in 4.47s 
2026-02-09 10:13:42,870 1 INFO betopiaerp betopiaerp.addons.web.tests.test_assets: Bundle 'web.assets_frontend_lazy.js' generated in 1.16s 
2026-02-09 10:13:42,870 1 INFO betopiaerp betopiaerp.addons.web.tests.test_assets: Bundle 'web.assets_tests.css' generated in 0.09s 
2026-02-09 10:13:42,870 1 INFO betopiaerp betopiaerp.addons.web.tests.test_assets: Bundle 'web.assets_tests.js' generated in 0.10s 
2026-02-09 10:13:42,870 1 INFO betopiaerp betopiaerp.addons.web.tests.test_assets: Bundle 'html_editor.assets_prism_dark.css' generated in 0.01s 
2026-02-09 10:13:42,870 1 INFO betopiaerp betopiaerp.addons.web.tests.test_assets: Bundle 'html_editor.assets_prism_dark.js' generated in 0.00s 
2026-02-09 10:13:42,871 1 INFO betopiaerp betopiaerp.addons.web.tests.test_assets: Bundle 'web.assets_unit_tests_setup_ui.css' generated in 0.01s 
2026-02-09 10:13:42,871 1 INFO betopiaerp betopiaerp.addons.web.tests.test_assets: Bundle 'web.assets_unit_tests_setup_ui.js' generated in 0.01s 
2026-02-09 10:13:42,871 1 INFO betopiaerp betopiaerp.addons.web.tests.test_assets: Bundle 'html_editor.assets_history_diff.css' generated in 0.01s 
2026-02-09 10:13:42,871 1 INFO betopiaerp betopiaerp.addons.web.tests.test_assets: Bundle 'html_editor.assets_history_diff.js' generated in 0.00s 
2026-02-09 10:13:42,872 1 INFO betopiaerp betopiaerp.addons.web.tests.test_assets: Bundle 'web_tour.automatic.css' generated in 0.03s 
2026-02-09 10:13:42,872 1 INFO betopiaerp betopiaerp.addons.web.tests.test_assets: Bundle 'web_tour.automatic.js' generated in 0.06s 
2026-02-09 10:13:42,872 1 INFO betopiaerp betopiaerp.addons.web.tests.test_assets: Bundle 'web._assets_bootstrap_backend.css' generated in 1.13s 
2026-02-09 10:13:42,872 1 INFO betopiaerp betopiaerp.addons.web.tests.test_assets: Bundle 'web._assets_bootstrap_backend.js' generated in 0.00s 
2026-02-09 10:13:42,872 1 INFO betopiaerp betopiaerp.addons.web.tests.test_assets: Bundle 'web.assets_web.css' generated in 8.38s 
2026-02-09 10:13:42,873 1 INFO betopiaerp betopiaerp.addons.web.tests.test_assets: Bundle 'web.assets_web.js' generated in 3.24s 
2026-02-09 10:13:42,873 1 INFO betopiaerp betopiaerp.addons.web.tests.test_assets: Bundle 'api_doc.assets.css' generated in 2.92s 
2026-02-09 10:13:42,873 1 INFO betopiaerp betopiaerp.addons.web.tests.test_assets: Bundle 'api_doc.assets.js' generated in 0.10s 
2026-02-09 10:13:42,873 1 INFO betopiaerp betopiaerp.addons.web.tests.test_assets: Bundle 'html_editor.assets_prism.css' generated in 0.01s 
2026-02-09 10:13:42,873 1 INFO betopiaerp betopiaerp.addons.web.tests.test_assets: Bundle 'html_editor.assets_prism.js' generated in 0.00s 
2026-02-09 10:13:42,874 1 INFO betopiaerp betopiaerp.addons.web.tests.test_assets: Bundle 'web.assets_frontend.css' generated in 4.41s 
2026-02-09 10:13:42,874 1 INFO betopiaerp betopiaerp.addons.web.tests.test_assets: Bundle 'web.assets_frontend.js' generated in 1.21s 
2026-02-09 10:13:42,874 1 INFO betopiaerp betopiaerp.addons.web.tests.test_assets: Bundle 'web.ace_lib.css' generated in 0.02s 
2026-02-09 10:13:42,874 1 INFO betopiaerp betopiaerp.addons.web.tests.test_assets: Bundle 'web.ace_lib.js' generated in 0.02s 
2026-02-09 10:13:42,874 1 INFO betopiaerp betopiaerp.addons.web.tests.test_assets: Bundle 'web.qunit_suite_tests.css' generated in 0.12s 
2026-02-09 10:13:42,875 1 INFO betopiaerp betopiaerp.addons.web.tests.test_assets: Bundle 'web.qunit_suite_tests.js' generated in 0.04s 
2026-02-09 10:13:42,875 1 INFO betopiaerp betopiaerp.addons.web.tests.test_assets: Bundle 'web.assets_web_print.css' generated in 9.06s 
2026-02-09 10:13:42,875 1 INFO betopiaerp betopiaerp.addons.web.tests.test_assets: Bundle 'web.assets_web_print.js' generated in 3.09s 
2026-02-09 10:13:42,875 1 INFO betopiaerp betopiaerp.addons.web.tests.test_assets: Bundle 'web._assets_core.css' generated in 1.02s 
2026-02-09 10:13:42,875 1 INFO betopiaerp betopiaerp.addons.web.tests.test_assets: Bundle 'web._assets_core.js' generated in 0.76s 
2026-02-09 10:13:42,876 1 INFO betopiaerp betopiaerp.addons.web.tests.test_assets: Bundle 'web.assets_backend_lazy.css' generated in 1.59s 
2026-02-09 10:13:42,876 1 INFO betopiaerp betopiaerp.addons.web.tests.test_assets: Bundle 'web.assets_backend_lazy.js' generated in 0.06s 
2026-02-09 10:13:42,876 1 INFO betopiaerp betopiaerp.addons.web.tests.test_assets: Bundle 'html_editor.assets_editor.css' generated in 1.19s 
2026-02-09 10:13:42,876 1 INFO betopiaerp betopiaerp.addons.web.tests.test_assets: Bundle 'html_editor.assets_editor.js' generated in 0.73s 
2026-02-09 10:13:42,876 1 INFO betopiaerp betopiaerp.addons.web.tests.test_assets: Bundle 'web.assets_clickbot.css' generated in 0.00s 
2026-02-09 10:13:42,877 1 INFO betopiaerp betopiaerp.addons.web.tests.test_assets: Bundle 'web.assets_clickbot.js' generated in 0.01s 
2026-02-09 10:13:42,877 1 INFO betopiaerp betopiaerp.addons.web.tests.test_assets: Bundle 'web.report_assets_common.css' generated in 4.00s 
2026-02-09 10:13:42,877 1 INFO betopiaerp betopiaerp.addons.web.tests.test_assets: Bundle 'web.report_assets_common.js' generated in 0.08s 
2026-02-09 10:13:42,877 1 INFO betopiaerp betopiaerp.addons.web.tests.test_assets: Bundle 'web._assets_helpers.css' generated in 1.41s 
2026-02-09 10:13:42,877 1 INFO betopiaerp betopiaerp.addons.web.tests.test_assets: Bundle 'web._assets_helpers.js' generated in 0.00s 
2026-02-09 10:13:42,878 1 INFO betopiaerp betopiaerp.addons.web.tests.test_assets: Bundle 'web.chartjs_lib.css' generated in 0.01s 
2026-02-09 10:13:42,878 1 INFO betopiaerp betopiaerp.addons.web.tests.test_assets: Bundle 'web.chartjs_lib.js' generated in 0.01s 
2026-02-09 10:13:42,878 1 INFO betopiaerp betopiaerp.addons.web.tests.test_assets: Bundle 'bus.websocket_worker_assets.css' generated in 0.02s 
2026-02-09 10:13:42,878 1 INFO betopiaerp betopiaerp.addons.web.tests.test_assets: Bundle 'bus.websocket_worker_assets.js' generated in 0.03s 
2026-02-09 10:13:42,878 1 INFO betopiaerp betopiaerp.addons.web.tests.test_assets: Bundle 'web.assets_frontend_minimal.css' generated in 0.07s 
2026-02-09 10:13:42,879 1 INFO betopiaerp betopiaerp.addons.web.tests.test_assets: Bundle 'web.assets_frontend_minimal.js' generated in 0.03s 
2026-02-09 10:13:42,879 1 INFO betopiaerp betopiaerp.addons.web.tests.test_assets: Bundle 'web.fullcalendar_lib.css' generated in 0.02s 
2026-02-09 10:13:42,879 1 INFO betopiaerp betopiaerp.addons.web.tests.test_assets: Bundle 'web.fullcalendar_lib.js' generated in 0.02s 
2026-02-09 10:13:42,879 1 INFO betopiaerp betopiaerp.addons.web.tests.test_assets: Bundle 'web_tour.recorder.css' generated in 0.04s 
2026-02-09 10:13:42,879 1 INFO betopiaerp betopiaerp.addons.web.tests.test_assets: Bundle 'web_tour.recorder.js' generated in 0.06s 
2026-02-09 10:13:42,880 1 INFO betopiaerp betopiaerp.addons.web.tests.test_assets: Bundle 'html_editor.assets_readonly.css' generated in 0.18s 
2026-02-09 10:13:42,880 1 INFO betopiaerp betopiaerp.addons.web.tests.test_assets: Bundle 'html_editor.assets_readonly.js' generated in 0.13s 
2026-02-09 10:13:42,880 1 INFO betopiaerp betopiaerp.addons.web.tests.test_assets: Bundle 'web_tour.common.css' generated in 0.02s 
2026-02-09 10:13:42,880 1 INFO betopiaerp betopiaerp.addons.web.tests.test_assets: Bundle 'web_tour.common.js' generated in 0.04s 
2026-02-09 10:13:42,889 1 INFO betopiaerp betopiaerp.addons.base.models.ir_attachment: filestore gc 62 checked, 42 removed 
2026-02-09 10:13:42,891 1 INFO betopiaerp betopiaerp.addons.web.tests.test_assets: Starting TestLoad.test_assets_already_exists ... 
2026-02-09 10:13:42,894 1 INFO betopiaerp betopiaerp.addons.base.models.res_users: Login successful for login:admin from n/a 
2026-02-09 10:13:42,899 1 INFO betopiaerp betopiaerp.addons.base.models.ir_http: Generating routing map for key None 
2026-02-09 10:13:54,968 1 INFO betopiaerp werkzeug: 127.0.0.1 - - [09/Feb/2026 10:13:54] "GET /BetopiaERP HTTP/1.1" 200 - 65 0.015 12.053
2026-02-09 10:13:54,972 1 INFO betopiaerp betopiaerp.addons.web.tests.test_assets: ====================================================================== 
2026-02-09 10:13:54,973 1 ERROR betopiaerp betopiaerp.addons.web.tests.test_assets: ERROR: TestLoad.test_assets_already_exists
Traceback (most recent call last):
  File "/usr/local/lib/python3.12/site-packages/urllib3/connectionpool.py", line 537, in _make_request
    response = conn.getresponse()
               ^^^^^^^^^^^^^^^^^^
  File "/usr/local/lib/python3.12/site-packages/urllib3/connection.py", line 461, in getresponse
    httplib_response = super().getresponse()
                       ^^^^^^^^^^^^^^^^^^^^^
  File "/usr/local/lib/python3.12/http/client.py", line 1430, in getresponse
    response.begin()
  File "/usr/local/lib/python3.12/http/client.py", line 331, in begin
    version, status, reason = self._read_status()
                              ^^^^^^^^^^^^^^^^^^^
  File "/usr/local/lib/python3.12/http/client.py", line 292, in _read_status
    line = str(self.fp.readline(_MAXLINE + 1), "iso-8859-1")
               ^^^^^^^^^^^^^^^^^^^^^^^^^^^^^^
  File "/usr/local/lib/python3.12/socket.py", line 720, in readinto
    return self._sock.recv_into(b)
           ^^^^^^^^^^^^^^^^^^^^^^^
TimeoutError: timed out

The above exception was the direct cause of the following exception:

Traceback (most recent call last):
  File "/usr/local/lib/python3.12/site-packages/requests/adapters.py", line 486, in send
    resp = conn.urlopen(
           ^^^^^^^^^^^^^
  File "/usr/local/lib/python3.12/site-packages/urllib3/connectionpool.py", line 845, in urlopen
    retries = retries.increment(
              ^^^^^^^^^^^^^^^^^^
  File "/usr/local/lib/python3.12/site-packages/urllib3/util/retry.py", line 470, in increment
    raise reraise(type(error), error, _stacktrace)
          ^^^^^^^^^^^^^^^^^^^^^^^^^^^^^^^^^^^^^^^^
  File "/usr/local/lib/python3.12/site-packages/urllib3/util/util.py", line 39, in reraise
    raise value
  File "/usr/local/lib/python3.12/site-packages/urllib3/connectionpool.py", line 791, in urlopen
    response = self._make_request(
               ^^^^^^^^^^^^^^^^^^^
  File "/usr/local/lib/python3.12/site-packages/urllib3/connectionpool.py", line 539, in _make_request
    self._raise_timeout(err=e, url=url, timeout_value=read_timeout)
  File "/usr/local/lib/python3.12/site-packages/urllib3/connectionpool.py", line 371, in _raise_timeout
    raise ReadTimeoutError(
urllib3.exceptions.ReadTimeoutError: HTTPConnectionPool(host='127.0.0.1', port=8069): Read timed out. (read timeout=12)

During handling of the above exception, another exception occurred:

Traceback (most recent call last):
  File "/opt/betopiaerp/addons/web/tests/test_assets.py", line 115, in test_assets_already_exists
    self.url_open('/BetopiaERP').raise_for_status()
    ^^^^^^^^^^^^^^^^^^^^^^^^^^^^
  File "/opt/betopiaerp/betopiaerp/tests/common.py", line 2289, in url_open
    return self.opener.request(method, url, params=params, data=data, json=json, files=files, timeout=timeout, headers=headers, cookies=cookies, allow_redirects=allow_redirects)
           ^^^^^^^^^^^^^^^^^^^^^^^^^^^^^^^^^^^^^^^^^^^^^^^^^^^^^^^^^^^^^^^^^^^^^^^^^^^^^^^^^^^^^^^^^^^^^^^^^^^^^^^^^^^^^^^^^^^^^^^^^^^^^^^^^^^^^^^^^^^^^^^^^^^^^^^^^^^^^^^^^^^^^^
  File "/opt/betopiaerp/betopiaerp/tests/common.py", line 2134, in request
    return super().request(*args, **kwargs)
           ^^^^^^^^^^^^^^^^^^^^^^^^^^^^^^^^
  File "/usr/local/lib/python3.12/site-packages/requests/sessions.py", line 589, in request
    resp = self.send(prep, **send_kwargs)
           ^^^^^^^^^^^^^^^^^^^^^^^^^^^^^^
  File "/opt/betopiaerp/betopiaerp/tests/common.py", line 408, in <lambda>
    lambda s, r, **kwargs: cls._request_handler(s, r, **kwargs),
                           ^^^^^^^^^^^^^^^^^^^^^^^^^^^^^^^^^^^^
  File "/opt/betopiaerp/betopiaerp/tests/common.py", line 350, in _request_handler
    return _super_send(s, r, **kw)
           ^^^^^^^^^^^^^^^^^^^^^^^
  File "/usr/local/lib/python3.12/site-packages/requests/sessions.py", line 703, in send
    r = adapter.send(request, **kwargs)
        ^^^^^^^^^^^^^^^^^^^^^^^^^^^^^^^
  File "/usr/local/lib/python3.12/site-packages/requests/adapters.py", line 532, in send
    raise ReadTimeout(e, request=request)
requests.exceptions.ReadTimeout: HTTPConnectionPool(host='127.0.0.1', port=8069): Read timed out. (read timeout=12)
 
2026-02-09 10:13:54,976 1 INFO betopiaerp betopiaerp.addons.base.models.ir_attachment: filestore gc 0 checked, 0 removed 
2026-02-09 10:13:57,148 1 INFO betopiaerp betopiaerp.addons.web.tests.test_assets: Starting TestWebAssetsCursors.test_web_binary_keep_cursor_ro ... 
2026-02-09 10:13:57,153 1 INFO betopiaerp betopiaerp.models.unlink: User #1 deleted ir.attachment records with IDs: [1709, 708, 707, 705, 704, 703, 702, 701, 700, 699, 698, 697, 696, 695, 694, 693, 692, 691, 690, 689, 688, 687, 686, 685, 684, 683, 15] 
2026-02-09 10:13:57,156 1 INFO betopiaerp betopiaerp.addons.base.models.ir_http: Generating routing map for key None 
2026-02-09 10:13:59,416 1 INFO betopiaerp betopiaerp.addons.base.models.assetsbundle: Generating a new asset bundle attachment /web/assets/f02ade9/web.assets_frontend.min.css (id:1930) 
2026-02-09 10:13:59,418 1 INFO betopiaerp werkzeug: 127.0.0.1 - - [09/Feb/2026 10:13:59] "GET /web/assets/f02ade9/web.assets_frontend.min.css HTTP/1.1" 200 - 16 0.010 2.253
2026-02-09 10:13:59,426 1 INFO betopiaerp werkzeug: 127.0.0.1 - - [09/Feb/2026 10:13:59] "GET /web/assets/f02ade9/web.assets_frontend.min.css HTTP/1.1" 200 - 3 0.001 0.002
2026-02-09 10:13:59,430 1 INFO betopiaerp betopiaerp.addons.web.tests.test_assets: Starting TestWebAssetsCursors.test_web_binary_keep_cursor_rw ... 
2026-02-09 10:13:59,433 1 INFO betopiaerp betopiaerp.models.unlink: User #1 deleted ir.attachment records with IDs: [1709, 708, 707, 705, 704, 703, 702, 701, 700, 699, 698, 697, 696, 695, 694, 693, 692, 691, 690, 689, 688, 687, 686, 685, 684, 683, 15] 
2026-02-09 10:13:59,435 1 INFO betopiaerp betopiaerp.addons.base.models.ir_http: Generating routing map for key None 
2026-02-09 10:14:03,911 1 INFO betopiaerp betopiaerp.addons.base.models.assetsbundle: Generating a new asset bundle attachment /web/assets/f02ade9/web.assets_frontend.min.css (id:1931) 
2026-02-09 10:14:03,913 1 INFO betopiaerp werkzeug: 127.0.0.1 - - [09/Feb/2026 10:14:03] "GET /web/assets/f02ade9/web.assets_frontend.min.css HTTP/1.1" 200 - 25 0.012 4.467
2026-02-09 10:14:03,930 1 INFO betopiaerp betopiaerp.addons.base.models.ir_attachment: filestore gc 20 checked, 0 removed 
2026-02-09 10:14:03,931 1 INFO betopiaerp betopiaerp.addons.web.tests.test_base_document_layout: Starting TestBaseDocumentLayout.test_company_colors_and_logo_change_logo ... 
2026-02-09 10:14:06,006 1 INFO betopiaerp betopiaerp.addons.web.tests.test_base_document_layout: ====================================================================== 
2026-02-09 10:14:06,007 1 ERROR betopiaerp betopiaerp.addons.web.tests.test_base_document_layout: ERROR: TestBaseDocumentLayout.test_company_colors_and_logo_change_logo
Traceback (most recent call last):
  File "/opt/betopiaerp/addons/web/tests/test_base_document_layout.py", line 177, in test_company_colors_and_logo_change_logo
    doc_layout.logo = self.company_imgs['BetopiaERP']['img']
                      ~~~~~~~~~~~~~~~~~^^^^^^^^^^^^^^
KeyError: 'BetopiaERP'
 
2026-02-09 10:14:06,008 1 INFO betopiaerp betopiaerp.addons.web.tests.test_base_document_layout: Starting TestBaseDocumentLayout.test_company_colors_change_logo ... 
2026-02-09 10:14:06,020 1 INFO betopiaerp betopiaerp.models.unlink: User #1 deleted ir.attachment records with IDs: [4] 
2026-02-09 10:14:06,055 1 INFO betopiaerp betopiaerp.models.unlink: User #1 deleted ir.attachment records with IDs: [8] 
2026-02-09 10:14:06,057 1 INFO betopiaerp betopiaerp.models.unlink: User #1 deleted ir.attachment records with IDs: [7] 
2026-02-09 10:14:06,058 1 INFO betopiaerp betopiaerp.models.unlink: User #1 deleted ir.attachment records with IDs: [6] 
2026-02-09 10:14:06,060 1 INFO betopiaerp betopiaerp.models.unlink: User #1 deleted ir.attachment records with IDs: [5] 
2026-02-09 10:14:08,014 1 INFO betopiaerp betopiaerp.addons.web.tests.test_base_document_layout: ====================================================================== 
2026-02-09 10:14:08,014 1 ERROR betopiaerp betopiaerp.addons.web.tests.test_base_document_layout: ERROR: TestBaseDocumentLayout.test_company_colors_change_logo
Traceback (most recent call last):
  File "/opt/betopiaerp/addons/web/tests/test_base_document_layout.py", line 161, in test_company_colors_change_logo
    doc_layout.logo = self.company_imgs['BetopiaERP']['img']
                      ~~~~~~~~~~~~~~~~~^^^^^^^^^^^^^^
KeyError: 'BetopiaERP'
 
2026-02-09 10:14:08,015 1 INFO betopiaerp betopiaerp.addons.web.tests.test_base_document_layout: Starting TestBaseDocumentLayout.test_company_colors_reset_colors ... 
2026-02-09 10:14:12,259 1 INFO betopiaerp betopiaerp.addons.web.tests.test_base_document_layout: Starting TestBaseDocumentLayout.test_company_details_blank_lines ... 
2026-02-09 10:14:12,297 1 INFO betopiaerp betopiaerp.addons.web.tests.test_base_document_layout: Starting TestBaseDocumentLayout.test_company_no_color_but_logo_change_logo ... 
2026-02-09 10:14:14,346 1 INFO betopiaerp betopiaerp.addons.web.tests.test_base_document_layout: ====================================================================== 
2026-02-09 10:14:14,346 1 ERROR betopiaerp betopiaerp.addons.web.tests.test_base_document_layout: ERROR: TestBaseDocumentLayout.test_company_no_color_but_logo_change_logo
Traceback (most recent call last):
  File "/opt/betopiaerp/addons/web/tests/test_base_document_layout.py", line 147, in test_company_no_color_but_logo_change_logo
    doc_layout.logo = self.company_imgs['BetopiaERP']['img']
                      ~~~~~~~~~~~~~~~~~^^^^^^^^^^^^^^
KeyError: 'BetopiaERP'
 
2026-02-09 10:14:14,347 1 INFO betopiaerp betopiaerp.addons.web.tests.test_base_document_layout: Starting TestBaseDocumentLayout.test_company_no_color_change_logo ... 
2026-02-09 10:14:14,360 1 INFO betopiaerp betopiaerp.models.unlink: User #1 deleted ir.attachment records with IDs: [4] 
2026-02-09 10:14:14,393 1 INFO betopiaerp betopiaerp.models.unlink: User #1 deleted ir.attachment records with IDs: [8] 
2026-02-09 10:14:14,395 1 INFO betopiaerp betopiaerp.models.unlink: User #1 deleted ir.attachment records with IDs: [7] 
2026-02-09 10:14:14,396 1 INFO betopiaerp betopiaerp.models.unlink: User #1 deleted ir.attachment records with IDs: [6] 
2026-02-09 10:14:14,398 1 INFO betopiaerp betopiaerp.models.unlink: User #1 deleted ir.attachment records with IDs: [5] 
2026-02-09 10:14:18,334 1 INFO betopiaerp betopiaerp.addons.web.tests.test_base_document_layout: Starting TestBaseDocumentLayout.test_parse_company_colors_grayscale ... 
2026-02-09 10:14:22,416 1 INFO betopiaerp betopiaerp.addons.base.models.ir_attachment: filestore gc 15 checked, 11 removed 
2026-02-09 10:14:22,418 1 INFO betopiaerp betopiaerp.addons.web.tests.test_click_everywhere: Starting TestMenusAdminLight.test_01_click_apps_menus_as_admin ... 
2026-02-09 10:14:23,717 1 WARNING betopiaerp betopiaerp.addons.web.tests.test_click_everywhere.TestMenusAdminLight.test_01_click_apps_menus_as_admin: websocket-client module is not installed 
2026-02-09 10:14:23,718 1 INFO betopiaerp betopiaerp.addons.web.tests.test_click_everywhere: skipped TestMenusAdminLight.test_01_click_apps_menus_as_admin : websocket-client module is not installed 
2026-02-09 10:14:23,720 1 INFO betopiaerp betopiaerp.addons.base.models.ir_attachment: filestore gc 0 checked, 0 removed 
2026-02-09 10:14:23,752 1 INFO betopiaerp betopiaerp.addons.web.tests.test_click_everywhere: Starting TestMenusDemoLight.test_01_click_apps_menus_as_demo ... 
2026-02-09 10:14:23,768 1 WARNING betopiaerp betopiaerp.addons.web.tests.test_click_everywhere.TestMenusDemoLight.test_01_click_apps_menus_as_demo: websocket-client module is not installed 
2026-02-09 10:14:23,768 1 INFO betopiaerp betopiaerp.addons.web.tests.test_click_everywhere: skipped TestMenusDemoLight.test_01_click_apps_menus_as_demo : websocket-client module is not installed 
2026-02-09 10:14:23,771 1 INFO betopiaerp betopiaerp.addons.base.models.ir_attachment: filestore gc 1 checked, 1 removed 
2026-02-09 10:14:23,795 1 INFO betopiaerp betopiaerp.addons.web.tests.test_domain: Starting DomainTest.test_domain_validate ... 
2026-02-09 10:14:23,802 1 INFO betopiaerp betopiaerp.addons.base.models.res_users: Login successful for login:demo from n/a 
2026-02-09 10:14:23,807 1 INFO betopiaerp betopiaerp.addons.base.models.ir_http: Generating routing map for key None 
2026-02-09 10:14:23,822 1 INFO betopiaerp werkzeug: 127.0.0.1 - - [09/Feb/2026 10:14:23] "POST /web/domain/validate HTTP/1.1" 200 - 2 0.000 0.015
2026-02-09 10:14:23,826 1 INFO betopiaerp werkzeug: 127.0.0.1 - - [09/Feb/2026 10:14:23] "POST /web/domain/validate HTTP/1.1" 200 - 1 0.000 0.001
2026-02-09 10:14:23,829 1 INFO betopiaerp werkzeug: 127.0.0.1 - - [09/Feb/2026 10:14:23] "POST /web/domain/validate HTTP/1.1" 200 - 1 0.000 0.001
2026-02-09 10:14:23,832 1 INFO betopiaerp werkzeug: 127.0.0.1 - - [09/Feb/2026 10:14:23] "POST /web/domain/validate HTTP/1.1" 200 - 0 0.000 0.001
2026-02-09 10:14:23,835 1 INFO betopiaerp betopiaerp.addons.base.models.ir_attachment: filestore gc 1 checked, 1 removed 
2026-02-09 10:14:23,838 1 INFO betopiaerp betopiaerp.addons.web.tests.test_favorite: Starting TestFavorite.test_favorite_management ... 
2026-02-09 10:14:23,852 1 WARNING betopiaerp betopiaerp.addons.web.tests.test_favorite.TestFavorite.test_favorite_management: websocket-client module is not installed 
2026-02-09 10:14:23,853 1 INFO betopiaerp betopiaerp.addons.web.tests.test_favorite: skipped TestFavorite.test_favorite_management : websocket-client module is not installed 
2026-02-09 10:14:23,855 1 INFO betopiaerp betopiaerp.addons.base.models.ir_attachment: filestore gc 0 checked, 0 removed 
2026-02-09 10:14:23,857 1 INFO betopiaerp betopiaerp.addons.web.tests.test_image: Starting TestImage.test_01_content_image_resize_placeholder ... 
2026-02-09 10:14:23,859 1 INFO betopiaerp betopiaerp.addons.base.models.ir_http: Generating routing map for key None 
2026-02-09 10:14:23,883 1 INFO betopiaerp werkzeug: 127.0.0.1 - - [09/Feb/2026 10:14:23] "GET /web/image/0/200x150 HTTP/1.1" 200 - 10 0.002 0.023
2026-02-09 10:14:23,901 1 INFO betopiaerp werkzeug: 127.0.0.1 - - [09/Feb/2026 10:14:23] "GET /web/image/fake/0/image_128 HTTP/1.1" 200 - 4 0.001 0.014
2026-02-09 10:14:23,912 1 INFO betopiaerp werkzeug: 127.0.0.1 - - [09/Feb/2026 10:14:23] "GET /web/image/fake/0/image_256 HTTP/1.1" 200 - 4 0.001 0.009
2026-02-09 10:14:23,924 1 INFO betopiaerp werkzeug: 127.0.0.1 - - [09/Feb/2026 10:14:23] "GET /web/image/fake/0/image_1024 HTTP/1.1" 200 - 4 0.001 0.010
2026-02-09 10:14:23,937 1 INFO betopiaerp werkzeug: 127.0.0.1 - - [09/Feb/2026 10:14:23] "GET /web/image/fake/0/image_no_size HTTP/1.1" 200 - 4 0.001 0.009
2026-02-09 10:14:23,938 1 INFO betopiaerp betopiaerp.addons.web.tests.test_image: Starting TestImage.test_02_content_image_Etag_304 ... 
2026-02-09 10:14:23,942 1 INFO betopiaerp betopiaerp.addons.base.models.ir_http: Generating routing map for key None 
2026-02-09 10:14:23,953 1 INFO betopiaerp werkzeug: 127.0.0.1 - - [09/Feb/2026 10:14:23] "GET /web/image/1942 HTTP/1.1" 200 - 9 0.002 0.010
2026-02-09 10:14:23,958 1 INFO betopiaerp werkzeug: 127.0.0.1 - - [09/Feb/2026 10:14:23] "GET /web/image/1942 HTTP/1.1" 304 - 4 0.001 0.002
2026-02-09 10:14:23,960 1 INFO betopiaerp betopiaerp.addons.web.tests.test_image: Starting TestImage.test_03_web_content_filename ... 
2026-02-09 10:14:23,964 1 INFO betopiaerp betopiaerp.addons.base.models.ir_http: Generating routing map for key None 
2026-02-09 10:14:23,975 1 INFO betopiaerp werkzeug: 127.0.0.1 - - [09/Feb/2026 10:14:23] "GET /web/image/1943/0x0/?download=true HTTP/1.1" 200 - 9 0.002 0.010
2026-02-09 10:14:23,980 1 INFO betopiaerp werkzeug: 127.0.0.1 - - [09/Feb/2026 10:14:23] "GET /web/image/1943/0x0/custom?download=true HTTP/1.1" 200 - 4 0.001 0.002
2026-02-09 10:14:23,985 1 INFO betopiaerp werkzeug: 127.0.0.1 - - [09/Feb/2026 10:14:23] "GET /web/image/1943/0x0/custom.png?download=true HTTP/1.1" 200 - 4 0.001 0.002
2026-02-09 10:14:23,986 1 INFO betopiaerp betopiaerp.addons.web.tests.test_image: Starting TestImage.test_04_web_content_filename_secure ... 
2026-02-09 10:14:23,989 1 INFO betopiaerp betopiaerp.addons.base.models.ir_http: Generating routing map for key None 
2026-02-09 10:14:24,049 1 INFO betopiaerp werkzeug: 127.0.0.1 - - [09/Feb/2026 10:14:24] "GET /web/image/1944 HTTP/1.1" 200 - 9 0.001 0.058
2026-02-09 10:14:24,053 1 INFO betopiaerp werkzeug: 127.0.0.1 - - [09/Feb/2026 10:14:24] "GET /web/image/1944/custom_invalid_name%0Ais-ok.gif HTTP/1.1" 200 - 4 0.001 0.002
2026-02-09 10:14:24,059 1 INFO betopiaerp werkzeug: 127.0.0.1 - - [09/Feb/2026 10:14:24] "GET /web/image/1944/%0D%0A HTTP/1.1" 200 - 4 0.001 0.002
2026-02-09 10:14:24,063 1 INFO betopiaerp werkzeug: 127.0.0.1 - - [09/Feb/2026 10:14:24] "GET /web/image/1944/你好 HTTP/1.1" 200 - 4 0.000 0.002
2026-02-09 10:14:24,067 1 INFO betopiaerp werkzeug: 127.0.0.1 - - [09/Feb/2026 10:14:24] "GET /web/image/1944/面图.gif HTTP/1.1" 200 - 4 0.000 0.002
2026-02-09 10:14:24,071 1 INFO betopiaerp werkzeug: 127.0.0.1 - - [09/Feb/2026 10:14:24] "GET /web/image/1944/hindi_नमस्ते.gif HTTP/1.1" 200 - 4 0.000 0.002
2026-02-09 10:14:24,075 1 INFO betopiaerp werkzeug: 127.0.0.1 - - [09/Feb/2026 10:14:24] "GET /web/image/1944/arabic_مرحبا HTTP/1.1" 200 - 4 0.000 0.002
2026-02-09 10:14:24,079 1 INFO betopiaerp werkzeug: 127.0.0.1 - - [09/Feb/2026 10:14:24] "GET /web/image/1944/4wzb_!!63148-0-t1.jpg_360x1Q75.jpg_.webp HTTP/1.1" 200 - 4 0.000 0.002
2026-02-09 10:14:24,080 1 INFO betopiaerp betopiaerp.addons.web.tests.test_image: Starting TestImage.test_05_web_image_access_token ... 
2026-02-09 10:14:24,083 1 INFO betopiaerp betopiaerp.addons.base.models.ir_http: Generating routing map for key None 
2026-02-09 10:14:24,096 1 INFO betopiaerp betopiaerp.addons.base.models.ir_model: Access Denied by ACLs for operation: read, uid: 3, model: ir.attachment 
2026-02-09 10:14:24,105 1 INFO betopiaerp werkzeug: 127.0.0.1 - - [09/Feb/2026 10:14:24] "GET /web/image/1945 HTTP/1.1" 200 - 23 0.003 0.018
2026-02-09 10:14:24,116 1 INFO betopiaerp werkzeug: 127.0.0.1 - - [09/Feb/2026 10:14:24] "GET /web/image/1945?access_token=invalid_token HTTP/1.1" 200 - 7 0.001 0.008
2026-02-09 10:14:24,126 1 INFO betopiaerp werkzeug: 127.0.0.1 - - [09/Feb/2026 10:14:24] "GET /web/image/1945?access_token=913ad1dcd8e5c0f4910dcd6d9d60698c66b7113a2a26a49eac1ef8e66736ed57o0x69aa17d6 HTTP/1.1" 200 - 6 0.001 0.007
2026-02-09 10:14:24,130 1 INFO betopiaerp werkzeug: 127.0.0.1 - - [09/Feb/2026 10:14:24] "GET /web/image/1945?access_token=2cc3b1471a30fb4ce2c87d2e601b7eb3a906ecefbc475cf8387e38180ca9d4f8o0x69aa17d6 HTTP/1.1" 200 - 3 0.000 0.002
2026-03-05 23:55:01,000 1 INFO betopiaerp werkzeug: 127.0.0.1 - - [05/Mar/2026 23:55:01] "GET /web/image/1945?access_token=2cc3b1471a30fb4ce2c87d2e601b7eb3a906ecefbc475cf8387e38180ca9d4f8o0x69aa17d6 HTTP/1.1" 200 - 3 0.000 0.002
2026-03-05 23:55:02,000 1 INFO betopiaerp werkzeug: 127.0.0.1 - - [05/Mar/2026 23:55:02] "GET /web/image/1945?access_token=2cc3b1471a30fb4ce2c87d2e601b7eb3a906ecefbc475cf8387e38180ca9d4f8o0x69aa17d6 HTTP/1.1" 200 - 6 0.001 0.009
2026-02-09 10:14:24,725 1 INFO betopiaerp betopiaerp.addons.web.tests.test_image: Starting TestImage.test_06_web_image_attachment_access ... 
2026-02-09 10:14:24,762 1 INFO betopiaerp betopiaerp.addons.base.models.ir_http: Generating routing map for key None 
2026-02-09 10:14:24,774 1 INFO betopiaerp betopiaerp.addons.base.models.ir_model: Access Denied by ACLs for operation: read, uid: 3, model: ir.attachment 
2026-02-09 10:14:24,783 1 INFO betopiaerp werkzeug: 127.0.0.1 - - [09/Feb/2026 10:14:24] "GET /web/image/1947 HTTP/1.1" 200 - 16 0.004 0.017
2026-02-09 10:14:24,788 1 INFO betopiaerp werkzeug: 127.0.0.1 - - [09/Feb/2026 10:14:24] "GET /web/image/1947?access_token=9f0f659c-6074-4ceb-bf44-b3a06ddb5ed7 HTTP/1.1" 200 - 5 0.001 0.002
2026-02-09 10:14:24,793 1 INFO betopiaerp werkzeug: 127.0.0.1 - - [09/Feb/2026 10:14:24] "GET /web/image/1947?access_token=c4a7996b887463fb2294a00a87e8de32ea029d1ad671f45667b6fa15a800502co0x69aa1922 HTTP/1.1" 200 - 3 0.000 0.002
2026-02-09 10:14:24,796 1 INFO betopiaerp betopiaerp.addons.base.models.res_users: Login successful for login:portal_user from n/a 
2026-02-09 10:14:24,800 1 INFO betopiaerp betopiaerp.addons.base.models.ir_model: Access Denied by ACLs for operation: read, uid: 369, model: ir.attachment 
2026-02-09 10:14:24,809 1 INFO betopiaerp werkzeug: 127.0.0.1 - - [09/Feb/2026 10:14:24] "GET /web/image/1947 HTTP/1.1" 200 - 8 0.001 0.009
2026-02-09 10:14:24,812 1 INFO betopiaerp betopiaerp.addons.base.models.res_users: Login successful for login:portal_user from n/a 
2026-02-09 10:14:24,817 1 INFO betopiaerp werkzeug: 127.0.0.1 - - [09/Feb/2026 10:14:24] "GET /web/image/1947?access_token=9f0f659c-6074-4ceb-bf44-b3a06ddb5ed7 HTTP/1.1" 200 - 3 0.000 0.002
2026-02-09 10:14:24,819 1 INFO betopiaerp betopiaerp.addons.base.models.res_users: Login successful for login:portal_user from n/a 
2026-02-09 10:14:24,823 1 INFO betopiaerp werkzeug: 127.0.0.1 - - [09/Feb/2026 10:14:24] "GET /web/image/1947?access_token=c4a7996b887463fb2294a00a87e8de32ea029d1ad671f45667b6fa15a800502co0x69aa1922 HTTP/1.1" 200 - 2 0.000 0.002
2026-02-09 10:14:24,826 1 INFO betopiaerp betopiaerp.addons.base.models.res_users: Login successful for login:internal_user from n/a 
2026-02-09 10:14:24,841 1 INFO betopiaerp werkzeug: 127.0.0.1 - - [09/Feb/2026 10:14:24] "GET /web/image/1947 HTTP/1.1" 200 - 15 0.003 0.010
2026-02-09 10:14:24,843 1 INFO betopiaerp betopiaerp.addons.base.models.res_users: Login successful for login:internal_user from n/a 
2026-02-09 10:14:24,848 1 INFO betopiaerp werkzeug: 127.0.0.1 - - [09/Feb/2026 10:14:24] "GET /web/image/1947?access_token=9f0f659c-6074-4ceb-bf44-b3a06ddb5ed7 HTTP/1.1" 200 - 3 0.000 0.002
2026-02-09 10:14:24,851 1 INFO betopiaerp betopiaerp.addons.base.models.res_users: Login successful for login:internal_user from n/a 
2026-02-09 10:14:24,855 1 INFO betopiaerp werkzeug: 127.0.0.1 - - [09/Feb/2026 10:14:24] "GET /web/image/1947?access_token=c4a7996b887463fb2294a00a87e8de32ea029d1ad671f45667b6fa15a800502co0x69aa1922 HTTP/1.1" 200 - 2 0.000 0.002
2026-02-09 10:14:24,860 1 INFO betopiaerp betopiaerp.addons.base.models.ir_model: Access Denied by ACLs for operation: read, uid: 3, model: ir.attachment 
2026-02-09 10:14:24,868 1 INFO betopiaerp werkzeug: 127.0.0.1 - - [09/Feb/2026 10:14:24] "GET /web/image/1948 HTTP/1.1" 200 - 8 0.002 0.008
2026-02-09 10:14:24,873 1 INFO betopiaerp werkzeug: 127.0.0.1 - - [09/Feb/2026 10:14:24] "GET /web/image/1948?access_token=c5498321-6ab3-4eb6-9725-2608026967a6 HTTP/1.1" 200 - 4 0.001 0.002
2026-02-09 10:14:24,878 1 INFO betopiaerp werkzeug: 127.0.0.1 - - [09/Feb/2026 10:14:24] "GET /web/image/1948?access_token=0fccfb9b8e1d933e4f6b24d04701ea0eb88a827101de8eb477a8095e2eb161feo0x69aa19c9 HTTP/1.1" 200 - 3 0.000 0.002
2026-02-09 10:14:24,880 1 INFO betopiaerp betopiaerp.addons.base.models.res_users: Login successful for login:portal_user from n/a 
2026-02-09 10:14:24,884 1 INFO betopiaerp betopiaerp.addons.base.models.ir_model: Access Denied by ACLs for operation: read, uid: 369, model: ir.attachment 
2026-02-09 10:14:24,892 1 INFO betopiaerp werkzeug: 127.0.0.1 - - [09/Feb/2026 10:14:24] "GET /web/image/1948 HTTP/1.1" 200 - 7 0.001 0.008
2026-02-09 10:14:24,894 1 INFO betopiaerp betopiaerp.addons.base.models.res_users: Login successful for login:portal_user from n/a 
2026-02-09 10:14:24,900 1 INFO betopiaerp werkzeug: 127.0.0.1 - - [09/Feb/2026 10:14:24] "GET /web/image/1948?access_token=c5498321-6ab3-4eb6-9725-2608026967a6 HTTP/1.1" 200 - 3 0.001 0.002
2026-02-09 10:14:24,902 1 INFO betopiaerp betopiaerp.addons.base.models.res_users: Login successful for login:portal_user from n/a 
2026-02-09 10:14:24,907 1 INFO betopiaerp werkzeug: 127.0.0.1 - - [09/Feb/2026 10:14:24] "GET /web/image/1948?access_token=0fccfb9b8e1d933e4f6b24d04701ea0eb88a827101de8eb477a8095e2eb161feo0x69aa19c9 HTTP/1.1" 200 - 2 0.000 0.002
2026-02-09 10:14:24,909 1 INFO betopiaerp betopiaerp.addons.base.models.res_users: Login successful for login:internal_user from n/a 
2026-02-09 10:14:24,918 1 INFO betopiaerp werkzeug: 127.0.0.1 - - [09/Feb/2026 10:14:24] "GET /web/image/1948 HTTP/1.1" 200 - 11 0.002 0.004
2026-02-09 10:14:24,920 1 INFO betopiaerp betopiaerp.addons.base.models.res_users: Login successful for login:internal_user from n/a 
2026-02-09 10:14:24,925 1 INFO betopiaerp werkzeug: 127.0.0.1 - - [09/Feb/2026 10:14:24] "GET /web/image/1948?access_token=c5498321-6ab3-4eb6-9725-2608026967a6 HTTP/1.1" 200 - 3 0.000 0.002
2026-02-09 10:14:24,927 1 INFO betopiaerp betopiaerp.addons.base.models.res_users: Login successful for login:internal_user from n/a 
2026-02-09 10:14:24,931 1 INFO betopiaerp werkzeug: 127.0.0.1 - - [09/Feb/2026 10:14:24] "GET /web/image/1948?access_token=0fccfb9b8e1d933e4f6b24d04701ea0eb88a827101de8eb477a8095e2eb161feo0x69aa19c9 HTTP/1.1" 200 - 2 0.000 0.002
2026-02-09 10:14:24,935 1 INFO betopiaerp betopiaerp.addons.base.models.ir_model: Access Denied by ACLs for operation: read, uid: 3, model: ir.attachment 
2026-02-09 10:14:24,943 1 INFO betopiaerp werkzeug: 127.0.0.1 - - [09/Feb/2026 10:14:24] "GET /web/image/1949 HTTP/1.1" 200 - 8 0.001 0.008
2026-02-09 10:14:24,948 1 INFO betopiaerp werkzeug: 127.0.0.1 - - [09/Feb/2026 10:14:24] "GET /web/image/1949?access_token=436206ae-edf7-47b4-b437-dd7a0c68f197 HTTP/1.1" 200 - 4 0.001 0.002
2026-02-09 10:14:24,953 1 INFO betopiaerp werkzeug: 127.0.0.1 - - [09/Feb/2026 10:14:24] "GET /web/image/1949?access_token=18054adfdf287106bd522d70d3cb20ccbf38affb3bd4c71959173c9dc9a97b4ao0x69aa1a6f HTTP/1.1" 200 - 3 0.000 0.001
2026-02-09 10:14:24,955 1 INFO betopiaerp betopiaerp.addons.base.models.res_users: Login successful for login:portal_user from n/a 
2026-02-09 10:14:24,958 1 INFO betopiaerp betopiaerp.addons.base.models.ir_model: Access Denied by ACLs for operation: read, uid: 369, model: ir.attachment 
2026-02-09 10:14:24,966 1 INFO betopiaerp werkzeug: 127.0.0.1 - - [09/Feb/2026 10:14:24] "GET /web/image/1949 HTTP/1.1" 200 - 7 0.001 0.008
2026-02-09 10:14:24,969 1 INFO betopiaerp betopiaerp.addons.base.models.res_users: Login successful for login:portal_user from n/a 
2026-02-09 10:14:24,973 1 INFO betopiaerp werkzeug: 127.0.0.1 - - [09/Feb/2026 10:14:24] "GET /web/image/1949?access_token=436206ae-edf7-47b4-b437-dd7a0c68f197 HTTP/1.1" 200 - 3 0.000 0.002
2026-02-09 10:14:24,976 1 INFO betopiaerp betopiaerp.addons.base.models.res_users: Login successful for login:portal_user from n/a 
2026-02-09 10:14:24,980 1 INFO betopiaerp werkzeug: 127.0.0.1 - - [09/Feb/2026 10:14:24] "GET /web/image/1949?access_token=18054adfdf287106bd522d70d3cb20ccbf38affb3bd4c71959173c9dc9a97b4ao0x69aa1a6f HTTP/1.1" 200 - 2 0.000 0.001
2026-02-09 10:14:24,982 1 INFO betopiaerp betopiaerp.addons.base.models.res_users: Login successful for login:internal_user from n/a 
2026-02-09 10:14:24,993 1 INFO betopiaerp werkzeug: 127.0.0.1 - - [09/Feb/2026 10:14:24] "GET /web/image/1949 HTTP/1.1" 200 - 6 0.001 0.008
2026-02-09 10:14:24,996 1 INFO betopiaerp betopiaerp.addons.base.models.res_users: Login successful for login:internal_user from n/a 
2026-02-09 10:14:25,001 1 INFO betopiaerp werkzeug: 127.0.0.1 - - [09/Feb/2026 10:14:25] "GET /web/image/1949?access_token=436206ae-edf7-47b4-b437-dd7a0c68f197 HTTP/1.1" 200 - 3 0.000 0.002
2026-02-09 10:14:25,003 1 INFO betopiaerp betopiaerp.addons.base.models.res_users: Login successful for login:internal_user from n/a 
2026-02-09 10:14:25,007 1 INFO betopiaerp werkzeug: 127.0.0.1 - - [09/Feb/2026 10:14:25] "GET /web/image/1949?access_token=18054adfdf287106bd522d70d3cb20ccbf38affb3bd4c71959173c9dc9a97b4ao0x69aa1a6f HTTP/1.1" 200 - 2 0.000 0.002
2026-02-09 10:14:25,012 1 INFO betopiaerp werkzeug: 127.0.0.1 - - [09/Feb/2026 10:14:25] "GET /web/image/1950 HTTP/1.1" 200 - 4 0.000 0.002
2026-02-09 10:14:25,017 1 INFO betopiaerp werkzeug: 127.0.0.1 - - [09/Feb/2026 10:14:25] "GET /web/image/1950?access_token=8dc6dd90-a580-430a-a76e-828fd536333e HTTP/1.1" 200 - 4 0.000 0.002
2026-02-09 10:14:25,021 1 INFO betopiaerp werkzeug: 127.0.0.1 - - [09/Feb/2026 10:14:25] "GET /web/image/1950?access_token=8f1d40147de1ed4d02cd4bb7194ec599744c1baae5b3782153bf69a7bea026aco0x69aa1550 HTTP/1.1" 200 - 3 0.000 0.001
2026-02-09 10:14:25,023 1 INFO betopiaerp betopiaerp.addons.base.models.res_users: Login successful for login:portal_user from n/a 
2026-02-09 10:14:25,027 1 INFO betopiaerp werkzeug: 127.0.0.1 - - [09/Feb/2026 10:14:25] "GET /web/image/1950 HTTP/1.1" 200 - 3 0.000 0.002
2026-02-09 10:14:25,030 1 INFO betopiaerp betopiaerp.addons.base.models.res_users: Login successful for login:portal_user from n/a 
2026-02-09 10:14:25,034 1 INFO betopiaerp werkzeug: 127.0.0.1 - - [09/Feb/2026 10:14:25] "GET /web/image/1950?access_token=8dc6dd90-a580-430a-a76e-828fd536333e HTTP/1.1" 200 - 3 0.000 0.002
2026-02-09 10:14:25,036 1 INFO betopiaerp betopiaerp.addons.base.models.res_users: Login successful for login:portal_user from n/a 
2026-02-09 10:14:25,040 1 INFO betopiaerp werkzeug: 127.0.0.1 - - [09/Feb/2026 10:14:25] "GET /web/image/1950?access_token=8f1d40147de1ed4d02cd4bb7194ec599744c1baae5b3782153bf69a7bea026aco0x69aa1550 HTTP/1.1" 200 - 2 0.000 0.002
2026-02-09 10:14:25,043 1 INFO betopiaerp betopiaerp.addons.base.models.res_users: Login successful for login:internal_user from n/a 
2026-02-09 10:14:25,047 1 INFO betopiaerp werkzeug: 127.0.0.1 - - [09/Feb/2026 10:14:25] "GET /web/image/1950 HTTP/1.1" 200 - 3 0.000 0.002
2026-02-09 10:14:25,049 1 INFO betopiaerp betopiaerp.addons.base.models.res_users: Login successful for login:internal_user from n/a 
2026-02-09 10:14:25,054 1 INFO betopiaerp werkzeug: 127.0.0.1 - - [09/Feb/2026 10:14:25] "GET /web/image/1950?access_token=8dc6dd90-a580-430a-a76e-828fd536333e HTTP/1.1" 200 - 3 0.000 0.002
2026-02-09 10:14:25,056 1 INFO betopiaerp betopiaerp.addons.base.models.res_users: Login successful for login:internal_user from n/a 
2026-02-09 10:14:25,060 1 INFO betopiaerp werkzeug: 127.0.0.1 - - [09/Feb/2026 10:14:25] "GET /web/image/1950?access_token=8f1d40147de1ed4d02cd4bb7194ec599744c1baae5b3782153bf69a7bea026aco0x69aa1550 HTTP/1.1" 200 - 2 0.000 0.002
2026-02-09 10:14:25,064 1 INFO betopiaerp betopiaerp.addons.base.models.ir_attachment: filestore gc 2 checked, 2 removed 
2026-02-09 10:14:25,094 1 INFO betopiaerp betopiaerp.addons.web.tests.test_ir_model: Starting IrModelAccessTest.test_display_name_for ... 
2026-02-09 10:14:25,106 1 INFO betopiaerp betopiaerp.addons.base.models.ir_attachment: filestore gc 1 checked, 1 removed 
2026-02-09 10:14:25,108 1 INFO betopiaerp betopiaerp.addons.web.tests.test_js: Starting QunitCommon.test_get_qunit_regex ... 
2026-02-09 10:14:25,111 1 INFO betopiaerp betopiaerp.addons.base.models.ir_attachment: filestore gc 0 checked, 0 removed 
2026-02-09 10:14:25,113 1 INFO betopiaerp betopiaerp.addons.web.tests.test_js: Starting HOOTCommon.test_generate_hoot_hash ... 
2026-02-09 10:14:25,114 1 INFO betopiaerp betopiaerp.addons.web.tests.test_js: Starting HOOTCommon.test_get_hoot_filter ... 
2026-02-09 10:14:25,116 1 INFO betopiaerp betopiaerp.addons.base.models.ir_attachment: filestore gc 0 checked, 0 removed 
2026-02-09 10:14:25,118 1 INFO betopiaerp betopiaerp.addons.web.tests.test_js: Starting WebSuite.test_check_suite ... 
2026-02-09 10:14:27,403 1 INFO betopiaerp betopiaerp.tests.common: Auto retry disabled for test_hoot (betopiaerp.addons.web.tests.test_js.WebSuite.test_hoot) 
2026-02-09 10:14:27,403 1 INFO betopiaerp betopiaerp.addons.web.tests.test_js: Starting WebSuite.test_hoot ... 
2026-02-09 10:14:27,416 1 WARNING betopiaerp betopiaerp.addons.web.tests.test_js.WebSuite.test_hoot: websocket-client module is not installed 
2026-02-09 10:14:27,417 1 INFO betopiaerp betopiaerp.addons.web.tests.test_js: skipped WebSuite.test_hoot : websocket-client module is not installed 
2026-02-09 10:14:27,417 1 INFO betopiaerp betopiaerp.tests.common: Auto retry disabled for test_qunit_desktop (betopiaerp.addons.web.tests.test_js.WebSuite.test_qunit_desktop) 
2026-02-09 10:14:27,417 1 INFO betopiaerp betopiaerp.addons.web.tests.test_js: Starting WebSuite.test_qunit_desktop ... 
2026-02-09 10:14:27,427 1 WARNING betopiaerp betopiaerp.addons.web.tests.test_js.WebSuite.test_qunit_desktop: websocket-client module is not installed 
2026-02-09 10:14:27,427 1 INFO betopiaerp betopiaerp.addons.web.tests.test_js: skipped WebSuite.test_qunit_desktop : websocket-client module is not installed 
2026-02-09 10:14:27,428 1 INFO betopiaerp betopiaerp.tests.common: Auto retry disabled for test_unit_desktop (betopiaerp.addons.web.tests.test_js.WebSuite.test_unit_desktop) 
2026-02-09 10:14:27,428 1 INFO betopiaerp betopiaerp.addons.web.tests.test_js: Starting WebSuite.test_unit_desktop ... 
2026-02-09 10:14:27,438 1 WARNING betopiaerp betopiaerp.addons.web.tests.test_js.WebSuite.test_unit_desktop: websocket-client module is not installed 
2026-02-09 10:14:27,438 1 INFO betopiaerp betopiaerp.addons.web.tests.test_js: skipped WebSuite.test_unit_desktop : websocket-client module is not installed 
2026-02-09 10:14:27,440 1 INFO betopiaerp betopiaerp.addons.base.models.ir_attachment: filestore gc 0 checked, 0 removed 
2026-02-09 10:14:27,442 1 INFO betopiaerp betopiaerp.tests.common: Auto retry disabled for test_unit_mobile (betopiaerp.addons.web.tests.test_js.MobileWebSuite.test_unit_mobile) 
2026-02-09 10:14:27,442 1 INFO betopiaerp betopiaerp.addons.web.tests.test_js: Starting MobileWebSuite.test_unit_mobile ... 
2026-02-09 10:14:27,455 1 WARNING betopiaerp betopiaerp.addons.web.tests.test_js.MobileWebSuite.test_unit_mobile: websocket-client module is not installed 
2026-02-09 10:14:27,455 1 INFO betopiaerp betopiaerp.addons.web.tests.test_js: skipped MobileWebSuite.test_unit_mobile : websocket-client module is not installed 
2026-02-09 10:14:27,457 1 INFO betopiaerp betopiaerp.addons.base.models.ir_attachment: filestore gc 0 checked, 0 removed 
2026-02-09 10:14:27,486 1 INFO betopiaerp betopiaerp.addons.web.tests.test_login: Starting TestUserSwitch.test_user_switch ... 
2026-02-09 10:14:27,510 1 WARNING betopiaerp betopiaerp.addons.web.tests.test_login.TestUserSwitch.test_user_switch: websocket-client module is not installed 
2026-02-09 10:14:27,510 1 INFO betopiaerp betopiaerp.addons.web.tests.test_login: skipped TestUserSwitch.test_user_switch : websocket-client module is not installed 
2026-02-09 10:14:27,513 1 INFO betopiaerp betopiaerp.addons.base.models.ir_attachment: filestore gc 1 checked, 1 removed 
2026-02-09 10:14:27,516 1 INFO betopiaerp betopiaerp.addons.web.tests.test_partner: Starting TestPartnerVCard.test_check_partner_access_for_user ... 
2026-02-09 10:14:27,527 1 INFO betopiaerp betopiaerp.addons.base.models.res_users: Login successful for login:admin from n/a 
2026-02-09 10:14:27,549 1 INFO betopiaerp betopiaerp.addons.base.models.res_users: Login successful for login:testuser from n/a 
2026-02-09 10:14:27,552 1 INFO betopiaerp betopiaerp.addons.base.models.ir_http: Generating routing map for key None 
2026-02-09 10:14:27,567 1 INFO betopiaerp betopiaerp.addons.base.models.ir_rule: Access Denied by record rules for operation: read on record ids: [1416, 1417], uid: 375, model: res.partner 
2026-02-09 10:14:27,571 1 INFO betopiaerp betopiaerp.addons.base.models.ir_rule: Access Denied by record rules for operation: read on record ids: [1416], uid: 375, model: res.partner 
2026-02-09 10:14:27,574 1 INFO betopiaerp werkzeug: 127.0.0.1 - - [09/Feb/2026 10:14:27] "GET /web/partner/vcard?partner_ids=1416,1417 HTTP/1.1" 403 - 25 0.005 0.017
2026-02-09 10:14:27,575 1 INFO betopiaerp betopiaerp.addons.web.tests.test_partner: Starting TestPartnerVCard.test_fetch_multiple_partners_vcard ... 
2026-02-09 10:14:27,586 1 INFO betopiaerp betopiaerp.addons.base.models.res_users: Login successful for login:admin from n/a 
2026-02-09 10:14:27,591 1 INFO betopiaerp betopiaerp.addons.base.models.ir_http: Generating routing map for key None 
2026-02-09 10:14:27,613 1 INFO betopiaerp werkzeug: 127.0.0.1 - - [09/Feb/2026 10:14:27] "GET /web/partner/vcard?partner_ids=1420,1421 HTTP/1.1" 200 - 24 0.006 0.016
2026-02-09 10:14:27,619 1 INFO betopiaerp betopiaerp.addons.web.tests.test_partner: Starting TestPartnerVCard.test_fetch_single_partner_vcard ... 
2026-02-09 10:14:27,628 1 INFO betopiaerp betopiaerp.addons.base.models.res_users: Login successful for login:admin from n/a 
2026-02-09 10:14:27,633 1 INFO betopiaerp betopiaerp.addons.base.models.ir_http: Generating routing map for key None 
2026-02-09 10:14:27,653 1 INFO betopiaerp werkzeug: 127.0.0.1 - - [09/Feb/2026 10:14:27] "GET /web_enterprise/partner/1423/vcard HTTP/1.1" 200 - 24 0.006 0.015
2026-02-09 10:14:27,657 1 INFO betopiaerp betopiaerp.addons.web.tests.test_partner: Starting TestPartnerVCard.test_fetch_single_partner_vcard_without_name ... 
2026-02-09 10:14:27,667 1 INFO betopiaerp betopiaerp.addons.base.models.res_users: Login successful for login:admin from n/a 
2026-02-09 10:14:27,671 1 INFO betopiaerp betopiaerp.addons.base.models.ir_http: Generating routing map for key None 
2026-02-09 10:14:27,693 1 INFO betopiaerp werkzeug: 127.0.0.1 - - [09/Feb/2026 10:14:27] "GET /web/partner/vcard?partner_ids=1428 HTTP/1.1" 200 - 22 0.005 0.017
2026-02-09 10:14:27,696 1 INFO betopiaerp betopiaerp.addons.web.tests.test_partner: Starting TestPartnerVCard.test_not_exist_partner_vcard ... 
2026-02-09 10:14:27,696 1 INFO betopiaerp betopiaerp.addons.web.tests.test_partner: skipped TestPartnerVCard.test_not_exist_partner_vcard :  
2026-02-09 10:14:27,698 1 INFO betopiaerp betopiaerp.addons.base.models.ir_attachment: filestore gc 0 checked, 0 removed 
2026-02-09 10:14:27,780 1 INFO betopiaerp betopiaerp.addons.web.tests.test_perf_load_menu: Starting TestPerfSessionInfo.test_load_menus_perf ... 
2026-02-09 10:14:27,785 1 INFO betopiaerp betopiaerp.registry: Invalidating all model caches from test_load_menus_perf /opt/betopiaerp/addons/web/tests/test_perf_load_menu.py:71 
2026-02-09 10:14:27,808 1 INFO betopiaerp betopiaerp.addons.web.tests.test_perf_load_menu: Query count less than expected for user session: 14 < 57 in test_load_menus_perf at /opt/betopiaerp/addons/web/tests/test_perf_load_menu.py:76 
2026-02-09 10:14:27,820 1 INFO betopiaerp betopiaerp.addons.web.tests.test_perf_load_menu: Query count less than expected for user session: 0 < 1 in test_load_menus_perf at /opt/betopiaerp/addons/web/tests/test_perf_load_menu.py:83 
2026-02-09 10:14:27,821 1 INFO betopiaerp betopiaerp.addons.web.tests.test_perf_load_menu: Starting TestPerfSessionInfo.test_load_web_menus_perf ... 
2026-02-09 10:14:27,821 1 INFO betopiaerp betopiaerp.registry: Invalidating all model caches from test_load_web_menus_perf /opt/betopiaerp/addons/web/tests/test_perf_load_menu.py:55 
2026-02-09 10:14:27,840 1 INFO betopiaerp betopiaerp.addons.web.tests.test_perf_load_menu: Query count less than expected for user session: 14 < 57 in test_load_web_menus_perf at /opt/betopiaerp/addons/web/tests/test_perf_load_menu.py:60 
2026-02-09 10:14:27,850 1 INFO betopiaerp betopiaerp.addons.web.tests.test_perf_load_menu: Query count less than expected for user session: 0 < 1 in test_load_web_menus_perf at /opt/betopiaerp/addons/web/tests/test_perf_load_menu.py:67 
2026-02-09 10:14:27,851 1 INFO betopiaerp betopiaerp.addons.web.tests.test_perf_load_menu: Starting TestPerfSessionInfo.test_performance_session_info ... 
2026-02-09 10:14:27,853 1 INFO betopiaerp betopiaerp.addons.base.models.res_users: Login successful for login:session from n/a 
2026-02-09 10:14:27,856 1 INFO betopiaerp betopiaerp.registry: Invalidating all model caches from test_performance_session_info /opt/betopiaerp/addons/web/tests/test_perf_load_menu.py:33 
2026-02-09 10:14:27,858 1 INFO betopiaerp betopiaerp.addons.base.models.ir_http: Generating routing map for key None 
2026-02-09 10:14:27,884 1 INFO betopiaerp werkzeug: 127.0.0.1 - - [09/Feb/2026 10:14:27] "POST /web/session/get_session_info HTTP/1.1" 200 - 35 0.006 0.020
2026-02-09 10:14:27,895 1 INFO betopiaerp betopiaerp.addons.web.tests.test_perf_load_menu: Query count less than expected for user session: 35 < 122 in test_performance_session_info at /opt/betopiaerp/addons/web/tests/test_perf_load_menu.py:37 
2026-02-09 10:14:27,902 1 INFO betopiaerp werkzeug: 127.0.0.1 - - [09/Feb/2026 10:14:27] "POST /web/session/get_session_info HTTP/1.1" 200 - 6 0.001 0.004
2026-02-09 10:14:27,914 1 INFO betopiaerp betopiaerp.addons.web.tests.test_perf_load_menu: Query count less than expected for user session: 6 < 32 in test_performance_session_info at /opt/betopiaerp/addons/web/tests/test_perf_load_menu.py:47 
2026-02-09 10:14:27,915 1 INFO betopiaerp betopiaerp.addons.web.tests.test_perf_load_menu: Starting TestPerfSessionInfo.test_visible_menu_ids ... 
2026-02-09 10:14:27,915 1 INFO betopiaerp betopiaerp.registry: Invalidating all model caches from test_visible_menu_ids /opt/betopiaerp/addons/web/tests/test_perf_load_menu.py:87 
2026-02-09 10:14:27,930 1 INFO betopiaerp betopiaerp.addons.web.tests.test_perf_load_menu: Query count less than expected for user session: 13 < 21 in test_visible_menu_ids at /opt/betopiaerp/addons/web/tests/test_perf_load_menu.py:92 
2026-02-09 10:14:27,933 1 INFO betopiaerp betopiaerp.addons.base.models.ir_attachment: filestore gc 1 checked, 1 removed 
2026-02-09 10:14:27,935 1 INFO betopiaerp betopiaerp.addons.web.tests.test_profiler: Starting TestProfilingWeb.test_profile_test_tool ... 
2026-02-09 10:14:27,938 1 INFO betopiaerp betopiaerp.addons.base.models.ir_http: Generating routing map for key None 
2026-02-09 10:14:27,981 1 INFO betopiaerp betopiaerp.tools.profiler: ir_profile 10 (2026-02-09 10:14:27 test_profile_test_tool) created 
2026-02-09 10:14:27,982 1 INFO betopiaerp werkzeug: 127.0.0.1 - - [09/Feb/2026 10:14:27] "GET /web HTTP/1.1" 303 - 5 0.001 0.043
2026-02-09 10:14:33,443 1 INFO betopiaerp betopiaerp.tools.profiler: ir_profile 11 (2026-02-09 10:14:27 test_profile_test_tool) created 
2026-02-09 10:14:33,444 1 INFO betopiaerp werkzeug: 127.0.0.1 - - [09/Feb/2026 10:14:33] "GET /web/login?redirect=/web? HTTP/1.1" 200 - 52 0.455 5.005
2026-02-09 10:14:33,601 1 INFO betopiaerp betopiaerp.tools.profiler: ir_profile 12 (2026-02-09 10:14:27 test_profile_test_tool) created 
2026-02-09 10:14:33,603 1 INFO betopiaerp betopiaerp.addons.web.tests.test_profiler: Starting TestProfilingWeb.test_profiling_enabled ... 
2026-02-09 10:14:33,606 1 INFO betopiaerp betopiaerp.addons.base.models.res_users: Login successful for login:admin from n/a 
2026-02-09 10:14:33,613 1 INFO betopiaerp betopiaerp.addons.base.models.ir_http: Generating routing map for key None 
2026-02-09 10:14:33,630 1 INFO betopiaerp betopiaerp.addons.base.models.ir_profile: User Administrator started profiling 
2026-02-09 10:14:33,634 1 INFO betopiaerp werkzeug: 127.0.0.1 - - [09/Feb/2026 10:14:33] "POST /web/dataset/call_kw/ir.profile/set_profiling#ir.profile.set_profiling HTTP/1.1" 200 - 16 0.003 0.019
2026-02-09 10:14:33,642 1 INFO betopiaerp betopiaerp.addons.base.models.ir_profile: User Administrator started profiling 
2026-02-09 10:14:33,644 1 INFO betopiaerp werkzeug: 127.0.0.1 - - [09/Feb/2026 10:14:33] "POST /web/dataset/call_kw/ir.profile/set_profiling#ir.profile.set_profiling HTTP/1.1" 200 - 9 0.002 0.004
2026-02-09 10:14:38,381 1 INFO betopiaerp betopiaerp.tools.profiler: ir_profile 13 (2026-02-09 10:14:33 Administrator) created 
2026-02-09 10:14:38,382 1 INFO betopiaerp werkzeug: 127.0.0.1 - - [09/Feb/2026 10:14:38] "GET /web/login HTTP/1.1" 200 - 44 0.012 4.724
2026-02-09 10:14:38,388 1 INFO betopiaerp betopiaerp.addons.base.models.ir_attachment: filestore gc 0 checked, 0 removed 
2026-02-09 10:14:38,392 1 INFO betopiaerp betopiaerp.addons.web.tests.test_profiler: Starting TestProfilingModes.test_profile_collectors ... 
2026-02-09 10:14:38,398 1 INFO betopiaerp betopiaerp.addons.base.models.res_users: Login successful for login:admin from n/a 
2026-02-09 10:14:38,404 1 INFO betopiaerp betopiaerp.addons.base.models.ir_http: Generating routing map for key None 
2026-02-09 10:14:38,414 1 INFO betopiaerp werkzeug: 127.0.0.1 - - [09/Feb/2026 10:14:38] "POST /web/dataset/call_kw/ir.profile/set_profiling#ir.profile.set_profiling HTTP/1.1" 200 - 2 0.000 0.010
2026-02-09 10:14:38,419 1 INFO betopiaerp betopiaerp.addons.base.models.ir_profile: User Administrator started profiling 
2026-02-09 10:14:38,420 1 INFO betopiaerp werkzeug: 127.0.0.1 - - [09/Feb/2026 10:14:38] "POST /web/dataset/call_kw/ir.profile/set_profiling#ir.profile.set_profiling HTTP/1.1" 200 - 4 0.001 0.003
2026-02-09 10:14:38,423 1 INFO betopiaerp werkzeug: 127.0.0.1 - - [09/Feb/2026 10:14:38] "POST /web/dataset/call_kw/ir.profile/set_profiling#ir.profile.set_profiling HTTP/1.1" 200 - 0 0.000 0.001
2026-02-09 10:14:38,426 1 INFO betopiaerp werkzeug: 127.0.0.1 - - [09/Feb/2026 10:14:38] "POST /web/dataset/call_kw/ir.profile/set_profiling#ir.profile.set_profiling HTTP/1.1" 200 - 0 0.000 0.001
2026-02-09 10:14:38,430 1 INFO betopiaerp betopiaerp.addons.base.models.ir_profile: User Administrator started profiling 
2026-02-09 10:14:38,431 1 INFO betopiaerp werkzeug: 127.0.0.1 - - [09/Feb/2026 10:14:38] "POST /web/dataset/call_kw/ir.profile/set_profiling#ir.profile.set_profiling HTTP/1.1" 200 - 2 0.001 0.003
2026-02-09 10:14:38,434 1 INFO betopiaerp betopiaerp.addons.base.models.ir_attachment: filestore gc 0 checked, 0 removed 
2026-02-09 10:14:38,436 1 INFO betopiaerp betopiaerp.addons.web.tests.test_profiler: Starting TestProfilingPublic.test_public_user_profiling ... 
2026-02-09 10:14:38,440 1 INFO betopiaerp betopiaerp.addons.base.models.ir_http: Generating routing map for key None 
2026-02-09 10:14:38,451 1 INFO betopiaerp betopiaerp.addons.base.models.ir_profile: User Public user started profiling 
2026-02-09 10:14:38,455 1 INFO betopiaerp werkzeug: 127.0.0.1 - - [09/Feb/2026 10:14:38] "GET /web/set_profiling?profile=1 HTTP/1.1" 500 - 16 0.003 0.013
2026-02-09 10:14:38,462 1 INFO betopiaerp betopiaerp.addons.base.models.ir_profile: User Public user started profiling 
2026-02-09 10:14:38,463 1 INFO betopiaerp werkzeug: 127.0.0.1 - - [09/Feb/2026 10:14:38] "GET /web/set_profiling?profile=1 HTTP/1.1" 200 - 9 0.001 0.003
2026-02-09 10:14:43,986 1 INFO betopiaerp betopiaerp.tools.profiler: ir_profile 14 (2026-02-09 10:14:38 Public user) created 
2026-02-09 10:14:43,987 1 INFO betopiaerp werkzeug: 127.0.0.1 - - [09/Feb/2026 10:14:43] "GET /web/login HTTP/1.1" 200 - 45 0.437 5.085
2026-02-09 10:14:43,992 1 INFO betopiaerp betopiaerp.addons.base.models.ir_attachment: filestore gc 0 checked, 0 removed 
2026-02-09 10:14:44,019 1 INFO betopiaerp betopiaerp.addons.web.tests.test_res_users: Starting TestUserSettings.test_user_group_settings ... 
2026-02-09 10:14:44,039 1 WARNING betopiaerp betopiaerp.addons.web.tests.test_res_users.TestUserSettings.test_user_group_settings: websocket-client module is not installed 
2026-02-09 10:14:44,039 1 INFO betopiaerp betopiaerp.addons.web.tests.test_res_users: skipped TestUserSettings.test_user_group_settings : websocket-client module is not installed 
2026-02-09 10:14:44,043 1 INFO betopiaerp betopiaerp.addons.base.models.ir_attachment: filestore gc 1 checked, 1 removed 
2026-02-09 10:14:44,044 1 INFO betopiaerp betopiaerp.addons.web.tests.test_web_search_read: Starting TestWebSearchRead.test_unity_web_search_read ... 
2026-02-09 10:14:44,047 1 INFO betopiaerp betopiaerp.addons.web.tests.test_web_search_read: Starting TestWebSearchRead.test_web_name_search ... 
2026-02-09 10:14:44,050 1 INFO betopiaerp betopiaerp.addons.base.models.ir_attachment: filestore gc 0 checked, 0 removed 
2026-02-09 10:14:44,076 1 INFO betopiaerp betopiaerp.addons.web.tests.test_webmanifest: Starting WebManifestRoutesTest.test_apple_touch_icon ... 
2026-02-09 10:14:44,083 1 INFO betopiaerp betopiaerp.addons.base.models.res_users: Login successful for login:demo from n/a 
2026-02-09 10:14:44,093 1 INFO ? werkzeug: 127.0.0.1 - - [09/Feb/2026 10:14:44] "GET /web/static/img/BetopiaERP-icon-ios.png HTTP/1.1" 200 - 0 0.000 0.006
2026-02-09 10:14:44,096 1 INFO betopiaerp betopiaerp.addons.base.models.ir_http: Generating routing map for key None 
2026-02-09 10:14:56,409 1 INFO betopiaerp werkzeug: 127.0.0.1 - - [09/Feb/2026 10:14:56] "GET /BetopiaERP HTTP/1.1" 200 - 55 0.013 12.301
2026-02-09 10:14:56,415 1 INFO betopiaerp betopiaerp.addons.web.tests.test_webmanifest: ====================================================================== 
2026-02-09 10:14:56,416 1 ERROR betopiaerp betopiaerp.addons.web.tests.test_webmanifest: ERROR: WebManifestRoutesTest.test_apple_touch_icon
Traceback (most recent call last):
  File "/usr/local/lib/python3.12/site-packages/urllib3/connectionpool.py", line 537, in _make_request
    response = conn.getresponse()
               ^^^^^^^^^^^^^^^^^^
  File "/usr/local/lib/python3.12/site-packages/urllib3/connection.py", line 461, in getresponse
    httplib_response = super().getresponse()
                       ^^^^^^^^^^^^^^^^^^^^^
  File "/usr/local/lib/python3.12/http/client.py", line 1430, in getresponse
    response.begin()
  File "/usr/local/lib/python3.12/http/client.py", line 331, in begin
    version, status, reason = self._read_status()
                              ^^^^^^^^^^^^^^^^^^^
  File "/usr/local/lib/python3.12/http/client.py", line 292, in _read_status
    line = str(self.fp.readline(_MAXLINE + 1), "iso-8859-1")
               ^^^^^^^^^^^^^^^^^^^^^^^^^^^^^^
  File "/usr/local/lib/python3.12/socket.py", line 720, in readinto
    return self._sock.recv_into(b)
           ^^^^^^^^^^^^^^^^^^^^^^^
TimeoutError: timed out

The above exception was the direct cause of the following exception:

Traceback (most recent call last):
  File "/usr/local/lib/python3.12/site-packages/requests/adapters.py", line 486, in send
    resp = conn.urlopen(
           ^^^^^^^^^^^^^
  File "/usr/local/lib/python3.12/site-packages/urllib3/connectionpool.py", line 845, in urlopen
    retries = retries.increment(
              ^^^^^^^^^^^^^^^^^^
  File "/usr/local/lib/python3.12/site-packages/urllib3/util/retry.py", line 470, in increment
    raise reraise(type(error), error, _stacktrace)
          ^^^^^^^^^^^^^^^^^^^^^^^^^^^^^^^^^^^^^^^^
  File "/usr/local/lib/python3.12/site-packages/urllib3/util/util.py", line 39, in reraise
    raise value
  File "/usr/local/lib/python3.12/site-packages/urllib3/connectionpool.py", line 791, in urlopen
    response = self._make_request(
               ^^^^^^^^^^^^^^^^^^^
  File "/usr/local/lib/python3.12/site-packages/urllib3/connectionpool.py", line 539, in _make_request
    self._raise_timeout(err=e, url=url, timeout_value=read_timeout)
  File "/usr/local/lib/python3.12/site-packages/urllib3/connectionpool.py", line 371, in _raise_timeout
    raise ReadTimeoutError(
urllib3.exceptions.ReadTimeoutError: HTTPConnectionPool(host='127.0.0.1', port=8069): Read timed out. (read timeout=12)

During handling of the above exception, another exception occurred:

Traceback (most recent call last):
  File "/opt/betopiaerp/addons/web/tests/test_webmanifest.py", line 105, in test_apple_touch_icon
    document = self.url_open("/BetopiaERP")
               ^^^^^^^^^^^^^^^^^^^^^^^^^^^^
  File "/opt/betopiaerp/betopiaerp/tests/common.py", line 2289, in url_open
    return self.opener.request(method, url, params=params, data=data, json=json, files=files, timeout=timeout, headers=headers, cookies=cookies, allow_redirects=allow_redirects)
           ^^^^^^^^^^^^^^^^^^^^^^^^^^^^^^^^^^^^^^^^^^^^^^^^^^^^^^^^^^^^^^^^^^^^^^^^^^^^^^^^^^^^^^^^^^^^^^^^^^^^^^^^^^^^^^^^^^^^^^^^^^^^^^^^^^^^^^^^^^^^^^^^^^^^^^^^^^^^^^^^^^^^^^
  File "/opt/betopiaerp/betopiaerp/tests/common.py", line 2134, in request
    return super().request(*args, **kwargs)
           ^^^^^^^^^^^^^^^^^^^^^^^^^^^^^^^^
  File "/usr/local/lib/python3.12/site-packages/requests/sessions.py", line 589, in request
    resp = self.send(prep, **send_kwargs)
           ^^^^^^^^^^^^^^^^^^^^^^^^^^^^^^
  File "/opt/betopiaerp/betopiaerp/tests/common.py", line 408, in <lambda>
    lambda s, r, **kwargs: cls._request_handler(s, r, **kwargs),
                           ^^^^^^^^^^^^^^^^^^^^^^^^^^^^^^^^^^^^
  File "/opt/betopiaerp/betopiaerp/tests/common.py", line 350, in _request_handler
    return _super_send(s, r, **kw)
           ^^^^^^^^^^^^^^^^^^^^^^^
  File "/usr/local/lib/python3.12/site-packages/requests/sessions.py", line 703, in send
    r = adapter.send(request, **kwargs)
        ^^^^^^^^^^^^^^^^^^^^^^^^^^^^^^^
  File "/usr/local/lib/python3.12/site-packages/requests/adapters.py", line 532, in send
    raise ReadTimeout(e, request=request)
requests.exceptions.ReadTimeout: HTTPConnectionPool(host='127.0.0.1', port=8069): Read timed out. (read timeout=12)
 
2026-02-09 10:14:56,417 1 INFO betopiaerp betopiaerp.addons.web.tests.test_webmanifest: Starting WebManifestRoutesTest.test_offline_url ... 
2026-02-09 10:14:56,419 1 INFO betopiaerp betopiaerp.addons.base.models.ir_http: Generating routing map for key None 
2026-02-09 10:14:56,443 1 INFO betopiaerp werkzeug: 127.0.0.1 - - [09/Feb/2026 10:14:56] "GET /BetopiaERP/offline HTTP/1.1" 200 - 12 0.003 0.020
2026-02-09 10:14:56,445 1 INFO betopiaerp betopiaerp.addons.web.tests.test_webmanifest: Starting WebManifestRoutesTest.test_serviceworker ... 
2026-02-09 10:14:56,448 1 INFO betopiaerp betopiaerp.addons.base.models.ir_http: Generating routing map for key None 
2026-02-09 10:14:56,465 1 INFO betopiaerp werkzeug: 127.0.0.1 - - [09/Feb/2026 10:14:56] "GET /web/service-worker.js HTTP/1.1" 200 - 6 0.002 0.015
2026-02-09 10:14:56,466 1 INFO betopiaerp betopiaerp.addons.web.tests.test_webmanifest: Starting WebManifestRoutesTest.test_webmanifest ... 
2026-02-09 10:14:56,469 1 INFO betopiaerp betopiaerp.addons.base.models.res_users: Login successful for login:admin from n/a 
2026-02-09 10:14:56,474 1 INFO betopiaerp betopiaerp.addons.base.models.ir_http: Generating routing map for key None 
2026-02-09 10:14:56,491 1 INFO betopiaerp werkzeug: 127.0.0.1 - - [09/Feb/2026 10:14:56] "GET /web/manifest.webmanifest HTTP/1.1" 200 - 19 0.004 0.013
2026-02-09 10:14:56,493 1 INFO betopiaerp betopiaerp.addons.web.tests.test_webmanifest: Starting WebManifestRoutesTest.test_webmanifest_scoped ... 
2026-02-09 10:14:56,495 1 INFO betopiaerp betopiaerp.addons.base.models.ir_http: Generating routing map for key None 
2026-02-09 10:14:56,507 1 INFO betopiaerp werkzeug: 127.0.0.1 - - [09/Feb/2026 10:14:56] "GET /web/manifest.scoped_app_manifest?app_id=test&path=/test&app_name=Test HTTP/1.1" 200 - 6 0.001 0.011
2026-02-09 10:14:56,509 1 INFO betopiaerp betopiaerp.addons.web.tests.test_webmanifest: Starting WebManifestRoutesTest.test_webmanifest_unauthenticated ... 
2026-02-09 10:14:56,511 1 INFO betopiaerp betopiaerp.addons.base.models.ir_http: Generating routing map for key None 
2026-02-09 10:14:56,525 1 INFO betopiaerp betopiaerp.addons.base.models.ir_model: Access Denied by ACLs for operation: read, uid: 3, model: ir.module.module 
2026-02-09 10:14:56,527 1 INFO betopiaerp werkzeug: 127.0.0.1 - - [09/Feb/2026 10:14:56] "GET /web/manifest.webmanifest HTTP/1.1" 200 - 18 0.004 0.013
2026-02-09 10:14:56,531 1 INFO betopiaerp betopiaerp.addons.base.models.ir_attachment: filestore gc 1 checked, 1 removed 
2026-02-09 10:14:56,569 1 INFO betopiaerp betopiaerp.addons.api_doc.tests.test_doc: Starting TestDoc.test_doc_access ... 
2026-02-09 10:14:56,591 1 INFO betopiaerp betopiaerp.addons.base.models.res_users: Login successful for login:test_doc_access from n/a 
2026-02-09 10:14:56,597 1 INFO betopiaerp betopiaerp.addons.base.models.ir_http: Generating routing map for key None 
2026-02-09 10:14:56,607 1 INFO betopiaerp werkzeug: 127.0.0.1 - - [09/Feb/2026 10:14:56] "GET /doc HTTP/1.1" 403 - 5 0.001 0.010
2026-02-09 10:14:56,617 1 INFO betopiaerp werkzeug: 127.0.0.1 - - [09/Feb/2026 10:14:56] "GET /doc/index.json HTTP/1.1" 403 - 2 0.000 0.007
2026-02-09 10:14:56,627 1 INFO betopiaerp werkzeug: 127.0.0.1 - - [09/Feb/2026 10:14:56] "GET /doc/res.company.json HTTP/1.1" 403 - 2 0.000 0.007
2026-02-09 10:14:56,629 1 INFO betopiaerp betopiaerp.addons.api_doc.tests.test_doc: Starting TestDoc.test_doc_cache ... 
2026-02-09 10:14:56,632 1 INFO betopiaerp betopiaerp.addons.base.models.res_users: Login successful for login:demo from n/a 
2026-02-09 10:14:56,638 1 INFO betopiaerp betopiaerp.addons.base.models.ir_http: Generating routing map for key None 
2026-02-09 10:14:56,706 1 INFO betopiaerp betopiaerp.addons.api_doc.controllers.api_doc: new index attachment: BetopiaERP-doc-index-5-071718df9d24dbea77ca0bce8e86c8f2a1c349ff95de7fd6115a2df820d3e262.json 
2026-02-09 10:14:56,708 1 INFO betopiaerp werkzeug: 127.0.0.1 - - [09/Feb/2026 10:14:56] "GET /doc/index.json HTTP/1.1" 200 - 26 0.013 0.058
2026-02-09 10:14:56,713 1 INFO betopiaerp werkzeug: 127.0.0.1 - - [09/Feb/2026 10:14:56] "GET /doc/index.json HTTP/1.1" 304 - 2 0.001 0.002
2026-02-09 10:14:56,716 1 INFO betopiaerp betopiaerp.addons.base.models.res_users: Login successful for login:admin from n/a 
2026-02-09 10:14:56,811 1 INFO betopiaerp betopiaerp.addons.api_doc.controllers.api_doc: new index attachment: BetopiaERP-doc-index-5-9769488ad967dc012bfd3047dce8c2d712d86992275d2bb5a122a0e25ad04f1a.json 
2026-02-09 10:14:56,813 1 INFO betopiaerp werkzeug: 127.0.0.1 - - [09/Feb/2026 10:14:56] "GET /doc/index.json HTTP/1.1" 200 - 15 0.012 0.081
2026-02-09 10:14:56,816 1 INFO betopiaerp betopiaerp.addons.api_doc.tests.test_doc: Starting TestDoc.test_doc_index_bearer ... 
2026-02-09 10:14:56,827 1 INFO betopiaerp betopiaerp.addons.base.models.res_users: Users API Keys generated: scope: <rpc> for 'demo' (#379) from n/a 
2026-02-09 10:14:56,830 1 INFO betopiaerp betopiaerp.addons.base.models.ir_http: Generating routing map for key None 
2026-02-09 10:14:56,898 1 INFO betopiaerp betopiaerp.addons.api_doc.controllers.api_doc: new index attachment: BetopiaERP-doc-index-5-071718df9d24dbea77ca0bce8e86c8f2a1c349ff95de7fd6115a2df820d3e262.json 
2026-02-09 10:14:56,900 1 INFO betopiaerp werkzeug: 127.0.0.1 - - [09/Feb/2026 10:14:56] "GET /doc-bearer/index.json HTTP/1.1" 200 - 23 0.012 0.059
2026-02-09 10:14:56,903 1 INFO betopiaerp betopiaerp.addons.api_doc.tests.test_doc: Starting TestDoc.test_doc_index_user ... 
2026-02-09 10:14:56,906 1 INFO betopiaerp betopiaerp.addons.base.models.res_users: Login successful for login:demo from n/a 
2026-02-09 10:14:56,912 1 INFO betopiaerp betopiaerp.addons.base.models.ir_http: Generating routing map for key None 
2026-02-09 10:14:56,979 1 INFO betopiaerp betopiaerp.addons.api_doc.controllers.api_doc: new index attachment: BetopiaERP-doc-index-5-071718df9d24dbea77ca0bce8e86c8f2a1c349ff95de7fd6115a2df820d3e262.json 
2026-02-09 10:14:56,982 1 INFO betopiaerp werkzeug: 127.0.0.1 - - [09/Feb/2026 10:14:56] "GET /doc/index.json HTTP/1.1" 200 - 26 0.012 0.059
2026-02-09 10:14:56,984 1 INFO betopiaerp betopiaerp.addons.api_doc.tests.test_doc: Starting TestDoc.test_doc_model_bearer ... 
2026-02-09 10:14:56,994 1 INFO betopiaerp betopiaerp.addons.base.models.res_users: Users API Keys generated: scope: <rpc> for 'demo' (#379) from n/a 
2026-02-09 10:14:56,996 1 INFO betopiaerp betopiaerp.addons.base.models.ir_http: Generating routing map for key None 
2026-02-09 10:14:57,161 1 INFO betopiaerp werkzeug: 127.0.0.1 - - [09/Feb/2026 10:14:57] "GET /doc-bearer/res.partner.json HTTP/1.1" 200 - 17 0.006 0.160
2026-02-09 10:14:57,164 1 INFO betopiaerp betopiaerp.addons.api_doc.tests.test_doc: Starting TestDoc.test_doc_model_user ... 
2026-02-09 10:14:57,167 1 INFO betopiaerp betopiaerp.addons.base.models.res_users: Login successful for login:demo from n/a 
2026-02-09 10:14:57,171 1 INFO betopiaerp betopiaerp.addons.base.models.ir_http: Generating routing map for key None 
2026-02-09 10:14:57,362 1 INFO betopiaerp werkzeug: 127.0.0.1 - - [09/Feb/2026 10:14:57] "GET /doc/res.partner.json HTTP/1.1" 200 - 20 0.007 0.185
2026-02-09 10:14:57,365 1 INFO betopiaerp betopiaerp.addons.api_doc.tests.test_doc: Starting TestDoc.test_doc_web_client ... 
2026-02-09 10:14:57,368 1 INFO betopiaerp betopiaerp.addons.base.models.res_users: Login successful for login:demo from n/a 
2026-02-09 10:14:57,372 1 INFO betopiaerp betopiaerp.addons.base.models.ir_http: Generating routing map for key None 
2026-02-09 10:14:58,433 1 INFO betopiaerp werkzeug: 127.0.0.1 - - [09/Feb/2026 10:14:58] "GET /doc HTTP/1.1" 200 - 20 0.004 1.057
2026-02-09 10:14:58,435 1 INFO betopiaerp betopiaerp.addons.api_doc.tests.test_doc: Starting TestDoc.test_ghost_model_robustness ... 
2026-02-09 10:14:58,441 1 INFO betopiaerp betopiaerp.addons.base.models.res_users: Login successful for login:demo from n/a 
2026-02-09 10:14:58,447 1 INFO betopiaerp betopiaerp.addons.base.models.ir_http: Generating routing map for key None 
2026-02-09 10:14:58,514 1 INFO betopiaerp betopiaerp.addons.api_doc.controllers.api_doc: new index attachment: BetopiaERP-doc-index-5-071718df9d24dbea77ca0bce8e86c8f2a1c349ff95de7fd6115a2df820d3e262.json 
2026-02-09 10:14:58,515 1 INFO betopiaerp werkzeug: 127.0.0.1 - - [09/Feb/2026 10:14:58] "GET /doc/index.json HTTP/1.1" 200 - 26 0.011 0.058
2026-02-09 10:14:58,517 1 INFO betopiaerp betopiaerp.addons.api_doc.tests.test_doc: Starting TestDoc.test_parse_signature ... 
2026-02-09 10:14:58,535 1 INFO betopiaerp betopiaerp.addons.base.models.ir_attachment: filestore gc 4 checked, 4 removed 
2026-02-09 10:14:58,555 1 INFO betopiaerp betopiaerp.addons.auth_totp.tests.test_apikeys: Starting TestAPIKeys.test_addremove ... 
2026-02-09 10:14:58,574 1 WARNING betopiaerp betopiaerp.addons.auth_totp.tests.test_apikeys.TestAPIKeys.test_addremove: websocket-client module is not installed 
2026-02-09 10:14:58,574 1 INFO betopiaerp betopiaerp.addons.auth_totp.tests.test_apikeys: skipped TestAPIKeys.test_addremove : websocket-client module is not installed 
2026-02-09 10:14:58,575 1 INFO betopiaerp betopiaerp.addons.auth_totp.tests.test_apikeys: Starting TestAPIKeys.test_apikeys_totp ... 
2026-02-09 10:14:58,587 1 WARNING betopiaerp betopiaerp.addons.auth_totp.tests.test_apikeys.TestAPIKeys.test_apikeys_totp: websocket-client module is not installed 
2026-02-09 10:14:58,587 1 INFO betopiaerp betopiaerp.addons.auth_totp.tests.test_apikeys: skipped TestAPIKeys.test_apikeys_totp : websocket-client module is not installed 
2026-02-09 10:14:58,590 1 INFO betopiaerp betopiaerp.addons.base.models.ir_attachment: filestore gc 1 checked, 1 removed 
2026-02-09 10:14:58,609 1 INFO betopiaerp betopiaerp.addons.auth_totp.tests.test_totp: Starting TestTOTP.test_totp ... 
2026-02-09 10:14:58,628 1 WARNING betopiaerp betopiaerp.addons.auth_totp.tests.test_totp.TestTOTP.test_totp: websocket-client module is not installed 
2026-02-09 10:14:58,628 1 INFO betopiaerp betopiaerp.addons.auth_totp.tests.test_totp: skipped TestTOTP.test_totp : websocket-client module is not installed 
2026-02-09 10:14:58,628 1 INFO betopiaerp betopiaerp.addons.auth_totp.tests.test_totp: Starting TestTOTP.test_totp_administration ... 
2026-02-09 10:14:58,640 1 WARNING betopiaerp betopiaerp.addons.auth_totp.tests.test_totp.TestTOTP.test_totp_administration: websocket-client module is not installed 
2026-02-09 10:14:58,640 1 INFO betopiaerp betopiaerp.addons.auth_totp.tests.test_totp: skipped TestTOTP.test_totp_administration : websocket-client module is not installed 
2026-02-09 10:14:58,640 1 INFO betopiaerp betopiaerp.addons.auth_totp.tests.test_totp: Starting TestTOTP.test_totp_authenticate ... 
2026-02-09 10:14:58,652 1 WARNING betopiaerp betopiaerp.addons.auth_totp.tests.test_totp.TestTOTP.test_totp_authenticate: websocket-client module is not installed 
2026-02-09 10:14:58,652 1 INFO betopiaerp betopiaerp.addons.auth_totp.tests.test_totp: skipped TestTOTP.test_totp_authenticate : websocket-client module is not installed 
2026-02-09 10:14:58,655 1 INFO betopiaerp betopiaerp.addons.base.models.ir_attachment: filestore gc 1 checked, 1 removed 
2026-02-09 10:14:58,656 1 INFO betopiaerp betopiaerp.addons.base_import_module.tests.test_import_module: Starting TestImportModule.test_import_and_uninstall_module ... 
2026-02-09 10:14:58,684 1 INFO betopiaerp betopiaerp.addons.base_import_module.models.ir_module: Successfully imported module 'test_module' 
2026-02-09 10:14:58,689 1 INFO betopiaerp betopiaerp.addons.base.models.ir_module: ALLOW access to module.module_uninstall on ['Test Module'] to user __system__ #1 via n/a 
2026-02-09 10:14:58,690 1 INFO betopiaerp betopiaerp.addons.base.models.ir_model: Deleting ir.asset(41,) 
2026-02-09 10:14:58,696 1 INFO betopiaerp betopiaerp.models.unlink: User #1 deleted ir.model.data records with IDs: [44158] 
2026-02-09 10:14:58,696 1 INFO betopiaerp betopiaerp.models.unlink: User #1 deleted ir.asset records with IDs: [41] 
2026-02-09 10:14:58,698 1 INFO betopiaerp betopiaerp.addons.base.models.ir_model: Deleting ir.attachment(2010,) 
2026-02-09 10:14:58,702 1 INFO betopiaerp betopiaerp.models.unlink: User #1 deleted ir.model.data records with IDs: [44157] 
2026-02-09 10:14:58,703 1 INFO betopiaerp betopiaerp.models.unlink: User #1 deleted ir.attachment records with IDs: [2010] 
2026-02-09 10:14:58,705 1 INFO betopiaerp betopiaerp.addons.base.models.ir_model: ir.model.data could not be deleted ([]) 
2026-02-09 10:14:58,707 1 INFO betopiaerp betopiaerp.models.unlink: User #1 deleted ir.model.data records with IDs: [44158, 44157] 
2026-02-09 10:14:58,708 1 INFO betopiaerp betopiaerp.addons.base_import_module.models.ir_module: deleting imported modules upon uninstallation: test_module 
2026-02-09 10:14:58,713 1 INFO betopiaerp betopiaerp.models.unlink: User #1 deleted ir.model.data records with IDs: [44156] 
2026-02-09 10:14:58,714 1 INFO betopiaerp betopiaerp.models.unlink: User #1 deleted ir.module.module records with IDs: [692] 
2026-02-09 10:14:58,716 1 INFO betopiaerp betopiaerp.addons.base_import_module.tests.test_import_module: Starting TestImportModule.test_import_and_update_module ... 
2026-02-09 10:14:58,757 1 INFO betopiaerp betopiaerp.addons.base_import_module.models.ir_module: Successfully imported module 'test_module' 
2026-02-09 10:14:58,777 1 INFO betopiaerp betopiaerp.addons.base_import_module.models.ir_module: Successfully imported module 'test_module' 
2026-02-09 10:14:58,779 1 INFO betopiaerp betopiaerp.addons.base_import_module.tests.test_import_module: Starting TestImportModule.test_import_modules_with_dependencies ... 
2026-02-09 10:14:58,793 1 INFO betopiaerp betopiaerp.addons.base_import_module.models.ir_module: module foo: loading partner.xml 
2026-02-09 10:14:58,802 1 INFO betopiaerp betopiaerp.addons.base_import_module.models.ir_module: Successfully imported module 'foo' 
2026-02-09 10:14:58,810 1 INFO betopiaerp betopiaerp.addons.base_import_module.models.ir_module: Successfully imported module 'bar' 
2026-02-09 10:14:58,817 1 INFO betopiaerp betopiaerp.addons.base_import_module.models.ir_module: module baz: loading partner.xml 
2026-02-09 10:14:58,825 1 INFO betopiaerp betopiaerp.addons.base_import_module.models.ir_module: Successfully imported module 'baz' 
2026-02-09 10:14:58,827 1 INFO betopiaerp betopiaerp.addons.base_import_module.tests.test_import_module: Starting TestImportModule.test_import_wrong_dependencies ... 
2026-02-09 10:14:58,844 1 INFO betopiaerp betopiaerp.addons.base_import_module.tests.test_import_module: Starting TestImportModule.test_import_zip ... 
2026-02-09 10:15:11,059 1 INFO betopiaerp betopiaerp.addons.base_import_module.tests.test_import_module: Starting TestImportModule.test_import_zip_data_not_in_manifest ... 
2026-02-09 10:15:11,079 1 INFO betopiaerp betopiaerp.addons.base_import_module.models.ir_module: module foo: loading foo.xml 
2026-02-09 10:15:11,091 1 INFO betopiaerp betopiaerp.addons.base_import_module.models.ir_module: Successfully imported module 'foo' 
2026-02-09 10:15:11,092 1 INFO betopiaerp betopiaerp.addons.base_import_module.tests.test_import_module: Starting TestImportModule.test_import_zip_extract_only_useful ... 
2026-02-09 10:15:11,108 1 INFO betopiaerp betopiaerp.addons.base_import_module.models.ir_module: module foo: loading data.xml 
2026-02-09 10:15:11,116 1 INFO betopiaerp betopiaerp.addons.base_import_module.models.ir_module: module foo: skip unsupported file res.partner.xls 
2026-02-09 10:15:11,123 1 INFO betopiaerp betopiaerp.addons.base_import_module.models.ir_module: Successfully imported module 'foo' 
2026-02-09 10:15:11,124 1 INFO betopiaerp betopiaerp.addons.base_import_module.tests.test_import_module: Starting TestImportModule.test_import_zip_ignore_unexpected_data_extension ... 
2026-02-09 10:15:11,144 1 INFO betopiaerp betopiaerp.addons.base_import_module.tests.test_import_module: Starting TestImportModule.test_import_zip_invalid_data ... 
2026-02-09 10:15:11,185 1 INFO betopiaerp betopiaerp.addons.base_import_module.tests.test_import_module: Starting TestImportModule.test_import_zip_invalid_manifest ... 
2026-02-09 10:15:11,189 1 INFO betopiaerp betopiaerp.addons.base_import_module.tests.test_import_module: Starting TestImportModule.test_import_zip_wildcard_assets ... 
2026-02-09 10:15:11,208 1 INFO betopiaerp betopiaerp.addons.base_import_module.tests.test_import_module: Starting TestImportModule.test_multiple_file_open_temporary_directory ... 
2026-02-09 10:15:11,212 1 INFO betopiaerp betopiaerp.addons.base.models.ir_attachment: filestore gc 8 checked, 8 removed 
2026-02-09 10:15:11,215 1 INFO betopiaerp betopiaerp.addons.base_import_module.tests.test_import_module: Starting TestImportModuleHttp.test_check_zip_dependencies ... 
2026-02-09 10:15:11,227 1 INFO betopiaerp betopiaerp.addons.base_import_module.tests.test_import_module: Starting TestImportModuleHttp.test_import_module_assets_http ... 
2026-02-09 10:15:11,246 1 INFO betopiaerp betopiaerp.addons.base_import_module.models.ir_module: Successfully imported module 'foo' 
2026-02-09 10:15:11,250 1 INFO betopiaerp betopiaerp.addons.base.models.ir_http: Generating routing map for key None 
2026-02-09 10:15:11,260 1 INFO betopiaerp werkzeug: 127.0.0.1 - - [09/Feb/2026 10:15:11] "GET /foo/static/src/js/test.js HTTP/1.1" 200 - 5 0.001 0.010
2026-02-09 10:15:11,262 1 INFO betopiaerp betopiaerp.addons.base_import_module.tests.test_import_module: Starting TestImportModuleHttp.test_import_module_field_file ... 
2026-02-09 10:15:11,275 1 INFO betopiaerp betopiaerp.addons.base_import_module.models.ir_module: module foo: loading data.xml 
2026-02-09 10:15:11,286 1 INFO betopiaerp betopiaerp.addons.base.models.ir_attachment: Post processing ignored : This file could not be decoded as an image file. 
2026-02-09 10:15:11,290 1 INFO betopiaerp betopiaerp.addons.base_import_module.models.ir_module: Successfully imported module 'foo' 
2026-02-09 10:15:11,294 1 INFO betopiaerp betopiaerp.addons.base.models.ir_http: Generating routing map for key None 
2026-02-09 10:15:11,304 1 INFO betopiaerp werkzeug: 127.0.0.1 - - [09/Feb/2026 10:15:11] "GET /foo/static/src/img/content/logo.png HTTP/1.1" 200 - 5 0.001 0.010
2026-02-09 10:15:11,306 1 INFO betopiaerp betopiaerp.addons.base_import_module.tests.test_import_module: Starting TestImportModuleHttp.test_import_module_icon ... 
2026-02-09 10:15:11,320 1 INFO betopiaerp betopiaerp.addons.base_import_module.models.ir_module: Successfully imported module 'bar' 
2026-02-09 10:15:11,328 1 INFO betopiaerp betopiaerp.addons.base.models.ir_attachment: Post processing ignored : This file could not be decoded as an image file. 
2026-02-09 10:15:11,331 1 INFO betopiaerp betopiaerp.addons.base_import_module.models.ir_module: Successfully imported module 'foo' 
2026-02-09 10:15:11,335 1 INFO betopiaerp betopiaerp.addons.base.models.ir_http: Generating routing map for key None 
2026-02-09 10:15:11,345 1 INFO betopiaerp werkzeug: 127.0.0.1 - - [09/Feb/2026 10:15:11] "GET /foo/static/description/icon.png HTTP/1.1" 200 - 5 0.001 0.009
2026-02-09 10:15:11,355 1 INFO betopiaerp betopiaerp.addons.base.models.ir_attachment: filestore gc 3 checked, 3 removed 
2026-02-09 10:15:11,357 1 INFO betopiaerp betopiaerp.addons.bus.tests.test_assetsbundle: Starting BusWebTests.test_bundle_sends_bus ... 
2026-02-09 10:15:11,361 1 INFO betopiaerp betopiaerp.models.unlink: User #1 deleted ir.attachment records with IDs: [704, 703, 702, 701, 700, 699, 698, 697, 690, 689, 688, 687, 686, 685, 15] 
2026-02-09 10:15:11,363 1 INFO betopiaerp betopiaerp.addons.base.models.ir_http: Generating routing map for key None 
2026-02-09 10:15:20,089 1 INFO betopiaerp betopiaerp.addons.base.models.assetsbundle: Generating a new asset bundle attachment /web/assets/79c07a3/web.assets_web.min.js (id:2024) 
2026-02-09 10:15:20,092 1 INFO betopiaerp werkzeug: 127.0.0.1 - - [09/Feb/2026 10:15:20] "GET /web/assets/any/web.assets_web.min.js HTTP/1.1" 200 - 28 0.006 8.723
2026-02-09 10:15:22,948 1 INFO betopiaerp betopiaerp.addons.base.models.assetsbundle: Generating a new asset bundle attachment /web/assets/8d9a021/web.assets_web.min.css (id:2025) 
2026-02-09 10:15:22,951 1 INFO betopiaerp werkzeug: 127.0.0.1 - - [09/Feb/2026 10:15:22] "GET /web/assets/any/web.assets_web.min.css HTTP/1.1" 200 - 8 0.016 2.816
2026-02-09 10:15:31,735 1 INFO betopiaerp betopiaerp.addons.base.models.assetsbundle: Generating a new asset bundle attachment /web/assets/5587ac6/web.assets_backend.min.js (id:2026) 
2026-02-09 10:15:31,738 1 INFO betopiaerp werkzeug: 127.0.0.1 - - [09/Feb/2026 10:15:31] "GET /web/assets/any/web.assets_backend.min.js HTTP/1.1" 200 - 19 0.005 8.776
2026-02-09 10:15:34,655 1 INFO betopiaerp betopiaerp.addons.base.models.assetsbundle: Generating a new asset bundle attachment /web/assets/8d9a021/web.assets_backend.min.css (id:2027) 
2026-02-09 10:15:34,658 1 INFO betopiaerp werkzeug: 127.0.0.1 - - [09/Feb/2026 10:15:34] "GET /web/assets/any/web.assets_backend.min.css HTTP/1.1" 200 - 8 0.013 2.880
2026-02-09 10:15:34,670 1 INFO betopiaerp betopiaerp.addons.base.models.ir_attachment: filestore gc 12 checked, 1 removed 
2026-02-09 10:15:34,673 1 INFO betopiaerp betopiaerp.addons.bus.tests.test_bus_gc: Starting TestBusGC.test_custom_gc_retention_window ... 
2026-02-09 10:15:34,675 1 INFO betopiaerp betopiaerp.models.unlink: User #1 deleted bus.bus records with IDs: [4, 5] 
2026-02-09 10:15:34,699 1 INFO betopiaerp betopiaerp.addons.bus.tests.test_bus_gc: Starting TestBusGC.test_default_gc_retention_window ... 
2026-02-09 10:15:34,702 1 INFO betopiaerp betopiaerp.models.unlink: User #1 deleted bus.bus records with IDs: [4, 5] 
2026-02-09 10:15:34,724 1 INFO betopiaerp betopiaerp.addons.base.models.ir_attachment: filestore gc 0 checked, 0 removed 
2026-02-09 10:15:34,727 1 WARNING betopiaerp betopiaerp.addons.bus.tests.test_close_websocket_after_tour.TestCloseWebsocketAfterTour: websocket-client module is not installed 
2026-02-09 10:15:34,727 1 INFO betopiaerp betopiaerp.tests.suite: skipped setUpClass (betopiaerp.addons.bus.tests.test_close_websocket_after_tour.TestCloseWebsocketAfterTour) : websocket-client module is not installed 
2026-02-09 10:15:34,729 1 INFO betopiaerp betopiaerp.addons.base.models.ir_attachment: filestore gc 0 checked, 0 removed 
2026-02-09 10:15:34,731 1 INFO betopiaerp betopiaerp.addons.bus.tests.test_ir_model: Starting TestGetModelDefinitions.test_access_all_model_fields ... 
2026-02-09 10:15:34,734 1 INFO betopiaerp betopiaerp.addons.bus.tests.test_ir_model: Starting TestGetModelDefinitions.test_access_cr ... 
2026-02-09 10:15:34,736 1 INFO betopiaerp betopiaerp.addons.bus.tests.test_ir_model: Starting TestGetModelDefinitions.test_relational_fields_with_missing_model ... 
2026-02-09 10:15:34,740 1 INFO betopiaerp betopiaerp.addons.base.models.ir_attachment: filestore gc 0 checked, 0 removed 
2026-02-09 10:15:34,742 1 WARNING betopiaerp betopiaerp.addons.bus.tests.test_ir_websocket.TestIrWebsocket: websocket-client module is not installed 
2026-02-09 10:15:34,742 1 INFO betopiaerp betopiaerp.tests.suite: skipped setUpClass (betopiaerp.addons.bus.tests.test_ir_websocket.TestIrWebsocket) : websocket-client module is not installed 
2026-02-09 10:15:34,744 1 INFO betopiaerp betopiaerp.addons.base.models.ir_attachment: filestore gc 0 checked, 0 removed 
2026-02-09 10:15:34,746 1 WARNING betopiaerp betopiaerp.addons.bus.tests.test_websocket_caryall.TestWebsocketCaryall: websocket-client module is not installed 
2026-02-09 10:15:34,746 1 INFO betopiaerp betopiaerp.tests.suite: skipped setUpClass (betopiaerp.addons.bus.tests.test_websocket_caryall.TestWebsocketCaryall) : websocket-client module is not installed 
2026-02-09 10:15:34,748 1 INFO betopiaerp betopiaerp.addons.base.models.ir_attachment: filestore gc 0 checked, 0 removed 
2026-02-09 10:15:34,751 1 WARNING betopiaerp betopiaerp.addons.bus.tests.test_websocket_rate_limiting.TestWebsocketRateLimiting: websocket-client module is not installed 
2026-02-09 10:15:34,751 1 INFO betopiaerp betopiaerp.tests.suite: skipped setUpClass (betopiaerp.addons.bus.tests.test_websocket_rate_limiting.TestWebsocketRateLimiting) : websocket-client module is not installed 
2026-02-09 10:15:34,753 1 INFO betopiaerp betopiaerp.addons.base.models.ir_attachment: filestore gc 0 checked, 0 removed 
2026-02-09 10:15:34,769 1 INFO betopiaerp betopiaerp.addons.web_tour.tests.test_tours: Starting TestTour.test_get_current_tour ... 
2026-02-09 10:15:34,775 1 INFO betopiaerp betopiaerp.addons.web_tour.tests.test_tours: Starting TestTour.test_get_tour_json_by_name ... 
2026-02-09 10:15:34,779 1 INFO betopiaerp betopiaerp.addons.base.models.ir_attachment: filestore gc 0 checked, 0 removed 
2026-02-09 10:15:34,782 1 INFO betopiaerp betopiaerp.addons.web_tour.tests.test_tours: Starting WebTourHttp.test_sanity_automatic ... 
2026-02-09 10:15:34,828 1 WARNING betopiaerp betopiaerp.addons.web_tour.tests.test_tours.WebTourHttp.test_sanity_automatic: websocket-client module is not installed 
2026-02-09 10:15:34,829 1 INFO betopiaerp betopiaerp.addons.web_tour.tests.test_tours: skipped WebTourHttp.test_sanity_automatic : websocket-client module is not installed 
2026-02-09 10:15:34,829 1 INFO betopiaerp betopiaerp.addons.web_tour.tests.test_tours: Starting WebTourHttp.test_sanity_onboarding ... 
2026-02-09 10:15:34,844 1 WARNING betopiaerp betopiaerp.addons.web_tour.tests.test_tours.WebTourHttp.test_sanity_onboarding: websocket-client module is not installed 
2026-02-09 10:15:34,844 1 INFO betopiaerp betopiaerp.addons.web_tour.tests.test_tours: skipped WebTourHttp.test_sanity_onboarding : websocket-client module is not installed 
2026-02-09 10:15:34,847 1 INFO betopiaerp betopiaerp.addons.base.models.ir_attachment: filestore gc 0 checked, 0 removed 
2026-02-09 10:15:34,877 1 INFO betopiaerp betopiaerp.addons.auth_passkey.tests.test_passkey_demo: Starting PasskeyTestTours.test_passkey_backend ... 
2026-02-09 10:15:34,884 1 INFO betopiaerp betopiaerp.addons.auth_passkey.models.auth_passkey_key: Passkey (#16) deleted by __system__ (#1) from n/a 
2026-02-09 10:15:34,884 1 INFO betopiaerp betopiaerp.addons.auth_passkey.models.auth_passkey_key: Passkey (#15) deleted by __system__ (#1) from n/a 
2026-02-09 10:15:34,887 1 INFO betopiaerp betopiaerp.models.unlink: User #1 deleted auth.passkey.key records with IDs: [16, 15] 
2026-02-09 10:15:34,904 1 WARNING betopiaerp betopiaerp.addons.auth_passkey.tests.test_passkey_demo.PasskeyTestTours.test_passkey_backend: websocket-client module is not installed 
2026-02-09 10:15:34,904 1 INFO betopiaerp betopiaerp.addons.auth_passkey.tests.test_passkey_demo: skipped PasskeyTestTours.test_passkey_backend : websocket-client module is not installed 
2026-02-09 10:15:34,905 1 INFO betopiaerp betopiaerp.addons.auth_passkey.tests.test_passkey_demo: Starting PasskeyTestTours.test_passkey_login ... 
2026-02-09 10:15:34,921 1 WARNING betopiaerp betopiaerp.addons.auth_passkey.tests.test_passkey_demo.PasskeyTestTours.test_passkey_login: websocket-client module is not installed 
2026-02-09 10:15:34,921 1 INFO betopiaerp betopiaerp.addons.auth_passkey.tests.test_passkey_demo: skipped PasskeyTestTours.test_passkey_login : websocket-client module is not installed 
2026-02-09 10:15:34,924 1 INFO betopiaerp betopiaerp.addons.base.models.ir_attachment: filestore gc 1 checked, 1 removed 
2026-02-09 10:15:34,952 1 INFO betopiaerp betopiaerp.addons.html_editor.tests.test_controller: Starting TestController.test_01_upload_document ... 
2026-02-09 10:15:34,959 1 INFO betopiaerp betopiaerp.addons.base.models.res_users: Login successful for login:admin from n/a 
2026-02-09 10:15:34,964 1 INFO betopiaerp betopiaerp.addons.base.models.ir_http: Generating routing map for key None 
2026-02-09 10:15:34,980 1 INFO betopiaerp werkzeug: 127.0.0.1 - - [09/Feb/2026 10:15:34] "POST /html_editor/attachment/add_data HTTP/1.1" 200 - 12 0.003 0.013
2026-02-09 10:15:34,984 1 INFO betopiaerp werkzeug: 127.0.0.1 - - [09/Feb/2026 10:15:34] "GET /web/content/2038?unique=7b502c3a1f48c8609ae212cdfb639dee39673f5e&download=true HTTP/1.1" 200 - 3 0.000 0.002
2026-02-09 10:15:34,985 1 INFO betopiaerp betopiaerp.addons.html_editor.tests.test_controller: Starting TestController.test_03_get_image_info ... 
2026-02-09 10:15:34,987 1 INFO betopiaerp betopiaerp.addons.base.models.res_users: Login successful for login:admin from n/a 
2026-02-09 10:15:34,991 1 INFO betopiaerp betopiaerp.addons.base.models.ir_http: Generating routing map for key None 
2026-02-09 10:15:35,008 1 INFO betopiaerp werkzeug: 127.0.0.1 - - [09/Feb/2026 10:15:35] "POST /html_editor/attachment/add_data HTTP/1.1" 200 - 20 0.004 0.013
2026-02-09 10:15:35,012 1 INFO betopiaerp werkzeug: 127.0.0.1 - - [09/Feb/2026 10:15:35] "POST /html_editor/get_image_info HTTP/1.1" 200 - 3 0.000 0.002
2026-02-09 10:15:35,013 1 INFO betopiaerp betopiaerp.addons.html_editor.tests.test_controller: Starting TestController.test_04_admin_attachment ... 
2026-02-09 10:15:35,015 1 INFO betopiaerp betopiaerp.addons.base.models.res_users: Login successful for login:admin_user from n/a 
2026-02-09 10:15:35,020 1 INFO betopiaerp betopiaerp.addons.base.models.ir_http: Generating routing map for key None 
2026-02-09 10:15:35,035 1 INFO betopiaerp werkzeug: 127.0.0.1 - - [09/Feb/2026 10:15:35] "POST /html_editor/attachment/add_data HTTP/1.1" 200 - 20 0.004 0.012
2026-02-09 10:15:35,037 1 INFO betopiaerp betopiaerp.addons.html_editor.tests.test_controller: Starting TestController.test_05_internal_link_preview ... 
2026-02-09 10:15:35,039 1 INFO betopiaerp betopiaerp.addons.base.models.res_users: Login successful for login:admin_user from n/a 
2026-02-09 10:15:35,043 1 INFO betopiaerp betopiaerp.addons.base.models.ir_http: Generating routing map for key None 
2026-02-09 10:15:35,053 1 INFO betopiaerp werkzeug: 127.0.0.1 - - [09/Feb/2026 10:15:35] "POST /html_editor/link_preview_internal HTTP/1.1" 200 - 7 0.001 0.009
2026-02-09 10:15:35,057 1 INFO betopiaerp werkzeug: 127.0.0.1 - - [09/Feb/2026 10:15:35] "POST /html_editor/link_preview_internal HTTP/1.1" 200 - 1 0.000 0.001
2026-02-09 10:15:35,063 1 INFO betopiaerp werkzeug: 127.0.0.1 - - [09/Feb/2026 10:15:35] "POST /html_editor/link_preview_internal HTTP/1.1" 200 - 11 0.001 0.003
2026-02-09 10:15:35,066 1 INFO betopiaerp werkzeug: 127.0.0.1 - - [09/Feb/2026 10:15:35] "POST /html_editor/link_preview_internal HTTP/1.1" 200 - 0 0.000 0.001
2026-02-09 10:15:35,068 1 INFO betopiaerp werkzeug: 127.0.0.1 - - [09/Feb/2026 10:15:35] "POST /html_editor/link_preview_internal HTTP/1.1" 200 - 0 0.000 0.001
2026-02-09 10:15:35,070 1 INFO betopiaerp werkzeug: 127.0.0.1 - - [09/Feb/2026 10:15:35] "POST /html_editor/link_preview_internal HTTP/1.1" 200 - 0 0.000 0.001
2026-02-09 10:15:35,073 1 INFO betopiaerp werkzeug: 127.0.0.1 - - [09/Feb/2026 10:15:35] "POST /html_editor/link_preview_internal HTTP/1.1" 200 - 0 0.000 0.001
2026-02-09 10:15:35,077 1 INFO betopiaerp werkzeug: 127.0.0.1 - - [09/Feb/2026 10:15:35] "POST /html_editor/link_preview_internal HTTP/1.1" 200 - 2 0.000 0.002
2026-02-09 10:15:35,080 1 INFO betopiaerp werkzeug: 127.0.0.1 - - [09/Feb/2026 10:15:35] "POST /html_editor/link_preview_internal HTTP/1.1" 200 - 1 0.000 0.001
2026-02-09 10:15:35,084 1 INFO betopiaerp betopiaerp.addons.base.models.ir_attachment: filestore gc 4 checked, 4 removed 
2026-02-09 10:15:35,085 1 INFO betopiaerp betopiaerp.addons.html_editor.tests.test_diff_utils: Starting TestPatchUtils.test_multiple_revision ... 
2026-02-09 10:15:35,085 1 INFO betopiaerp betopiaerp.addons.html_editor.tests.test_diff_utils: Starting TestPatchUtils.test_new_content_add_line ... 
2026-02-09 10:15:35,086 1 INFO betopiaerp betopiaerp.addons.html_editor.tests.test_diff_utils: Starting TestPatchUtils.test_new_content_is_equal ... 
2026-02-09 10:15:35,086 1 INFO betopiaerp betopiaerp.addons.html_editor.tests.test_diff_utils: Starting TestPatchUtils.test_new_content_is_falsy ... 
2026-02-09 10:15:35,086 1 INFO betopiaerp betopiaerp.addons.html_editor.tests.test_diff_utils: Starting TestPatchUtils.test_new_content_multiple_operation ... 
2026-02-09 10:15:35,087 1 INFO betopiaerp betopiaerp.addons.html_editor.tests.test_diff_utils: Starting TestPatchUtils.test_new_content_remove_line ... 
2026-02-09 10:15:35,087 1 INFO betopiaerp betopiaerp.addons.html_editor.tests.test_diff_utils: Starting TestPatchUtils.test_new_content_replace_line ... 
2026-02-09 10:15:35,088 1 INFO betopiaerp betopiaerp.addons.html_editor.tests.test_diff_utils: Starting TestPatchUtils.test_replace_class_and_content ... 
2026-02-09 10:15:35,088 1 INFO betopiaerp betopiaerp.addons.html_editor.tests.test_diff_utils: Starting TestPatchUtils.test_replace_class_and_deep_content ... 
2026-02-09 10:15:35,088 1 INFO betopiaerp betopiaerp.addons.html_editor.tests.test_diff_utils: Starting TestPatchUtils.test_replace_complex ... 
2026-02-09 10:15:35,089 1 INFO betopiaerp betopiaerp.addons.html_editor.tests.test_diff_utils: Starting TestPatchUtils.test_replace_just_class ... 
2026-02-09 10:15:35,089 1 INFO betopiaerp betopiaerp.addons.html_editor.tests.test_diff_utils: Starting TestPatchUtils.test_replace_nested_divs ... 
2026-02-09 10:15:35,089 1 INFO betopiaerp betopiaerp.addons.html_editor.tests.test_diff_utils: Starting TestPatchUtils.test_replace_tag ... 
2026-02-09 10:15:35,090 1 INFO betopiaerp betopiaerp.addons.html_editor.tests.test_diff_utils: Starting TestPatchUtils.test_replace_tag_multiline ... 
2026-02-09 10:15:35,090 1 INFO betopiaerp betopiaerp.addons.html_editor.tests.test_diff_utils: Starting TestPatchUtils.test_replace_twice_just_class ... 
2026-02-09 10:15:35,090 1 INFO betopiaerp betopiaerp.addons.html_editor.tests.test_diff_utils: Starting TestPatchUtils.test_replace_with_just_class ... 
2026-02-09 10:15:35,091 1 INFO betopiaerp betopiaerp.addons.html_editor.tests.test_diff_utils: Starting TestPatchUtils.test_same_tag_replace_fixer ... 
2026-02-09 10:15:35,091 1 INFO betopiaerp betopiaerp.addons.html_editor.tests.test_diff_utils: Starting TestPatchUtils.test_simple_addition ... 
2026-02-09 10:15:35,091 1 INFO betopiaerp betopiaerp.addons.html_editor.tests.test_diff_utils: Starting TestPatchUtils.test_simple_removal ... 
2026-02-09 10:15:35,093 1 INFO betopiaerp betopiaerp.addons.html_editor.tests.test_modify_image_no_data: Starting TestModifyImageNoData.test_modify_image_no_data ... 
2026-02-09 10:15:35,096 1 INFO betopiaerp betopiaerp.addons.base.models.res_users: Login successful for login:admin from n/a 
2026-02-09 10:15:35,102 1 INFO betopiaerp betopiaerp.addons.base.models.ir_http: Generating routing map for key None 
2026-02-09 10:15:35,119 1 INFO betopiaerp werkzeug: 127.0.0.1 - - [09/Feb/2026 10:15:35] "POST /html_editor/modify_image/2041 HTTP/1.1" 200 - 24 0.005 0.013
2026-02-09 10:15:35,123 1 INFO betopiaerp betopiaerp.addons.base.models.ir_attachment: filestore gc 1 checked, 1 removed 
2026-02-09 10:15:35,124 1 INFO betopiaerp betopiaerp.addons.html_editor.tests.test_tools: Starting TestVideoUtils.test_get_video_source_data ... 
2026-02-09 10:15:35,125 1 INFO betopiaerp betopiaerp.addons.html_editor.tests.test_tools: Starting TestVideoUtils.test_get_video_url_data ... 
2026-02-09 10:15:35,126 1 INFO betopiaerp betopiaerp.addons.html_editor.tests.test_tools: Starting TestVideoUtils.test_player_regexes ... 
2026-02-09 10:15:35,126 1 INFO betopiaerp betopiaerp.addons.html_editor.tests.test_tools: Starting TestVideoUtils.test_valid_video_url ... 
2026-02-09 10:15:35,127 1 INFO betopiaerp betopiaerp.service.server: 409 post-tests in 385.91s, 14616 queries 
2026-02-09 10:15:35,128 1 ERROR betopiaerp betopiaerp.tests.result: 5 failed, 22 error(s) of 1441 tests when loading database 'betopiaerp' 
2026-02-09 10:15:35,128 1 INFO betopiaerp betopiaerp.service.server: Initiating shutdown 
2026-02-09 10:15:35,128 1 INFO betopiaerp betopiaerp.service.server: Hit CTRL-C again or send a second signal to force the shutdown. 
2026-02-09 10:15:35,607 1 INFO betopiaerp betopiaerp.sql_db: ConnectionPool(read/write;used=0/count=0/max=64): Closed 4 connections  
2026-02-09 10:15:35,608 1 INFO betopiaerp betopiaerp.sql_db: ConnectionPool(read-only;used=0/count=0/max=64): Closed 1 connections  
2026-02-09 10:25:40,029 1 WARNING ? betopiaerp.tools.config: missing --http-interface/http_interface, using 0.0.0.0 by default, will change to 127.0.0.1 in 20.0 
2026-02-09 10:25:40,032 1 INFO ? BetopiaERP: BetopiaERP version 19.0 
2026-02-09 10:25:40,032 1 INFO ? BetopiaERP: Using configuration file at /etc/betopiaerp/betopiaerp.conf 
2026-02-09 10:25:40,033 1 INFO ? BetopiaERP: addons paths: _NamespacePath(['/opt/betopiaerp/betopiaerp/addons', '/root/.local/share/BetopiaERP/addons/19.0', '/opt/betopiaerp/addons']) 
2026-02-09 10:25:40,033 1 INFO ? BetopiaERP: database: betopiaerp@db:5432 
2026-02-09 10:25:40,879 1 INFO ? betopiaerp.service.server: HTTP service (werkzeug) running on 1b45be8996ef:8069 
2026-02-09 10:25:41,016 1 INFO betopiaerp betopiaerp.tests.common: Importing test framework 
2026-02-09 10:25:41,055 1 INFO betopiaerp betopiaerp.modules.loading: loading 1 modules... 
2026-02-09 10:25:41,055 1 INFO betopiaerp betopiaerp.modules.loading: Loading module base (1/1) 
2026-02-09 10:25:41,077 1 INFO betopiaerp betopiaerp.registry: module base: creating or updating database tables 
2026-02-09 10:25:41,403 1 INFO betopiaerp betopiaerp.modules.loading: loading base/data/res_bank.xml 
2026-02-09 10:25:41,409 1 INFO betopiaerp betopiaerp.modules.loading: loading base/data/res.lang.csv 
2026-02-09 10:25:41,484 1 INFO betopiaerp betopiaerp.modules.loading: loading base/data/res_lang_data.xml 
2026-02-09 10:25:41,516 1 INFO betopiaerp betopiaerp.modules.loading: loading base/data/res_partner_data.xml 
2026-02-09 10:25:41,528 1 INFO betopiaerp betopiaerp.modules.loading: loading base/data/res_currency_data.xml 
2026-02-09 10:25:41,580 1 INFO betopiaerp betopiaerp.modules.loading: loading base/data/res_company_data.xml 
2026-02-09 10:25:41,585 1 INFO betopiaerp betopiaerp.modules.loading: loading base/data/res_users_data.xml 
2026-02-09 10:25:41,592 1 INFO betopiaerp betopiaerp.modules.loading: loading base/data/report_paperformat_data.xml 
2026-02-09 10:25:41,597 1 INFO betopiaerp betopiaerp.modules.loading: loading base/data/res_country_data.xml 
2026-02-09 10:25:41,682 1 INFO betopiaerp betopiaerp.modules.loading: loading base/data/ir_demo_data.xml 
2026-02-09 10:25:41,704 1 INFO betopiaerp betopiaerp.modules.loading: loading base/security/base_groups.xml 
2026-02-09 10:25:41,772 1 INFO betopiaerp betopiaerp.modules.loading: loading base/security/base_security.xml 
2026-02-09 10:25:41,786 1 INFO betopiaerp betopiaerp.modules.loading: loading base/wizard/wizard_ir_model_menu_create_views.xml 
2026-02-09 10:25:41,798 1 INFO betopiaerp betopiaerp.modules.loading: loading base/views/base_menus.xml 
2026-02-09 10:25:41,843 1 INFO betopiaerp betopiaerp.modules.loading: loading base/views/decimal_precision_views.xml 
2026-02-09 10:25:41,862 1 INFO betopiaerp betopiaerp.modules.loading: loading base/views/res_config_views.xml 
2026-02-09 10:25:41,872 1 INFO betopiaerp betopiaerp.modules.loading: loading base/data/res.country.state.csv 
2026-02-09 10:25:42,094 1 INFO betopiaerp betopiaerp.modules.loading: loading base/views/ir_actions_views.xml 
2026-02-09 10:25:42,215 1 INFO betopiaerp betopiaerp.modules.loading: loading base/views/ir_asset_views.xml 
2026-02-09 10:25:42,239 1 INFO betopiaerp betopiaerp.modules.loading: loading base/views/ir_config_parameter_views.xml 
2026-02-09 10:25:42,263 1 INFO betopiaerp betopiaerp.modules.loading: loading base/views/ir_cron_views.xml 
2026-02-09 10:25:42,308 1 INFO betopiaerp betopiaerp.modules.loading: loading base/views/ir_cron_trigger_views.xml 
2026-02-09 10:25:42,326 1 INFO betopiaerp betopiaerp.modules.loading: loading base/views/ir_filters_views.xml 
2026-02-09 10:25:42,353 1 INFO betopiaerp betopiaerp.modules.loading: loading base/views/ir_mail_server_views.xml 
2026-02-09 10:25:42,375 1 INFO betopiaerp betopiaerp.modules.loading: loading base/views/ir_model_views.xml 
2026-02-09 10:25:42,490 1 INFO betopiaerp betopiaerp.modules.loading: loading base/views/ir_attachment_views.xml 
2026-02-09 10:25:42,511 1 INFO betopiaerp betopiaerp.modules.loading: loading base/views/ir_rule_views.xml 
2026-02-09 10:25:42,531 1 INFO betopiaerp betopiaerp.modules.loading: loading base/views/ir_sequence_views.xml 
2026-02-09 10:25:42,556 1 INFO betopiaerp betopiaerp.modules.loading: loading base/views/ir_ui_menu_views.xml 
2026-02-09 10:25:42,579 1 INFO betopiaerp betopiaerp.modules.loading: loading base/views/ir_ui_view_views.xml 
2026-02-09 10:25:42,629 1 INFO betopiaerp betopiaerp.modules.loading: loading base/views/ir_default_views.xml 
2026-02-09 10:25:42,654 1 INFO betopiaerp betopiaerp.modules.loading: loading base/data/ir_config_parameter_data.xml 
2026-02-09 10:25:42,660 1 INFO betopiaerp betopiaerp.modules.loading: loading base/data/ir_cron_data.xml 
2026-02-09 10:25:42,676 1 INFO betopiaerp betopiaerp.modules.loading: loading base/report/ir_model_report.xml 
2026-02-09 10:25:42,683 1 INFO betopiaerp betopiaerp.modules.loading: loading base/report/ir_model_templates.xml 
2026-02-09 10:25:42,696 1 INFO betopiaerp betopiaerp.modules.loading: loading base/views/ir_logging_views.xml 
2026-02-09 10:25:42,719 1 INFO betopiaerp betopiaerp.modules.loading: loading base/views/ir_qweb_widget_templates.xml 
2026-02-09 10:25:42,739 1 INFO betopiaerp betopiaerp.modules.loading: loading base/views/ir_module_views.xml 
2026-02-09 10:25:42,788 1 INFO betopiaerp betopiaerp.modules.loading: loading base/data/ir_module_category_data.xml 
2026-02-09 10:25:42,823 1 INFO betopiaerp betopiaerp.modules.loading: loading base/data/ir_module_module.xml 
2026-02-09 10:25:42,856 1 INFO betopiaerp betopiaerp.modules.loading: loading base/report/ir_module_reports.xml 
2026-02-09 10:25:42,863 1 INFO betopiaerp betopiaerp.modules.loading: loading base/report/ir_module_report_templates.xml 
2026-02-09 10:25:42,874 1 INFO betopiaerp betopiaerp.modules.loading: loading base/wizard/base_module_update_views.xml 
2026-02-09 10:25:42,895 1 INFO betopiaerp betopiaerp.modules.loading: loading base/wizard/base_language_install_views.xml 
2026-02-09 10:25:42,913 1 INFO betopiaerp betopiaerp.modules.loading: loading base/wizard/base_import_language_views.xml 
2026-02-09 10:25:42,926 1 INFO betopiaerp betopiaerp.modules.loading: loading base/wizard/base_module_upgrade_views.xml 
2026-02-09 10:25:42,944 1 INFO betopiaerp betopiaerp.modules.loading: loading base/wizard/base_module_uninstall_views.xml 
2026-02-09 10:25:42,954 1 INFO betopiaerp betopiaerp.modules.loading: loading base/wizard/base_export_language_views.xml 
2026-02-09 10:25:42,968 1 INFO betopiaerp betopiaerp.modules.loading: loading base/wizard/base_partner_merge_views.xml 
2026-02-09 10:25:42,983 1 INFO betopiaerp betopiaerp.modules.loading: loading base/data/ir_demo_failure_data.xml 
2026-02-09 10:25:43,004 1 INFO betopiaerp betopiaerp.modules.loading: loading base/views/ir_profile_views.xml 
2026-02-09 10:25:43,034 1 INFO betopiaerp betopiaerp.modules.loading: loading base/views/res_company_views.xml 
2026-02-09 10:25:43,059 1 INFO betopiaerp betopiaerp.modules.loading: loading base/views/res_lang_views.xml 
2026-02-09 10:25:43,086 1 INFO betopiaerp betopiaerp.modules.loading: loading base/views/res_partner_views.xml 
2026-02-09 10:25:43,157 1 INFO betopiaerp betopiaerp.modules.loading: loading base/views/res_bank_views.xml 
2026-02-09 10:25:43,188 1 INFO betopiaerp betopiaerp.modules.loading: loading base/views/res_country_views.xml 
2026-02-09 10:25:43,230 1 INFO betopiaerp betopiaerp.modules.loading: loading base/views/res_currency_views.xml 
2026-02-09 10:25:43,269 1 INFO betopiaerp betopiaerp.modules.loading: loading base/views/res_groups_views.xml 
2026-02-09 10:25:43,307 1 INFO betopiaerp betopiaerp.modules.loading: loading base/views/res_users_views.xml 
2026-02-09 10:25:43,383 1 INFO betopiaerp betopiaerp.modules.loading: loading base/views/res_users_apikeys_views.xml 
2026-02-09 10:25:43,392 1 INFO betopiaerp betopiaerp.modules.loading: loading base/views/res_device_views.xml 
2026-02-09 10:25:43,411 1 INFO betopiaerp betopiaerp.modules.loading: loading base/views/res_users_identitycheck_views.xml 
2026-02-09 10:25:43,421 1 INFO betopiaerp betopiaerp.modules.loading: loading base/views/res_config_settings_views.xml 
2026-02-09 10:25:43,432 1 INFO betopiaerp betopiaerp.modules.loading: loading base/views/report_paperformat_views.xml 
2026-02-09 10:25:43,457 1 INFO betopiaerp betopiaerp.modules.loading: loading base/security/ir.model.access.csv 
2026-02-09 10:25:44,560 1 INFO betopiaerp betopiaerp.addons.base.tests.test_acl: Starting TestACL.test_field_crud_restriction ... 
2026-02-09 10:25:44,593 1 INFO betopiaerp betopiaerp.addons.base.tests.test_acl: Starting TestACL.test_field_visibility_restriction ... 
2026-02-09 10:25:44,620 1 INFO betopiaerp betopiaerp.addons.base.tests.test_acl: Starting TestACL.test_fields_browse_restriction ... 
2026-02-09 10:25:44,630 1 INFO betopiaerp betopiaerp.addons.base.tests.test_acl: Starting TestACL.test_get_views_fields ... 
2026-02-09 10:25:44,655 1 INFO betopiaerp betopiaerp.addons.base.tests.test_acl: Starting TestACL.test_m2o_field_create_edit ... 
2026-02-09 10:25:44,677 1 INFO betopiaerp betopiaerp.addons.base.tests.test_acl: Starting TestACL.test_view_create_edit_button ... 
2026-02-09 10:25:44,720 1 INFO betopiaerp betopiaerp.addons.base.models.ir_attachment: filestore gc 7 checked, 1 removed 
2026-02-09 10:25:44,768 1 INFO betopiaerp betopiaerp.addons.base.tests.test_acl: Starting TestIrRule.test_ir_rule ... 
2026-02-09 10:25:44,815 1 INFO betopiaerp betopiaerp.models.unlink: User #1 deleted ir.model.data records with IDs: [7589, 3949, 3938, 3935, 3937, 3936, 3931, 3946, 3930, 3947] 
2026-02-09 10:25:44,815 1 INFO betopiaerp betopiaerp.models.unlink: User #1 deleted ir.rule records with IDs: [1, 17, 18, 7, 2, 8, 6, 9, 20, 35] 
2026-02-09 10:25:44,834 1 INFO betopiaerp betopiaerp.addons.base.models.ir_attachment: filestore gc 1 checked, 1 removed 
2026-02-09 10:25:44,905 1 INFO betopiaerp betopiaerp.addons.base.tests.test_api: Starting TestAPI.test_00_query ... 
2026-02-09 10:25:44,913 1 INFO betopiaerp betopiaerp.addons.base.tests.test_api: Starting TestAPI.test_01_query_offset ... 
2026-02-09 10:25:44,915 1 INFO betopiaerp betopiaerp.addons.base.tests.test_api: Starting TestAPI.test_02_query_limit ... 
2026-02-09 10:25:44,916 1 INFO betopiaerp betopiaerp.addons.base.tests.test_api: Starting TestAPI.test_03_query_offset_limit ... 
2026-02-09 10:25:44,917 1 INFO betopiaerp betopiaerp.addons.base.tests.test_api: Starting TestAPI.test_04_query_count ... 
2026-02-09 10:25:44,918 1 INFO betopiaerp betopiaerp.addons.base.tests.test_api: Starting TestAPI.test_05_immutable ... 
2026-02-09 10:25:44,924 1 INFO betopiaerp betopiaerp.addons.base.tests.test_api: Starting TestAPI.test_06_fields ... 
2026-02-09 10:25:44,930 1 INFO betopiaerp betopiaerp.addons.base.tests.test_api: Starting TestAPI.test_07_null ... 
2026-02-09 10:25:44,932 1 INFO betopiaerp betopiaerp.addons.base.tests.test_api: Starting TestAPI.test_40_new_new ... 
2026-02-09 10:25:44,937 1 INFO betopiaerp betopiaerp.addons.base.tests.test_api: Starting TestAPI.test_45_new_new ... 
2026-02-09 10:25:44,944 1 INFO betopiaerp betopiaerp.addons.base.tests.test_api: Starting TestAPI.test_50_environment ... 
2026-02-09 10:25:44,981 1 INFO betopiaerp betopiaerp.addons.base.tests.test_api: Starting TestAPI.test_60_cache ... 
2026-02-09 10:25:45,039 1 INFO betopiaerp betopiaerp.addons.base.tests.test_api: Starting TestAPI.test_60_prefetch ... 
2026-02-09 10:25:45,041 1 INFO betopiaerp betopiaerp.addons.base.tests.test_api: Starting TestAPI.test_60_prefetch_model ... 
2026-02-09 10:25:45,049 1 INFO betopiaerp betopiaerp.addons.base.tests.test_api: Starting TestAPI.test_60_prefetch_read ... 
2026-02-09 10:25:45,057 1 INFO betopiaerp betopiaerp.addons.base.tests.test_api: Starting TestAPI.test_60_reversed ... 
2026-02-09 10:25:45,059 1 INFO betopiaerp betopiaerp.addons.base.tests.test_api: Starting TestAPI.test_70_one ... 
2026-02-09 10:25:45,061 1 INFO betopiaerp betopiaerp.addons.base.tests.test_api: Starting TestAPI.test_80_contains ... 
2026-02-09 10:25:45,062 1 INFO betopiaerp betopiaerp.addons.base.tests.test_api: Starting TestAPI.test_80_filter ... 
2026-02-09 10:25:45,064 1 INFO betopiaerp betopiaerp.addons.base.tests.test_api: Starting TestAPI.test_80_lazy_contains ... 
2026-02-09 10:25:45,064 1 INFO betopiaerp betopiaerp.addons.base.tests.test_api: Starting TestAPI.test_80_lazy_set_operations ... 
2026-02-09 10:25:45,069 1 INFO betopiaerp betopiaerp.addons.base.tests.test_api: Starting TestAPI.test_80_map ... 
2026-02-09 10:25:45,071 1 INFO betopiaerp betopiaerp.addons.base.tests.test_api: Starting TestAPI.test_80_set_operations ... 
2026-02-09 10:25:45,075 1 INFO betopiaerp betopiaerp.addons.base.tests.test_api: Starting TestAPI.test_80_sorted ... 
2026-02-09 10:25:45,077 1 INFO betopiaerp betopiaerp.addons.base.tests.test_api: Starting TestAPI.test_group_on ... 
2026-02-09 10:25:45,105 1 INFO betopiaerp betopiaerp.addons.base.models.ir_attachment: filestore gc 2 checked, 2 removed 
2026-02-09 10:25:45,106 1 INFO betopiaerp betopiaerp.addons.base.tests.test_avatar_mixin: Starting TestAvatarMixin.test_content_of_generated_partner_avatar ... 
2026-02-09 10:25:45,145 1 INFO betopiaerp betopiaerp.addons.base.tests.test_avatar_mixin: Starting TestAvatarMixin.test_external_partner_has_default_placeholder_image_as_avatar ... 
2026-02-09 10:25:45,170 1 INFO betopiaerp betopiaerp.addons.base.tests.test_avatar_mixin: Starting TestAvatarMixin.test_partner_and_user_have_the_same_avatar ... 
2026-02-09 10:25:45,193 1 INFO betopiaerp betopiaerp.addons.base.tests.test_avatar_mixin: Starting TestAvatarMixin.test_partner_has_avatar_even_if_it_has_no_image ... 
2026-02-09 10:25:45,220 1 INFO betopiaerp betopiaerp.addons.base.tests.test_avatar_mixin: Starting TestAvatarMixin.test_partner_without_name_has_default_placeholder_image_as_avatar ... 
2026-02-09 10:25:45,265 1 INFO betopiaerp betopiaerp.addons.base.models.ir_attachment: filestore gc 1 checked, 1 removed 
2026-02-09 10:25:45,266 1 INFO betopiaerp betopiaerp.addons.base.tests.test_barcode: Starting TestBarcode.test_barcode_check_digit ... 
2026-02-09 10:25:45,267 1 INFO betopiaerp betopiaerp.addons.base.tests.test_barcode: Starting TestBarcode.test_barcode_encoding ... 
2026-02-09 10:25:45,282 1 INFO betopiaerp betopiaerp.addons.base.models.ir_attachment: filestore gc 0 checked, 0 removed 
2026-02-09 10:25:45,282 1 INFO betopiaerp betopiaerp.addons.base.tests.test_base: Starting TestSafeEval.test_01_safe_eval ... 
2026-02-09 10:25:45,283 1 INFO betopiaerp betopiaerp.addons.base.tests.test_base: Starting TestSafeEval.test_02_literal_eval ... 
2026-02-09 10:25:45,283 1 INFO betopiaerp betopiaerp.addons.base.tests.test_base: Starting TestSafeEval.test_03_literal_eval_arithmetic ... 
2026-02-09 10:25:45,284 1 INFO betopiaerp betopiaerp.addons.base.tests.test_base: Starting TestSafeEval.test_04_literal_eval_forbidden ... 
2026-02-09 10:25:45,284 1 INFO betopiaerp betopiaerp.addons.base.tests.test_base: Starting TestSafeEval.test_05_safe_eval_forbiddon ... 
2026-02-09 10:25:45,284 1 INFO betopiaerp betopiaerp.addons.base.tests.test_base: Starting TestSafeEval.test_const ... 
2026-02-09 10:25:45,285 1 INFO betopiaerp betopiaerp.addons.base.tests.test_base: Starting TestSafeEval.test_expr ... 
2026-02-09 10:25:45,285 1 INFO betopiaerp betopiaerp.addons.base.tests.test_base: Starting TestSafeEval.test_expr_eval_opcodes ... 
2026-02-09 10:25:45,286 1 INFO betopiaerp betopiaerp.addons.base.tests.test_base: Starting TestSafeEval.test_runs_top_level_scope ... 
2026-02-09 10:25:45,286 1 INFO betopiaerp betopiaerp.addons.base.tests.test_base: Starting TestSafeEval.test_safe_eval_ctx_mutation ... 
2026-02-09 10:25:45,287 1 INFO betopiaerp betopiaerp.addons.base.tests.test_base: Starting TestSafeEval.test_safe_eval_ctx_no_builtins ... 
2026-02-09 10:25:45,287 1 INFO betopiaerp betopiaerp.addons.base.tests.test_base: Starting TestSafeEval.test_safe_eval_exec_opcodes ... 
2026-02-09 10:25:45,288 1 INFO betopiaerp betopiaerp.addons.base.tests.test_base: Starting TestSafeEval.test_safe_eval_opcodes ... 
2026-02-09 10:25:45,288 1 INFO betopiaerp betopiaerp.addons.base.tests.test_base: Starting TestSafeEval.test_safe_eval_strips ... 
2026-02-09 10:25:45,289 1 INFO betopiaerp betopiaerp.addons.base.tests.test_base: Starting TestParentStore.test_duplicate_children_01 ... 
2026-02-09 10:25:45,307 1 INFO betopiaerp betopiaerp.addons.base.tests.test_base: Starting TestParentStore.test_duplicate_children_02 ... 
2026-02-09 10:25:45,318 1 INFO betopiaerp betopiaerp.addons.base.tests.test_base: Starting TestParentStore.test_duplicate_children_03 ... 
2026-02-09 10:25:45,330 1 INFO betopiaerp betopiaerp.addons.base.tests.test_base: Starting TestParentStore.test_duplicate_parent ... 
2026-02-09 10:25:45,340 1 INFO betopiaerp betopiaerp.addons.base.tests.test_base: Starting TestParentStore.test_missing_child ... 
2026-02-09 10:25:45,383 1 INFO betopiaerp betopiaerp.addons.base.tests.test_base: Starting TestParentStore.test_missing_parent ... 
2026-02-09 10:25:45,410 1 INFO betopiaerp betopiaerp.addons.base.models.ir_attachment: filestore gc 0 checked, 0 removed 
2026-02-09 10:25:45,411 1 INFO betopiaerp betopiaerp.addons.base.tests.test_base: Starting TestGroups.test_apply_groups ... 
2026-02-09 10:25:45,425 1 INFO betopiaerp betopiaerp.addons.base.tests.test_base: Starting TestGroups.test_remove_groups ... 
2026-02-09 10:25:45,498 1 INFO betopiaerp betopiaerp.addons.base.tests.test_base: Starting TestGroups.test_res_group_copy ... 
2026-02-09 10:25:45,506 1 INFO betopiaerp betopiaerp.addons.base.tests.test_base: Starting TestGroups.test_res_group_has_cycle ... 
2026-02-09 10:25:45,519 1 INFO betopiaerp betopiaerp.addons.base.tests.test_base: Starting TestGroups.test_res_groups_fullname_search ... 
2026-02-09 10:25:45,546 1 INFO betopiaerp betopiaerp.addons.base.models.ir_attachment: filestore gc 2 checked, 2 removed 
2026-02-09 10:25:45,547 1 INFO betopiaerp betopiaerp.addons.base.tests.test_basecase: Starting TestSingleTransactionCase.test_00 ... 
2026-02-09 10:25:45,554 1 INFO betopiaerp betopiaerp.addons.base.tests.test_basecase: Starting TestSingleTransactionCase.test_01 ... 
2026-02-09 10:25:45,557 1 INFO betopiaerp betopiaerp.addons.base.tests.test_basecase: Starting TestSingleTransactionCase.test_20a ... 
2026-02-09 10:25:45,559 1 INFO betopiaerp betopiaerp.addons.base.tests.test_basecase: Starting TestSingleTransactionCase.test_20b ... 
2026-02-09 10:25:45,577 1 INFO betopiaerp betopiaerp.addons.base.tests.test_basecase: Starting TestTransactionCase.test_00 ... 
2026-02-09 10:25:45,585 1 INFO betopiaerp betopiaerp.addons.base.tests.test_basecase: Starting TestTransactionCase.test_01 ... 
2026-02-09 10:25:45,586 1 INFO betopiaerp betopiaerp.addons.base.tests.test_basecase: Starting TestTransactionCase.test_20a ... 
2026-02-09 10:25:45,593 1 INFO betopiaerp betopiaerp.addons.base.models.ir_attachment: filestore gc 0 checked, 0 removed 
2026-02-09 10:25:45,621 1 INFO betopiaerp betopiaerp.addons.base.tests.test_cache: Starting TestRecordCache.test_cache ... 
2026-02-09 10:25:45,628 1 INFO betopiaerp betopiaerp.addons.base.tests.test_cache: Starting TestRecordCache.test_memory ... 
2026-02-09 10:25:46,254 1 INFO betopiaerp betopiaerp.addons.base.models.ir_attachment: filestore gc 1 checked, 1 removed 
2026-02-09 10:25:46,256 1 INFO betopiaerp betopiaerp.addons.base.tests.test_cli: Starting TestCommand.test_docstring ... 
2026-02-09 10:25:47,037 1 INFO betopiaerp betopiaerp.addons.base.tests.test_cli: Starting TestCommand.test_help ... 
2026-02-09 10:25:51,242 1 INFO betopiaerp betopiaerp.addons.base.tests.test_cli: Starting TestCommand.test_help_subcommand ... 
2026-02-09 10:26:00,747 1 INFO betopiaerp betopiaerp.addons.base.tests.test_cli: Starting TestCommand.test_shell ... 
2026-02-09 10:26:02,236 1 INFO betopiaerp betopiaerp.addons.base.tests.test_cli: ====================================================================== 
2026-02-09 10:26:02,236 1 ERROR betopiaerp betopiaerp.addons.base.tests.test_cli: FAIL: TestCommand.test_shell
Traceback (most recent call last):
  File "/opt/betopiaerp/betopiaerp/addons/base/tests/test_cli.py", line 127, in test_shell
    self.assertFalse(shell.wait(), "exited with a non 0 code")
AssertionError: 1 is not false : exited with a non 0 code
 
2026-02-09 10:26:02,237 1 INFO betopiaerp betopiaerp.addons.base.tests.test_cli: Starting TestCommand.test_unknown_command ... 
2026-02-09 10:26:03,894 1 INFO betopiaerp betopiaerp.addons.base.tests.test_cli: Starting TestCommand.test_upgrade_code_example ... 
2026-02-09 10:27:34,678 1 INFO betopiaerp betopiaerp.addons.base.tests.test_cli: Starting TestCommand.test_upgrade_code_help ... 
2026-02-09 10:27:35,190 1 INFO betopiaerp betopiaerp.addons.base.tests.test_cli: Starting TestCommand.test_upgrade_code_standalone ... 
2026-02-09 10:27:35,334 1 INFO betopiaerp betopiaerp.addons.base.tests.test_cloc: Starting TestClocCustomization.test_cloc_exclude_xml_id ... 
2026-02-09 10:27:35,376 1 INFO betopiaerp betopiaerp.addons.base.tests.test_cloc: Starting TestClocCustomization.test_field_no_xml_id ... 
2026-02-09 10:27:35,402 1 INFO betopiaerp betopiaerp.addons.base.tests.test_cloc: Starting TestClocCustomization.test_ignore_auto_generated_computed_field ... 
2026-02-09 10:27:35,504 1 INFO betopiaerp betopiaerp.addons.base.tests.test_cloc: Starting TestClocCustomization.test_several_xml_id ... 
2026-02-09 10:27:35,525 1 INFO betopiaerp betopiaerp.addons.base.models.ir_attachment: filestore gc 0 checked, 0 removed 
2026-02-09 10:27:35,526 1 INFO betopiaerp betopiaerp.addons.base.tests.test_cloc: Starting TestClocParser.test_parser ... 
2026-02-09 10:27:35,528 1 INFO betopiaerp betopiaerp.addons.base.models.ir_attachment: filestore gc 0 checked, 0 removed 
2026-02-09 10:27:35,529 1 INFO betopiaerp betopiaerp.addons.base.tests.test_config_parameter: Starting TestIrConfigParameter.test_default_parameters ... 
2026-02-09 10:27:35,537 1 INFO betopiaerp betopiaerp.addons.base.models.ir_attachment: filestore gc 0 checked, 0 removed 
2026-02-09 10:27:35,538 1 INFO betopiaerp betopiaerp.addons.base.tests.test_configmanager: Starting TestConfigManager.test_00_setUp ... 
2026-02-09 10:27:35,547 1 INFO betopiaerp betopiaerp.addons.base.tests.test_configmanager: Starting TestConfigManager.test_01_default_config ... 
2026-02-09 10:27:35,557 1 INFO betopiaerp betopiaerp.addons.base.tests.test_configmanager: Starting TestConfigManager.test_02_config_file ... 
2026-02-09 10:27:35,588 1 INFO betopiaerp betopiaerp.addons.base.tests.test_configmanager: Starting TestConfigManager.test_03_save_default_options ... 
2026-02-09 10:27:35,608 1 INFO betopiaerp betopiaerp.addons.base.tests.test_configmanager: Starting TestConfigManager.test_04_BetopiaERP16_config_file ... 
2026-02-09 10:27:35,631 1 INFO betopiaerp betopiaerp.addons.base.tests.test_configmanager: Starting TestConfigManager.test_05_repeat_parse_config ... 
2026-02-09 10:27:35,659 1 INFO betopiaerp betopiaerp.addons.base.tests.test_configmanager: Starting TestConfigManager.test_06_cli ... 
2026-02-09 10:27:35,673 1 INFO betopiaerp betopiaerp.addons.base.tests.test_configmanager: Starting TestConfigManager.test_06_syslog_logfile_exclusive_cli ... 
2026-02-09 10:27:35,702 1 INFO betopiaerp betopiaerp.addons.base.tests.test_configmanager: Starting TestConfigManager.test_07_environ ... 
2026-02-09 10:27:35,719 1 INFO betopiaerp betopiaerp.tools.config: adding missing 'web' to --load/server_wide_modules 
2026-02-09 10:27:35,728 1 INFO betopiaerp betopiaerp.addons.base.tests.test_configmanager: ====================================================================== 
2026-02-09 10:27:35,728 1 ERROR betopiaerp betopiaerp.addons.base.tests.test_configmanager: FAIL: TestConfigManager.test_07_environ
Traceback (most recent call last):
  File "/opt/betopiaerp/betopiaerp/addons/base/tests/test_configmanager.py", line 42, in assertConfigEqual
    self.assertEqual(dict(self.config.options), truth)
  File "/usr/local/lib/python3.12/unittest/case.py", line 885, in assertEqual
    assertion_func(first, second, msg=msg)
  File "/usr/local/lib/python3.12/unittest/case.py", line 1184, in assertDictEqual
    self.fail(self._formatMessage(msg, standardMsg))
AssertionError: {'adm[94 chars]se, 'import_file_maxbytes': 10485760, 'import_[2311 chars] 100} != {'adm[94 chars]se, 'proxy_access_token': '', 'publisher_warra[2310 chars] 100}
  {'addons_path': [],
   'admin_passwd': 'admin',
   'bin_path': '',
   'config': '/opt/betopiaerp/betopiaerp/addons/base/tests/config/empty.conf',
   'csv_internal_sep': ',',
   'data_dir': '/tmp/data-dir',
   'db_app_name': 'envapp',
   'db_host': 'db.localhost',
   'db_maxconn': 42,
   'db_maxconn_gevent': 100,
   'db_name': ['horizon'],
   'db_password': 'Tigrou0073',
   'db_port': 4269,
   'db_replica_host': 'db2.localhost',
   'db_replica_port': 2038,
   'db_sslmode': 'verify-full',
   'db_template': 'backup1706',
   'db_user': 'kiwi',
   'dbfilter': '.*',
   'default_productivity_apps': False,
   'dev_mode': ['xml', 'reload'],
   'email_from': 'admin@example.com',
   'from_filter': '.*',
   'geoip_city_db': '/tmp/city.db',
   'geoip_country_db': '/tmp/country.db',
   'gevent_port': 8012,
   'http_enable': False,
   'http_interface': '10.0.0.254',
   'http_port': 6942,
   'import_file_maxbytes': 10485760,
   'import_file_timeout': 3,
   'import_partial': '',
   'import_url_regex': '^(?:http|https)://',
   'init': {},
   'limit_memory_hard': 1048578,
   'limit_memory_hard_gevent': 1048579,
   'limit_memory_soft': 1048576,
   'limit_memory_soft_gevent': 1048577,
   'limit_request': 100,
   'limit_time_cpu': 60,
   'limit_time_real': 61,
   'limit_time_real_cron': 62,
   'limit_time_worker_cron': 0,
   'list_db': False,
   'load_language': None,
   'log_db': 'logdb',
   'log_db_level': 'debug',
-  'log_handler': [':WARNING', 'BetopiaERP.tools.config:DEBUG'],
?                               ^      ^^^

+  'log_handler': [':WARNING', 'betopiaerp.tools.config:DEBUG'],
?                               ^      ^^^

   'log_level': 'debug',
-  'logfile': '/tmp/BetopiaERP.log',
?                   ^      ^^^

+  'logfile': '/tmp/betopiaerp.log',
?                   ^      ^^^

   'max_cron_threads': 4,
   'osv_memory_count_limit': 71,
   'overwrite_existing_translations': False,
   'pg_path': '/tmp/pg_path',
   'pidfile': '/tmp/pidfile',
   'pre_upgrade_scripts': [],
   'proxy_access_token': '',
   'proxy_mode': True,
   'publisher_warranty_url': 'http://services.betopiaerp.com/publisher-warranty/',
   'reinit': [],
   'reportgz': False,
   'save': False,
   'screencasts': '/tmp/screencasts',
   'screenshots': '/tmp/screenshots',
   'server_wide_modules': ['web', 'base', 'mail'],
   'skip_auto_install': False,
   'smtp_password': 'Tigrou0072',
   'smtp_port': 1299,
   'smtp_server': 'smtp.localhost',
   'smtp_ssl': True,
   'smtp_ssl_certificate_filename': '/tmp/tlscert',
   'smtp_ssl_private_key_filename': '/tmp/tlskey',
   'smtp_user': 'spongebob',
   'stop_after_init': False,
   'syslog': False,
   'test_enable': False,
   'test_file': '',
   'test_tags': None,
   'transient_age_limit': 4.0,
   'unaccent': True,
   'update': {},
   'upgrade_path': [],
   'websocket_keep_alive_timeout': 3600,
   'websocket_rate_limit_burst': 10,
   'websocket_rate_limit_delay': 0.2,
-  'with_demo': False,
?               ^^^^

+  'with_demo': True,
?               ^^^

   'workers': 92,
   'x_sendfile': True}

The above exception was the direct cause of the following exception:

Traceback (most recent call last):
  File "/opt/betopiaerp/betopiaerp/addons/base/tests/test_configmanager.py", line 607, in test_07_environ
    self.assertConfigEqual({
  File "/opt/betopiaerp/betopiaerp/addons/base/tests/test_configmanager.py", line 50, in assertConfigEqual
    raise exc2 from exc1
  File "/opt/betopiaerp/betopiaerp/addons/base/tests/test_configmanager.py", line 46, in assertConfigEqual
    self.assertEqual(self.config.options[k], truth[k], f"{k!r} doesn't match")
AssertionError: Lists differ: [':WARNING', 'BetopiaERP.tools.config:DEBUG'] != [':WARNING', 'betopiaerp.tools.config:DEBUG']

First differing element 1:
'BetopiaERP.tools.config:DEBUG'
'betopiaerp.tools.config:DEBUG'

- [':WARNING', 'BetopiaERP.tools.config:DEBUG']
?               ^      ^^^

+ [':WARNING', 'betopiaerp.tools.config:DEBUG']
?               ^      ^^^
 : 'log_handler' doesn't match
{'source#0': [':WARNING', 'BetopiaERP.tools.config:DEBUG'], 'runtime': [':WARNING', 'BetopiaERP.tools.config:DEBUG'], 'command line': , 'environment variable': ['BetopiaERP.tools.config:DEBUG', ':WARNING'], 'configuration file': , 'hardcoded default': [':INFO']}
 
2026-02-09 10:27:35,729 1 INFO betopiaerp betopiaerp.addons.base.tests.test_configmanager: Starting TestConfigManager.test_10_init_update_incompatible_with_multidb ... 
2026-02-09 10:27:35,779 1 INFO betopiaerp betopiaerp.addons.base.tests.test_configmanager: Starting TestConfigManager.test_11_auto_stop_after_init_after_test ... 
2026-02-09 10:27:35,828 1 INFO betopiaerp betopiaerp.addons.base.tests.test_configmanager: Starting TestConfigManager.test_13_empty_db_replica_host ... 
2026-02-09 10:27:35,888 1 INFO betopiaerp betopiaerp.addons.base.models.ir_attachment: filestore gc 0 checked, 0 removed 
2026-02-09 10:27:35,889 1 INFO betopiaerp betopiaerp.addons.base.tests.test_date_utils: Starting TestDateUtils.test_fiscal_year ... 
2026-02-09 10:27:35,890 1 INFO betopiaerp betopiaerp.addons.base.tests.test_date_utils: Starting TestDateUtils.test_localized_timezone ... 
2026-02-09 10:27:36,062 1 INFO betopiaerp betopiaerp.addons.base.tests.test_date_utils: Starting TestDateUtils.test_offset_utils ... 
2026-02-09 10:27:36,064 1 INFO betopiaerp betopiaerp.addons.base.tests.test_date_utils: Starting TestDateUtils.test_parse_date ... 
2026-02-09 10:27:36,066 1 INFO betopiaerp betopiaerp.addons.base.tests.test_date_utils: Starting TestDateUtils.test_parse_date_relative_tz ... 
2026-02-09 10:27:36,078 1 INFO betopiaerp betopiaerp.addons.base.tests.test_date_utils: Starting TestDateUtils.test_parse_date_relative_utc ... 
2026-02-09 10:27:36,098 1 INFO betopiaerp betopiaerp.addons.base.tests.test_date_utils: Starting TestDateUtils.test_parse_iso_date ... 
2026-02-09 10:27:36,100 1 INFO betopiaerp betopiaerp.addons.base.models.ir_attachment: filestore gc 0 checked, 0 removed 
2026-02-09 10:27:36,101 1 INFO betopiaerp betopiaerp.addons.base.tests.test_date_utils: Starting TestDateRangeFunction.test_date_range_with_date ... 
2026-02-09 10:27:36,101 1 INFO betopiaerp betopiaerp.addons.base.tests.test_date_utils: Starting TestDateRangeFunction.test_date_range_with_hour ... 
2026-02-09 10:27:36,101 1 INFO betopiaerp betopiaerp.addons.base.tests.test_date_utils: Starting TestDateRangeFunction.test_date_range_with_inconsistent_datetimes ... 
2026-02-09 10:27:36,102 1 INFO betopiaerp betopiaerp.addons.base.tests.test_date_utils: Starting TestDateRangeFunction.test_date_range_with_mismatching_zones ... 
2026-02-09 10:27:36,102 1 INFO betopiaerp betopiaerp.addons.base.tests.test_date_utils: Starting TestDateRangeFunction.test_date_range_with_naive_datetimes ... 
2026-02-09 10:27:36,103 1 INFO betopiaerp betopiaerp.addons.base.tests.test_date_utils: Starting TestDateRangeFunction.test_date_range_with_timezone_aware_datetimes_other_than_utc ... 
2026-02-09 10:27:36,103 1 INFO betopiaerp betopiaerp.addons.base.tests.test_date_utils: Starting TestDateRangeFunction.test_step_is_positive ... 
2026-02-09 10:27:36,103 1 INFO betopiaerp betopiaerp.addons.base.tests.test_db_cursor: Starting TestRealCursor.test_connection_readonly ... 
2026-02-09 10:27:36,112 1 INFO betopiaerp betopiaerp.addons.base.tests.test_db_cursor: Starting TestRealCursor.test_execute_bad_params ... 
2026-02-09 10:27:36,113 1 INFO betopiaerp betopiaerp.addons.base.tests.test_db_cursor: Starting TestRealCursor.test_multiple_close_call_cursor ... 
2026-02-09 10:27:36,114 1 INFO betopiaerp betopiaerp.addons.base.tests.test_db_cursor: Starting TestRealCursor.test_transaction_isolation_cursor ... 
2026-02-09 10:27:36,114 1 INFO betopiaerp betopiaerp.addons.base.tests.test_db_cursor: Starting TestRealCursor.test_using_closed_cursor ... 
2026-02-09 10:27:36,117 1 INFO betopiaerp betopiaerp.addons.base.tests.test_db_cursor: Starting TestHTTPCursor.test_call_kw_readonly ... 
2026-02-09 10:27:36,121 1 INFO betopiaerp betopiaerp.addons.base.models.res_users: Login successful for login:admin from n/a 
2026-02-09 10:27:36,127 1 INFO betopiaerp betopiaerp.addons.base.models.ir_http: Generating routing map for key None 
2026-02-09 10:27:36,133 1 INFO betopiaerp betopiaerp.tests.common: Skipping signal changes during tests 
2026-02-09 10:27:36,134 1 INFO betopiaerp werkzeug: 127.0.0.1 - - [09/Feb/2026 10:27:36] "POST /web/dataset/call_kw#res.partner.read HTTP/1.1" 200 - 2 0.000 0.007
2026-02-09 10:27:36,138 1 INFO betopiaerp betopiaerp.tests.common: Skipping signal changes during tests 
2026-02-09 10:27:36,138 1 INFO betopiaerp werkzeug: 127.0.0.1 - - [09/Feb/2026 10:27:36] "POST /web/dataset/call_kw#res.partner.write HTTP/1.1" 200 - 0 0.000 0.001
2026-02-09 10:27:36,139 1 INFO betopiaerp betopiaerp.addons.base.tests.test_db_cursor: Starting TestHTTPCursor.test_cursor_keeps_readwriteness ... 
2026-02-09 10:27:36,142 1 INFO betopiaerp betopiaerp.addons.base.models.ir_attachment: filestore gc 0 checked, 0 removed 
2026-02-09 10:27:36,143 1 INFO betopiaerp betopiaerp.addons.base.tests.test_db_cursor: Starting TestTestCursor.test_borrow_connection ... 
2026-02-09 10:27:36,160 1 INFO betopiaerp betopiaerp.addons.base.tests.test_db_cursor: Starting TestTestCursor.test_interleaving ... 
2026-02-09 10:27:36,167 1 INFO betopiaerp betopiaerp.addons.base.tests.test_db_cursor: Starting TestTestCursor.test_single_cursor ... 
2026-02-09 10:27:36,176 1 INFO betopiaerp betopiaerp.addons.base.tests.test_db_cursor: Starting TestTestCursor.test_sub_commit ... 
2026-02-09 10:27:36,189 1 INFO betopiaerp betopiaerp.addons.base.tests.test_db_cursor: Starting TestTestCursor.test_sub_rollback ... 
2026-02-09 10:27:36,203 1 INFO betopiaerp betopiaerp.addons.base.models.ir_attachment: filestore gc 0 checked, 0 removed 
2026-02-09 10:27:36,204 1 INFO betopiaerp betopiaerp.addons.base.tests.test_db_cursor: Starting TestCursorHooks.test_hooks_on_cursor ... 
2026-02-09 10:27:36,206 1 INFO betopiaerp betopiaerp.addons.base.tests.test_db_cursor: Starting TestCursorHooks.test_hooks_on_testcursor ... 
2026-02-09 10:27:36,209 1 INFO betopiaerp betopiaerp.addons.base.models.ir_attachment: filestore gc 0 checked, 0 removed 
2026-02-09 10:27:36,210 1 INFO betopiaerp betopiaerp.addons.base.tests.test_db_cursor: Starting TestCursorHooksTransactionCaseCleanup.test_1_isolation ... 
2026-02-09 10:27:36,211 1 INFO betopiaerp betopiaerp.addons.base.tests.test_db_cursor: Starting TestCursorHooksTransactionCaseCleanup.test_2_isolation ... 
2026-02-09 10:27:36,212 1 INFO betopiaerp betopiaerp.addons.base.tests.test_db_cursor: Starting TestCursorHooksTransactionCaseCleanup.test_3_isolation ... 
2026-02-09 10:27:36,212 1 INFO betopiaerp betopiaerp.addons.base.tests.test_db_cursor: Starting TestCursorHooksTransactionCaseCleanup.test_4_isolation ... 
2026-02-09 10:27:36,213 1 INFO betopiaerp betopiaerp.addons.base.tests.test_db_cursor: Starting TestCursorHooksTransactionCaseCleanup.test_5_isolation ... 
2026-02-09 10:27:36,214 1 INFO betopiaerp betopiaerp.addons.base.models.ir_attachment: filestore gc 0 checked, 0 removed 
2026-02-09 10:27:36,278 1 INFO betopiaerp betopiaerp.addons.base.tests.test_expression: Starting TestExpression.test_00_in_not_in_m2m ... 
2026-02-09 10:27:36,307 1 INFO betopiaerp betopiaerp.addons.base.tests.test_expression: Starting TestExpression.test_05_not_str_m2m ... 
2026-02-09 10:27:36,333 1 INFO betopiaerp betopiaerp.addons.base.tests.test_expression: Starting TestExpression.test_09_hierarchy_filtered_domain ... 
2026-02-09 10:27:36,342 1 INFO betopiaerp betopiaerp.addons.base.tests.test_expression: Starting TestExpression.test_10_eq_lt_gt_lte_gte ... 
2026-02-09 10:27:36,352 1 INFO betopiaerp betopiaerp.addons.base.tests.test_expression: Starting TestExpression.test_10_equivalent_id ... 
2026-02-09 10:27:36,372 1 INFO betopiaerp betopiaerp.addons.base.tests.test_expression: Starting TestExpression.test_10_hierarchy_access ... 
2026-02-09 10:27:36,408 1 INFO betopiaerp betopiaerp.addons.base.tests.test_expression: Starting TestExpression.test_10_hierarchy_in_m2m ... 
2026-02-09 10:27:36,437 1 INFO betopiaerp betopiaerp.addons.base.tests.test_expression: Starting TestExpression.test_15_equivalent_one2many_1 ... 
2026-02-09 10:27:36,623 1 INFO betopiaerp betopiaerp.addons.base.tests.test_expression: Starting TestExpression.test_15_equivalent_one2many_2 ... 
2026-02-09 10:27:36,661 1 INFO betopiaerp betopiaerp.addons.base.tests.test_expression: Starting TestExpression.test_15_hierarchy_ilike ... 
2026-02-09 10:27:36,734 1 INFO betopiaerp betopiaerp.addons.base.tests.test_expression: Starting TestExpression.test_15_m2m_false ... 
2026-02-09 10:27:36,739 1 INFO betopiaerp betopiaerp.addons.base.tests.test_expression: Starting TestExpression.test_15_m2o ... 
2026-02-09 10:27:36,850 1 INFO betopiaerp betopiaerp.addons.base.tests.test_expression: Starting TestExpression.test_15_o2m ... 
2026-02-09 10:27:36,862 1 INFO betopiaerp betopiaerp.addons.base.tests.test_expression: Starting TestExpression.test_15_o2m_subselect ... 
2026-02-09 10:27:36,880 1 INFO betopiaerp betopiaerp.addons.base.tests.test_expression: Starting TestExpression.test_20_expression_parse ... 
2026-02-09 10:27:36,925 1 INFO betopiaerp betopiaerp.addons.base.tests.test_expression: Starting TestExpression.test_30_instantiate_domain ... 
2026-02-09 10:27:36,927 1 INFO betopiaerp betopiaerp.addons.base.tests.test_expression: Starting TestExpression.test_30_normalize_domain ... 
2026-02-09 10:27:36,930 1 INFO betopiaerp betopiaerp.addons.base.tests.test_expression: Starting TestExpression.test_31_backwards_compatible_domain ... 
2026-02-09 10:27:36,933 1 INFO betopiaerp betopiaerp.addons.base.tests.test_expression: Starting TestExpression.test_32_iter_conditions ... 
2026-02-09 10:27:36,934 1 INFO betopiaerp betopiaerp.addons.base.tests.test_expression: Starting TestExpression.test_33_map_conditions ... 
2026-02-09 10:27:36,935 1 INFO betopiaerp betopiaerp.addons.base.tests.test_expression: Starting TestExpression.test_35_negating_thruty_leafs ... 
2026-02-09 10:27:36,935 1 INFO betopiaerp betopiaerp.addons.base.tests.test_expression: Starting TestExpression.test_40_negating_long_expression ... 
2026-02-09 10:27:36,941 1 INFO betopiaerp betopiaerp.addons.base.tests.test_expression: Starting TestExpression.test_40_negating_traversal ... 
2026-02-09 10:27:36,941 1 INFO betopiaerp betopiaerp.addons.base.tests.test_expression: Starting TestExpression.test_accent ... 
2026-02-09 10:27:36,942 1 INFO betopiaerp betopiaerp.addons.base.tests.test_expression: skipped TestExpression.test_accent : unaccent not enabled 
2026-02-09 10:27:36,943 1 INFO betopiaerp betopiaerp.addons.base.tests.test_expression: Starting TestExpression.test_active ... 
2026-02-09 10:27:36,961 1 INFO betopiaerp betopiaerp.addons.base.tests.test_expression: Starting TestExpression.test_combine_conditions ... 
2026-02-09 10:27:36,962 1 INFO betopiaerp betopiaerp.addons.base.tests.test_expression: Starting TestExpression.test_combine_simple_conditions ... 
2026-02-09 10:27:36,963 1 INFO betopiaerp betopiaerp.addons.base.tests.test_expression: Starting TestExpression.test_filtered_domain_any_bypass_access ... 
2026-02-09 10:27:36,969 1 INFO betopiaerp betopiaerp.models.unlink: User #1 deleted ir.model.data records with IDs: [9400, 9399, 9398, 7592, 7590, 7591, 7589, 3954, 3952, 3953, 3949, 3938, 3956, 3955, 3934, 3933, 3939, 3940, 3941, 3935, 3961, 3943, 3945, 3942, 3944, 3937, 3936, 3932, 3931, 3946, 3930, 3947, 3948, 3950, 3951, 3957, 3958, 3959, 3960, 10479, 7480, 7479] 
2026-02-09 10:27:36,970 1 INFO betopiaerp betopiaerp.models.unlink: User #1 deleted ir.rule records with IDs: [33, 34, 21, 22, 1, 17, 23, 24, 25, 18, 19, 7, 2, 3, 30, 31, 28, 29, 8, 13, 14, 15, 16, 32, 6, 10, 11, 12, 26, 27, 4, 5, 42, 9, 20, 35, 36, 37, 38, 40, 39, 41] 
2026-02-09 10:27:36,988 1 INFO betopiaerp betopiaerp.addons.base.tests.test_expression: Starting TestExpression.test_filtered_domain_any_operator ... 
2026-02-09 10:27:37,006 1 INFO betopiaerp betopiaerp.addons.base.tests.test_expression: Starting TestExpression.test_filtered_domain_order ... 
2026-02-09 10:27:37,011 1 INFO betopiaerp betopiaerp.addons.base.tests.test_expression: Starting TestExpression.test_filtered_domain_order2 ... 
2026-02-09 10:27:37,013 1 INFO betopiaerp betopiaerp.addons.base.tests.test_expression: Starting TestExpression.test_in_boolean ... 
2026-02-09 10:27:37,016 1 INFO betopiaerp betopiaerp.addons.base.tests.test_expression: Starting TestExpression.test_in_operator ... 
2026-02-09 10:27:37,019 1 INFO betopiaerp betopiaerp.addons.base.tests.test_expression: Starting TestExpression.test_invalid ... 
2026-02-09 10:27:37,021 1 INFO betopiaerp betopiaerp.addons.base.tests.test_expression: Starting TestExpression.test_like_cast ... 
2026-02-09 10:27:37,048 1 INFO betopiaerp betopiaerp.addons.base.tests.test_expression: Starting TestExpression.test_like_complement_m2o_access ... 
2026-02-09 10:27:37,067 1 INFO betopiaerp betopiaerp.models.unlink: User #1 deleted ir.model.data records with IDs: [9400, 9399, 9398, 7592, 7590, 7591, 7589, 3954, 3952, 3953, 3949, 3938, 3956, 3955, 3934, 3933, 3939, 3940, 3941, 3935, 3961, 3943, 3945, 3942, 3944, 3937, 3936, 3932, 3931, 3946, 3930, 3947, 3948, 3950, 3951, 3957, 3958, 3959, 3960, 10479, 7480, 7479] 
2026-02-09 10:27:37,067 1 INFO betopiaerp betopiaerp.models.unlink: User #1 deleted ir.rule records with IDs: [33, 34, 21, 22, 1, 17, 23, 24, 25, 18, 19, 7, 2, 3, 30, 31, 28, 29, 8, 13, 14, 15, 16, 32, 6, 10, 11, 12, 26, 27, 4, 5, 42, 9, 20, 35, 36, 37, 38, 40, 39, 41] 
2026-02-09 10:27:37,082 1 INFO betopiaerp betopiaerp.addons.base.models.ir_rule: Access Denied by record rules for operation: read on record ids: [1603], uid: 405, model: res.partner 
2026-02-09 10:27:37,086 1 INFO betopiaerp betopiaerp.addons.base.models.ir_rule: Access Denied by record rules for operation: read on record ids: [1603], uid: 405, model: res.partner 
2026-02-09 10:27:37,092 1 INFO betopiaerp betopiaerp.addons.base.models.ir_rule: Access Denied by record rules for operation: read on record ids: [1603], uid: 405, model: res.partner 
2026-02-09 10:27:37,094 1 INFO betopiaerp betopiaerp.addons.base.models.ir_rule: Access Denied by record rules for operation: read on record ids: [1603], uid: 405, model: res.partner 
2026-02-09 10:27:37,096 1 INFO betopiaerp betopiaerp.addons.base.tests.test_expression: Starting TestExpression.test_like_filtered ... 
2026-02-09 10:27:37,106 1 INFO betopiaerp betopiaerp.addons.base.tests.test_expression: Starting TestExpression.test_like_wildcards ... 
2026-02-09 10:27:37,115 1 INFO betopiaerp betopiaerp.addons.base.tests.test_expression: Starting TestExpression.test_lp1071710 ... 
2026-02-09 10:27:37,132 1 INFO betopiaerp betopiaerp.addons.base.tests.test_expression: Starting TestExpression.test_negate_conditions ... 
2026-02-09 10:27:37,133 1 INFO betopiaerp betopiaerp.addons.base.tests.test_expression: Starting TestExpression.test_or_with_implicit_and ... 
2026-02-09 10:27:37,134 1 INFO betopiaerp betopiaerp.addons.base.tests.test_expression: Starting TestExpression.test_proper_combine_unit_leaves ... 
2026-02-09 10:27:37,134 1 INFO betopiaerp betopiaerp.addons.base.tests.test_expression: Starting TestExpression.test_translate_search ... 
2026-02-09 10:27:37,144 1 INFO betopiaerp betopiaerp.addons.base.models.ir_attachment: filestore gc 9 checked, 6 removed 
2026-02-09 10:27:37,145 1 INFO betopiaerp betopiaerp.addons.base.tests.test_expression: Starting TestExpression2.test_long_table_alias ... 
2026-02-09 10:27:37,147 1 INFO betopiaerp betopiaerp.addons.base.models.ir_attachment: filestore gc 0 checked, 0 removed 
2026-02-09 10:27:37,148 1 INFO betopiaerp betopiaerp.addons.base.tests.test_expression: Starting TestBypassAccess.test_bypass_search_access ... 
2026-02-09 10:27:37,224 1 INFO betopiaerp betopiaerp.addons.base.tests.test_expression: Starting TestBypassAccess.test_nullfields ... 
2026-02-09 10:27:37,230 1 INFO betopiaerp betopiaerp.addons.base.models.ir_attachment: filestore gc 0 checked, 0 removed 
2026-02-09 10:27:37,231 1 INFO betopiaerp betopiaerp.addons.base.tests.test_expression: Starting TestQueries.test_access_rules ... 
2026-02-09 10:27:37,248 1 INFO betopiaerp betopiaerp.addons.base.tests.test_expression: Starting TestQueries.test_access_rules_active_test ... 
2026-02-09 10:27:37,267 1 INFO betopiaerp betopiaerp.addons.base.tests.test_expression: Starting TestQueries.test_access_rules_active_test_neg ... 
2026-02-09 10:27:37,274 1 INFO betopiaerp betopiaerp.models.unlink: User #1 deleted ir.model.data records with IDs: [9400, 9399, 9398, 7592, 7590, 7591, 7589, 3954, 3952, 3953, 3949, 3938, 3956, 3955, 3934, 3933, 3939, 3940, 3941, 3935, 3961, 3943, 3945, 3942, 3944, 3937, 3936, 3932, 3931, 3946, 3930, 3947, 3948, 3950, 3951, 3957, 3958, 3959, 3960, 10479, 7480, 7479] 
2026-02-09 10:27:37,274 1 INFO betopiaerp betopiaerp.models.unlink: User #1 deleted ir.rule records with IDs: [33, 34, 21, 22, 1, 17, 23, 24, 25, 18, 19, 7, 2, 3, 30, 31, 28, 29, 8, 13, 14, 15, 16, 32, 6, 10, 11, 12, 26, 27, 4, 5, 42, 9, 20, 35, 36, 37, 38, 40, 39, 41] 
2026-02-09 10:27:37,284 1 INFO betopiaerp betopiaerp.addons.base.tests.test_expression: Starting TestQueries.test_count ... 
2026-02-09 10:27:37,285 1 INFO betopiaerp betopiaerp.addons.base.tests.test_expression: Starting TestQueries.test_count_limit ... 
2026-02-09 10:27:37,286 1 INFO betopiaerp betopiaerp.addons.base.tests.test_expression: Starting TestQueries.test_logic ... 
2026-02-09 10:27:37,288 1 INFO betopiaerp betopiaerp.addons.base.tests.test_expression: Starting TestQueries.test_order ... 
2026-02-09 10:27:37,291 1 INFO betopiaerp betopiaerp.addons.base.tests.test_expression: Starting TestQueries.test_rec_names_search ... 
2026-02-09 10:27:37,293 1 INFO betopiaerp betopiaerp.addons.base.tests.test_expression: Starting TestQueries.test_translated_field ... 
2026-02-09 10:27:37,297 1 INFO betopiaerp betopiaerp.addons.base.models.ir_attachment: filestore gc 0 checked, 0 removed 
2026-02-09 10:27:37,298 1 INFO betopiaerp betopiaerp.addons.base.tests.test_expression: Starting TestMany2one.test_complement_regular ... 
2026-02-09 10:27:37,300 1 INFO betopiaerp betopiaerp.addons.base.tests.test_expression: Starting TestMany2one.test_explicit_subquery ... 
2026-02-09 10:27:37,305 1 INFO betopiaerp betopiaerp.addons.base.tests.test_expression: Starting TestMany2one.test_inherited ... 
2026-02-09 10:27:37,307 1 INFO betopiaerp betopiaerp.addons.base.tests.test_expression: Starting TestMany2one.test_name_search ... 
2026-02-09 10:27:37,310 1 INFO betopiaerp betopiaerp.addons.base.tests.test_expression: Starting TestMany2one.test_name_search_undefined ... 
2026-02-09 10:27:37,313 1 INFO betopiaerp betopiaerp.addons.base.tests.test_expression: Starting TestMany2one.test_regular ... 
2026-02-09 10:27:37,317 1 INFO betopiaerp betopiaerp.addons.base.tests.test_expression: Starting TestMany2one.testbypass_search_access ... 
2026-02-09 10:27:37,324 1 INFO betopiaerp betopiaerp.addons.base.models.ir_attachment: filestore gc 0 checked, 0 removed 
2026-02-09 10:27:37,325 1 INFO betopiaerp betopiaerp.addons.base.tests.test_expression: Starting TestOne2many.test_empty ... 
2026-02-09 10:27:37,335 1 INFO betopiaerp betopiaerp.addons.base.tests.test_expression: Starting TestOne2many.test_name_search ... 
2026-02-09 10:27:37,344 1 INFO betopiaerp betopiaerp.addons.base.tests.test_expression: Starting TestOne2many.test_regular ... 
2026-02-09 10:27:37,355 1 INFO betopiaerp betopiaerp.addons.base.tests.test_expression: Starting TestOne2many.testbypass_search_access ... 
2026-02-09 10:27:37,367 1 INFO betopiaerp betopiaerp.addons.base.tests.test_expression: Starting TestOne2many.testbypass_search_access_mixed ... 
2026-02-09 10:27:37,377 1 INFO betopiaerp betopiaerp.addons.base.models.ir_attachment: filestore gc 0 checked, 0 removed 
2026-02-09 10:27:37,378 1 INFO betopiaerp betopiaerp.addons.base.tests.test_expression: Starting TestMany2many.test_empty ... 
2026-02-09 10:27:37,381 1 INFO betopiaerp betopiaerp.addons.base.tests.test_expression: Starting TestMany2many.test_name_search ... 
2026-02-09 10:27:37,384 1 INFO betopiaerp betopiaerp.addons.base.tests.test_expression: Starting TestMany2many.test_regular ... 
2026-02-09 10:27:37,395 1 INFO betopiaerp betopiaerp.addons.base.tests.test_expression: Starting TestMany2many.test_regular_in_false ... 
2026-02-09 10:27:37,399 1 INFO betopiaerp betopiaerp.addons.base.tests.test_expression: Starting TestMany2many.testbypass_search_access ... 
2026-02-09 10:27:37,402 1 INFO betopiaerp betopiaerp.addons.base.models.ir_attachment: filestore gc 0 checked, 0 removed 
2026-02-09 10:27:37,403 1 INFO betopiaerp betopiaerp.addons.base.tests.test_expression: Starting TestAnyfy.test_and_multiple_many2one_with_subfield ... 
2026-02-09 10:27:37,404 1 INFO betopiaerp betopiaerp.addons.base.tests.test_expression: Starting TestAnyfy.test_and_multiple_one2many_with_subfield ... 
2026-02-09 10:27:37,405 1 INFO betopiaerp betopiaerp.addons.base.tests.test_expression: Starting TestAnyfy.test_not_and_multiple_many2one_field_with_subfield ... 
2026-02-09 10:27:37,406 1 INFO betopiaerp betopiaerp.addons.base.tests.test_expression: Starting TestAnyfy.test_not_and_multiple_one2many_field_with_subfield ... 
2026-02-09 10:27:37,407 1 INFO betopiaerp betopiaerp.addons.base.tests.test_expression: Starting TestAnyfy.test_not_or_multiple_many2one_field_with_subfield ... 
2026-02-09 10:27:37,408 1 INFO betopiaerp betopiaerp.addons.base.tests.test_expression: Starting TestAnyfy.test_not_or_multiple_one2many_field_with_subfield ... 
2026-02-09 10:27:37,409 1 INFO betopiaerp betopiaerp.addons.base.tests.test_expression: Starting TestAnyfy.test_not_single_field ... 
2026-02-09 10:27:37,409 1 INFO betopiaerp betopiaerp.addons.base.tests.test_expression: Starting TestAnyfy.test_not_single_many2one_with_subfield ... 
2026-02-09 10:27:37,410 1 INFO betopiaerp betopiaerp.addons.base.tests.test_expression: Starting TestAnyfy.test_not_single_one2many_with_subfield ... 
2026-02-09 10:27:37,411 1 INFO betopiaerp betopiaerp.addons.base.tests.test_expression: Starting TestAnyfy.test_or_multiple_many2one_with_subfield ... 
2026-02-09 10:27:37,412 1 INFO betopiaerp betopiaerp.addons.base.tests.test_expression: Starting TestAnyfy.test_or_multiple_one2many_with_subfield ... 
2026-02-09 10:27:37,412 1 INFO betopiaerp betopiaerp.addons.base.tests.test_expression: Starting TestAnyfy.test_single_field ... 
2026-02-09 10:27:37,413 1 INFO betopiaerp betopiaerp.addons.base.tests.test_expression: Starting TestAnyfy.test_single_many2one_with_subfield ... 
2026-02-09 10:27:37,413 1 INFO betopiaerp betopiaerp.addons.base.tests.test_expression: Starting TestAnyfy.test_single_one2many_with_subfield ... 
2026-02-09 10:27:37,414 1 INFO betopiaerp betopiaerp.addons.base.tests.test_expression: Starting TestAnyfy.test_true_leaf_as_list ... 
2026-02-09 10:27:37,415 1 INFO betopiaerp betopiaerp.addons.base.models.ir_attachment: filestore gc 0 checked, 0 removed 
2026-02-09 10:27:37,416 1 INFO betopiaerp betopiaerp.addons.base.tests.test_float: Starting TestFloatPrecision.test_amount_to_text_10 ... 
2026-02-09 10:27:37,420 1 INFO betopiaerp betopiaerp.addons.base.tests.test_float: Starting TestFloatPrecision.test_float_split_05 ... 
2026-02-09 10:27:37,421 1 INFO betopiaerp betopiaerp.addons.base.tests.test_float: Starting TestFloatPrecision.test_rounding_02 ... 
2026-02-09 10:27:37,422 1 INFO betopiaerp betopiaerp.addons.base.tests.test_float: Starting TestFloatPrecision.test_rounding_03 ... 
2026-02-09 10:27:37,461 1 INFO betopiaerp betopiaerp.addons.base.tests.test_float: Starting TestFloatPrecision.test_rounding_04 ... 
2026-02-09 10:27:37,465 1 INFO betopiaerp betopiaerp.addons.base.tests.test_float: Starting TestFloatPrecision.test_rounding_invalid ... 
2026-02-09 10:27:37,469 1 INFO betopiaerp betopiaerp.addons.base.models.ir_attachment: filestore gc 0 checked, 0 removed 
2026-02-09 10:27:37,493 1 INFO betopiaerp betopiaerp.addons.base.tests.test_format_address_mixin: Starting TestPartnerFormatAddress.test_address_view ... 
2026-02-09 10:27:37,611 1 INFO betopiaerp betopiaerp.addons.base.tests.test_format_address_mixin: Starting TestPartnerFormatAddress.test_display_name_address_formatting ... 
2026-02-09 10:27:37,617 1 INFO betopiaerp betopiaerp.addons.base.models.ir_attachment: filestore gc 1 checked, 1 removed 
2026-02-09 10:27:37,617 1 INFO betopiaerp betopiaerp.addons.base.tests.test_func: Starting TestFrozendict.test_frozendict_hash ... 
2026-02-09 10:27:37,618 1 INFO betopiaerp betopiaerp.addons.base.tests.test_func: Starting TestFrozendict.test_frozendict_immutable ... 
2026-02-09 10:27:37,618 1 INFO betopiaerp betopiaerp.addons.base.tests.test_func: Starting TestLazy.test_lazy_compare ... 
2026-02-09 10:27:37,619 1 INFO betopiaerp betopiaerp.addons.base.tests.test_groups: Starting TestGroupsObject.test_groups_10_hudge_combine ... 
2026-02-09 10:27:37,620 1 INFO betopiaerp betopiaerp.addons.base.tests.test_groups: Starting TestGroupsObject.test_groups_11_invert_intersect ... 
2026-02-09 10:27:37,624 1 INFO betopiaerp betopiaerp.addons.base.tests.test_groups: Starting TestGroupsObject.test_groups_1_base ... 
2026-02-09 10:27:37,625 1 INFO betopiaerp betopiaerp.addons.base.tests.test_groups: Starting TestGroupsObject.test_groups_2_and ... 
2026-02-09 10:27:37,625 1 INFO betopiaerp betopiaerp.addons.base.tests.test_groups: Starting TestGroupsObject.test_groups_3_or ... 
2026-02-09 10:27:37,626 1 INFO betopiaerp betopiaerp.addons.base.tests.test_groups: Starting TestGroupsObject.test_groups_3_or_and ... 
2026-02-09 10:27:37,626 1 INFO betopiaerp betopiaerp.addons.base.tests.test_groups: Starting TestGroupsObject.test_groups_4_gt_lt ... 
2026-02-09 10:27:37,627 1 INFO betopiaerp betopiaerp.addons.base.tests.test_groups: Starting TestGroupsObject.test_groups_5_invert ... 
2026-02-09 10:27:37,628 1 INFO betopiaerp betopiaerp.addons.base.tests.test_groups: Starting TestGroupsObject.test_groups_6_invert_gt_lt ... 
2026-02-09 10:27:37,628 1 INFO betopiaerp betopiaerp.addons.base.tests.test_groups: Starting TestGroupsObject.test_groups_7_various ... 
2026-02-09 10:27:37,629 1 INFO betopiaerp betopiaerp.addons.base.tests.test_groups: Starting TestGroupsObject.test_groups_8_reduce ... 
2026-02-09 10:27:37,630 1 INFO betopiaerp betopiaerp.addons.base.tests.test_groups: Starting TestGroupsObject.test_groups_9_distinct ... 
2026-02-09 10:27:37,631 1 INFO betopiaerp betopiaerp.addons.base.tests.test_groups: Starting TestGroupsObject.test_groups_key ... 
2026-02-09 10:27:37,631 1 INFO betopiaerp betopiaerp.addons.base.tests.test_groups: Starting TestGroupsObject.test_groups_matches ... 
2026-02-09 10:27:37,633 1 INFO betopiaerp betopiaerp.addons.base.tests.test_groups: Starting TestGroupsObject.test_groups_unknown ... 
2026-02-09 10:27:37,642 1 INFO betopiaerp betopiaerp.addons.base.tests.test_groups: Starting TestGroupsBetopiaERP.test_groups_1_base ... 
2026-02-09 10:27:37,643 1 INFO betopiaerp betopiaerp.addons.base.tests.test_groups: Starting TestGroupsBetopiaERP.test_groups_2_from_commat_separator ... 
2026-02-09 10:27:37,646 1 INFO betopiaerp betopiaerp.addons.base.tests.test_groups: Starting TestGroupsBetopiaERP.test_groups_3_from_ref ... 
2026-02-09 10:27:37,648 1 INFO betopiaerp betopiaerp.addons.base.tests.test_groups: Starting TestGroupsBetopiaERP.test_groups_4_full_empty ... 
2026-02-09 10:27:37,652 1 INFO betopiaerp betopiaerp.addons.base.tests.test_groups: Starting TestGroupsBetopiaERP.test_groups_5_contains_user ... 
2026-02-09 10:27:37,782 1 INFO betopiaerp betopiaerp.addons.base.tests.test_groups: Starting TestGroupsBetopiaERP.test_groups_6_distinct ... 
2026-02-09 10:27:37,834 1 INFO betopiaerp betopiaerp.addons.base.models.ir_attachment: filestore gc 1 checked, 1 removed 
2026-02-09 10:27:37,836 1 INFO betopiaerp betopiaerp.addons.base.tests.test_http_case: Starting TestRequestRemainingNoCookie.test_requests_a ... 
2026-02-09 10:27:37,837 1 INFO ? betopiaerp.addons.base.tests.test_http_case: Waiting for B to start 
2026-02-09 10:27:37,837 1 INFO betopiaerp betopiaerp.addons.base.tests.test_http_case: Starting TestRequestRemainingNoCookie.test_requests_b ... 
2026-02-09 10:27:37,838 1 INFO betopiaerp betopiaerp.addons.base.tests.test_http_case: B started, waiting for A to finish 
2026-02-09 10:27:37,838 1 INFO ? betopiaerp.addons.base.tests.test_http_case: Opening url 
2026-02-09 10:27:37,840 1 INFO ? werkzeug: 127.0.0.1 - - [09/Feb/2026 10:27:37] "GET /web/concurrent HTTP/1.1" 400 - 0 0.000 0.000
2026-02-09 10:27:37,842 1 INFO betopiaerp betopiaerp.addons.base.models.ir_attachment: filestore gc 0 checked, 0 removed 
2026-02-09 10:27:37,844 1 INFO betopiaerp betopiaerp.addons.base.tests.test_http_case: Starting TestRequestRemainingNotEnabled.test_requests_a ... 
2026-02-09 10:27:37,845 1 INFO ? betopiaerp.addons.base.tests.test_http_case: Waiting for B to start 
2026-02-09 10:27:37,845 1 INFO betopiaerp betopiaerp.addons.base.tests.test_http_case: Starting TestRequestRemainingNotEnabled.test_requests_b ... 
2026-02-09 10:27:37,846 1 INFO betopiaerp betopiaerp.addons.base.tests.test_http_case: B started, waiting for A to finish 
2026-02-09 10:27:37,846 1 INFO ? betopiaerp.addons.base.tests.test_http_case: Opening url 
2026-02-09 10:27:37,848 1 INFO ? werkzeug: 127.0.0.1 - - [09/Feb/2026 10:27:37] "GET /web/concurrent HTTP/1.1" 400 - 0 0.000 0.000
2026-02-09 10:27:37,850 1 INFO betopiaerp betopiaerp.addons.base.models.ir_attachment: filestore gc 0 checked, 0 removed 
2026-02-09 10:27:37,852 1 INFO betopiaerp betopiaerp.addons.base.tests.test_http_case: Starting TestRequestRemainingStartDuringNext.test_requests_a ... 
2026-02-09 10:27:37,852 1 INFO ? betopiaerp.addons.base.tests.test_http_case: Waiting for B to start 
2026-02-09 10:27:37,853 1 INFO betopiaerp betopiaerp.addons.base.tests.test_http_case: Starting TestRequestRemainingStartDuringNext.test_requests_b ... 
2026-02-09 10:27:37,853 1 INFO betopiaerp betopiaerp.addons.base.tests.test_http_case: B started, waiting for A to finish 
2026-02-09 10:27:37,853 1 INFO ? betopiaerp.addons.base.tests.test_http_case: Opening url 
2026-02-09 10:27:37,855 1 INFO ? werkzeug: 127.0.0.1 - - [09/Feb/2026 10:27:37] "GET /web/concurrent HTTP/1.1" 400 - 0 0.000 0.000
2026-02-09 10:27:37,857 1 INFO betopiaerp betopiaerp.addons.base.models.ir_attachment: filestore gc 0 checked, 0 removed 
2026-02-09 10:27:37,859 1 INFO betopiaerp betopiaerp.addons.base.tests.test_http_case: Starting TestRequestRemainingAfterFirstCheck.test_requests_a ... 
2026-02-09 10:27:37,859 1 INFO ? betopiaerp.addons.base.tests.test_http_case: Opening url 
2026-02-09 10:27:37,861 1 INFO betopiaerp betopiaerp.addons.base.tests.test_http_case: Starting TestRequestRemainingAfterFirstCheck.test_requests_b ... 
2026-02-09 10:27:37,862 1 INFO betopiaerp betopiaerp.addons.base.tests.test_http_case: B started, waiting for A to finish 
2026-02-09 10:27:37,862 1 INFO ? werkzeug: 127.0.0.1 - - [09/Feb/2026 10:27:37] "GET /web/concurrent HTTP/1.1" 400 - 0 0.000 0.002
2026-02-09 10:27:37,864 1 INFO betopiaerp betopiaerp.addons.base.models.ir_attachment: filestore gc 0 checked, 0 removed 
2026-02-09 10:27:37,865 1 INFO betopiaerp betopiaerp.addons.base.tests.test_i18n: Starting I18nTest.test_format_list ... 
2026-02-09 10:27:37,874 1 INFO betopiaerp betopiaerp.addons.base.tests.test_i18n: Starting I18nTest.test_py_to_js_locale ... 
2026-02-09 10:27:37,876 1 INFO betopiaerp betopiaerp.addons.base.models.ir_attachment: filestore gc 0 checked, 0 removed 
2026-02-09 10:27:37,876 1 INFO betopiaerp betopiaerp.addons.base.tests.test_image: Starting TestImage.test_00_base64_to_image ... 
2026-02-09 10:27:37,932 1 INFO betopiaerp betopiaerp.addons.base.tests.test_image: Starting TestImage.test_01_image_to_base64 ... 
2026-02-09 10:27:37,983 1 INFO betopiaerp betopiaerp.addons.base.tests.test_image: Starting TestImage.test_02_image_fix_orientation ... 
2026-02-09 10:27:38,038 1 INFO betopiaerp betopiaerp.addons.base.tests.test_image: Starting TestImage.test_03_image_fix_orientation_exif ... 
2026-02-09 10:27:38,089 1 INFO betopiaerp betopiaerp.addons.base.tests.test_image: Starting TestImage.test_10_image_process_source ... 
2026-02-09 10:27:38,151 1 INFO betopiaerp betopiaerp.addons.base.tests.test_image: Starting TestImage.test_11_image_process_size ... 
2026-02-09 10:27:38,227 1 INFO betopiaerp betopiaerp.addons.base.tests.test_image: Starting TestImage.test_12_image_process_verify_resolution ... 
2026-02-09 10:27:38,964 1 INFO betopiaerp betopiaerp.addons.base.tests.test_image: Starting TestImage.test_13_image_process_quality ... 
2026-02-09 10:27:39,140 1 INFO betopiaerp betopiaerp.addons.base.tests.test_image: Starting TestImage.test_14_image_process_crop ... 
2026-02-09 10:27:39,643 1 INFO betopiaerp betopiaerp.addons.base.tests.test_image: Starting TestImage.test_15_image_process_colorize ... 
2026-02-09 10:27:39,696 1 INFO betopiaerp betopiaerp.addons.base.tests.test_image: Starting TestImage.test_16_image_process_format ... 
2026-02-09 10:27:39,793 1 INFO betopiaerp betopiaerp.addons.base.tests.test_image: Starting TestImage.test_17_get_webp_size ... 
2026-02-09 10:27:39,847 1 INFO betopiaerp betopiaerp.addons.base.tests.test_image: Starting TestImage.test_20_image_data_uri ... 
2026-02-09 10:27:39,899 1 INFO betopiaerp betopiaerp.addons.base.tests.test_image: Starting TestImage.test_21_image_guess_size_from_field_name ... 
2026-02-09 10:27:39,950 1 INFO betopiaerp betopiaerp.addons.base.tests.test_image: Starting TestImage.test_ptype_image_to_jpeg ... 
2026-02-09 10:27:40,002 1 INFO betopiaerp betopiaerp.addons.base.models.ir_attachment: filestore gc 0 checked, 0 removed 
2026-02-09 10:27:40,003 1 INFO betopiaerp betopiaerp.addons.base.tests.test_init: Starting TestInit.test_import ... 
2026-02-09 10:27:40,071 1 INFO betopiaerp betopiaerp.addons.base.tests.test_init:   betopiaerp.betopiaerp._monkeypatches execution time: 0.016s 
2026-02-09 10:27:40,086 1 INFO betopiaerp betopiaerp.addons.base.tests.test_init:   betopiaerp.betopiaerp._monkeypatches execution time: 0.015s 
2026-02-09 10:27:40,102 1 INFO betopiaerp betopiaerp.addons.base.tests.test_init:   betopiaerp.betopiaerp.addons execution time: 0.015s 
2026-02-09 10:27:40,119 1 INFO betopiaerp betopiaerp.addons.base.tests.test_init:   betopiaerp.betopiaerp.addons execution time: 0.017s 
2026-02-09 10:27:40,135 1 INFO betopiaerp betopiaerp.addons.base.tests.test_init:   betopiaerp.betopiaerp.api execution time: 0.016s 
2026-02-09 10:27:40,152 1 INFO betopiaerp betopiaerp.addons.base.tests.test_init:   betopiaerp.betopiaerp.api execution time: 0.016s 
2026-02-09 10:27:40,168 1 INFO betopiaerp betopiaerp.addons.base.tests.test_init:   betopiaerp.betopiaerp.cli execution time: 0.016s 
2026-02-09 10:27:40,184 1 INFO betopiaerp betopiaerp.addons.base.tests.test_init:   betopiaerp.betopiaerp.cli execution time: 0.015s 
2026-02-09 10:27:40,199 1 INFO betopiaerp betopiaerp.addons.base.tests.test_init:   betopiaerp.betopiaerp.exceptions execution time: 0.015s 
2026-02-09 10:27:40,216 1 INFO betopiaerp betopiaerp.addons.base.tests.test_init:   betopiaerp.betopiaerp.exceptions execution time: 0.016s 
2026-02-09 10:27:40,233 1 INFO betopiaerp betopiaerp.addons.base.tests.test_init:   betopiaerp.betopiaerp.fields execution time: 0.017s 
2026-02-09 10:27:40,249 1 INFO betopiaerp betopiaerp.addons.base.tests.test_init:   betopiaerp.betopiaerp.fields execution time: 0.016s 
2026-02-09 10:27:40,266 1 INFO betopiaerp betopiaerp.addons.base.tests.test_init:   betopiaerp.betopiaerp.http execution time: 0.016s 
2026-02-09 10:27:40,281 1 INFO betopiaerp betopiaerp.addons.base.tests.test_init:   betopiaerp.betopiaerp.http execution time: 0.015s 
2026-02-09 10:27:40,297 1 INFO betopiaerp betopiaerp.addons.base.tests.test_init:   betopiaerp.betopiaerp.init execution time: 0.016s 
2026-02-09 10:27:40,313 1 INFO betopiaerp betopiaerp.addons.base.tests.test_init:   betopiaerp.betopiaerp.init execution time: 0.016s 
2026-02-09 10:27:40,330 1 INFO betopiaerp betopiaerp.addons.base.tests.test_init:   betopiaerp.betopiaerp.loglevels execution time: 0.016s 
2026-02-09 10:27:40,346 1 INFO betopiaerp betopiaerp.addons.base.tests.test_init:   betopiaerp.betopiaerp.loglevels execution time: 0.016s 
2026-02-09 10:27:40,364 1 INFO betopiaerp betopiaerp.addons.base.tests.test_init:   betopiaerp.betopiaerp.models execution time: 0.017s 
2026-02-09 10:27:40,380 1 INFO betopiaerp betopiaerp.addons.base.tests.test_init:   betopiaerp.betopiaerp.models execution time: 0.015s 
2026-02-09 10:27:40,396 1 INFO betopiaerp betopiaerp.addons.base.tests.test_init:   betopiaerp.betopiaerp.modules execution time: 0.015s 
2026-02-09 10:27:40,412 1 INFO betopiaerp betopiaerp.addons.base.tests.test_init:   betopiaerp.betopiaerp.modules execution time: 0.016s 
2026-02-09 10:27:40,428 1 INFO betopiaerp betopiaerp.addons.base.tests.test_init:   betopiaerp.betopiaerp.netsvc execution time: 0.016s 
2026-02-09 10:27:40,445 1 INFO betopiaerp betopiaerp.addons.base.tests.test_init:   betopiaerp.betopiaerp.netsvc execution time: 0.016s 
2026-02-09 10:27:40,461 1 INFO betopiaerp betopiaerp.addons.base.tests.test_init:   betopiaerp.betopiaerp.orm execution time: 0.016s 
2026-02-09 10:27:40,477 1 INFO betopiaerp betopiaerp.addons.base.tests.test_init:   betopiaerp.betopiaerp.orm execution time: 0.016s 
2026-02-09 10:27:40,493 1 INFO betopiaerp betopiaerp.addons.base.tests.test_init:   betopiaerp.betopiaerp.osv execution time: 0.016s 
2026-02-09 10:27:40,510 1 INFO betopiaerp betopiaerp.addons.base.tests.test_init:   betopiaerp.betopiaerp.osv execution time: 0.016s 
2026-02-09 10:27:40,526 1 INFO betopiaerp betopiaerp.addons.base.tests.test_init:   betopiaerp.betopiaerp.release execution time: 0.016s 
2026-02-09 10:27:40,542 1 INFO betopiaerp betopiaerp.addons.base.tests.test_init:   betopiaerp.betopiaerp.release execution time: 0.016s 
2026-02-09 10:27:40,558 1 INFO betopiaerp betopiaerp.addons.base.tests.test_init:   betopiaerp.betopiaerp.service execution time: 0.016s 
2026-02-09 10:27:40,574 1 INFO betopiaerp betopiaerp.addons.base.tests.test_init:   betopiaerp.betopiaerp.service execution time: 0.016s 
2026-02-09 10:27:40,591 1 INFO betopiaerp betopiaerp.addons.base.tests.test_init:   betopiaerp.betopiaerp.sql_db execution time: 0.017s 
2026-02-09 10:27:40,610 1 INFO betopiaerp betopiaerp.addons.base.tests.test_init:   betopiaerp.betopiaerp.sql_db execution time: 0.018s 
2026-02-09 10:27:40,626 1 INFO betopiaerp betopiaerp.addons.base.tests.test_init:   betopiaerp.betopiaerp.tests execution time: 0.016s 
2026-02-09 10:27:40,642 1 INFO betopiaerp betopiaerp.addons.base.tests.test_init:   betopiaerp.betopiaerp.tests execution time: 0.016s 
2026-02-09 10:27:40,658 1 INFO betopiaerp betopiaerp.addons.base.tests.test_init:   betopiaerp.betopiaerp.tools execution time: 0.015s 
2026-02-09 10:27:40,674 1 INFO betopiaerp betopiaerp.addons.base.tests.test_init:   betopiaerp.betopiaerp.tools execution time: 0.015s 
2026-02-09 10:27:40,690 1 INFO betopiaerp betopiaerp.addons.base.tests.test_init:   betopiaerp.betopiaerp.upgrade execution time: 0.016s 
2026-02-09 10:27:40,705 1 INFO betopiaerp betopiaerp.addons.base.tests.test_init:   betopiaerp.betopiaerp.upgrade execution time: 0.015s 
2026-02-09 10:27:40,721 1 INFO betopiaerp betopiaerp.addons.base.tests.test_init:   betopiaerp.betopiaerp.upgrade_code execution time: 0.015s 
2026-02-09 10:27:40,737 1 INFO betopiaerp betopiaerp.addons.base.tests.test_init:   betopiaerp.betopiaerp.upgrade_code execution time: 0.016s 
2026-02-09 10:27:41,250 1 INFO betopiaerp betopiaerp.addons.base.tests.test_init:   betopiaerp.cli.cloc execution time: 0.513s 
2026-02-09 10:27:41,758 1 INFO betopiaerp betopiaerp.addons.base.tests.test_init:   betopiaerp.cli.command execution time: 0.507s 
2026-02-09 10:27:42,409 1 INFO betopiaerp betopiaerp.addons.base.tests.test_init:   betopiaerp.cli.db execution time: 0.651s 
2026-02-09 10:27:43,000 1 INFO betopiaerp betopiaerp.addons.base.tests.test_init:   betopiaerp.cli.deploy execution time: 0.590s 
2026-02-09 10:27:43,504 1 INFO betopiaerp betopiaerp.addons.base.tests.test_init:   betopiaerp.cli.help execution time: 0.503s 
2026-02-09 10:27:44,024 1 INFO betopiaerp betopiaerp.addons.base.tests.test_init:   betopiaerp.cli.i18n execution time: 0.520s 
2026-02-09 10:27:44,531 1 INFO betopiaerp betopiaerp.addons.base.tests.test_init:   betopiaerp.cli.module execution time: 0.506s 
2026-02-09 10:27:45,050 1 INFO betopiaerp betopiaerp.addons.base.tests.test_init:   betopiaerp.cli.neutralize execution time: 0.519s 
2026-02-09 10:27:45,538 1 INFO betopiaerp betopiaerp.addons.base.tests.test_init:   betopiaerp.cli.obfuscate execution time: 0.488s 
2026-02-09 10:27:46,115 1 INFO betopiaerp betopiaerp.addons.base.tests.test_init:   betopiaerp.cli.populate execution time: 0.576s 
2026-02-09 10:27:46,633 1 INFO betopiaerp betopiaerp.addons.base.tests.test_init:   betopiaerp.cli.scaffold execution time: 0.517s 
2026-02-09 10:27:47,220 1 INFO betopiaerp betopiaerp.addons.base.tests.test_init:   betopiaerp.cli.server execution time: 0.586s 
2026-02-09 10:27:47,824 1 INFO betopiaerp betopiaerp.addons.base.tests.test_init:   betopiaerp.cli.shell execution time: 0.603s 
2026-02-09 10:27:48,425 1 INFO betopiaerp betopiaerp.addons.base.tests.test_init:   betopiaerp.cli.start execution time: 0.600s 
2026-02-09 10:27:48,889 1 INFO betopiaerp betopiaerp.addons.base.tests.test_init:   betopiaerp.cli.templates execution time: 0.464s 
2026-02-09 10:27:49,420 1 INFO betopiaerp betopiaerp.addons.base.tests.test_init:   betopiaerp.cli.upgrade_code execution time: 0.530s 
2026-02-09 10:27:49,422 1 INFO betopiaerp betopiaerp.addons.base.tests.test_intervals: Starting TestIntervals.test_difference ... 
2026-02-09 10:27:49,423 1 INFO betopiaerp betopiaerp.addons.base.tests.test_intervals: Starting TestIntervals.test_intersection ... 
2026-02-09 10:27:49,424 1 INFO betopiaerp betopiaerp.addons.base.tests.test_intervals: Starting TestIntervals.test_keep_distinct ... 
2026-02-09 10:27:49,425 1 INFO betopiaerp betopiaerp.addons.base.tests.test_intervals: Starting TestIntervals.test_union ... 
2026-02-09 10:27:49,426 1 INFO betopiaerp betopiaerp.addons.base.models.ir_attachment: filestore gc 0 checked, 0 removed 
2026-02-09 10:27:49,427 1 INFO betopiaerp betopiaerp.addons.base.tests.test_intervals: Starting TestUtils.test_intervals_intersections ... 
2026-02-09 10:27:49,428 1 INFO betopiaerp betopiaerp.addons.base.tests.test_intervals: Starting TestUtils.test_intervals_inversion ... 
2026-02-09 10:27:49,429 1 INFO betopiaerp betopiaerp.addons.base.models.ir_attachment: filestore gc 0 checked, 0 removed 
2026-02-09 10:27:49,430 1 INFO betopiaerp betopiaerp.addons.base.tests.test_intervals: Starting TestKeepDistinctIntervals.test_difference ... 
2026-02-09 10:27:49,431 1 INFO betopiaerp betopiaerp.addons.base.tests.test_intervals: Starting TestKeepDistinctIntervals.test_intersection ... 
2026-02-09 10:27:49,431 1 INFO betopiaerp betopiaerp.addons.base.tests.test_intervals: Starting TestKeepDistinctIntervals.test_union ... 
2026-02-09 10:27:49,432 1 INFO betopiaerp betopiaerp.addons.base.models.ir_attachment: filestore gc 0 checked, 0 removed 
2026-02-09 10:27:49,455 1 INFO betopiaerp betopiaerp.addons.base.tests.test_ir_actions: Starting TestServerActions.test_00_action ... 
2026-02-09 10:27:49,471 1 INFO betopiaerp betopiaerp.addons.base.tests.test_ir_actions: Starting TestServerActions.test_00_server_action ... 
2026-02-09 10:27:49,484 1 INFO betopiaerp betopiaerp.addons.base.tests.test_ir_actions: Starting TestServerActions.test_10_code ... 
2026-02-09 10:27:49,500 1 INFO betopiaerp betopiaerp.addons.base.tests.test_ir_actions: Starting TestServerActions.test_20_crud_create ... 
2026-02-09 10:27:49,513 1 INFO betopiaerp betopiaerp.addons.base.tests.test_ir_actions: Starting TestServerActions.test_20_crud_create_link_many2many ... 
2026-02-09 10:27:49,527 1 INFO betopiaerp betopiaerp.addons.base.tests.test_ir_actions: Starting TestServerActions.test_20_crud_create_link_many2one ... 
2026-02-09 10:27:49,543 1 INFO betopiaerp betopiaerp.addons.base.tests.test_ir_actions: Starting TestServerActions.test_20_crud_create_link_one2many ... 
2026-02-09 10:27:49,560 1 INFO betopiaerp betopiaerp.addons.base.tests.test_ir_actions: Starting TestServerActions.test_25_crud_copy ... 
2026-02-09 10:27:49,576 1 INFO betopiaerp betopiaerp.addons.base.tests.test_ir_actions: Starting TestServerActions.test_25_crud_copy_link_many2many ... 
2026-02-09 10:27:49,595 1 INFO betopiaerp betopiaerp.addons.base.tests.test_ir_actions: Starting TestServerActions.test_25_crud_copy_link_many2one ... 
2026-02-09 10:27:49,613 1 INFO betopiaerp betopiaerp.addons.base.tests.test_ir_actions: Starting TestServerActions.test_25_crud_copy_link_one2many ... 
2026-02-09 10:27:49,632 1 INFO betopiaerp betopiaerp.addons.base.tests.test_ir_actions: Starting TestServerActions.test_30_crud_write ... 
2026-02-09 10:27:49,648 1 INFO betopiaerp betopiaerp.addons.base.tests.test_ir_actions: Starting TestServerActions.test_31_crud_write_html ... 
2026-02-09 10:27:49,662 1 INFO betopiaerp betopiaerp.addons.base.tests.test_ir_actions: Starting TestServerActions.test_35_crud_write_selection ... 
2026-02-09 10:27:49,682 1 INFO betopiaerp betopiaerp.addons.base.tests.test_ir_actions: Starting TestServerActions.test_36_crud_write_m2m_ops ... 
2026-02-09 10:27:49,702 1 INFO betopiaerp betopiaerp.addons.base.tests.test_ir_actions: Starting TestServerActions.test_37_field_path_traversal ... 
2026-02-09 10:27:49,719 1 INFO betopiaerp betopiaerp.addons.base.tests.test_ir_actions: Starting TestServerActions.test_39_boolean_update ... 
2026-02-09 10:27:49,734 1 INFO betopiaerp betopiaerp.addons.base.tests.test_ir_actions: Starting TestServerActions.test_40_multi ... 
2026-02-09 10:27:49,760 1 INFO betopiaerp betopiaerp.addons.base.tests.test_ir_actions: Starting TestServerActions.test_50_groups ... 
2026-02-09 10:27:49,792 1 INFO betopiaerp betopiaerp.addons.base.tests.test_ir_actions: Starting TestServerActions.test_60_sort ... 
2026-02-09 10:27:49,808 1 INFO betopiaerp betopiaerp.addons.base.tests.test_ir_actions: Starting TestServerActions.test_70_copy_action ... 
2026-02-09 10:27:49,824 1 INFO betopiaerp betopiaerp.addons.base.tests.test_ir_actions: Starting TestServerActions.test_80_permission ... 
2026-02-09 10:27:49,842 1 INFO betopiaerp betopiaerp.addons.base.tests.test_ir_actions: Starting TestServerActions.test_90_convert_to_float ... 
2026-02-09 10:27:49,854 1 INFO betopiaerp betopiaerp.addons.base.tests.test_ir_actions: Starting TestServerActions.test_90_webhook ... 
2026-02-09 10:27:49,867 1 INFO betopiaerp betopiaerp.addons.base.tests.test_ir_actions: Starting TestServerActions.test_object_write_equation ... 
2026-02-09 10:27:49,883 1 INFO betopiaerp betopiaerp.addons.base.models.ir_attachment: filestore gc 1 checked, 1 removed 
2026-02-09 10:27:49,884 1 INFO betopiaerp betopiaerp.addons.base.tests.test_ir_actions: Starting TestCustomFields.test_create_binary ... 
2026-02-09 10:27:49,929 1 INFO betopiaerp betopiaerp.addons.base.tests.test_ir_actions: Starting TestCustomFields.test_create_custom ... 
2026-02-09 10:27:49,933 1 INFO betopiaerp betopiaerp.addons.base.tests.test_ir_actions: Starting TestCustomFields.test_create_unique ... 
2026-02-09 10:27:49,977 1 INFO betopiaerp betopiaerp.addons.base.tests.test_ir_actions: Starting TestCustomFields.test_create_valid ... 
2026-02-09 10:27:49,987 1 INFO betopiaerp betopiaerp.addons.base.tests.test_ir_actions: Starting TestCustomFields.test_related_field ... 
2026-02-09 10:27:50,100 1 INFO betopiaerp betopiaerp.addons.base.tests.test_ir_actions: Starting TestCustomFields.test_relation_of_a_custom_field ... 
2026-02-09 10:27:50,157 1 INFO betopiaerp betopiaerp.addons.base.tests.test_ir_actions: Starting TestCustomFields.test_remove_with_view ... 
2026-02-09 10:27:50,231 1 INFO betopiaerp betopiaerp.addons.base.tests.test_ir_actions: Starting TestCustomFields.test_remove_without_view ... 
2026-02-09 10:27:50,284 1 INFO betopiaerp betopiaerp.models.unlink: User #1 deleted ir.model.fields records with IDs: [2261, 2263] 
2026-02-09 10:27:50,319 1 INFO betopiaerp betopiaerp.addons.base.tests.test_ir_actions: Starting TestCustomFields.test_rename_custom ... 
2026-02-09 10:27:50,396 1 INFO betopiaerp betopiaerp.models.unlink: User #1 deleted ir.model.fields records with IDs: [2266] 
2026-02-09 10:27:50,412 1 INFO betopiaerp betopiaerp.addons.base.tests.test_ir_actions: Starting TestCustomFields.test_rename_unique ... 
2026-02-09 10:27:50,512 1 INFO betopiaerp betopiaerp.models.unlink: User #1 deleted ir.model.fields records with IDs: [2272] 
2026-02-09 10:27:50,528 1 INFO betopiaerp betopiaerp.addons.base.tests.test_ir_actions: Starting TestCustomFields.test_rename_valid ... 
2026-02-09 10:27:50,595 1 INFO betopiaerp betopiaerp.models.unlink: User #1 deleted ir.model.fields records with IDs: [2275] 
2026-02-09 10:27:50,614 1 INFO betopiaerp betopiaerp.addons.base.tests.test_ir_actions: Starting TestCustomFields.test_rename_with_view ... 
2026-02-09 10:27:50,690 1 INFO betopiaerp betopiaerp.addons.base.tests.test_ir_actions: Starting TestCustomFields.test_rename_without_view ... 
2026-02-09 10:27:50,760 1 INFO betopiaerp betopiaerp.models.unlink: User #1 deleted ir.model.fields records with IDs: [2281] 
2026-02-09 10:27:50,802 1 INFO betopiaerp betopiaerp.addons.base.tests.test_ir_actions: Starting TestCustomFields.test_selection ... 
2026-02-09 10:27:50,850 1 INFO betopiaerp betopiaerp.models.unlink: User #1 deleted ir.model.fields.selection records with IDs: [877] 
2026-02-09 10:27:50,878 1 INFO betopiaerp betopiaerp.addons.base.tests.test_ir_actions: Starting TestCustomFields.test_unlink_base ... 
2026-02-09 10:27:50,895 1 INFO betopiaerp betopiaerp.models.unlink: User #1 deleted ir.model.data records with IDs: [1844, 2138] 
2026-02-09 10:27:50,895 1 INFO betopiaerp betopiaerp.models.unlink: User #1 deleted ir.model.fields records with IDs: [1013, 1307] 
2026-02-09 10:27:50,911 1 INFO betopiaerp betopiaerp.addons.base.tests.test_ir_actions: Starting TestCustomFields.test_unlink_inherited_custom ... 
2026-02-09 10:27:50,962 1 INFO betopiaerp betopiaerp.models.unlink: User #1 deleted ir.model.fields records with IDs: [2286, 2288] 
2026-02-09 10:27:50,998 1 INFO betopiaerp betopiaerp.addons.base.tests.test_ir_actions: Starting TestCustomFields.test_unlink_with_dependant ... 
2026-02-09 10:27:51,071 1 INFO betopiaerp betopiaerp.models.unlink: User #1 deleted ir.model.fields records with IDs: [2289, 2291, 2292] 
2026-02-09 10:27:51,087 1 INFO betopiaerp betopiaerp.addons.base.tests.test_ir_actions: Starting TestCustomFields.test_unlink_with_inverse ... 
2026-02-09 10:27:51,152 1 INFO betopiaerp betopiaerp.models.unlink: User #1 deleted ir.model.fields records with IDs: [2294, 2298, 2296] 
2026-02-09 10:27:51,169 1 INFO betopiaerp betopiaerp.addons.base.models.ir_attachment: filestore gc 0 checked, 0 removed 
2026-02-09 10:27:51,198 1 INFO betopiaerp betopiaerp.addons.base.tests.test_ir_attachment: Starting TestIrAttachment.test_01_store_in_db ... 
2026-02-09 10:27:51,205 1 INFO betopiaerp betopiaerp.addons.base.tests.test_ir_attachment: Starting TestIrAttachment.test_02_store_on_disk ... 
2026-02-09 10:27:51,207 1 INFO betopiaerp betopiaerp.addons.base.tests.test_ir_attachment: Starting TestIrAttachment.test_03_no_duplication ... 
2026-02-09 10:27:51,210 1 INFO betopiaerp betopiaerp.addons.base.tests.test_ir_attachment: Starting TestIrAttachment.test_04_keep_file ... 
2026-02-09 10:27:51,214 1 INFO betopiaerp betopiaerp.models.unlink: User #1 deleted ir.attachment records with IDs: [2154] 
2026-02-09 10:27:51,214 1 INFO betopiaerp betopiaerp.addons.base.tests.test_ir_attachment: Starting TestIrAttachment.test_05_change_data_change_file ... 
2026-02-09 10:27:51,218 1 INFO betopiaerp betopiaerp.addons.base.tests.test_ir_attachment: Starting TestIrAttachment.test_07_write_mimetype ... 
2026-02-09 10:27:51,220 1 INFO betopiaerp betopiaerp.addons.base.models.ir_attachment: Post processing ignored : This file could not be decoded as an image file. 
2026-02-09 10:27:51,226 1 INFO betopiaerp betopiaerp.addons.base.tests.test_ir_attachment: Starting TestIrAttachment.test_08_neuter_xml_mimetype ... 
2026-02-09 10:27:51,233 1 INFO betopiaerp betopiaerp.addons.base.tests.test_ir_attachment: Starting TestIrAttachment.test_09_dont_neuter_xml_mimetype_for_admin ... 
2026-02-09 10:27:51,236 1 INFO betopiaerp betopiaerp.addons.base.tests.test_ir_attachment: Starting TestIrAttachment.test_10_image_autoresize ... 
2026-02-09 10:27:51,573 1 INFO betopiaerp betopiaerp.models.unlink: User #1 deleted ir.config_parameter records with IDs: [129, 130] 
2026-02-09 10:27:51,951 1 INFO betopiaerp betopiaerp.addons.base.tests.test_ir_attachment: Starting TestIrAttachment.test_11_copy ... 
2026-02-09 10:27:51,956 1 INFO betopiaerp betopiaerp.addons.base.tests.test_ir_attachment: Starting TestIrAttachment.test_12_gc ... 
2026-02-09 10:27:51,960 1 INFO betopiaerp betopiaerp.models.unlink: User #1 deleted ir.attachment records with IDs: [2166] 
2026-02-09 10:27:51,961 1 INFO betopiaerp betopiaerp.addons.base.models.ir_attachment: filestore gc 10 checked, 9 removed 
2026-02-09 10:27:51,962 1 INFO betopiaerp betopiaerp.addons.base.tests.test_ir_attachment: Starting TestIrAttachment.test_13_rollback ... 
2026-02-09 10:27:51,966 1 INFO betopiaerp betopiaerp.addons.base.models.ir_attachment: filestore gc 1 checked, 1 removed 
2026-02-09 10:27:51,967 1 INFO betopiaerp betopiaerp.addons.base.tests.test_ir_attachment: Starting TestIrAttachment.test_14_invalid_mimetype_with_correct_file_extension_no_post_processing ... 
2026-02-09 10:27:51,967 1 INFO betopiaerp betopiaerp.addons.base.models.ir_attachment: Post processing ignored : Empty source, SVG, or WEBP 
2026-02-09 10:27:51,970 1 INFO betopiaerp betopiaerp.addons.base.tests.test_ir_attachment: Starting TestIrAttachment.test_15_read_bin_size_doesnt_read_datas ... 
2026-02-09 10:27:51,974 1 INFO betopiaerp betopiaerp.addons.base.models.ir_attachment: filestore gc 1 checked, 1 removed 
2026-02-09 10:27:52,003 1 INFO betopiaerp betopiaerp.addons.base.tests.test_ir_attachment: Starting TestPermissions.test_basic_modifications ... 
2026-02-09 10:27:52,028 1 INFO betopiaerp betopiaerp.addons.base.tests.test_ir_attachment: Starting TestPermissions.test_cross_record_copies ... 
2026-02-09 10:27:52,039 1 INFO betopiaerp betopiaerp.addons.base.models.ir_model: Access Denied by ACLs for operation: write, uid: 417, model: res.users.apikeys.description 
2026-02-09 10:27:52,060 1 INFO betopiaerp betopiaerp.addons.base.tests.test_ir_attachment: Starting TestPermissions.test_field_read_permission ... 
2026-02-09 10:27:52,085 1 INFO betopiaerp betopiaerp.addons.base.tests.test_ir_attachment: Starting TestPermissions.test_read_permission ... 
2026-02-09 10:27:52,100 1 INFO betopiaerp betopiaerp.addons.base.models.ir_rule: Access Denied by record rules for operation: read on record ids: [2184], uid: 417, model: ir.attachment 
2026-02-09 10:27:52,105 1 INFO betopiaerp betopiaerp.addons.base.models.ir_rule: Access Denied by record rules for operation: read on record ids: [2184], uid: 417, model: ir.attachment 
2026-02-09 10:27:52,108 1 INFO betopiaerp betopiaerp.addons.base.models.ir_rule: Access Denied by record rules for operation: read on record ids: [2184], uid: 417, model: ir.attachment 
2026-02-09 10:27:52,110 1 INFO betopiaerp betopiaerp.addons.base.models.ir_rule: Access Denied by record rules for operation: read on record ids: [2184], uid: 417, model: ir.attachment 
2026-02-09 10:27:52,115 1 INFO betopiaerp betopiaerp.addons.base.models.ir_rule: Access Denied by record rules for operation: read on record ids: [2184], uid: 417, model: ir.attachment 
2026-02-09 10:27:52,120 1 INFO betopiaerp betopiaerp.addons.base.models.ir_rule: Access Denied by record rules for operation: read on record ids: [2184], uid: 417, model: ir.attachment 
2026-02-09 10:27:52,122 1 INFO betopiaerp betopiaerp.addons.base.models.ir_rule: Access Denied by record rules for operation: read on record ids: [2184], uid: 417, model: ir.attachment 
2026-02-09 10:27:52,124 1 INFO betopiaerp betopiaerp.addons.base.models.ir_rule: Access Denied by record rules for operation: read on record ids: [2184], uid: 417, model: ir.attachment 
2026-02-09 10:27:52,131 1 INFO betopiaerp betopiaerp.addons.base.models.ir_rule: Access Denied by record rules for operation: read on record ids: [2186], uid: 417, model: ir.attachment 
2026-02-09 10:27:52,135 1 INFO betopiaerp betopiaerp.addons.base.models.ir_rule: Access Denied by record rules for operation: read on record ids: [2186], uid: 417, model: ir.attachment 
2026-02-09 10:27:52,137 1 INFO betopiaerp betopiaerp.addons.base.models.ir_rule: Access Denied by record rules for operation: read on record ids: [2186], uid: 417, model: ir.attachment 
2026-02-09 10:27:52,139 1 INFO betopiaerp betopiaerp.addons.base.models.ir_rule: Access Denied by record rules for operation: read on record ids: [2186], uid: 417, model: ir.attachment 
2026-02-09 10:27:52,145 1 INFO betopiaerp betopiaerp.addons.base.tests.test_ir_attachment: Starting TestPermissions.test_with_write_permissions ... 
2026-02-09 10:27:52,161 1 INFO betopiaerp betopiaerp.models.unlink: User #417 deleted ir.attachment records with IDs: [2189] 
2026-02-09 10:27:52,162 1 INFO betopiaerp betopiaerp.addons.base.tests.test_ir_attachment: Starting TestPermissions.test_write_create_url_binary_attachment ... 
2026-02-09 10:27:52,182 1 INFO betopiaerp betopiaerp.addons.base.tests.test_ir_attachment: Starting TestPermissions.test_write_error ... 
2026-02-09 10:27:52,191 1 INFO betopiaerp betopiaerp.addons.base.models.ir_attachment: _file_write writing /proc/dummy_test 
2026-02-09 10:27:52,193 1 INFO betopiaerp betopiaerp.addons.base.models.ir_attachment: filestore gc 3 checked, 3 removed 
2026-02-09 10:27:52,194 1 INFO betopiaerp betopiaerp.addons.base.tests.test_ir_cron: Starting TestIrCron.test_acquire_processed_job ... 
2026-02-09 10:27:52,194 1 INFO betopiaerp betopiaerp.addons.base.tests.test_ir_cron: Starting TestIrCron.test_cron_commit_progress ... 
2026-02-09 10:27:52,194 1 INFO betopiaerp betopiaerp.addons.base.tests.test_ir_cron: Starting TestIrCron.test_cron_deactivate ... 
2026-02-09 10:27:52,194 1 INFO betopiaerp betopiaerp.addons.base.models.ir_cron: Job 'Dummy cron for TestIrCron dQeUTTo74rw' (25) starting 
2026-02-09 10:27:52,194 1 INFO betopiaerp betopiaerp.tests.common: Skipping signal changes during tests 
2026-02-09 10:27:52,194 1 INFO betopiaerp betopiaerp.addons.base.models.ir_cron: Job 'Dummy cron for TestIrCron dQeUTTo74rw' (25) fully done (#loop 1; done 1; remaining 0; duration 0.00s) 
2026-02-09 10:27:52,194 1 INFO betopiaerp betopiaerp.addons.base.tests.test_ir_cron: Starting TestIrCron.test_cron_direct_trigger ... 
2026-02-09 10:27:52,194 1 INFO betopiaerp betopiaerp.addons.base.models.ir_cron: Job 'Dummy cron for TestIrCron JgWbiahE1K8' (25) starting 
2026-02-09 10:27:52,194 1 INFO betopiaerp betopiaerp.tests.common: Skipping signal changes during tests 
2026-02-09 10:27:52,194 1 INFO betopiaerp betopiaerp.addons.base.models.ir_cron: Job 'Dummy cron for TestIrCron JgWbiahE1K8' (25) fully done (#loop 1; done 0; remaining 0; duration 0.00s) 
2026-02-09 10:27:52,194 1 INFO betopiaerp betopiaerp.addons.base.tests.test_ir_cron: Starting TestIrCron.test_cron_direct_trigger_exception ... 
2026-02-09 10:27:52,194 1 INFO betopiaerp betopiaerp.addons.base.tests.test_ir_cron: Starting TestIrCron.test_cron_failed_increase ... 
2026-02-09 10:27:52,194 1 INFO betopiaerp betopiaerp.addons.base.tests.test_ir_cron: Starting TestIrCron.test_cron_keep_future_triggers ... 
2026-02-09 10:27:52,194 1 INFO betopiaerp betopiaerp.addons.base.tests.test_ir_cron: Starting TestIrCron.test_cron_no_job_ready ... 
2026-02-09 10:27:52,194 1 INFO betopiaerp betopiaerp.addons.base.tests.test_ir_cron: Starting TestIrCron.test_cron_process_job ... 
2026-02-09 10:27:52,194 1 INFO betopiaerp betopiaerp.tests.common: Skipping signal changes during tests 
2026-02-09 10:27:52,194 1 INFO betopiaerp betopiaerp.tests.common: Skipping signal changes during tests 
2026-02-09 10:27:53,194 1 INFO betopiaerp betopiaerp.tests.common: Skipping signal changes during tests 
2026-02-09 10:27:54,194 1 INFO betopiaerp betopiaerp.tests.common: Skipping signal changes during tests 
2026-02-09 10:27:55,194 1 INFO betopiaerp betopiaerp.tests.common: Skipping signal changes during tests 
2026-02-09 10:27:56,194 1 INFO betopiaerp betopiaerp.tests.common: Skipping signal changes during tests 
2026-02-09 10:27:57,194 1 INFO betopiaerp betopiaerp.tests.common: Skipping signal changes during tests 
2026-02-09 10:27:58,194 1 INFO betopiaerp betopiaerp.tests.common: Skipping signal changes during tests 
2026-02-09 10:27:59,194 1 INFO betopiaerp betopiaerp.tests.common: Skipping signal changes during tests 
2026-02-09 10:28:00,194 1 INFO betopiaerp betopiaerp.tests.common: Skipping signal changes during tests 
2026-02-09 10:28:01,194 1 INFO betopiaerp betopiaerp.tests.common: Skipping signal changes during tests 
2026-02-09 10:28:02,194 1 INFO betopiaerp betopiaerp.tests.common: Skipping signal changes during tests 
2026-02-09 10:28:03,194 1 INFO betopiaerp betopiaerp.tests.common: Skipping signal changes during tests 
2026-02-09 10:28:04,194 1 INFO betopiaerp betopiaerp.tests.common: Skipping signal changes during tests 
2026-02-09 10:28:05,194 1 INFO betopiaerp betopiaerp.tests.common: Skipping signal changes during tests 
2026-02-09 10:28:06,194 1 INFO betopiaerp betopiaerp.tests.common: Skipping signal changes during tests 
2026-02-09 10:28:07,194 1 INFO betopiaerp betopiaerp.tests.common: Skipping signal changes during tests 
2026-02-09 10:28:08,194 1 INFO betopiaerp betopiaerp.tests.common: Skipping signal changes during tests 
2026-02-09 10:28:09,194 1 INFO betopiaerp betopiaerp.tests.common: Skipping signal changes during tests 
2026-02-09 10:28:10,194 1 INFO betopiaerp betopiaerp.tests.common: Skipping signal changes during tests 
2026-02-09 10:28:11,194 1 INFO betopiaerp betopiaerp.tests.common: Skipping signal changes during tests 
2026-02-09 10:28:12,194 1 INFO betopiaerp betopiaerp.tests.common: Skipping signal changes during tests 
2026-02-09 10:28:12,194 1 INFO betopiaerp betopiaerp.tests.common: Skipping signal changes during tests 
2026-02-09 10:28:12,194 1 INFO betopiaerp betopiaerp.tests.common: Skipping signal changes during tests 
2026-02-09 10:28:12,194 1 INFO betopiaerp betopiaerp.tests.common: Skipping signal changes during tests 
2026-02-09 10:28:12,194 1 INFO betopiaerp betopiaerp.tests.common: Skipping signal changes during tests 
2026-02-09 10:28:12,194 1 INFO betopiaerp betopiaerp.tests.common: Skipping signal changes during tests 
2026-02-09 10:28:12,194 1 INFO betopiaerp betopiaerp.tests.common: Skipping signal changes during tests 
2026-02-09 10:28:12,194 1 INFO betopiaerp betopiaerp.tests.common: Skipping signal changes during tests 
2026-02-09 10:28:12,194 1 INFO betopiaerp betopiaerp.tests.common: Skipping signal changes during tests 
2026-02-09 10:28:12,194 1 INFO betopiaerp betopiaerp.tests.common: Skipping signal changes during tests 
2026-02-09 10:28:12,194 1 INFO betopiaerp betopiaerp.tests.common: Skipping signal changes during tests 
2026-02-09 10:28:22,194 1 INFO betopiaerp betopiaerp.tests.common: Skipping signal changes during tests 
2026-02-09 10:28:22,194 1 INFO betopiaerp betopiaerp.tests.common: Skipping signal changes during tests 
2026-02-09 10:28:22,194 1 INFO betopiaerp betopiaerp.addons.base.tests.test_ir_cron: Starting TestIrCron.test_cron_process_jobs_locked ... 
2026-02-09 10:28:22,194 1 INFO betopiaerp betopiaerp.addons.base.tests.test_ir_cron: Starting TestIrCron.test_cron_process_jobs_simple ... 
2026-02-09 10:28:22,194 1 INFO betopiaerp betopiaerp.addons.base.tests.test_ir_cron: Starting TestIrCron.test_cron_process_jobs_status_failed ... 
2026-02-09 10:28:22,194 1 INFO betopiaerp betopiaerp.addons.base.tests.test_ir_cron: Starting TestIrCron.test_cron_process_jobs_status_partial ... 
2026-02-09 10:28:22,194 1 INFO betopiaerp betopiaerp.addons.base.tests.test_ir_cron: Starting TestIrCron.test_cron_ready_by_nextcall ... 
2026-02-09 10:28:22,194 1 INFO betopiaerp betopiaerp.addons.base.tests.test_ir_cron: Starting TestIrCron.test_cron_ready_by_trigger ... 
2026-02-09 10:28:22,194 1 INFO betopiaerp betopiaerp.addons.base.tests.test_ir_cron: Starting TestIrCron.test_cron_ready_jobs_order ... 
2026-02-09 10:28:22,194 1 INFO betopiaerp betopiaerp.addons.base.tests.test_ir_cron: Starting TestIrCron.test_cron_retrigger ... 
2026-02-09 10:28:22,194 1 INFO betopiaerp betopiaerp.addons.base.models.ir_cron: Job 'Dummy cron for TestIrCron nzC7rWj_WZs' (25) starting 
2026-02-09 10:28:24,194 1 INFO betopiaerp betopiaerp.tests.common: Skipping signal changes during tests 
2026-02-09 10:28:26,194 1 INFO betopiaerp betopiaerp.tests.common: Skipping signal changes during tests 
2026-02-09 10:28:28,194 1 INFO betopiaerp betopiaerp.tests.common: Skipping signal changes during tests 
2026-02-09 10:28:30,194 1 INFO betopiaerp betopiaerp.tests.common: Skipping signal changes during tests 
2026-02-09 10:28:32,194 1 INFO betopiaerp betopiaerp.tests.common: Skipping signal changes during tests 
2026-02-09 10:28:34,194 1 INFO betopiaerp betopiaerp.tests.common: Skipping signal changes during tests 
2026-02-09 10:28:36,194 1 INFO betopiaerp betopiaerp.tests.common: Skipping signal changes during tests 
2026-02-09 10:28:38,194 1 INFO betopiaerp betopiaerp.tests.common: Skipping signal changes during tests 
2026-02-09 10:28:40,194 1 INFO betopiaerp betopiaerp.tests.common: Skipping signal changes during tests 
2026-02-09 10:28:42,194 1 INFO betopiaerp betopiaerp.tests.common: Skipping signal changes during tests 
2026-02-09 10:28:42,194 1 INFO betopiaerp betopiaerp.addons.base.models.ir_cron: Job 'Dummy cron for TestIrCron nzC7rWj_WZs' (25) partially done (#loop 10; done 1; remaining 21; duration 20.00s) 
2026-02-09 10:28:42,194 1 INFO betopiaerp betopiaerp.addons.base.models.ir_cron: Job 'Dummy cron for TestIrCron nzC7rWj_WZs' (25) starting 
2026-02-09 10:28:42,694 1 INFO betopiaerp betopiaerp.tests.common: Skipping signal changes during tests 
2026-02-09 10:28:43,194 1 INFO betopiaerp betopiaerp.tests.common: Skipping signal changes during tests 
2026-02-09 10:28:43,694 1 INFO betopiaerp betopiaerp.tests.common: Skipping signal changes during tests 
2026-02-09 10:28:44,194 1 INFO betopiaerp betopiaerp.tests.common: Skipping signal changes during tests 
2026-02-09 10:28:44,694 1 INFO betopiaerp betopiaerp.tests.common: Skipping signal changes during tests 
2026-02-09 10:28:45,194 1 INFO betopiaerp betopiaerp.tests.common: Skipping signal changes during tests 
2026-02-09 10:28:45,694 1 INFO betopiaerp betopiaerp.tests.common: Skipping signal changes during tests 
2026-02-09 10:28:46,194 1 INFO betopiaerp betopiaerp.tests.common: Skipping signal changes during tests 
2026-02-09 10:28:46,694 1 INFO betopiaerp betopiaerp.tests.common: Skipping signal changes during tests 
2026-02-09 10:28:47,194 1 INFO betopiaerp betopiaerp.tests.common: Skipping signal changes during tests 
2026-02-09 10:28:47,694 1 INFO betopiaerp betopiaerp.tests.common: Skipping signal changes during tests 
2026-02-09 10:28:48,194 1 INFO betopiaerp betopiaerp.tests.common: Skipping signal changes during tests 
2026-02-09 10:28:48,694 1 INFO betopiaerp betopiaerp.tests.common: Skipping signal changes during tests 
2026-02-09 10:28:49,194 1 INFO betopiaerp betopiaerp.tests.common: Skipping signal changes during tests 
2026-02-09 10:28:49,694 1 INFO betopiaerp betopiaerp.tests.common: Skipping signal changes during tests 
2026-02-09 10:28:50,194 1 INFO betopiaerp betopiaerp.tests.common: Skipping signal changes during tests 
2026-02-09 10:28:50,694 1 INFO betopiaerp betopiaerp.tests.common: Skipping signal changes during tests 
2026-02-09 10:28:51,194 1 INFO betopiaerp betopiaerp.tests.common: Skipping signal changes during tests 
2026-02-09 10:28:51,694 1 INFO betopiaerp betopiaerp.tests.common: Skipping signal changes during tests 
2026-02-09 10:28:52,194 1 INFO betopiaerp betopiaerp.tests.common: Skipping signal changes during tests 
2026-02-09 10:28:52,194 1 INFO betopiaerp betopiaerp.addons.base.models.ir_cron: Job 'Dummy cron for TestIrCron nzC7rWj_WZs' (25) partially done (#loop 20; done 1; remaining 1; duration 10.00s) 
2026-02-09 10:28:52,194 1 INFO betopiaerp betopiaerp.addons.base.models.ir_cron: Job 'Dummy cron for TestIrCron nzC7rWj_WZs' (25) starting 
2026-02-09 10:28:52,694 1 INFO betopiaerp betopiaerp.tests.common: Skipping signal changes during tests 
2026-02-09 10:28:52,694 1 INFO betopiaerp betopiaerp.addons.base.models.ir_cron: Job 'Dummy cron for TestIrCron nzC7rWj_WZs' (25) fully done (#loop 1; done 1; remaining 0; duration 0.50s) 
2026-02-09 10:28:52,694 1 INFO betopiaerp betopiaerp.addons.base.tests.test_ir_cron: Starting TestIrCron.test_cron_skip_unactive_triggers ... 
2026-02-09 10:28:52,694 1 INFO betopiaerp betopiaerp.addons.base.tests.test_ir_cron: Starting TestIrCron.test_cron_timeout_failure ... 
2026-02-09 10:28:52,694 1 INFO betopiaerp betopiaerp.addons.base.models.ir_cron: Job 'Dummy cron for TestIrCron Dw_W6XnKiZA' (25) starting 
2026-02-09 10:28:52,694 1 INFO betopiaerp betopiaerp.tests.common: Skipping signal changes during tests 
2026-02-09 10:28:52,694 1 INFO betopiaerp betopiaerp.addons.base.models.ir_cron: Job 'Dummy cron for TestIrCron Dw_W6XnKiZA' (25) fully done (#loop 1; done 0; remaining 0; duration 0.00s) 
2026-02-09 10:28:52,694 1 INFO betopiaerp betopiaerp.addons.base.tests.test_ir_cron: Starting TestIrCron.test_cron_timeout_success ... 
2026-02-09 10:28:52,694 1 INFO betopiaerp betopiaerp.addons.base.models.ir_cron: Job 'Dummy cron for TestIrCron 9x8hKQYO82U' (25) starting 
2026-02-09 10:28:52,694 1 INFO betopiaerp betopiaerp.tests.common: Skipping signal changes during tests 
2026-02-09 10:28:52,694 1 INFO betopiaerp betopiaerp.addons.base.models.ir_cron: Job 'Dummy cron for TestIrCron 9x8hKQYO82U' (25) fully done (#loop 1; done 0; remaining 0; duration 0.00s) 
2026-02-09 10:28:52,694 1 INFO betopiaerp betopiaerp.addons.base.tests.test_ir_cron: Starting TestIrCron.test_cron_unactive_never_ready ... 
2026-02-09 10:27:53,059 1 INFO betopiaerp betopiaerp.addons.base.models.ir_attachment: filestore gc 0 checked, 0 removed 
2026-02-09 10:27:53,060 1 INFO betopiaerp betopiaerp.addons.base.tests.test_ir_cron: Starting TestIrCronUser.test_cron_archived_admin_user ... 
2026-02-09 10:27:53,131 1 INFO betopiaerp betopiaerp.addons.base.models.ir_attachment: filestore gc 1 checked, 1 removed 
2026-02-09 10:27:53,132 1 INFO betopiaerp betopiaerp.addons.base.tests.test_ir_default: Starting TestIrDefault.test_conditions ... 
2026-02-09 10:27:53,135 1 INFO betopiaerp betopiaerp.models.unlink: User #1 deleted ir.default records with IDs: [1] 
2026-02-09 10:27:53,140 1 INFO betopiaerp betopiaerp.models.unlink: User #1 deleted ir.default records with IDs: [24] 
2026-02-09 10:27:53,144 1 INFO betopiaerp betopiaerp.addons.base.tests.test_ir_default: Starting TestIrDefault.test_defaults ... 
2026-02-09 10:27:53,232 1 INFO betopiaerp betopiaerp.models.unlink: User #1 deleted ir.default records with IDs: [1] 
2026-02-09 10:27:53,249 1 INFO betopiaerp betopiaerp.addons.base.tests.test_ir_default: Starting TestIrDefault.test_invalid ... 
2026-02-09 10:27:53,251 1 INFO betopiaerp betopiaerp.addons.base.tests.test_ir_default: Starting TestIrDefault.test_json_format_invalid ... 
2026-02-09 10:27:53,255 1 INFO betopiaerp betopiaerp.addons.base.tests.test_ir_default: Starting TestIrDefault.test_multi_company_defaults ... 
2026-02-09 10:27:53,403 1 INFO betopiaerp betopiaerp.addons.base.tests.test_ir_default: Starting TestIrDefault.test_removal ... 
2026-02-09 10:27:53,405 1 INFO betopiaerp betopiaerp.models.unlink: User #1 deleted ir.default records with IDs: [1] 
2026-02-09 10:27:53,411 1 INFO betopiaerp betopiaerp.models.unlink: User #1 deleted ir.default records with IDs: [33] 
2026-02-09 10:27:53,412 1 INFO betopiaerp betopiaerp.models.unlink: User #1 deleted res.country records with IDs: [361] 
2026-02-09 10:27:53,414 1 INFO betopiaerp betopiaerp.addons.base.models.ir_attachment: filestore gc 2 checked, 2 removed 
2026-02-09 10:27:53,441 1 INFO betopiaerp betopiaerp.addons.base.tests.test_ir_embedded_actions: Starting TestEmbeddedActionsBase.test_can_delete_custom_embedded_action ... 
2026-02-09 10:27:53,450 1 INFO betopiaerp betopiaerp.models.unlink: User #1 deleted ir.embedded.actions records with IDs: [27] 
2026-02-09 10:27:53,450 1 INFO betopiaerp betopiaerp.addons.base.tests.test_ir_embedded_actions: Starting TestEmbeddedActionsBase.test_cannot_delete_default_embedded_action ... 
2026-02-09 10:27:53,451 1 INFO betopiaerp betopiaerp.addons.base.tests.test_ir_embedded_actions: Starting TestEmbeddedActionsBase.test_create_embedded_action_with_action_and_python_method ... 
2026-02-09 10:27:53,453 1 INFO betopiaerp betopiaerp.addons.base.tests.test_ir_embedded_actions: Starting TestEmbeddedActionsBase.test_domain_on_embedded_action ... 
2026-02-09 10:27:53,461 1 INFO betopiaerp betopiaerp.addons.base.tests.test_ir_embedded_actions: Starting TestEmbeddedActionsBase.test_groups_on_embedded_action ... 
2026-02-09 10:27:53,485 1 INFO betopiaerp betopiaerp.addons.base.tests.test_ir_embedded_actions: Starting TestEmbeddedActionsBase.test_parent_has_embedded_actions ... 
2026-02-09 10:27:53,491 1 INFO betopiaerp betopiaerp.addons.base.models.ir_attachment: filestore gc 1 checked, 1 removed 
2026-02-09 10:27:53,513 1 INFO betopiaerp betopiaerp.addons.base.tests.test_ir_filters: Starting TestGetFilters.test_global_filters ... 
2026-02-09 10:27:53,528 1 INFO betopiaerp betopiaerp.addons.base.tests.test_ir_filters: Starting TestGetFilters.test_no_third_party_filters ... 
2026-02-09 10:27:53,541 1 INFO betopiaerp betopiaerp.addons.base.tests.test_ir_filters: Starting TestGetFilters.test_own_filters ... 
2026-02-09 10:27:53,556 1 INFO betopiaerp betopiaerp.addons.base.models.ir_attachment: filestore gc 1 checked, 1 removed 
2026-02-09 10:27:53,578 1 INFO betopiaerp betopiaerp.addons.base.tests.test_ir_filters: Starting TestEmbeddedFilters.test_global_filters_with_embedded_action ... 
2026-02-09 10:27:53,602 1 INFO betopiaerp betopiaerp.addons.base.tests.test_ir_filters: Starting TestEmbeddedFilters.test_global_filters_with_no_embedded_action ... 
2026-02-09 10:27:53,617 1 INFO betopiaerp betopiaerp.addons.base.models.ir_attachment: filestore gc 1 checked, 1 removed 
2026-02-09 10:27:53,618 1 INFO betopiaerp betopiaerp.addons.base.tests.test_ir_mail_server: Starting EmailConfigCase.test_default_email_from ... 
2026-02-09 10:27:53,621 1 INFO betopiaerp betopiaerp.addons.base.models.ir_attachment: filestore gc 0 checked, 0 removed 
2026-02-09 10:27:53,625 1 INFO betopiaerp betopiaerp.addons.base.tests.test_ir_mail_server: Starting TestIrMailServer.test_assert_base_values ... 
2026-02-09 10:27:53,626 1 INFO betopiaerp betopiaerp.addons.base.tests.test_ir_mail_server: Starting TestIrMailServer.test_bpo_34424_35805 ... 
2026-02-09 10:27:53,628 1 INFO betopiaerp betopiaerp.addons.base.tests.test_ir_mail_server: Starting TestIrMailServer.test_content_alternative_correct_order ... 
2026-02-09 10:27:53,633 1 INFO betopiaerp betopiaerp.addons.base.tests.test_ir_mail_server: Starting TestIrMailServer.test_content_mail_body ... 
2026-02-09 10:27:53,640 1 INFO betopiaerp betopiaerp.addons.base.tests.test_ir_mail_server: Starting TestIrMailServer.test_eml_attachment_encoding ... 
2026-02-09 10:27:53,642 1 INFO betopiaerp betopiaerp.addons.base.tests.test_ir_mail_server: Starting TestIrMailServer.test_eml_message_serialization_with_non_ascii ... 
2026-02-09 10:27:53,644 1 INFO betopiaerp betopiaerp.addons.base.tests.test_ir_mail_server: Starting TestIrMailServer.test_mail_server_auth_cert_requires_tls ... 
2026-02-09 10:27:53,646 1 INFO betopiaerp betopiaerp.addons.base.tests.test_ir_mail_server: Starting TestIrMailServer.test_mail_server_config_bin ... 
2026-02-09 10:27:53,675 1 INFO betopiaerp betopiaerp.addons.base.tests.test_ir_mail_server: Starting TestIrMailServer.test_mail_server_config_cli ... 
2026-02-09 10:27:53,684 1 INFO betopiaerp betopiaerp.addons.base.tests.test_ir_mail_server: Starting TestIrMailServer.test_mail_server_get_test_email_from ... 
2026-02-09 10:27:53,694 1 INFO betopiaerp betopiaerp.addons.base.tests.test_ir_mail_server: Starting TestIrMailServer.test_mail_server_match_from_filter ... 
2026-02-09 10:27:53,695 1 INFO betopiaerp betopiaerp.addons.base.tests.test_ir_mail_server: Starting TestIrMailServer.test_mail_server_priorities ... 
2026-02-09 10:27:53,697 1 INFO betopiaerp betopiaerp.addons.base.tests.test_ir_mail_server: Starting TestIrMailServer.test_mail_server_send_email ... 
2026-02-09 10:27:53,717 1 INFO betopiaerp betopiaerp.addons.base.tests.test_ir_mail_server: Starting TestIrMailServer.test_mail_server_send_email_IDNA ... 
2026-02-09 10:27:53,720 1 INFO betopiaerp betopiaerp.addons.base.tests.test_ir_mail_server: Starting TestIrMailServer.test_mail_server_send_email_context_force ... 
2026-02-09 10:27:53,728 1 INFO betopiaerp betopiaerp.addons.base.models.ir_attachment: filestore gc 0 checked, 0 removed 
2026-02-09 10:27:53,728 1 INFO betopiaerp betopiaerp.addons.base.tests.test_ir_mail_server_smtpd: Starting TestIrMailServerSMTPD.test_authentication_certificate_matrix ... 
2026-02-09 10:27:53,729 1 INFO betopiaerp betopiaerp.addons.base.tests.test_ir_mail_server_smtpd: skipped TestIrMailServerSMTPD.test_authentication_certificate_matrix : aiosmtpd couldn't be imported 
2026-02-09 10:27:53,729 1 INFO betopiaerp betopiaerp.addons.base.tests.test_ir_mail_server_smtpd: Starting TestIrMailServerSMTPD.test_authentication_login_matrix ... 
2026-02-09 10:27:53,729 1 INFO betopiaerp betopiaerp.addons.base.tests.test_ir_mail_server_smtpd: skipped TestIrMailServerSMTPD.test_authentication_login_matrix : aiosmtpd couldn't be imported 
2026-02-09 10:27:53,729 1 INFO betopiaerp betopiaerp.addons.base.tests.test_ir_mail_server_smtpd: Starting TestIrMailServerSMTPD.test_encryption_matrix ... 
2026-02-09 10:27:53,730 1 INFO betopiaerp betopiaerp.addons.base.tests.test_ir_mail_server_smtpd: skipped TestIrMailServerSMTPD.test_encryption_matrix : aiosmtpd couldn't be imported 
2026-02-09 10:27:53,730 1 INFO betopiaerp betopiaerp.addons.base.tests.test_ir_mail_server_smtpd: Starting TestIrMailServerSMTPD.test_man_in_the_middle_matrix ... 
2026-02-09 10:27:53,730 1 INFO betopiaerp betopiaerp.addons.base.tests.test_ir_mail_server_smtpd: skipped TestIrMailServerSMTPD.test_man_in_the_middle_matrix : aiosmtpd couldn't be imported 
2026-02-09 10:27:53,731 1 INFO betopiaerp betopiaerp.addons.base.tests.test_ir_model: Starting TestXMLID.test_create ... 
2026-02-09 10:27:53,736 1 INFO betopiaerp betopiaerp.addons.base.tests.test_ir_model: Starting TestXMLID.test_create_external_id_with_space ... 
2026-02-09 10:27:53,738 1 INFO betopiaerp betopiaerp.addons.base.tests.test_ir_model: Starting TestXMLID.test_create_inherits ... 
2026-02-09 10:27:53,756 1 INFO betopiaerp betopiaerp.addons.base.tests.test_ir_model: Starting TestXMLID.test_create_noupdate ... 
2026-02-09 10:27:53,762 1 INFO betopiaerp betopiaerp.addons.base.tests.test_ir_model: Starting TestXMLID.test_create_noupdate_multi ... 
2026-02-09 10:27:53,766 1 INFO betopiaerp betopiaerp.addons.base.tests.test_ir_model: Starting TestXMLID.test_create_order ... 
2026-02-09 10:27:53,771 1 INFO betopiaerp betopiaerp.addons.base.tests.test_ir_model: Starting TestXMLID.test_create_xmlids ... 
2026-02-09 10:27:53,792 1 INFO betopiaerp betopiaerp.addons.base.tests.test_ir_model: Starting TestXMLID.test_recreate ... 
2026-02-09 10:27:53,797 1 INFO betopiaerp betopiaerp.models.unlink: User #1 deleted ir.model.data records with IDs: [49609] 
2026-02-09 10:27:53,798 1 INFO betopiaerp betopiaerp.models.unlink: User #1 deleted res.partner.category records with IDs: [331] 
2026-02-09 10:27:53,799 1 INFO betopiaerp betopiaerp.addons.base.tests.test_ir_model: Starting TestXMLID.test_update_xmlid ... 
2026-02-09 10:27:53,804 1 INFO betopiaerp betopiaerp.addons.base.models.ir_attachment: filestore gc 2 checked, 2 removed 
2026-02-09 10:27:53,805 1 INFO betopiaerp betopiaerp.addons.base.tests.test_ir_model: Starting TestEvalContext.test_module_usage ... 
2026-02-09 10:27:53,855 1 INFO betopiaerp betopiaerp.addons.base.models.ir_attachment: filestore gc 0 checked, 0 removed 
2026-02-09 10:27:53,856 1 INFO betopiaerp betopiaerp.addons.base.tests.test_ir_model: Starting TestIrModelInherit.test_inherit ... 
2026-02-09 10:27:53,859 1 INFO betopiaerp betopiaerp.addons.base.tests.test_ir_model: Starting TestIrModelInherit.test_inherits ... 
2026-02-09 10:27:53,862 1 INFO betopiaerp betopiaerp.addons.base.models.ir_attachment: filestore gc 0 checked, 0 removed 
2026-02-09 10:27:53,863 1 INFO betopiaerp betopiaerp.addons.base.tests.test_ir_module: Starting IrModuleCase.test_missing_module_icon ... 
2026-02-09 10:27:53,878 1 INFO betopiaerp betopiaerp.addons.base.tests.test_ir_module: Starting IrModuleCase.test_module_wrong_icon ... 
2026-02-09 10:27:53,884 1 INFO betopiaerp betopiaerp.addons.base.tests.test_ir_module: Starting IrModuleCase.test_new_module_icon ... 
2026-02-09 10:27:53,886 1 INFO betopiaerp betopiaerp.addons.base.models.ir_attachment: filestore gc 0 checked, 0 removed 
2026-02-09 10:27:53,887 1 INFO betopiaerp betopiaerp.addons.base.tests.test_ir_module_category: Starting TestModuleCategory.test_parent_circular_dependencies ... 
2026-02-09 10:27:53,896 1 INFO betopiaerp betopiaerp.addons.base.models.ir_attachment: filestore gc 0 checked, 0 removed 
2026-02-09 10:27:53,896 1 INFO betopiaerp betopiaerp.addons.base.tests.test_ir_sequence: Starting TestIrSequenceStandard.test_ir_sequence_create ... 
2026-02-09 10:27:53,901 1 INFO betopiaerp betopiaerp.addons.base.tests.test_ir_sequence: Starting TestIrSequenceStandard.test_ir_sequence_draw ... 
2026-02-09 10:27:53,905 1 INFO betopiaerp betopiaerp.addons.base.tests.test_ir_sequence: Starting TestIrSequenceStandard.test_ir_sequence_draw_twice ... 
2026-02-09 10:27:53,915 1 INFO betopiaerp betopiaerp.addons.base.tests.test_ir_sequence: Starting TestIrSequenceStandard.test_ir_sequence_search ... 
2026-02-09 10:27:53,920 1 INFO betopiaerp betopiaerp.models.unlink: User #1 deleted ir.sequence records with IDs: [31] 
2026-02-09 10:27:53,922 1 INFO betopiaerp betopiaerp.addons.base.tests.test_ir_sequence: Starting TestIrSequenceNoGap.test_ir_sequence_create_no_gap ... 
2026-02-09 10:27:53,925 1 INFO betopiaerp betopiaerp.addons.base.tests.test_ir_sequence: Starting TestIrSequenceNoGap.test_ir_sequence_draw_no_gap ... 
2026-02-09 10:27:53,928 1 INFO betopiaerp betopiaerp.addons.base.tests.test_ir_sequence: Starting TestIrSequenceNoGap.test_ir_sequence_draw_twice_no_gap ... 
2026-02-09 10:27:53,937 1 INFO betopiaerp betopiaerp.models.unlink: User #1 deleted ir.sequence records with IDs: [32] 
2026-02-09 10:27:53,938 1 INFO betopiaerp betopiaerp.addons.base.tests.test_ir_sequence: Starting TestIrSequenceChangeImplementation.test_ir_sequence_1_create ... 
2026-02-09 10:27:53,941 1 INFO betopiaerp betopiaerp.addons.base.tests.test_ir_sequence: Starting TestIrSequenceChangeImplementation.test_ir_sequence_2_write ... 
2026-02-09 10:27:53,945 1 INFO betopiaerp betopiaerp.addons.base.tests.test_ir_sequence: Starting TestIrSequenceChangeImplementation.test_ir_sequence_3_unlink ... 
2026-02-09 10:27:53,948 1 INFO betopiaerp betopiaerp.models.unlink: User #1 deleted ir.sequence records with IDs: [33, 34] 
2026-02-09 10:27:53,951 1 INFO betopiaerp betopiaerp.addons.base.tests.test_ir_sequence: Starting TestIrSequenceGenerate.test_ir_sequence_create ... 
2026-02-09 10:27:53,960 1 INFO betopiaerp betopiaerp.addons.base.tests.test_ir_sequence: Starting TestIrSequenceGenerate.test_ir_sequence_create_no_gap ... 
2026-02-09 10:27:53,973 1 INFO betopiaerp betopiaerp.addons.base.tests.test_ir_sequence: Starting TestIrSequenceGenerate.test_ir_sequence_interpolation_dict ... 
2026-02-09 10:27:53,977 1 INFO betopiaerp betopiaerp.addons.base.tests.test_ir_sequence: Starting TestIrSequenceGenerate.test_ir_sequence_iso_directives ... 
2026-02-09 10:27:53,980 1 INFO betopiaerp betopiaerp.addons.base.tests.test_ir_sequence: Starting TestIrSequenceGenerate.test_ir_sequence_prefix ... 
2026-02-09 10:27:53,985 1 INFO betopiaerp betopiaerp.addons.base.tests.test_ir_sequence: Starting TestIrSequenceGenerate.test_ir_sequence_suffix ... 
2026-02-09 10:27:53,991 1 INFO betopiaerp betopiaerp.models.unlink: User #1 deleted ir.sequence records with IDs: [35, 36, 37, 38, 39, 40] 
2026-02-09 10:27:53,993 1 INFO betopiaerp betopiaerp.addons.base.tests.test_ir_sequence: Starting TestIrSequenceInit.test_00 ... 
2026-02-09 10:27:53,998 1 INFO betopiaerp betopiaerp.addons.base.models.ir_attachment: filestore gc 0 checked, 0 removed 
2026-02-09 10:27:53,999 1 INFO betopiaerp betopiaerp.addons.base.tests.test_ir_sequence_date_range: Starting TestIrSequenceDateRangeStandard.test_ir_sequence_date_range_1_create ... 
2026-02-09 10:27:54,001 1 INFO betopiaerp betopiaerp.addons.base.tests.test_ir_sequence_date_range: Starting TestIrSequenceDateRangeStandard.test_ir_sequence_date_range_2_change_dates ... 
2026-02-09 10:27:54,010 1 INFO betopiaerp betopiaerp.addons.base.tests.test_ir_sequence_date_range: Starting TestIrSequenceDateRangeStandard.test_ir_sequence_date_range_3_unlink ... 
2026-02-09 10:27:54,012 1 INFO betopiaerp betopiaerp.models.unlink: User #1 deleted ir.sequence records with IDs: [42] 
2026-02-09 10:27:54,013 1 INFO betopiaerp betopiaerp.addons.base.tests.test_ir_sequence_date_range: Starting TestIrSequenceDateRangeNoGap.test_ir_sequence_date_range_1_create_no_gap ... 
2026-02-09 10:27:54,014 1 INFO betopiaerp betopiaerp.addons.base.tests.test_ir_sequence_date_range: Starting TestIrSequenceDateRangeNoGap.test_ir_sequence_date_range_2_change_dates ... 
2026-02-09 10:27:54,023 1 INFO betopiaerp betopiaerp.addons.base.tests.test_ir_sequence_date_range: Starting TestIrSequenceDateRangeNoGap.test_ir_sequence_date_range_3_unlink ... 
2026-02-09 10:27:54,025 1 INFO betopiaerp betopiaerp.models.unlink: User #1 deleted ir.sequence records with IDs: [43] 
2026-02-09 10:27:54,026 1 INFO betopiaerp betopiaerp.addons.base.tests.test_ir_sequence_date_range: Starting TestIrSequenceDateRangeChangeImplementation.test_ir_sequence_date_range_1_create ... 
2026-02-09 10:27:54,029 1 INFO betopiaerp betopiaerp.addons.base.tests.test_ir_sequence_date_range: Starting TestIrSequenceDateRangeChangeImplementation.test_ir_sequence_date_range_2_use ... 
2026-02-09 10:27:54,058 1 INFO betopiaerp betopiaerp.addons.base.tests.test_ir_sequence_date_range: Starting TestIrSequenceDateRangeChangeImplementation.test_ir_sequence_date_range_3_write ... 
2026-02-09 10:27:54,061 1 INFO betopiaerp betopiaerp.addons.base.tests.test_ir_sequence_date_range: Starting TestIrSequenceDateRangeChangeImplementation.test_ir_sequence_date_range_4_unlink ... 
2026-02-09 10:27:54,063 1 INFO betopiaerp betopiaerp.models.unlink: User #1 deleted ir.sequence records with IDs: [44, 45] 
2026-02-09 10:27:54,064 1 INFO betopiaerp betopiaerp.addons.base.tests.test_mail: Starting TestSanitizer.test_abrupt_close ... 
2026-02-09 10:27:54,065 1 INFO betopiaerp betopiaerp.addons.base.tests.test_mail: Starting TestSanitizer.test_abrut_malformed ... 
2026-02-09 10:27:54,065 1 INFO betopiaerp betopiaerp.addons.base.tests.test_mail: Starting TestSanitizer.test_basic_sanitizer ... 
2026-02-09 10:27:54,066 1 INFO betopiaerp betopiaerp.addons.base.tests.test_mail: Starting TestSanitizer.test_cid_with_at ... 
2026-02-09 10:27:54,067 1 INFO betopiaerp betopiaerp.addons.base.tests.test_mail: Starting TestSanitizer.test_comment_malformed ... 
2026-02-09 10:27:54,067 1 INFO betopiaerp betopiaerp.addons.base.tests.test_mail: Starting TestSanitizer.test_comment_multiline ... 
2026-02-09 10:27:54,068 1 INFO betopiaerp betopiaerp.addons.base.tests.test_mail: Starting TestSanitizer.test_edi_source ... 
2026-02-09 10:27:54,069 1 INFO betopiaerp betopiaerp.addons.base.tests.test_mail: Starting TestSanitizer.test_evil_malicious_code ... 
2026-02-09 10:27:54,072 1 INFO betopiaerp betopiaerp.addons.base.tests.test_mail: Starting TestSanitizer.test_html ... 
2026-02-09 10:27:54,073 1 INFO betopiaerp betopiaerp.addons.base.tests.test_mail: Starting TestSanitizer.test_misc ... 
2026-02-09 10:27:54,073 1 INFO betopiaerp betopiaerp.addons.base.tests.test_mail: Starting TestSanitizer.test_outlook_mail_sanitize ... 
2026-02-09 10:27:54,074 1 INFO betopiaerp betopiaerp.addons.base.tests.test_mail: Starting TestSanitizer.test_quote_basic_text ... 
2026-02-09 10:27:54,075 1 INFO betopiaerp betopiaerp.addons.base.tests.test_mail: Starting TestSanitizer.test_quote_blockquote ... 
2026-02-09 10:27:54,075 1 INFO betopiaerp betopiaerp.addons.base.tests.test_mail: Starting TestSanitizer.test_quote_bugs ... 
2026-02-09 10:27:54,076 1 INFO betopiaerp betopiaerp.addons.base.tests.test_mail: Starting TestSanitizer.test_quote_gmail ... 
2026-02-09 10:27:54,077 1 INFO betopiaerp betopiaerp.addons.base.tests.test_mail: Starting TestSanitizer.test_quote_hotmail_html ... 
2026-02-09 10:27:54,078 1 INFO betopiaerp betopiaerp.addons.base.tests.test_mail: Starting TestSanitizer.test_quote_outlook_html ... 
2026-02-09 10:27:54,079 1 INFO betopiaerp betopiaerp.addons.base.tests.test_mail: Starting TestSanitizer.test_quote_signature ... 
2026-02-09 10:27:54,080 1 INFO betopiaerp betopiaerp.addons.base.tests.test_mail: Starting TestSanitizer.test_quote_signature_container_propagation ... 
2026-02-09 10:27:54,080 1 INFO betopiaerp betopiaerp.addons.base.tests.test_mail: Starting TestSanitizer.test_quote_text ... 
2026-02-09 10:27:54,081 1 INFO betopiaerp betopiaerp.addons.base.tests.test_mail: Starting TestSanitizer.test_quote_thunderbird ... 
2026-02-09 10:27:54,082 1 INFO betopiaerp betopiaerp.addons.base.tests.test_mail: Starting TestSanitizer.test_quote_thunderbird_html ... 
2026-02-09 10:27:54,082 1 INFO betopiaerp betopiaerp.addons.base.tests.test_mail: Starting TestSanitizer.test_quote_yahoo_html ... 
2026-02-09 10:27:54,083 1 INFO betopiaerp betopiaerp.addons.base.tests.test_mail: Starting TestSanitizer.test_sanitize_unescape_emails ... 
2026-02-09 10:27:54,084 1 INFO betopiaerp betopiaerp.addons.base.tests.test_mail: Starting TestSanitizer.test_style_class ... 
2026-02-09 10:27:54,084 1 INFO betopiaerp betopiaerp.addons.base.tests.test_mail: Starting TestSanitizer.test_style_class_only ... 
2026-02-09 10:27:54,085 1 INFO betopiaerp betopiaerp.addons.base.tests.test_mail: Starting TestSanitizer.test_style_parsing ... 
2026-02-09 10:27:54,086 1 INFO betopiaerp betopiaerp.addons.base.tests.test_mail: Starting TestHtmlTools.test_append_to_html ... 
2026-02-09 10:27:54,087 1 INFO betopiaerp betopiaerp.addons.base.tests.test_mail: Starting TestHtmlTools.test_html_html_to_inner_content ... 
2026-02-09 10:27:54,088 1 INFO betopiaerp betopiaerp.addons.base.tests.test_mail: Starting TestHtmlTools.test_is_html_empty ... 
2026-02-09 10:27:54,089 1 INFO betopiaerp betopiaerp.addons.base.tests.test_mail: Starting TestHtmlTools.test_nl2br_enclose ... 
2026-02-09 10:27:54,089 1 INFO betopiaerp betopiaerp.addons.base.tests.test_mail: Starting TestHtmlTools.test_plaintext2html ... 
2026-02-09 10:27:54,089 1 INFO betopiaerp betopiaerp.addons.base.tests.test_mail: Starting TestHtmlTools.test_prepend_html_content ... 
2026-02-09 10:27:54,090 1 INFO betopiaerp betopiaerp.addons.base.tests.test_mail: Starting TestEmailTools.test_email_anonymize ... 
2026-02-09 10:27:54,090 1 INFO betopiaerp betopiaerp.addons.base.tests.test_mail: Starting TestEmailTools.test_email_domain_normalize ... 
2026-02-09 10:27:54,090 1 INFO betopiaerp betopiaerp.addons.base.tests.test_mail: Starting TestEmailTools.test_email_formataddr ... 
2026-02-09 10:27:54,091 1 INFO betopiaerp betopiaerp.addons.base.tests.test_mail: Starting TestEmailTools.test_email_normalize ... 
2026-02-09 10:27:54,092 1 INFO betopiaerp betopiaerp.addons.base.tests.test_mail: Starting TestEmailTools.test_email_re ... 
2026-02-09 10:27:54,092 1 INFO betopiaerp betopiaerp.addons.base.tests.test_mail: Starting TestEmailTools.test_email_split ... 
2026-02-09 10:27:54,093 1 INFO betopiaerp betopiaerp.addons.base.tests.test_mail: Starting TestEmailTools.test_email_split_and_format ... 
2026-02-09 10:27:54,093 1 INFO betopiaerp betopiaerp.addons.base.tests.test_mail: Starting TestEmailTools.test_email_split_tuples ... 
2026-02-09 10:27:54,094 1 INFO betopiaerp betopiaerp.addons.base.tests.test_mail: Starting TestEmailTools.test_extract_rfc2822_addresses ... 
2026-02-09 10:27:54,094 1 INFO betopiaerp betopiaerp.addons.base.tests.test_mail: Starting TestEmailTools.test_single_email_re ... 
2026-02-09 10:27:54,095 1 INFO betopiaerp betopiaerp.addons.base.tests.test_mail: Starting TestMailTools.test_html2plaintext ... 
2026-02-09 10:27:54,096 1 INFO betopiaerp betopiaerp.addons.base.tests.test_menu: Starting TestMenu.test_00_menu_deletion ... 
2026-02-09 10:27:54,108 1 INFO betopiaerp betopiaerp.models.unlink: User #1 deleted ir.ui.menu records with IDs: [84] 
2026-02-09 10:27:54,110 1 INFO betopiaerp betopiaerp.addons.base.models.ir_attachment: filestore gc 0 checked, 0 removed 
2026-02-09 10:27:54,110 1 INFO betopiaerp betopiaerp.addons.base.tests.test_mimetypes: Starting test_guess_mimetype.test_default_mimetype ... 
2026-02-09 10:27:54,111 1 INFO betopiaerp betopiaerp.addons.base.tests.test_mimetypes: Starting test_guess_mimetype.test_default_mimetype_empty ... 
2026-02-09 10:27:54,111 1 INFO betopiaerp betopiaerp.addons.base.tests.test_mimetypes: Starting test_guess_mimetype.test_mimetype_bmp ... 
2026-02-09 10:27:54,111 1 INFO betopiaerp betopiaerp.addons.base.tests.test_mimetypes: Starting test_guess_mimetype.test_mimetype_fix_extension ... 
2026-02-09 10:27:54,112 1 WARNING betopiaerp betopiaerp.tools.mimetypes: File 'sheet.xlsx' has an unknown extension for mimetype 'application/vnd.openxmlformats-officedocument.spreadsheetml.sheet' 
2026-02-09 10:27:54,112 1 INFO betopiaerp betopiaerp.addons.base.tests.test_mimetypes: Starting test_guess_mimetype.test_mimetype_get_extension ... 
2026-02-09 10:27:54,112 1 INFO betopiaerp betopiaerp.addons.base.tests.test_mimetypes: Starting test_guess_mimetype.test_mimetype_gif ... 
2026-02-09 10:27:54,113 1 INFO betopiaerp betopiaerp.addons.base.tests.test_mimetypes: Starting test_guess_mimetype.test_mimetype_jpg ... 
2026-02-09 10:27:54,113 1 INFO betopiaerp betopiaerp.addons.base.tests.test_mimetypes: Starting test_guess_mimetype.test_mimetype_octet_stream ... 
2026-02-09 10:27:54,113 1 INFO betopiaerp betopiaerp.addons.base.tests.test_mimetypes: Starting test_guess_mimetype.test_mimetype_png ... 
2026-02-09 10:27:54,113 1 INFO betopiaerp betopiaerp.addons.base.tests.test_mimetypes: Starting test_guess_mimetype.test_mimetype_svg ... 
2026-02-09 10:27:54,114 1 INFO betopiaerp betopiaerp.addons.base.tests.test_mimetypes: Starting test_guess_mimetype.test_mimetype_txt ... 
2026-02-09 10:27:54,114 1 INFO betopiaerp betopiaerp.addons.base.tests.test_mimetypes: Starting test_guess_mimetype.test_mimetype_webp ... 
2026-02-09 10:27:54,114 1 INFO betopiaerp betopiaerp.addons.base.tests.test_mimetypes: Starting test_guess_mimetype.test_mimetype_xml ... 
2026-02-09 10:27:54,114 1 INFO betopiaerp betopiaerp.addons.base.tests.test_mimetypes: Starting test_guess_mimetype.test_mimetype_zip ... 
2026-02-09 10:27:54,115 1 INFO betopiaerp betopiaerp.addons.base.tests.test_misc: Starting TestMergeSequences.test_merge_sequences ... 
2026-02-09 10:27:54,116 1 INFO betopiaerp betopiaerp.addons.base.tests.test_misc: Starting TestFormatLangDate.test_00_accepted_types ... 
2026-02-09 10:27:54,122 1 INFO betopiaerp betopiaerp.addons.base.tests.test_misc: Starting TestFormatLangDate.test_01_code_and_format ... 
2026-02-09 10:27:54,132 1 INFO betopiaerp betopiaerp.addons.base.tests.test_misc: Starting TestFormatLangDate.test_02_tz ... 
2026-02-09 10:27:54,139 1 INFO betopiaerp betopiaerp.addons.base.models.ir_attachment: filestore gc 0 checked, 0 removed 
2026-02-09 10:27:54,139 1 INFO betopiaerp betopiaerp.addons.base.tests.test_misc: Starting TestCallbacks.test_aggregate ... 
2026-02-09 10:27:54,140 1 INFO betopiaerp betopiaerp.addons.base.tests.test_misc: Starting TestCallbacks.test_callback ... 
2026-02-09 10:27:54,140 1 INFO betopiaerp betopiaerp.addons.base.tests.test_misc: Starting TestCallbacks.test_reentrant ... 
2026-02-09 10:27:54,140 1 INFO betopiaerp betopiaerp.addons.base.tests.test_misc: Starting TestRemoveAccents.test_empty_string ... 
2026-02-09 10:27:54,141 1 INFO betopiaerp betopiaerp.addons.base.tests.test_misc: Starting TestRemoveAccents.test_latin ... 
2026-02-09 10:27:54,142 1 INFO betopiaerp betopiaerp.addons.base.tests.test_misc: Starting TestRemoveAccents.test_non_latin ... 
2026-02-09 10:27:54,142 1 INFO betopiaerp betopiaerp.addons.base.tests.test_misc: Starting TestAddonsFileAccess.test_file_open ... 
2026-02-09 10:27:54,161 1 INFO betopiaerp betopiaerp.addons.base.tests.test_misc: Starting TestAddonsFileAccess.test_file_path ... 
2026-02-09 10:27:54,171 1 INFO betopiaerp betopiaerp.addons.base.tests.test_misc: Starting TestDictTools.test_readonly_dict ... 
2026-02-09 10:27:54,171 1 INFO betopiaerp betopiaerp.addons.base.tests.test_misc: Starting TestFormatLang.test_currency_object ... 
2026-02-09 10:27:54,186 1 INFO betopiaerp betopiaerp.addons.base.tests.test_misc: Starting TestFormatLang.test_decimal_precision ... 
2026-02-09 10:27:54,191 1 INFO betopiaerp betopiaerp.addons.base.tests.test_misc: Starting TestFormatLang.test_decimal_precision_and_currency_object ... 
2026-02-09 10:27:54,203 1 INFO betopiaerp betopiaerp.addons.base.tests.test_misc: Starting TestFormatLang.test_format_decimal_point_without_grouping ... 
2026-02-09 10:27:54,207 1 INFO betopiaerp betopiaerp.addons.base.tests.test_misc: Starting TestFormatLang.test_grouping ... 
2026-02-09 10:27:54,210 1 INFO betopiaerp betopiaerp.addons.base.tests.test_misc: Starting TestFormatLang.test_rounding_method ... 
2026-02-09 10:27:54,213 1 INFO betopiaerp betopiaerp.addons.base.tests.test_misc: Starting TestFormatLang.test_rounding_method_and_rounding_unit ... 
2026-02-09 10:27:54,216 1 INFO betopiaerp betopiaerp.addons.base.tests.test_misc: Starting TestFormatLang.test_rounding_unit ... 
2026-02-09 10:27:54,219 1 INFO betopiaerp betopiaerp.addons.base.tests.test_misc: Starting TestFormatLang.test_value_and_digits ... 
2026-02-09 10:27:54,223 1 INFO betopiaerp betopiaerp.addons.base.models.ir_attachment: filestore gc 0 checked, 0 removed 
2026-02-09 10:27:54,223 1 INFO betopiaerp betopiaerp.addons.base.tests.test_misc: Starting TestUrlValidate.test_url_validate ... 
2026-02-09 10:27:54,224 1 INFO betopiaerp betopiaerp.addons.base.tests.test_misc: Starting TestUrlJoin.test_absolute_url_raises ... 
2026-02-09 10:27:54,224 1 INFO betopiaerp betopiaerp.addons.base.tests.test_misc: Starting TestUrlJoin.test_allow_query_override ... 
2026-02-09 10:27:54,225 1 INFO betopiaerp betopiaerp.addons.base.tests.test_misc: Starting TestUrlJoin.test_base_has_no_path ... 
2026-02-09 10:27:54,225 1 INFO betopiaerp betopiaerp.addons.base.tests.test_misc: Starting TestUrlJoin.test_basic_relative_path ... 
2026-02-09 10:27:54,225 1 INFO betopiaerp betopiaerp.addons.base.tests.test_misc: Starting TestUrlJoin.test_dot_segments_not_allowed ... 
2026-02-09 10:27:54,226 1 INFO betopiaerp betopiaerp.addons.base.tests.test_misc: Starting TestUrlJoin.test_empty_base_string ... 
2026-02-09 10:27:54,226 1 INFO betopiaerp betopiaerp.addons.base.tests.test_misc: Starting TestUrlJoin.test_extra_trailing_slash ... 
2026-02-09 10:27:54,227 1 INFO betopiaerp betopiaerp.addons.base.tests.test_misc: Starting TestUrlJoin.test_leading_and_trailing_slashes ... 
2026-02-09 10:27:54,227 1 INFO betopiaerp betopiaerp.addons.base.tests.test_misc: Starting TestUrlJoin.test_not_string_fails ... 
2026-02-09 10:27:54,227 1 INFO betopiaerp betopiaerp.addons.base.tests.test_misc: Starting TestUrlJoin.test_only_extra_fragments ... 
2026-02-09 10:27:54,228 1 INFO betopiaerp betopiaerp.addons.base.tests.test_misc: Starting TestUrlJoin.test_path_normalization ... 
2026-02-09 10:27:54,228 1 INFO betopiaerp betopiaerp.addons.base.tests.test_misc: Starting TestUrlJoin.test_percent_encoding ... 
2026-02-09 10:27:54,228 1 INFO betopiaerp betopiaerp.addons.base.tests.test_misc: Starting TestUrlJoin.test_query_keeps_base_by_default ... 
2026-02-09 10:27:54,229 1 INFO betopiaerp betopiaerp.addons.base.tests.test_misc: Starting TestUrlJoin.test_whitespaces ... 
2026-02-09 10:27:54,230 1 INFO betopiaerp betopiaerp.addons.base.tests.test_misc: Starting TestMiscToken.test_None_payload ... 
2026-02-09 10:27:54,230 1 INFO betopiaerp betopiaerp.addons.base.tests.test_misc: Starting TestMiscToken.test_expired_token ... 
2026-02-09 10:27:54,231 1 INFO betopiaerp betopiaerp.addons.base.tests.test_misc: Starting TestMiscToken.test_list_payload ... 
2026-02-09 10:27:54,232 1 INFO betopiaerp betopiaerp.addons.base.tests.test_misc: Starting TestMiscToken.test_long_payload ... 
2026-02-09 10:27:54,233 1 INFO betopiaerp betopiaerp.addons.base.tests.test_misc: Starting TestMiscToken.test_modified_payload ... 
2026-02-09 10:27:54,234 1 INFO betopiaerp betopiaerp.addons.base.models.ir_attachment: filestore gc 0 checked, 0 removed 
2026-02-09 10:27:54,247 1 INFO betopiaerp betopiaerp.addons.base.tests.test_misc: Starting TestFormatAmountFunction.test_trailing_false_on_number_having_no_trailing_zeroes ... 
2026-02-09 10:27:54,251 1 INFO betopiaerp betopiaerp.addons.base.tests.test_misc: Starting TestFormatAmountFunction.test_trailing_false_on_number_having_trailing_zeroes ... 
2026-02-09 10:27:54,254 1 INFO betopiaerp betopiaerp.addons.base.tests.test_misc: Starting TestFormatAmountFunction.test_trailing_false_on_number_having_trailing_zeroes_with_kilikili_language ... 
2026-02-09 10:27:54,257 1 INFO betopiaerp betopiaerp.addons.base.tests.test_misc: Starting TestFormatAmountFunction.test_trailing_true_on_number_having_no_trailing_zeroes ... 
2026-02-09 10:27:54,261 1 INFO betopiaerp betopiaerp.addons.base.tests.test_misc: Starting TestFormatAmountFunction.test_trailing_zeroes_true_on_number_having_trailing_zeroes ... 
2026-02-09 10:27:54,265 1 INFO betopiaerp betopiaerp.addons.base.models.ir_attachment: filestore gc 0 checked, 0 removed 
2026-02-09 10:27:54,266 1 INFO betopiaerp betopiaerp.addons.base.tests.test_module: Starting TestModuleManifest.test_change_manifest ... 
2026-02-09 10:27:54,266 1 INFO betopiaerp betopiaerp.addons.base.tests.test_module: Starting TestModuleManifest.test_default_manifest ... 
2026-02-09 10:27:54,268 1 INFO betopiaerp betopiaerp.addons.base.tests.test_module: Starting TestModuleManifest.test_missing_license ... 
2026-02-09 10:27:54,268 1 INFO betopiaerp betopiaerp.addons.base.tests.test_module: Starting TestModuleManifest.test_missing_manifest ... 
2026-02-09 10:27:54,269 1 INFO betopiaerp betopiaerp.addons.base.tests.test_module_graph: Starting TestGraph.test_graph_order_1 ... 
2026-02-09 10:27:54,272 1 INFO betopiaerp betopiaerp.addons.base.tests.test_module_graph: Starting TestGraph.test_graph_order_2 ... 
2026-02-09 10:27:54,273 1 INFO betopiaerp betopiaerp.addons.base.tests.test_module_graph: Starting TestGraph.test_graph_order_3 ... 
2026-02-09 10:27:54,275 1 INFO betopiaerp betopiaerp.addons.base.tests.test_module_graph: Starting TestGraph.test_graph_order_with_test_modules ... 
2026-02-09 10:27:54,277 1 INFO betopiaerp betopiaerp.addons.base.tests.test_num2words_ar: Starting TestNum2WordsAr.test_decimal_multiple_of_thousands ... 
2026-02-09 10:27:54,278 1 INFO betopiaerp betopiaerp.addons.base.tests.test_num2words_ar: Starting TestNum2WordsAr.test_multiple_of_thousands ... 
2026-02-09 10:27:54,279 1 INFO betopiaerp betopiaerp.addons.base.models.ir_attachment: filestore gc 0 checked, 0 removed 
2026-02-09 10:27:54,280 1 INFO betopiaerp betopiaerp.addons.base.tests.test_orm: Starting TestORM.test_access_deleted_records ... 
2026-02-09 10:27:54,308 1 INFO betopiaerp betopiaerp.addons.base.tests.test_orm: Starting TestORM.test_access_filtered_records ... 
2026-02-09 10:27:54,347 1 INFO betopiaerp betopiaerp.addons.base.models.ir_model: Access Denied by ACLs for operation: unlink, uid: 429, model: res.partner 
2026-02-09 10:27:54,359 1 INFO betopiaerp betopiaerp.addons.base.models.ir_model: Access Denied by ACLs for operation: unlink, uid: 429, model: res.partner 
2026-02-09 10:27:54,361 1 INFO betopiaerp betopiaerp.addons.base.tests.test_orm: Starting TestORM.test_access_partial_deletion ... 
2026-02-09 10:27:54,379 1 INFO betopiaerp betopiaerp.addons.base.tests.test_orm: Starting TestORM.test_create_multi ... 
2026-02-09 10:27:54,385 1 INFO betopiaerp betopiaerp.addons.base.tests.test_orm: Starting TestORM.test_exists ... 
2026-02-09 10:27:54,387 1 INFO betopiaerp betopiaerp.addons.base.tests.test_orm: Starting TestORM.test_lock_for_update ... 
2026-02-09 10:27:54,400 1 INFO betopiaerp betopiaerp.models.unlink: User #1 deleted res.partner records with IDs: [1787] 
2026-02-09 10:27:54,401 1 INFO betopiaerp betopiaerp.addons.base.tests.test_orm: Starting TestORM.test_m2m_store_trigger ... 
2026-02-09 10:27:54,428 1 INFO betopiaerp betopiaerp.addons.base.tests.test_orm: Starting TestORM.test_read ... 
2026-02-09 10:27:54,438 1 INFO betopiaerp betopiaerp.addons.base.tests.test_orm: Starting TestORM.test_search_read ... 
2026-02-09 10:27:54,464 1 INFO betopiaerp betopiaerp.addons.base.tests.test_orm: Starting TestORM.test_try_lock_for_update ... 
2026-02-09 10:27:54,469 1 INFO betopiaerp betopiaerp.addons.base.tests.test_orm: Starting TestORM.test_write_duplicate ... 
2026-02-09 10:27:54,476 1 INFO betopiaerp betopiaerp.addons.base.models.ir_attachment: filestore gc 1 checked, 1 removed 
2026-02-09 10:27:54,477 1 INFO betopiaerp betopiaerp.addons.base.tests.test_orm: Starting TestInherits.test_copy ... 
2026-02-09 10:27:54,512 1 INFO betopiaerp betopiaerp.addons.base.tests.test_orm: Starting TestInherits.test_copy_with_ancestor ... 
2026-02-09 10:27:54,547 1 INFO betopiaerp betopiaerp.addons.base.tests.test_orm: Starting TestInherits.test_create ... 
2026-02-09 10:27:54,563 1 INFO betopiaerp betopiaerp.addons.base.tests.test_orm: Starting TestInherits.test_create_with_ancestor ... 
2026-02-09 10:27:54,580 1 INFO betopiaerp betopiaerp.addons.base.tests.test_orm: Starting TestInherits.test_default ... 
2026-02-09 10:27:54,581 1 INFO betopiaerp betopiaerp.addons.base.tests.test_orm: Starting TestInherits.test_read ... 
2026-02-09 10:27:54,608 1 INFO betopiaerp betopiaerp.addons.base.tests.test_orm: Starting TestInherits.test_write_date ... 
2026-02-09 10:27:54,615 1 INFO betopiaerp betopiaerp.addons.base.models.ir_attachment: filestore gc 3 checked, 3 removed 
2026-02-09 10:27:54,616 1 INFO betopiaerp betopiaerp.addons.base.tests.test_pdf: Starting TestPdf.test_BetopiaERP_pdf_file_reader ... 
2026-02-09 10:27:54,619 1 INFO betopiaerp betopiaerp.addons.base.tests.test_pdf: Starting TestPdf.test_BetopiaERP_pdf_file_reader_with_owner_encryption ... 
2026-02-09 10:27:54,630 1 INFO betopiaerp betopiaerp.addons.base.tests.test_pdf: Starting TestPdf.test_BetopiaERP_pdf_file_writer ... 
2026-02-09 10:27:54,634 1 INFO betopiaerp betopiaerp.addons.base.tests.test_pdf: Starting TestPdf.test_branded_file_writer ... 
2026-02-09 10:27:54,637 1 INFO betopiaerp betopiaerp.addons.base.tests.test_pdf: Starting TestPdf.test_merge_pdf ... 
2026-02-09 10:27:54,641 1 INFO betopiaerp betopiaerp.addons.base.tests.test_pdf: Starting TestPdf.test_reshaping_arabic_text ... 
2026-02-09 10:27:54,643 1 INFO betopiaerp betopiaerp.addons.base.tests.test_pdf: Starting TestPdf.test_reshaping_non_arabic_text ... 
2026-02-09 10:27:54,646 1 INFO betopiaerp betopiaerp.addons.base.models.ir_attachment: filestore gc 0 checked, 0 removed 
2026-02-09 10:27:54,647 1 INFO betopiaerp betopiaerp.addons.base.tests.test_query: Starting QueryTestCase.test_basic_query ... 
2026-02-09 10:27:54,647 1 INFO betopiaerp betopiaerp.addons.base.tests.test_query: Starting QueryTestCase.test_empty_set_result_ids ... 
2026-02-09 10:27:54,648 1 INFO betopiaerp betopiaerp.addons.base.tests.test_query: Starting QueryTestCase.test_long_aliases ... 
2026-02-09 10:27:54,648 1 INFO betopiaerp betopiaerp.addons.base.tests.test_query: Starting QueryTestCase.test_mixed_query_chained_explicit_implicit_joins ... 
2026-02-09 10:27:54,648 1 INFO betopiaerp betopiaerp.addons.base.tests.test_query: Starting QueryTestCase.test_query_chained_explicit_joins ... 
2026-02-09 10:27:54,649 1 INFO betopiaerp betopiaerp.addons.base.tests.test_query: Starting QueryTestCase.test_raise_missing_lhs ... 
2026-02-09 10:27:54,649 1 INFO betopiaerp betopiaerp.addons.base.tests.test_query: Starting QueryTestCase.test_set_result_ids ... 
2026-02-09 10:27:54,649 1 INFO betopiaerp betopiaerp.addons.base.tests.test_query: Starting QueryTestCase.test_table_expression ... 
2026-02-09 10:27:54,650 1 INFO betopiaerp betopiaerp.addons.base.tests.test_query: Starting TestQuery.test_auto ... 
2026-02-09 10:27:54,653 1 INFO betopiaerp betopiaerp.addons.base.tests.test_query: Starting TestQuery.test_records_as_query ... 
2026-02-09 10:27:54,655 1 INFO betopiaerp betopiaerp.addons.base.models.ir_attachment: filestore gc 0 checked, 0 removed 
2026-02-09 10:27:54,656 1 INFO betopiaerp betopiaerp.addons.base.tests.test_qweb_field: Starting TestQwebFieldTime.test_time_value_to_html ... 
2026-02-09 10:27:54,662 1 INFO betopiaerp betopiaerp.addons.base.models.ir_attachment: filestore gc 0 checked, 0 removed 
2026-02-09 10:27:54,663 1 INFO betopiaerp betopiaerp.addons.base.tests.test_qweb_field: Starting TestQwebFieldInteger.test_integer_value_to_html ... 
2026-02-09 10:27:54,670 1 INFO betopiaerp betopiaerp.addons.base.models.ir_attachment: filestore gc 0 checked, 0 removed 
2026-02-09 10:27:54,671 1 INFO betopiaerp betopiaerp.addons.base.tests.test_qweb_field: Starting TestQwebFieldFloatConverter.test_float_value_to_html_no_precision ... 
2026-02-09 10:27:54,676 1 INFO betopiaerp betopiaerp.addons.base.tests.test_qweb_field: Starting TestQwebFieldFloatConverter.test_float_value_to_html_with_min_precision ... 
2026-02-09 10:27:54,679 1 INFO betopiaerp betopiaerp.addons.base.tests.test_qweb_field: Starting TestQwebFieldFloatConverter.test_float_value_to_html_with_precision ... 
2026-02-09 10:27:54,683 1 INFO betopiaerp betopiaerp.addons.base.tests.test_qweb_field: Starting TestQwebFieldFloatConverter.test_float_value_to_html_with_precision_and_min_precision ... 
2026-02-09 10:27:54,687 1 INFO betopiaerp betopiaerp.addons.base.models.ir_attachment: filestore gc 0 checked, 0 removed 
2026-02-09 10:27:54,690 1 INFO betopiaerp betopiaerp.addons.base.tests.test_qweb_field: Starting TestQwebFieldContact.test_value_to_html_with_website_and_phone ... 
2026-02-09 10:27:54,710 1 INFO betopiaerp betopiaerp.addons.base.tests.test_qweb_field: Starting TestQwebFieldContact.test_value_to_html_without_phone ... 
2026-02-09 10:27:54,730 1 INFO betopiaerp betopiaerp.addons.base.models.ir_attachment: filestore gc 0 checked, 0 removed 
2026-02-09 10:27:54,731 1 INFO betopiaerp betopiaerp.addons.base.tests.test_qweb_field: Starting TestQwebFieldOne2Many.test_one2many_empty ... 
2026-02-09 10:27:54,735 1 INFO betopiaerp betopiaerp.addons.base.tests.test_qweb_field: Starting TestQwebFieldOne2Many.test_one2many_with_values ... 
2026-02-09 10:27:54,741 1 INFO betopiaerp betopiaerp.addons.base.models.ir_attachment: filestore gc 0 checked, 0 removed 
2026-02-09 10:27:54,742 1 INFO betopiaerp betopiaerp.addons.base.tests.test_qweb_field: Starting TestQwebFieldMany2Many.test_many2many_empty ... 
2026-02-09 10:27:54,755 1 INFO betopiaerp betopiaerp.addons.base.tests.test_qweb_field: Starting TestQwebFieldMany2Many.test_many2many_with_values ... 
2026-02-09 10:27:54,773 1 INFO betopiaerp betopiaerp.addons.base.models.ir_attachment: filestore gc 1 checked, 1 removed 
2026-02-09 10:27:54,774 1 INFO betopiaerp betopiaerp.addons.base.tests.test_qweb_field: Starting TestQwebFieldMany2One.test_many2one_empty ... 
2026-02-09 10:27:54,779 1 INFO betopiaerp betopiaerp.addons.base.tests.test_qweb_field: Starting TestQwebFieldMany2One.test_many2one_with_value ... 
2026-02-09 10:27:54,785 1 INFO betopiaerp betopiaerp.addons.base.models.ir_attachment: filestore gc 0 checked, 0 removed 
2026-02-09 10:27:54,785 1 INFO betopiaerp betopiaerp.addons.base.tests.test_res_company: Starting TestCompany.test_check_active ... 
2026-02-09 10:27:54,885 1 INFO betopiaerp betopiaerp.addons.base.tests.test_res_company: Starting TestCompany.test_create_branch_with_default_parent_id ... 
2026-02-09 10:27:54,951 1 INFO betopiaerp betopiaerp.addons.base.tests.test_res_company: Starting TestCompany.test_logo_check ... 
2026-02-09 10:27:55,009 1 INFO betopiaerp betopiaerp.models.unlink: User #1 deleted ir.attachment records with IDs: [2294] 
2026-02-09 10:27:55,020 1 INFO betopiaerp betopiaerp.addons.base.models.ir_attachment: filestore gc 3 checked, 2 removed 
2026-02-09 10:27:55,021 1 INFO betopiaerp betopiaerp.addons.base.tests.test_res_config: Starting TestResConfig.test_00_get_option_path ... 
2026-02-09 10:27:55,024 1 INFO betopiaerp betopiaerp.addons.base.tests.test_res_config: Starting TestResConfig.test_10_get_option_name ... 
2026-02-09 10:27:55,027 1 INFO betopiaerp betopiaerp.addons.base.tests.test_res_config: Starting TestResConfig.test_20_get_config_warning ... 
2026-02-09 10:27:55,031 1 INFO betopiaerp betopiaerp.addons.base.tests.test_res_config: Starting TestResConfig.test_30_get_config_warning_wo_menu ... 
2026-02-09 10:27:55,033 1 INFO betopiaerp betopiaerp.addons.base.tests.test_res_config: Starting TestResConfig.test_40_view_expected_architecture ... 
2026-02-09 10:27:55,047 1 INFO betopiaerp betopiaerp.addons.base.tests.test_res_config: Starting TestResConfig.test_50_view_expected_architecture_t_node_groups ... 
2026-02-09 10:27:55,066 1 INFO betopiaerp betopiaerp.addons.base.models.ir_attachment: filestore gc 0 checked, 0 removed 
2026-02-09 10:27:55,067 1 INFO betopiaerp betopiaerp.addons.base.tests.test_res_currency: Starting TestResCurrency.test_currency_cache ... 
2026-02-09 10:27:55,087 1 INFO betopiaerp betopiaerp.addons.base.tests.test_res_currency: Starting TestResCurrency.test_res_currency_name_search ... 
2026-02-09 10:27:55,101 1 INFO betopiaerp betopiaerp.addons.base.tests.test_res_currency: Starting TestResCurrency.test_view_company_rate_label ... 
2026-02-09 10:27:55,222 1 INFO betopiaerp betopiaerp.addons.base.models.ir_attachment: filestore gc 0 checked, 0 removed 
2026-02-09 10:27:55,223 1 INFO betopiaerp betopiaerp.addons.base.tests.test_res_lang: Starting test_res_lang.test_00_intersperse ... 
2026-02-09 10:27:55,225 1 INFO betopiaerp betopiaerp.addons.base.tests.test_res_lang: Starting test_res_lang.test_get_data ... 
2026-02-09 10:27:56,329 1 INFO betopiaerp betopiaerp.addons.base.tests.test_res_lang: Query count less than expected for user __system__: 0 < 2 in test_get_data at /opt/betopiaerp/betopiaerp/addons/base/tests/test_res_lang.py:100 
2026-02-09 10:27:56,330 1 INFO betopiaerp betopiaerp.addons.base.tests.test_res_lang: Starting test_res_lang.test_inactive_users_lang_deactivation ... 
2026-02-09 10:27:56,363 1 INFO betopiaerp betopiaerp.addons.base.tests.test_res_lang: Starting test_res_lang.test_lang_url_code_shortening ... 
2026-02-09 10:27:56,382 1 INFO betopiaerp betopiaerp.addons.base.models.ir_attachment: filestore gc 1 checked, 1 removed 
2026-02-09 10:27:56,412 1 INFO betopiaerp betopiaerp.addons.base.tests.test_res_partner: Starting TestPartner.test_archive_internal_partners ... 
2026-02-09 10:27:56,444 1 INFO betopiaerp betopiaerp.addons.base.tests.test_res_partner: Starting TestPartner.test_display_name_translation ... 
2026-02-09 10:27:56,449 1 INFO betopiaerp betopiaerp.addons.base.models.ir_module: module base: loading translation file /opt/betopiaerp/betopiaerp/addons/base/i18n/fr.po for language fr_FR 
2026-02-09 10:27:57,243 1 INFO betopiaerp betopiaerp.addons.base.tests.test_res_partner: Starting TestPartner.test_email_formatted ... 
2026-02-09 10:27:57,262 1 INFO betopiaerp betopiaerp.addons.base.tests.test_res_partner: Starting TestPartner.test_find_or_create ... 
2026-02-09 10:27:57,276 1 INFO betopiaerp betopiaerp.addons.base.tests.test_res_partner: Starting TestPartner.test_is_public ... 
2026-02-09 10:27:57,281 1 INFO betopiaerp betopiaerp.addons.base.tests.test_res_partner: Starting TestPartner.test_lang_computation_code ... 
2026-02-09 10:27:57,296 1 INFO betopiaerp betopiaerp.addons.base.tests.test_res_partner: Starting TestPartner.test_main_user_id ... 
2026-02-09 10:27:57,321 1 INFO betopiaerp betopiaerp.addons.base.tests.test_res_partner: Starting TestPartner.test_name_create ... 
2026-02-09 10:27:57,332 1 INFO betopiaerp betopiaerp.addons.base.tests.test_res_partner: Starting TestPartner.test_name_search ... 
2026-02-09 10:27:57,340 1 INFO betopiaerp betopiaerp.addons.base.tests.test_res_partner: Starting TestPartner.test_name_search_with_user ... 
2026-02-09 10:27:57,370 1 INFO betopiaerp betopiaerp.addons.base.models.ir_rule: Access Denied by record rules for operation: read on record ids: [1847], uid: 3, model: res.partner 
2026-02-09 10:27:57,378 1 INFO betopiaerp betopiaerp.addons.base.tests.test_res_partner: Starting TestPartner.test_partner_merge_wizard_dst_partner_id ... 
2026-02-09 10:27:57,384 1 INFO betopiaerp betopiaerp.addons.base.models.ir_attachment: filestore gc 4 checked, 4 removed 
2026-02-09 10:27:57,414 1 INFO betopiaerp betopiaerp.addons.base.tests.test_res_partner: Starting TestPartnerAddressCompany.test_accessibility_of_company_partner_from_branch ... 
2026-02-09 10:27:57,497 1 INFO betopiaerp betopiaerp.addons.base.tests.test_res_partner: Starting TestPartnerAddressCompany.test_address ... 
2026-02-09 10:27:57,529 1 INFO betopiaerp betopiaerp.addons.base.tests.test_res_partner: Starting TestPartnerAddressCompany.test_address_first_contact_sync ... 
2026-02-09 10:27:57,557 1 INFO betopiaerp betopiaerp.addons.base.tests.test_res_partner: Starting TestPartnerAddressCompany.test_address_get ... 
2026-02-09 10:27:57,575 1 INFO betopiaerp betopiaerp.addons.base.tests.test_res_partner: Starting TestPartnerAddressCompany.test_address_parent_company_creation ... 
2026-02-09 10:27:57,592 1 INFO betopiaerp betopiaerp.addons.base.tests.test_res_partner: Starting TestPartnerAddressCompany.test_commercial_field_sync ... 
2026-02-09 10:27:57,618 1 INFO betopiaerp betopiaerp.addons.base.tests.test_res_partner: Starting TestPartnerAddressCompany.test_commercial_field_sync_reset ... 
2026-02-09 10:27:57,627 1 INFO betopiaerp betopiaerp.addons.base.tests.test_res_partner: Starting TestPartnerAddressCompany.test_commercial_partner_nullcompany ... 
2026-02-09 10:27:57,644 1 INFO betopiaerp betopiaerp.addons.base.tests.test_res_partner: Starting TestPartnerAddressCompany.test_company_change_propagation ... 
2026-02-09 10:27:57,775 1 INFO betopiaerp betopiaerp.addons.base.tests.test_res_partner: Starting TestPartnerAddressCompany.test_company_dependent_commercial_sync ... 
2026-02-09 10:27:57,880 1 INFO betopiaerp betopiaerp.addons.base.tests.test_res_partner: Starting TestPartnerAddressCompany.test_company_dependent_commercial_sync_falsy_fields ... 
2026-02-09 10:27:57,941 1 INFO betopiaerp betopiaerp.addons.base.tests.test_res_partner: Starting TestPartnerAddressCompany.test_display_address_missing_key ... 
2026-02-09 10:27:57,947 1 INFO betopiaerp betopiaerp.addons.base.tests.test_res_partner: Starting TestPartnerAddressCompany.test_display_name ... 
2026-02-09 10:27:57,955 1 INFO betopiaerp betopiaerp.addons.base.models.ir_attachment: filestore gc 3 checked, 3 removed 
2026-02-09 10:27:57,955 1 INFO betopiaerp betopiaerp.addons.base.tests.test_res_partner: Starting TestPartnerRecursion.test_100_res_partner_recursion ... 
2026-02-09 10:27:57,963 1 INFO betopiaerp betopiaerp.addons.base.tests.test_res_partner: Starting TestPartnerRecursion.test_101_res_partner_recursion ... 
2026-02-09 10:27:57,973 1 INFO betopiaerp betopiaerp.addons.base.tests.test_res_partner: Starting TestPartnerRecursion.test_102_res_partner_recursion ... 
2026-02-09 10:27:57,984 1 INFO betopiaerp betopiaerp.addons.base.tests.test_res_partner: Starting TestPartnerRecursion.test_103_res_partner_recursion ... 
2026-02-09 10:27:57,995 1 INFO betopiaerp betopiaerp.addons.base.tests.test_res_partner: Starting TestPartnerRecursion.test_104_res_partner_recursion_indirect_cycle ... 
2026-02-09 10:27:58,009 1 INFO betopiaerp betopiaerp.addons.base.tests.test_res_partner: Starting TestPartnerRecursion.test_105_res_partner_recursion ... 
2026-02-09 10:27:58,021 1 INFO betopiaerp betopiaerp.addons.base.tests.test_res_partner: Starting TestPartnerRecursion.test_110_res_partner_recursion_multi_update ... 
2026-02-09 10:27:58,029 1 INFO betopiaerp betopiaerp.addons.base.tests.test_res_partner: Starting TestPartnerRecursion.test_111_res_partner_recursion_infinite_loop ... 
2026-02-09 10:27:58,051 1 INFO betopiaerp betopiaerp.addons.base.models.ir_attachment: filestore gc 0 checked, 0 removed 
2026-02-09 10:27:58,052 1 INFO betopiaerp betopiaerp.addons.base.tests.test_res_partner: Starting TestPartnerCategory.test_name_search ... 
2026-02-09 10:27:58,056 1 INFO betopiaerp betopiaerp.addons.base.models.ir_attachment: filestore gc 0 checked, 0 removed 
2026-02-09 10:27:58,074 1 INFO betopiaerp betopiaerp.addons.base.tests.test_res_partner_bank: Starting TestResPartnerBank.test_sanitized_acc_number ... 
2026-02-09 10:27:58,084 1 INFO betopiaerp betopiaerp.addons.base.models.ir_attachment: filestore gc 1 checked, 1 removed 
2026-02-09 10:27:58,085 1 INFO betopiaerp betopiaerp.addons.base.tests.test_res_partner_merge: Starting TestMergePartner.test_merge_partners_with_duplicate_bank_accounts ... 
2026-02-09 10:27:58,098 1 INFO betopiaerp betopiaerp.addons.base.partner.merge: dst_partner: 1947 
2026-02-09 10:27:58,131 1 INFO betopiaerp betopiaerp.addons.base.partner.merge: (uid = 1) merged the partners [1946, 1948] with 1947 
2026-02-09 10:27:58,136 1 INFO betopiaerp betopiaerp.models.unlink: User #1 deleted res.partner records with IDs: [1946, 1948] 
2026-02-09 10:27:58,139 1 INFO betopiaerp betopiaerp.addons.base.tests.test_res_partner_merge: Starting TestMergePartner.test_merge_partners_with_duplicate_bank_accounts_with_destination ... 
2026-02-09 10:27:58,152 1 INFO betopiaerp betopiaerp.addons.base.partner.merge: dst_partner: 1949 
2026-02-09 10:27:58,187 1 INFO betopiaerp betopiaerp.addons.base.partner.merge: (uid = 1) merged the partners [1951] with 1949 
2026-02-09 10:27:58,192 1 INFO betopiaerp betopiaerp.models.unlink: User #1 deleted res.partner records with IDs: [1951] 
2026-02-09 10:27:58,194 1 INFO betopiaerp betopiaerp.addons.base.tests.test_res_partner_merge: Starting TestMergePartner.test_merge_partners_with_peon_user ... 
2026-02-09 10:27:58,233 1 INFO betopiaerp betopiaerp.addons.base.models.ir_model: Access Denied by ACLs for operation: write, uid: 453, model: res.partner.bank 
2026-02-09 10:27:58,248 1 INFO betopiaerp betopiaerp.addons.base.partner.merge: dst_partner: 1953 
2026-02-09 10:27:58,292 1 INFO betopiaerp betopiaerp.addons.base.partner.merge: (uid = 453) merged the partners [1952, 1954] with 1953 
2026-02-09 10:27:58,297 1 INFO betopiaerp betopiaerp.models.unlink: User #453 deleted res.partner records with IDs: [1952, 1954] 
2026-02-09 10:27:58,299 1 INFO betopiaerp betopiaerp.addons.base.tests.test_res_partner_merge: Starting TestMergePartner.test_merge_partners_with_references ... 
2026-02-09 10:27:58,311 1 INFO betopiaerp betopiaerp.addons.base.partner.merge: dst_partner: 1956 
2026-02-09 10:27:58,335 1 INFO betopiaerp betopiaerp.addons.base.partner.merge: (uid = 1) merged the partners [1957] with 1956 
2026-02-09 10:27:58,339 1 INFO betopiaerp betopiaerp.models.unlink: User #1 deleted res.partner records with IDs: [1957] 
2026-02-09 10:27:58,341 1 INFO betopiaerp betopiaerp.addons.base.tests.test_res_partner_merge: Starting TestMergePartner.test_merge_partners_with_unique_bank_accounts ... 
2026-02-09 10:27:58,351 1 INFO betopiaerp betopiaerp.addons.base.partner.merge: dst_partner: 1959 
2026-02-09 10:27:58,375 1 INFO betopiaerp betopiaerp.addons.base.partner.merge: (uid = 1) merged the partners [1960] with 1959 
2026-02-09 10:27:58,380 1 INFO betopiaerp betopiaerp.models.unlink: User #1 deleted res.partner records with IDs: [1960] 
2026-02-09 10:27:58,382 1 INFO betopiaerp betopiaerp.addons.base.tests.test_res_partner_merge: Starting TestMergePartner.test_merge_partners_without_bank_accounts ... 
2026-02-09 10:27:58,398 1 INFO betopiaerp betopiaerp.addons.base.partner.merge: dst_partner: 1965 
2026-02-09 10:27:58,424 1 INFO betopiaerp betopiaerp.addons.base.partner.merge: (uid = 1) merged the partners [1966] with 1965 
2026-02-09 10:27:58,429 1 INFO betopiaerp betopiaerp.models.unlink: User #1 deleted res.partner records with IDs: [1966] 
2026-02-09 10:27:58,431 1 INFO betopiaerp betopiaerp.addons.base.models.ir_attachment: filestore gc 1 checked, 1 removed 
2026-02-09 10:27:58,463 1 INFO betopiaerp betopiaerp.addons.base.tests.test_res_users: Starting TestUsers.test_change_user_company ... 
2026-02-09 10:27:58,581 1 INFO betopiaerp betopiaerp.addons.base.tests.test_res_users: Starting TestUsers.test_context_get_lang ... 
2026-02-09 10:27:58,608 1 INFO betopiaerp betopiaerp.addons.base.tests.test_res_users: Starting TestUsers.test_deactivate_portal_users_access ... 
2026-02-09 10:27:58,612 1 INFO betopiaerp betopiaerp.addons.base.tests.test_res_users: Starting TestUsers.test_deactivate_portal_users_archive_and_remove ... 
2026-02-09 10:27:58,631 1 INFO betopiaerp betopiaerp.addons.base.models.res_users: Account deletion asked for "portal_user" (#459) from n/a. Archive the user and remove login information. 
2026-02-09 10:27:58,632 1 INFO betopiaerp betopiaerp.addons.base.models.res_users: Account deletion asked for "portal_user_2" (#460) from n/a. Archive the user and remove login information. 
2026-02-09 10:27:58,647 1 INFO betopiaerp betopiaerp.addons.base.models.ir_cron: Job 'Base: Portal Users Deletion' (2) starting 
2026-02-09 10:27:58,677 1 INFO betopiaerp betopiaerp.models.unlink: User #1 deleted res.users records with IDs: [459] 
2026-02-09 10:27:58,685 1 INFO betopiaerp betopiaerp.models.unlink: User #1 deleted res.partner records with IDs: [1974] 
2026-02-09 10:27:58,693 1 INFO betopiaerp betopiaerp.tests.common: Skipping signal changes during tests 
2026-02-09 10:27:58,694 1 INFO betopiaerp betopiaerp.addons.base.models.ir_cron: Job 'Base: Portal Users Deletion' (2) fully done (#loop 1; done 2; remaining 0; duration 0.05s) 
2026-02-09 10:27:58,697 1 INFO betopiaerp betopiaerp.addons.base.tests.test_res_users: Starting TestUsers.test_delete_public_user ... 
2026-02-09 10:27:58,702 1 INFO betopiaerp betopiaerp.addons.base.tests.test_res_users: Starting TestUsers.test_name_search ... 
2026-02-09 10:27:58,732 1 INFO betopiaerp betopiaerp.addons.base.tests.test_res_users: Starting TestUsers.test_session_non_existing_user ... 
2026-02-09 10:27:58,733 1 INFO betopiaerp betopiaerp.addons.base.tests.test_res_users: Starting TestUsers.test_user_home_action_restriction ... 
2026-02-09 10:27:58,757 1 INFO betopiaerp betopiaerp.addons.base.tests.test_res_users: Starting TestUsers.test_user_partner ... 
2026-02-09 10:27:58,849 1 INFO betopiaerp betopiaerp.addons.base.tests.test_res_users: Starting TestUsers.test_user_self_update ... 
2026-02-09 10:27:58,868 1 INFO betopiaerp betopiaerp.addons.base.models.ir_attachment: filestore gc 8 checked, 8 removed 
2026-02-09 10:27:58,869 1 INFO betopiaerp betopiaerp.addons.base.tests.test_res_users: Starting TestUsersTweaks.test_superuser ... 
2026-02-09 10:27:58,872 1 INFO betopiaerp betopiaerp.addons.base.models.ir_attachment: filestore gc 0 checked, 0 removed 
2026-02-09 10:27:58,873 1 INFO betopiaerp betopiaerp.addons.base.tests.test_search: Starting test_search.test_00_search_order ... 
2026-02-09 10:27:58,902 1 INFO betopiaerp betopiaerp.addons.base.tests.test_search: Starting test_search.test_10_inherits_m2order ... 
2026-02-09 10:27:58,961 1 INFO betopiaerp betopiaerp.addons.base.tests.test_search: Starting test_search.test_11_indirect_inherits_m2o_order ... 
2026-02-09 10:27:59,024 1 INFO betopiaerp betopiaerp.addons.base.tests.test_search: Starting test_search.test_12_m2o_order_loop_self ... 
2026-02-09 10:27:59,031 1 INFO betopiaerp betopiaerp.addons.base.tests.test_search: Starting test_search.test_13_m2o_order_loop_multi ... 
2026-02-09 10:27:59,092 1 INFO betopiaerp betopiaerp.addons.base.tests.test_search: Starting test_search.test_20_x_active ... 
2026-02-09 10:27:59,142 1 INFO betopiaerp betopiaerp.addons.base.tests.test_search: Starting test_search.test_21_search_count ... 
2026-02-09 10:27:59,151 1 INFO betopiaerp betopiaerp.addons.base.tests.test_search: Starting test_search.test_22_like_folding ... 
2026-02-09 10:27:59,154 1 INFO betopiaerp betopiaerp.addons.base.models.ir_attachment: filestore gc 9 checked, 9 removed 
2026-02-09 10:27:59,564 1 INFO betopiaerp betopiaerp.addons.base.tests.test_signature: Starting TestSignature.test_BetopiaERP_pdf_signer ... 
2026-02-09 10:27:59,579 1 INFO betopiaerp betopiaerp.addons.base.models.ir_attachment: filestore gc 0 checked, 0 removed 
2026-02-09 10:27:59,580 1 INFO betopiaerp betopiaerp.addons.base.tests.test_split_table: Starting TestSplitTable.test_split_table ... 
2026-02-09 10:27:59,610 1 INFO betopiaerp betopiaerp.addons.base.models.ir_attachment: filestore gc 0 checked, 0 removed 
2026-02-09 10:27:59,611 1 INFO betopiaerp betopiaerp.addons.base.tests.test_sql: Starting TestSQL.test_complex_sql ... 
2026-02-09 10:27:59,611 1 INFO betopiaerp betopiaerp.addons.base.tests.test_sql: Starting TestSQL.test_escape_percent ... 
2026-02-09 10:27:59,612 1 INFO betopiaerp betopiaerp.addons.base.tests.test_sql: Starting TestSQL.test_sql_bool ... 
2026-02-09 10:27:59,612 1 INFO betopiaerp betopiaerp.addons.base.tests.test_sql: Starting TestSQL.test_sql_empty ... 
2026-02-09 10:27:59,613 1 INFO betopiaerp betopiaerp.addons.base.tests.test_sql: Starting TestSQL.test_sql_equality ... 
2026-02-09 10:27:59,613 1 INFO betopiaerp betopiaerp.addons.base.tests.test_sql: Starting TestSQL.test_sql_hash ... 
2026-02-09 10:27:59,613 1 INFO betopiaerp betopiaerp.addons.base.tests.test_sql: Starting TestSQL.test_sql_idempotence ... 
2026-02-09 10:27:59,613 1 INFO betopiaerp betopiaerp.addons.base.tests.test_sql: Starting TestSQL.test_sql_identifier ... 
2026-02-09 10:27:59,614 1 INFO betopiaerp betopiaerp.addons.base.tests.test_sql: Starting TestSQL.test_sql_join ... 
2026-02-09 10:27:59,614 1 INFO betopiaerp betopiaerp.addons.base.tests.test_sql: Starting TestSQL.test_sql_with_literal_parameters ... 
2026-02-09 10:27:59,614 1 INFO betopiaerp betopiaerp.addons.base.tests.test_sql: Starting TestSQL.test_sql_with_named_parameters ... 
2026-02-09 10:27:59,615 1 INFO betopiaerp betopiaerp.addons.base.tests.test_sql: Starting TestSQL.test_sql_with_no_parameter ... 
2026-02-09 10:27:59,615 1 INFO betopiaerp betopiaerp.addons.base.tests.test_sql: Starting TestSQL.test_sql_with_sql_parameters ... 
2026-02-09 10:27:59,615 1 INFO betopiaerp betopiaerp.addons.base.tests.test_sql: Starting TestSQL.test_sql_with_wrong_pattern ... 
2026-02-09 10:27:59,616 1 INFO betopiaerp betopiaerp.addons.base.tests.test_sql: Starting TestSqlTools.test_add_constraint ... 
2026-02-09 10:27:59,619 1 INFO betopiaerp betopiaerp.addons.base.tests.test_sql: Starting TestSqlTools.test_add_index ... 
2026-02-09 10:27:59,623 1 INFO betopiaerp betopiaerp.addons.base.tests.test_sql: Starting TestSqlTools.test_add_index_escape ... 
2026-02-09 10:27:59,627 1 INFO betopiaerp betopiaerp.addons.base.models.ir_attachment: filestore gc 0 checked, 0 removed 
2026-02-09 10:27:59,628 1 INFO betopiaerp betopiaerp.addons.base.tests.test_test_retry: Starting TestRetry.test_log_levels ... 
2026-02-09 10:27:59,628 1 INFO betopiaerp betopiaerp.addons.base.tests.test_test_retry: test info 
2026-02-09 10:27:59,628 1 INFO betopiaerp betopiaerp.addons.base.tests.test_test_retry: Starting TestRetry.test_retry_success ... 
2026-02-09 10:27:59,629 1 INFO betopiaerp betopiaerp.addons.base.tests.test_test_retry: Starting TestRetryTraceback.test_retry_traceback_success ... 
2026-02-09 10:27:59,629 1 INFO betopiaerp betopiaerp.addons.base.tests.test_test_retry: Starting TestRetryTracebackArg.test_retry_traceback_args_success ... 
2026-02-09 10:27:59,630 1 INFO betopiaerp betopiaerp.addons.base.tests.test_test_retry: Starting TestRetryRollbackedCursor.test_broken_cursor ... 
2026-02-09 10:27:59,632 1 INFO betopiaerp betopiaerp.addons.base.models.ir_attachment: filestore gc 0 checked, 0 removed 
2026-02-09 10:27:59,633 1 INFO betopiaerp betopiaerp.addons.base.tests.test_test_retry: Starting TestRetryCommitedCursor.test_broken_cursor ... 
2026-02-09 10:27:59,634 1 INFO betopiaerp betopiaerp.addons.base.models.ir_attachment: filestore gc 0 checked, 0 removed 
2026-02-09 10:27:59,635 1 INFO betopiaerp betopiaerp.addons.base.tests.test_test_retry: Starting TestRetryRollbackedCursorError.test_broken_cursor ... 
2026-02-09 10:27:59,636 1 INFO betopiaerp betopiaerp.addons.base.models.ir_attachment: filestore gc 0 checked, 0 removed 
2026-02-09 10:27:59,637 1 INFO betopiaerp betopiaerp.addons.base.tests.test_test_retry: Starting TestRetryCommitedCursorError.test_broken_cursor ... 
2026-02-09 10:27:59,638 1 INFO betopiaerp betopiaerp.addons.base.models.ir_attachment: filestore gc 0 checked, 0 removed 
2026-02-09 10:27:59,639 1 INFO betopiaerp betopiaerp.addons.base.tests.test_test_retry: Starting TestRetrySubtest.test_retry_subtest_success_all ... 
2026-02-09 10:27:59,639 1 INFO betopiaerp betopiaerp.addons.base.tests.test_test_retry: Starting TestRetrySubtest.test_retry_subtest_success_one ... 
2026-02-09 10:27:59,640 1 INFO betopiaerp betopiaerp.addons.base.tests.test_test_suite: Starting TestTestSuite.test_test_suite ... 
2026-02-09 10:27:59,640 1 INFO betopiaerp betopiaerp.addons.base.tests.test_test_suite: Starting TestRunnerLogging.test_assertQueryCount ... 
2026-02-09 10:27:59,661 1 INFO betopiaerp betopiaerp.addons.base.tests.test_test_suite: ====================================================================== 
2026-02-09 10:27:59,661 1 ERROR betopiaerp betopiaerp.addons.base.tests.test_test_suite: ERROR: TestRunnerLogging.test_assertQueryCount
AssertionError: Key `msg` did not matched expected:
  FAIL: Subtest TestRunnerLogging.test_assertQueryCount (<subtest>)
  Traceback (most recent call last):
    File "/root_path/BetopiaERP/betopiaerp/addons/base/tests/test_test_suite.py", line $line, in test_assertQueryCount
      with self.assertQueryCount(system=0):
    File "/usr/lib/python/contextlib.py", line $line, in __exit__
      next(self.gen)
    File "/root_path/BetopiaERP/betopiaerp/tests/common.py", line $line, in assertQueryCount
      self.fail(msg % (login, count, expected, funcname, filename, linenum))
- AssertionError: Query count more than expected for user __system__: 1 > 0 in test_assertQueryCount at base/tests/test_test_suite.py:$line
+ AssertionError: Query count more than expected for user __system__: 1 > 0 in test_assertQueryCount at /opt/betopiaerp/betopiaerp/addons/base/tests/test_test_suite.py:$line
?                                                                                                       ++++++++++++++++++++++++++++++++++

 
2026-02-09 10:27:59,662 1 INFO betopiaerp betopiaerp.addons.base.tests.test_test_suite: Starting TestRunnerLogging.test_assertQueryCount_with_decorators ... 
2026-02-09 10:27:59,684 1 INFO betopiaerp betopiaerp.addons.base.tests.test_test_suite: Starting TestRunnerLogging.test_call_stack ... 
2026-02-09 10:27:59,686 1 INFO betopiaerp betopiaerp.addons.base.tests.test_test_suite: Starting TestRunnerLogging.test_call_stack_context_manager ... 
2026-02-09 10:27:59,689 1 INFO betopiaerp betopiaerp.addons.base.tests.test_test_suite: Starting TestRunnerLogging.test_call_stack_subtest ... 
2026-02-09 10:27:59,691 1 INFO betopiaerp betopiaerp.addons.base.tests.test_test_suite: Starting TestRunnerLogging.test_handle_error ... 
2026-02-09 10:27:59,695 1 INFO betopiaerp betopiaerp.addons.base.tests.test_test_suite: Starting TestRunnerLogging.test_has_add_error ... 
2026-02-09 10:27:59,696 1 INFO betopiaerp betopiaerp.addons.base.tests.test_test_suite: Starting TestRunnerLogging.test_raise ... 
2026-02-09 10:27:59,698 1 INFO betopiaerp betopiaerp.addons.base.tests.test_test_suite: Starting TestRunnerLogging.test_raise_subtest ... 
2026-02-09 10:27:59,702 1 INFO betopiaerp betopiaerp.addons.base.tests.test_test_suite: Starting TestRunnerLogging.test_reraise ... 
2026-02-09 10:27:59,704 1 INFO betopiaerp betopiaerp.addons.base.tests.test_test_suite: Starting TestRunnerLogging.test_subtest_sub_call ... 
2026-02-09 10:27:59,706 1 INFO betopiaerp betopiaerp.addons.base.tests.test_test_suite: Starting TestRunnerLogging.test_traverse_contextmanager ... 
2026-02-09 10:27:59,708 1 INFO betopiaerp betopiaerp.addons.base.tests.test_test_suite: Starting TestRunnerLogging.test_with_decorators ... 
2026-02-09 10:27:59,713 1 INFO betopiaerp betopiaerp.addons.base.models.ir_attachment: filestore gc 0 checked, 0 removed 
2026-02-09 10:27:59,714 1 INFO betopiaerp betopiaerp.addons.base.tests.test_test_suite: Starting TestRunnerLoggingSetup.test_raises_setup ... 
2026-02-09 10:27:59,719 1 INFO betopiaerp betopiaerp.addons.base.models.ir_attachment: filestore gc 0 checked, 0 removed 
2026-02-09 10:27:59,720 1 INFO betopiaerp betopiaerp.addons.base.tests.test_test_suite: Starting TestRunnerLoggingTeardown.test_raises_teardown ... 
2026-02-09 10:27:59,732 1 INFO betopiaerp betopiaerp.addons.base.models.ir_attachment: filestore gc 0 checked, 0 removed 
2026-02-09 10:27:59,732 1 INFO betopiaerp betopiaerp.addons.base.tests.test_test_suite: Starting TestSubtests.test_nested_subtests ... 
2026-02-09 10:27:59,733 1 INFO betopiaerp betopiaerp.tests.suite: skipped setUpClass (betopiaerp.addons.base.tests.test_test_suite.TestClassSetup) : Skip this class 
2026-02-09 10:27:59,733 1 INFO betopiaerp betopiaerp.addons.base.tests.test_test_suite: Starting TestClassTeardown.test_method ... 
2026-02-09 10:27:59,733 1 INFO betopiaerp betopiaerp.tests.suite: skipped tearDownClass (betopiaerp.addons.base.tests.test_test_suite.TestClassTeardown) : Skip this class 
2026-02-09 10:27:59,734 1 INFO betopiaerp betopiaerp.addons.base.tests.test_test_suite: Starting Test01ClassCleanups.test_dummy ... 
2026-02-09 10:27:59,734 1 INFO betopiaerp betopiaerp.addons.base.tests.test_test_suite: Starting Test02ClassCleanupsCheck.test_classcleanups ... 
2026-02-09 10:27:59,734 1 INFO betopiaerp betopiaerp.addons.base.tests.test_test_suite: Starting TestSkipMethof.test_skip_method ... 
2026-02-09 10:27:59,735 1 INFO betopiaerp betopiaerp.addons.base.tests.test_test_suite: skipped TestSkipMethof.test_skip_method :  
2026-02-09 10:27:59,735 1 INFO betopiaerp betopiaerp.addons.base.tests.test_test_suite: Starting TestRegistryRLock.test_registry_rlock_count ... 
2026-02-09 10:27:59,736 1 INFO betopiaerp betopiaerp.addons.base.tests.test_tests_tags: Starting TestSetTags.test_inheritance ... 
2026-02-09 10:27:59,737 1 INFO betopiaerp betopiaerp.addons.base.tests.test_tests_tags: Starting TestSetTags.test_parental_advisory ... 
2026-02-09 10:27:59,737 1 INFO betopiaerp betopiaerp.addons.base.tests.test_tests_tags: Starting TestSetTags.test_set_tags_empty ... 
2026-02-09 10:27:59,738 1 INFO betopiaerp betopiaerp.addons.base.tests.test_tests_tags: Starting TestSetTags.test_set_tags_multiple_tags ... 
2026-02-09 10:27:59,739 1 INFO betopiaerp betopiaerp.addons.base.tests.test_tests_tags: Starting TestSetTags.test_set_tags_not_decorated ... 
2026-02-09 10:27:59,740 1 INFO betopiaerp betopiaerp.addons.base.tests.test_tests_tags: Starting TestSetTags.test_set_tags_single_tag ... 
2026-02-09 10:27:59,741 1 INFO betopiaerp betopiaerp.addons.base.tests.test_tests_tags: Starting TestSetTags.test_untagging ... 
2026-02-09 10:27:59,742 1 INFO betopiaerp betopiaerp.addons.base.models.ir_attachment: filestore gc 0 checked, 0 removed 
2026-02-09 10:27:59,743 1 INFO betopiaerp betopiaerp.addons.base.tests.test_tests_tags: Starting TestSelector.test_selector_parser ... 
2026-02-09 10:27:59,745 1 INFO betopiaerp betopiaerp.addons.base.models.ir_attachment: filestore gc 0 checked, 0 removed 
2026-02-09 10:27:59,746 1 INFO betopiaerp betopiaerp.addons.base.tests.test_tests_tags: Starting TestSelectorSelection.test_negative_parameters_translate ... 
2026-02-09 10:27:59,747 1 INFO betopiaerp betopiaerp.addons.base.tests.test_tests_tags: Starting TestSelectorSelection.test_selector_parser_parameters ... 
2026-02-09 10:27:59,747 1 INFO betopiaerp betopiaerp.addons.base.tests.test_tests_tags: Starting TestSelectorSelection.test_selector_selection ... 
2026-02-09 10:27:59,749 1 INFO betopiaerp betopiaerp.addons.base.models.ir_attachment: filestore gc 0 checked, 0 removed 
2026-02-09 10:27:59,750 1 INFO betopiaerp betopiaerp.addons.base.tests.test_tests_tags: Starting TestTestClass.test_canonical_tag ... 
2026-02-09 10:27:59,750 1 INFO betopiaerp betopiaerp.addons.base.tests.test_transactions: Starting TestTransactionEnvs.test_transation_envs_ordered ... 
2026-02-09 10:27:59,751 1 INFO betopiaerp betopiaerp.addons.base.tests.test_transactions: Starting TestTransactionEnvs.test_transation_envs_weakrefs ... 
2026-02-09 10:27:59,752 1 INFO betopiaerp betopiaerp.addons.base.tests.test_transactions: Starting TestTransactionEnvs.test_transation_envs_weakrefs_call ... 
2026-02-09 10:27:59,753 1 INFO betopiaerp betopiaerp.addons.base.tests.test_transactions: Starting TestTransactionEnvs.test_transation_envs_weakrefs_return ... 
2026-02-09 10:27:59,754 1 INFO betopiaerp betopiaerp.addons.base.models.ir_attachment: filestore gc 0 checked, 0 removed 
2026-02-09 10:27:59,755 1 INFO betopiaerp betopiaerp.addons.base.tests.test_translate: Starting TranslationToolsTestCase.test_quote_unquote ... 
2026-02-09 10:27:59,755 1 INFO betopiaerp betopiaerp.addons.base.tests.test_translate: Starting TranslationToolsTestCase.test_translate_html ... 
2026-02-09 10:27:59,756 1 INFO betopiaerp betopiaerp.addons.base.tests.test_translate: Starting TranslationToolsTestCase.test_translate_html_i ... 
2026-02-09 10:27:59,756 1 INFO betopiaerp betopiaerp.addons.base.tests.test_translate: Starting TranslationToolsTestCase.test_translate_html_nbsp ... 
2026-02-09 10:27:59,757 1 INFO betopiaerp betopiaerp.addons.base.tests.test_translate: Starting TranslationToolsTestCase.test_translate_xml_a ... 
2026-02-09 10:27:59,757 1 INFO betopiaerp betopiaerp.addons.base.tests.test_translate: Starting TranslationToolsTestCase.test_translate_xml_attribute ... 
2026-02-09 10:27:59,758 1 INFO betopiaerp betopiaerp.addons.base.tests.test_translate: Starting TranslationToolsTestCase.test_translate_xml_base ... 
2026-02-09 10:27:59,758 1 INFO betopiaerp betopiaerp.addons.base.tests.test_translate: Starting TranslationToolsTestCase.test_translate_xml_fstring ... 
2026-02-09 10:27:59,758 1 INFO betopiaerp betopiaerp.addons.base.tests.test_translate: Starting TranslationToolsTestCase.test_translate_xml_illegal_translations ... 
2026-02-09 10:27:59,759 1 INFO betopiaerp betopiaerp.addons.base.tests.test_translate: Starting TranslationToolsTestCase.test_translate_xml_inline1 ... 
2026-02-09 10:27:59,759 1 INFO betopiaerp betopiaerp.addons.base.tests.test_translate: Starting TranslationToolsTestCase.test_translate_xml_inline2 ... 
2026-02-09 10:27:59,760 1 INFO betopiaerp betopiaerp.addons.base.tests.test_translate: Starting TranslationToolsTestCase.test_translate_xml_inline3 ... 
2026-02-09 10:27:59,760 1 INFO betopiaerp betopiaerp.addons.base.tests.test_translate: Starting TranslationToolsTestCase.test_translate_xml_inline4 ... 
2026-02-09 10:27:59,760 1 INFO betopiaerp betopiaerp.addons.base.tests.test_translate: Starting TranslationToolsTestCase.test_translate_xml_inline5 ... 
2026-02-09 10:27:59,761 1 INFO betopiaerp betopiaerp.addons.base.tests.test_translate: Starting TranslationToolsTestCase.test_translate_xml_invalid_translations ... 
2026-02-09 10:27:59,761 1 INFO betopiaerp betopiaerp.addons.base.tests.test_translate: Starting TranslationToolsTestCase.test_translate_xml_off ... 
2026-02-09 10:27:59,762 1 INFO betopiaerp betopiaerp.addons.base.tests.test_translate: Starting TranslationToolsTestCase.test_translate_xml_t ... 
2026-02-09 10:27:59,762 1 INFO betopiaerp betopiaerp.addons.base.tests.test_translate: Starting TranslationToolsTestCase.test_translate_xml_text ... 
2026-02-09 10:27:59,762 1 INFO betopiaerp betopiaerp.addons.base.tests.test_translate: Starting TranslationToolsTestCase.test_translate_xml_text_entity ... 
2026-02-09 10:27:59,763 1 INFO betopiaerp betopiaerp.addons.base.tests.test_translate: Starting TranslationToolsTestCase.test_translate_xml_unicode ... 
2026-02-09 10:27:59,763 1 INFO betopiaerp betopiaerp.addons.base.tests.test_translate: Starting TranslationToolsTestCase.test_translate_xml_with_namespace ... 
2026-02-09 10:27:59,764 1 INFO betopiaerp betopiaerp.addons.base.tests.test_translate: Starting TestLanguageInstall.test_language_install ... 
2026-02-09 10:27:59,774 1 INFO betopiaerp betopiaerp.addons.base.models.ir_attachment: filestore gc 0 checked, 0 removed 
2026-02-09 10:27:59,779 1 INFO betopiaerp betopiaerp.tools.translate: loading translation file for language fr_FR 
2026-02-09 10:27:59,781 1 INFO betopiaerp betopiaerp.tools.translate: translations are loaded successfully 
2026-02-09 10:27:59,781 1 INFO betopiaerp betopiaerp.addons.base.tests.test_translate: Starting TestTranslation.test_101_create_translated_record ... 
2026-02-09 10:27:59,783 1 INFO betopiaerp betopiaerp.addons.base.tests.test_translate: Starting TestTranslation.test_101_translation_read ... 
2026-02-09 10:27:59,804 1 INFO betopiaerp betopiaerp.models.unlink: User #1 deleted ir.default records with IDs: [1] 
2026-02-09 10:27:59,806 1 INFO betopiaerp betopiaerp.addons.base.tests.test_translate: Starting TestTranslation.test_102_duplicate_record ... 
2026-02-09 10:27:59,811 1 INFO betopiaerp betopiaerp.addons.base.tests.test_translate: Starting TestTranslation.test_103_duplicate_record_fr ... 
2026-02-09 10:27:59,816 1 INFO betopiaerp betopiaerp.addons.base.tests.test_translate: Starting TestTranslation.test_104_orderby_translated_field ... 
2026-02-09 10:27:59,820 1 INFO betopiaerp betopiaerp.addons.base.tests.test_translate: Starting TestTranslation.test_105_duplicate_record_multi_no_en ... 
2026-02-09 10:27:59,833 1 INFO betopiaerp betopiaerp.models.unlink: User #1 deleted ir.default records with IDs: [1] 
2026-02-09 10:27:59,840 1 INFO betopiaerp betopiaerp.addons.base.tests.test_translate: Starting TestTranslation.test_107_duplicate_record_en ... 
2026-02-09 10:27:59,844 1 INFO betopiaerp betopiaerp.addons.base.tests.test_translate: Starting TestTranslation.test_108_search_en ... 
2026-02-09 10:27:59,845 1 INFO betopiaerp betopiaerp.addons.base.tests.test_translate: Starting TestTranslation.test_109_search_fr ... 
2026-02-09 10:27:59,848 1 INFO betopiaerp betopiaerp.addons.base.tests.test_translate: Starting TestTranslation.test_110_search_es ... 
2026-02-09 10:27:59,852 1 INFO betopiaerp betopiaerp.addons.base.tests.test_translate: Starting TestTranslation.test_111_prefetch_langs ... 
2026-02-09 10:27:59,863 1 INFO betopiaerp betopiaerp.models.unlink: User #1 deleted ir.default records with IDs: [1] 
2026-02-09 10:27:59,868 1 INFO betopiaerp betopiaerp.addons.base.models.ir_attachment: filestore gc 0 checked, 0 removed 
2026-02-09 10:27:59,871 1 INFO betopiaerp betopiaerp.addons.base.tests.test_translate: Starting TestTranslationWrite.test_00 ... 
2026-02-09 10:27:59,878 1 INFO betopiaerp betopiaerp.addons.base.tests.test_translate: Starting TestTranslationWrite.test_01_invalid_lang ... 
2026-02-09 10:27:59,887 1 INFO betopiaerp betopiaerp.addons.base.tests.test_translate: Starting TestTranslationWrite.test_03_fr_single ... 
2026-02-09 10:27:59,897 1 INFO betopiaerp betopiaerp.models.unlink: User #1 deleted ir.default records with IDs: [1] 
2026-02-09 10:27:59,900 1 INFO betopiaerp betopiaerp.addons.base.tests.test_translate: Starting TestTranslationWrite.test_04_fr_multi ... 
2026-02-09 10:27:59,902 1 INFO betopiaerp betopiaerp.tools.translate: loading translation file for language fr_FR 
2026-02-09 10:27:59,904 1 INFO betopiaerp betopiaerp.tools.translate: translations are loaded successfully 
2026-02-09 10:27:59,905 1 INFO betopiaerp betopiaerp.addons.base.tests.test_translate: Starting TestTranslationWrite.test_04_fr_multi_no_en ... 
2026-02-09 10:27:59,919 1 INFO betopiaerp betopiaerp.models.unlink: User #1 deleted ir.default records with IDs: [1] 
2026-02-09 10:27:59,923 1 INFO betopiaerp betopiaerp.addons.base.tests.test_translate: Starting TestTranslationWrite.test_05_remove_multi_false ... 
2026-02-09 10:27:59,928 1 INFO betopiaerp betopiaerp.addons.base.tests.test_translate: Starting TestTranslationWrite.test_create_empty_false ... 
2026-02-09 10:27:59,936 1 INFO betopiaerp betopiaerp.addons.base.tests.test_translate: Starting TestTranslationWrite.test_field_selection ... 
2026-02-09 10:27:59,955 1 INFO betopiaerp betopiaerp.addons.base.tests.test_translate: Starting TestTranslationWrite.test_load_views ... 
2026-02-09 10:27:59,959 1 INFO betopiaerp betopiaerp.tools.translate: loading translation file for language fr_FR 
2026-02-09 10:27:59,965 1 INFO betopiaerp betopiaerp.tools.translate: translations are loaded successfully 
2026-02-09 10:27:59,992 1 INFO betopiaerp betopiaerp.addons.base.tests.test_translate: Starting TestTranslationWrite.test_update_field_translations ... 
2026-02-09 10:27:59,999 1 INFO betopiaerp betopiaerp.addons.base.tests.test_translate: Starting TestTranslationWrite.test_update_field_translations_for_empty ... 
2026-02-09 10:28:00,013 1 INFO betopiaerp betopiaerp.addons.base.tests.test_translate: Starting TestTranslationWrite.test_write_empty_and_value ... 
2026-02-09 10:28:00,040 1 INFO betopiaerp betopiaerp.addons.base.models.ir_attachment: filestore gc 0 checked, 0 removed 
2026-02-09 10:28:00,046 1 INFO betopiaerp betopiaerp.addons.base.tests.test_translate: Starting TestXMLTranslation.test_cache_consistency ... 
2026-02-09 10:28:00,057 1 INFO betopiaerp betopiaerp.addons.base.tests.test_translate: Starting TestXMLTranslation.test_copy ... 
2026-02-09 10:28:00,078 1 INFO betopiaerp betopiaerp.addons.base.tests.test_translate: Starting TestXMLTranslation.test_delay_translations ... 
2026-02-09 10:28:00,092 1 INFO betopiaerp betopiaerp.addons.base.tests.test_translate: Starting TestXMLTranslation.test_delay_translations_no_term ... 
2026-02-09 10:28:00,104 1 INFO betopiaerp betopiaerp.addons.base.tests.test_translate: Starting TestXMLTranslation.test_spaces ... 
2026-02-09 10:28:00,110 1 INFO betopiaerp betopiaerp.addons.base.tests.test_translate: Starting TestXMLTranslation.test_sync ... 
2026-02-09 10:28:00,125 1 INFO betopiaerp betopiaerp.addons.base.tests.test_translate: Starting TestXMLTranslation.test_sync_text_to_xml ... 
2026-02-09 10:28:00,135 1 INFO betopiaerp betopiaerp.addons.base.tests.test_translate: Starting TestXMLTranslation.test_sync_xml ... 
2026-02-09 10:28:00,148 1 INFO betopiaerp betopiaerp.addons.base.tests.test_translate: Starting TestXMLTranslation.test_sync_xml_attribute ... 
2026-02-09 10:28:00,159 1 INFO betopiaerp betopiaerp.addons.base.tests.test_translate: Starting TestXMLTranslation.test_sync_xml_close_terms ... 
2026-02-09 10:28:00,168 1 INFO betopiaerp betopiaerp.addons.base.tests.test_translate: Starting TestXMLTranslation.test_sync_xml_collision ... 
2026-02-09 10:28:00,182 1 INFO betopiaerp betopiaerp.addons.base.tests.test_translate: Starting TestXMLTranslation.test_sync_xml_inline_modifiers ... 
2026-02-09 10:28:00,195 1 INFO betopiaerp betopiaerp.addons.base.tests.test_translate: Starting TestXMLTranslation.test_sync_xml_no_en ... 
2026-02-09 10:28:00,211 1 INFO betopiaerp betopiaerp.models.unlink: User #1 deleted ir.default records with IDs: [1] 
2026-02-09 10:28:00,217 1 INFO betopiaerp betopiaerp.addons.base.tests.test_translate: Starting TestXMLTranslation.test_sync_xml_upgrade ... 
2026-02-09 10:28:00,247 1 INFO betopiaerp betopiaerp.addons.base.tests.test_translate: Starting TestXMLTranslation.test_t_call_no_normal_attribute_translation ... 
2026-02-09 10:28:00,264 1 INFO betopiaerp betopiaerp.addons.base.tests.test_translate: Starting TestXMLTranslation.test_update_field_translations ... 
2026-02-09 10:28:00,284 1 INFO betopiaerp betopiaerp.addons.base.tests.test_translate: Starting TestXMLTranslation.test_update_field_translations_empty_str ... 
2026-02-09 10:28:00,294 1 INFO betopiaerp betopiaerp.addons.base.tests.test_translate: Starting TestXMLTranslation.test_update_field_translations_partially ... 
2026-02-09 10:28:00,304 1 INFO betopiaerp betopiaerp.addons.base.tests.test_translate: Starting TestXMLTranslation.test_update_field_translations_source_lang ... 
2026-02-09 10:28:00,316 1 INFO betopiaerp betopiaerp.addons.base.tests.test_translate: Starting TestXMLTranslation.test_update_field_translations_typofix ... 
2026-02-09 10:28:00,335 1 INFO betopiaerp betopiaerp.addons.base.models.ir_attachment: filestore gc 0 checked, 0 removed 
2026-02-09 10:28:00,347 1 INFO betopiaerp betopiaerp.addons.base.tests.test_translate: Starting TestXMLDuplicateTranslations.test_copy ... 
2026-02-09 10:28:00,356 1 INFO betopiaerp betopiaerp.addons.base.tests.test_translate: Starting TestXMLDuplicateTranslations.test_get_field_translations ... 
2026-02-09 10:28:00,358 1 INFO betopiaerp betopiaerp.addons.base.tests.test_translate: Starting TestXMLDuplicateTranslations.test_update_field_translations_again ... 
2026-02-09 10:28:00,370 1 INFO betopiaerp betopiaerp.addons.base.tests.test_translate: Starting TestXMLDuplicateTranslations.test_update_field_translations_result ... 
2026-02-09 10:28:00,372 1 INFO betopiaerp betopiaerp.addons.base.tests.test_translate: Starting TestXMLDuplicateTranslations.test_write ... 
2026-02-09 10:28:00,384 1 INFO betopiaerp betopiaerp.addons.base.models.ir_attachment: filestore gc 0 checked, 0 removed 
2026-02-09 10:28:00,385 1 INFO betopiaerp betopiaerp.addons.base.tests.test_translate: Starting TestHTMLTranslation.test_delay_translations_no_term ... 
2026-02-09 10:28:00,463 1 INFO betopiaerp betopiaerp.addons.base.tests.test_translate: Starting TestHTMLTranslation.test_write_non_existing ... 
2026-02-09 10:28:00,467 1 INFO betopiaerp betopiaerp.addons.base.models.ir_attachment: filestore gc 0 checked, 0 removed 
2026-02-09 10:28:00,467 1 INFO betopiaerp betopiaerp.addons.base.tests.test_translate: Starting TestTranslationTrigramIndexPatterns.test_pattern_conversion ... 
2026-02-09 10:28:00,468 1 INFO betopiaerp betopiaerp.addons.base.tests.test_translate: Starting TestTranslationTrigramIndexPatterns.test_value_conversion ... 
2026-02-09 10:28:00,469 1 INFO betopiaerp betopiaerp.addons.base.tests.test_tz: Starting TestTZ.test_cannot_set_deprecated_timezone ... 
2026-02-09 10:28:00,472 1 INFO betopiaerp betopiaerp.addons.base.tests.test_tz: Starting TestTZ.test_dont_adapt_available_tz ... 
2026-02-09 10:28:00,473 1 INFO betopiaerp betopiaerp.addons.base.tests.test_tz: Starting TestTZ.test_partner_with_old_tz ... 
2026-02-09 10:28:00,478 1 INFO betopiaerp betopiaerp.addons.base.tests.test_tz: Starting TestTZ.test_tz_legacy ... 
2026-02-09 10:28:00,500 1 INFO betopiaerp betopiaerp.addons.base.models.ir_attachment: filestore gc 0 checked, 0 removed 
2026-02-09 10:28:00,501 1 INFO betopiaerp betopiaerp.addons.base.tests.test_user_has_group: Starting TestHasGroup.test_demote_user ... 
2026-02-09 10:28:00,543 1 INFO betopiaerp betopiaerp.addons.base.tests.test_user_has_group: Starting TestHasGroup.test_env_uid ... 
2026-02-09 10:28:00,560 1 INFO betopiaerp betopiaerp.addons.base.tests.test_user_has_group: Starting TestHasGroup.test_has_group_cleared_cache_on_write ... 
2026-02-09 10:28:00,579 1 INFO betopiaerp betopiaerp.addons.base.tests.test_user_has_group: Starting TestHasGroup.test_has_group_with_new_id ... 
2026-02-09 10:28:00,595 1 INFO betopiaerp betopiaerp.addons.base.tests.test_user_has_group: Starting TestHasGroup.test_implied_groups ... 
2026-02-09 10:28:00,649 1 INFO betopiaerp betopiaerp.addons.base.tests.test_user_has_group: Starting TestHasGroup.test_other_user ... 
2026-02-09 10:28:00,682 1 INFO betopiaerp betopiaerp.addons.base.tests.test_user_has_group: Starting TestHasGroup.test_portal_creation ... 
2026-02-09 10:28:00,747 1 INFO betopiaerp betopiaerp.models.unlink: User #1 deleted res.users records with IDs: [490] 
2026-02-09 10:28:00,771 1 INFO betopiaerp betopiaerp.addons.base.tests.test_user_has_group: Starting TestHasGroup.test_portal_write ... 
2026-02-09 10:28:00,814 1 INFO betopiaerp betopiaerp.addons.base.tests.test_user_has_group: Starting TestHasGroup.test_record ... 
2026-02-09 10:28:00,831 1 INFO betopiaerp betopiaerp.addons.base.tests.test_user_has_group: Starting TestHasGroup.test_two_user_types ... 
2026-02-09 10:28:00,892 1 INFO betopiaerp betopiaerp.addons.base.tests.test_user_has_group: Starting TestHasGroup.test_two_user_types_implied_groups ... 
2026-02-09 10:28:00,939 1 INFO betopiaerp betopiaerp.models: Prepare computation of res.users.x_group_names 
2026-02-09 10:28:00,962 1 INFO betopiaerp betopiaerp.models: Prepare computation of res.groups.x_user_names 
2026-02-09 10:28:01,019 1 INFO betopiaerp betopiaerp.addons.base.models.ir_attachment: filestore gc 3 checked, 3 removed 
2026-02-09 10:28:01,020 1 INFO betopiaerp betopiaerp.addons.base.tests.test_views: Starting ViewXMLID.test_model_data_id ... 
2026-02-09 10:28:01,025 1 INFO betopiaerp betopiaerp.addons.base.models.ir_attachment: filestore gc 0 checked, 0 removed 
2026-02-09 10:28:01,027 1 INFO betopiaerp betopiaerp.addons.base.tests.test_views: Starting TestNodeLocator.test_attribute_filter ... 
2026-02-09 10:28:01,030 1 INFO betopiaerp betopiaerp.addons.base.tests.test_views: Starting TestNodeLocator.test_attribute_mismatch ... 
2026-02-09 10:28:01,031 1 INFO betopiaerp betopiaerp.addons.base.tests.test_views: Starting TestNodeLocator.test_match_field ... 
2026-02-09 10:28:01,033 1 INFO betopiaerp betopiaerp.addons.base.tests.test_views: Starting TestNodeLocator.test_match_other ... 
2026-02-09 10:28:01,034 1 INFO betopiaerp betopiaerp.addons.base.tests.test_views: Starting TestNodeLocator.test_match_xpath ... 
2026-02-09 10:28:01,035 1 INFO betopiaerp betopiaerp.addons.base.tests.test_views: Starting TestNodeLocator.test_no_match_field ... 
2026-02-09 10:28:01,036 1 INFO betopiaerp betopiaerp.addons.base.tests.test_views: Starting TestNodeLocator.test_no_match_other ... 
2026-02-09 10:28:01,037 1 INFO betopiaerp betopiaerp.addons.base.tests.test_views: Starting TestNodeLocator.test_no_match_xpath ... 
2026-02-09 10:28:01,038 1 INFO betopiaerp betopiaerp.addons.base.tests.test_views: Starting TestNodeLocator.test_version_mismatch ... 
2026-02-09 10:28:01,041 1 INFO betopiaerp betopiaerp.addons.base.models.ir_attachment: filestore gc 0 checked, 0 removed 
2026-02-09 10:28:01,074 1 INFO betopiaerp betopiaerp.addons.base.tests.test_views: Starting TestViewInheritance.test_broken_hierarchy_locators ... 
2026-02-09 10:28:01,120 1 INFO betopiaerp betopiaerp.addons.base.tests.test_views: Starting TestViewInheritance.test_default_view ... 
2026-02-09 10:28:01,158 1 INFO betopiaerp betopiaerp.addons.base.tests.test_views: Starting TestViewInheritance.test_get_combined_arch_query_count ... 
2026-02-09 10:28:01,219 1 INFO betopiaerp betopiaerp.addons.base.tests.test_views: Query count less than expected for user __system__: 2 < 3 in test_get_combined_arch_query_count at /opt/betopiaerp/betopiaerp/addons/base/tests/test_views.py:317 
2026-02-09 10:28:01,220 1 INFO betopiaerp betopiaerp.addons.base.tests.test_views: Starting TestViewInheritance.test_get_inheriting_views ... 
2026-02-09 10:28:01,260 1 INFO betopiaerp betopiaerp.addons.base.tests.test_views: Starting TestViewInheritance.test_invalid_locators ... 
2026-02-09 10:28:01,301 1 INFO betopiaerp betopiaerp.addons.base.tests.test_views: Starting TestViewInheritance.test_invalid_locators_with_valid_xpath ... 
2026-02-09 10:28:01,360 1 INFO betopiaerp betopiaerp.addons.base.tests.test_views: Starting TestViewInheritance.test_nested_move_invalid_locator ... 
2026-02-09 10:28:01,406 1 INFO betopiaerp betopiaerp.addons.base.tests.test_views: Starting TestViewInheritance.test_no_arch ... 
2026-02-09 10:28:01,443 1 INFO betopiaerp betopiaerp.addons.base.tests.test_views: Starting TestViewInheritance.test_no_default_view ... 
2026-02-09 10:28:01,482 1 INFO betopiaerp betopiaerp.addons.base.tests.test_views: Starting TestViewInheritance.test_no_recursion ... 
2026-02-09 10:28:01,534 1 INFO betopiaerp betopiaerp.addons.base.tests.test_views: Starting TestViewInheritance.test_view_validate_attrs_groups_query_count ... 
2026-02-09 10:28:01,578 1 INFO betopiaerp betopiaerp.addons.base.tests.test_views: Starting TestViewInheritance.test_view_validate_button_action_query_count ... 
2026-02-09 10:28:01,626 1 INFO betopiaerp betopiaerp.addons.base.tests.test_views: Starting TestViewInheritance.test_write_arch ... 
2026-02-09 10:28:01,672 1 INFO betopiaerp betopiaerp.addons.base.models.ir_attachment: filestore gc 1 checked, 1 removed 
2026-02-09 10:28:01,696 1 INFO betopiaerp betopiaerp.addons.base.tests.test_views: Starting TestApplyInheritanceSpecs.test_delete ... 
2026-02-09 10:28:01,701 1 INFO betopiaerp betopiaerp.addons.base.tests.test_views: Starting TestApplyInheritanceSpecs.test_incorrect_version ... 
2026-02-09 10:28:01,704 1 INFO betopiaerp betopiaerp.addons.base.tests.test_views: Starting TestApplyInheritanceSpecs.test_insert_after ... 
2026-02-09 10:28:01,704 1 INFO betopiaerp betopiaerp.addons.base.tests.test_views: Starting TestApplyInheritanceSpecs.test_insert_before ... 
2026-02-09 10:28:01,705 1 INFO betopiaerp betopiaerp.addons.base.tests.test_views: Starting TestApplyInheritanceSpecs.test_insert_inside ... 
2026-02-09 10:28:01,706 1 INFO betopiaerp betopiaerp.addons.base.tests.test_views: Starting TestApplyInheritanceSpecs.test_invalid_position ... 
2026-02-09 10:28:01,710 1 INFO betopiaerp betopiaerp.addons.base.tests.test_views: Starting TestApplyInheritanceSpecs.test_replace_inner ... 
2026-02-09 10:28:01,711 1 INFO betopiaerp betopiaerp.addons.base.tests.test_views: Starting TestApplyInheritanceSpecs.test_replace_inner_2 ... 
2026-02-09 10:28:01,712 1 INFO betopiaerp betopiaerp.addons.base.tests.test_views: Starting TestApplyInheritanceSpecs.test_replace_outer ... 
2026-02-09 10:28:01,713 1 INFO betopiaerp betopiaerp.addons.base.tests.test_views: Starting TestApplyInheritanceSpecs.test_target_not_found ... 
2026-02-09 10:28:01,716 1 INFO betopiaerp betopiaerp.addons.base.tests.test_views: Starting TestApplyInheritanceSpecs.test_unpack_data ... 
2026-02-09 10:28:01,718 1 INFO betopiaerp betopiaerp.addons.base.models.ir_attachment: filestore gc 1 checked, 1 removed 
2026-02-09 10:28:01,749 1 INFO betopiaerp betopiaerp.addons.base.tests.test_views: Starting TestApplyInheritanceWrapSpecs.test_replace ... 
2026-02-09 10:28:01,756 1 INFO betopiaerp betopiaerp.addons.base.models.ir_attachment: filestore gc 1 checked, 1 removed 
2026-02-09 10:28:01,780 1 INFO betopiaerp betopiaerp.addons.base.tests.test_views: Starting TestApplyInheritanceMoveSpecs.test_incorrect_move_1 ... 
2026-02-09 10:28:01,787 1 INFO betopiaerp betopiaerp.addons.base.tests.test_views: Starting TestApplyInheritanceMoveSpecs.test_incorrect_move_2 ... 
2026-02-09 10:28:01,789 1 INFO betopiaerp betopiaerp.addons.base.tests.test_views: Starting TestApplyInheritanceMoveSpecs.test_incorrect_move_3 ... 
2026-02-09 10:28:01,790 1 INFO betopiaerp betopiaerp.addons.base.tests.test_views: Starting TestApplyInheritanceMoveSpecs.test_move_after ... 
2026-02-09 10:28:01,791 1 INFO betopiaerp betopiaerp.addons.base.tests.test_views: Starting TestApplyInheritanceMoveSpecs.test_move_before ... 
2026-02-09 10:28:01,792 1 INFO betopiaerp betopiaerp.addons.base.tests.test_views: Starting TestApplyInheritanceMoveSpecs.test_move_inside ... 
2026-02-09 10:28:01,793 1 INFO betopiaerp betopiaerp.addons.base.tests.test_views: Starting TestApplyInheritanceMoveSpecs.test_move_replace ... 
2026-02-09 10:28:01,794 1 INFO betopiaerp betopiaerp.addons.base.tests.test_views: Starting TestApplyInheritanceMoveSpecs.test_move_with_other_1 ... 
2026-02-09 10:28:01,794 1 INFO betopiaerp betopiaerp.addons.base.tests.test_views: Starting TestApplyInheritanceMoveSpecs.test_move_with_other_2 ... 
2026-02-09 10:28:01,795 1 INFO betopiaerp betopiaerp.addons.base.tests.test_views: Starting TestApplyInheritanceMoveSpecs.test_move_with_tail ... 
2026-02-09 10:28:01,797 1 INFO betopiaerp betopiaerp.addons.base.models.ir_attachment: filestore gc 1 checked, 1 removed 
2026-02-09 10:28:01,820 1 INFO betopiaerp betopiaerp.addons.base.tests.test_views: Starting TestNoModel.test_create_view_nomodel ... 
2026-02-09 10:28:01,828 1 INFO betopiaerp betopiaerp.addons.base.tests.test_views: Starting TestNoModel.test_qweb_translation ... 
2026-02-09 10:28:01,837 1 INFO betopiaerp betopiaerp.addons.base.models.ir_attachment: filestore gc 1 checked, 1 removed 
2026-02-09 10:28:01,866 1 INFO betopiaerp betopiaerp.addons.base.tests.test_views: Starting TestTemplating.test_branding_attribute_groups ... 
2026-02-09 10:28:01,876 1 INFO betopiaerp betopiaerp.addons.base.tests.test_views: Starting TestTemplating.test_branding_distribute_inner ... 
2026-02-09 10:28:01,882 1 INFO betopiaerp betopiaerp.addons.base.tests.test_views: Starting TestTemplating.test_branding_inherit ... 
2026-02-09 10:28:01,887 1 INFO betopiaerp betopiaerp.addons.base.tests.test_views: Starting TestTemplating.test_branding_inherit_multi_replace_node ... 
2026-02-09 10:28:01,895 1 INFO betopiaerp betopiaerp.addons.base.tests.test_views: Starting TestTemplating.test_branding_inherit_multi_replace_node2 ... 
2026-02-09 10:28:01,902 1 INFO betopiaerp betopiaerp.addons.base.tests.test_views: Starting TestTemplating.test_branding_inherit_remove_added_from_inheritance ... 
2026-02-09 10:28:01,909 1 INFO betopiaerp betopiaerp.addons.base.tests.test_views: Starting TestTemplating.test_branding_inherit_remove_node ... 
2026-02-09 10:28:01,915 1 INFO betopiaerp betopiaerp.addons.base.tests.test_views: Starting TestTemplating.test_branding_inherit_remove_node2 ... 
2026-02-09 10:28:01,920 1 INFO betopiaerp betopiaerp.addons.base.tests.test_views: Starting TestTemplating.test_branding_inherit_remove_node_processing_instruction ... 
2026-02-09 10:28:01,925 1 INFO betopiaerp betopiaerp.addons.base.tests.test_views: Starting TestTemplating.test_branding_inherit_replace_node ... 
2026-02-09 10:28:01,930 1 INFO betopiaerp betopiaerp.addons.base.tests.test_views: Starting TestTemplating.test_branding_inherit_replace_node2 ... 
2026-02-09 10:28:01,935 1 INFO betopiaerp betopiaerp.addons.base.tests.test_views: Starting TestTemplating.test_branding_inherit_top_t_field ... 
2026-02-09 10:28:01,943 1 INFO betopiaerp betopiaerp.addons.base.tests.test_views: Starting TestTemplating.test_branding_primary_inherit ... 
2026-02-09 10:28:01,948 1 INFO betopiaerp betopiaerp.addons.base.tests.test_views: Starting TestTemplating.test_branding_remove_add_text ... 
2026-02-09 10:28:01,953 1 INFO betopiaerp betopiaerp.addons.base.tests.test_views: Starting TestTemplating.test_branding_t0 ... 
2026-02-09 10:28:01,958 1 INFO betopiaerp betopiaerp.addons.base.tests.test_views: Starting TestTemplating.test_call_no_branding ... 
2026-02-09 10:28:01,962 1 INFO betopiaerp betopiaerp.addons.base.tests.test_views: Starting TestTemplating.test_esc_no_branding ... 
2026-02-09 10:28:01,966 1 INFO betopiaerp betopiaerp.addons.base.tests.test_views: Starting TestTemplating.test_ignore_unbrand ... 
2026-02-09 10:28:01,972 1 INFO betopiaerp betopiaerp.addons.base.models.ir_attachment: filestore gc 1 checked, 1 removed 
2026-02-09 10:28:01,976 1 INFO betopiaerp betopiaerp.addons.base.models.ir_module: module base: loading translation file /opt/betopiaerp/betopiaerp/addons/base/i18n/fr.po for language fr_FR 
2026-02-09 10:28:02,514 1 INFO betopiaerp betopiaerp.addons.base.models.ir_module: module base: loading translation file /opt/betopiaerp/betopiaerp/addons/base/i18n/nl.po for language nl_NL 
2026-02-09 10:28:03,356 1 INFO betopiaerp betopiaerp.addons.base.tests.test_views: Starting TestViewTranslations.test_cache_consistency ... 
2026-02-09 10:28:03,366 1 INFO betopiaerp betopiaerp.addons.base.tests.test_views: Starting TestViewTranslations.test_no_groups_for_inherited ... 
2026-02-09 10:28:03,379 1 INFO betopiaerp betopiaerp.addons.base.tests.test_views: Starting TestViewTranslations.test_sync ... 
2026-02-09 10:28:03,396 1 INFO betopiaerp betopiaerp.addons.base.tests.test_views: Starting TestViewTranslations.test_sync_update ... 
2026-02-09 10:28:03,407 1 INFO betopiaerp betopiaerp.addons.base.tests.test_views: Starting TestViewTranslations.test_sync_xml ... 
2026-02-09 10:28:03,422 1 INFO betopiaerp betopiaerp.addons.base.models.ir_attachment: filestore gc 0 checked, 0 removed 
2026-02-09 10:28:03,449 1 INFO betopiaerp betopiaerp.addons.base.tests.test_views: Starting ViewModeField.testChangeInheritOfPrimary ... 
2026-02-09 10:28:03,462 1 INFO betopiaerp betopiaerp.addons.base.tests.test_views: Starting ViewModeField.testDefaultExtensionToPrimary ... 
2026-02-09 10:28:03,467 1 INFO betopiaerp betopiaerp.addons.base.tests.test_views: Starting ViewModeField.testInheritPrimaryToExtension ... 
2026-02-09 10:28:03,472 1 INFO betopiaerp betopiaerp.addons.base.tests.test_views: Starting ViewModeField.testModeExplicit ... 
2026-02-09 10:28:03,477 1 INFO betopiaerp betopiaerp.addons.base.tests.test_views: Starting ViewModeField.testModeImplicitValue ... 
2026-02-09 10:28:03,484 1 INFO betopiaerp betopiaerp.addons.base.tests.test_views: Starting ViewModeField.testPurePrimaryToExtension ... 
2026-02-09 10:28:03,490 1 INFO betopiaerp betopiaerp.addons.base.models.ir_attachment: filestore gc 1 checked, 1 removed 
2026-02-09 10:28:03,514 1 INFO betopiaerp betopiaerp.addons.base.tests.test_views: Starting TestDefaultView.testDefaultViewBase ... 
2026-02-09 10:28:03,524 1 INFO betopiaerp betopiaerp.addons.base.tests.test_views: Starting TestDefaultView.testDefaultViewPrimary ... 
2026-02-09 10:28:03,532 1 INFO betopiaerp betopiaerp.addons.base.models.ir_attachment: filestore gc 1 checked, 1 removed 
2026-02-09 10:28:03,557 1 INFO betopiaerp betopiaerp.addons.base.tests.test_views: Starting TestViewCombined.test_basic_read ... 
2026-02-09 10:28:03,582 1 INFO betopiaerp betopiaerp.addons.base.tests.test_views: Starting TestViewCombined.test_cross_model_double ... 
2026-02-09 10:28:03,603 1 INFO betopiaerp betopiaerp.addons.base.tests.test_views: Starting TestViewCombined.test_cross_model_simple ... 
2026-02-09 10:28:03,627 1 INFO betopiaerp betopiaerp.addons.base.tests.test_views: Starting TestViewCombined.test_inherit_python_expression ... 
2026-02-09 10:28:03,713 1 INFO betopiaerp betopiaerp.addons.base.tests.test_views: Starting TestViewCombined.test_multi_combine ... 
2026-02-09 10:28:03,743 1 INFO betopiaerp betopiaerp.addons.base.tests.test_views: Starting TestViewCombined.test_multi_combine_with_same_ancestor ... 
2026-02-09 10:28:03,769 1 INFO betopiaerp betopiaerp.addons.base.tests.test_views: Starting TestViewCombined.test_primary_after_extensions ... 
2026-02-09 10:28:03,798 1 INFO betopiaerp betopiaerp.addons.base.tests.test_views: Starting TestViewCombined.test_read_from_child ... 
2026-02-09 10:28:03,819 1 INFO betopiaerp betopiaerp.addons.base.tests.test_views: Starting TestViewCombined.test_read_from_child_primary ... 
2026-02-09 10:28:03,846 1 INFO betopiaerp betopiaerp.addons.base.models.ir_attachment: filestore gc 1 checked, 1 removed 
2026-02-09 10:28:03,869 1 INFO betopiaerp betopiaerp.addons.base.tests.test_views: Starting TestOptionalViews.test_applied ... 
2026-02-09 10:28:03,885 1 INFO betopiaerp betopiaerp.addons.base.tests.test_views: Starting TestOptionalViews.test_applied_state_toggle ... 
2026-02-09 10:28:03,907 1 INFO betopiaerp betopiaerp.addons.base.models.ir_attachment: filestore gc 1 checked, 1 removed 
2026-02-09 10:28:03,907 1 INFO betopiaerp betopiaerp.addons.base.tests.test_views: Starting TestXPathExtentions.test_hasclass ... 
2026-02-09 10:28:03,938 1 INFO betopiaerp betopiaerp.addons.base.tests.test_views: Starting TestQWebRender.test_render ... 
2026-02-09 10:28:03,960 1 INFO betopiaerp betopiaerp.addons.base.models.ir_attachment: filestore gc 1 checked, 1 removed 
2026-02-09 10:28:03,960 1 INFO betopiaerp betopiaerp.addons.base.tests.test_views: Starting TestValidationTools.test_get_expression_identities ... 
2026-02-09 10:28:03,985 1 INFO betopiaerp betopiaerp.addons.base.tests.test_views: Starting TestAccessRights.test_access ... 
2026-02-09 10:28:03,990 1 INFO betopiaerp betopiaerp.addons.base.models.ir_model: Access Denied by ACLs for operation: read, uid: 511, model: ir.ui.view 
2026-02-09 10:28:04,005 1 INFO betopiaerp betopiaerp.addons.base.models.ir_model: Access Denied by ACLs for operation: read, uid: 511, model: ir.ui.view 
2026-02-09 10:28:04,008 1 INFO betopiaerp betopiaerp.addons.base.models.ir_attachment: filestore gc 1 checked, 1 removed 
2026-02-09 10:28:04,009 1 INFO betopiaerp betopiaerp.addons.base.tests.test_views: Starting CompRegexTest.test_comp_regex ... 
2026-02-09 10:28:04,011 1 INFO betopiaerp betopiaerp.addons.base.models.ir_attachment: filestore gc 0 checked, 0 removed 
2026-02-09 10:28:04,034 1 INFO betopiaerp betopiaerp.addons.base.tests.test_views: Starting ViewModifiers.test_01_modifiers ... 
2026-02-09 10:28:04,040 1 INFO betopiaerp betopiaerp.addons.base.tests.test_views: Starting ViewModifiers.test_03_modifier_attribute_is_boolean ... 
2026-02-09 10:28:04,052 1 INFO betopiaerp betopiaerp.addons.base.tests.test_views: Starting ViewModifiers.test_04_modifier_attribute_using_context ... 
2026-02-09 10:28:04,062 1 INFO betopiaerp betopiaerp.addons.base.tests.test_views: Starting ViewModifiers.test_05_modifier_attribute_priority ... 
2026-02-09 10:28:04,074 1 INFO betopiaerp betopiaerp.addons.base.tests.test_views: Starting ViewModifiers.test_10_raise_for_old_attributes ... 
2026-02-09 10:28:04,086 1 INFO betopiaerp betopiaerp.addons.base.tests.test_views: Starting ViewModifiers.test_11_attrs_field ... 
2026-02-09 10:28:04,096 1 INFO betopiaerp betopiaerp.addons.base.tests.test_views: Starting ViewModifiers.test_12_invalid_syntax ... 
2026-02-09 10:28:04,107 1 INFO betopiaerp betopiaerp.addons.base.tests.test_views: Starting ViewModifiers.test_13_attrs_states_invisible_to_modifier ... 
2026-02-09 10:28:04,115 1 INFO betopiaerp betopiaerp.addons.base.tests.test_views: Starting ViewModifiers.test_14_attrs_subfield ... 
2026-02-09 10:28:04,134 1 INFO betopiaerp betopiaerp.addons.base.tests.test_views: Starting ViewModifiers.test_15_attrs_subfield_with_parent ... 
2026-02-09 10:28:04,152 1 INFO betopiaerp betopiaerp.addons.base.tests.test_views: Starting ViewModifiers.test_16_attrs_groups_behavior ... 
2026-02-09 10:28:04,168 1 INFO betopiaerp betopiaerp.addons.base.tests.test_views: Starting ViewModifiers.test_17_attrs_groups_validation ... 
2026-02-09 10:28:04,323 1 INFO betopiaerp betopiaerp.addons.base.tests.test_views: Starting ViewModifiers.test_18_test_missing_group ... 
2026-02-09 10:28:04,331 1 INFO betopiaerp betopiaerp.models.unlink: User #1 deleted ir.model.data records with IDs: [49658] 
2026-02-09 10:28:04,334 1 INFO betopiaerp betopiaerp.models.unlink: User #1 deleted res.groups records with IDs: [219] 
2026-02-09 10:28:04,346 1 INFO betopiaerp betopiaerp.addons.base.tests.test_views: Starting ViewModifiers.test_create_inherit_view_with_xpath_without_expr ... 
2026-02-09 10:28:04,353 1 INFO betopiaerp betopiaerp.addons.base.models.ir_attachment: filestore gc 1 checked, 1 removed 
2026-02-09 10:28:04,353 1 INFO betopiaerp betopiaerp.modules.loading: Module base loaded in 143.30s (incl. 139.86s test), 5355 queries (+25044 test, +5355 other) 
2026-02-09 10:28:04,354 1 ERROR betopiaerp betopiaerp.modules.loading: Module base: 2 failures, 1 errors of 956 tests 
2026-02-09 10:28:04,354 1 INFO betopiaerp betopiaerp.modules.loading: 1 modules loaded in 143.30s, 5355 queries (+30399 extra) 
2026-02-09 10:28:04,356 1 INFO betopiaerp betopiaerp.modules.loading: updating modules list 
2026-02-09 10:28:04,356 1 INFO betopiaerp betopiaerp.addons.base.models.ir_module: ALLOW access to module.update_list on [] to user __system__ #1 via n/a 
2026-02-09 10:28:08,420 1 INFO betopiaerp betopiaerp.addons.base.models.ir_module: ALLOW access to module.button_upgrade on ['Base'] to user __system__ #1 via n/a 
2026-02-09 10:28:08,421 1 INFO betopiaerp betopiaerp.addons.base.models.ir_module: ALLOW access to module.update_list on ['Base'] to user __system__ #1 via n/a 
2026-02-09 10:28:11,181 1 INFO betopiaerp betopiaerp.addons.base.models.ir_module: ALLOW access to module.button_install on [] to user __system__ #1 via n/a 
2026-02-09 10:28:11,267 1 INFO betopiaerp betopiaerp.modules.loading: loading 14 modules... 
2026-02-09 10:28:11,267 1 INFO betopiaerp betopiaerp.modules.loading: Loading module rpc (2/14) 
2026-02-09 10:28:11,330 1 INFO betopiaerp betopiaerp.addons.rpc.tests.test_xmlrpc: Starting TestExternalAPI.test_call_kw ... 
2026-02-09 10:28:11,353 1 INFO betopiaerp betopiaerp.addons.base.models.ir_attachment: filestore gc 1 checked, 1 removed 
2026-02-09 10:28:11,354 1 INFO betopiaerp betopiaerp.modules.loading: Module rpc loaded in 0.09s (incl. 0.04s test), 11 queries (+58 test, +11 other) 
2026-02-09 10:28:11,354 1 INFO betopiaerp betopiaerp.modules.loading: Loading module web (3/14) 
2026-02-09 10:28:11,375 1 INFO betopiaerp betopiaerp.registry: module web: creating or updating database tables 
2026-02-09 10:28:11,665 1 INFO betopiaerp betopiaerp.modules.loading: loading web/security/ir.model.access.csv 
2026-02-09 10:28:11,673 1 INFO betopiaerp betopiaerp.modules.loading: loading web/security/web_security.xml 
2026-02-09 10:28:11,680 1 INFO betopiaerp betopiaerp.modules.loading: loading web/views/webclient_templates.xml 
2026-02-09 10:28:11,746 1 INFO betopiaerp betopiaerp.modules.loading: loading web/views/report_templates.xml 
2026-02-09 10:28:11,840 1 INFO betopiaerp betopiaerp.modules.loading: loading web/views/base_document_layout_views.xml 
2026-02-09 10:28:11,857 1 INFO betopiaerp betopiaerp.modules.loading: loading web/views/partner_view.xml 
2026-02-09 10:28:11,865 1 INFO betopiaerp betopiaerp.modules.loading: loading web/views/speedscope_template.xml 
2026-02-09 10:28:11,878 1 INFO betopiaerp betopiaerp.modules.loading: loading web/views/memory_template.xml 
2026-02-09 10:28:11,890 1 INFO betopiaerp betopiaerp.modules.loading: loading web/views/speedscope_config_wizard.xml 
2026-02-09 10:28:11,902 1 INFO betopiaerp betopiaerp.modules.loading: loading web/views/neutralize_views.xml 
2026-02-09 10:28:11,919 1 INFO betopiaerp betopiaerp.modules.loading: loading web/views/ir_ui_view_views.xml 
2026-02-09 10:28:11,938 1 INFO betopiaerp betopiaerp.modules.loading: loading web/data/ir_attachment.xml 
2026-02-09 10:28:11,944 1 INFO betopiaerp betopiaerp.modules.loading: loading web/data/report_layout.xml 
2026-02-09 10:28:12,238 1 INFO betopiaerp betopiaerp.addons.web.tests.test_db_manager: Starting TestDatabaseManager.test_database_manager ... 
2026-02-09 10:28:12,240 1 INFO betopiaerp betopiaerp.addons.base.models.ir_http: Generating routing map for key None 
2026-02-09 10:28:12,583 1 INFO betopiaerp betopiaerp.tests.common: Skipping signal changes during tests 
2026-02-09 10:28:12,584 1 INFO betopiaerp werkzeug: 127.0.0.1 - - [09/Feb/2026 10:28:12] "GET /web/database/manager HTTP/1.1" 200 - 5 0.002 0.343
2026-02-09 10:28:12,605 1 INFO betopiaerp betopiaerp.addons.base.models.ir_attachment: filestore gc 1 checked, 0 removed 
2026-02-09 10:28:12,609 1 INFO betopiaerp betopiaerp.addons.web.tests.test_health: Starting TestWebController.test_health ... 
2026-02-09 10:28:12,611 1 INFO betopiaerp betopiaerp.addons.base.models.ir_http: Generating routing map for key None 
2026-02-09 10:28:12,617 1 INFO betopiaerp betopiaerp.tests.common: Skipping signal changes during tests 
2026-02-09 10:28:12,617 1 INFO betopiaerp werkzeug: 127.0.0.1 - - [09/Feb/2026 10:28:12] "GET /web/health HTTP/1.1" 200 - 3 0.001 0.006
2026-02-09 10:28:12,619 1 INFO betopiaerp betopiaerp.addons.web.tests.test_health: Starting TestWebController.test_health_db_server_status ... 
2026-02-09 10:28:12,620 1 INFO betopiaerp betopiaerp.addons.base.models.ir_http: Generating routing map for key None 
2026-02-09 10:28:12,634 1 INFO betopiaerp betopiaerp.tests.common: Skipping signal changes during tests 
2026-02-09 10:28:12,634 1 INFO betopiaerp werkzeug: 127.0.0.1 - - [09/Feb/2026 10:28:12] "GET /web/health?db_server_status=1 HTTP/1.1" 200 - 3 0.000 0.014
2026-02-09 10:28:12,637 1 INFO betopiaerp betopiaerp.tests.common: Skipping signal changes during tests 
2026-02-09 10:28:12,637 1 INFO betopiaerp werkzeug: 127.0.0.1 - - [09/Feb/2026 10:28:12] "GET /web/health?db_server_status=1 HTTP/1.1" 500 - 0 0.000 0.001
2026-02-09 10:28:12,655 1 INFO betopiaerp betopiaerp.addons.base.models.ir_attachment: filestore gc 0 checked, 0 removed 
2026-02-09 10:28:12,723 1 INFO betopiaerp betopiaerp.addons.web.tests.test_ir_model: Starting TestIrModel.test_group_expansion ... 
2026-02-09 10:28:12,741 1 INFO betopiaerp betopiaerp.addons.web.tests.test_ir_model: Starting TestIrModel.test_invalid_field_domain ... 
2026-02-09 10:28:12,775 1 INFO betopiaerp betopiaerp.addons.web.tests.test_ir_model: Starting TestIrModel.test_model_fold_search ... 
2026-02-09 10:28:12,797 1 INFO betopiaerp betopiaerp.addons.web.tests.test_ir_model: Starting TestIrModel.test_model_order_constraint ... 
2026-02-09 10:28:12,906 1 INFO betopiaerp betopiaerp.addons.web.tests.test_ir_model: Starting TestIrModel.test_model_order_search ... 
2026-02-09 10:28:12,970 1 INFO betopiaerp betopiaerp.addons.web.tests.test_ir_model: Starting TestIrModel.test_monetary_currency_field ... 
2026-02-09 10:28:13,030 1 INFO betopiaerp betopiaerp.addons.web.tests.test_ir_model: Starting TestIrModel.test_rec_name_deletion ... 
2026-02-09 10:28:13,062 1 INFO betopiaerp betopiaerp.models.unlink: User #1 deleted ir.model.fields records with IDs: [2318] 
2026-02-09 10:28:13,087 1 INFO betopiaerp betopiaerp.addons.base.models.ir_attachment: filestore gc 0 checked, 0 removed 
2026-02-09 10:28:13,088 1 INFO betopiaerp betopiaerp.addons.web.tests.test_ir_qweb: Starting TestIrQweb.test_image_field ... 
2026-02-09 10:28:13,104 1 INFO betopiaerp betopiaerp.addons.web.tests.test_ir_qweb: Starting TestIrQweb.test_image_field_webp ... 
2026-02-09 10:28:13,115 1 INFO betopiaerp betopiaerp.addons.web.tests.test_ir_qweb: Starting TestIrQweb.test_image_svg ... 
2026-02-09 10:28:13,142 1 INFO betopiaerp betopiaerp.addons.base.models.ir_attachment: filestore gc 3 checked, 3 removed 
2026-02-09 10:28:13,147 1 INFO betopiaerp betopiaerp.addons.web.tests.test_load_menus: Starting LoadMenusTests.test_load_menus ... 
2026-02-09 10:28:13,156 1 INFO betopiaerp betopiaerp.addons.base.models.res_users: Login successful for login:admin from n/a 
2026-02-09 10:28:13,162 1 INFO betopiaerp betopiaerp.addons.base.models.ir_http: Generating routing map for key None 
2026-02-09 10:28:13,176 1 INFO betopiaerp betopiaerp.tests.common: Skipping signal changes during tests 
2026-02-09 10:28:13,176 1 INFO betopiaerp werkzeug: 127.0.0.1 - - [09/Feb/2026 10:28:13] "GET /web/webclient/load_menus HTTP/1.1" 200 - 18 0.004 0.011
2026-02-09 10:28:13,196 1 INFO betopiaerp betopiaerp.addons.base.models.ir_attachment: filestore gc 0 checked, 0 removed 
2026-02-09 10:28:13,229 1 INFO betopiaerp betopiaerp.addons.web.tests.test_login: Starting TestWebLogin.test_web_login ... 
2026-02-09 10:28:13,236 1 INFO betopiaerp betopiaerp.addons.base.models.ir_http: Generating routing map for key None 
2026-02-09 10:28:13,243 1 INFO betopiaerp betopiaerp.addons.base.models.res_users: Login successful for login:internal_user from 127.0.0.1 
2026-02-09 10:28:13,246 1 INFO betopiaerp betopiaerp.tests.common: Skipping signal changes during tests 
2026-02-09 10:28:13,246 1 INFO betopiaerp werkzeug: 127.0.0.1 - - [09/Feb/2026 10:28:13] "POST /web/login HTTP/1.1" 303 - 16 0.003 0.008
2026-02-09 10:28:13,250 1 INFO betopiaerp betopiaerp.addons.base.models.res_device: User 514 inserts device log (Vtj5lypysxSM4tyOpKwzF1SYxZpDKMrE-VPozN8c5W) 
2026-02-09 10:28:22,696 1 INFO betopiaerp betopiaerp.tests.common: Skipping signal changes during tests 
2026-02-09 10:28:22,696 1 INFO betopiaerp werkzeug: 127.0.0.1 - - [09/Feb/2026 10:28:22] "GET /BetopiaERP HTTP/1.1" 200 - 44 0.010 9.438
2026-02-09 10:28:22,699 1 INFO betopiaerp betopiaerp.tests.common: Skipping signal changes during tests 
2026-02-09 10:28:22,700 1 INFO betopiaerp werkzeug: 127.0.0.1 - - [09/Feb/2026 10:28:22] "POST /web/session/check HTTP/1.1" 200 - 0 0.000 0.001
2026-02-09 10:28:22,701 1 INFO betopiaerp betopiaerp.addons.web.tests.test_login: Starting TestWebLogin.test_web_login_bad_xhr ... 
2026-02-09 10:28:22,703 1 INFO betopiaerp betopiaerp.addons.base.models.ir_http: Generating routing map for key None 
2026-02-09 10:28:22,709 1 INFO betopiaerp betopiaerp.http: Session expired 
2026-02-09 10:28:22,709 1 INFO betopiaerp werkzeug: 127.0.0.1 - - [09/Feb/2026 10:28:22] "GET /web/login_successful HTTP/1.1" 303 - 1 0.000 0.006
2026-02-09 10:28:22,717 1 INFO betopiaerp betopiaerp.addons.base.models.res_users: Login successful for login:internal_user from 127.0.0.1 
2026-02-09 10:28:22,723 1 INFO betopiaerp betopiaerp.tests.common: Skipping signal changes during tests 
2026-02-09 10:28:22,723 1 INFO betopiaerp werkzeug: 127.0.0.1 - - [09/Feb/2026 10:28:22] "POST /web/login HTTP/1.1" 303 - 22 0.005 0.007
2026-02-09 10:28:22,726 1 INFO betopiaerp betopiaerp.addons.base.models.res_device: User 514 inserts device log (exz1QknQTti5vOtTRGpENDd72JL7WliMTFrozbX8fN) 
2026-02-09 10:28:32,618 1 INFO betopiaerp betopiaerp.tests.common: Skipping signal changes during tests 
2026-02-09 10:28:32,619 1 INFO betopiaerp werkzeug: 127.0.0.1 - - [09/Feb/2026 10:28:32] "GET /BetopiaERP HTTP/1.1" 200 - 44 0.011 9.882
2026-02-09 10:28:32,620 1 INFO betopiaerp betopiaerp.addons.web.tests.test_login: Starting TestWebLogin.test_web_login_external ... 
2026-02-09 10:28:32,623 1 INFO betopiaerp betopiaerp.addons.base.models.ir_http: Generating routing map for key None 
2026-02-09 10:28:32,631 1 INFO betopiaerp betopiaerp.addons.base.models.res_users: Login successful for login:portal_user from 127.0.0.1 
2026-02-09 10:28:32,638 1 INFO betopiaerp betopiaerp.tests.common: Skipping signal changes during tests 
2026-02-09 10:28:32,638 1 INFO betopiaerp werkzeug: 127.0.0.1 - - [09/Feb/2026 10:28:32] "POST /web/login HTTP/1.1" 303 - 23 0.005 0.010
2026-02-09 10:28:32,641 1 INFO betopiaerp betopiaerp.addons.base.models.res_device: User 515 inserts device log (XOdNzs-ITLvTQzbDPyxpOGxSEuMD3O8ISXDr2g2smN) 
2026-02-09 10:28:36,548 1 INFO betopiaerp betopiaerp.tests.common: Skipping signal changes during tests 
2026-02-09 10:28:36,549 1 INFO betopiaerp werkzeug: 127.0.0.1 - - [09/Feb/2026 10:28:36] "GET /web/login_successful HTTP/1.1" 200 - 36 0.009 3.899
2026-02-09 10:28:36,568 1 INFO betopiaerp betopiaerp.addons.base.models.ir_attachment: filestore gc 1 checked, 1 removed 
2026-02-09 10:28:36,593 1 INFO betopiaerp betopiaerp.addons.web.tests.test_partner: Starting TestPartnerPrivate.test_access_onchange ... 
2026-02-09 10:28:36,598 1 INFO betopiaerp betopiaerp.addons.base.models.ir_model: Access Denied by ACLs for operation: write, uid: 516, model: res.partner 
2026-02-09 10:28:36,618 1 INFO betopiaerp betopiaerp.addons.base.models.ir_attachment: filestore gc 0 checked, 0 removed 
2026-02-09 10:28:36,622 1 INFO betopiaerp betopiaerp.addons.web.tests.test_pivot_export: Starting TestPivotExport.test_export_xlsx_with_empty_data ... 
2026-02-09 10:28:36,626 1 INFO betopiaerp betopiaerp.addons.base.models.res_users: Login successful for login:admin from n/a 
2026-02-09 10:28:36,631 1 INFO betopiaerp betopiaerp.addons.base.models.ir_http: Generating routing map for key None 
2026-02-09 10:28:36,650 1 INFO betopiaerp werkzeug: 127.0.0.1 - - [09/Feb/2026 10:28:36] "POST /web/pivot/export_xlsx HTTP/1.1" 422 - 2 0.000 0.019
2026-02-09 10:28:36,651 1 INFO betopiaerp betopiaerp.addons.web.tests.test_pivot_export: Starting TestPivotExport.test_export_xlsx_with_integer_column ... 
2026-02-09 10:28:36,654 1 INFO betopiaerp betopiaerp.addons.base.models.res_users: Login successful for login:admin from n/a 
2026-02-09 10:28:36,659 1 INFO betopiaerp betopiaerp.addons.base.models.ir_http: Generating routing map for key None 
2026-02-09 10:28:36,669 1 INFO betopiaerp betopiaerp.tests.common: Skipping signal changes during tests 
2026-02-09 10:28:36,669 1 INFO betopiaerp werkzeug: 127.0.0.1 - - [09/Feb/2026 10:28:36] "POST /web/pivot/export_xlsx HTTP/1.1" 200 - 2 0.000 0.010
2026-02-09 10:28:36,688 1 INFO betopiaerp betopiaerp.addons.base.models.ir_attachment: filestore gc 0 checked, 0 removed 
2026-02-09 10:28:36,694 1 INFO betopiaerp betopiaerp.addons.web.tests.test_reports: Starting TestReports.test_report_error_cleanup ... 
2026-02-09 10:28:36,703 1 INFO betopiaerp betopiaerp.addons.base.models.res_users: Login successful for login:admin from 127.0.0.1 
2026-02-09 10:28:38,669 1 INFO betopiaerp betopiaerp.addons.web.tests.test_reports: Starting TestReports.test_report_session_cookie ... 
2026-02-09 10:28:38,679 1 INFO betopiaerp betopiaerp.addons.base.models.res_users: Login successful for login:admin from 127.0.0.1 
2026-02-09 10:28:40,709 1 INFO betopiaerp betopiaerp.addons.base.models.ir_http: Generating routing map for key None 
2026-02-09 10:28:40,722 1 INFO betopiaerp betopiaerp.addons.base.models.assetsbundle: Generating a new asset bundle attachment /web/assets/e4caaae/web.report_assets_pdf.autoprefixed.min.css (id:2564) 
2026-02-09 10:28:40,725 1 INFO betopiaerp betopiaerp.tests.common: Skipping signal changes during tests 
2026-02-09 10:28:40,726 1 INFO betopiaerp werkzeug: 127.0.0.1 - - [09/Feb/2026 10:28:40] "GET /web/assets/e4caaae/web.report_assets_pdf.autoprefixed.min.css HTTP/1.1" 200 - 9 0.002 0.016
2026-02-09 10:28:42,715 1 INFO betopiaerp betopiaerp.addons.base.models.assetsbundle: Generating a new asset bundle attachment /web/assets/fff98b2/web.report_assets_common.autoprefixed.min.css (id:2565) 
2026-02-09 10:28:42,717 1 INFO betopiaerp betopiaerp.tests.common: Skipping signal changes during tests 
2026-02-09 10:28:42,718 1 INFO betopiaerp werkzeug: 127.0.0.1 - - [09/Feb/2026 10:28:42] "GET /web/assets/fff98b2/web.report_assets_common.autoprefixed.min.css HTTP/1.1" 200 - 9 0.008 2.002
2026-02-09 10:28:42,731 1 INFO betopiaerp betopiaerp.tests.common: Skipping signal changes during tests 
2026-02-09 10:28:42,732 1 INFO betopiaerp werkzeug: 127.0.0.1 - - [09/Feb/2026 10:28:42] "GET /web/image/2563 HTTP/1.1" 200 - 21 0.006 2.017
2026-02-09 10:28:42,752 1 INFO ? werkzeug: 127.0.0.1 - - [09/Feb/2026 10:28:42] "GET /web/static/fonts/lato/Lato-Bla-webfont.woff HTTP/1.1" 200 - 0 0.000 0.016
2026-02-09 10:28:42,753 1 INFO ? werkzeug: 127.0.0.1 - - [09/Feb/2026 10:28:42] "GET /web/static/fonts/lato/Lato-Lig-webfont.woff HTTP/1.1" 200 - 0 0.000 0.020
2026-02-09 10:28:42,753 1 INFO ? werkzeug: 127.0.0.1 - - [09/Feb/2026 10:28:42] "GET /web/static/fonts/lato/Lato-Bol-webfont.woff HTTP/1.1" 200 - 0 0.000 0.018
2026-02-09 10:28:42,753 1 INFO ? werkzeug: 127.0.0.1 - - [09/Feb/2026 10:28:42] "GET /web/static/fonts/lato/Lato-Reg-webfont.woff HTTP/1.1" 200 - 0 0.000 0.021
2026-02-09 10:28:42,754 1 INFO ? werkzeug: 127.0.0.1 - - [09/Feb/2026 10:28:42] "GET /web/static/fonts/lato/Lato-Hai-webfont.woff HTTP/1.1" 200 - 0 0.000 0.019
2026-02-09 10:28:43,782 1 INFO betopiaerp betopiaerp.addons.base.models.ir_actions_report: The PDF report has been generated for model: res.partner, records [2]. 
2026-02-09 10:28:43,819 1 INFO betopiaerp betopiaerp.tests.common: Skipping signal changes during tests 
2026-02-09 10:28:43,819 1 INFO betopiaerp werkzeug: 127.0.0.1 - - [09/Feb/2026 10:28:43] "GET /web/assets/e4caaae/web.report_assets_pdf.autoprefixed.min.css HTTP/1.1" 200 - 3 0.001 0.004
2026-02-09 10:28:43,823 1 INFO betopiaerp betopiaerp.addons.base.models.ir_model: Access Denied by ACLs for operation: read, uid: 3, model: ir.attachment 
2026-02-09 10:28:43,830 1 INFO betopiaerp betopiaerp.tests.common: Skipping signal changes during tests 
2026-02-09 10:28:43,832 1 INFO betopiaerp werkzeug: 127.0.0.1 - - [09/Feb/2026 10:28:43] "GET /web/image/2563 HTTP/1.1" 200 - 12 0.003 0.014
2026-02-09 10:28:43,833 1 INFO betopiaerp betopiaerp.tests.common: Skipping signal changes during tests 
2026-02-09 10:28:43,834 1 INFO betopiaerp werkzeug: 127.0.0.1 - - [09/Feb/2026 10:28:43] "GET /web/assets/fff98b2/web.report_assets_common.autoprefixed.min.css HTTP/1.1" 200 - 3 0.001 0.017
2026-02-09 10:28:43,853 1 INFO ? werkzeug: 127.0.0.1 - - [09/Feb/2026 10:28:43] "GET /web/static/fonts/lato/Lato-Reg-webfont.woff HTTP/1.1" 200 - 0 0.000 0.007
2026-02-09 10:28:43,853 1 INFO ? werkzeug: 127.0.0.1 - - [09/Feb/2026 10:28:43] "GET /web/static/fonts/lato/Lato-Hai-webfont.woff HTTP/1.1" 200 - 0 0.000 0.007
2026-02-09 10:28:43,854 1 INFO ? werkzeug: 127.0.0.1 - - [09/Feb/2026 10:28:43] "GET /web/static/fonts/lato/Lato-Bla-webfont.woff HTTP/1.1" 200 - 0 0.000 0.006
2026-02-09 10:28:43,854 1 INFO ? werkzeug: 127.0.0.1 - - [09/Feb/2026 10:28:43] "GET /web/static/fonts/lato/Lato-Lig-webfont.woff HTTP/1.1" 200 - 0 0.000 0.007
2026-02-09 10:28:43,855 1 INFO ? werkzeug: 127.0.0.1 - - [09/Feb/2026 10:28:43] "GET /web/static/fonts/lato/Lato-Bol-webfont.woff HTTP/1.1" 200 - 0 0.000 0.007
2026-02-09 10:28:44,884 1 INFO betopiaerp betopiaerp.addons.base.models.ir_actions_report: The PDF report has been generated for model: res.partner, records [2]. 
2026-02-09 10:28:44,911 1 INFO betopiaerp betopiaerp.addons.base.models.ir_attachment: filestore gc 3 checked, 2 removed 
2026-02-09 10:28:44,912 1 INFO betopiaerp betopiaerp.addons.web.tests.test_res_partner_properties: Starting TestWebProperties.test_get_properties_base_definition ... 
2026-02-09 10:28:44,938 1 INFO betopiaerp betopiaerp.addons.base.models.ir_attachment: filestore gc 0 checked, 0 removed 
2026-02-09 10:28:44,987 1 INFO betopiaerp betopiaerp.addons.web.tests.test_res_users: Starting TestResUsers.test_change_password ... 
2026-02-09 10:28:45,026 1 INFO betopiaerp betopiaerp.addons.base.models.res_users: Password change for 'user_internal' (#523) by '__system__' (#1) from n/a 
2026-02-09 10:28:45,027 1 INFO betopiaerp betopiaerp.addons.web.tests.test_res_users: Starting TestResUsers.test_name_search ... 
2026-02-09 10:28:45,070 1 INFO betopiaerp betopiaerp.addons.base.models.ir_attachment: filestore gc 7 checked, 7 removed 
2026-02-09 10:28:45,099 1 INFO betopiaerp betopiaerp.addons.web.tests.test_res_users_settings: Starting TestResUsersSettings.test_fields_validity_embedded_action_settings ... 
2026-02-09 10:28:45,109 1 INFO betopiaerp betopiaerp.addons.web.tests.test_res_users_settings: Starting TestResUsersSettings.test_set_and_get_embedded_action_settings ... 
2026-02-09 10:28:45,131 1 INFO betopiaerp betopiaerp.addons.base.models.ir_attachment: filestore gc 1 checked, 1 removed 
2026-02-09 10:28:45,132 1 INFO betopiaerp betopiaerp.addons.web.tests.test_router: Starting TestWebRouter.test_router_get_action_exist ... 
2026-02-09 10:28:45,135 1 INFO betopiaerp betopiaerp.addons.web.tests.test_router: Starting TestWebRouter.test_router_get_action_missing ... 
2026-02-09 10:28:45,137 1 INFO betopiaerp betopiaerp.addons.web.tests.test_router: Starting TestWebRouter.test_router_get_action_triples_exist ... 
2026-02-09 10:28:45,145 1 INFO betopiaerp betopiaerp.addons.web.tests.test_router: Starting TestWebRouter.test_router_get_action_triples_missing ... 
2026-02-09 10:28:45,168 1 INFO betopiaerp betopiaerp.addons.base.models.ir_attachment: filestore gc 0 checked, 0 removed 
2026-02-09 10:28:45,479 1 INFO betopiaerp betopiaerp.addons.web.tests.test_session_info: Starting TestSessionInfo.test_session_info ... 
2026-02-09 10:28:45,483 1 INFO betopiaerp betopiaerp.addons.base.models.res_users: Login successful for login:session from n/a 
2026-02-09 10:28:45,487 1 INFO betopiaerp betopiaerp.addons.base.models.ir_http: Generating routing map for key None 
2026-02-09 10:28:45,507 1 INFO betopiaerp betopiaerp.tests.common: Skipping signal changes during tests 
2026-02-09 10:28:45,508 1 INFO betopiaerp werkzeug: 127.0.0.1 - - [09/Feb/2026 10:28:45] "POST /web/session/get_session_info HTTP/1.1" 200 - 26 0.005 0.016
2026-02-09 10:28:45,511 1 INFO betopiaerp betopiaerp.addons.web.tests.test_session_info: Starting TestSessionInfo.test_session_modules ... 
2026-02-09 10:28:45,514 1 INFO betopiaerp betopiaerp.addons.base.models.res_users: Login successful for login:session from n/a 
2026-02-09 10:28:45,518 1 INFO betopiaerp betopiaerp.addons.base.models.ir_http: Generating routing map for key None 
2026-02-09 10:28:45,522 1 INFO betopiaerp betopiaerp.tests.common: Skipping signal changes during tests 
2026-02-09 10:28:45,522 1 INFO betopiaerp werkzeug: 127.0.0.1 - - [09/Feb/2026 10:28:45] "POST /web/session/modules HTTP/1.1" 200 - 2 0.000 0.004
2026-02-09 10:28:45,540 1 INFO betopiaerp betopiaerp.addons.base.models.ir_attachment: filestore gc 1 checked, 1 removed 
2026-02-09 10:28:45,561 1 INFO betopiaerp betopiaerp.tests.suite: ====================================================================== 
2026-02-09 10:28:45,561 1 ERROR betopiaerp betopiaerp.tests.suite: ERROR: setUpClass (betopiaerp.addons.web.tests.test_translate.TestTranslationOverride)
Traceback (most recent call last):
  File "/opt/betopiaerp/addons/web/tests/test_translate.py", line 11, in setUpClass
    cls.custom = cls.env['ir.model.fields'].create({
                 ^^^^^^^^^^^^^^^^^^^^^^^^^^^^^^^^^^^
  File "/opt/betopiaerp/betopiaerp/orm/decorators.py", line 365, in create
    return method(self, vals_list)
           ^^^^^^^^^^^^^^^^^^^^^^^
  File "/opt/betopiaerp/betopiaerp/addons/base/models/ir_model.py", line 1014, in create
    vals['model'] = IrModel.browse(vals['model_id']).model
                    ^^^^^^^^^^^^^^^^^^^^^^^^^^^^^^^^^^^^^^
  File "/opt/betopiaerp/betopiaerp/orm/fields.py", line 1712, in __get__
    raise MissingError("\n".join([
betopiaerp.exceptions.MissingError: Record does not exist or has been deleted.
(Record: ir.model(348,), User: 1)
 
2026-02-09 10:28:45,578 1 INFO betopiaerp betopiaerp.addons.base.models.ir_attachment: filestore gc 0 checked, 0 removed 
2026-02-09 10:28:45,583 1 INFO betopiaerp betopiaerp.addons.web.tests.test_web_redirect: Starting TestWebRedirect.test_web_route_redirect_param ... 
2026-02-09 10:28:45,585 1 INFO betopiaerp betopiaerp.addons.base.models.ir_http: Generating routing map for key None 
2026-02-09 10:28:45,593 1 INFO betopiaerp betopiaerp.tests.common: Skipping signal changes during tests 
2026-02-09 10:28:45,593 1 INFO betopiaerp werkzeug: 127.0.0.1 - - [09/Feb/2026 10:28:45] "GET /BetopiaERP/action-887?cids=1 HTTP/1.1" 303 - 4 0.001 0.008
2026-02-09 10:28:49,412 1 INFO betopiaerp betopiaerp.tests.common: Skipping signal changes during tests 
2026-02-09 10:28:49,412 1 INFO betopiaerp werkzeug: 127.0.0.1 - - [09/Feb/2026 10:28:49] "GET /web/login?redirect=/BetopiaERP/action-887?cids%3D1 HTTP/1.1" 200 - 47 0.010 3.807
2026-02-09 10:28:49,414 1 INFO betopiaerp betopiaerp.addons.web.tests.test_web_redirect: Starting TestWebRedirect.test_web_route_redirect_param_legacy ... 
2026-02-09 10:28:49,416 1 INFO betopiaerp betopiaerp.addons.base.models.ir_http: Generating routing map for key None 
2026-02-09 10:28:49,421 1 INFO betopiaerp betopiaerp.tests.common: Skipping signal changes during tests 
2026-02-09 10:28:49,421 1 INFO betopiaerp werkzeug: 127.0.0.1 - - [09/Feb/2026 10:28:49] "GET /web HTTP/1.1" 303 - 4 0.001 0.005
2026-02-09 10:28:53,237 1 INFO betopiaerp betopiaerp.tests.common: Skipping signal changes during tests 
2026-02-09 10:28:53,238 1 INFO betopiaerp werkzeug: 127.0.0.1 - - [09/Feb/2026 10:28:53] "GET /web/login?redirect=/web? HTTP/1.1" 200 - 47 0.011 3.804
2026-02-09 10:28:53,256 1 INFO betopiaerp betopiaerp.addons.base.models.ir_attachment: filestore gc 0 checked, 0 removed 
2026-02-09 10:28:53,257 1 INFO betopiaerp betopiaerp.modules.loading: Module web loaded in 41.90s (incl. 41.02s test), 1415 queries (+1847 test, +1415 other) 
2026-02-09 10:28:53,258 1 ERROR betopiaerp betopiaerp.modules.loading: Module web: 0 failures, 1 errors of 35 tests 
2026-02-09 10:28:53,258 1 INFO betopiaerp betopiaerp.modules.loading: Loading module api_doc (4/14) 
2026-02-09 10:28:53,296 1 INFO betopiaerp betopiaerp.registry: module api_doc: creating or updating database tables 
2026-02-09 10:28:53,340 1 INFO betopiaerp betopiaerp.modules.loading: loading api_doc/security/res_groups.xml 
2026-02-09 10:28:53,354 1 INFO betopiaerp betopiaerp.modules.loading: loading api_doc/views/docclient.xml 
2026-02-09 10:28:53,403 1 INFO betopiaerp betopiaerp.modules.loading: Module api_doc loaded in 0.15s, 69 queries (+69 other) 
2026-02-09 10:28:53,403 1 INFO betopiaerp betopiaerp.modules.loading: Loading module auth_totp (5/14) 
2026-02-09 10:28:53,476 1 INFO betopiaerp betopiaerp.registry: module auth_totp: creating or updating database tables 
2026-02-09 10:28:53,502 1 INFO betopiaerp betopiaerp.modules.loading: loading auth_totp/security/security.xml 
2026-02-09 10:28:53,522 1 INFO betopiaerp betopiaerp.modules.loading: loading auth_totp/security/ir.model.access.csv 
2026-02-09 10:28:53,529 1 INFO betopiaerp betopiaerp.modules.loading: loading auth_totp/data/ir_action_data.xml 
2026-02-09 10:28:53,538 1 INFO betopiaerp betopiaerp.modules.loading: loading auth_totp/views/res_users_views.xml 
2026-02-09 10:28:53,575 1 INFO betopiaerp betopiaerp.modules.loading: loading auth_totp/views/templates.xml 
2026-02-09 10:28:53,584 1 INFO betopiaerp betopiaerp.modules.loading: loading auth_totp/wizard/auth_totp_wizard_views.xml 
2026-02-09 10:28:53,644 1 INFO betopiaerp betopiaerp.modules.loading: Module auth_totp loaded in 0.24s, 210 queries (+210 other) 
2026-02-09 10:28:53,644 1 INFO betopiaerp betopiaerp.modules.loading: Loading module base_import (6/14) 
2026-02-09 10:28:53,704 1 INFO betopiaerp betopiaerp.registry: module base_import: creating or updating database tables 
2026-02-09 10:28:54,020 1 INFO betopiaerp betopiaerp.modules.loading: loading base_import/security/ir.model.access.csv 
2026-02-09 10:28:54,042 1 INFO betopiaerp betopiaerp.modules.loading: Module base_import loaded in 0.40s, 935 queries (+935 other) 
2026-02-09 10:28:54,042 1 INFO betopiaerp betopiaerp.modules.loading: Loading module base_import_module (7/14) 
2026-02-09 10:28:54,111 1 INFO betopiaerp betopiaerp.registry: module base_import_module: creating or updating database tables 
2026-02-09 10:28:54,138 1 INFO betopiaerp betopiaerp.modules.loading: loading base_import_module/security/ir.model.access.csv 
2026-02-09 10:28:54,144 1 INFO betopiaerp betopiaerp.modules.loading: loading base_import_module/views/base_import_module_view.xml 
2026-02-09 10:28:54,160 1 INFO betopiaerp betopiaerp.modules.loading: loading base_import_module/views/ir_module_views.xml 
2026-02-09 10:28:54,258 1 INFO betopiaerp betopiaerp.addons.base_import_module.tests.test_cloc: Starting TestClocFields.test_count_attachment_imported_module ... 
2026-02-09 10:28:54,287 1 INFO betopiaerp betopiaerp.addons.base_import_module.models.ir_module: Successfully imported module 'test_imported_module' 
2026-02-09 10:28:54,291 1 INFO betopiaerp betopiaerp.addons.base_import_module.tests.test_cloc: Starting TestClocFields.test_count_qweb_imported_module ... 
2026-02-09 10:28:54,314 1 INFO betopiaerp betopiaerp.addons.base_import_module.tests.test_cloc: Starting TestClocFields.test_exclude_attachment_imported_module ... 
2026-02-09 10:28:54,339 1 INFO betopiaerp betopiaerp.addons.base_import_module.models.ir_module: Successfully imported module 'test_imported_module' 
2026-02-09 10:28:54,343 1 INFO betopiaerp betopiaerp.addons.base_import_module.tests.test_cloc: Starting TestClocFields.test_exclude_cloc_imported_module ... 
2026-02-09 10:28:54,357 1 INFO betopiaerp betopiaerp.addons.base_import_module.models.ir_module: module test_imported_module: loading data/test.xml 
2026-02-09 10:28:54,380 1 INFO betopiaerp betopiaerp.addons.base_import_module.models.ir_module: Successfully imported module 'test_imported_module' 
2026-02-09 10:28:54,388 1 INFO betopiaerp betopiaerp.addons.base_import_module.models.ir_module: module test_imported_module: loading data/test.xml 
2026-02-09 10:28:54,412 1 INFO betopiaerp betopiaerp.addons.base_import_module.models.ir_module: Successfully imported module 'test_imported_module' 
2026-02-09 10:28:54,415 1 INFO betopiaerp betopiaerp.addons.base.models.ir_module: ALLOW access to module.module_uninstall on ['test_imported_module'] to user __system__ #1 via n/a 
2026-02-09 10:28:54,416 1 INFO betopiaerp betopiaerp.addons.base.models.ir_model: Deleting ir.asset(59, 58, 57) 
2026-02-09 10:28:54,424 1 INFO betopiaerp betopiaerp.models.unlink: User #1 deleted ir.model.data records with IDs: [51779, 51780, 51781] 
2026-02-09 10:28:54,424 1 INFO betopiaerp betopiaerp.models.unlink: User #1 deleted ir.asset records with IDs: [59, 58, 57] 
2026-02-09 10:28:54,425 1 INFO betopiaerp betopiaerp.addons.base.models.ir_model: Deleting ir.attachment(2649, 2648, 2647) 
2026-02-09 10:28:54,428 1 INFO betopiaerp betopiaerp.models.unlink: User #1 deleted ir.model.data records with IDs: [51776, 51778, 51774] 
2026-02-09 10:28:54,433 1 INFO betopiaerp betopiaerp.models.unlink: User #1 deleted ir.model.data records with IDs: [51775, 51777, 51773] 
2026-02-09 10:28:54,433 1 INFO betopiaerp betopiaerp.models.unlink: User #1 deleted ir.attachment records with IDs: [2649, 2648, 2647] 
2026-02-09 10:28:54,435 1 INFO betopiaerp betopiaerp.addons.base.models.ir_model: Deleting ir.ui.view(2746,) 
2026-02-09 10:28:54,437 1 INFO betopiaerp betopiaerp.models.unlink: User #1 deleted ir.model.data records with IDs: [51771] 
2026-02-09 10:28:54,442 1 INFO betopiaerp betopiaerp.models.unlink: User #1 deleted ir.model.data records with IDs: [51769] 
2026-02-09 10:28:54,442 1 INFO betopiaerp betopiaerp.models.unlink: User #1 deleted ir.ui.view records with IDs: [2746] 
2026-02-09 10:28:54,444 1 INFO betopiaerp betopiaerp.addons.base.models.ir_model: ir.model.data could not be deleted ([]) 
2026-02-09 10:28:54,446 1 INFO betopiaerp betopiaerp.models.unlink: User #1 deleted ir.model.data records with IDs: [51781, 51780, 51779, 51777, 51775, 51773, 51769] 
2026-02-09 10:28:54,447 1 INFO betopiaerp betopiaerp.addons.base_import_module.models.ir_module: deleting imported modules upon uninstallation: test_imported_module 
2026-02-09 10:28:54,455 1 INFO betopiaerp betopiaerp.models.unlink: User #1 deleted ir.model.data records with IDs: [51768] 
2026-02-09 10:28:54,455 1 INFO betopiaerp betopiaerp.models.unlink: User #1 deleted ir.module.module records with IDs: [714] 
2026-02-09 10:28:54,458 1 INFO betopiaerp betopiaerp.addons.base_import_module.tests.test_cloc: Starting TestClocFields.test_exclude_qweb ... 
2026-02-09 10:28:54,467 1 INFO betopiaerp betopiaerp.addons.base_import_module.tests.test_cloc: Starting TestClocFields.test_fields_from_import_module ... 
2026-02-09 10:28:54,504 1 INFO betopiaerp betopiaerp.addons.base_import_module.tests.test_cloc: Starting TestClocFields.test_fields_from_studio ... 
2026-02-09 10:28:54,572 1 INFO betopiaerp betopiaerp.addons.base_import_module.tests.test_cloc: Starting TestClocFields.test_fields_module_name ... 
2026-02-09 10:28:54,631 1 INFO betopiaerp betopiaerp.addons.base.models.ir_attachment: filestore gc 3 checked, 3 removed 
2026-02-09 10:28:54,632 1 INFO betopiaerp betopiaerp.modules.loading: Module base_import_module loaded in 0.59s (incl. 0.38s test), 184 queries (+615 test, +184 other) 
2026-02-09 10:28:54,633 1 INFO betopiaerp betopiaerp.modules.loading: Loading module base_setup (8/14) 
2026-02-09 10:28:54,696 1 INFO betopiaerp betopiaerp.registry: module base_setup: creating or updating database tables 
2026-02-09 10:28:54,720 1 INFO betopiaerp betopiaerp.modules.loading: loading base_setup/data/base_setup_data.xml 
2026-02-09 10:28:54,725 1 INFO betopiaerp betopiaerp.modules.loading: loading base_setup/views/res_config_settings_views.xml 
2026-02-09 10:28:54,757 1 INFO betopiaerp betopiaerp.modules.loading: loading base_setup/views/res_partner_views.xml 
2026-02-09 10:28:54,819 1 INFO betopiaerp betopiaerp.addons.base_setup.tests.test_default_group: Starting TestResConfig.test_create_user_default_user_groups ... 
2026-02-09 10:28:55,040 1 INFO betopiaerp betopiaerp.addons.base.models.ir_attachment: filestore gc 2 checked, 2 removed 
2026-02-09 10:28:55,041 1 INFO betopiaerp betopiaerp.addons.base_setup.tests.test_res_config: Starting TestResConfig.test_install ... 
2026-02-09 10:28:55,120 1 INFO betopiaerp betopiaerp.addons.base_setup.tests.test_res_config: Starting TestResConfig.test_multi_company_res_config_group ... 
2026-02-09 10:28:55,320 1 INFO betopiaerp betopiaerp.addons.base_setup.tests.test_res_config: Starting TestResConfig.test_no_install ... 
2026-02-09 10:28:55,415 1 INFO betopiaerp betopiaerp.addons.base.models.ir_attachment: filestore gc 2 checked, 2 removed 
2026-02-09 10:28:55,417 1 INFO betopiaerp betopiaerp.modules.loading: Module base_setup loaded in 0.78s (incl. 0.60s test), 144 queries (+745 test, +144 other) 
2026-02-09 10:28:55,417 1 INFO betopiaerp betopiaerp.modules.loading: Loading module bus (9/14) 
2026-02-09 10:28:55,526 1 INFO betopiaerp betopiaerp.registry: module bus: creating or updating database tables 
2026-02-09 10:28:55,583 1 INFO betopiaerp betopiaerp.modules.loading: loading bus/security/ir.model.access.csv 
2026-02-09 10:28:55,691 1 INFO betopiaerp betopiaerp.addons.bus.tests.test_health: Starting TestBusController.test_health ... 
2026-02-09 10:28:55,693 1 INFO betopiaerp betopiaerp.addons.base.models.ir_http: Generating routing map for key None 
2026-02-09 10:28:55,702 1 INFO betopiaerp betopiaerp.tests.common: Skipping signal changes during tests 
2026-02-09 10:28:55,703 1 INFO betopiaerp werkzeug: 127.0.0.1 - - [09/Feb/2026 10:28:55] "GET /websocket/health HTTP/1.1" 200 - 3 0.001 0.009
2026-02-09 10:28:55,723 1 INFO betopiaerp betopiaerp.addons.base.models.ir_attachment: filestore gc 0 checked, 0 removed 
2026-02-09 10:28:55,724 1 INFO betopiaerp betopiaerp.addons.bus.tests.test_notify: Starting NotifyTests.test_get_notify_payloads ... 
2026-02-09 10:28:55,728 1 INFO betopiaerp betopiaerp.addons.bus.tests.test_notify: Starting NotifyTests.test_postcommit ... 
2026-02-09 10:28:55,739 1 INFO betopiaerp betopiaerp.models.unlink: User #1 deleted bus.bus records with IDs: [4, 5] 
2026-02-09 10:28:55,768 1 INFO betopiaerp betopiaerp.addons.base.models.ir_attachment: filestore gc 0 checked, 0 removed 
2026-02-09 10:28:55,799 1 INFO betopiaerp betopiaerp.addons.bus.tests.test_websocket_controller: Starting TestWebsocketController.test_websocket_peek ... 
2026-02-09 10:28:55,805 1 INFO betopiaerp betopiaerp.addons.base.models.ir_http: Generating routing map for key None 
2026-02-09 10:28:55,815 1 INFO betopiaerp betopiaerp.tests.common: Skipping signal changes during tests 
2026-02-09 10:28:55,816 1 INFO betopiaerp werkzeug: 127.0.0.1 - - [09/Feb/2026 10:28:55] "POST /websocket/peek_notifications HTTP/1.1" 200 - 9 0.001 0.009
2026-02-09 10:28:55,820 1 INFO betopiaerp betopiaerp.tests.common: Skipping signal changes during tests 
2026-02-09 10:28:55,821 1 INFO betopiaerp werkzeug: 127.0.0.1 - - [09/Feb/2026 10:28:55] "POST /websocket/peek_notifications HTTP/1.1" 200 - 4 0.001 0.003
2026-02-09 10:28:55,822 1 INFO betopiaerp betopiaerp.addons.bus.tests.test_websocket_controller: Starting TestWebsocketController.test_websocket_peek_session_expired_login ... 
2026-02-09 10:28:55,824 1 INFO betopiaerp betopiaerp.addons.base.models.ir_http: Generating routing map for key None 
2026-02-09 10:28:55,833 1 INFO betopiaerp betopiaerp.tests.common: Skipping signal changes during tests 
2026-02-09 10:28:55,834 1 INFO betopiaerp werkzeug: 127.0.0.1 - - [09/Feb/2026 10:28:55] "POST /websocket/peek_notifications HTTP/1.1" 200 - 15 0.002 0.008
2026-02-09 10:28:55,837 1 INFO betopiaerp betopiaerp.addons.base.models.res_users: Login successful for login:admin from n/a 
2026-02-09 10:28:55,854 1 INFO betopiaerp betopiaerp.http:  
2026-02-09 10:28:55,854 1 INFO betopiaerp werkzeug: 127.0.0.1 - - [09/Feb/2026 10:28:55] "POST /websocket/peek_notifications HTTP/1.1" 200 - 0 0.000 0.015
2026-02-09 10:28:55,856 1 INFO betopiaerp betopiaerp.addons.bus.tests.test_websocket_controller: Starting TestWebsocketController.test_websocket_peek_session_expired_logout ... 
2026-02-09 10:28:55,858 1 INFO betopiaerp betopiaerp.addons.base.models.res_users: Login successful for login:demo from n/a 
2026-02-09 10:28:55,862 1 INFO betopiaerp betopiaerp.addons.base.models.ir_http: Generating routing map for key None 
2026-02-09 10:28:55,874 1 INFO betopiaerp betopiaerp.tests.common: Skipping signal changes during tests 
2026-02-09 10:28:55,874 1 INFO betopiaerp werkzeug: 127.0.0.1 - - [09/Feb/2026 10:28:55] "POST /websocket/peek_notifications HTTP/1.1" 200 - 12 0.002 0.011
2026-02-09 10:28:55,877 1 INFO betopiaerp betopiaerp.tests.common: Skipping signal changes during tests 
2026-02-09 10:28:55,878 1 INFO betopiaerp werkzeug: 127.0.0.1 - - [09/Feb/2026 10:28:55] "GET /web/session/logout HTTP/1.1" 303 - 0 0.000 0.002
2026-02-09 10:28:55,880 1 INFO betopiaerp betopiaerp.tests.common: Skipping signal changes during tests 
2026-02-09 10:28:55,881 1 INFO betopiaerp werkzeug: 127.0.0.1 - - [09/Feb/2026 10:28:55] "GET /BetopiaERP HTTP/1.1" 303 - 0 0.000 0.001
2026-02-09 10:28:59,757 1 INFO betopiaerp betopiaerp.tests.common: Skipping signal changes during tests 
2026-02-09 10:28:59,758 1 INFO betopiaerp werkzeug: 127.0.0.1 - - [09/Feb/2026 10:28:59] "GET /web/login?redirect=/BetopiaERP? HTTP/1.1" 200 - 41 0.009 3.866
2026-02-09 10:28:59,765 1 INFO betopiaerp betopiaerp.http:  
2026-02-09 10:28:59,765 1 INFO betopiaerp werkzeug: 127.0.0.1 - - [09/Feb/2026 10:28:59] "POST /websocket/peek_notifications HTTP/1.1" 200 - 1 0.000 0.005
2026-02-09 10:28:59,785 1 INFO betopiaerp betopiaerp.addons.base.models.ir_attachment: filestore gc 1 checked, 1 removed 
2026-02-09 10:28:59,786 1 INFO betopiaerp betopiaerp.modules.loading: Module bus loaded in 4.37s (incl. 4.10s test), 142 queries (+221 test, +142 other) 
2026-02-09 10:28:59,786 1 INFO betopiaerp betopiaerp.modules.loading: Loading module web_tour (10/14) 
2026-02-09 10:28:59,821 1 INFO betopiaerp betopiaerp.registry: module web_tour: creating or updating database tables 
2026-02-09 10:28:59,847 1 INFO betopiaerp betopiaerp.modules.loading: loading web_tour/security/ir.model.access.csv 
2026-02-09 10:28:59,854 1 INFO betopiaerp betopiaerp.modules.loading: loading web_tour/views/tour_views.xml 
2026-02-09 10:28:59,915 1 INFO betopiaerp betopiaerp.modules.loading: Module web_tour loaded in 0.13s, 143 queries (+143 other) 
2026-02-09 10:28:59,915 1 INFO betopiaerp betopiaerp.modules.loading: Loading module auth_passkey (11/14) 
2026-02-09 10:29:00,339 1 INFO betopiaerp betopiaerp.registry: module auth_passkey: creating or updating database tables 
2026-02-09 10:29:00,372 1 INFO betopiaerp betopiaerp.modules.loading: loading auth_passkey/views/auth_passkey_key_views.xml 
2026-02-09 10:29:00,394 1 INFO betopiaerp betopiaerp.modules.loading: loading auth_passkey/views/auth_passkey_login_templates.xml 
2026-02-09 10:29:00,413 1 INFO betopiaerp betopiaerp.modules.loading: loading auth_passkey/views/res_users_identitycheck_views.xml 
2026-02-09 10:29:00,427 1 INFO betopiaerp betopiaerp.modules.loading: loading auth_passkey/views/res_users_views.xml 
2026-02-09 10:29:00,464 1 INFO betopiaerp betopiaerp.modules.loading: loading auth_passkey/security/ir.model.access.csv 
2026-02-09 10:29:00,480 1 INFO betopiaerp betopiaerp.modules.loading: loading auth_passkey/security/security.xml 
2026-02-09 10:29:00,563 1 INFO betopiaerp betopiaerp.addons.auth_passkey.tests.test_passkey_demo: Starting PasskeyTest.test_authentication ... 
2026-02-09 10:29:00,571 1 INFO betopiaerp betopiaerp.addons.base.models.ir_http: Generating routing map for key None 
2026-02-09 10:29:04,616 1 INFO betopiaerp betopiaerp.tests.common: Skipping signal changes during tests 
2026-02-09 10:29:04,616 1 INFO betopiaerp werkzeug: 127.0.0.1 - - [09/Feb/2026 10:29:04] "GET /web/login HTTP/1.1" 200 - 47 0.010 4.036
2026-02-09 10:29:04,621 1 INFO betopiaerp betopiaerp.tests.common: Skipping signal changes during tests 
2026-02-09 10:29:04,621 1 INFO betopiaerp werkzeug: 127.0.0.1 - - [09/Feb/2026 10:29:04] "POST /auth/passkey/start-auth HTTP/1.1" 200 - 2 0.000 0.002
2026-02-09 10:29:04,630 1 INFO betopiaerp betopiaerp.addons.base.models.res_users: Login successful for login:admin from 127.0.0.1 
2026-02-09 10:29:04,637 1 INFO betopiaerp betopiaerp.tests.common: Skipping signal changes during tests 
2026-02-09 10:29:04,637 1 INFO betopiaerp werkzeug: 127.0.0.1 - - [09/Feb/2026 10:29:04] "POST /web/login HTTP/1.1" 303 - 27 0.005 0.009
2026-02-09 10:29:04,640 1 INFO betopiaerp betopiaerp.addons.base.models.res_device: User 2 inserts device log (ZHN6vpUj4yGYGQyPO0d9sSZBlqqd8zBiKDBabwOFZu) 
2026-02-09 10:29:14,730 1 INFO betopiaerp betopiaerp.tests.common: Skipping signal changes during tests 
2026-02-09 10:29:14,731 1 INFO betopiaerp werkzeug: 127.0.0.1 - - [09/Feb/2026 10:29:14] "GET /BetopiaERP HTTP/1.1" 200 - 52 0.012 10.080
2026-02-09 10:29:14,735 1 INFO betopiaerp betopiaerp.tests.common: Skipping signal changes during tests 
2026-02-09 10:29:14,736 1 INFO betopiaerp werkzeug: 127.0.0.1 - - [09/Feb/2026 10:29:14] "GET /web/login HTTP/1.1" 200 - 1 0.000 0.002
2026-02-09 10:29:14,741 1 INFO betopiaerp betopiaerp.addons.base.models.res_users: Login failed for login:admin from 127.0.0.1 
2026-02-09 10:29:14,742 1 INFO betopiaerp betopiaerp.tests.common: Skipping signal changes during tests 
2026-02-09 10:29:14,743 1 INFO betopiaerp werkzeug: 127.0.0.1 - - [09/Feb/2026 10:29:14] "POST /web/login HTTP/1.1" 200 - 8 0.001 0.004
2026-02-09 10:29:14,751 1 INFO betopiaerp betopiaerp.tests.common: Skipping signal changes during tests 
2026-02-09 10:29:14,751 1 INFO betopiaerp werkzeug: 127.0.0.1 - - [09/Feb/2026 10:29:14] "GET /web/login HTTP/1.1" 200 - 10 0.001 0.004
2026-02-09 10:29:14,754 1 INFO betopiaerp betopiaerp.tests.common: Skipping signal changes during tests 
2026-02-09 10:29:14,755 1 INFO betopiaerp werkzeug: 127.0.0.1 - - [09/Feb/2026 10:29:14] "POST /auth/passkey/start-auth HTTP/1.1" 200 - 2 0.000 0.002
2026-02-09 10:29:14,761 1 INFO betopiaerp betopiaerp.addons.base.models.res_users: Login successful for login:admin from 127.0.0.1 
2026-02-09 10:29:14,768 1 INFO betopiaerp betopiaerp.tests.common: Skipping signal changes during tests 
2026-02-09 10:29:14,769 1 INFO betopiaerp werkzeug: 127.0.0.1 - - [09/Feb/2026 10:29:14] "POST /web/login HTTP/1.1" 303 - 26 0.004 0.007
2026-02-09 10:29:14,785 1 INFO betopiaerp betopiaerp.tests.common: Skipping signal changes during tests 
2026-02-09 10:29:14,785 1 INFO betopiaerp werkzeug: 127.0.0.1 - - [09/Feb/2026 10:29:14] "GET /BetopiaERP HTTP/1.1" 200 - 26 0.005 0.010
2026-02-09 10:29:14,789 1 INFO betopiaerp betopiaerp.tests.common: Skipping signal changes during tests 
2026-02-09 10:29:14,790 1 INFO betopiaerp werkzeug: 127.0.0.1 - - [09/Feb/2026 10:29:14] "GET /web/login HTTP/1.1" 200 - 1 0.000 0.002
2026-02-09 10:29:14,794 1 INFO betopiaerp betopiaerp.addons.base.models.res_users: Login failed for login:admin from 127.0.0.1 
2026-02-09 10:29:14,796 1 INFO betopiaerp betopiaerp.tests.common: Skipping signal changes during tests 
2026-02-09 10:29:14,796 1 INFO betopiaerp werkzeug: 127.0.0.1 - - [09/Feb/2026 10:29:14] "POST /web/login HTTP/1.1" 200 - 8 0.001 0.003
2026-02-09 10:29:14,804 1 INFO betopiaerp betopiaerp.tests.common: Skipping signal changes during tests 
2026-02-09 10:29:14,805 1 INFO betopiaerp werkzeug: 127.0.0.1 - - [09/Feb/2026 10:29:14] "GET /web/login HTTP/1.1" 200 - 10 0.002 0.004
2026-02-09 10:29:14,809 1 INFO betopiaerp betopiaerp.tests.common: Skipping signal changes during tests 
2026-02-09 10:29:14,809 1 INFO betopiaerp werkzeug: 127.0.0.1 - - [09/Feb/2026 10:29:14] "POST /auth/passkey/start-auth HTTP/1.1" 200 - 2 0.000 0.002
2026-02-09 10:29:14,815 1 INFO betopiaerp betopiaerp.addons.base.models.res_users: Login successful for login:demo from 127.0.0.1 
2026-02-09 10:29:14,819 1 INFO betopiaerp betopiaerp.tests.common: Skipping signal changes during tests 
2026-02-09 10:29:14,819 1 INFO betopiaerp werkzeug: 127.0.0.1 - - [09/Feb/2026 10:29:14] "POST /web/login HTTP/1.1" 303 - 14 0.002 0.005
2026-02-09 10:29:14,833 1 INFO betopiaerp betopiaerp.tests.common: Skipping signal changes during tests 
2026-02-09 10:29:14,834 1 INFO betopiaerp werkzeug: 127.0.0.1 - - [09/Feb/2026 10:29:14] "GET /BetopiaERP HTTP/1.1" 200 - 17 0.004 0.009
2026-02-09 10:29:14,839 1 INFO betopiaerp betopiaerp.tests.common: Skipping signal changes during tests 
2026-02-09 10:29:14,839 1 INFO betopiaerp werkzeug: 127.0.0.1 - - [09/Feb/2026 10:29:14] "GET /web/login HTTP/1.1" 200 - 1 0.000 0.003
2026-02-09 10:29:14,845 1 INFO betopiaerp betopiaerp.addons.base.models.res_users: Login failed for login:demo from 127.0.0.1 
2026-02-09 10:29:14,847 1 INFO betopiaerp betopiaerp.tests.common: Skipping signal changes during tests 
2026-02-09 10:29:14,848 1 INFO betopiaerp werkzeug: 127.0.0.1 - - [09/Feb/2026 10:29:14] "POST /web/login HTTP/1.1" 200 - 6 0.001 0.004
2026-02-09 10:29:14,850 1 INFO betopiaerp betopiaerp.addons.auth_passkey.tests.test_passkey_demo: Starting PasskeyTest.test_check_identity ... 
2026-02-09 10:29:14,855 1 INFO betopiaerp betopiaerp.addons.base.models.res_users: Login successful for login:admin from n/a 
2026-02-09 10:29:14,861 1 INFO betopiaerp betopiaerp.addons.base.models.ir_http: Generating routing map for key None 
2026-02-09 10:29:14,871 1 INFO betopiaerp betopiaerp.tests.common: Skipping signal changes during tests 
2026-02-09 10:29:14,872 1 INFO betopiaerp werkzeug: 127.0.0.1 - - [09/Feb/2026 10:29:14] "POST /web/dataset/call_kw#res.users.api_key_wizard HTTP/1.1" 200 - 6 0.002 0.010
2026-02-09 10:29:14,878 1 INFO betopiaerp betopiaerp.tests.common: Skipping signal changes during tests 
2026-02-09 10:29:14,879 1 INFO betopiaerp werkzeug: 127.0.0.1 - - [09/Feb/2026 10:29:14] "POST /auth/passkey/start-auth HTTP/1.1" 200 - 2 0.001 0.003
2026-02-09 10:29:14,896 1 INFO betopiaerp betopiaerp.tests.common: Skipping signal changes during tests 
2026-02-09 10:29:14,897 1 INFO betopiaerp werkzeug: 127.0.0.1 - - [09/Feb/2026 10:29:14] "POST /web/dataset/call_kw#res.users.identitycheck.run_check HTTP/1.1" 200 - 19 0.006 0.010
2026-02-09 10:29:14,930 1 INFO betopiaerp werkzeug: 127.0.0.1 - - [09/Feb/2026 10:29:14] "POST /web/dataset/call_kw#res.users.identitycheck.run_check HTTP/1.1" 200 - 4 0.001 0.027
2026-02-09 10:29:14,935 1 INFO betopiaerp betopiaerp.tests.common: Skipping signal changes during tests 
2026-02-09 10:29:14,935 1 INFO betopiaerp werkzeug: 127.0.0.1 - - [09/Feb/2026 10:29:14] "POST /auth/passkey/start-auth HTTP/1.1" 200 - 0 0.000 0.002
2026-02-09 10:29:14,949 1 INFO betopiaerp werkzeug: 127.0.0.1 - - [09/Feb/2026 10:29:14] "POST /web/dataset/call_kw#res.users.identitycheck.run_check HTTP/1.1" 200 - 4 0.001 0.011
2026-02-09 10:29:14,952 1 INFO betopiaerp betopiaerp.tests.common: Skipping signal changes during tests 
2026-02-09 10:29:14,953 1 INFO betopiaerp werkzeug: 127.0.0.1 - - [09/Feb/2026 10:29:14] "POST /auth/passkey/start-auth HTTP/1.1" 200 - 0 0.000 0.002
2026-02-09 10:29:14,965 1 INFO betopiaerp werkzeug: 127.0.0.1 - - [09/Feb/2026 10:29:14] "POST /web/dataset/call_kw#res.users.identitycheck.run_check HTTP/1.1" 200 - 4 0.001 0.009
2026-02-09 10:29:14,969 1 INFO betopiaerp betopiaerp.addons.base.models.res_users: Login successful for login:admin from n/a 
2026-02-09 10:29:14,974 1 INFO betopiaerp betopiaerp.tests.common: Skipping signal changes during tests 
2026-02-09 10:29:14,974 1 INFO betopiaerp werkzeug: 127.0.0.1 - - [09/Feb/2026 10:29:14] "POST /web/dataset/call_kw#res.users.api_key_wizard HTTP/1.1" 200 - 3 0.001 0.002
2026-02-09 10:29:14,977 1 INFO betopiaerp betopiaerp.tests.common: Skipping signal changes during tests 
2026-02-09 10:29:14,978 1 INFO betopiaerp werkzeug: 127.0.0.1 - - [09/Feb/2026 10:29:14] "POST /auth/passkey/start-auth HTTP/1.1" 200 - 0 0.000 0.002
2026-02-09 10:29:14,984 1 INFO betopiaerp betopiaerp.tests.common: Skipping signal changes during tests 
2026-02-09 10:29:14,984 1 INFO betopiaerp werkzeug: 127.0.0.1 - - [09/Feb/2026 10:29:14] "POST /web/dataset/call_kw#res.users.identitycheck.run_check HTTP/1.1" 200 - 6 0.001 0.003
2026-02-09 10:29:15,003 1 INFO betopiaerp werkzeug: 127.0.0.1 - - [09/Feb/2026 10:29:15] "POST /web/dataset/call_kw#res.users.identitycheck.run_check HTTP/1.1" 200 - 4 0.001 0.016
2026-02-09 10:29:15,008 1 INFO betopiaerp betopiaerp.tests.common: Skipping signal changes during tests 
2026-02-09 10:29:15,008 1 INFO betopiaerp werkzeug: 127.0.0.1 - - [09/Feb/2026 10:29:15] "POST /auth/passkey/start-auth HTTP/1.1" 200 - 0 0.000 0.002
2026-02-09 10:29:15,024 1 INFO betopiaerp werkzeug: 127.0.0.1 - - [09/Feb/2026 10:29:15] "POST /web/dataset/call_kw#res.users.identitycheck.run_check HTTP/1.1" 200 - 4 0.001 0.012
2026-02-09 10:29:15,027 1 INFO betopiaerp betopiaerp.tests.common: Skipping signal changes during tests 
2026-02-09 10:29:15,028 1 INFO betopiaerp werkzeug: 127.0.0.1 - - [09/Feb/2026 10:29:15] "POST /auth/passkey/start-auth HTTP/1.1" 200 - 0 0.000 0.001
2026-02-09 10:29:15,040 1 INFO betopiaerp werkzeug: 127.0.0.1 - - [09/Feb/2026 10:29:15] "POST /web/dataset/call_kw#res.users.identitycheck.run_check HTTP/1.1" 200 - 4 0.001 0.010
2026-02-09 10:29:15,045 1 INFO betopiaerp betopiaerp.addons.base.models.res_users: Login successful for login:demo from n/a 
2026-02-09 10:29:15,051 1 INFO betopiaerp betopiaerp.tests.common: Skipping signal changes during tests 
2026-02-09 10:29:15,052 1 INFO betopiaerp werkzeug: 127.0.0.1 - - [09/Feb/2026 10:29:15] "POST /web/dataset/call_kw#res.users.api_key_wizard HTTP/1.1" 200 - 6 0.001 0.002
2026-02-09 10:29:15,055 1 INFO betopiaerp betopiaerp.tests.common: Skipping signal changes during tests 
2026-02-09 10:29:15,056 1 INFO betopiaerp werkzeug: 127.0.0.1 - - [09/Feb/2026 10:29:15] "POST /auth/passkey/start-auth HTTP/1.1" 200 - 2 0.000 0.002
2026-02-09 10:29:15,064 1 INFO betopiaerp betopiaerp.tests.common: Skipping signal changes during tests 
2026-02-09 10:29:15,065 1 INFO betopiaerp werkzeug: 127.0.0.1 - - [09/Feb/2026 10:29:15] "POST /web/dataset/call_kw#res.users.identitycheck.run_check HTTP/1.1" 200 - 13 0.002 0.005
2026-02-09 10:29:15,077 1 INFO betopiaerp werkzeug: 127.0.0.1 - - [09/Feb/2026 10:29:15] "POST /web/dataset/call_kw#res.users.identitycheck.run_check HTTP/1.1" 200 - 4 0.000 0.010
2026-02-09 10:29:15,081 1 INFO betopiaerp betopiaerp.tests.common: Skipping signal changes during tests 
2026-02-09 10:29:15,082 1 INFO betopiaerp werkzeug: 127.0.0.1 - - [09/Feb/2026 10:29:15] "POST /auth/passkey/start-auth HTTP/1.1" 200 - 0 0.000 0.001
2026-02-09 10:29:15,087 1 INFO betopiaerp betopiaerp.tests.common: Skipping signal changes during tests 
2026-02-09 10:29:15,088 1 INFO betopiaerp werkzeug: 127.0.0.1 - - [09/Feb/2026 10:29:15] "POST /web/dataset/call_kw#res.users.identitycheck.run_check HTTP/1.1" 200 - 6 0.001 0.003
2026-02-09 10:29:15,091 1 INFO betopiaerp betopiaerp.tests.common: Skipping signal changes during tests 
2026-02-09 10:29:15,092 1 INFO betopiaerp werkzeug: 127.0.0.1 - - [09/Feb/2026 10:29:15] "POST /auth/passkey/start-auth HTTP/1.1" 200 - 0 0.000 0.002
2026-02-09 10:29:15,103 1 INFO betopiaerp werkzeug: 127.0.0.1 - - [09/Feb/2026 10:29:15] "POST /web/dataset/call_kw#res.users.identitycheck.run_check HTTP/1.1" 200 - 4 0.001 0.009
2026-02-09 10:29:15,104 1 INFO betopiaerp betopiaerp.addons.auth_passkey.tests.test_passkey_demo: Starting PasskeyTest.test_check_user_verification ... 
2026-02-09 10:29:15,107 1 INFO betopiaerp betopiaerp.addons.base.models.ir_http: Generating routing map for key None 
2026-02-09 10:29:19,206 1 INFO betopiaerp betopiaerp.tests.common: Skipping signal changes during tests 
2026-02-09 10:29:19,207 1 INFO betopiaerp werkzeug: 127.0.0.1 - - [09/Feb/2026 10:29:19] "GET /web/login HTTP/1.1" 200 - 53 0.012 4.089
2026-02-09 10:29:19,212 1 INFO betopiaerp betopiaerp.tests.common: Skipping signal changes during tests 
2026-02-09 10:29:19,212 1 INFO betopiaerp werkzeug: 127.0.0.1 - - [09/Feb/2026 10:29:19] "POST /auth/passkey/start-auth HTTP/1.1" 200 - 2 0.000 0.002
2026-02-09 10:29:19,217 1 INFO betopiaerp betopiaerp.addons.base.models.res_users: Login failed for login:demo from 127.0.0.1 
2026-02-09 10:29:19,219 1 INFO betopiaerp betopiaerp.tests.common: Skipping signal changes during tests 
2026-02-09 10:29:19,220 1 INFO betopiaerp werkzeug: 127.0.0.1 - - [09/Feb/2026 10:29:19] "POST /web/login HTTP/1.1" 200 - 9 0.001 0.004
2026-02-09 10:29:19,224 1 INFO betopiaerp betopiaerp.tests.common: Skipping signal changes during tests 
2026-02-09 10:29:19,224 1 INFO betopiaerp werkzeug: 127.0.0.1 - - [09/Feb/2026 10:29:19] "GET /web/login HTTP/1.1" 200 - 2 0.000 0.002
2026-02-09 10:29:19,228 1 INFO betopiaerp betopiaerp.tests.common: Skipping signal changes during tests 
2026-02-09 10:29:19,229 1 INFO betopiaerp werkzeug: 127.0.0.1 - - [09/Feb/2026 10:29:19] "POST /auth/passkey/start-auth HTTP/1.1" 200 - 1 0.000 0.002
2026-02-09 10:29:19,235 1 INFO betopiaerp betopiaerp.addons.base.models.res_users: Login successful for login:demo from 127.0.0.1 
2026-02-09 10:29:19,238 1 INFO betopiaerp betopiaerp.tests.common: Skipping signal changes during tests 
2026-02-09 10:29:19,239 1 INFO betopiaerp werkzeug: 127.0.0.1 - - [09/Feb/2026 10:29:19] "POST /web/login HTTP/1.1" 303 - 14 0.003 0.005
2026-02-09 10:29:19,241 1 INFO betopiaerp betopiaerp.addons.base.models.res_device: User 532 inserts device log (QzhB0k0zqua-cDyt0gcigradQctqo8pdZOj_azwvGi) 
2026-02-09 10:29:29,428 1 INFO betopiaerp betopiaerp.tests.common: Skipping signal changes during tests 
2026-02-09 10:29:29,429 1 INFO betopiaerp werkzeug: 127.0.0.1 - - [09/Feb/2026 10:29:29] "GET /BetopiaERP HTTP/1.1" 200 - 43 0.010 10.178
2026-02-09 10:29:29,431 1 INFO betopiaerp betopiaerp.addons.auth_passkey.tests.test_passkey_demo: Starting PasskeyTest.test_registration ... 
2026-02-09 10:29:29,434 1 INFO betopiaerp betopiaerp.addons.auth_passkey.models.auth_passkey_key: Passkey (#20) deleted by __system__ (#1) from n/a 
2026-02-09 10:29:29,435 1 INFO betopiaerp betopiaerp.addons.auth_passkey.models.auth_passkey_key: Passkey (#19) deleted by __system__ (#1) from n/a 
2026-02-09 10:29:29,438 1 INFO betopiaerp betopiaerp.models.unlink: User #1 deleted auth.passkey.key records with IDs: [20, 19] 
2026-02-09 10:29:29,440 1 INFO betopiaerp betopiaerp.addons.base.models.res_users: Login successful for login:admin from n/a 
2026-02-09 10:29:29,445 1 INFO betopiaerp betopiaerp.addons.base.models.ir_http: Generating routing map for key None 
2026-02-09 10:29:29,452 1 INFO betopiaerp betopiaerp.tests.common: Skipping signal changes during tests 
2026-02-09 10:29:29,452 1 INFO betopiaerp werkzeug: 127.0.0.1 - - [09/Feb/2026 10:29:29] "POST /web/dataset/call_kw#res.users.action_create_passkey HTTP/1.1" 200 - 6 0.001 0.006
2026-02-09 10:29:29,769 1 INFO betopiaerp betopiaerp.tests.common: Skipping signal changes during tests 
2026-02-09 10:29:29,770 1 INFO betopiaerp werkzeug: 127.0.0.1 - - [09/Feb/2026 10:29:29] "POST /web/dataset/call_kw#res.users.identitycheck.run_check HTTP/1.1" 200 - 20 0.005 0.311
2026-02-09 10:29:29,778 1 INFO betopiaerp betopiaerp.tests.common: Skipping signal changes during tests 
2026-02-09 10:29:29,779 1 INFO betopiaerp werkzeug: 127.0.0.1 - - [09/Feb/2026 10:29:29] "POST /web/dataset/call_kw#auth.passkey.key.create.create HTTP/1.1" 200 - 10 0.003 0.004
2026-02-09 10:29:29,786 1 INFO betopiaerp betopiaerp.addons.auth_passkey.models.auth_passkey_key: Passkey (#23) created by admin (#2) from 127.0.0.1 
2026-02-09 10:29:29,788 1 INFO betopiaerp betopiaerp.tests.common: Skipping signal changes during tests 
2026-02-09 10:29:29,789 1 INFO betopiaerp werkzeug: 127.0.0.1 - - [09/Feb/2026 10:29:29] "POST /web/dataset/call_kw#auth.passkey.key.create.make_key HTTP/1.1" 200 - 13 0.003 0.005
2026-02-09 10:29:29,810 1 INFO betopiaerp betopiaerp.addons.base.models.ir_attachment: filestore gc 1 checked, 1 removed 
2026-02-09 10:29:29,811 1 INFO betopiaerp betopiaerp.modules.loading: Module auth_passkey loaded in 29.90s (incl. 29.28s test), 219 queries (+699 test, +219 other) 
2026-02-09 10:29:29,811 1 INFO betopiaerp betopiaerp.modules.loading: Loading module html_editor (12/14) 
2026-02-09 10:29:30,633 1 INFO betopiaerp betopiaerp.registry: module html_editor: creating or updating database tables 
2026-02-09 10:29:30,952 1 INFO betopiaerp betopiaerp.modules.loading: loading html_editor/security/ir.model.access.csv 
2026-02-09 10:29:31,017 1 INFO betopiaerp betopiaerp.addons.html_editor.tests.test_converter: Starting TestHTMLToText.test_br ... 
2026-02-09 10:29:31,018 1 INFO betopiaerp betopiaerp.addons.html_editor.tests.test_converter: Starting TestHTMLToText.test_div ... 
2026-02-09 10:29:31,018 1 INFO betopiaerp betopiaerp.addons.html_editor.tests.test_converter: Starting TestHTMLToText.test_inline ... 
2026-02-09 10:29:31,018 1 INFO betopiaerp betopiaerp.addons.html_editor.tests.test_converter: Starting TestHTMLToText.test_other_block ... 
2026-02-09 10:29:31,019 1 INFO betopiaerp betopiaerp.addons.html_editor.tests.test_converter: Starting TestHTMLToText.test_p ... 
2026-02-09 10:29:31,019 1 INFO betopiaerp betopiaerp.addons.html_editor.tests.test_converter: Starting TestHTMLToText.test_rawstring ... 
2026-02-09 10:29:31,019 1 INFO betopiaerp betopiaerp.addons.html_editor.tests.test_converter: Starting TestHTMLToText.test_whitespace ... 
2026-02-09 10:29:31,021 1 INFO betopiaerp betopiaerp.addons.html_editor.tests.test_converter: Starting TestConvertBack.test_char ... 
2026-02-09 10:29:31,027 1 INFO betopiaerp betopiaerp.addons.html_editor.tests.test_converter: Starting TestConvertBack.test_float ... 
2026-02-09 10:29:31,034 1 INFO betopiaerp betopiaerp.addons.html_editor.tests.test_converter: Starting TestConvertBack.test_integer ... 
2026-02-09 10:29:31,042 1 INFO betopiaerp betopiaerp.addons.html_editor.tests.test_converter: Starting TestConvertBack.test_m2o ... 
2026-02-09 10:29:31,047 1 INFO betopiaerp betopiaerp.addons.html_editor.tests.test_converter: Starting TestConvertBack.test_numeric ... 
2026-02-09 10:29:31,052 1 INFO betopiaerp betopiaerp.addons.html_editor.tests.test_converter: Starting TestConvertBack.test_selection_str ... 
2026-02-09 10:29:31,054 1 INFO betopiaerp betopiaerp.addons.html_editor.tests.test_converter: Starting TestConvertBack.test_text ... 
2026-02-09 10:29:31,077 1 INFO betopiaerp betopiaerp.addons.base.models.ir_attachment: filestore gc 0 checked, 0 removed 
2026-02-09 10:29:31,078 1 INFO betopiaerp betopiaerp.addons.html_editor.tests.test_views: Starting TestViews.test_find_available_name ... 
2026-02-09 10:29:31,085 1 INFO betopiaerp betopiaerp.addons.html_editor.tests.test_views: Starting TestViews.test_infinite_inherit_loop ... 
2026-02-09 10:29:31,091 1 INFO betopiaerp betopiaerp.addons.html_editor.tests.test_views: Starting TestViews.test_oe_structure_as_inherited_view ... 
2026-02-09 10:29:31,126 1 INFO betopiaerp betopiaerp.addons.base.models.ir_attachment: filestore gc 0 checked, 0 removed 
2026-02-09 10:29:31,127 1 INFO betopiaerp betopiaerp.modules.loading: Module html_editor loaded in 1.32s (incl. 0.11s test), 1004 queries (+106 test, +1004 other) 
2026-02-09 10:29:31,127 1 INFO betopiaerp betopiaerp.modules.loading: Loading module iap (13/14) 
2026-02-09 10:29:31,131 1 INFO betopiaerp betopiaerp.registry: module iap: creating or updating database tables 
2026-02-09 10:29:31,150 1 INFO betopiaerp betopiaerp.modules.loading: loading iap/data/services.xml 
2026-02-09 10:29:31,156 1 INFO betopiaerp betopiaerp.modules.loading: loading iap/security/ir.model.access.csv 
2026-02-09 10:29:31,165 1 INFO betopiaerp betopiaerp.modules.loading: loading iap/security/ir_rule.xml 
2026-02-09 10:29:31,170 1 INFO betopiaerp betopiaerp.modules.loading: loading iap/views/iap_views.xml 
2026-02-09 10:29:31,191 1 INFO betopiaerp betopiaerp.modules.loading: loading iap/views/res_config_settings.xml 
2026-02-09 10:29:31,300 1 INFO betopiaerp betopiaerp.addons.iap.tests.test_iap: Starting TestIAP.test_get_iap_account ... 
2026-02-09 10:29:31,312 1 INFO betopiaerp betopiaerp.models: Access Denied by ACLs for operation: read, uid: 533, model: iap.account, field: account_token 
2026-02-09 10:29:31,338 1 INFO betopiaerp betopiaerp.addons.base.models.ir_attachment: filestore gc 1 checked, 1 removed 
2026-02-09 10:29:31,339 1 INFO betopiaerp betopiaerp.modules.loading: Module iap loaded in 0.21s (incl. 0.07s test), 158 queries (+103 test, +158 other) 
2026-02-09 10:29:31,339 1 INFO betopiaerp betopiaerp.modules.loading: Loading module web_unsplash (14/14) 
2026-02-09 10:29:31,392 1 INFO betopiaerp betopiaerp.registry: module web_unsplash: creating or updating database tables 
2026-02-09 10:29:31,420 1 INFO betopiaerp betopiaerp.modules.loading: loading web_unsplash/views/res_config_settings_view.xml 
2026-02-09 10:29:31,457 1 INFO betopiaerp betopiaerp.modules.loading: Module web_unsplash loaded in 0.12s, 111 queries (+111 other) 
2026-02-09 10:29:31,458 1 INFO betopiaerp betopiaerp.modules.loading: 14 modules loaded in 80.19s, 4745 queries (+9139 extra) 
2026-02-09 10:29:31,637 1 ERROR betopiaerp betopiaerp.modules.loading: At least one test failed when loading the modules. 
2026-02-09 10:29:31,642 1 INFO betopiaerp betopiaerp.registry: Registry changed, signaling through the database 
2026-02-09 10:29:31,643 1 INFO betopiaerp betopiaerp.registry: Registry loaded in 230.764s 
2026-02-09 10:29:31,644 1 INFO betopiaerp betopiaerp.service.server: Starting post tests 
2026-02-09 10:29:31,680 1 INFO betopiaerp betopiaerp.addons.base.models.ir_qweb: Pregenerating assets bundles 
2026-02-09 10:29:57,970 1 INFO betopiaerp betopiaerp.addons.base.models.ir_qweb: JS Assets bundles generated in 26.288331985473633 seconds 
2026-02-09 10:30:15,822 1 INFO betopiaerp betopiaerp.addons.base.models.assetsbundle: Generating a new asset bundle attachment /web/assets/b91d9db/web.report_assets_common.min.css (id:2712) 
2026-02-09 10:30:15,823 1 INFO betopiaerp betopiaerp.addons.base.models.assetsbundle: Deleting attachments [1709] (matching /web/assets/_______/web.report_assets_common.min.css) because it was replaced with /web/assets/b91d9db/web.report_assets_common.min.css 
2026-02-09 10:30:15,827 1 INFO betopiaerp betopiaerp.addons.base.models.ir_qweb: CSS Assets bundles generated in 17.856549978256226 seconds 
2026-02-09 10:30:15,830 1 INFO betopiaerp betopiaerp.addons.base.tests.test_cloc: Starting TestClocStdNoCusto.test_no_custo_install ... 
2026-02-09 10:30:15,835 1 INFO betopiaerp betopiaerp.addons.base.models.ir_attachment: filestore gc 1 checked, 0 removed 
2026-02-09 10:30:15,837 1 INFO betopiaerp betopiaerp.addons.base.tests.test_deprecation: Starting TestModelDeprecations.test_model_attributes ... 
2026-02-09 10:30:15,839 1 INFO betopiaerp betopiaerp.addons.base.tests.test_deprecation: Starting TestModelDeprecations.test_name_get ... 
2026-02-09 10:30:15,842 1 INFO betopiaerp betopiaerp.addons.base.models.ir_attachment: filestore gc 0 checked, 0 removed 
2026-02-09 10:30:15,843 1 INFO betopiaerp betopiaerp.addons.base.tests.test_display_name: Starting TestEveryModel.test_computed_fields_without_dependencies ... 
2026-02-09 10:30:15,884 1 INFO betopiaerp betopiaerp.addons.base.tests.test_display_name: Starting TestEveryModel.test_display_name_new_record ... 
2026-02-09 10:30:15,961 1 INFO betopiaerp betopiaerp.addons.base.tests.test_display_name: Starting TestEveryModel.test_form_new_record ... 
2026-02-09 10:30:16,383 1 INFO betopiaerp betopiaerp.addons.base.models.ir_attachment: filestore gc 0 checked, 0 removed 
2026-02-09 10:30:16,384 1 INFO betopiaerp betopiaerp.addons.base.tests.test_form_create: Starting TestFormCreate.test_create_res_bank ... 
2026-02-09 10:30:16,393 1 INFO betopiaerp betopiaerp.addons.base.tests.test_form_create: Starting TestFormCreate.test_create_res_company ... 
2026-02-09 10:30:16,502 1 INFO betopiaerp betopiaerp.addons.base.tests.test_form_create: Starting TestFormCreate.test_create_res_country ... 
2026-02-09 10:30:16,517 1 INFO betopiaerp betopiaerp.addons.base.tests.test_form_create: Starting TestFormCreate.test_create_res_group ... 
2026-02-09 10:30:16,551 1 INFO betopiaerp betopiaerp.addons.base.tests.test_form_create: Starting TestFormCreate.test_create_res_lang ... 
2026-02-09 10:30:16,564 1 INFO betopiaerp betopiaerp.addons.base.tests.test_form_create: Starting TestFormCreate.test_create_res_partner ... 
2026-02-09 10:30:16,598 1 INFO betopiaerp betopiaerp.addons.base.tests.test_form_create: Starting TestFormCreate.test_create_res_users ... 
2026-02-09 10:30:16,644 1 INFO betopiaerp betopiaerp.addons.base.models.ir_attachment: filestore gc 1 checked, 1 removed 
2026-02-09 10:30:16,646 1 INFO betopiaerp betopiaerp.addons.base.tests.test_http_case: Starting TestHttpCase.test_console_error_object ... 
2026-02-09 10:30:16,664 1 INFO betopiaerp betopiaerp.addons.base.tests.test_http_case: skipped TestHttpCase.test_console_error_object : websocket-client module is not installed 
2026-02-09 10:30:16,665 1 INFO betopiaerp betopiaerp.addons.base.tests.test_http_case: Starting TestHttpCase.test_console_error_string ... 
2026-02-09 10:30:16,678 1 INFO betopiaerp betopiaerp.addons.base.tests.test_http_case: skipped TestHttpCase.test_console_error_string : websocket-client module is not installed 
2026-02-09 10:30:16,679 1 INFO betopiaerp betopiaerp.addons.base.tests.test_http_case: Starting TestHttpCase.test_console_log_object ... 
2026-02-09 10:30:16,691 1 INFO betopiaerp betopiaerp.addons.base.tests.test_http_case: skipped TestHttpCase.test_console_log_object : websocket-client module is not installed 
2026-02-09 10:30:16,693 1 INFO betopiaerp betopiaerp.addons.base.models.ir_attachment: filestore gc 0 checked, 0 removed 
2026-02-09 10:30:16,696 1 INFO betopiaerp betopiaerp.addons.base.tests.test_http_case: Starting TestRunbotLog.test_runbot_js_log ... 
2026-02-09 10:30:16,710 1 INFO betopiaerp betopiaerp.addons.base.tests.test_http_case: skipped TestRunbotLog.test_runbot_js_log : websocket-client module is not installed 
2026-02-09 10:30:16,712 1 INFO betopiaerp betopiaerp.addons.base.models.ir_attachment: filestore gc 0 checked, 0 removed 
2026-02-09 10:30:16,714 1 INFO betopiaerp betopiaerp.addons.base.tests.test_http_case: Starting TestChromeBrowser.test_screencasts ... 
2026-02-09 10:30:16,715 1 WARNING betopiaerp betopiaerp.addons.base.tests.test_http_case.TestChromeBrowser.test_screencasts: websocket-client module is not installed 
2026-02-09 10:30:16,715 1 INFO betopiaerp betopiaerp.addons.base.tests.test_http_case: skipped TestChromeBrowser.test_screencasts : websocket-client module is not installed 
2026-02-09 10:30:16,717 1 INFO betopiaerp betopiaerp.addons.base.models.ir_attachment: filestore gc 0 checked, 0 removed 
2026-02-09 10:30:16,719 1 INFO betopiaerp betopiaerp.addons.base.tests.test_http_case: Starting TestChromeBrowserOddDimensions.test_screencasts ... 
2026-02-09 10:30:16,720 1 WARNING betopiaerp betopiaerp.addons.base.tests.test_http_case.TestChromeBrowserOddDimensions.test_screencasts: websocket-client module is not installed 
2026-02-09 10:30:16,720 1 INFO betopiaerp betopiaerp.addons.base.tests.test_http_case: skipped TestChromeBrowserOddDimensions.test_screencasts : websocket-client module is not installed 
2026-02-09 10:30:16,722 1 INFO betopiaerp betopiaerp.addons.base.models.ir_attachment: filestore gc 0 checked, 0 removed 
2026-02-09 10:30:16,723 1 INFO betopiaerp betopiaerp.addons.base.tests.test_import_files: Starting TestImportFiles.test_import_contacts_template_xls ... 
2026-02-09 10:30:16,723 1 INFO betopiaerp betopiaerp.addons.base.tests.test_import_files: skipped TestImportFiles.test_import_contacts_template_xls : Needs demo data to be able to import those files 
2026-02-09 10:30:16,726 1 INFO betopiaerp betopiaerp.addons.base.models.ir_attachment: filestore gc 0 checked, 0 removed 
2026-02-09 10:30:16,726 1 INFO betopiaerp betopiaerp.addons.base.tests.test_ir_actions: Starting TestCustomFieldsPostInstall.test_add_field_valid ... 
2026-02-09 10:30:16,768 1 INFO betopiaerp betopiaerp.registry: Invalidating all model caches from _callCleanup /opt/betopiaerp/betopiaerp/tests/case.py:190 
2026-02-09 10:30:16,788 1 INFO betopiaerp betopiaerp.addons.base.models.ir_attachment: filestore gc 0 checked, 0 removed 
2026-02-09 10:30:16,790 1 INFO betopiaerp betopiaerp.addons.base.tests.test_ir_asset: Starting TestAsset.test_asset_tag ... 
2026-02-09 10:30:16,824 1 INFO betopiaerp betopiaerp.addons.base.models.ir_attachment: filestore gc 0 checked, 0 removed 
2026-02-09 10:30:16,825 1 INFO betopiaerp betopiaerp.addons.base.tests.test_ir_filters: Starting TestAllFilters.test_filters ... 
2026-02-09 10:30:16,827 1 INFO betopiaerp betopiaerp.addons.base.models.ir_attachment: filestore gc 0 checked, 0 removed 
2026-02-09 10:30:16,828 1 INFO betopiaerp betopiaerp.addons.base.tests.test_ir_http: Starting TestIrHttpPerformances.test_routing_map_performance ... 
2026-02-09 10:30:16,829 1 INFO betopiaerp betopiaerp.addons.base.models.ir_http: Generating routing map for key None 
2026-02-09 10:30:16,839 1 INFO betopiaerp betopiaerp.addons.base.tests.test_ir_http: Routing map web generated in 0.010s 
2026-02-09 10:30:16,840 1 INFO betopiaerp betopiaerp.addons.base.models.ir_http: Generating routing map for key 1 
2026-02-09 10:30:16,872 1 INFO betopiaerp betopiaerp.addons.base.tests.test_ir_http: Routing map website1 generated in 0.033s 
2026-02-09 10:30:16,875 1 INFO betopiaerp betopiaerp.addons.base.models.ir_attachment: filestore gc 0 checked, 0 removed 
2026-02-09 10:30:16,876 1 INFO betopiaerp betopiaerp.addons.base.tests.test_ir_model: Starting TestIrModelEdition.test_delete_manual_models_with_base_fields ... 
2026-02-09 10:30:16,957 1 INFO betopiaerp betopiaerp.models.unlink: User #1 deleted ir.model records with IDs: [217, 219] 
2026-02-09 10:30:16,977 1 INFO betopiaerp betopiaerp.addons.base.tests.test_ir_model: Starting TestIrModelEdition.test_ir_model_fields_name_create ... 
2026-02-09 10:30:17,007 1 INFO betopiaerp betopiaerp.addons.base.tests.test_ir_model: Starting TestIrModelEdition.test_new_ir_model_fields_related ... 
2026-02-09 10:30:17,082 1 INFO betopiaerp betopiaerp.addons.base.models.ir_attachment: filestore gc 0 checked, 0 removed 
2026-02-09 10:30:17,087 1 INFO betopiaerp betopiaerp.addons.base.tests.test_ir_model: Starting TestIrModelFieldsTranslation.test_ir_model_fields_translation ... 
2026-02-09 10:30:17,106 1 WARNING betopiaerp betopiaerp.addons.base.tests.test_ir_model.TestIrModelFieldsTranslation.test_ir_model_fields_translation: websocket-client module is not installed 
2026-02-09 10:30:17,107 1 INFO betopiaerp betopiaerp.addons.base.tests.test_ir_model: skipped TestIrModelFieldsTranslation.test_ir_model_fields_translation : websocket-client module is not installed 
2026-02-09 10:30:17,109 1 INFO betopiaerp betopiaerp.addons.base.models.ir_attachment: filestore gc 0 checked, 0 removed 
2026-02-09 10:30:17,110 1 INFO betopiaerp betopiaerp.addons.base.tests.test_neutralize: Starting TestNeutralize.test_10_neutralize ... 
2026-02-09 10:30:17,128 1 INFO betopiaerp betopiaerp.addons.base.models.ir_attachment: filestore gc 0 checked, 0 removed 
2026-02-09 10:30:17,129 1 INFO betopiaerp betopiaerp.addons.base.tests.test_orm: Starting TestCompanyDependent.test_orm_ondelete_restrict ... 
2026-02-09 10:30:17,131 1 INFO betopiaerp betopiaerp.addons.base.models.ir_attachment: filestore gc 0 checked, 0 removed 
2026-02-09 10:30:17,132 1 INFO betopiaerp betopiaerp.tests.common: Auto retry disabled for test_invalidation (betopiaerp.addons.base.tests.test_ormcache.TestOrmCache.test_invalidation) 
2026-02-09 10:30:17,133 1 INFO betopiaerp betopiaerp.addons.base.tests.test_ormcache: Starting TestOrmCache.test_invalidation ... 
2026-02-09 10:30:17,134 1 INFO betopiaerp betopiaerp.tests.common: Auto retry disabled for test_invalidation_thread_local (betopiaerp.addons.base.tests.test_ormcache.TestOrmCache.test_invalidation_thread_local) 
2026-02-09 10:30:17,134 1 INFO betopiaerp betopiaerp.addons.base.tests.test_ormcache: Starting TestOrmCache.test_invalidation_thread_local ... 
2026-02-09 10:30:17,136 1 INFO betopiaerp betopiaerp.tests.common: Auto retry disabled for test_ormcache (betopiaerp.addons.base.tests.test_ormcache.TestOrmCache.test_ormcache) 
2026-02-09 10:30:17,136 1 INFO betopiaerp betopiaerp.addons.base.tests.test_ormcache: Starting TestOrmCache.test_ormcache ... 
2026-02-09 10:30:17,138 1 INFO betopiaerp betopiaerp.tests.common: Auto retry disabled for test_signaling_01_multiple (betopiaerp.addons.base.tests.test_ormcache.TestOrmCache.test_signaling_01_multiple) 
2026-02-09 10:30:17,139 1 INFO betopiaerp betopiaerp.addons.base.tests.test_ormcache: Starting TestOrmCache.test_signaling_01_multiple ... 
2026-02-09 10:30:17,145 1 INFO betopiaerp betopiaerp.tests.common: Auto retry disabled for test_signaling_01_single (betopiaerp.addons.base.tests.test_ormcache.TestOrmCache.test_signaling_01_single) 
2026-02-09 10:30:17,145 1 INFO betopiaerp betopiaerp.addons.base.tests.test_ormcache: Starting TestOrmCache.test_signaling_01_single ... 
2026-02-09 10:30:17,149 1 INFO betopiaerp betopiaerp.tests.common: Auto retry disabled for test_signaling_gc (betopiaerp.addons.base.tests.test_ormcache.TestOrmCache.test_signaling_gc) 
2026-02-09 10:30:17,149 1 INFO betopiaerp betopiaerp.addons.base.tests.test_ormcache: Starting TestOrmCache.test_signaling_gc ... 
2026-02-09 10:30:17,158 1 INFO betopiaerp betopiaerp.addons.base.models.ir_attachment: filestore gc 0 checked, 0 removed 
2026-02-09 10:30:17,159 1 INFO betopiaerp betopiaerp.addons.base.tests.test_overrides: Starting TestOverrides.test_creates ... 
2026-02-09 10:30:17,166 1 INFO betopiaerp betopiaerp.addons.base.tests.test_overrides: Starting TestOverrides.test_default_get ... 
2026-02-09 10:30:17,201 1 INFO betopiaerp betopiaerp.addons.base.tests.test_overrides: Starting TestOverrides.test_unlink ... 
2026-02-09 10:30:17,230 1 INFO betopiaerp betopiaerp.addons.base.tests.test_overrides: Starting TestOverrides.test_writes ... 
2026-02-09 10:30:17,250 1 INFO betopiaerp betopiaerp.addons.base.models.ir_attachment: filestore gc 0 checked, 0 removed 
2026-02-09 10:30:17,254 1 INFO betopiaerp betopiaerp.addons.base.tests.test_profiler: Starting TestProfileAccess.test_admin_has_access ... 
2026-02-09 10:30:17,256 1 INFO betopiaerp betopiaerp.addons.base.tests.test_profiler: Starting TestProfileAccess.test_user_no_access ... 
2026-02-09 10:30:17,289 1 INFO betopiaerp betopiaerp.addons.base.models.ir_model: Access Denied by ACLs for operation: read, uid: 535, model: ir.profile 
2026-02-09 10:30:17,293 1 INFO betopiaerp betopiaerp.addons.base.models.ir_model: Access Denied by ACLs for operation: read, uid: 535, model: ir.profile 
2026-02-09 10:30:17,297 1 INFO betopiaerp betopiaerp.addons.base.models.ir_attachment: filestore gc 1 checked, 1 removed 
2026-02-09 10:30:17,297 1 INFO betopiaerp betopiaerp.addons.base.tests.test_profiler: Starting TestSpeedscope.test_convert_empty ... 
2026-02-09 10:30:17,298 1 INFO betopiaerp betopiaerp.addons.base.tests.test_profiler: Starting TestSpeedscope.test_converts_context ... 
2026-02-09 10:30:17,298 1 INFO betopiaerp betopiaerp.addons.base.tests.test_profiler: Starting TestSpeedscope.test_converts_context_lower ... 
2026-02-09 10:30:17,298 1 INFO betopiaerp betopiaerp.addons.base.tests.test_profiler: Starting TestSpeedscope.test_converts_context_nested ... 
2026-02-09 10:30:17,299 1 INFO betopiaerp betopiaerp.addons.base.tests.test_profiler: Starting TestSpeedscope.test_converts_init_stack_trace ... 
2026-02-09 10:30:17,299 1 INFO betopiaerp betopiaerp.addons.base.tests.test_profiler: Starting TestSpeedscope.test_converts_no_context ... 
2026-02-09 10:30:17,299 1 INFO betopiaerp betopiaerp.addons.base.tests.test_profiler: Starting TestSpeedscope.test_converts_profile_no_end ... 
2026-02-09 10:30:17,300 1 INFO betopiaerp betopiaerp.addons.base.tests.test_profiler: Starting TestSpeedscope.test_converts_profile_simple ... 
2026-02-09 10:30:17,300 1 INFO betopiaerp betopiaerp.addons.base.tests.test_profiler: Starting TestSpeedscope.test_end_priority ... 
2026-02-09 10:30:17,300 1 INFO betopiaerp betopiaerp.addons.base.tests.test_profiler: Starting TestSpeedscope.test_following_queries_dont_merge ... 
2026-02-09 10:30:17,301 1 INFO betopiaerp betopiaerp.addons.base.tests.test_profiler: Starting TestProfiling.test_default_recorders ... 
2026-02-09 10:30:17,373 1 INFO betopiaerp betopiaerp.addons.base.tests.test_profiler: Starting TestProfiling.test_default_values ... 
2026-02-09 10:30:17,374 1 INFO betopiaerp betopiaerp.addons.base.tests.test_profiler: Starting TestProfiling.test_env_profiler_database ... 
2026-02-09 10:30:17,375 1 INFO betopiaerp betopiaerp.addons.base.tests.test_profiler: Starting TestProfiling.test_env_profiler_description ... 
2026-02-09 10:30:17,388 1 INFO betopiaerp betopiaerp.addons.base.tests.test_profiler: Starting TestProfiling.test_execution_context_nested ... 
2026-02-09 10:30:17,404 1 INFO betopiaerp betopiaerp.addons.base.tests.test_profiler: Starting TestProfiling.test_execution_context_save ... 
2026-02-09 10:30:17,420 1 INFO betopiaerp betopiaerp.addons.base.tests.test_profiler: Starting TestProfiling.test_profiler_return ... 
2026-02-09 10:30:17,436 1 INFO betopiaerp betopiaerp.tools.profiler: ir_profile 16 (2026-02-09 10:30:17 test_profiler_return) created 
2026-02-09 10:30:17,437 1 INFO betopiaerp betopiaerp.addons.base.tests.test_profiler: Starting TestProfiling.test_qweb_recorder ... 
2026-02-09 10:30:17,486 1 INFO betopiaerp betopiaerp.addons.base.models.ir_attachment: filestore gc 0 checked, 0 removed 
2026-02-09 10:30:17,487 1 INFO betopiaerp betopiaerp.addons.base.tests.test_qweb: Starting TestQWebTField.test_default_value ... 
2026-02-09 10:30:17,495 1 INFO betopiaerp betopiaerp.addons.base.tests.test_qweb: Starting TestQWebTField.test_i18n ... 
2026-02-09 10:30:17,554 1 INFO betopiaerp betopiaerp.addons.base.tests.test_qweb: Starting TestQWebTField.test_no_value_no_default_value ... 
2026-02-09 10:30:17,559 1 INFO betopiaerp betopiaerp.addons.base.tests.test_qweb: Starting TestQWebTField.test_reject_crummy_tags ... 
2026-02-09 10:30:17,568 1 INFO betopiaerp betopiaerp.addons.base.tests.test_qweb: Starting TestQWebTField.test_reject_t_tag ... 
2026-02-09 10:30:17,572 1 INFO betopiaerp betopiaerp.addons.base.tests.test_qweb: Starting TestQWebTField.test_render_t_options ... 
2026-02-09 10:30:17,580 1 INFO betopiaerp betopiaerp.addons.base.tests.test_qweb: Starting TestQWebTField.test_trivial ... 
2026-02-09 10:30:17,637 1 INFO betopiaerp betopiaerp.addons.base.tests.test_qweb: Starting TestQWebTField.test_xss_breakout ... 
2026-02-09 10:30:17,645 1 INFO betopiaerp betopiaerp.addons.base.models.ir_attachment: filestore gc 0 checked, 0 removed 
2026-02-09 10:30:17,645 1 INFO betopiaerp betopiaerp.addons.base.tests.test_qweb: Starting TestQWebNS.test_render_dynamic_xml_with_code_error ... 
2026-02-09 10:30:17,653 1 INFO betopiaerp betopiaerp.addons.base.tests.test_qweb: Starting TestQWebNS.test_render_dynamic_xml_with_namespace_2 ... 
2026-02-09 10:30:17,658 1 INFO betopiaerp betopiaerp.addons.base.tests.test_qweb: Starting TestQWebNS.test_render_dynamic_xml_with_namespace_t_attf ... 
2026-02-09 10:30:17,663 1 INFO betopiaerp betopiaerp.addons.base.tests.test_qweb: Starting TestQWebNS.test_render_dynamic_xml_with_namespace_t_attf_with_useless_distributed_namespace ... 
2026-02-09 10:30:17,668 1 INFO betopiaerp betopiaerp.addons.base.tests.test_qweb: Starting TestQWebNS.test_render_dynamic_xml_with_namespace_t_esc ... 
2026-02-09 10:30:17,673 1 INFO betopiaerp betopiaerp.addons.base.tests.test_qweb: Starting TestQWebNS.test_render_dynamic_xml_with_namespace_t_esc_with_useless_distributed_namespace ... 
2026-02-09 10:30:17,677 1 INFO betopiaerp betopiaerp.addons.base.tests.test_qweb: Starting TestQWebNS.test_render_dynamic_xml_with_namespaced_attributes ... 
2026-02-09 10:30:17,683 1 INFO betopiaerp betopiaerp.addons.base.tests.test_qweb: Starting TestQWebNS.test_render_static_xml_with_extension ... 
2026-02-09 10:30:17,689 1 INFO betopiaerp betopiaerp.addons.base.tests.test_qweb: Starting TestQWebNS.test_render_static_xml_with_namespace ... 
2026-02-09 10:30:17,695 1 INFO betopiaerp betopiaerp.addons.base.tests.test_qweb: Starting TestQWebNS.test_render_static_xml_with_namespace_2 ... 
2026-02-09 10:30:17,700 1 INFO betopiaerp betopiaerp.addons.base.tests.test_qweb: Starting TestQWebNS.test_render_static_xml_with_namespace_3 ... 
2026-02-09 10:30:17,704 1 INFO betopiaerp betopiaerp.addons.base.tests.test_qweb: Starting TestQWebNS.test_render_static_xml_with_namespace_dynamic ... 
2026-02-09 10:30:17,709 1 INFO betopiaerp betopiaerp.addons.base.tests.test_qweb: Starting TestQWebNS.test_render_static_xml_with_namespace_dynamic_2 ... 
2026-02-09 10:30:17,715 1 INFO betopiaerp betopiaerp.addons.base.tests.test_qweb: Starting TestQWebNS.test_render_static_xml_with_namespaced_attributes ... 
2026-02-09 10:30:17,719 1 INFO betopiaerp betopiaerp.addons.base.tests.test_qweb: Starting TestQWebNS.test_render_static_xml_with_t_call ... 
2026-02-09 10:30:17,729 1 INFO betopiaerp betopiaerp.addons.base.tests.test_qweb: Starting TestQWebNS.test_render_static_xml_with_useless_distributed_namespace ... 
2026-02-09 10:30:17,734 1 INFO betopiaerp betopiaerp.addons.base.tests.test_qweb: Starting TestQWebNS.test_render_static_xml_with_void_element ... 
2026-02-09 10:30:17,740 1 INFO betopiaerp betopiaerp.addons.base.models.ir_attachment: filestore gc 0 checked, 0 removed 
2026-02-09 10:30:17,741 1 INFO betopiaerp betopiaerp.addons.base.tests.test_qweb: Starting TestQWebBasic.test_att_escaping_1 ... 
2026-02-09 10:30:17,747 1 INFO betopiaerp betopiaerp.addons.base.tests.test_qweb: Starting TestQWebBasic.test_att_escaping_2 ... 
2026-02-09 10:30:17,753 1 INFO betopiaerp betopiaerp.addons.base.tests.test_qweb: Starting TestQWebBasic.test_att_no_propagation_1 ... 
2026-02-09 10:30:17,758 1 INFO betopiaerp betopiaerp.addons.base.tests.test_qweb: Starting TestQWebBasic.test_att_no_propagation_2 ... 
2026-02-09 10:30:17,765 1 INFO betopiaerp betopiaerp.addons.base.tests.test_qweb: Starting TestQWebBasic.test_attf_escaping_1 ... 
2026-02-09 10:30:17,769 1 INFO betopiaerp betopiaerp.addons.base.tests.test_qweb: Starting TestQWebBasic.test_attf_escaping_2 ... 
2026-02-09 10:30:17,774 1 INFO betopiaerp betopiaerp.addons.base.tests.test_qweb: Starting TestQWebBasic.test_attf_escaping_3 ... 
2026-02-09 10:30:17,778 1 INFO betopiaerp betopiaerp.addons.base.tests.test_qweb: Starting TestQWebBasic.test_call_call_0 ... 
2026-02-09 10:30:17,790 1 INFO betopiaerp betopiaerp.addons.base.tests.test_qweb: Starting TestQWebBasic.test_call_error ... 
2026-02-09 10:30:17,801 1 INFO betopiaerp betopiaerp.addons.base.tests.test_qweb: Starting TestQWebBasic.test_call_foreach_call ... 
2026-02-09 10:30:17,810 1 INFO betopiaerp betopiaerp.addons.base.tests.test_qweb: Starting TestQWebBasic.test_call_infinite_recursion ... 
2026-02-09 10:30:17,821 1 INFO betopiaerp betopiaerp.addons.base.tests.test_qweb: Starting TestQWebBasic.test_call_set ... 
2026-02-09 10:30:17,831 1 INFO betopiaerp betopiaerp.addons.base.tests.test_qweb: Starting TestQWebBasic.test_compile_expr ... 
2026-02-09 10:30:17,837 1 INFO betopiaerp betopiaerp.addons.base.tests.test_qweb: Starting TestQWebBasic.test_compile_expr_security ... 
2026-02-09 10:30:17,847 1 INFO betopiaerp betopiaerp.addons.base.tests.test_qweb: Starting TestQWebBasic.test_error_message_1 ... 
2026-02-09 10:30:17,855 1 INFO betopiaerp betopiaerp.addons.base.tests.test_qweb: Starting TestQWebBasic.test_error_message_10 ... 
2026-02-09 10:30:17,870 1 INFO betopiaerp betopiaerp.addons.base.tests.test_qweb: Starting TestQWebBasic.test_error_message_11 ... 
2026-02-09 10:30:17,895 1 INFO betopiaerp betopiaerp.addons.base.tests.test_qweb: Starting TestQWebBasic.test_error_message_12 ... 
2026-02-09 10:30:17,913 1 INFO betopiaerp betopiaerp.addons.base.tests.test_qweb: Starting TestQWebBasic.test_error_message_13 ... 
2026-02-09 10:30:17,926 1 INFO betopiaerp betopiaerp.addons.base.tests.test_qweb: Starting TestQWebBasic.test_error_message_14 ... 
2026-02-09 10:30:17,934 1 INFO betopiaerp betopiaerp.addons.base.tests.test_qweb: Starting TestQWebBasic.test_error_message_2 ... 
2026-02-09 10:30:17,951 1 INFO betopiaerp betopiaerp.addons.base.tests.test_qweb: Starting TestQWebBasic.test_error_message_3 ... 
2026-02-09 10:30:17,965 1 INFO betopiaerp betopiaerp.addons.base.tests.test_qweb: Starting TestQWebBasic.test_error_message_4 ... 
2026-02-09 10:30:17,983 1 INFO betopiaerp betopiaerp.addons.base.tests.test_qweb: Starting TestQWebBasic.test_error_message_5 ... 
2026-02-09 10:30:17,988 1 INFO betopiaerp betopiaerp.addons.base.tests.test_qweb: Starting TestQWebBasic.test_error_message_6 ... 
2026-02-09 10:30:17,997 1 INFO betopiaerp betopiaerp.addons.base.tests.test_qweb: Starting TestQWebBasic.test_error_message_7 ... 
2026-02-09 10:30:18,002 1 INFO betopiaerp betopiaerp.addons.base.tests.test_qweb: Starting TestQWebBasic.test_error_message_8 ... 
2026-02-09 10:30:18,009 1 INFO betopiaerp betopiaerp.addons.base.tests.test_qweb: Starting TestQWebBasic.test_error_message_9 ... 
2026-02-09 10:30:18,022 1 INFO betopiaerp betopiaerp.addons.base.tests.test_qweb: Starting TestQWebBasic.test_esc_markup ... 
2026-02-09 10:30:18,030 1 INFO betopiaerp betopiaerp.addons.base.tests.test_qweb: Starting TestQWebBasic.test_foreach_as_error_1 ... 
2026-02-09 10:30:18,048 1 INFO betopiaerp betopiaerp.addons.base.tests.test_qweb: Starting TestQWebBasic.test_foreach_as_error_2 ... 
2026-02-09 10:30:18,061 1 INFO betopiaerp betopiaerp.addons.base.tests.test_qweb: Starting TestQWebBasic.test_foreach_as_error_3 ... 
2026-02-09 10:30:18,076 1 INFO betopiaerp betopiaerp.addons.base.tests.test_qweb: Starting TestQWebBasic.test_foreach_iter_dict ... 
2026-02-09 10:30:18,081 1 INFO betopiaerp betopiaerp.addons.base.tests.test_qweb: Starting TestQWebBasic.test_foreach_iter_list ... 
2026-02-09 10:30:18,087 1 INFO betopiaerp betopiaerp.addons.base.tests.test_qweb: Starting TestQWebBasic.test_if_comment ... 
2026-02-09 10:30:18,093 1 INFO betopiaerp betopiaerp.addons.base.tests.test_qweb: Starting TestQWebBasic.test_if_from_body ... 
2026-02-09 10:30:18,098 1 INFO betopiaerp betopiaerp.addons.base.tests.test_qweb: Starting TestQWebBasic.test_if_spaces ... 
2026-02-09 10:30:18,104 1 INFO betopiaerp betopiaerp.addons.base.tests.test_qweb: Starting TestQWebBasic.test_out ... 
2026-02-09 10:30:18,109 1 INFO betopiaerp betopiaerp.addons.base.tests.test_qweb: Starting TestQWebBasic.test_out_default_value ... 
2026-02-09 10:30:18,114 1 INFO betopiaerp betopiaerp.addons.base.tests.test_qweb: Starting TestQWebBasic.test_out_escape_text ... 
2026-02-09 10:30:18,119 1 INFO betopiaerp betopiaerp.addons.base.tests.test_qweb: Starting TestQWebBasic.test_out_format_1 ... 
2026-02-09 10:30:18,125 1 INFO betopiaerp betopiaerp.addons.base.tests.test_qweb: Starting TestQWebBasic.test_out_format_2 ... 
2026-02-09 10:30:18,130 1 INFO betopiaerp betopiaerp.addons.base.tests.test_qweb: Starting TestQWebBasic.test_out_format_3 ... 
2026-02-09 10:30:18,135 1 INFO betopiaerp betopiaerp.addons.base.tests.test_qweb: Starting TestQWebBasic.test_out_format_4 ... 
2026-02-09 10:30:18,140 1 INFO betopiaerp betopiaerp.addons.base.tests.test_qweb: Starting TestQWebBasic.test_out_format_5 ... 
2026-02-09 10:30:18,145 1 INFO betopiaerp betopiaerp.addons.base.tests.test_qweb: Starting TestQWebBasic.test_out_format_6 ... 
2026-02-09 10:30:18,150 1 INFO betopiaerp betopiaerp.addons.base.tests.test_qweb: Starting TestQWebBasic.test_out_format_7 ... 
2026-02-09 10:30:18,155 1 INFO betopiaerp betopiaerp.addons.base.tests.test_qweb: Starting TestQWebBasic.test_out_format_8 ... 
2026-02-09 10:30:18,159 1 INFO betopiaerp betopiaerp.addons.base.tests.test_qweb: Starting TestQWebBasic.test_out_format_9 ... 
2026-02-09 10:30:18,164 1 INFO betopiaerp betopiaerp.addons.base.tests.test_qweb: Starting TestQWebBasic.test_out_json ... 
2026-02-09 10:30:18,169 1 INFO betopiaerp betopiaerp.addons.base.tests.test_qweb: Starting TestQWebBasic.test_out_markup ... 
2026-02-09 10:30:18,173 1 INFO betopiaerp betopiaerp.addons.base.tests.test_qweb: Starting TestQWebBasic.test_render_barcode ... 
2026-02-09 10:30:18,265 1 INFO betopiaerp betopiaerp.addons.base.tests.test_qweb: ====================================================================== 
2026-02-09 10:30:18,265 1 ERROR betopiaerp betopiaerp.addons.base.tests.test_qweb: ERROR: TestQWebBasic.test_render_barcode
Traceback (most recent call last):
  File "/usr/local/lib/python3.12/site-packages/reportlab/graphics/renderPM.py", line 43, in _getPMBackend
    import rlPyCairo as M
ModuleNotFoundError: No module named 'rlPyCairo'

During handling of the above exception, another exception occurred:

Traceback (most recent call last):
  File "/usr/local/lib/python3.12/site-packages/reportlab/graphics/renderPM.py", line 46, in _getPMBackend
    import _rl_renderPM as M
ModuleNotFoundError: No module named '_rl_renderPM'

During handling of the above exception, another exception occurred:

Traceback (most recent call last):
  File "/opt/betopiaerp/betopiaerp/addons/base/tests/test_qweb.py", line 2054, in test_render_barcode
    rendered = self.env['ir.qweb']._render(view.id, values={'partner': partner}).strip()
               ^^^^^^^^^^^^^^^^^^^^^^^^^^^^^^^^^^^^^^^^^^^^^^^^^^^^^^^^^^^^^^^^^
  File "/opt/betopiaerp/betopiaerp/addons/base/models/ir_qweb.py", line 728, in _render
    return Markup(''.join(iterator))
                  ^^^^^^^^^^^^^^^^^
  File "/opt/betopiaerp/betopiaerp/addons/base/models/ir_qweb.py", line 756, in _render_iterall
    for item in frame.iterator:
                ^^^^^^^^^^^^^^
  File "<2839>", line 61, in template_gen_key_b7aa6b_2839
  File "<2839>", line 17, in template_gen_key_b7aa6b_2839_content
  File "/opt/betopiaerp/betopiaerp/addons/base/models/ir_qweb.py", line 2740, in _get_field
    content = converter.record_to_html(record, field_name, field_options)
              ^^^^^^^^^^^^^^^^^^^^^^^^^^^^^^^^^^^^^^^^^^^^^^^^^^^^^^^^^^^
  File "/opt/betopiaerp/betopiaerp/addons/base/models/ir_qweb_fields.py", line 171, in record_to_html
    return False if value is False else self.value_to_html(value, options=options)
                                        ^^^^^^^^^^^^^^^^^^^^^^^^^^^^^^^^^^^^^^^^^^
  File "/opt/betopiaerp/betopiaerp/addons/base/models/ir_qweb_fields.py", line 804, in value_to_html
    barcode = self.env['ir.actions.report'].barcode(
              ^^^^^^^^^^^^^^^^^^^^^^^^^^^^^^^^^^^^^^
  File "/opt/betopiaerp/betopiaerp/addons/base/models/ir_actions_report.py", line 745, in barcode
    return barcode.asString('png')
           ^^^^^^^^^^^^^^^^^^^^^^^
  File "/usr/local/lib/python3.12/site-packages/reportlab/graphics/shapes.py", line 803, in asString
    return renderPM.drawToString(self, fmt=format,showBoundary=getattr(self,'showBorder',
           ^^^^^^^^^^^^^^^^^^^^^^^^^^^^^^^^^^^^^^^^^^^^^^^^^^^^^^^^^^^^^^^^^^^^^^^^^^^^^^
  File "/usr/local/lib/python3.12/site-packages/reportlab/graphics/renderPM.py", line 721, in drawToString
    drawToFile(d,s,fmt=fmt, dpi=dpi, bg=bg, configPIL=configPIL,backend=backend)
  File "/usr/local/lib/python3.12/site-packages/reportlab/graphics/renderPM.py", line 716, in drawToFile
    c = drawToPMCanvas(d, dpi=dpi, bg=bg, configPIL=configPIL, showBoundary=showBoundary,backend=backend)
        ^^^^^^^^^^^^^^^^^^^^^^^^^^^^^^^^^^^^^^^^^^^^^^^^^^^^^^^^^^^^^^^^^^^^^^^^^^^^^^^^^^^^^^^^^^^^^^^^^
  File "/usr/local/lib/python3.12/site-packages/reportlab/graphics/renderPM.py", line 701, in drawToPMCanvas
    c = PMCanvas(d.width, d.height, dpi=dpi, bg=bg, configPIL=configPIL, backend=backend)
        ^^^^^^^^^^^^^^^^^^^^^^^^^^^^^^^^^^^^^^^^^^^^^^^^^^^^^^^^^^^^^^^^^^^^^^^^^^^^^^^^^
  File "/usr/local/lib/python3.12/site-packages/reportlab/graphics/renderPM.py", line 304, in __init__
    self.__dict__['_gs'] = self._getGState(w,h,bg,backend)
                           ^^^^^^^^^^^^^^^^^^^^^^^^^^^^^^^
  File "/usr/local/lib/python3.12/site-packages/reportlab/graphics/renderPM.py", line 317, in _getGState
    mod = _getPMBackend(backend)
          ^^^^^^^^^^^^^^^^^^^^^^
  File "/usr/local/lib/python3.12/site-packages/reportlab/graphics/renderPM.py", line 48, in _getPMBackend
    raise RenderPMError(f"""cannot import desired renderPM backend {backend}
reportlab.graphics.utils.RenderPMError: cannot import desired renderPM backend rlPyCairo
Seek advice at the users list see
https://pairlist2.pair.net/mailman/listinfo/reportlab-users
 
2026-02-09 10:30:18,266 1 INFO betopiaerp betopiaerp.addons.base.tests.test_qweb: Starting TestQWebBasic.test_render_comment_tail ... 
2026-02-09 10:30:18,271 1 INFO betopiaerp betopiaerp.addons.base.tests.test_qweb: Starting TestQWebBasic.test_render_comments ... 
2026-02-09 10:30:18,276 1 INFO betopiaerp betopiaerp.addons.base.tests.test_qweb: Starting TestQWebBasic.test_render_processing_instructions ... 
2026-02-09 10:30:18,282 1 INFO betopiaerp betopiaerp.addons.base.tests.test_qweb: Starting TestQWebBasic.test_render_t_call_propagates_t_lang ... 
2026-02-09 10:30:18,296 1 INFO betopiaerp betopiaerp.addons.base.tests.test_qweb: Starting TestQWebBasic.test_render_template_from_file ... 
2026-02-09 10:30:18,312 1 INFO betopiaerp betopiaerp.addons.base.tests.test_qweb: Starting TestQWebBasic.test_render_template_from_file_special_cases ... 
2026-02-09 10:30:18,346 1 INFO betopiaerp betopiaerp.addons.base.tests.test_qweb: Starting TestQWebBasic.test_render_widget_contact ... 
2026-02-09 10:30:18,400 1 INFO betopiaerp betopiaerp.addons.base.tests.test_qweb: Starting TestQWebBasic.test_render_widget_duration_fallback ... 
2026-02-09 10:30:18,419 1 INFO betopiaerp betopiaerp.addons.base.tests.test_qweb: Starting TestQWebBasic.test_set_1 ... 
2026-02-09 10:30:18,425 1 INFO betopiaerp betopiaerp.addons.base.tests.test_qweb: Starting TestQWebBasic.test_set_2 ... 
2026-02-09 10:30:18,431 1 INFO betopiaerp betopiaerp.addons.base.tests.test_qweb: Starting TestQWebBasic.test_set_3 ... 
2026-02-09 10:30:18,437 1 INFO betopiaerp betopiaerp.addons.base.tests.test_qweb: Starting TestQWebBasic.test_set_body_1 ... 
2026-02-09 10:30:18,442 1 INFO betopiaerp betopiaerp.addons.base.tests.test_qweb: Starting TestQWebBasic.test_set_body_2 ... 
2026-02-09 10:30:18,449 1 INFO betopiaerp betopiaerp.addons.base.tests.test_qweb: Starting TestQWebBasic.test_set_body_3 ... 
2026-02-09 10:30:18,474 1 INFO betopiaerp betopiaerp.addons.base.tests.test_qweb: Starting TestQWebBasic.test_set_error_1 ... 
2026-02-09 10:30:18,487 1 INFO betopiaerp betopiaerp.addons.base.tests.test_qweb: Starting TestQWebBasic.test_set_error_2 ... 
2026-02-09 10:30:18,500 1 INFO betopiaerp betopiaerp.addons.base.tests.test_qweb: Starting TestQWebBasic.test_space_remove_technical_all ... 
2026-02-09 10:30:18,514 1 INFO betopiaerp betopiaerp.addons.base.tests.test_qweb: Starting TestQWebBasic.test_space_remove_technical_space_t_foreach ... 
2026-02-09 10:30:18,520 1 INFO betopiaerp betopiaerp.addons.base.tests.test_qweb: Starting TestQWebBasic.test_t_foreach_t_call ... 
2026-02-09 10:30:18,528 1 INFO betopiaerp betopiaerp.addons.base.tests.test_qweb: Starting TestQWebBasic.test_void_element ... 
2026-02-09 10:30:18,537 1 INFO betopiaerp betopiaerp.addons.base.models.ir_attachment: filestore gc 1 checked, 1 removed 
2026-02-09 10:30:18,566 1 INFO betopiaerp betopiaerp.addons.base.tests.test_qweb: Starting TestQwebPerformance.test_render_queries ... 
2026-02-09 10:30:18,639 1 INFO betopiaerp betopiaerp.addons.base.models.ir_attachment: filestore gc 1 checked, 1 removed 
2026-02-09 10:30:18,640 1 INFO betopiaerp betopiaerp.addons.base.tests.test_reports: Starting TestReports.test_report_reload_from_attachment ... 
2026-02-09 10:30:20,650 1 INFO betopiaerp betopiaerp.addons.base.models.ir_actions_report: The PDF report has been generated for model: res.partner, records [2]. 
2026-02-09 10:30:20,655 1 INFO betopiaerp betopiaerp.addons.base.models.ir_actions_report: The PDF documents 'test_attach' are now saved in the database 
2026-02-09 10:30:20,655 1 INFO betopiaerp betopiaerp.addons.base.models.ir_actions_report: The PDF report has been generated for model: res.partner, records [2]. 
2026-02-09 10:30:20,658 1 INFO betopiaerp betopiaerp.addons.base.models.ir_actions_report: The PDF report has been generated for model: res.partner, records [2]. 
2026-02-09 10:30:20,659 1 INFO betopiaerp betopiaerp.addons.base.tests.test_reports: Starting TestReports.test_reports ... 
2026-02-09 10:30:20,661 1 INFO betopiaerp betopiaerp.addons.base.tests.test_reports: testing report base.report_irmodeloverview 
2026-02-09 10:30:22,740 1 INFO betopiaerp betopiaerp.addons.base.tests.test_reports: testing report web.preview_externalreport 
2026-02-09 10:30:22,781 1 INFO betopiaerp betopiaerp.addons.base.tests.test_reports: testing report web.preview_internalreport 
2026-02-09 10:30:22,789 1 INFO betopiaerp betopiaerp.addons.base.tests.test_reports: testing report web.preview_layout_report 
2026-02-09 10:30:22,807 1 INFO betopiaerp betopiaerp.addons.base.models.ir_attachment: filestore gc 1 checked, 1 removed 
2026-02-09 10:30:22,808 1 INFO betopiaerp betopiaerp.addons.base.tests.test_reports: Starting TestReportsRendering.test_format_A4 ... 
2026-02-09 10:30:22,808 1 INFO betopiaerp betopiaerp.addons.base.tests.test_reports: skipped TestReportsRendering.test_format_A4 : pdfminer not installed 
2026-02-09 10:30:22,809 1 INFO betopiaerp betopiaerp.addons.base.tests.test_reports: Starting TestReportsRendering.test_format_landscape ... 
2026-02-09 10:30:22,809 1 INFO betopiaerp betopiaerp.addons.base.tests.test_reports: skipped TestReportsRendering.test_format_landscape : pdfminer not installed 
2026-02-09 10:30:22,809 1 INFO betopiaerp betopiaerp.addons.base.tests.test_reports: Starting TestReportsRendering.test_format_letter ... 
2026-02-09 10:30:22,809 1 INFO betopiaerp betopiaerp.addons.base.tests.test_reports: skipped TestReportsRendering.test_format_letter : pdfminer not installed 
2026-02-09 10:30:22,810 1 INFO betopiaerp betopiaerp.addons.base.tests.test_reports: Starting TestReportsRendering.test_layout ... 
2026-02-09 10:30:22,810 1 INFO betopiaerp betopiaerp.addons.base.tests.test_reports: skipped TestReportsRendering.test_layout : pdfminer not installed 
2026-02-09 10:30:22,810 1 INFO betopiaerp betopiaerp.addons.base.tests.test_reports: Starting TestReportsRendering.test_pdf_render_page_overflow ... 
2026-02-09 10:30:22,810 1 INFO betopiaerp betopiaerp.addons.base.tests.test_reports: skipped TestReportsRendering.test_pdf_render_page_overflow : pdfminer not installed 
2026-02-09 10:30:22,811 1 INFO betopiaerp betopiaerp.addons.base.tests.test_reports: Starting TestReportsRendering.test_report_pdf_page_break ... 
2026-02-09 10:30:22,811 1 INFO betopiaerp betopiaerp.addons.base.tests.test_reports: skipped TestReportsRendering.test_report_pdf_page_break : pdfminer not installed 
2026-02-09 10:30:22,811 1 INFO betopiaerp betopiaerp.addons.base.tests.test_reports: Starting TestReportsRendering.test_report_specific_paperformat_args ... 
2026-02-09 10:30:22,811 1 INFO betopiaerp betopiaerp.addons.base.tests.test_reports: skipped TestReportsRendering.test_report_specific_paperformat_args : pdfminer not installed 
2026-02-09 10:30:22,812 1 INFO betopiaerp betopiaerp.addons.base.tests.test_reports: Starting TestReportsRendering.test_thead_tbody_repeat ... 
2026-02-09 10:30:22,812 1 INFO betopiaerp betopiaerp.addons.base.tests.test_reports: skipped TestReportsRendering.test_thead_tbody_repeat : pdfminer not installed 
2026-02-09 10:30:22,819 1 INFO betopiaerp betopiaerp.addons.base.tests.test_reports: Starting TestAggregatePdfReports.test_aggregate_report_with_some_resources_reloaded_from_attachment ... 
2026-02-09 10:30:24,856 1 INFO betopiaerp betopiaerp.addons.base.models.ir_http: Generating routing map for key None 
2026-02-09 10:30:24,873 1 INFO betopiaerp betopiaerp.addons.base.models.assetsbundle: Generating a new asset bundle attachment /web/assets/e4caaae/web.report_assets_pdf.autoprefixed.min.css (id:2746) 
2026-02-09 10:30:24,875 1 INFO betopiaerp werkzeug: 127.0.0.1 - - [09/Feb/2026 10:30:24] "GET /web/assets/e4caaae/web.report_assets_pdf.autoprefixed.min.css HTTP/1.1" 200 - 14 0.003 0.017
2026-02-09 10:30:26,981 1 INFO betopiaerp betopiaerp.addons.base.models.assetsbundle: Generating a new asset bundle attachment /web/assets/6a908cc/web.report_assets_common.autoprefixed.min.css (id:2747) 
2026-02-09 10:30:26,984 1 INFO betopiaerp werkzeug: 127.0.0.1 - - [09/Feb/2026 10:30:26] "GET /web/assets/6a908cc/web.report_assets_common.autoprefixed.min.css HTTP/1.1" 200 - 10 0.010 2.118
2026-02-09 10:30:27,009 1 INFO ? werkzeug: 127.0.0.1 - - [09/Feb/2026 10:30:27] "GET /web/static/fonts/lato/Lato-Reg-webfont.woff HTTP/1.1" 200 - 0 0.000 0.009
2026-02-09 10:30:27,009 1 INFO ? werkzeug: 127.0.0.1 - - [09/Feb/2026 10:30:27] "GET /web/static/fonts/lato/Lato-Bol-webfont.woff HTTP/1.1" 200 - 0 0.000 0.008
2026-02-09 10:30:27,010 1 INFO ? werkzeug: 127.0.0.1 - - [09/Feb/2026 10:30:27] "GET /web/static/fonts/lato/Lato-Lig-webfont.woff HTTP/1.1" 200 - 0 0.000 0.007
2026-02-09 10:30:27,010 1 INFO ? werkzeug: 127.0.0.1 - - [09/Feb/2026 10:30:27] "GET /web/static/fonts/lato/Lato-Bla-webfont.woff HTTP/1.1" 200 - 0 0.000 0.007
2026-02-09 10:30:27,010 1 INFO ? werkzeug: 127.0.0.1 - - [09/Feb/2026 10:30:27] "GET /web/static/fonts/lato/Lato-Hai-webfont.woff HTTP/1.1" 200 - 0 0.000 0.007
2026-02-09 10:30:28,041 1 INFO betopiaerp betopiaerp.addons.base.models.ir_actions_report: The PDF documents 'Dmitri Prokofich Razumikhin.pdf' are now saved in the database 
2026-02-09 10:30:28,041 1 INFO betopiaerp betopiaerp.addons.base.models.ir_actions_report: The PDF report has been generated for model: res.partner, records [2097]. 
2026-02-09 10:30:28,064 1 INFO betopiaerp betopiaerp.addons.base.tests.test_reports: skipped TestAggregatePdfReports.test_aggregate_report_with_some_resources_reloaded_from_attachment : Unable to convert multiple documents via wkhtmltopdf using unpatched QT 
2026-02-09 10:30:28,065 1 INFO betopiaerp betopiaerp.addons.base.tests.test_reports: Starting TestAggregatePdfReports.test_aggregate_report_with_some_resources_reloaded_from_attachment_with_multiple_page_report ... 
2026-02-09 10:30:30,150 1 INFO betopiaerp betopiaerp.addons.base.models.ir_http: Generating routing map for key None 
2026-02-09 10:30:30,166 1 INFO betopiaerp betopiaerp.addons.base.models.assetsbundle: Generating a new asset bundle attachment /web/assets/e4caaae/web.report_assets_pdf.autoprefixed.min.css (id:2749) 
2026-02-09 10:30:30,168 1 INFO betopiaerp werkzeug: 127.0.0.1 - - [09/Feb/2026 10:30:30] "GET /web/assets/e4caaae/web.report_assets_pdf.autoprefixed.min.css HTTP/1.1" 200 - 14 0.003 0.016
2026-02-09 10:30:32,271 1 INFO betopiaerp betopiaerp.addons.base.models.assetsbundle: Generating a new asset bundle attachment /web/assets/6a908cc/web.report_assets_common.autoprefixed.min.css (id:2750) 
2026-02-09 10:30:32,274 1 INFO betopiaerp werkzeug: 127.0.0.1 - - [09/Feb/2026 10:30:32] "GET /web/assets/6a908cc/web.report_assets_common.autoprefixed.min.css HTTP/1.1" 200 - 10 0.008 2.116
2026-02-09 10:30:32,302 1 INFO ? werkzeug: 127.0.0.1 - - [09/Feb/2026 10:30:32] "GET /web/static/fonts/lato/Lato-Hai-webfont.woff HTTP/1.1" 200 - 0 0.000 0.006
2026-02-09 10:30:32,302 1 INFO ? werkzeug: 127.0.0.1 - - [09/Feb/2026 10:30:32] "GET /web/static/fonts/lato/Lato-Reg-webfont.woff HTTP/1.1" 200 - 0 0.000 0.007
2026-02-09 10:30:32,303 1 INFO ? werkzeug: 127.0.0.1 - - [09/Feb/2026 10:30:32] "GET /web/static/fonts/lato/Lato-Lig-webfont.woff HTTP/1.1" 200 - 0 0.000 0.007
2026-02-09 10:30:32,303 1 INFO ? werkzeug: 127.0.0.1 - - [09/Feb/2026 10:30:32] "GET /web/static/fonts/lato/Lato-Bol-webfont.woff HTTP/1.1" 200 - 0 0.000 0.006
2026-02-09 10:30:32,303 1 INFO ? werkzeug: 127.0.0.1 - - [09/Feb/2026 10:30:32] "GET /web/static/fonts/lato/Lato-Bla-webfont.woff HTTP/1.1" 200 - 0 0.000 0.005
2026-02-09 10:30:33,521 1 INFO betopiaerp betopiaerp.addons.base.models.ir_actions_report: The PDF documents 'Dmitri Prokofich Razumikhin.pdf' are now saved in the database 
2026-02-09 10:30:33,522 1 INFO betopiaerp betopiaerp.addons.base.models.ir_actions_report: The PDF report has been generated for model: res.partner, records [2097]. 
2026-02-09 10:30:33,546 1 INFO betopiaerp betopiaerp.addons.base.tests.test_reports: skipped TestAggregatePdfReports.test_aggregate_report_with_some_resources_reloaded_from_attachment_with_multiple_page_report : Unable to convert multiple documents via wkhtmltopdf using unpatched QT 
2026-02-09 10:30:33,549 1 INFO betopiaerp betopiaerp.addons.base.models.ir_attachment: filestore gc 3 checked, 3 removed 
2026-02-09 10:30:33,550 1 INFO betopiaerp betopiaerp.addons.base.tests.test_res_config: Starting TestResConfigExecute.test_01_execute_res_config ... 
2026-02-09 10:30:33,552 1 INFO betopiaerp betopiaerp.addons.base.tests.test_res_config: Starting TestResConfigExecute.test_settings_access ... 
2026-02-09 10:30:33,570 1 INFO betopiaerp betopiaerp.addons.base.tests.test_res_config: Testing settings access for group Role / Administrator 
2026-02-09 10:30:33,606 1 INFO betopiaerp betopiaerp.addons.base.models.ir_attachment: filestore gc 1 checked, 1 removed 
2026-02-09 10:30:33,607 1 INFO betopiaerp betopiaerp.addons.base.tests.test_res_country: Starting TestResCountryState.test_find_by_name ... 
2026-02-09 10:30:33,646 1 INFO betopiaerp betopiaerp.addons.base.models.ir_attachment: filestore gc 0 checked, 0 removed 
2026-02-09 10:30:33,647 1 INFO betopiaerp betopiaerp.addons.base.tests.test_res_partner: Starting TestPartnerForm.test_lang_computation_form_view ... 
2026-02-09 10:30:33,750 1 INFO betopiaerp betopiaerp.addons.base.tests.test_res_partner: Starting TestPartnerForm.test_onchange_parent_sync_user ... 
2026-02-09 10:30:33,868 1 INFO betopiaerp betopiaerp.addons.base.models.ir_attachment: filestore gc 1 checked, 1 removed 
2026-02-09 10:30:33,894 1 INFO betopiaerp betopiaerp.addons.base.tests.test_res_users: Starting TestUsers2.test_change_user_login ... 
2026-02-09 10:30:33,931 1 INFO betopiaerp betopiaerp.addons.base.tests.test_res_users: Starting TestUsers2.test_default_groups ... 
2026-02-09 10:30:34,009 1 INFO betopiaerp betopiaerp.addons.base.tests.test_res_users: Starting TestUsers2.test_implied_groups_on_change ... 
2026-02-09 10:30:34,230 1 INFO betopiaerp betopiaerp.addons.base.tests.test_res_users: Starting TestUsers2.test_portal_user_manager_access ... 
2026-02-09 10:30:34,276 1 INFO betopiaerp betopiaerp.addons.base.models.ir_rule: Access Denied by record rules for operation: write on record ids: [548], uid: 547, model: res.users 
2026-02-09 10:30:34,292 1 INFO betopiaerp betopiaerp.addons.base.models.ir_rule: Access Denied by record rules for operation: write on record ids: [548], uid: 547, model: res.users 
2026-02-09 10:30:34,300 1 INFO betopiaerp betopiaerp.addons.base.models.ir_model: Access Denied by ACLs for operation: write, uid: 548, model: res.users 
2026-02-09 10:30:34,302 1 INFO betopiaerp betopiaerp.addons.base.models.ir_model: Access Denied by ACLs for operation: write, uid: 548, model: res.users 
2026-02-09 10:30:34,312 1 INFO betopiaerp betopiaerp.addons.base.models.ir_model: Access Denied by ACLs for operation: write, uid: 548, model: res.users 
2026-02-09 10:30:34,316 1 INFO betopiaerp betopiaerp.addons.base.tests.test_res_users: Starting TestUsers2.test_selection_groups ... 
2026-02-09 10:30:34,366 1 INFO betopiaerp betopiaerp.addons.base.tests.test_res_users: Starting TestUsers2.test_self_readable_writeable_fields_preferences_form ... 
2026-02-09 10:30:34,423 1 INFO betopiaerp betopiaerp.addons.base.tests.test_res_users: Starting TestUsers2.test_self_writeable_fields ... 
2026-02-09 10:30:34,436 1 INFO betopiaerp betopiaerp.addons.base.tests.test_res_users: Starting TestUsers2.test_view_group_hierarchy ... 
2026-02-09 10:30:34,460 1 INFO betopiaerp betopiaerp.addons.base.tests.test_res_users: Starting TestUsers2.test_write_group_ids_performance ... 
2026-02-09 10:30:34,488 1 INFO betopiaerp betopiaerp.addons.base.tests.test_res_users: Query count less than expected for user __system__: 11 < 24 in test_write_group_ids_performance at /opt/betopiaerp/betopiaerp/addons/base/tests/test_res_users.py:528 
2026-02-09 10:30:34,491 1 INFO betopiaerp betopiaerp.addons.base.models.ir_attachment: filestore gc 6 checked, 6 removed 
2026-02-09 10:30:34,493 1 INFO betopiaerp betopiaerp.addons.base.tests.test_res_users: Starting TestUsersIdentitycheck.test_revoke_all_devices ... 
2026-02-09 10:30:34,497 1 INFO betopiaerp betopiaerp.addons.base.models.res_users: Login successful for login:admin from n/a 
2026-02-09 10:30:34,501 1 INFO betopiaerp betopiaerp.addons.base.models.res_users: Login successful for login:admin from n/a 
2026-02-09 10:30:34,504 1 INFO betopiaerp betopiaerp.addons.base.models.ir_http: Generating routing map for key None 
2026-02-09 10:30:34,512 1 INFO betopiaerp betopiaerp.addons.base.models.res_device: User 2 inserts device log (7oS4TwySCgoC8jF8t4KmPn7xsuwqLH7sRSEoT53jD8) 
2026-02-09 10:30:46,799 1 INFO betopiaerp werkzeug: 127.0.0.1 - - [09/Feb/2026 10:30:46] "GET /web HTTP/1.1" 200 - 66 0.015 12.280
2026-02-09 10:30:46,815 1 INFO betopiaerp betopiaerp.addons.base.models.res_device: User 2 revokes devices (7oS4TwySCgoC8jF8t4KmPn7xsuwqLH7sRSEoT53jD8) 
2026-02-09 10:30:46,818 1 INFO betopiaerp werkzeug: 127.0.0.1 - - [09/Feb/2026 10:30:46] "GET /web HTTP/1.1" 303 - 0 0.000 0.001
2026-02-09 10:30:51,526 1 INFO betopiaerp werkzeug: 127.0.0.1 - - [09/Feb/2026 10:30:51] "GET /web/login?redirect=/web? HTTP/1.1" 200 - 41 0.011 4.695
2026-02-09 10:30:51,530 1 INFO betopiaerp betopiaerp.addons.base.models.ir_attachment: filestore gc 0 checked, 0 removed 
2026-02-09 10:30:51,531 1 INFO betopiaerp betopiaerp.addons.base.tests.test_translate: Starting TestTranslationExport.test_export_translatable_resources ... 
2026-02-09 10:31:10,935 1 INFO betopiaerp betopiaerp.addons.base.models.ir_attachment: filestore gc 0 checked, 0 removed 
2026-02-09 10:31:10,936 1 INFO betopiaerp betopiaerp.addons.base.tests.test_translate: Starting TestLanguageInstallPerformance.test_language_install ... 
2026-02-09 10:31:10,944 1 INFO betopiaerp betopiaerp.addons.base.models.ir_module: module base: loading translation file /opt/betopiaerp/betopiaerp/addons/base/i18n/fr.po for language fr_BE 
2026-02-09 10:31:11,252 1 INFO betopiaerp betopiaerp.addons.base.models.ir_module: module base: loading translation file /opt/betopiaerp/betopiaerp/addons/base/i18n/fr_BE.po for language fr_BE 
2026-02-09 10:31:11,746 1 INFO betopiaerp betopiaerp.addons.base.models.ir_module: module web: loading translation file /opt/betopiaerp/addons/web/i18n/fr.po for language fr_BE 
2026-02-09 10:31:11,919 1 INFO betopiaerp betopiaerp.addons.base.models.ir_module: module api_doc: loading translation file /opt/betopiaerp/addons/api_doc/i18n/fr.po for language fr_BE 
2026-02-09 10:31:11,938 1 INFO betopiaerp betopiaerp.addons.base.models.ir_module: module base_setup: loading translation file /opt/betopiaerp/addons/base_setup/i18n/fr.po for language fr_BE 
2026-02-09 10:31:11,948 1 INFO betopiaerp betopiaerp.addons.base.models.ir_module: module base_setup: loading translation file /opt/betopiaerp/addons/base_setup/i18n/fr_BE.po for language fr_BE 
2026-02-09 10:31:11,965 1 INFO betopiaerp betopiaerp.addons.base.models.ir_module: module auth_passkey: loading translation file /opt/betopiaerp/addons/auth_passkey/i18n/fr.po for language fr_BE 
2026-02-09 10:31:11,990 1 INFO betopiaerp betopiaerp.addons.base.models.ir_module: module auth_totp: loading translation file /opt/betopiaerp/addons/auth_totp/i18n/fr.po for language fr_BE 
2026-02-09 10:31:12,014 1 INFO betopiaerp betopiaerp.addons.base.models.ir_module: module base_import: loading translation file /opt/betopiaerp/addons/base_import/i18n/fr.po for language fr_BE 
2026-02-09 10:31:12,031 1 INFO betopiaerp betopiaerp.addons.base.models.ir_module: module base_import_module: loading translation file /opt/betopiaerp/addons/base_import_module/i18n/fr.po for language fr_BE 
2026-02-09 10:31:12,041 1 INFO betopiaerp betopiaerp.addons.base.models.ir_module: module base_import_module: loading translation file /opt/betopiaerp/addons/base_import_module/i18n/fr_BE.po for language fr_BE 
2026-02-09 10:31:12,060 1 INFO betopiaerp betopiaerp.addons.base.models.ir_module: module bus: loading translation file /opt/betopiaerp/addons/bus/i18n/fr.po for language fr_BE 
2026-02-09 10:31:12,069 1 INFO betopiaerp betopiaerp.addons.base.models.ir_module: module bus: loading translation file /opt/betopiaerp/addons/bus/i18n/fr_BE.po for language fr_BE 
2026-02-09 10:31:12,082 1 INFO betopiaerp betopiaerp.addons.base.models.ir_module: module html_editor: loading translation file /opt/betopiaerp/addons/html_editor/i18n/fr.po for language fr_BE 
2026-02-09 10:31:12,104 1 INFO betopiaerp betopiaerp.addons.base.models.ir_module: module iap: loading translation file /opt/betopiaerp/addons/iap/i18n/fr.po for language fr_BE 
2026-02-09 10:31:12,128 1 INFO betopiaerp betopiaerp.addons.base.models.ir_module: module web_tour: loading translation file /opt/betopiaerp/addons/web_tour/i18n/fr.po for language fr_BE 
2026-02-09 10:31:12,142 1 INFO betopiaerp betopiaerp.addons.base.models.ir_module: module web_unsplash: loading translation file /opt/betopiaerp/addons/web_unsplash/i18n/fr.po for language fr_BE 
2026-02-09 10:31:12,367 1 INFO betopiaerp betopiaerp.tests.stats: installed language fr_BE in 1.430s 
2026-02-09 10:31:12,370 1 INFO betopiaerp betopiaerp.addons.base.models.ir_attachment: filestore gc 0 checked, 0 removed 
2026-02-09 10:31:12,399 1 INFO betopiaerp betopiaerp.addons.base.tests.test_views: Starting TestViews.test_attribute_node_with_no_name ... 
2026-02-09 10:31:12,409 1 INFO betopiaerp betopiaerp.addons.base.tests.test_views: Starting TestViews.test_attrs_groups_behavior ... 
2026-02-09 10:31:12,425 1 INFO betopiaerp betopiaerp.addons.base.tests.test_views: Starting TestViews.test_attrs_groups_validation ... 
2026-02-09 10:31:12,661 1 INFO betopiaerp betopiaerp.addons.base.tests.test_views: Starting TestViews.test_attrs_missing_field ... 
2026-02-09 10:31:12,726 1 INFO betopiaerp betopiaerp.addons.base.tests.test_views: Starting TestViews.test_button ... 
2026-02-09 10:31:12,759 1 INFO betopiaerp betopiaerp.addons.base.tests.test_views: Starting TestViews.test_check_primary_when_update_siblins_inherited_tree ... 
2026-02-09 10:31:12,802 1 INFO betopiaerp betopiaerp.addons.base.tests.test_views: Starting TestViews.test_check_xml_on_reenable ... 
2026-02-09 10:31:12,822 1 INFO betopiaerp betopiaerp.addons.base.tests.test_views: Starting TestViews.test_col_colspan_numerical ... 
2026-02-09 10:31:12,838 1 INFO betopiaerp betopiaerp.addons.base.tests.test_views: Starting TestViews.test_context_in_subsubview_with_parent ... 
2026-02-09 10:31:12,861 1 INFO betopiaerp betopiaerp.addons.base.tests.test_views: Starting TestViews.test_context_in_subview ... 
2026-02-09 10:31:12,883 1 INFO betopiaerp betopiaerp.addons.base.tests.test_views: Starting TestViews.test_context_in_subview_with_parent ... 
2026-02-09 10:31:12,904 1 INFO betopiaerp betopiaerp.addons.base.tests.test_views: Starting TestViews.test_context_in_view ... 
2026-02-09 10:31:12,917 1 INFO betopiaerp betopiaerp.addons.base.tests.test_views: Starting TestViews.test_custom_view_validation ... 
2026-02-09 10:31:12,931 1 INFO betopiaerp betopiaerp.addons.base.tests.test_views: Starting TestViews.test_domain_boolean_case ... 
2026-02-09 10:31:12,951 1 INFO betopiaerp betopiaerp.addons.base.tests.test_views: Starting TestViews.test_domain_field_no_comodel ... 
2026-02-09 10:31:12,962 1 INFO betopiaerp betopiaerp.addons.base.tests.test_views: Starting TestViews.test_domain_field_searchable ... 
2026-02-09 10:31:12,973 1 INFO betopiaerp betopiaerp.addons.base.tests.test_views: Starting TestViews.test_domain_id_case ... 
2026-02-09 10:31:12,983 1 INFO betopiaerp betopiaerp.addons.base.tests.test_views: Starting TestViews.test_domain_in_filter ... 
2026-02-09 10:31:13,008 1 INFO betopiaerp betopiaerp.addons.base.tests.test_views: Starting TestViews.test_domain_in_subview ... 
2026-02-09 10:31:13,038 1 INFO betopiaerp betopiaerp.addons.base.tests.test_views: Starting TestViews.test_domain_in_subview_with_parent ... 
2026-02-09 10:31:13,075 1 INFO betopiaerp betopiaerp.addons.base.tests.test_views: Starting TestViews.test_domain_in_view ... 
2026-02-09 10:31:13,088 1 INFO betopiaerp betopiaerp.addons.base.tests.test_views: Starting TestViews.test_domain_invalid_in_filter ... 
2026-02-09 10:31:13,099 1 INFO betopiaerp betopiaerp.addons.base.tests.test_views: Starting TestViews.test_domain_on_field_in_noneditable_subview ... 
2026-02-09 10:31:13,112 1 INFO betopiaerp betopiaerp.addons.base.tests.test_views: Starting TestViews.test_domain_on_field_in_subview ... 
2026-02-09 10:31:13,127 1 INFO betopiaerp betopiaerp.addons.base.tests.test_views: Starting TestViews.test_domain_on_field_in_subview_with_parent ... 
2026-02-09 10:31:13,150 1 INFO betopiaerp betopiaerp.addons.base.tests.test_views: Starting TestViews.test_domain_on_field_in_view ... 
2026-02-09 10:31:13,161 1 INFO betopiaerp betopiaerp.addons.base.tests.test_views: Starting TestViews.test_domain_on_readonly_field_in_subview ... 
2026-02-09 10:31:13,177 1 INFO betopiaerp betopiaerp.addons.base.tests.test_views: Starting TestViews.test_domain_on_readonly_field_in_view ... 
2026-02-09 10:31:13,188 1 INFO betopiaerp betopiaerp.addons.base.tests.test_views: Starting TestViews.test_domain_unknown_field ... 
2026-02-09 10:31:13,199 1 INFO betopiaerp betopiaerp.addons.base.tests.test_views: Starting TestViews.test_empty_groups_attrib ... 
2026-02-09 10:31:13,210 1 INFO betopiaerp betopiaerp.addons.base.tests.test_views: Starting TestViews.test_for_in_label ... 
2026-02-09 10:31:13,225 1 INFO betopiaerp betopiaerp.addons.base.tests.test_views: Starting TestViews.test_forbidden_data_tooltip_attributes_in_form ... 
2026-02-09 10:31:13,238 1 INFO betopiaerp betopiaerp.addons.base.tests.test_views: Starting TestViews.test_forbidden_data_tooltip_attributes_in_kanban ... 
2026-02-09 10:31:13,258 1 INFO betopiaerp betopiaerp.addons.base.tests.test_views: Starting TestViews.test_forbidden_owl_directives_in_form ... 
2026-02-09 10:31:13,271 1 INFO betopiaerp betopiaerp.addons.base.tests.test_views: Starting TestViews.test_forbidden_owl_directives_in_kanban ... 
2026-02-09 10:31:13,286 1 INFO betopiaerp betopiaerp.addons.base.tests.test_views: Starting TestViews.test_forbidden_use_of___comp___in_kanban ... 
2026-02-09 10:31:13,296 1 INFO betopiaerp betopiaerp.addons.base.tests.test_views: Starting TestViews.test_graph_attributes ... 
2026-02-09 10:31:13,307 1 INFO betopiaerp betopiaerp.addons.base.tests.test_views: Starting TestViews.test_graph_fields ... 
2026-02-09 10:31:13,317 1 INFO betopiaerp betopiaerp.addons.base.tests.test_views: Starting TestViews.test_group_by_in_filter ... 
2026-02-09 10:31:13,328 1 INFO betopiaerp betopiaerp.addons.base.tests.test_views: Starting TestViews.test_groups_field ... 
2026-02-09 10:31:13,338 1 INFO betopiaerp betopiaerp.addons.base.tests.test_views: Starting TestViews.test_invalid_field ... 
2026-02-09 10:31:13,348 1 INFO betopiaerp betopiaerp.addons.base.tests.test_views: Starting TestViews.test_invalid_subfield ... 
2026-02-09 10:31:13,356 1 INFO betopiaerp betopiaerp.addons.base.tests.test_views: Starting TestViews.test_invalid_type ... 
2026-02-09 10:31:13,359 1 INFO betopiaerp betopiaerp.addons.base.tests.test_views: Starting TestViews.test_invisible_groups_with_groups_in_model ... 
2026-02-09 10:31:13,372 1 INFO betopiaerp betopiaerp.addons.base.tests.test_views: Starting TestViews.test_nonexistent_attribute_removal ... 
2026-02-09 10:31:13,381 1 INFO betopiaerp betopiaerp.addons.base.tests.test_views: Starting TestViews.test_partial_validation ... 
2026-02-09 10:31:13,427 1 INFO betopiaerp betopiaerp.addons.base.tests.test_views: Starting TestViews.test_searchpanel ... 
2026-02-09 10:31:13,453 1 INFO betopiaerp betopiaerp.addons.base.tests.test_views: Starting TestViews.test_tree ... 
2026-02-09 10:31:13,463 1 INFO betopiaerp betopiaerp.addons.base.tests.test_views: Starting TestViews.test_tree_groupby ... 
2026-02-09 10:31:13,477 1 INFO betopiaerp betopiaerp.addons.base.tests.test_views: Starting TestViews.test_tree_groupby_many2one ... 
2026-02-09 10:31:13,496 1 INFO betopiaerp betopiaerp.addons.base.tests.test_views: Starting TestViews.test_valid_accessibility_icon_text ... 
2026-02-09 10:31:13,524 1 INFO betopiaerp betopiaerp.addons.base.tests.test_views: Starting TestViews.test_valid_alerts ... 
2026-02-09 10:31:13,536 1 INFO betopiaerp betopiaerp.addons.base.tests.test_views: Starting TestViews.test_valid_alternative_image_text ... 
2026-02-09 10:31:13,544 1 INFO betopiaerp betopiaerp.addons.base.tests.test_views: Starting TestViews.test_valid_dialog ... 
2026-02-09 10:31:13,563 1 INFO betopiaerp betopiaerp.addons.base.tests.test_views: Starting TestViews.test_valid_focusable_button ... 
2026-02-09 10:31:13,594 1 INFO betopiaerp betopiaerp.addons.base.tests.test_views: Starting TestViews.test_valid_prohibited_none_role ... 
2026-02-09 10:31:13,606 1 INFO betopiaerp betopiaerp.addons.base.tests.test_views: Starting TestViews.test_valid_simili_button ... 
2026-02-09 10:31:13,616 1 INFO betopiaerp betopiaerp.addons.base.tests.test_views: Starting TestViews.test_valid_simili_dropdown ... 
2026-02-09 10:31:13,627 1 INFO betopiaerp betopiaerp.addons.base.tests.test_views: Starting TestViews.test_valid_simili_progressbar ... 
2026-02-09 10:31:13,645 1 INFO betopiaerp betopiaerp.addons.base.tests.test_views: Starting TestViews.test_valid_simili_tab ... 
2026-02-09 10:31:13,661 1 INFO betopiaerp betopiaerp.addons.base.tests.test_views: Starting TestViews.test_valid_simili_tablist ... 
2026-02-09 10:31:13,671 1 INFO betopiaerp betopiaerp.addons.base.tests.test_views: Starting TestViews.test_valid_simili_tabpanel ... 
2026-02-09 10:31:13,682 1 INFO betopiaerp betopiaerp.addons.base.tests.test_views: Starting TestViews.test_view_inheritance ... 
2026-02-09 10:31:13,697 1 INFO betopiaerp betopiaerp.addons.base.tests.test_views: Starting TestViews.test_view_inheritance_divergent_models ... 
2026-02-09 10:31:13,715 1 INFO betopiaerp betopiaerp.addons.base.tests.test_views: Starting TestViews.test_view_inheritance_text_after ... 
2026-02-09 10:31:13,728 1 INFO betopiaerp betopiaerp.addons.base.tests.test_views: Starting TestViews.test_view_inheritance_text_before ... 
2026-02-09 10:31:13,738 1 INFO betopiaerp betopiaerp.addons.base.tests.test_views: Starting TestViews.test_view_inheritance_text_inside ... 
2026-02-09 10:31:13,750 1 INFO betopiaerp betopiaerp.addons.base.tests.test_views: Starting TestViews.test_view_ref ... 
2026-02-09 10:31:13,767 1 INFO betopiaerp betopiaerp.addons.base.tests.test_views: Starting TestViews.test_view_root_node_matches_view_type ... 
2026-02-09 10:31:13,778 1 INFO betopiaerp betopiaerp.addons.base.tests.test_views: Starting TestViews.test_xml_editor_rejects_encoding_declaration ... 
2026-02-09 10:31:13,796 1 INFO betopiaerp betopiaerp.addons.base.models.ir_attachment: filestore gc 2 checked, 2 removed 
2026-02-09 10:31:13,797 1 INFO betopiaerp betopiaerp.addons.base.tests.test_views: Starting TestDebugger.test_t_debug_in_qweb_based_views ... 
2026-02-09 10:31:13,801 1 INFO betopiaerp betopiaerp.addons.base.models.ir_attachment: filestore gc 0 checked, 0 removed 
2026-02-09 10:31:13,828 1 INFO betopiaerp betopiaerp.addons.base.tests.test_views: Starting TestInvisibleField.test_uncommented_invisible_field ... 
2026-02-09 10:31:13,841 1 INFO betopiaerp betopiaerp.addons.base.tests.test_views: Please indicate why the always invisible fields are present in the view, or remove the field tag.
Addons: 'base_setup'   Views: ['res_config_settings_view_form']
Addons: 'base_import_module'   Views: ['view_base_module_import']
Addons: 'web'   Views: ['view_base_document_layout']
Addons: 'auth_totp'   Views: ['view_totp_form', 'view_totp_field'] 
2026-02-09 10:31:13,844 1 INFO betopiaerp betopiaerp.addons.base.models.ir_attachment: filestore gc 1 checked, 1 removed 
2026-02-09 10:31:13,846 1 INFO betopiaerp betopiaerp.addons.rpc.tests.test_xmlrpc: Starting TestXMLRPC.test_01_xmlrpc_login ... 
2026-02-09 10:31:13,848 1 INFO betopiaerp betopiaerp.addons.base.models.ir_http: Generating routing map for key None 
2026-02-09 10:31:14,183 1 INFO None betopiaerp.addons.base.models.res_users: Login successful for login:admin from n/a 
2026-02-09 10:31:14,184 1 INFO None werkzeug: 127.0.0.1 - - [09/Feb/2026 10:31:14] "POST /xmlrpc/2/common HTTP/1.1" 200 - 10 0.003 0.333
2026-02-09 10:31:14,185 1 INFO betopiaerp betopiaerp.addons.rpc.tests.test_xmlrpc: Starting TestXMLRPC.test_jsonrpc_name_search ... 
2026-02-09 10:31:14,188 1 INFO betopiaerp betopiaerp.addons.base.models.ir_http: Generating routing map for key None 
2026-02-09 10:31:14,527 1 INFO betopiaerp werkzeug: 127.0.0.1 - - [09/Feb/2026 10:31:14] "POST /jsonrpc#res.partner.name_search HTTP/1.1" 200 - 23 0.006 0.333
2026-02-09 10:31:14,529 1 INFO betopiaerp betopiaerp.addons.rpc.tests.test_xmlrpc: Starting TestXMLRPC.test_jsonrpc_read_group ... 
2026-02-09 10:31:14,532 1 INFO betopiaerp betopiaerp.addons.base.models.ir_http: Generating routing map for key None 
2026-02-09 10:31:14,875 1 INFO betopiaerp werkzeug: 127.0.0.1 - - [09/Feb/2026 10:31:14] "POST /jsonrpc#res.partner.formatted_read_group HTTP/1.1" 200 - 22 0.007 0.336
2026-02-09 10:31:14,876 1 INFO betopiaerp betopiaerp.addons.rpc.tests.test_xmlrpc: Starting TestXMLRPC.test_xmlrpc_attachment_raw ... 
2026-02-09 10:31:14,881 1 INFO betopiaerp betopiaerp.addons.base.models.ir_http: Generating routing map for key None 
2026-02-09 10:31:15,241 1 INFO betopiaerp werkzeug: 127.0.0.1 - - [09/Feb/2026 10:31:15] "POST /xmlrpc/2/object#ir.attachment.read HTTP/1.1" 200 - 18 0.005 0.356
2026-02-09 10:31:15,243 1 INFO betopiaerp betopiaerp.addons.rpc.tests.test_xmlrpc: Starting TestXMLRPC.test_xmlrpc_datetime ... 
2026-02-09 10:31:15,248 1 INFO betopiaerp betopiaerp.addons.base.models.ir_http: Generating routing map for key None 
2026-02-09 10:31:15,574 1 INFO betopiaerp werkzeug: 127.0.0.1 - - [09/Feb/2026 10:31:15] "POST /xmlrpc/2/object#res.device.log.create HTTP/1.1" 200 - 22 0.006 0.321
2026-02-09 10:31:15,581 1 INFO betopiaerp werkzeug: 127.0.0.1 - - [09/Feb/2026 10:31:15] "POST /xmlrpc/2/object#res.device.log.read HTTP/1.1" 200 - 7 0.002 0.003
2026-02-09 10:31:15,582 1 INFO betopiaerp betopiaerp.addons.rpc.tests.test_xmlrpc: Starting TestXMLRPC.test_xmlrpc_defaultdict_marshalling ... 
2026-02-09 10:31:15,584 1 INFO betopiaerp betopiaerp.addons.base.models.ir_http: Generating routing map for key None 
2026-02-09 10:31:15,906 1 INFO betopiaerp werkzeug: 127.0.0.1 - - [09/Feb/2026 10:31:15] "POST /xmlrpc/2/object#res.users.context_get HTTP/1.1" 200 - 7 0.001 0.321
2026-02-09 10:31:15,908 1 INFO betopiaerp betopiaerp.addons.rpc.tests.test_xmlrpc: Starting TestXMLRPC.test_xmlrpc_frozendict_marshalling ... 
2026-02-09 10:31:15,917 1 INFO betopiaerp betopiaerp.addons.base.models.ir_http: Generating routing map for key None 
2026-02-09 10:31:16,255 1 INFO betopiaerp werkzeug: 127.0.0.1 - - [09/Feb/2026 10:31:16] "POST /xmlrpc/2/object#res.users.context_get HTTP/1.1" 200 - 9 0.002 0.336
2026-02-09 10:31:16,256 1 INFO betopiaerp betopiaerp.addons.rpc.tests.test_xmlrpc: Starting TestXMLRPC.test_xmlrpc_html_field ... 
2026-02-09 10:31:16,280 1 INFO betopiaerp betopiaerp.addons.base.models.ir_http: Generating routing map for key None 
2026-02-09 10:31:16,602 1 INFO betopiaerp werkzeug: 127.0.0.1 - - [09/Feb/2026 10:31:16] "POST /xmlrpc/2/object#res.users.read HTTP/1.1" 200 - 19 0.005 0.318
2026-02-09 10:31:16,604 1 INFO betopiaerp betopiaerp.addons.rpc.tests.test_xmlrpc: Starting TestXMLRPC.test_xmlrpc_ir_model_search ... 
2026-02-09 10:31:16,606 1 INFO betopiaerp betopiaerp.addons.base.models.ir_http: Generating routing map for key None 
2026-02-09 10:31:16,929 1 INFO betopiaerp werkzeug: 127.0.0.1 - - [09/Feb/2026 10:31:16] "POST /xmlrpc/2/object#ir.model.search HTTP/1.1" 200 - 17 0.005 0.319
2026-02-09 10:31:16,933 1 INFO betopiaerp werkzeug: 127.0.0.1 - - [09/Feb/2026 10:31:16] "POST /xmlrpc/2/object#ir.model.search HTTP/1.1" 200 - 1 0.000 0.002
2026-02-09 10:31:16,934 1 INFO betopiaerp betopiaerp.addons.rpc.tests.test_xmlrpc: Starting TestXMLRPC.test_xmlrpc_name_search ... 
2026-02-09 10:31:16,936 1 INFO betopiaerp betopiaerp.addons.base.models.ir_http: Generating routing map for key None 
2026-02-09 10:31:17,262 1 INFO betopiaerp werkzeug: 127.0.0.1 - - [09/Feb/2026 10:31:17] "POST /xmlrpc/2/object#res.partner.name_search HTTP/1.1" 200 - 23 0.006 0.321
2026-02-09 10:31:17,264 1 INFO betopiaerp betopiaerp.addons.rpc.tests.test_xmlrpc: Starting TestXMLRPC.test_xmlrpc_read_group ... 
2026-02-09 10:31:17,266 1 INFO betopiaerp betopiaerp.addons.base.models.ir_http: Generating routing map for key None 
2026-02-09 10:31:17,591 1 INFO betopiaerp werkzeug: 127.0.0.1 - - [09/Feb/2026 10:31:17] "POST /xmlrpc/2/object#res.partner.formatted_read_group HTTP/1.1" 200 - 22 0.006 0.320
2026-02-09 10:31:17,593 1 INFO betopiaerp betopiaerp.addons.rpc.tests.test_xmlrpc: Starting TestXMLRPC.test_xmlrpc_remove_control_characters ... 
2026-02-09 10:31:17,619 1 INFO betopiaerp betopiaerp.addons.base.models.ir_http: Generating routing map for key None 
2026-02-09 10:31:17,942 1 INFO betopiaerp werkzeug: 127.0.0.1 - - [09/Feb/2026 10:31:17] "POST /xmlrpc/2/object#res.users.read HTTP/1.1" 200 - 20 0.005 0.318
2026-02-09 10:31:17,946 1 INFO betopiaerp betopiaerp.addons.base.models.ir_attachment: filestore gc 3 checked, 3 removed 
2026-02-09 10:31:17,970 1 INFO betopiaerp betopiaerp.addons.rpc.tests.test_xmlrpc: Starting TestAPIKeys.test_delete ... 
2026-02-09 10:31:17,982 1 INFO betopiaerp betopiaerp.addons.base.models.res_users: Users API Keys generated: scope: <None> for 'byl' (#556) from localhost 
2026-02-09 10:31:17,985 1 INFO betopiaerp betopiaerp.models.unlink: User #556 deleted res.users.apikeys.description records with IDs: [16] 
2026-02-09 10:31:17,994 1 INFO betopiaerp betopiaerp.addons.base.models.res_users: Users API Keys generated: scope: <None> for 'byl' (#556) from localhost 
2026-02-09 10:31:17,996 1 INFO betopiaerp betopiaerp.models.unlink: User #556 deleted res.users.apikeys.description records with IDs: [17] 
2026-02-09 10:31:18,002 1 INFO betopiaerp betopiaerp.addons.base.models.res_users: Users API Keys generated: scope: <None> for 'byl' (#556) from localhost 
2026-02-09 10:31:18,004 1 INFO betopiaerp betopiaerp.models.unlink: User #556 deleted res.users.apikeys.description records with IDs: [18] 
2026-02-09 10:31:18,009 1 INFO betopiaerp betopiaerp.addons.base.models.res_users: API key(s) removed: scope: <[False]> for 'byl' (#556) from localhost 
2026-02-09 10:31:18,011 1 INFO betopiaerp betopiaerp.models.unlink: User #556 deleted res.users.apikeys records with IDs: [15] 
2026-02-09 10:31:18,016 1 INFO betopiaerp betopiaerp.addons.base.models.res_users: API key(s) removed: scope: <[False]> for 'admin' (#2) from localhost 
2026-02-09 10:31:18,018 1 INFO betopiaerp betopiaerp.models.unlink: User #2 deleted res.users.apikeys records with IDs: [16] 
2026-02-09 10:31:18,035 1 INFO betopiaerp betopiaerp.addons.base.models.ir_rule: Access Denied by record rules for operation: read on record ids: [17], uid: 557, model: res.users.apikeys 
2026-02-09 10:31:18,038 1 INFO betopiaerp betopiaerp.addons.base.models.ir_rule: Access Denied by record rules for operation: read on record ids: [17], uid: 557, model: res.users.apikeys 
2026-02-09 10:31:18,040 1 INFO betopiaerp betopiaerp.addons.rpc.tests.test_xmlrpc: Starting TestAPIKeys.test_disabled ... 
2026-02-09 10:31:18,050 1 INFO betopiaerp betopiaerp.addons.base.models.res_users: Users API Keys generated: scope: <None> for 'byl' (#556) from localhost 
2026-02-09 10:31:18,052 1 INFO betopiaerp betopiaerp.models.unlink: User #556 deleted res.users.apikeys.description records with IDs: [19] 
2026-02-09 10:31:18,061 1 INFO betopiaerp betopiaerp.addons.rpc.tests.test_xmlrpc: Starting TestAPIKeys.test_key ... 
2026-02-09 10:31:18,071 1 INFO betopiaerp betopiaerp.addons.base.models.res_users: Users API Keys generated: scope: <None> for 'byl' (#556) from localhost 
2026-02-09 10:31:18,073 1 INFO betopiaerp betopiaerp.models.unlink: User #556 deleted res.users.apikeys.description records with IDs: [20] 
2026-02-09 10:31:18,078 1 INFO betopiaerp betopiaerp.addons.base.models.res_users: Login successful for login:byl from localhost 
2026-02-09 10:31:18,084 1 INFO betopiaerp betopiaerp.addons.base.models.res_users: Login successful for login:byl from localhost 
2026-02-09 10:31:18,089 1 INFO betopiaerp betopiaerp.tests.common: Simulating signal changes during tests 
2026-02-09 10:31:18,091 1 INFO betopiaerp betopiaerp.addons.rpc.tests.test_xmlrpc: Starting TestAPIKeys.test_trivial ... 
2026-02-09 10:31:18,095 1 INFO betopiaerp betopiaerp.addons.base.models.res_users: Login successful for login:byl from localhost 
2026-02-09 10:31:18,098 1 INFO betopiaerp betopiaerp.tests.common: Simulating signal changes during tests 
2026-02-09 10:31:18,099 1 INFO betopiaerp betopiaerp.addons.rpc.tests.test_xmlrpc: Starting TestAPIKeys.test_wrongpw ... 
2026-02-09 10:31:18,103 1 INFO betopiaerp betopiaerp.addons.base.models.res_users: Login failed for login:byl from localhost 
2026-02-09 10:31:18,108 1 INFO betopiaerp betopiaerp.addons.base.models.ir_attachment: filestore gc 2 checked, 2 removed 
2026-02-09 10:31:18,136 1 INFO betopiaerp betopiaerp.addons.web.tests.test_action: Starting TestLoadBreadcrumbs.test_breadcrumbs_action_with_res_model ... 
2026-02-09 10:31:18,141 1 INFO betopiaerp betopiaerp.addons.base.models.res_users: Login successful for login:admin from n/a 
2026-02-09 10:31:18,146 1 INFO betopiaerp betopiaerp.addons.base.models.ir_http: Generating routing map for key None 
2026-02-09 10:31:18,158 1 INFO betopiaerp werkzeug: 127.0.0.1 - - [09/Feb/2026 10:31:18] "POST /web/action/load_breadcrumbs HTTP/1.1" 200 - 7 0.002 0.011
2026-02-09 10:31:18,175 1 INFO betopiaerp werkzeug: 127.0.0.1 - - [09/Feb/2026 10:31:18] "POST /web/action/load_breadcrumbs HTTP/1.1" 200 - 17 0.005 0.010
2026-02-09 10:31:18,177 1 INFO betopiaerp betopiaerp.addons.web.tests.test_action: Starting TestLoadBreadcrumbs.test_breadcrumbs_client_action ... 
2026-02-09 10:31:18,180 1 INFO betopiaerp betopiaerp.addons.base.models.res_users: Login successful for login:admin from n/a 
2026-02-09 10:31:18,184 1 INFO betopiaerp betopiaerp.addons.base.models.ir_http: Generating routing map for key None 
2026-02-09 10:31:18,236 1 INFO betopiaerp werkzeug: 127.0.0.1 - - [09/Feb/2026 10:31:18] "POST /web/action/load_breadcrumbs HTTP/1.1" 200 - 7 0.002 0.051
2026-02-09 10:31:18,238 1 INFO betopiaerp betopiaerp.addons.web.tests.test_action: Starting TestLoadBreadcrumbs.test_breadcrumbs_client_action_multirecord ... 
2026-02-09 10:31:18,241 1 INFO betopiaerp betopiaerp.addons.base.models.res_users: Login successful for login:admin from n/a 
2026-02-09 10:31:18,246 1 INFO betopiaerp betopiaerp.addons.base.models.ir_http: Generating routing map for key None 
2026-02-09 10:31:18,272 1 INFO betopiaerp werkzeug: 127.0.0.1 - - [09/Feb/2026 10:31:18] "POST /web/action/load_breadcrumbs HTTP/1.1" 200 - 25 0.008 0.018
2026-02-09 10:31:18,273 1 INFO betopiaerp betopiaerp.addons.web.tests.test_action: Starting TestLoadBreadcrumbs.test_breadcrumbs_empty_action ... 
2026-02-09 10:31:18,276 1 INFO betopiaerp betopiaerp.addons.base.models.res_users: Login successful for login:admin from n/a 
2026-02-09 10:31:18,280 1 INFO betopiaerp betopiaerp.addons.base.models.ir_http: Generating routing map for key None 
2026-02-09 10:31:18,288 1 INFO betopiaerp werkzeug: 127.0.0.1 - - [09/Feb/2026 10:31:18] "POST /web/action/load_breadcrumbs HTTP/1.1" 200 - 2 0.000 0.008
2026-02-09 10:31:18,290 1 INFO betopiaerp betopiaerp.addons.web.tests.test_action: Starting TestLoadBreadcrumbs.test_breadcrumbs_get_model ... 
2026-02-09 10:31:18,293 1 INFO betopiaerp betopiaerp.addons.base.models.res_users: Login successful for login:admin from n/a 
2026-02-09 10:31:18,297 1 INFO betopiaerp betopiaerp.addons.base.models.ir_http: Generating routing map for key None 
2026-02-09 10:31:18,310 1 INFO betopiaerp werkzeug: 127.0.0.1 - - [09/Feb/2026 10:31:18] "POST /web/action/load_breadcrumbs HTTP/1.1" 200 - 2 0.000 0.013
2026-02-09 10:31:18,326 1 INFO betopiaerp werkzeug: 127.0.0.1 - - [09/Feb/2026 10:31:18] "POST /web/action/load_breadcrumbs HTTP/1.1" 200 - 19 0.005 0.009
2026-02-09 10:31:18,328 1 INFO betopiaerp betopiaerp.addons.web.tests.test_action: Starting TestLoadBreadcrumbs.test_breadcrumbs_no_action_nor_model ... 
2026-02-09 10:31:18,331 1 INFO betopiaerp betopiaerp.addons.base.models.res_users: Login successful for login:admin from n/a 
2026-02-09 10:31:18,335 1 INFO betopiaerp betopiaerp.addons.base.models.ir_http: Generating routing map for key None 
2026-02-09 10:31:18,347 1 INFO betopiaerp werkzeug: 127.0.0.1 - - [09/Feb/2026 10:31:18] "POST /web/action/load_breadcrumbs HTTP/1.1" 200 - 2 0.000 0.012
2026-02-09 10:31:18,348 1 INFO betopiaerp betopiaerp.addons.web.tests.test_action: Starting TestLoadBreadcrumbs.test_breadcrumbs_server_action_path ... 
2026-02-09 10:31:18,350 1 INFO betopiaerp betopiaerp.addons.base.models.res_users: Login successful for login:admin from n/a 
2026-02-09 10:31:18,356 1 INFO betopiaerp betopiaerp.addons.base.models.ir_http: Generating routing map for key None 
2026-02-09 10:31:18,377 1 INFO betopiaerp werkzeug: 127.0.0.1 - - [09/Feb/2026 10:31:18] "POST /web/action/load_breadcrumbs HTTP/1.1" 200 - 31 0.006 0.016
2026-02-09 10:31:18,378 1 INFO betopiaerp betopiaerp.addons.web.tests.test_action: Starting TestLoadBreadcrumbs.test_breadcrumbs_server_action_without_res_model ... 
2026-02-09 10:31:18,381 1 INFO betopiaerp betopiaerp.addons.base.models.res_users: Login successful for login:admin from n/a 
2026-02-09 10:31:18,385 1 INFO betopiaerp betopiaerp.addons.base.models.ir_http: Generating routing map for key None 
2026-02-09 10:31:18,406 1 INFO betopiaerp werkzeug: 127.0.0.1 - - [09/Feb/2026 10:31:18] "POST /web/action/load_breadcrumbs HTTP/1.1" 200 - 31 0.005 0.016
2026-02-09 10:31:18,407 1 INFO betopiaerp betopiaerp.addons.web.tests.test_action: Starting TestLoadBreadcrumbs.test_breadcrumbs_window_action ... 
2026-02-09 10:31:18,410 1 INFO betopiaerp betopiaerp.addons.base.models.res_users: Login successful for login:admin from n/a 
2026-02-09 10:31:18,414 1 INFO betopiaerp betopiaerp.addons.base.models.ir_http: Generating routing map for key None 
2026-02-09 10:31:18,429 1 INFO betopiaerp werkzeug: 127.0.0.1 - - [09/Feb/2026 10:31:18] "POST /web/action/load_breadcrumbs HTTP/1.1" 200 - 18 0.003 0.012
2026-02-09 10:31:18,432 1 INFO betopiaerp betopiaerp.addons.base.models.ir_attachment: filestore gc 0 checked, 0 removed 
2026-02-09 10:31:18,433 1 INFO betopiaerp betopiaerp.addons.web.tests.test_assets: Starting TestLogsAssetsGenerateTime.test_logs_assets_check_time ... 
2026-02-09 10:31:25,425 1 INFO betopiaerp betopiaerp.addons.web.tests.test_assets: Bundle 'web.assets_web_print.css' checked in 6.99s 
2026-02-09 10:31:29,254 1 INFO betopiaerp betopiaerp.addons.web.tests.test_assets: Bundle 'web.assets_web_print.js' checked in 3.83s 
2026-02-09 10:31:30,330 1 INFO betopiaerp betopiaerp.addons.web.tests.test_assets: Bundle 'web._assets_bootstrap.css' checked in 1.08s 
2026-02-09 10:31:30,331 1 INFO betopiaerp betopiaerp.addons.web.tests.test_assets: Bundle 'web._assets_bootstrap.js' checked in 0.00s 
2026-02-09 10:31:31,901 1 INFO betopiaerp betopiaerp.addons.web.tests.test_assets: Bundle 'web.assets_backend_lazy_dark.css' checked in 1.57s 
2026-02-09 10:31:31,970 1 INFO betopiaerp betopiaerp.addons.web.tests.test_assets: Bundle 'web.assets_backend_lazy_dark.js' checked in 0.07s 
2026-02-09 10:31:38,782 1 INFO betopiaerp betopiaerp.addons.web.tests.test_assets: Bundle 'web.tests_assets.css' checked in 6.81s 
2026-02-09 10:31:38,785 1 INFO betopiaerp betopiaerp.addons.web.tests.test_assets: Bundle 'web.tests_assets.js' checked in 0.00s 
2026-02-09 10:31:38,792 1 INFO betopiaerp betopiaerp.addons.web.tests.test_assets: Bundle 'web.assets_unit_tests_setup_ui.css' checked in 0.01s 
2026-02-09 10:31:38,810 1 INFO betopiaerp betopiaerp.addons.web.tests.test_assets: Bundle 'web.assets_unit_tests_setup_ui.js' checked in 0.02s 
2026-02-09 10:31:45,603 1 INFO betopiaerp betopiaerp.addons.web.tests.test_assets: Bundle 'web.assets_web_dark.css' checked in 6.79s 
2026-02-09 10:31:49,291 1 INFO betopiaerp betopiaerp.addons.web.tests.test_assets: Bundle 'web.assets_web_dark.js' checked in 3.69s 
2026-02-09 10:31:50,613 1 INFO betopiaerp betopiaerp.addons.web.tests.test_assets: Bundle 'web.assets_unit_tests.css' checked in 1.32s 
2026-02-09 10:31:50,616 1 INFO betopiaerp betopiaerp.addons.web.tests.test_assets: Bundle 'web.assets_unit_tests.js' checked in 0.00s 
2026-02-09 10:31:50,630 1 INFO betopiaerp betopiaerp.addons.web.tests.test_assets: Bundle 'bus.websocket_worker_assets.css' checked in 0.01s 
2026-02-09 10:31:50,654 1 INFO betopiaerp betopiaerp.addons.web.tests.test_assets: Bundle 'bus.websocket_worker_assets.js' checked in 0.02s 
2026-02-09 10:31:50,670 1 INFO betopiaerp betopiaerp.addons.web.tests.test_assets: Bundle 'html_editor.assets_history_diff.css' checked in 0.01s 
2026-02-09 10:31:50,676 1 INFO betopiaerp betopiaerp.addons.web.tests.test_assets: Bundle 'html_editor.assets_history_diff.js' checked in 0.01s 
2026-02-09 10:31:50,715 1 INFO betopiaerp betopiaerp.addons.web.tests.test_assets: Bundle 'web_tour.recorder.css' checked in 0.04s 
2026-02-09 10:31:50,792 1 INFO betopiaerp betopiaerp.addons.web.tests.test_assets: Bundle 'web_tour.recorder.js' checked in 0.08s 
2026-02-09 10:31:50,818 1 INFO betopiaerp betopiaerp.addons.web.tests.test_assets: Bundle 'web.fullcalendar_lib.css' checked in 0.02s 
2026-02-09 10:31:50,900 1 INFO betopiaerp betopiaerp.addons.web.tests.test_assets: Bundle 'web.fullcalendar_lib.js' checked in 0.08s 
2026-02-09 10:31:56,529 1 INFO betopiaerp betopiaerp.addons.web.tests.test_assets: Bundle 'web.assets_web.css' checked in 5.63s 
2026-02-09 10:31:56,532 1 INFO betopiaerp betopiaerp.addons.web.tests.test_assets: Bundle 'web.assets_web.js' checked in 0.00s 
2026-02-09 10:31:56,555 1 INFO betopiaerp betopiaerp.addons.web.tests.test_assets: Bundle 'web.ace_lib.css' checked in 0.02s 
2026-02-09 10:31:56,680 1 INFO betopiaerp betopiaerp.addons.web.tests.test_assets: Bundle 'web.ace_lib.js' checked in 0.13s 
2026-02-09 10:31:58,947 1 INFO betopiaerp betopiaerp.addons.web.tests.test_assets: Bundle 'web.assets_frontend_lazy.css' checked in 2.27s 
2026-02-09 10:31:58,949 1 INFO betopiaerp betopiaerp.addons.web.tests.test_assets: Bundle 'web.assets_frontend_lazy.js' checked in 0.00s 
2026-02-09 10:31:58,961 1 INFO betopiaerp betopiaerp.addons.web.tests.test_assets: Bundle 'html_editor.assets_prism.css' checked in 0.01s 
2026-02-09 10:31:58,970 1 INFO betopiaerp betopiaerp.addons.web.tests.test_assets: Bundle 'html_editor.assets_prism.js' checked in 0.01s 
2026-02-09 10:31:58,997 1 INFO betopiaerp betopiaerp.addons.web.tests.test_assets: Bundle 'web_tour.interactive.css' checked in 0.03s 
2026-02-09 10:31:59,056 1 INFO betopiaerp betopiaerp.addons.web.tests.test_assets: Bundle 'web_tour.interactive.js' checked in 0.06s 
2026-02-09 10:31:59,084 1 INFO betopiaerp betopiaerp.addons.web.tests.test_assets: Bundle 'web.assets_frontend_minimal.css' checked in 0.03s 
2026-02-09 10:31:59,084 1 INFO betopiaerp betopiaerp.addons.web.tests.test_assets: Bundle 'web.assets_frontend_minimal.js' checked in 0.00s 
2026-02-09 10:31:59,113 1 INFO betopiaerp betopiaerp.addons.web.tests.test_assets: Bundle 'web_tour.automatic.css' checked in 0.03s 
2026-02-09 10:31:59,202 1 INFO betopiaerp betopiaerp.addons.web.tests.test_assets: Bundle 'web_tour.automatic.js' checked in 0.09s 
2026-02-09 10:31:59,307 1 INFO betopiaerp betopiaerp.addons.web.tests.test_assets: Bundle 'html_editor.assets_media_dialog.css' checked in 0.10s 
2026-02-09 10:31:59,396 1 INFO betopiaerp betopiaerp.addons.web.tests.test_assets: Bundle 'html_editor.assets_media_dialog.js' checked in 0.09s 
2026-02-09 10:31:59,404 1 INFO betopiaerp betopiaerp.addons.web.tests.test_assets: Bundle 'web.chartjs_lib.css' checked in 0.01s 
2026-02-09 10:31:59,481 1 INFO betopiaerp betopiaerp.addons.web.tests.test_assets: Bundle 'web.chartjs_lib.js' checked in 0.08s 
2026-02-09 10:32:00,476 1 INFO betopiaerp betopiaerp.addons.web.tests.test_assets: Bundle 'web._assets_core.css' checked in 0.99s 
2026-02-09 10:32:01,470 1 INFO betopiaerp betopiaerp.addons.web.tests.test_assets: Bundle 'web._assets_core.js' checked in 0.99s 
2026-02-09 10:32:03,457 1 INFO betopiaerp betopiaerp.addons.web.tests.test_assets: Bundle 'web.report_assets_common.css' checked in 1.99s 
2026-02-09 10:32:03,457 1 INFO betopiaerp betopiaerp.addons.web.tests.test_assets: Bundle 'web.report_assets_common.js' checked in 0.00s 
2026-02-09 10:32:03,494 1 INFO betopiaerp betopiaerp.addons.web.tests.test_assets: Bundle 'web._assets_backend_helpers.css' checked in 0.04s 
2026-02-09 10:32:03,494 1 INFO betopiaerp betopiaerp.addons.web.tests.test_assets: Bundle 'web._assets_backend_helpers.js' checked in 0.00s 
2026-02-09 10:32:05,126 1 INFO betopiaerp betopiaerp.addons.web.tests.test_assets: Bundle 'web.assets_backend_lazy.css' checked in 1.63s 
2026-02-09 10:32:05,193 1 INFO betopiaerp betopiaerp.addons.web.tests.test_assets: Bundle 'web.assets_backend_lazy.js' checked in 0.07s 
2026-02-09 10:32:06,217 1 INFO betopiaerp betopiaerp.addons.web.tests.test_assets: Bundle 'api_doc.assets.css' checked in 1.02s 
2026-02-09 10:32:06,218 1 INFO betopiaerp betopiaerp.addons.web.tests.test_assets: Bundle 'api_doc.assets.js' checked in 0.00s 
2026-02-09 10:32:06,242 1 INFO betopiaerp betopiaerp.addons.web.tests.test_assets: Bundle 'web._assets_secondary_variables.css' checked in 0.02s 
2026-02-09 10:32:06,243 1 INFO betopiaerp betopiaerp.addons.web.tests.test_assets: Bundle 'web._assets_secondary_variables.js' checked in 0.00s 
2026-02-09 10:32:06,254 1 INFO betopiaerp betopiaerp.addons.web.tests.test_assets: Bundle 'web._assets_jquery.css' checked in 0.01s 
2026-02-09 10:32:06,296 1 INFO betopiaerp betopiaerp.addons.web.tests.test_assets: Bundle 'web._assets_jquery.js' checked in 0.04s 
2026-02-09 10:32:06,316 1 INFO betopiaerp betopiaerp.addons.web.tests.test_assets: Bundle 'web._assets_frontend_helpers.css' checked in 0.02s 
2026-02-09 10:32:06,316 1 INFO betopiaerp betopiaerp.addons.web.tests.test_assets: Bundle 'web._assets_frontend_helpers.js' checked in 0.00s 
2026-02-09 10:32:06,436 1 INFO betopiaerp betopiaerp.addons.web.tests.test_assets: Bundle 'web.qunit_suite_tests.css' checked in 0.12s 
2026-02-09 10:32:06,437 1 INFO betopiaerp betopiaerp.addons.web.tests.test_assets: Bundle 'web.qunit_suite_tests.js' checked in 0.00s 
2026-02-09 10:32:06,452 1 INFO betopiaerp betopiaerp.addons.web.tests.test_assets: Bundle 'html_editor.assets_image_cropper.css' checked in 0.01s 
2026-02-09 10:32:06,472 1 INFO betopiaerp betopiaerp.addons.web.tests.test_assets: Bundle 'html_editor.assets_image_cropper.js' checked in 0.02s 
2026-02-09 10:32:08,690 1 INFO betopiaerp betopiaerp.addons.web.tests.test_assets: Bundle 'web.assets_frontend.css' checked in 2.22s 
2026-02-09 10:32:10,181 1 INFO betopiaerp betopiaerp.addons.web.tests.test_assets: Bundle 'web.assets_frontend.js' checked in 1.49s 
2026-02-09 10:32:18,665 1 INFO betopiaerp betopiaerp.addons.web.tests.test_assets: Bundle 'web.assets_backend.css' checked in 8.48s 
2026-02-09 10:32:22,263 1 INFO betopiaerp betopiaerp.addons.web.tests.test_assets: Bundle 'web.assets_backend.js' checked in 3.60s 
2026-02-09 10:32:22,267 1 INFO betopiaerp betopiaerp.addons.web.tests.test_assets: Bundle 'web.assets_emoji.css' checked in 0.00s 
2026-02-09 10:32:22,370 1 INFO betopiaerp betopiaerp.addons.web.tests.test_assets: Bundle 'web.assets_emoji.js' checked in 0.10s 
2026-02-09 10:32:22,450 1 INFO betopiaerp betopiaerp.addons.web.tests.test_assets: Bundle 'web.__assets_tests_call__.css' checked in 0.08s 
2026-02-09 10:32:22,451 1 INFO betopiaerp betopiaerp.addons.web.tests.test_assets: Bundle 'web.__assets_tests_call__.js' checked in 0.00s 
2026-02-09 10:32:29,329 1 INFO betopiaerp betopiaerp.addons.web.tests.test_assets: Bundle 'web.assets_unit_tests_setup.css' checked in 6.88s 
2026-02-09 10:32:29,332 1 INFO betopiaerp betopiaerp.addons.web.tests.test_assets: Bundle 'web.assets_unit_tests_setup.js' checked in 0.00s 
2026-02-09 10:32:30,914 1 INFO betopiaerp betopiaerp.addons.web.tests.test_assets: Bundle 'web._assets_helpers.css' checked in 1.58s 
2026-02-09 10:32:30,914 1 INFO betopiaerp betopiaerp.addons.web.tests.test_assets: Bundle 'web._assets_helpers.js' checked in 0.00s 
2026-02-09 10:32:30,992 1 INFO betopiaerp betopiaerp.addons.web.tests.test_assets: Bundle 'web.assets_tests.css' checked in 0.08s 
2026-02-09 10:32:30,993 1 INFO betopiaerp betopiaerp.addons.web.tests.test_assets: Bundle 'web.assets_tests.js' checked in 0.00s 
2026-02-09 10:32:30,997 1 INFO betopiaerp betopiaerp.addons.web.tests.test_assets: Bundle 'web.assets_clickbot.css' checked in 0.00s 
2026-02-09 10:32:31,005 1 INFO betopiaerp betopiaerp.addons.web.tests.test_assets: Bundle 'web.assets_clickbot.js' checked in 0.01s 
2026-02-09 10:32:31,024 1 INFO betopiaerp betopiaerp.addons.web.tests.test_assets: Bundle 'web_tour.common.css' checked in 0.02s 
2026-02-09 10:32:31,076 1 INFO betopiaerp betopiaerp.addons.web.tests.test_assets: Bundle 'web_tour.common.js' checked in 0.05s 
2026-02-09 10:32:31,088 1 INFO betopiaerp betopiaerp.addons.web.tests.test_assets: Bundle 'html_editor.assets_prism_dark.css' checked in 0.01s 
2026-02-09 10:32:31,099 1 INFO betopiaerp betopiaerp.addons.web.tests.test_assets: Bundle 'html_editor.assets_prism_dark.js' checked in 0.01s 
2026-02-09 10:32:31,104 1 INFO betopiaerp betopiaerp.addons.web.tests.test_assets: Bundle 'web.report_assets_pdf.css' checked in 0.01s 
2026-02-09 10:32:31,104 1 INFO betopiaerp betopiaerp.addons.web.tests.test_assets: Bundle 'web.report_assets_pdf.js' checked in 0.00s 
2026-02-09 10:32:32,160 1 INFO betopiaerp betopiaerp.addons.web.tests.test_assets: Bundle 'web._assets_bootstrap_frontend.css' checked in 1.06s 
2026-02-09 10:32:32,161 1 INFO betopiaerp betopiaerp.addons.web.tests.test_assets: Bundle 'web._assets_bootstrap_frontend.js' checked in 0.00s 
2026-02-09 10:32:33,135 1 INFO betopiaerp betopiaerp.addons.web.tests.test_assets: Bundle 'web._assets_primary_variables.css' checked in 0.97s 
2026-02-09 10:32:33,135 1 INFO betopiaerp betopiaerp.addons.web.tests.test_assets: Bundle 'web._assets_primary_variables.js' checked in 0.00s 
2026-02-09 10:32:33,317 1 INFO betopiaerp betopiaerp.addons.web.tests.test_assets: Bundle 'html_editor.assets_readonly.css' checked in 0.18s 
2026-02-09 10:32:33,481 1 INFO betopiaerp betopiaerp.addons.web.tests.test_assets: Bundle 'html_editor.assets_readonly.js' checked in 0.16s 
2026-02-09 10:32:34,669 1 INFO betopiaerp betopiaerp.addons.web.tests.test_assets: Bundle 'html_editor.assets_editor.css' checked in 1.19s 
2026-02-09 10:32:35,553 1 INFO betopiaerp betopiaerp.addons.web.tests.test_assets: Bundle 'html_editor.assets_editor.js' checked in 0.88s 
2026-02-09 10:32:36,621 1 INFO betopiaerp betopiaerp.addons.web.tests.test_assets: Bundle 'web._assets_bootstrap_backend.css' checked in 1.07s 
2026-02-09 10:32:36,621 1 INFO betopiaerp betopiaerp.addons.web.tests.test_assets: Bundle 'web._assets_bootstrap_backend.js' checked in 0.00s 
2026-02-09 10:32:36,621 1 INFO betopiaerp betopiaerp.addons.web.tests.test_assets: All bundle checked in 78.19s 
2026-02-09 10:32:36,623 1 INFO betopiaerp betopiaerp.addons.web.tests.test_assets: Starting TestLogsAssetsGenerateTime.test_logs_assets_generate_time ... 
2026-02-09 10:32:36,633 1 INFO betopiaerp betopiaerp.models.unlink: User #1 deleted ir.attachment records with IDs: [2712, 708, 707, 705, 704, 703, 702, 701, 700, 699, 698, 697, 696, 695, 694, 693, 692, 691, 690, 689, 688, 687, 686, 685, 684, 683, 15] 
2026-02-09 10:34:34,376 1 INFO betopiaerp betopiaerp.addons.web.tests.test_assets: Bundle 'web.assets_web_print.css' generated in 9.28s 
2026-02-09 10:34:34,376 1 INFO betopiaerp betopiaerp.addons.web.tests.test_assets: Bundle 'web.assets_web_print.js' generated in 3.66s 
2026-02-09 10:34:34,377 1 INFO betopiaerp betopiaerp.addons.web.tests.test_assets: Bundle 'web._assets_bootstrap.css' generated in 1.04s 
2026-02-09 10:34:34,377 1 INFO betopiaerp betopiaerp.addons.web.tests.test_assets: Bundle 'web._assets_bootstrap.js' generated in 0.00s 
2026-02-09 10:34:34,377 1 INFO betopiaerp betopiaerp.addons.web.tests.test_assets: Bundle 'web.assets_backend_lazy_dark.css' generated in 1.57s 
2026-02-09 10:34:34,377 1 INFO betopiaerp betopiaerp.addons.web.tests.test_assets: Bundle 'web.assets_backend_lazy_dark.js' generated in 0.07s 
2026-02-09 10:34:34,378 1 INFO betopiaerp betopiaerp.addons.web.tests.test_assets: Bundle 'web.tests_assets.css' generated in 9.65s 
2026-02-09 10:34:34,378 1 INFO betopiaerp betopiaerp.addons.web.tests.test_assets: Bundle 'web.tests_assets.js' generated in 4.32s 
2026-02-09 10:34:34,378 1 INFO betopiaerp betopiaerp.addons.web.tests.test_assets: Bundle 'web.assets_unit_tests_setup_ui.css' generated in 0.01s 
2026-02-09 10:34:34,378 1 INFO betopiaerp betopiaerp.addons.web.tests.test_assets: Bundle 'web.assets_unit_tests_setup_ui.js' generated in 0.02s 
2026-02-09 10:34:34,379 1 INFO betopiaerp betopiaerp.addons.web.tests.test_assets: Bundle 'web.assets_web_dark.css' generated in 9.62s 
2026-02-09 10:34:34,379 1 INFO betopiaerp betopiaerp.addons.web.tests.test_assets: Bundle 'web.assets_web_dark.js' generated in 3.61s 
2026-02-09 10:34:34,379 1 INFO betopiaerp betopiaerp.addons.web.tests.test_assets: Bundle 'web.assets_unit_tests.css' generated in 1.26s 
2026-02-09 10:34:34,380 1 INFO betopiaerp betopiaerp.addons.web.tests.test_assets: Bundle 'web.assets_unit_tests.js' generated in 3.33s 
2026-02-09 10:34:34,380 1 INFO betopiaerp betopiaerp.addons.web.tests.test_assets: Bundle 'bus.websocket_worker_assets.css' generated in 0.01s 
2026-02-09 10:34:34,380 1 INFO betopiaerp betopiaerp.addons.web.tests.test_assets: Bundle 'bus.websocket_worker_assets.js' generated in 0.02s 
2026-02-09 10:34:34,381 1 INFO betopiaerp betopiaerp.addons.web.tests.test_assets: Bundle 'html_editor.assets_history_diff.css' generated in 0.01s 
2026-02-09 10:34:34,381 1 INFO betopiaerp betopiaerp.addons.web.tests.test_assets: Bundle 'html_editor.assets_history_diff.js' generated in 0.01s 
2026-02-09 10:34:34,381 1 INFO betopiaerp betopiaerp.addons.web.tests.test_assets: Bundle 'web_tour.recorder.css' generated in 0.04s 
2026-02-09 10:34:34,381 1 INFO betopiaerp betopiaerp.addons.web.tests.test_assets: Bundle 'web_tour.recorder.js' generated in 0.07s 
2026-02-09 10:34:34,382 1 INFO betopiaerp betopiaerp.addons.web.tests.test_assets: Bundle 'web.fullcalendar_lib.css' generated in 0.03s 
2026-02-09 10:34:34,382 1 INFO betopiaerp betopiaerp.addons.web.tests.test_assets: Bundle 'web.fullcalendar_lib.js' generated in 0.08s 
2026-02-09 10:34:34,382 1 INFO betopiaerp betopiaerp.addons.web.tests.test_assets: Bundle 'web.assets_web.css' generated in 8.61s 
2026-02-09 10:34:34,382 1 INFO betopiaerp betopiaerp.addons.web.tests.test_assets: Bundle 'web.assets_web.js' generated in 3.70s 
2026-02-09 10:34:34,383 1 INFO betopiaerp betopiaerp.addons.web.tests.test_assets: Bundle 'web.ace_lib.css' generated in 0.03s 
2026-02-09 10:34:34,383 1 INFO betopiaerp betopiaerp.addons.web.tests.test_assets: Bundle 'web.ace_lib.js' generated in 0.12s 
2026-02-09 10:34:34,383 1 INFO betopiaerp betopiaerp.addons.web.tests.test_assets: Bundle 'web.assets_frontend_lazy.css' generated in 4.56s 
2026-02-09 10:34:34,383 1 INFO betopiaerp betopiaerp.addons.web.tests.test_assets: Bundle 'web.assets_frontend_lazy.js' generated in 1.46s 
2026-02-09 10:34:34,384 1 INFO betopiaerp betopiaerp.addons.web.tests.test_assets: Bundle 'html_editor.assets_prism.css' generated in 0.01s 
2026-02-09 10:34:34,384 1 INFO betopiaerp betopiaerp.addons.web.tests.test_assets: Bundle 'html_editor.assets_prism.js' generated in 0.01s 
2026-02-09 10:34:34,384 1 INFO betopiaerp betopiaerp.addons.web.tests.test_assets: Bundle 'web_tour.interactive.css' generated in 0.03s 
2026-02-09 10:34:34,384 1 INFO betopiaerp betopiaerp.addons.web.tests.test_assets: Bundle 'web_tour.interactive.js' generated in 0.06s 
2026-02-09 10:34:34,385 1 INFO betopiaerp betopiaerp.addons.web.tests.test_assets: Bundle 'web.assets_frontend_minimal.css' generated in 0.03s 
2026-02-09 10:34:34,385 1 INFO betopiaerp betopiaerp.addons.web.tests.test_assets: Bundle 'web.assets_frontend_minimal.js' generated in 0.03s 
2026-02-09 10:34:34,385 1 INFO betopiaerp betopiaerp.addons.web.tests.test_assets: Bundle 'web_tour.automatic.css' generated in 0.03s 
2026-02-09 10:34:34,385 1 INFO betopiaerp betopiaerp.addons.web.tests.test_assets: Bundle 'web_tour.automatic.js' generated in 0.09s 
2026-02-09 10:34:34,385 1 INFO betopiaerp betopiaerp.addons.web.tests.test_assets: Bundle 'html_editor.assets_media_dialog.css' generated in 0.11s 
2026-02-09 10:34:34,386 1 INFO betopiaerp betopiaerp.addons.web.tests.test_assets: Bundle 'html_editor.assets_media_dialog.js' generated in 0.10s 
2026-02-09 10:34:34,386 1 INFO betopiaerp betopiaerp.addons.web.tests.test_assets: Bundle 'web.chartjs_lib.css' generated in 0.01s 
2026-02-09 10:34:34,386 1 INFO betopiaerp betopiaerp.addons.web.tests.test_assets: Bundle 'web.chartjs_lib.js' generated in 0.07s 
2026-02-09 10:34:34,386 1 INFO betopiaerp betopiaerp.addons.web.tests.test_assets: Bundle 'web._assets_core.css' generated in 0.97s 
2026-02-09 10:34:34,387 1 INFO betopiaerp betopiaerp.addons.web.tests.test_assets: Bundle 'web._assets_core.js' generated in 0.97s 
2026-02-09 10:34:34,387 1 INFO betopiaerp betopiaerp.addons.web.tests.test_assets: Bundle 'web.report_assets_common.css' generated in 4.13s 
2026-02-09 10:34:34,387 1 INFO betopiaerp betopiaerp.addons.web.tests.test_assets: Bundle 'web.report_assets_common.js' generated in 0.10s 
2026-02-09 10:34:34,387 1 INFO betopiaerp betopiaerp.addons.web.tests.test_assets: Bundle 'web._assets_backend_helpers.css' generated in 0.03s 
2026-02-09 10:34:34,388 1 INFO betopiaerp betopiaerp.addons.web.tests.test_assets: Bundle 'web._assets_backend_helpers.js' generated in 0.00s 
2026-02-09 10:34:34,388 1 INFO betopiaerp betopiaerp.addons.web.tests.test_assets: Bundle 'web.assets_backend_lazy.css' generated in 1.58s 
2026-02-09 10:34:34,388 1 INFO betopiaerp betopiaerp.addons.web.tests.test_assets: Bundle 'web.assets_backend_lazy.js' generated in 0.07s 
2026-02-09 10:34:34,389 1 INFO betopiaerp betopiaerp.addons.web.tests.test_assets: Bundle 'api_doc.assets.css' generated in 2.91s 
2026-02-09 10:34:34,389 1 INFO betopiaerp betopiaerp.addons.web.tests.test_assets: Bundle 'api_doc.assets.js' generated in 0.13s 
2026-02-09 10:34:34,389 1 INFO betopiaerp betopiaerp.addons.web.tests.test_assets: Bundle 'web._assets_secondary_variables.css' generated in 0.02s 
2026-02-09 10:34:34,389 1 INFO betopiaerp betopiaerp.addons.web.tests.test_assets: Bundle 'web._assets_secondary_variables.js' generated in 0.00s 
2026-02-09 10:34:34,390 1 INFO betopiaerp betopiaerp.addons.web.tests.test_assets: Bundle 'web._assets_jquery.css' generated in 0.01s 
2026-02-09 10:34:34,390 1 INFO betopiaerp betopiaerp.addons.web.tests.test_assets: Bundle 'web._assets_jquery.js' generated in 0.04s 
2026-02-09 10:34:34,390 1 INFO betopiaerp betopiaerp.addons.web.tests.test_assets: Bundle 'web._assets_frontend_helpers.css' generated in 0.02s 
2026-02-09 10:34:34,390 1 INFO betopiaerp betopiaerp.addons.web.tests.test_assets: Bundle 'web._assets_frontend_helpers.js' generated in 0.00s 
2026-02-09 10:34:34,391 1 INFO betopiaerp betopiaerp.addons.web.tests.test_assets: Bundle 'web.qunit_suite_tests.css' generated in 0.11s 
2026-02-09 10:34:34,391 1 INFO betopiaerp betopiaerp.addons.web.tests.test_assets: Bundle 'web.qunit_suite_tests.js' generated in 0.05s 
2026-02-09 10:34:34,391 1 INFO betopiaerp betopiaerp.addons.web.tests.test_assets: Bundle 'html_editor.assets_image_cropper.css' generated in 0.01s 
2026-02-09 10:34:34,391 1 INFO betopiaerp betopiaerp.addons.web.tests.test_assets: Bundle 'html_editor.assets_image_cropper.js' generated in 0.02s 
2026-02-09 10:34:34,391 1 INFO betopiaerp betopiaerp.addons.web.tests.test_assets: Bundle 'web.assets_frontend.css' generated in 4.50s 
2026-02-09 10:34:34,392 1 INFO betopiaerp betopiaerp.addons.web.tests.test_assets: Bundle 'web.assets_frontend.js' generated in 1.52s 
2026-02-09 10:34:34,392 1 INFO betopiaerp betopiaerp.addons.web.tests.test_assets: Bundle 'web.assets_backend.css' generated in 8.37s 
2026-02-09 10:34:34,392 1 INFO betopiaerp betopiaerp.addons.web.tests.test_assets: Bundle 'web.assets_backend.js' generated in 3.70s 
2026-02-09 10:34:34,392 1 INFO betopiaerp betopiaerp.addons.web.tests.test_assets: Bundle 'web.assets_emoji.css' generated in 0.00s 
2026-02-09 10:34:34,393 1 INFO betopiaerp betopiaerp.addons.web.tests.test_assets: Bundle 'web.assets_emoji.js' generated in 0.10s 
2026-02-09 10:34:34,393 1 INFO betopiaerp betopiaerp.addons.web.tests.test_assets: Bundle 'web.__assets_tests_call__.css' generated in 0.09s 
2026-02-09 10:34:34,393 1 INFO betopiaerp betopiaerp.addons.web.tests.test_assets: Bundle 'web.__assets_tests_call__.js' generated in 0.12s 
2026-02-09 10:34:34,393 1 INFO betopiaerp betopiaerp.addons.web.tests.test_assets: Bundle 'web.assets_unit_tests_setup.css' generated in 9.74s 
2026-02-09 10:34:34,394 1 INFO betopiaerp betopiaerp.addons.web.tests.test_assets: Bundle 'web.assets_unit_tests_setup.js' generated in 4.11s 
2026-02-09 10:34:34,394 1 INFO betopiaerp betopiaerp.addons.web.tests.test_assets: Bundle 'web._assets_helpers.css' generated in 1.45s 
2026-02-09 10:34:34,394 1 INFO betopiaerp betopiaerp.addons.web.tests.test_assets: Bundle 'web._assets_helpers.js' generated in 0.00s 
2026-02-09 10:34:34,394 1 INFO betopiaerp betopiaerp.addons.web.tests.test_assets: Bundle 'web.assets_tests.css' generated in 0.08s 
2026-02-09 10:34:34,394 1 INFO betopiaerp betopiaerp.addons.web.tests.test_assets: Bundle 'web.assets_tests.js' generated in 0.12s 
2026-02-09 10:34:34,395 1 INFO betopiaerp betopiaerp.addons.web.tests.test_assets: Bundle 'web.assets_clickbot.css' generated in 0.00s 
2026-02-09 10:34:34,395 1 INFO betopiaerp betopiaerp.addons.web.tests.test_assets: Bundle 'web.assets_clickbot.js' generated in 0.01s 
2026-02-09 10:34:34,395 1 INFO betopiaerp betopiaerp.addons.web.tests.test_assets: Bundle 'web_tour.common.css' generated in 0.02s 
2026-02-09 10:34:34,396 1 INFO betopiaerp betopiaerp.addons.web.tests.test_assets: Bundle 'web_tour.common.js' generated in 0.05s 
2026-02-09 10:34:34,396 1 INFO betopiaerp betopiaerp.addons.web.tests.test_assets: Bundle 'html_editor.assets_prism_dark.css' generated in 0.01s 
2026-02-09 10:34:34,396 1 INFO betopiaerp betopiaerp.addons.web.tests.test_assets: Bundle 'html_editor.assets_prism_dark.js' generated in 0.01s 
2026-02-09 10:34:34,396 1 INFO betopiaerp betopiaerp.addons.web.tests.test_assets: Bundle 'web.report_assets_pdf.css' generated in 0.01s 
2026-02-09 10:34:34,396 1 INFO betopiaerp betopiaerp.addons.web.tests.test_assets: Bundle 'web.report_assets_pdf.js' generated in 0.00s 
2026-02-09 10:34:34,397 1 INFO betopiaerp betopiaerp.addons.web.tests.test_assets: Bundle 'web._assets_bootstrap_frontend.css' generated in 1.11s 
2026-02-09 10:34:34,397 1 INFO betopiaerp betopiaerp.addons.web.tests.test_assets: Bundle 'web._assets_bootstrap_frontend.js' generated in 0.00s 
2026-02-09 10:34:34,397 1 INFO betopiaerp betopiaerp.addons.web.tests.test_assets: Bundle 'web._assets_primary_variables.css' generated in 0.93s 
2026-02-09 10:34:34,397 1 INFO betopiaerp betopiaerp.addons.web.tests.test_assets: Bundle 'web._assets_primary_variables.js' generated in 0.00s 
2026-02-09 10:34:34,398 1 INFO betopiaerp betopiaerp.addons.web.tests.test_assets: Bundle 'html_editor.assets_readonly.css' generated in 0.20s 
2026-02-09 10:34:34,398 1 INFO betopiaerp betopiaerp.addons.web.tests.test_assets: Bundle 'html_editor.assets_readonly.js' generated in 0.16s 
2026-02-09 10:34:34,398 1 INFO betopiaerp betopiaerp.addons.web.tests.test_assets: Bundle 'html_editor.assets_editor.css' generated in 1.38s 
2026-02-09 10:34:34,398 1 INFO betopiaerp betopiaerp.addons.web.tests.test_assets: Bundle 'html_editor.assets_editor.js' generated in 0.92s 
2026-02-09 10:34:34,399 1 INFO betopiaerp betopiaerp.addons.web.tests.test_assets: Bundle 'web._assets_bootstrap_backend.css' generated in 1.06s 
2026-02-09 10:34:34,399 1 INFO betopiaerp betopiaerp.addons.web.tests.test_assets: Bundle 'web._assets_bootstrap_backend.js' generated in 0.00s 
2026-02-09 10:34:34,408 1 INFO betopiaerp betopiaerp.addons.base.models.ir_attachment: filestore gc 62 checked, 42 removed 
2026-02-09 10:34:34,412 1 INFO betopiaerp betopiaerp.addons.web.tests.test_assets: Starting TestLoad.test_assets_already_exists ... 
2026-02-09 10:34:34,414 1 INFO betopiaerp betopiaerp.addons.base.models.res_users: Login successful for login:admin from n/a 
2026-02-09 10:34:34,420 1 INFO betopiaerp betopiaerp.addons.base.models.ir_http: Generating routing map for key None 
2026-02-09 10:34:46,770 1 INFO betopiaerp werkzeug: 127.0.0.1 - - [09/Feb/2026 10:34:46] "GET /BetopiaERP HTTP/1.1" 200 - 65 0.016 12.335
2026-02-09 10:34:46,774 1 INFO betopiaerp werkzeug: 127.0.0.1 - - [09/Feb/2026 10:34:46] "GET / HTTP/1.1" 303 - 0 0.000 0.001
2026-02-09 10:34:46,782 1 INFO betopiaerp werkzeug: 127.0.0.1 - - [09/Feb/2026 10:34:46] "GET /BetopiaERP HTTP/1.1" 200 - 8 0.002 0.005
2026-02-09 10:34:46,786 1 INFO betopiaerp betopiaerp.addons.base.models.ir_attachment: filestore gc 0 checked, 0 removed 
2026-02-09 10:34:49,028 1 INFO betopiaerp betopiaerp.addons.web.tests.test_assets: Starting TestWebAssetsCursors.test_web_binary_keep_cursor_ro ... 
2026-02-09 10:34:49,034 1 INFO betopiaerp betopiaerp.models.unlink: User #1 deleted ir.attachment records with IDs: [2712, 708, 707, 705, 704, 703, 702, 701, 700, 699, 698, 697, 696, 695, 694, 693, 692, 691, 690, 689, 688, 687, 686, 685, 684, 683, 15] 
2026-02-09 10:34:49,036 1 INFO betopiaerp betopiaerp.addons.base.models.ir_http: Generating routing map for key None 
2026-02-09 10:34:51,305 1 INFO betopiaerp betopiaerp.addons.base.models.assetsbundle: Generating a new asset bundle attachment /web/assets/f02ade9/web.assets_frontend.min.css (id:2940) 
2026-02-09 10:34:51,308 1 INFO betopiaerp werkzeug: 127.0.0.1 - - [09/Feb/2026 10:34:51] "GET /web/assets/f02ade9/web.assets_frontend.min.css HTTP/1.1" 200 - 16 0.010 2.262
2026-02-09 10:34:51,325 1 INFO betopiaerp werkzeug: 127.0.0.1 - - [09/Feb/2026 10:34:51] "GET /web/assets/f02ade9/web.assets_frontend.min.css HTTP/1.1" 200 - 3 0.001 0.002
2026-02-09 10:34:51,329 1 INFO betopiaerp betopiaerp.addons.web.tests.test_assets: Starting TestWebAssetsCursors.test_web_binary_keep_cursor_rw ... 
2026-02-09 10:34:51,333 1 INFO betopiaerp betopiaerp.models.unlink: User #1 deleted ir.attachment records with IDs: [2712, 708, 707, 705, 704, 703, 702, 701, 700, 699, 698, 697, 696, 695, 694, 693, 692, 691, 690, 689, 688, 687, 686, 685, 684, 683, 15] 
2026-02-09 10:34:51,334 1 INFO betopiaerp betopiaerp.addons.base.models.ir_http: Generating routing map for key None 
2026-02-09 10:34:55,880 1 INFO betopiaerp betopiaerp.addons.base.models.assetsbundle: Generating a new asset bundle attachment /web/assets/f02ade9/web.assets_frontend.min.css (id:2941) 
2026-02-09 10:34:55,882 1 INFO betopiaerp werkzeug: 127.0.0.1 - - [09/Feb/2026 10:34:55] "GET /web/assets/f02ade9/web.assets_frontend.min.css HTTP/1.1" 200 - 25 0.017 4.531
2026-02-09 10:34:55,889 1 INFO betopiaerp betopiaerp.addons.base.models.ir_attachment: filestore gc 20 checked, 0 removed 
2026-02-09 10:34:55,891 1 INFO betopiaerp betopiaerp.addons.web.tests.test_base_document_layout: Starting TestBaseDocumentLayout.test_company_colors_and_logo_change_logo ... 
2026-02-09 10:34:59,992 1 INFO betopiaerp betopiaerp.addons.web.tests.test_base_document_layout: Starting TestBaseDocumentLayout.test_company_colors_change_logo ... 
2026-02-09 10:35:00,003 1 INFO betopiaerp betopiaerp.models.unlink: User #1 deleted ir.attachment records with IDs: [4] 
2026-02-09 10:35:00,041 1 INFO betopiaerp betopiaerp.models.unlink: User #1 deleted ir.attachment records with IDs: [8] 
2026-02-09 10:35:00,043 1 INFO betopiaerp betopiaerp.models.unlink: User #1 deleted ir.attachment records with IDs: [7] 
2026-02-09 10:35:00,044 1 INFO betopiaerp betopiaerp.models.unlink: User #1 deleted ir.attachment records with IDs: [6] 
2026-02-09 10:35:00,046 1 INFO betopiaerp betopiaerp.models.unlink: User #1 deleted ir.attachment records with IDs: [5] 
2026-02-09 10:35:04,014 1 INFO betopiaerp betopiaerp.addons.web.tests.test_base_document_layout: Starting TestBaseDocumentLayout.test_company_colors_reset_colors ... 
2026-02-09 10:35:08,211 1 INFO betopiaerp betopiaerp.addons.web.tests.test_base_document_layout: Starting TestBaseDocumentLayout.test_company_details_blank_lines ... 
2026-02-09 10:35:08,225 1 INFO betopiaerp betopiaerp.addons.web.tests.test_base_document_layout: Starting TestBaseDocumentLayout.test_company_no_color_but_logo_change_logo ... 
2026-02-09 10:35:12,336 1 INFO betopiaerp betopiaerp.addons.web.tests.test_base_document_layout: Starting TestBaseDocumentLayout.test_company_no_color_change_logo ... 
2026-02-09 10:35:12,345 1 INFO betopiaerp betopiaerp.models.unlink: User #1 deleted ir.attachment records with IDs: [4] 
2026-02-09 10:35:12,378 1 INFO betopiaerp betopiaerp.models.unlink: User #1 deleted ir.attachment records with IDs: [8] 
2026-02-09 10:35:12,379 1 INFO betopiaerp betopiaerp.models.unlink: User #1 deleted ir.attachment records with IDs: [7] 
2026-02-09 10:35:12,381 1 INFO betopiaerp betopiaerp.models.unlink: User #1 deleted ir.attachment records with IDs: [6] 
2026-02-09 10:35:12,383 1 INFO betopiaerp betopiaerp.models.unlink: User #1 deleted ir.attachment records with IDs: [5] 
2026-02-09 10:35:16,422 1 INFO betopiaerp betopiaerp.addons.web.tests.test_base_document_layout: Starting TestBaseDocumentLayout.test_parse_company_colors_grayscale ... 
2026-02-09 10:35:20,459 1 INFO betopiaerp betopiaerp.addons.base.models.ir_attachment: filestore gc 19 checked, 15 removed 
2026-02-09 10:35:20,463 1 INFO betopiaerp betopiaerp.addons.web.tests.test_click_everywhere: Starting TestMenusAdminLight.test_01_click_apps_menus_as_admin ... 
2026-02-09 10:35:21,765 1 WARNING betopiaerp betopiaerp.addons.web.tests.test_click_everywhere.TestMenusAdminLight.test_01_click_apps_menus_as_admin: websocket-client module is not installed 
2026-02-09 10:35:21,765 1 INFO betopiaerp betopiaerp.addons.web.tests.test_click_everywhere: skipped TestMenusAdminLight.test_01_click_apps_menus_as_admin : websocket-client module is not installed 
2026-02-09 10:35:21,768 1 INFO betopiaerp betopiaerp.addons.base.models.ir_attachment: filestore gc 0 checked, 0 removed 
2026-02-09 10:35:21,798 1 INFO betopiaerp betopiaerp.addons.web.tests.test_click_everywhere: Starting TestMenusDemoLight.test_01_click_apps_menus_as_demo ... 
2026-02-09 10:35:21,817 1 WARNING betopiaerp betopiaerp.addons.web.tests.test_click_everywhere.TestMenusDemoLight.test_01_click_apps_menus_as_demo: websocket-client module is not installed 
2026-02-09 10:35:21,817 1 INFO betopiaerp betopiaerp.addons.web.tests.test_click_everywhere: skipped TestMenusDemoLight.test_01_click_apps_menus_as_demo : websocket-client module is not installed 
2026-02-09 10:35:21,821 1 INFO betopiaerp betopiaerp.addons.base.models.ir_attachment: filestore gc 1 checked, 1 removed 
2026-02-09 10:35:21,851 1 INFO betopiaerp betopiaerp.addons.web.tests.test_domain: Starting DomainTest.test_domain_validate ... 
2026-02-09 10:35:21,859 1 INFO betopiaerp betopiaerp.addons.base.models.res_users: Login successful for login:demo from n/a 
2026-02-09 10:35:21,864 1 INFO betopiaerp betopiaerp.addons.base.models.ir_http: Generating routing map for key None 
2026-02-09 10:35:21,882 1 INFO betopiaerp werkzeug: 127.0.0.1 - - [09/Feb/2026 10:35:21] "POST /web/domain/validate HTTP/1.1" 200 - 2 0.000 0.018
2026-02-09 10:35:21,886 1 INFO betopiaerp werkzeug: 127.0.0.1 - - [09/Feb/2026 10:35:21] "POST /web/domain/validate HTTP/1.1" 200 - 1 0.000 0.001
2026-02-09 10:35:21,889 1 INFO betopiaerp werkzeug: 127.0.0.1 - - [09/Feb/2026 10:35:21] "POST /web/domain/validate HTTP/1.1" 200 - 1 0.000 0.001
2026-02-09 10:35:21,892 1 INFO betopiaerp werkzeug: 127.0.0.1 - - [09/Feb/2026 10:35:21] "POST /web/domain/validate HTTP/1.1" 200 - 0 0.000 0.001
2026-02-09 10:35:21,895 1 INFO betopiaerp betopiaerp.addons.base.models.ir_attachment: filestore gc 1 checked, 1 removed 
2026-02-09 10:35:21,898 1 INFO betopiaerp betopiaerp.addons.web.tests.test_favorite: Starting TestFavorite.test_favorite_management ... 
2026-02-09 10:35:21,912 1 WARNING betopiaerp betopiaerp.addons.web.tests.test_favorite.TestFavorite.test_favorite_management: websocket-client module is not installed 
2026-02-09 10:35:21,913 1 INFO betopiaerp betopiaerp.addons.web.tests.test_favorite: skipped TestFavorite.test_favorite_management : websocket-client module is not installed 
2026-02-09 10:35:21,915 1 INFO betopiaerp betopiaerp.addons.base.models.ir_attachment: filestore gc 0 checked, 0 removed 
2026-02-09 10:35:21,918 1 INFO betopiaerp betopiaerp.addons.web.tests.test_image: Starting TestImage.test_01_content_image_resize_placeholder ... 
2026-02-09 10:35:21,920 1 INFO betopiaerp betopiaerp.addons.base.models.ir_http: Generating routing map for key None 
2026-02-09 10:35:21,943 1 INFO betopiaerp werkzeug: 127.0.0.1 - - [09/Feb/2026 10:35:21] "GET /web/image/0/200x150 HTTP/1.1" 200 - 10 0.001 0.022
2026-02-09 10:35:21,960 1 INFO betopiaerp werkzeug: 127.0.0.1 - - [09/Feb/2026 10:35:21] "GET /web/image/fake/0/image_128 HTTP/1.1" 200 - 4 0.000 0.014
2026-02-09 10:35:21,970 1 INFO betopiaerp werkzeug: 127.0.0.1 - - [09/Feb/2026 10:35:21] "GET /web/image/fake/0/image_256 HTTP/1.1" 200 - 4 0.001 0.007
2026-02-09 10:35:21,979 1 INFO betopiaerp werkzeug: 127.0.0.1 - - [09/Feb/2026 10:35:21] "GET /web/image/fake/0/image_1024 HTTP/1.1" 200 - 4 0.000 0.007
2026-02-09 10:35:21,989 1 INFO betopiaerp werkzeug: 127.0.0.1 - - [09/Feb/2026 10:35:21] "GET /web/image/fake/0/image_no_size HTTP/1.1" 200 - 4 0.000 0.007
2026-02-09 10:35:21,990 1 INFO betopiaerp betopiaerp.addons.web.tests.test_image: Starting TestImage.test_02_content_image_Etag_304 ... 
2026-02-09 10:35:21,994 1 INFO betopiaerp betopiaerp.addons.base.models.ir_http: Generating routing map for key None 
2026-02-09 10:35:22,049 1 INFO betopiaerp werkzeug: 127.0.0.1 - - [09/Feb/2026 10:35:22] "GET /web/image/2957 HTTP/1.1" 200 - 9 0.003 0.053
2026-02-09 10:35:22,055 1 INFO betopiaerp werkzeug: 127.0.0.1 - - [09/Feb/2026 10:35:22] "GET /web/image/2957 HTTP/1.1" 304 - 4 0.001 0.002
2026-02-09 10:35:22,056 1 INFO betopiaerp betopiaerp.addons.web.tests.test_image: Starting TestImage.test_03_web_content_filename ... 
2026-02-09 10:35:22,060 1 INFO betopiaerp betopiaerp.addons.base.models.ir_http: Generating routing map for key None 
2026-02-09 10:35:22,070 1 INFO betopiaerp werkzeug: 127.0.0.1 - - [09/Feb/2026 10:35:22] "GET /web/image/2958/0x0/?download=true HTTP/1.1" 200 - 9 0.001 0.009
2026-02-09 10:35:22,074 1 INFO betopiaerp werkzeug: 127.0.0.1 - - [09/Feb/2026 10:35:22] "GET /web/image/2958/0x0/custom?download=true HTTP/1.1" 200 - 4 0.000 0.002
2026-02-09 10:35:22,078 1 INFO betopiaerp werkzeug: 127.0.0.1 - - [09/Feb/2026 10:35:22] "GET /web/image/2958/0x0/custom.png?download=true HTTP/1.1" 200 - 4 0.000 0.002
2026-02-09 10:35:22,080 1 INFO betopiaerp betopiaerp.addons.web.tests.test_image: Starting TestImage.test_04_web_content_filename_secure ... 
2026-02-09 10:35:22,083 1 INFO betopiaerp betopiaerp.addons.base.models.ir_http: Generating routing map for key None 
2026-02-09 10:35:22,093 1 INFO betopiaerp werkzeug: 127.0.0.1 - - [09/Feb/2026 10:35:22] "GET /web/image/2959 HTTP/1.1" 200 - 9 0.001 0.009
2026-02-09 10:35:22,097 1 INFO betopiaerp werkzeug: 127.0.0.1 - - [09/Feb/2026 10:35:22] "GET /web/image/2959/custom_invalid_name%0Ais-ok.gif HTTP/1.1" 200 - 4 0.001 0.002
2026-02-09 10:35:22,102 1 INFO betopiaerp werkzeug: 127.0.0.1 - - [09/Feb/2026 10:35:22] "GET /web/image/2959/%0D%0A HTTP/1.1" 200 - 4 0.001 0.002
2026-02-09 10:35:22,106 1 INFO betopiaerp werkzeug: 127.0.0.1 - - [09/Feb/2026 10:35:22] "GET /web/image/2959/你好 HTTP/1.1" 200 - 4 0.000 0.002
2026-02-09 10:35:22,110 1 INFO betopiaerp werkzeug: 127.0.0.1 - - [09/Feb/2026 10:35:22] "GET /web/image/2959/面图.gif HTTP/1.1" 200 - 4 0.000 0.002
2026-02-09 10:35:22,114 1 INFO betopiaerp werkzeug: 127.0.0.1 - - [09/Feb/2026 10:35:22] "GET /web/image/2959/hindi_नमस्ते.gif HTTP/1.1" 200 - 4 0.000 0.002
2026-02-09 10:35:22,118 1 INFO betopiaerp werkzeug: 127.0.0.1 - - [09/Feb/2026 10:35:22] "GET /web/image/2959/arabic_مرحبا HTTP/1.1" 200 - 4 0.001 0.002
2026-02-09 10:35:22,122 1 INFO betopiaerp werkzeug: 127.0.0.1 - - [09/Feb/2026 10:35:22] "GET /web/image/2959/4wzb_!!63148-0-t1.jpg_360x1Q75.jpg_.webp HTTP/1.1" 200 - 4 0.000 0.002
2026-02-09 10:35:22,123 1 INFO betopiaerp betopiaerp.addons.web.tests.test_image: Starting TestImage.test_05_web_image_access_token ... 
2026-02-09 10:35:22,127 1 INFO betopiaerp betopiaerp.addons.base.models.ir_http: Generating routing map for key None 
2026-02-09 10:35:22,139 1 INFO betopiaerp betopiaerp.addons.base.models.ir_model: Access Denied by ACLs for operation: read, uid: 3, model: ir.attachment 
2026-02-09 10:35:22,147 1 INFO betopiaerp werkzeug: 127.0.0.1 - - [09/Feb/2026 10:35:22] "GET /web/image/2960 HTTP/1.1" 200 - 23 0.004 0.017
2026-02-09 10:35:22,159 1 INFO betopiaerp werkzeug: 127.0.0.1 - - [09/Feb/2026 10:35:22] "GET /web/image/2960?access_token=invalid_token HTTP/1.1" 200 - 7 0.001 0.008
2026-02-09 10:35:22,171 1 INFO betopiaerp werkzeug: 127.0.0.1 - - [09/Feb/2026 10:35:22] "GET /web/image/2960?access_token=15b7f682a5cfc2415ddaa880d482996a0c88aab4459c9df598d7b7d3ef4dd1fdo0x69aa16e6 HTTP/1.1" 200 - 6 0.001 0.010
2026-02-09 10:35:22,176 1 INFO betopiaerp werkzeug: 127.0.0.1 - - [09/Feb/2026 10:35:22] "GET /web/image/2960?access_token=765a7e6aafe1a86f6ac337e0ef4e2bec9e1d83ed2c162a30e62e279a8601230bo0x69aa16e6 HTTP/1.1" 200 - 3 0.001 0.002
2026-03-05 23:51:01,000 1 INFO betopiaerp werkzeug: 127.0.0.1 - - [05/Mar/2026 23:51:01] "GET /web/image/2960?access_token=765a7e6aafe1a86f6ac337e0ef4e2bec9e1d83ed2c162a30e62e279a8601230bo0x69aa16e6 HTTP/1.1" 200 - 3 0.001 0.002
2026-03-05 23:51:02,000 1 INFO betopiaerp werkzeug: 127.0.0.1 - - [05/Mar/2026 23:51:02] "GET /web/image/2960?access_token=765a7e6aafe1a86f6ac337e0ef4e2bec9e1d83ed2c162a30e62e279a8601230bo0x69aa16e6 HTTP/1.1" 200 - 6 0.001 0.008
2026-02-09 10:35:22,742 1 INFO betopiaerp betopiaerp.addons.web.tests.test_image: Starting TestImage.test_06_web_image_attachment_access ... 
2026-02-09 10:35:22,776 1 INFO betopiaerp betopiaerp.addons.base.models.ir_http: Generating routing map for key None 
2026-02-09 10:35:22,787 1 INFO betopiaerp betopiaerp.addons.base.models.ir_model: Access Denied by ACLs for operation: read, uid: 3, model: ir.attachment 
2026-02-09 10:35:22,798 1 INFO betopiaerp werkzeug: 127.0.0.1 - - [09/Feb/2026 10:35:22] "GET /web/image/2962 HTTP/1.1" 200 - 16 0.003 0.019
2026-02-09 10:35:22,804 1 INFO betopiaerp werkzeug: 127.0.0.1 - - [09/Feb/2026 10:35:22] "GET /web/image/2962?access_token=5dac392c-d3c1-411b-82a3-d1b93d16276f HTTP/1.1" 200 - 5 0.001 0.002
2026-02-09 10:35:22,810 1 INFO betopiaerp werkzeug: 127.0.0.1 - - [09/Feb/2026 10:35:22] "GET /web/image/2962?access_token=49ced981ca4a37d812d8e0ba6fb6771e9cb10bb0d5fbfca9a43dad9961e9ef0eo0x69aa1832 HTTP/1.1" 200 - 3 0.001 0.002
2026-02-09 10:35:22,813 1 INFO betopiaerp betopiaerp.addons.base.models.res_users: Login successful for login:portal_user from n/a 
2026-02-09 10:35:22,818 1 INFO betopiaerp betopiaerp.addons.base.models.ir_model: Access Denied by ACLs for operation: read, uid: 560, model: ir.attachment 
2026-02-09 10:35:22,828 1 INFO betopiaerp werkzeug: 127.0.0.1 - - [09/Feb/2026 10:35:22] "GET /web/image/2962 HTTP/1.1" 200 - 8 0.002 0.010
2026-02-09 10:35:22,831 1 INFO betopiaerp betopiaerp.addons.base.models.res_users: Login successful for login:portal_user from n/a 
2026-02-09 10:35:22,835 1 INFO betopiaerp werkzeug: 127.0.0.1 - - [09/Feb/2026 10:35:22] "GET /web/image/2962?access_token=5dac392c-d3c1-411b-82a3-d1b93d16276f HTTP/1.1" 200 - 3 0.000 0.002
2026-02-09 10:35:22,838 1 INFO betopiaerp betopiaerp.addons.base.models.res_users: Login successful for login:portal_user from n/a 
2026-02-09 10:35:22,842 1 INFO betopiaerp werkzeug: 127.0.0.1 - - [09/Feb/2026 10:35:22] "GET /web/image/2962?access_token=49ced981ca4a37d812d8e0ba6fb6771e9cb10bb0d5fbfca9a43dad9961e9ef0eo0x69aa1832 HTTP/1.1" 200 - 2 0.000 0.002
2026-02-09 10:35:22,844 1 INFO betopiaerp betopiaerp.addons.base.models.res_users: Login successful for login:internal_user from n/a 
2026-02-09 10:35:22,860 1 INFO betopiaerp werkzeug: 127.0.0.1 - - [09/Feb/2026 10:35:22] "GET /web/image/2962 HTTP/1.1" 200 - 15 0.003 0.010
2026-02-09 10:35:22,863 1 INFO betopiaerp betopiaerp.addons.base.models.res_users: Login successful for login:internal_user from n/a 
2026-02-09 10:35:22,867 1 INFO betopiaerp werkzeug: 127.0.0.1 - - [09/Feb/2026 10:35:22] "GET /web/image/2962?access_token=5dac392c-d3c1-411b-82a3-d1b93d16276f HTTP/1.1" 200 - 3 0.000 0.002
2026-02-09 10:35:22,870 1 INFO betopiaerp betopiaerp.addons.base.models.res_users: Login successful for login:internal_user from n/a 
2026-02-09 10:35:22,874 1 INFO betopiaerp werkzeug: 127.0.0.1 - - [09/Feb/2026 10:35:22] "GET /web/image/2962?access_token=49ced981ca4a37d812d8e0ba6fb6771e9cb10bb0d5fbfca9a43dad9961e9ef0eo0x69aa1832 HTTP/1.1" 200 - 2 0.000 0.002
2026-02-09 10:35:22,879 1 INFO betopiaerp betopiaerp.addons.base.models.ir_model: Access Denied by ACLs for operation: read, uid: 3, model: ir.attachment 
2026-02-09 10:35:22,886 1 INFO betopiaerp werkzeug: 127.0.0.1 - - [09/Feb/2026 10:35:22] "GET /web/image/2963 HTTP/1.1" 200 - 8 0.001 0.008
2026-02-09 10:35:22,891 1 INFO betopiaerp werkzeug: 127.0.0.1 - - [09/Feb/2026 10:35:22] "GET /web/image/2963?access_token=ac60f0b5-ba71-48a7-b1af-93a58ba86d89 HTTP/1.1" 200 - 4 0.000 0.002
2026-02-09 10:35:22,896 1 INFO betopiaerp werkzeug: 127.0.0.1 - - [09/Feb/2026 10:35:22] "GET /web/image/2963?access_token=19d63f02f516ebb37b3ebcaa29d2367f6fb0cad9a0ac60558bb32fe090764d15o0x69aa18d9 HTTP/1.1" 200 - 3 0.000 0.001
2026-02-09 10:35:22,898 1 INFO betopiaerp betopiaerp.addons.base.models.res_users: Login successful for login:portal_user from n/a 
2026-02-09 10:35:22,902 1 INFO betopiaerp betopiaerp.addons.base.models.ir_model: Access Denied by ACLs for operation: read, uid: 560, model: ir.attachment 
2026-02-09 10:35:22,910 1 INFO betopiaerp werkzeug: 127.0.0.1 - - [09/Feb/2026 10:35:22] "GET /web/image/2963 HTTP/1.1" 200 - 7 0.001 0.009
2026-02-09 10:35:22,913 1 INFO betopiaerp betopiaerp.addons.base.models.res_users: Login successful for login:portal_user from n/a 
2026-02-09 10:35:22,918 1 INFO betopiaerp werkzeug: 127.0.0.1 - - [09/Feb/2026 10:35:22] "GET /web/image/2963?access_token=ac60f0b5-ba71-48a7-b1af-93a58ba86d89 HTTP/1.1" 200 - 3 0.000 0.002
2026-02-09 10:35:22,920 1 INFO betopiaerp betopiaerp.addons.base.models.res_users: Login successful for login:portal_user from n/a 
2026-02-09 10:35:22,924 1 INFO betopiaerp werkzeug: 127.0.0.1 - - [09/Feb/2026 10:35:22] "GET /web/image/2963?access_token=19d63f02f516ebb37b3ebcaa29d2367f6fb0cad9a0ac60558bb32fe090764d15o0x69aa18d9 HTTP/1.1" 200 - 2 0.000 0.001
2026-02-09 10:35:22,927 1 INFO betopiaerp betopiaerp.addons.base.models.res_users: Login successful for login:internal_user from n/a 
2026-02-09 10:35:22,935 1 INFO betopiaerp werkzeug: 127.0.0.1 - - [09/Feb/2026 10:35:22] "GET /web/image/2963 HTTP/1.1" 200 - 11 0.002 0.004
2026-02-09 10:35:22,937 1 INFO betopiaerp betopiaerp.addons.base.models.res_users: Login successful for login:internal_user from n/a 
2026-02-09 10:35:22,942 1 INFO betopiaerp werkzeug: 127.0.0.1 - - [09/Feb/2026 10:35:22] "GET /web/image/2963?access_token=ac60f0b5-ba71-48a7-b1af-93a58ba86d89 HTTP/1.1" 200 - 3 0.000 0.002
2026-02-09 10:35:22,944 1 INFO betopiaerp betopiaerp.addons.base.models.res_users: Login successful for login:internal_user from n/a 
2026-02-09 10:35:22,948 1 INFO betopiaerp werkzeug: 127.0.0.1 - - [09/Feb/2026 10:35:22] "GET /web/image/2963?access_token=19d63f02f516ebb37b3ebcaa29d2367f6fb0cad9a0ac60558bb32fe090764d15o0x69aa18d9 HTTP/1.1" 200 - 2 0.000 0.001
2026-02-09 10:35:22,953 1 INFO betopiaerp betopiaerp.addons.base.models.ir_model: Access Denied by ACLs for operation: read, uid: 3, model: ir.attachment 
2026-02-09 10:35:22,961 1 INFO betopiaerp werkzeug: 127.0.0.1 - - [09/Feb/2026 10:35:22] "GET /web/image/2964 HTTP/1.1" 200 - 8 0.001 0.008
2026-02-09 10:35:22,966 1 INFO betopiaerp werkzeug: 127.0.0.1 - - [09/Feb/2026 10:35:22] "GET /web/image/2964?access_token=a995c3d5-1379-4294-948e-dc9f3cf306c6 HTTP/1.1" 200 - 4 0.000 0.002
2026-02-09 10:35:22,971 1 INFO betopiaerp werkzeug: 127.0.0.1 - - [09/Feb/2026 10:35:22] "GET /web/image/2964?access_token=61db0ac389456dc3c89cbb682644ea78dfe9db94fbabef0f70335b7ef8452f0do0x69aa197f HTTP/1.1" 200 - 3 0.000 0.002
2026-02-09 10:35:22,973 1 INFO betopiaerp betopiaerp.addons.base.models.res_users: Login successful for login:portal_user from n/a 
2026-02-09 10:35:22,977 1 INFO betopiaerp betopiaerp.addons.base.models.ir_model: Access Denied by ACLs for operation: read, uid: 560, model: ir.attachment 
2026-02-09 10:35:22,985 1 INFO betopiaerp werkzeug: 127.0.0.1 - - [09/Feb/2026 10:35:22] "GET /web/image/2964 HTTP/1.1" 200 - 7 0.001 0.008
2026-02-09 10:35:22,987 1 INFO betopiaerp betopiaerp.addons.base.models.res_users: Login successful for login:portal_user from n/a 
2026-02-09 10:35:22,993 1 INFO betopiaerp werkzeug: 127.0.0.1 - - [09/Feb/2026 10:35:22] "GET /web/image/2964?access_token=a995c3d5-1379-4294-948e-dc9f3cf306c6 HTTP/1.1" 200 - 3 0.001 0.002
2026-02-09 10:35:22,995 1 INFO betopiaerp betopiaerp.addons.base.models.res_users: Login successful for login:portal_user from n/a 
2026-02-09 10:35:22,999 1 INFO betopiaerp werkzeug: 127.0.0.1 - - [09/Feb/2026 10:35:22] "GET /web/image/2964?access_token=61db0ac389456dc3c89cbb682644ea78dfe9db94fbabef0f70335b7ef8452f0do0x69aa197f HTTP/1.1" 200 - 2 0.000 0.001
2026-02-09 10:35:23,002 1 INFO betopiaerp betopiaerp.addons.base.models.res_users: Login successful for login:internal_user from n/a 
2026-02-09 10:35:23,012 1 INFO betopiaerp werkzeug: 127.0.0.1 - - [09/Feb/2026 10:35:23] "GET /web/image/2964 HTTP/1.1" 200 - 6 0.001 0.008
2026-02-09 10:35:23,014 1 INFO betopiaerp betopiaerp.addons.base.models.res_users: Login successful for login:internal_user from n/a 
2026-02-09 10:35:23,019 1 INFO betopiaerp werkzeug: 127.0.0.1 - - [09/Feb/2026 10:35:23] "GET /web/image/2964?access_token=a995c3d5-1379-4294-948e-dc9f3cf306c6 HTTP/1.1" 200 - 3 0.000 0.002
2026-02-09 10:35:23,021 1 INFO betopiaerp betopiaerp.addons.base.models.res_users: Login successful for login:internal_user from n/a 
2026-02-09 10:35:23,026 1 INFO betopiaerp werkzeug: 127.0.0.1 - - [09/Feb/2026 10:35:23] "GET /web/image/2964?access_token=61db0ac389456dc3c89cbb682644ea78dfe9db94fbabef0f70335b7ef8452f0do0x69aa197f HTTP/1.1" 200 - 2 0.000 0.002
2026-02-09 10:35:23,030 1 INFO betopiaerp werkzeug: 127.0.0.1 - - [09/Feb/2026 10:35:23] "GET /web/image/2965 HTTP/1.1" 200 - 4 0.000 0.002
2026-02-09 10:35:23,035 1 INFO betopiaerp werkzeug: 127.0.0.1 - - [09/Feb/2026 10:35:23] "GET /web/image/2965?access_token=7ac1e827-74f5-4a4b-9afe-4f3f1e91e8b5 HTTP/1.1" 200 - 4 0.000 0.002
2026-02-09 10:35:23,040 1 INFO betopiaerp werkzeug: 127.0.0.1 - - [09/Feb/2026 10:35:23] "GET /web/image/2965?access_token=dfc4fec8cf2758f1e6b155b2ff4ee2f4b3585dbf8261c2990546da3aeaed9d05o0x69aa1a25 HTTP/1.1" 200 - 3 0.000 0.002
2026-02-09 10:35:23,043 1 INFO betopiaerp betopiaerp.addons.base.models.res_users: Login successful for login:portal_user from n/a 
2026-02-09 10:35:23,047 1 INFO betopiaerp werkzeug: 127.0.0.1 - - [09/Feb/2026 10:35:23] "GET /web/image/2965 HTTP/1.1" 200 - 3 0.000 0.002
2026-02-09 10:35:23,049 1 INFO betopiaerp betopiaerp.addons.base.models.res_users: Login successful for login:portal_user from n/a 
2026-02-09 10:35:23,054 1 INFO betopiaerp werkzeug: 127.0.0.1 - - [09/Feb/2026 10:35:23] "GET /web/image/2965?access_token=7ac1e827-74f5-4a4b-9afe-4f3f1e91e8b5 HTTP/1.1" 200 - 3 0.000 0.002
2026-02-09 10:35:23,056 1 INFO betopiaerp betopiaerp.addons.base.models.res_users: Login successful for login:portal_user from n/a 
2026-02-09 10:35:23,060 1 INFO betopiaerp werkzeug: 127.0.0.1 - - [09/Feb/2026 10:35:23] "GET /web/image/2965?access_token=dfc4fec8cf2758f1e6b155b2ff4ee2f4b3585dbf8261c2990546da3aeaed9d05o0x69aa1a25 HTTP/1.1" 200 - 2 0.000 0.002
2026-02-09 10:35:23,063 1 INFO betopiaerp betopiaerp.addons.base.models.res_users: Login successful for login:internal_user from n/a 
2026-02-09 10:35:23,066 1 INFO betopiaerp werkzeug: 127.0.0.1 - - [09/Feb/2026 10:35:23] "GET /web/image/2965 HTTP/1.1" 200 - 3 0.000 0.002
2026-02-09 10:35:23,069 1 INFO betopiaerp betopiaerp.addons.base.models.res_users: Login successful for login:internal_user from n/a 
2026-02-09 10:35:23,073 1 INFO betopiaerp werkzeug: 127.0.0.1 - - [09/Feb/2026 10:35:23] "GET /web/image/2965?access_token=7ac1e827-74f5-4a4b-9afe-4f3f1e91e8b5 HTTP/1.1" 200 - 3 0.000 0.002
2026-02-09 10:35:23,075 1 INFO betopiaerp betopiaerp.addons.base.models.res_users: Login successful for login:internal_user from n/a 
2026-02-09 10:35:23,079 1 INFO betopiaerp werkzeug: 127.0.0.1 - - [09/Feb/2026 10:35:23] "GET /web/image/2965?access_token=dfc4fec8cf2758f1e6b155b2ff4ee2f4b3585dbf8261c2990546da3aeaed9d05o0x69aa1a25 HTTP/1.1" 200 - 2 0.000 0.002
2026-02-09 10:35:23,083 1 INFO betopiaerp betopiaerp.addons.base.models.ir_attachment: filestore gc 2 checked, 2 removed 
2026-02-09 10:35:23,113 1 INFO betopiaerp betopiaerp.addons.web.tests.test_ir_model: Starting IrModelAccessTest.test_display_name_for ... 
2026-02-09 10:35:23,125 1 INFO betopiaerp betopiaerp.addons.base.models.ir_attachment: filestore gc 1 checked, 1 removed 
2026-02-09 10:35:23,127 1 INFO betopiaerp betopiaerp.addons.web.tests.test_js: Starting QunitCommon.test_get_qunit_regex ... 
2026-02-09 10:35:23,129 1 INFO betopiaerp betopiaerp.addons.base.models.ir_attachment: filestore gc 0 checked, 0 removed 
2026-02-09 10:35:23,131 1 INFO betopiaerp betopiaerp.addons.web.tests.test_js: Starting HOOTCommon.test_generate_hoot_hash ... 
2026-02-09 10:35:23,132 1 INFO betopiaerp betopiaerp.addons.web.tests.test_js: Starting HOOTCommon.test_get_hoot_filter ... 
2026-02-09 10:35:23,136 1 INFO betopiaerp betopiaerp.addons.base.models.ir_attachment: filestore gc 0 checked, 0 removed 
2026-02-09 10:35:23,139 1 INFO betopiaerp betopiaerp.addons.web.tests.test_js: Starting WebSuite.test_check_suite ... 
2026-02-09 10:35:25,525 1 INFO betopiaerp betopiaerp.tests.common: Auto retry disabled for test_hoot (betopiaerp.addons.web.tests.test_js.WebSuite.test_hoot) 
2026-02-09 10:35:25,526 1 INFO betopiaerp betopiaerp.addons.web.tests.test_js: Starting WebSuite.test_hoot ... 
2026-02-09 10:35:25,539 1 WARNING betopiaerp betopiaerp.addons.web.tests.test_js.WebSuite.test_hoot: websocket-client module is not installed 
2026-02-09 10:35:25,539 1 INFO betopiaerp betopiaerp.addons.web.tests.test_js: skipped WebSuite.test_hoot : websocket-client module is not installed 
2026-02-09 10:35:25,540 1 INFO betopiaerp betopiaerp.tests.common: Auto retry disabled for test_qunit_desktop (betopiaerp.addons.web.tests.test_js.WebSuite.test_qunit_desktop) 
2026-02-09 10:35:25,540 1 INFO betopiaerp betopiaerp.addons.web.tests.test_js: Starting WebSuite.test_qunit_desktop ... 
2026-02-09 10:35:25,552 1 WARNING betopiaerp betopiaerp.addons.web.tests.test_js.WebSuite.test_qunit_desktop: websocket-client module is not installed 
2026-02-09 10:35:25,552 1 INFO betopiaerp betopiaerp.addons.web.tests.test_js: skipped WebSuite.test_qunit_desktop : websocket-client module is not installed 
2026-02-09 10:35:25,552 1 INFO betopiaerp betopiaerp.tests.common: Auto retry disabled for test_unit_desktop (betopiaerp.addons.web.tests.test_js.WebSuite.test_unit_desktop) 
2026-02-09 10:35:25,553 1 INFO betopiaerp betopiaerp.addons.web.tests.test_js: Starting WebSuite.test_unit_desktop ... 
2026-02-09 10:35:25,563 1 WARNING betopiaerp betopiaerp.addons.web.tests.test_js.WebSuite.test_unit_desktop: websocket-client module is not installed 
2026-02-09 10:35:25,564 1 INFO betopiaerp betopiaerp.addons.web.tests.test_js: skipped WebSuite.test_unit_desktop : websocket-client module is not installed 
2026-02-09 10:35:25,566 1 INFO betopiaerp betopiaerp.addons.base.models.ir_attachment: filestore gc 0 checked, 0 removed 
2026-02-09 10:35:25,568 1 INFO betopiaerp betopiaerp.tests.common: Auto retry disabled for test_unit_mobile (betopiaerp.addons.web.tests.test_js.MobileWebSuite.test_unit_mobile) 
2026-02-09 10:35:25,568 1 INFO betopiaerp betopiaerp.addons.web.tests.test_js: Starting MobileWebSuite.test_unit_mobile ... 
2026-02-09 10:35:25,579 1 WARNING betopiaerp betopiaerp.addons.web.tests.test_js.MobileWebSuite.test_unit_mobile: websocket-client module is not installed 
2026-02-09 10:35:25,579 1 INFO betopiaerp betopiaerp.addons.web.tests.test_js: skipped MobileWebSuite.test_unit_mobile : websocket-client module is not installed 
2026-02-09 10:35:25,581 1 INFO betopiaerp betopiaerp.addons.base.models.ir_attachment: filestore gc 0 checked, 0 removed 
2026-02-09 10:35:25,608 1 INFO betopiaerp betopiaerp.addons.web.tests.test_login: Starting TestUserSwitch.test_user_switch ... 
2026-02-09 10:35:25,630 1 WARNING betopiaerp betopiaerp.addons.web.tests.test_login.TestUserSwitch.test_user_switch: websocket-client module is not installed 
2026-02-09 10:35:25,630 1 INFO betopiaerp betopiaerp.addons.web.tests.test_login: skipped TestUserSwitch.test_user_switch : websocket-client module is not installed 
2026-02-09 10:35:25,633 1 INFO betopiaerp betopiaerp.addons.base.models.ir_attachment: filestore gc 1 checked, 1 removed 
2026-02-09 10:35:25,636 1 INFO betopiaerp betopiaerp.addons.web.tests.test_partner: Starting TestPartnerVCard.test_check_partner_access_for_user ... 
2026-02-09 10:35:25,648 1 INFO betopiaerp betopiaerp.addons.base.models.res_users: Login successful for login:admin from n/a 
2026-02-09 10:35:25,667 1 INFO betopiaerp betopiaerp.addons.base.models.res_users: Login successful for login:testuser from n/a 
2026-02-09 10:35:25,670 1 INFO betopiaerp betopiaerp.addons.base.models.ir_http: Generating routing map for key None 
2026-02-09 10:35:25,684 1 INFO betopiaerp betopiaerp.addons.base.models.ir_rule: Access Denied by record rules for operation: read on record ids: [2137, 2138], uid: 566, model: res.partner 
2026-02-09 10:35:25,687 1 INFO betopiaerp betopiaerp.addons.base.models.ir_rule: Access Denied by record rules for operation: read on record ids: [2137], uid: 566, model: res.partner 
2026-02-09 10:35:25,690 1 INFO betopiaerp werkzeug: 127.0.0.1 - - [09/Feb/2026 10:35:25] "GET /web/partner/vcard?partner_ids=2137,2138 HTTP/1.1" 403 - 25 0.004 0.015
2026-02-09 10:35:25,691 1 INFO betopiaerp betopiaerp.addons.web.tests.test_partner: Starting TestPartnerVCard.test_fetch_multiple_partners_vcard ... 
2026-02-09 10:35:25,700 1 INFO betopiaerp betopiaerp.addons.base.models.res_users: Login successful for login:admin from n/a 
2026-02-09 10:35:25,704 1 INFO betopiaerp betopiaerp.addons.base.models.ir_http: Generating routing map for key None 
2026-02-09 10:35:25,725 1 INFO betopiaerp werkzeug: 127.0.0.1 - - [09/Feb/2026 10:35:25] "GET /web/partner/vcard?partner_ids=2141,2142 HTTP/1.1" 200 - 24 0.004 0.017
2026-02-09 10:35:25,732 1 INFO betopiaerp betopiaerp.addons.web.tests.test_partner: Starting TestPartnerVCard.test_fetch_single_partner_vcard ... 
2026-02-09 10:35:25,741 1 INFO betopiaerp betopiaerp.addons.base.models.res_users: Login successful for login:admin from n/a 
2026-02-09 10:35:25,745 1 INFO betopiaerp betopiaerp.addons.base.models.ir_http: Generating routing map for key None 
2026-02-09 10:35:25,766 1 INFO betopiaerp werkzeug: 127.0.0.1 - - [09/Feb/2026 10:35:25] "GET /web_enterprise/partner/2144/vcard HTTP/1.1" 200 - 24 0.005 0.015
2026-02-09 10:35:25,769 1 INFO betopiaerp betopiaerp.addons.web.tests.test_partner: Starting TestPartnerVCard.test_fetch_single_partner_vcard_without_name ... 
2026-02-09 10:35:25,779 1 INFO betopiaerp betopiaerp.addons.base.models.res_users: Login successful for login:admin from n/a 
2026-02-09 10:35:25,784 1 INFO betopiaerp betopiaerp.addons.base.models.ir_http: Generating routing map for key None 
2026-02-09 10:35:25,804 1 INFO betopiaerp werkzeug: 127.0.0.1 - - [09/Feb/2026 10:35:25] "GET /web/partner/vcard?partner_ids=2149 HTTP/1.1" 200 - 22 0.004 0.017
2026-02-09 10:35:25,807 1 INFO betopiaerp betopiaerp.addons.web.tests.test_partner: Starting TestPartnerVCard.test_not_exist_partner_vcard ... 
2026-02-09 10:35:25,807 1 INFO betopiaerp betopiaerp.addons.web.tests.test_partner: skipped TestPartnerVCard.test_not_exist_partner_vcard :  
2026-02-09 10:35:25,809 1 INFO betopiaerp betopiaerp.addons.base.models.ir_attachment: filestore gc 0 checked, 0 removed 
2026-02-09 10:35:25,883 1 INFO betopiaerp betopiaerp.addons.web.tests.test_perf_load_menu: Starting TestPerfSessionInfo.test_load_menus_perf ... 
2026-02-09 10:35:25,887 1 INFO betopiaerp betopiaerp.registry: Invalidating all model caches from test_load_menus_perf /opt/betopiaerp/addons/web/tests/test_perf_load_menu.py:71 
2026-02-09 10:35:25,906 1 INFO betopiaerp betopiaerp.addons.web.tests.test_perf_load_menu: Query count less than expected for user session: 14 < 57 in test_load_menus_perf at /opt/betopiaerp/addons/web/tests/test_perf_load_menu.py:76 
2026-02-09 10:35:25,918 1 INFO betopiaerp betopiaerp.addons.web.tests.test_perf_load_menu: Query count less than expected for user session: 0 < 1 in test_load_menus_perf at /opt/betopiaerp/addons/web/tests/test_perf_load_menu.py:83 
2026-02-09 10:35:25,918 1 INFO betopiaerp betopiaerp.addons.web.tests.test_perf_load_menu: Starting TestPerfSessionInfo.test_load_web_menus_perf ... 
2026-02-09 10:35:25,919 1 INFO betopiaerp betopiaerp.registry: Invalidating all model caches from test_load_web_menus_perf /opt/betopiaerp/addons/web/tests/test_perf_load_menu.py:55 
2026-02-09 10:35:25,938 1 INFO betopiaerp betopiaerp.addons.web.tests.test_perf_load_menu: Query count less than expected for user session: 14 < 57 in test_load_web_menus_perf at /opt/betopiaerp/addons/web/tests/test_perf_load_menu.py:60 
2026-02-09 10:35:25,950 1 INFO betopiaerp betopiaerp.addons.web.tests.test_perf_load_menu: Query count less than expected for user session: 0 < 1 in test_load_web_menus_perf at /opt/betopiaerp/addons/web/tests/test_perf_load_menu.py:67 
2026-02-09 10:35:25,950 1 INFO betopiaerp betopiaerp.addons.web.tests.test_perf_load_menu: Starting TestPerfSessionInfo.test_performance_session_info ... 
2026-02-09 10:35:25,953 1 INFO betopiaerp betopiaerp.addons.base.models.res_users: Login successful for login:session from n/a 
2026-02-09 10:35:25,956 1 INFO betopiaerp betopiaerp.registry: Invalidating all model caches from test_performance_session_info /opt/betopiaerp/addons/web/tests/test_perf_load_menu.py:33 
2026-02-09 10:35:25,957 1 INFO betopiaerp betopiaerp.addons.base.models.ir_http: Generating routing map for key None 
2026-02-09 10:35:25,982 1 INFO betopiaerp werkzeug: 127.0.0.1 - - [09/Feb/2026 10:35:25] "POST /web/session/get_session_info HTTP/1.1" 200 - 35 0.006 0.019
2026-02-09 10:35:25,994 1 INFO betopiaerp betopiaerp.addons.web.tests.test_perf_load_menu: Query count less than expected for user session: 35 < 122 in test_performance_session_info at /opt/betopiaerp/addons/web/tests/test_perf_load_menu.py:37 
2026-02-09 10:35:26,000 1 INFO betopiaerp werkzeug: 127.0.0.1 - - [09/Feb/2026 10:35:26] "POST /web/session/get_session_info HTTP/1.1" 200 - 6 0.001 0.003
2026-02-09 10:35:26,012 1 INFO betopiaerp betopiaerp.addons.web.tests.test_perf_load_menu: Query count less than expected for user session: 6 < 32 in test_performance_session_info at /opt/betopiaerp/addons/web/tests/test_perf_load_menu.py:47 
2026-02-09 10:35:26,012 1 INFO betopiaerp betopiaerp.addons.web.tests.test_perf_load_menu: Starting TestPerfSessionInfo.test_visible_menu_ids ... 
2026-02-09 10:35:26,013 1 INFO betopiaerp betopiaerp.registry: Invalidating all model caches from test_visible_menu_ids /opt/betopiaerp/addons/web/tests/test_perf_load_menu.py:87 
2026-02-09 10:35:26,029 1 INFO betopiaerp betopiaerp.addons.web.tests.test_perf_load_menu: Query count less than expected for user session: 13 < 21 in test_visible_menu_ids at /opt/betopiaerp/addons/web/tests/test_perf_load_menu.py:92 
2026-02-09 10:35:26,032 1 INFO betopiaerp betopiaerp.addons.base.models.ir_attachment: filestore gc 1 checked, 1 removed 
2026-02-09 10:35:26,034 1 INFO betopiaerp betopiaerp.addons.web.tests.test_profiler: Starting TestProfilingWeb.test_profile_test_tool ... 
2026-02-09 10:35:26,036 1 INFO betopiaerp betopiaerp.addons.base.models.ir_http: Generating routing map for key None 
2026-02-09 10:35:26,080 1 INFO betopiaerp betopiaerp.tools.profiler: ir_profile 17 (2026-02-09 10:35:26 test_profile_test_tool) created 
2026-02-09 10:35:26,080 1 INFO betopiaerp werkzeug: 127.0.0.1 - - [09/Feb/2026 10:35:26] "GET /web HTTP/1.1" 303 - 5 0.002 0.043
2026-02-09 10:35:31,526 1 INFO betopiaerp betopiaerp.tools.profiler: ir_profile 18 (2026-02-09 10:35:26 test_profile_test_tool) created 
2026-02-09 10:35:31,530 1 INFO betopiaerp werkzeug: 127.0.0.1 - - [09/Feb/2026 10:35:31] "GET /web/login?redirect=/web? HTTP/1.1" 200 - 52 0.537 4.910
2026-02-09 10:35:31,691 1 INFO betopiaerp betopiaerp.tools.profiler: ir_profile 19 (2026-02-09 10:35:26 test_profile_test_tool) created 
2026-02-09 10:35:31,693 1 INFO betopiaerp betopiaerp.addons.web.tests.test_profiler: Starting TestProfilingWeb.test_profiling_enabled ... 
2026-02-09 10:35:31,696 1 INFO betopiaerp betopiaerp.addons.base.models.res_users: Login successful for login:admin from n/a 
2026-02-09 10:35:31,702 1 INFO betopiaerp betopiaerp.addons.base.models.ir_http: Generating routing map for key None 
2026-02-09 10:35:31,719 1 INFO betopiaerp betopiaerp.addons.base.models.ir_profile: User Administrator started profiling 
2026-02-09 10:35:31,723 1 INFO betopiaerp werkzeug: 127.0.0.1 - - [09/Feb/2026 10:35:31] "POST /web/dataset/call_kw/ir.profile/set_profiling#ir.profile.set_profiling HTTP/1.1" 200 - 16 0.003 0.018
2026-02-09 10:35:31,730 1 INFO betopiaerp betopiaerp.addons.base.models.ir_profile: User Administrator started profiling 
2026-02-09 10:35:31,731 1 INFO betopiaerp werkzeug: 127.0.0.1 - - [09/Feb/2026 10:35:31] "POST /web/dataset/call_kw/ir.profile/set_profiling#ir.profile.set_profiling HTTP/1.1" 200 - 9 0.001 0.004
2026-02-09 10:35:36,652 1 INFO betopiaerp betopiaerp.tools.profiler: ir_profile 20 (2026-02-09 10:35:31 Administrator) created 
2026-02-09 10:35:36,652 1 INFO betopiaerp werkzeug: 127.0.0.1 - - [09/Feb/2026 10:35:36] "GET /web/login HTTP/1.1" 200 - 44 0.012 4.907
2026-02-09 10:35:36,656 1 INFO betopiaerp betopiaerp.addons.base.models.ir_attachment: filestore gc 0 checked, 0 removed 
2026-02-09 10:35:36,659 1 INFO betopiaerp betopiaerp.addons.web.tests.test_profiler: Starting TestProfilingModes.test_profile_collectors ... 
2026-02-09 10:35:36,662 1 INFO betopiaerp betopiaerp.addons.base.models.res_users: Login successful for login:admin from n/a 
2026-02-09 10:35:36,667 1 INFO betopiaerp betopiaerp.addons.base.models.ir_http: Generating routing map for key None 
2026-02-09 10:35:36,675 1 INFO betopiaerp werkzeug: 127.0.0.1 - - [09/Feb/2026 10:35:36] "POST /web/dataset/call_kw/ir.profile/set_profiling#ir.profile.set_profiling HTTP/1.1" 200 - 2 0.000 0.008
2026-02-09 10:35:36,679 1 INFO betopiaerp betopiaerp.addons.base.models.ir_profile: User Administrator started profiling 
2026-02-09 10:35:36,681 1 INFO betopiaerp werkzeug: 127.0.0.1 - - [09/Feb/2026 10:35:36] "POST /web/dataset/call_kw/ir.profile/set_profiling#ir.profile.set_profiling HTTP/1.1" 200 - 4 0.001 0.003
2026-02-09 10:35:36,684 1 INFO betopiaerp werkzeug: 127.0.0.1 - - [09/Feb/2026 10:35:36] "POST /web/dataset/call_kw/ir.profile/set_profiling#ir.profile.set_profiling HTTP/1.1" 200 - 0 0.000 0.001
2026-02-09 10:35:36,687 1 INFO betopiaerp werkzeug: 127.0.0.1 - - [09/Feb/2026 10:35:36] "POST /web/dataset/call_kw/ir.profile/set_profiling#ir.profile.set_profiling HTTP/1.1" 200 - 0 0.000 0.001
2026-02-09 10:35:36,690 1 INFO betopiaerp betopiaerp.addons.base.models.ir_profile: User Administrator started profiling 
2026-02-09 10:35:36,691 1 INFO betopiaerp werkzeug: 127.0.0.1 - - [09/Feb/2026 10:35:36] "POST /web/dataset/call_kw/ir.profile/set_profiling#ir.profile.set_profiling HTTP/1.1" 200 - 2 0.000 0.002
2026-02-09 10:35:36,694 1 INFO betopiaerp betopiaerp.addons.base.models.ir_attachment: filestore gc 0 checked, 0 removed 
2026-02-09 10:35:36,696 1 INFO betopiaerp betopiaerp.addons.web.tests.test_profiler: Starting TestProfilingPublic.test_public_user_profiling ... 
2026-02-09 10:35:36,700 1 INFO betopiaerp betopiaerp.addons.base.models.ir_http: Generating routing map for key None 
2026-02-09 10:35:36,710 1 INFO betopiaerp betopiaerp.addons.base.models.ir_profile: User Public user started profiling 
2026-02-09 10:35:36,714 1 INFO betopiaerp werkzeug: 127.0.0.1 - - [09/Feb/2026 10:35:36] "GET /web/set_profiling?profile=1 HTTP/1.1" 500 - 16 0.003 0.012
2026-02-09 10:35:36,720 1 INFO betopiaerp betopiaerp.addons.base.models.ir_profile: User Public user started profiling 
2026-02-09 10:35:36,721 1 INFO betopiaerp werkzeug: 127.0.0.1 - - [09/Feb/2026 10:35:36] "GET /web/set_profiling?profile=1 HTTP/1.1" 200 - 9 0.001 0.003
2026-02-09 10:35:41,935 1 INFO betopiaerp betopiaerp.tools.profiler: ir_profile 21 (2026-02-09 10:35:36 Public user) created 
2026-02-09 10:35:41,939 1 INFO betopiaerp werkzeug: 127.0.0.1 - - [09/Feb/2026 10:35:41] "GET /web/login HTTP/1.1" 200 - 45 0.401 4.814
2026-02-09 10:35:41,944 1 INFO betopiaerp betopiaerp.addons.base.models.ir_attachment: filestore gc 0 checked, 0 removed 
2026-02-09 10:35:41,974 1 INFO betopiaerp betopiaerp.addons.web.tests.test_res_users: Starting TestUserSettings.test_user_group_settings ... 
2026-02-09 10:35:41,994 1 WARNING betopiaerp betopiaerp.addons.web.tests.test_res_users.TestUserSettings.test_user_group_settings: websocket-client module is not installed 
2026-02-09 10:35:41,994 1 INFO betopiaerp betopiaerp.addons.web.tests.test_res_users: skipped TestUserSettings.test_user_group_settings : websocket-client module is not installed 
2026-02-09 10:35:41,998 1 INFO betopiaerp betopiaerp.addons.base.models.ir_attachment: filestore gc 1 checked, 1 removed 
2026-02-09 10:35:42,000 1 INFO betopiaerp betopiaerp.addons.web.tests.test_web_search_read: Starting TestWebSearchRead.test_unity_web_search_read ... 
2026-02-09 10:35:42,003 1 INFO betopiaerp betopiaerp.addons.web.tests.test_web_search_read: Starting TestWebSearchRead.test_web_name_search ... 
2026-02-09 10:35:42,006 1 INFO betopiaerp betopiaerp.addons.base.models.ir_attachment: filestore gc 0 checked, 0 removed 
2026-02-09 10:35:42,030 1 INFO betopiaerp betopiaerp.addons.web.tests.test_webmanifest: Starting WebManifestRoutesTest.test_apple_touch_icon ... 
2026-02-09 10:35:42,037 1 INFO betopiaerp betopiaerp.addons.base.models.res_users: Login successful for login:demo from n/a 
2026-02-09 10:35:42,048 1 INFO ? werkzeug: 127.0.0.1 - - [09/Feb/2026 10:35:42] "GET /web/static/img/BetopiaERP-icon-ios.png HTTP/1.1" 200 - 0 0.000 0.007
2026-02-09 10:35:42,051 1 INFO betopiaerp betopiaerp.addons.base.models.ir_http: Generating routing map for key None 
2026-02-09 10:35:54,443 1 INFO betopiaerp werkzeug: 127.0.0.1 - - [09/Feb/2026 10:35:54] "GET /BetopiaERP HTTP/1.1" 200 - 55 0.013 12.380
2026-02-09 10:35:54,446 1 INFO betopiaerp betopiaerp.addons.web.tests.test_webmanifest: Starting WebManifestRoutesTest.test_offline_url ... 
2026-02-09 10:35:54,448 1 INFO betopiaerp betopiaerp.addons.base.models.ir_http: Generating routing map for key None 
2026-02-09 10:35:54,469 1 INFO betopiaerp werkzeug: 127.0.0.1 - - [09/Feb/2026 10:35:54] "GET /BetopiaERP/offline HTTP/1.1" 200 - 12 0.002 0.018
2026-02-09 10:35:54,470 1 INFO betopiaerp betopiaerp.addons.web.tests.test_webmanifest: Starting WebManifestRoutesTest.test_serviceworker ... 
2026-02-09 10:35:54,472 1 INFO betopiaerp betopiaerp.addons.base.models.ir_http: Generating routing map for key None 
2026-02-09 10:35:54,484 1 INFO betopiaerp werkzeug: 127.0.0.1 - - [09/Feb/2026 10:35:54] "GET /web/service-worker.js HTTP/1.1" 200 - 6 0.001 0.011
2026-02-09 10:35:54,485 1 INFO betopiaerp betopiaerp.addons.web.tests.test_webmanifest: Starting WebManifestRoutesTest.test_webmanifest ... 
2026-02-09 10:35:54,487 1 INFO betopiaerp betopiaerp.addons.base.models.res_users: Login successful for login:admin from n/a 
2026-02-09 10:35:54,491 1 INFO betopiaerp betopiaerp.addons.base.models.ir_http: Generating routing map for key None 
2026-02-09 10:35:54,506 1 INFO betopiaerp werkzeug: 127.0.0.1 - - [09/Feb/2026 10:35:54] "GET /web/manifest.webmanifest HTTP/1.1" 200 - 19 0.003 0.012
2026-02-09 10:35:54,508 1 INFO betopiaerp betopiaerp.addons.web.tests.test_webmanifest: Starting WebManifestRoutesTest.test_webmanifest_scoped ... 
2026-02-09 10:35:54,510 1 INFO betopiaerp betopiaerp.addons.base.models.ir_http: Generating routing map for key None 
2026-02-09 10:35:54,520 1 INFO betopiaerp werkzeug: 127.0.0.1 - - [09/Feb/2026 10:35:54] "GET /web/manifest.scoped_app_manifest?app_id=test&path=/test&app_name=Test HTTP/1.1" 200 - 6 0.001 0.010
2026-02-09 10:35:54,521 1 INFO betopiaerp betopiaerp.addons.web.tests.test_webmanifest: Starting WebManifestRoutesTest.test_webmanifest_unauthenticated ... 
2026-02-09 10:35:54,523 1 INFO betopiaerp betopiaerp.addons.base.models.ir_http: Generating routing map for key None 
2026-02-09 10:35:54,535 1 INFO betopiaerp betopiaerp.addons.base.models.ir_model: Access Denied by ACLs for operation: read, uid: 3, model: ir.module.module 
2026-02-09 10:35:54,537 1 INFO betopiaerp werkzeug: 127.0.0.1 - - [09/Feb/2026 10:35:54] "GET /web/manifest.webmanifest HTTP/1.1" 200 - 18 0.003 0.011
2026-02-09 10:35:54,540 1 INFO betopiaerp betopiaerp.addons.base.models.ir_attachment: filestore gc 1 checked, 1 removed 
2026-02-09 10:35:54,571 1 INFO betopiaerp betopiaerp.addons.api_doc.tests.test_doc: Starting TestDoc.test_doc_access ... 
2026-02-09 10:35:54,586 1 INFO betopiaerp betopiaerp.addons.base.models.res_users: Login successful for login:test_doc_access from n/a 
2026-02-09 10:35:54,591 1 INFO betopiaerp betopiaerp.addons.base.models.ir_http: Generating routing map for key None 
2026-02-09 10:35:54,600 1 INFO betopiaerp werkzeug: 127.0.0.1 - - [09/Feb/2026 10:35:54] "GET /doc HTTP/1.1" 403 - 5 0.001 0.009
2026-02-09 10:35:54,610 1 INFO betopiaerp werkzeug: 127.0.0.1 - - [09/Feb/2026 10:35:54] "GET /doc/index.json HTTP/1.1" 403 - 2 0.000 0.007
2026-02-09 10:35:54,618 1 INFO betopiaerp werkzeug: 127.0.0.1 - - [09/Feb/2026 10:35:54] "GET /doc/res.company.json HTTP/1.1" 403 - 2 0.000 0.006
2026-02-09 10:35:54,620 1 INFO betopiaerp betopiaerp.addons.api_doc.tests.test_doc: Starting TestDoc.test_doc_cache ... 
2026-02-09 10:35:54,623 1 INFO betopiaerp betopiaerp.addons.base.models.res_users: Login successful for login:demo from n/a 
2026-02-09 10:35:54,627 1 INFO betopiaerp betopiaerp.addons.base.models.ir_http: Generating routing map for key None 
2026-02-09 10:35:54,690 1 INFO betopiaerp betopiaerp.addons.api_doc.controllers.api_doc: new index attachment: BetopiaERP-doc-index-6-d8a3d30de3c1868b39c08be5c3051bf720f656c855fe85829e718dc9465f6303.json 
2026-02-09 10:35:54,692 1 INFO betopiaerp werkzeug: 127.0.0.1 - - [09/Feb/2026 10:35:54] "GET /doc/index.json HTTP/1.1" 200 - 26 0.011 0.054
2026-02-09 10:35:54,697 1 INFO betopiaerp werkzeug: 127.0.0.1 - - [09/Feb/2026 10:35:54] "GET /doc/index.json HTTP/1.1" 304 - 2 0.001 0.002
2026-02-09 10:35:54,700 1 INFO betopiaerp betopiaerp.addons.base.models.res_users: Login successful for login:admin from n/a 
2026-02-09 10:35:54,782 1 INFO betopiaerp betopiaerp.addons.api_doc.controllers.api_doc: new index attachment: BetopiaERP-doc-index-6-b589c52b6c808023515b157e6e585efbbc1cc0bd7ac5829b25e5be9bcbd982b7.json 
2026-02-09 10:35:54,783 1 INFO betopiaerp werkzeug: 127.0.0.1 - - [09/Feb/2026 10:35:54] "GET /doc/index.json HTTP/1.1" 200 - 15 0.010 0.071
2026-02-09 10:35:54,786 1 INFO betopiaerp betopiaerp.addons.api_doc.tests.test_doc: Starting TestDoc.test_doc_index_bearer ... 
2026-02-09 10:35:54,794 1 INFO betopiaerp betopiaerp.addons.base.models.res_users: Users API Keys generated: scope: <rpc> for 'demo' (#570) from n/a 
2026-02-09 10:35:54,796 1 INFO betopiaerp betopiaerp.addons.base.models.ir_http: Generating routing map for key None 
2026-02-09 10:35:54,859 1 INFO betopiaerp betopiaerp.addons.api_doc.controllers.api_doc: new index attachment: BetopiaERP-doc-index-6-d8a3d30de3c1868b39c08be5c3051bf720f656c855fe85829e718dc9465f6303.json 
2026-02-09 10:35:54,860 1 INFO betopiaerp werkzeug: 127.0.0.1 - - [09/Feb/2026 10:35:54] "GET /doc-bearer/index.json HTTP/1.1" 200 - 23 0.012 0.053
2026-02-09 10:35:54,863 1 INFO betopiaerp betopiaerp.addons.api_doc.tests.test_doc: Starting TestDoc.test_doc_index_user ... 
2026-02-09 10:35:54,866 1 INFO betopiaerp betopiaerp.addons.base.models.res_users: Login successful for login:demo from n/a 
2026-02-09 10:35:54,871 1 INFO betopiaerp betopiaerp.addons.base.models.ir_http: Generating routing map for key None 
2026-02-09 10:35:54,931 1 INFO betopiaerp betopiaerp.addons.api_doc.controllers.api_doc: new index attachment: BetopiaERP-doc-index-6-d8a3d30de3c1868b39c08be5c3051bf720f656c855fe85829e718dc9465f6303.json 
2026-02-09 10:35:54,933 1 INFO betopiaerp werkzeug: 127.0.0.1 - - [09/Feb/2026 10:35:54] "GET /doc/index.json HTTP/1.1" 200 - 26 0.012 0.050
2026-02-09 10:35:54,935 1 INFO betopiaerp betopiaerp.addons.api_doc.tests.test_doc: Starting TestDoc.test_doc_model_bearer ... 
2026-02-09 10:35:54,943 1 INFO betopiaerp betopiaerp.addons.base.models.res_users: Users API Keys generated: scope: <rpc> for 'demo' (#570) from n/a 
2026-02-09 10:35:54,945 1 INFO betopiaerp betopiaerp.addons.base.models.ir_http: Generating routing map for key None 
2026-02-09 10:35:55,102 1 INFO betopiaerp werkzeug: 127.0.0.1 - - [09/Feb/2026 10:35:55] "GET /doc-bearer/res.partner.json HTTP/1.1" 200 - 17 0.004 0.154
2026-02-09 10:35:55,105 1 INFO betopiaerp betopiaerp.addons.api_doc.tests.test_doc: Starting TestDoc.test_doc_model_user ... 
2026-02-09 10:35:55,108 1 INFO betopiaerp betopiaerp.addons.base.models.res_users: Login successful for login:demo from n/a 
2026-02-09 10:35:55,112 1 INFO betopiaerp betopiaerp.addons.base.models.ir_http: Generating routing map for key None 
2026-02-09 10:35:55,338 1 INFO betopiaerp werkzeug: 127.0.0.1 - - [09/Feb/2026 10:35:55] "GET /doc/res.partner.json HTTP/1.1" 200 - 20 0.007 0.220
2026-02-09 10:35:55,340 1 INFO betopiaerp betopiaerp.addons.api_doc.tests.test_doc: Starting TestDoc.test_doc_web_client ... 
2026-02-09 10:35:55,343 1 INFO betopiaerp betopiaerp.addons.base.models.res_users: Login successful for login:demo from n/a 
2026-02-09 10:35:55,347 1 INFO betopiaerp betopiaerp.addons.base.models.ir_http: Generating routing map for key None 
2026-02-09 10:35:56,356 1 INFO betopiaerp werkzeug: 127.0.0.1 - - [09/Feb/2026 10:35:56] "GET /doc HTTP/1.1" 200 - 20 0.005 1.004
2026-02-09 10:35:56,357 1 INFO betopiaerp betopiaerp.addons.api_doc.tests.test_doc: Starting TestDoc.test_ghost_model_robustness ... 
2026-02-09 10:35:56,363 1 INFO betopiaerp betopiaerp.addons.base.models.res_users: Login successful for login:demo from n/a 
2026-02-09 10:35:56,368 1 INFO betopiaerp betopiaerp.addons.base.models.ir_http: Generating routing map for key None 
2026-02-09 10:35:56,427 1 INFO betopiaerp betopiaerp.addons.api_doc.controllers.api_doc: new index attachment: BetopiaERP-doc-index-6-d8a3d30de3c1868b39c08be5c3051bf720f656c855fe85829e718dc9465f6303.json 
2026-02-09 10:35:56,429 1 INFO betopiaerp werkzeug: 127.0.0.1 - - [09/Feb/2026 10:35:56] "GET /doc/index.json HTTP/1.1" 200 - 26 0.011 0.050
2026-02-09 10:35:56,431 1 INFO betopiaerp betopiaerp.addons.api_doc.tests.test_doc: Starting TestDoc.test_parse_signature ... 
2026-02-09 10:35:56,450 1 INFO betopiaerp betopiaerp.addons.base.models.ir_attachment: filestore gc 4 checked, 4 removed 
2026-02-09 10:35:56,469 1 INFO betopiaerp betopiaerp.addons.auth_totp.tests.test_apikeys: Starting TestAPIKeys.test_addremove ... 
2026-02-09 10:35:56,488 1 WARNING betopiaerp betopiaerp.addons.auth_totp.tests.test_apikeys.TestAPIKeys.test_addremove: websocket-client module is not installed 
2026-02-09 10:35:56,489 1 INFO betopiaerp betopiaerp.addons.auth_totp.tests.test_apikeys: skipped TestAPIKeys.test_addremove : websocket-client module is not installed 
2026-02-09 10:35:56,489 1 INFO betopiaerp betopiaerp.addons.auth_totp.tests.test_apikeys: Starting TestAPIKeys.test_apikeys_totp ... 
2026-02-09 10:35:56,500 1 WARNING betopiaerp betopiaerp.addons.auth_totp.tests.test_apikeys.TestAPIKeys.test_apikeys_totp: websocket-client module is not installed 
2026-02-09 10:35:56,501 1 INFO betopiaerp betopiaerp.addons.auth_totp.tests.test_apikeys: skipped TestAPIKeys.test_apikeys_totp : websocket-client module is not installed 
2026-02-09 10:35:56,503 1 INFO betopiaerp betopiaerp.addons.base.models.ir_attachment: filestore gc 1 checked, 1 removed 
2026-02-09 10:35:56,522 1 INFO betopiaerp betopiaerp.addons.auth_totp.tests.test_totp: Starting TestTOTP.test_totp ... 
2026-02-09 10:35:56,540 1 WARNING betopiaerp betopiaerp.addons.auth_totp.tests.test_totp.TestTOTP.test_totp: websocket-client module is not installed 
2026-02-09 10:35:56,541 1 INFO betopiaerp betopiaerp.addons.auth_totp.tests.test_totp: skipped TestTOTP.test_totp : websocket-client module is not installed 
2026-02-09 10:35:56,541 1 INFO betopiaerp betopiaerp.addons.auth_totp.tests.test_totp: Starting TestTOTP.test_totp_administration ... 
2026-02-09 10:35:56,552 1 WARNING betopiaerp betopiaerp.addons.auth_totp.tests.test_totp.TestTOTP.test_totp_administration: websocket-client module is not installed 
2026-02-09 10:35:56,552 1 INFO betopiaerp betopiaerp.addons.auth_totp.tests.test_totp: skipped TestTOTP.test_totp_administration : websocket-client module is not installed 
2026-02-09 10:35:56,553 1 INFO betopiaerp betopiaerp.addons.auth_totp.tests.test_totp: Starting TestTOTP.test_totp_authenticate ... 
2026-02-09 10:35:56,567 1 WARNING betopiaerp betopiaerp.addons.auth_totp.tests.test_totp.TestTOTP.test_totp_authenticate: websocket-client module is not installed 
2026-02-09 10:35:56,568 1 INFO betopiaerp betopiaerp.addons.auth_totp.tests.test_totp: skipped TestTOTP.test_totp_authenticate : websocket-client module is not installed 
2026-02-09 10:35:56,570 1 INFO betopiaerp betopiaerp.addons.base.models.ir_attachment: filestore gc 1 checked, 1 removed 
2026-02-09 10:35:56,571 1 INFO betopiaerp betopiaerp.addons.base_import_module.tests.test_import_module: Starting TestImportModule.test_import_and_uninstall_module ... 
2026-02-09 10:35:56,596 1 INFO betopiaerp betopiaerp.addons.base_import_module.models.ir_module: Successfully imported module 'test_module' 
2026-02-09 10:35:56,600 1 INFO betopiaerp betopiaerp.addons.base.models.ir_module: ALLOW access to module.module_uninstall on ['Test Module'] to user __system__ #1 via n/a 
2026-02-09 10:35:56,601 1 INFO betopiaerp betopiaerp.addons.base.models.ir_model: Deleting ir.asset(67,) 
2026-02-09 10:35:56,607 1 INFO betopiaerp betopiaerp.models.unlink: User #1 deleted ir.model.data records with IDs: [53786] 
2026-02-09 10:35:56,607 1 INFO betopiaerp betopiaerp.models.unlink: User #1 deleted ir.asset records with IDs: [67] 
2026-02-09 10:35:56,608 1 INFO betopiaerp betopiaerp.addons.base.models.ir_model: Deleting ir.attachment(3025,) 
2026-02-09 10:35:56,612 1 INFO betopiaerp betopiaerp.models.unlink: User #1 deleted ir.model.data records with IDs: [53785] 
2026-02-09 10:35:56,613 1 INFO betopiaerp betopiaerp.models.unlink: User #1 deleted ir.attachment records with IDs: [3025] 
2026-02-09 10:35:56,614 1 INFO betopiaerp betopiaerp.addons.base.models.ir_model: ir.model.data could not be deleted ([]) 
2026-02-09 10:35:56,617 1 INFO betopiaerp betopiaerp.models.unlink: User #1 deleted ir.model.data records with IDs: [53786, 53785] 
2026-02-09 10:35:56,618 1 INFO betopiaerp betopiaerp.addons.base_import_module.models.ir_module: deleting imported modules upon uninstallation: test_module 
2026-02-09 10:35:56,623 1 INFO betopiaerp betopiaerp.models.unlink: User #1 deleted ir.model.data records with IDs: [53784] 
2026-02-09 10:35:56,624 1 INFO betopiaerp betopiaerp.models.unlink: User #1 deleted ir.module.module records with IDs: [719] 
2026-02-09 10:35:56,625 1 INFO betopiaerp betopiaerp.addons.base_import_module.tests.test_import_module: Starting TestImportModule.test_import_and_update_module ... 
2026-02-09 10:35:56,664 1 INFO betopiaerp betopiaerp.addons.base_import_module.models.ir_module: Successfully imported module 'test_module' 
2026-02-09 10:35:56,689 1 INFO betopiaerp betopiaerp.addons.base_import_module.models.ir_module: Successfully imported module 'test_module' 
2026-02-09 10:35:56,692 1 INFO betopiaerp betopiaerp.addons.base_import_module.tests.test_import_module: Starting TestImportModule.test_import_modules_with_dependencies ... 
2026-02-09 10:35:56,706 1 INFO betopiaerp betopiaerp.addons.base_import_module.models.ir_module: module foo: loading partner.xml 
2026-02-09 10:35:56,717 1 INFO betopiaerp betopiaerp.addons.base_import_module.models.ir_module: Successfully imported module 'foo' 
2026-02-09 10:35:56,725 1 INFO betopiaerp betopiaerp.addons.base_import_module.models.ir_module: Successfully imported module 'bar' 
2026-02-09 10:35:56,732 1 INFO betopiaerp betopiaerp.addons.base_import_module.models.ir_module: module baz: loading partner.xml 
2026-02-09 10:35:56,739 1 INFO betopiaerp betopiaerp.addons.base_import_module.models.ir_module: Successfully imported module 'baz' 
2026-02-09 10:35:56,741 1 INFO betopiaerp betopiaerp.addons.base_import_module.tests.test_import_module: Starting TestImportModule.test_import_wrong_dependencies ... 
2026-02-09 10:35:56,757 1 INFO betopiaerp betopiaerp.addons.base_import_module.tests.test_import_module: Starting TestImportModule.test_import_zip ... 
2026-02-09 10:36:08,821 1 INFO betopiaerp betopiaerp.addons.base_import_module.tests.test_import_module: Starting TestImportModule.test_import_zip_data_not_in_manifest ... 
2026-02-09 10:36:08,833 1 INFO betopiaerp betopiaerp.addons.base_import_module.models.ir_module: module foo: loading foo.xml 
2026-02-09 10:36:08,843 1 INFO betopiaerp betopiaerp.addons.base_import_module.models.ir_module: Successfully imported module 'foo' 
2026-02-09 10:36:08,845 1 INFO betopiaerp betopiaerp.addons.base_import_module.tests.test_import_module: Starting TestImportModule.test_import_zip_extract_only_useful ... 
2026-02-09 10:36:08,859 1 INFO betopiaerp betopiaerp.addons.base_import_module.models.ir_module: module foo: loading data.xml 
2026-02-09 10:36:08,867 1 INFO betopiaerp betopiaerp.addons.base_import_module.models.ir_module: module foo: skip unsupported file res.partner.xls 
2026-02-09 10:36:08,872 1 INFO betopiaerp betopiaerp.addons.base_import_module.models.ir_module: Successfully imported module 'foo' 
2026-02-09 10:36:08,874 1 INFO betopiaerp betopiaerp.addons.base_import_module.tests.test_import_module: Starting TestImportModule.test_import_zip_ignore_unexpected_data_extension ... 
2026-02-09 10:36:08,893 1 INFO betopiaerp betopiaerp.addons.base_import_module.tests.test_import_module: Starting TestImportModule.test_import_zip_invalid_data ... 
2026-02-09 10:36:08,931 1 INFO betopiaerp betopiaerp.addons.base_import_module.tests.test_import_module: Starting TestImportModule.test_import_zip_invalid_manifest ... 
2026-02-09 10:36:08,935 1 INFO betopiaerp betopiaerp.addons.base_import_module.tests.test_import_module: Starting TestImportModule.test_import_zip_wildcard_assets ... 
2026-02-09 10:36:08,955 1 INFO betopiaerp betopiaerp.addons.base_import_module.tests.test_import_module: Starting TestImportModule.test_multiple_file_open_temporary_directory ... 
2026-02-09 10:36:08,961 1 INFO betopiaerp betopiaerp.addons.base.models.ir_attachment: filestore gc 8 checked, 8 removed 
2026-02-09 10:36:08,963 1 INFO betopiaerp betopiaerp.addons.base_import_module.tests.test_import_module: Starting TestImportModuleHttp.test_check_zip_dependencies ... 
2026-02-09 10:36:08,981 1 INFO betopiaerp betopiaerp.addons.base_import_module.tests.test_import_module: Starting TestImportModuleHttp.test_import_module_assets_http ... 
2026-02-09 10:36:09,001 1 INFO betopiaerp betopiaerp.addons.base_import_module.models.ir_module: Successfully imported module 'foo' 
2026-02-09 10:36:09,005 1 INFO betopiaerp betopiaerp.addons.base.models.ir_http: Generating routing map for key None 
2026-02-09 10:36:09,013 1 INFO betopiaerp werkzeug: 127.0.0.1 - - [09/Feb/2026 10:36:09] "GET /foo/static/src/js/test.js HTTP/1.1" 200 - 5 0.001 0.008
2026-02-09 10:36:09,015 1 INFO betopiaerp betopiaerp.addons.base_import_module.tests.test_import_module: Starting TestImportModuleHttp.test_import_module_field_file ... 
2026-02-09 10:36:09,032 1 INFO betopiaerp betopiaerp.addons.base_import_module.models.ir_module: module foo: loading data.xml 
2026-02-09 10:36:09,042 1 INFO betopiaerp betopiaerp.addons.base.models.ir_attachment: Post processing ignored : This file could not be decoded as an image file. 
2026-02-09 10:36:09,045 1 INFO betopiaerp betopiaerp.addons.base_import_module.models.ir_module: Successfully imported module 'foo' 
2026-02-09 10:36:09,049 1 INFO betopiaerp betopiaerp.addons.base.models.ir_http: Generating routing map for key None 
2026-02-09 10:36:09,058 1 INFO betopiaerp werkzeug: 127.0.0.1 - - [09/Feb/2026 10:36:09] "GET /foo/static/src/img/content/logo.png HTTP/1.1" 200 - 5 0.001 0.009
2026-02-09 10:36:09,059 1 INFO betopiaerp betopiaerp.addons.base_import_module.tests.test_import_module: Starting TestImportModuleHttp.test_import_module_icon ... 
2026-02-09 10:36:09,078 1 INFO betopiaerp betopiaerp.addons.base_import_module.models.ir_module: Successfully imported module 'bar' 
2026-02-09 10:36:09,085 1 INFO betopiaerp betopiaerp.addons.base.models.ir_attachment: Post processing ignored : This file could not be decoded as an image file. 
2026-02-09 10:36:09,089 1 INFO betopiaerp betopiaerp.addons.base_import_module.models.ir_module: Successfully imported module 'foo' 
2026-02-09 10:36:09,092 1 INFO betopiaerp betopiaerp.addons.base.models.ir_http: Generating routing map for key None 
2026-02-09 10:36:09,101 1 INFO betopiaerp werkzeug: 127.0.0.1 - - [09/Feb/2026 10:36:09] "GET /foo/static/description/icon.png HTTP/1.1" 200 - 5 0.001 0.008
2026-02-09 10:36:09,110 1 INFO betopiaerp betopiaerp.addons.base.models.ir_attachment: filestore gc 3 checked, 3 removed 
2026-02-09 10:36:09,112 1 INFO betopiaerp betopiaerp.addons.bus.tests.test_assetsbundle: Starting BusWebTests.test_bundle_sends_bus ... 
2026-02-09 10:36:09,116 1 INFO betopiaerp betopiaerp.models.unlink: User #1 deleted ir.attachment records with IDs: [704, 703, 702, 701, 700, 699, 698, 697, 690, 689, 688, 687, 686, 685, 15] 
2026-02-09 10:36:09,118 1 INFO betopiaerp betopiaerp.addons.base.models.ir_http: Generating routing map for key None 
2026-02-09 10:36:18,550 1 INFO betopiaerp betopiaerp.addons.base.models.assetsbundle: Generating a new asset bundle attachment /web/assets/79c07a3/web.assets_web.min.js (id:3039) 
2026-02-09 10:36:18,552 1 INFO betopiaerp werkzeug: 127.0.0.1 - - [09/Feb/2026 10:36:18] "GET /web/assets/any/web.assets_web.min.js HTTP/1.1" 200 - 28 0.006 9.428
2026-02-09 10:36:21,409 1 INFO betopiaerp betopiaerp.addons.base.models.assetsbundle: Generating a new asset bundle attachment /web/assets/8d9a021/web.assets_web.min.css (id:3040) 
2026-02-09 10:36:21,412 1 INFO betopiaerp werkzeug: 127.0.0.1 - - [09/Feb/2026 10:36:21] "GET /web/assets/any/web.assets_web.min.css HTTP/1.1" 200 - 8 0.017 2.825
2026-02-09 10:36:30,640 1 INFO betopiaerp betopiaerp.addons.base.models.assetsbundle: Generating a new asset bundle attachment /web/assets/5587ac6/web.assets_backend.min.js (id:3041) 
2026-02-09 10:36:30,642 1 INFO betopiaerp werkzeug: 127.0.0.1 - - [09/Feb/2026 10:36:30] "GET /web/assets/any/web.assets_backend.min.js HTTP/1.1" 200 - 19 0.005 9.220
2026-02-09 10:36:33,464 1 INFO betopiaerp betopiaerp.addons.base.models.assetsbundle: Generating a new asset bundle attachment /web/assets/8d9a021/web.assets_backend.min.css (id:3042) 
2026-02-09 10:36:33,466 1 INFO betopiaerp werkzeug: 127.0.0.1 - - [09/Feb/2026 10:36:33] "GET /web/assets/any/web.assets_backend.min.css HTTP/1.1" 200 - 8 0.014 2.793
2026-02-09 10:36:33,475 1 INFO betopiaerp betopiaerp.addons.base.models.ir_attachment: filestore gc 12 checked, 1 removed 
2026-02-09 10:36:33,479 1 INFO betopiaerp betopiaerp.addons.bus.tests.test_bus_gc: Starting TestBusGC.test_custom_gc_retention_window ... 
2026-02-09 10:36:33,481 1 INFO betopiaerp betopiaerp.models.unlink: User #1 deleted bus.bus records with IDs: [4, 5] 
2026-02-09 10:36:33,503 1 INFO betopiaerp betopiaerp.addons.bus.tests.test_bus_gc: Starting TestBusGC.test_default_gc_retention_window ... 
2026-02-09 10:36:33,505 1 INFO betopiaerp betopiaerp.models.unlink: User #1 deleted bus.bus records with IDs: [4, 5] 
2026-02-09 10:36:33,527 1 INFO betopiaerp betopiaerp.addons.base.models.ir_attachment: filestore gc 0 checked, 0 removed 
2026-02-09 10:36:33,529 1 WARNING betopiaerp betopiaerp.addons.bus.tests.test_close_websocket_after_tour.TestCloseWebsocketAfterTour: websocket-client module is not installed 
2026-02-09 10:36:33,530 1 INFO betopiaerp betopiaerp.tests.suite: skipped setUpClass (betopiaerp.addons.bus.tests.test_close_websocket_after_tour.TestCloseWebsocketAfterTour) : websocket-client module is not installed 
2026-02-09 10:36:33,532 1 INFO betopiaerp betopiaerp.addons.base.models.ir_attachment: filestore gc 0 checked, 0 removed 
2026-02-09 10:36:33,534 1 INFO betopiaerp betopiaerp.addons.bus.tests.test_ir_model: Starting TestGetModelDefinitions.test_access_all_model_fields ... 
2026-02-09 10:36:33,536 1 INFO betopiaerp betopiaerp.addons.bus.tests.test_ir_model: Starting TestGetModelDefinitions.test_access_cr ... 
2026-02-09 10:36:33,538 1 INFO betopiaerp betopiaerp.addons.bus.tests.test_ir_model: Starting TestGetModelDefinitions.test_relational_fields_with_missing_model ... 
2026-02-09 10:36:33,543 1 INFO betopiaerp betopiaerp.addons.base.models.ir_attachment: filestore gc 0 checked, 0 removed 
2026-02-09 10:36:33,545 1 WARNING betopiaerp betopiaerp.addons.bus.tests.test_ir_websocket.TestIrWebsocket: websocket-client module is not installed 
2026-02-09 10:36:33,545 1 INFO betopiaerp betopiaerp.tests.suite: skipped setUpClass (betopiaerp.addons.bus.tests.test_ir_websocket.TestIrWebsocket) : websocket-client module is not installed 
2026-02-09 10:36:33,548 1 INFO betopiaerp betopiaerp.addons.base.models.ir_attachment: filestore gc 0 checked, 0 removed 
2026-02-09 10:36:33,550 1 WARNING betopiaerp betopiaerp.addons.bus.tests.test_websocket_caryall.TestWebsocketCaryall: websocket-client module is not installed 
2026-02-09 10:36:33,550 1 INFO betopiaerp betopiaerp.tests.suite: skipped setUpClass (betopiaerp.addons.bus.tests.test_websocket_caryall.TestWebsocketCaryall) : websocket-client module is not installed 
2026-02-09 10:36:33,552 1 INFO betopiaerp betopiaerp.addons.base.models.ir_attachment: filestore gc 0 checked, 0 removed 
2026-02-09 10:36:33,554 1 WARNING betopiaerp betopiaerp.addons.bus.tests.test_websocket_rate_limiting.TestWebsocketRateLimiting: websocket-client module is not installed 
2026-02-09 10:36:33,554 1 INFO betopiaerp betopiaerp.tests.suite: skipped setUpClass (betopiaerp.addons.bus.tests.test_websocket_rate_limiting.TestWebsocketRateLimiting) : websocket-client module is not installed 
2026-02-09 10:36:33,556 1 INFO betopiaerp betopiaerp.addons.base.models.ir_attachment: filestore gc 0 checked, 0 removed 
2026-02-09 10:36:33,574 1 INFO betopiaerp betopiaerp.addons.web_tour.tests.test_tours: Starting TestTour.test_get_current_tour ... 
2026-02-09 10:36:33,580 1 INFO betopiaerp betopiaerp.addons.web_tour.tests.test_tours: Starting TestTour.test_get_tour_json_by_name ... 
2026-02-09 10:36:33,584 1 INFO betopiaerp betopiaerp.addons.base.models.ir_attachment: filestore gc 0 checked, 0 removed 
2026-02-09 10:36:33,586 1 INFO betopiaerp betopiaerp.addons.web_tour.tests.test_tours: Starting WebTourHttp.test_sanity_automatic ... 
2026-02-09 10:36:33,631 1 WARNING betopiaerp betopiaerp.addons.web_tour.tests.test_tours.WebTourHttp.test_sanity_automatic: websocket-client module is not installed 
2026-02-09 10:36:33,631 1 INFO betopiaerp betopiaerp.addons.web_tour.tests.test_tours: skipped WebTourHttp.test_sanity_automatic : websocket-client module is not installed 
2026-02-09 10:36:33,632 1 INFO betopiaerp betopiaerp.addons.web_tour.tests.test_tours: Starting WebTourHttp.test_sanity_onboarding ... 
2026-02-09 10:36:33,647 1 WARNING betopiaerp betopiaerp.addons.web_tour.tests.test_tours.WebTourHttp.test_sanity_onboarding: websocket-client module is not installed 
2026-02-09 10:36:33,647 1 INFO betopiaerp betopiaerp.addons.web_tour.tests.test_tours: skipped WebTourHttp.test_sanity_onboarding : websocket-client module is not installed 
2026-02-09 10:36:33,650 1 INFO betopiaerp betopiaerp.addons.base.models.ir_attachment: filestore gc 0 checked, 0 removed 
2026-02-09 10:36:33,681 1 INFO betopiaerp betopiaerp.addons.auth_passkey.tests.test_passkey_demo: Starting PasskeyTestTours.test_passkey_backend ... 
2026-02-09 10:36:33,687 1 INFO betopiaerp betopiaerp.addons.auth_passkey.models.auth_passkey_key: Passkey (#25) deleted by __system__ (#1) from n/a 
2026-02-09 10:36:33,688 1 INFO betopiaerp betopiaerp.addons.auth_passkey.models.auth_passkey_key: Passkey (#24) deleted by __system__ (#1) from n/a 
2026-02-09 10:36:33,690 1 INFO betopiaerp betopiaerp.models.unlink: User #1 deleted auth.passkey.key records with IDs: [25, 24] 
2026-02-09 10:36:33,705 1 WARNING betopiaerp betopiaerp.addons.auth_passkey.tests.test_passkey_demo.PasskeyTestTours.test_passkey_backend: websocket-client module is not installed 
2026-02-09 10:36:33,705 1 INFO betopiaerp betopiaerp.addons.auth_passkey.tests.test_passkey_demo: skipped PasskeyTestTours.test_passkey_backend : websocket-client module is not installed 
2026-02-09 10:36:33,706 1 INFO betopiaerp betopiaerp.addons.auth_passkey.tests.test_passkey_demo: Starting PasskeyTestTours.test_passkey_login ... 
2026-02-09 10:36:33,717 1 WARNING betopiaerp betopiaerp.addons.auth_passkey.tests.test_passkey_demo.PasskeyTestTours.test_passkey_login: websocket-client module is not installed 
2026-02-09 10:36:33,717 1 INFO betopiaerp betopiaerp.addons.auth_passkey.tests.test_passkey_demo: skipped PasskeyTestTours.test_passkey_login : websocket-client module is not installed 
2026-02-09 10:36:33,720 1 INFO betopiaerp betopiaerp.addons.base.models.ir_attachment: filestore gc 1 checked, 1 removed 
2026-02-09 10:36:33,744 1 INFO betopiaerp betopiaerp.addons.html_editor.tests.test_controller: Starting TestController.test_01_upload_document ... 
2026-02-09 10:36:33,751 1 INFO betopiaerp betopiaerp.addons.base.models.res_users: Login successful for login:admin from n/a 
2026-02-09 10:36:33,755 1 INFO betopiaerp betopiaerp.addons.base.models.ir_http: Generating routing map for key None 
2026-02-09 10:36:33,769 1 INFO betopiaerp werkzeug: 127.0.0.1 - - [09/Feb/2026 10:36:33] "POST /html_editor/attachment/add_data HTTP/1.1" 200 - 12 0.003 0.012
2026-02-09 10:36:33,774 1 INFO betopiaerp werkzeug: 127.0.0.1 - - [09/Feb/2026 10:36:33] "GET /web/content/3053?unique=7b502c3a1f48c8609ae212cdfb639dee39673f5e&download=true HTTP/1.1" 200 - 3 0.000 0.002
2026-02-09 10:36:33,775 1 INFO betopiaerp betopiaerp.addons.html_editor.tests.test_controller: Starting TestController.test_03_get_image_info ... 
2026-02-09 10:36:33,778 1 INFO betopiaerp betopiaerp.addons.base.models.res_users: Login successful for login:admin from n/a 
2026-02-09 10:36:33,782 1 INFO betopiaerp betopiaerp.addons.base.models.ir_http: Generating routing map for key None 
2026-02-09 10:36:33,800 1 INFO betopiaerp werkzeug: 127.0.0.1 - - [09/Feb/2026 10:36:33] "POST /html_editor/attachment/add_data HTTP/1.1" 200 - 20 0.005 0.013
2026-02-09 10:36:33,806 1 INFO betopiaerp werkzeug: 127.0.0.1 - - [09/Feb/2026 10:36:33] "POST /html_editor/get_image_info HTTP/1.1" 200 - 3 0.001 0.002
2026-02-09 10:36:33,807 1 INFO betopiaerp betopiaerp.addons.html_editor.tests.test_controller: Starting TestController.test_04_admin_attachment ... 
2026-02-09 10:36:33,810 1 INFO betopiaerp betopiaerp.addons.base.models.res_users: Login successful for login:admin_user from n/a 
2026-02-09 10:36:33,815 1 INFO betopiaerp betopiaerp.addons.base.models.ir_http: Generating routing map for key None 
2026-02-09 10:36:33,836 1 INFO betopiaerp werkzeug: 127.0.0.1 - - [09/Feb/2026 10:36:33] "POST /html_editor/attachment/add_data HTTP/1.1" 200 - 20 0.005 0.016
2026-02-09 10:36:33,838 1 INFO betopiaerp betopiaerp.addons.html_editor.tests.test_controller: Starting TestController.test_05_internal_link_preview ... 
2026-02-09 10:36:33,842 1 INFO betopiaerp betopiaerp.addons.base.models.res_users: Login successful for login:admin_user from n/a 
2026-02-09 10:36:33,847 1 INFO betopiaerp betopiaerp.addons.base.models.ir_http: Generating routing map for key None 
2026-02-09 10:36:33,860 1 INFO betopiaerp werkzeug: 127.0.0.1 - - [09/Feb/2026 10:36:33] "POST /html_editor/link_preview_internal HTTP/1.1" 200 - 7 0.002 0.012
2026-02-09 10:36:33,865 1 INFO betopiaerp werkzeug: 127.0.0.1 - - [09/Feb/2026 10:36:33] "POST /html_editor/link_preview_internal HTTP/1.1" 200 - 1 0.000 0.002
2026-02-09 10:36:33,872 1 INFO betopiaerp werkzeug: 127.0.0.1 - - [09/Feb/2026 10:36:33] "POST /html_editor/link_preview_internal HTTP/1.1" 200 - 11 0.002 0.003
2026-02-09 10:36:33,876 1 INFO betopiaerp werkzeug: 127.0.0.1 - - [09/Feb/2026 10:36:33] "POST /html_editor/link_preview_internal HTTP/1.1" 200 - 0 0.000 0.002
2026-02-09 10:36:33,879 1 INFO betopiaerp werkzeug: 127.0.0.1 - - [09/Feb/2026 10:36:33] "POST /html_editor/link_preview_internal HTTP/1.1" 200 - 0 0.000 0.001
2026-02-09 10:36:33,882 1 INFO betopiaerp werkzeug: 127.0.0.1 - - [09/Feb/2026 10:36:33] "POST /html_editor/link_preview_internal HTTP/1.1" 200 - 0 0.000 0.001
2026-02-09 10:36:33,885 1 INFO betopiaerp werkzeug: 127.0.0.1 - - [09/Feb/2026 10:36:33] "POST /html_editor/link_preview_internal HTTP/1.1" 200 - 0 0.000 0.001
2026-02-09 10:36:33,890 1 INFO betopiaerp werkzeug: 127.0.0.1 - - [09/Feb/2026 10:36:33] "POST /html_editor/link_preview_internal HTTP/1.1" 200 - 2 0.000 0.002
2026-02-09 10:36:33,895 1 INFO betopiaerp werkzeug: 127.0.0.1 - - [09/Feb/2026 10:36:33] "POST /html_editor/link_preview_internal HTTP/1.1" 200 - 1 0.000 0.002
2026-02-09 10:36:33,900 1 INFO betopiaerp betopiaerp.addons.base.models.ir_attachment: filestore gc 4 checked, 4 removed 
2026-02-09 10:36:33,901 1 INFO betopiaerp betopiaerp.addons.html_editor.tests.test_diff_utils: Starting TestPatchUtils.test_multiple_revision ... 
2026-02-09 10:36:33,902 1 INFO betopiaerp betopiaerp.addons.html_editor.tests.test_diff_utils: Starting TestPatchUtils.test_new_content_add_line ... 
2026-02-09 10:36:33,903 1 INFO betopiaerp betopiaerp.addons.html_editor.tests.test_diff_utils: Starting TestPatchUtils.test_new_content_is_equal ... 
2026-02-09 10:36:33,903 1 INFO betopiaerp betopiaerp.addons.html_editor.tests.test_diff_utils: Starting TestPatchUtils.test_new_content_is_falsy ... 
2026-02-09 10:36:33,904 1 INFO betopiaerp betopiaerp.addons.html_editor.tests.test_diff_utils: Starting TestPatchUtils.test_new_content_multiple_operation ... 
2026-02-09 10:36:33,904 1 INFO betopiaerp betopiaerp.addons.html_editor.tests.test_diff_utils: Starting TestPatchUtils.test_new_content_remove_line ... 
2026-02-09 10:36:33,904 1 INFO betopiaerp betopiaerp.addons.html_editor.tests.test_diff_utils: Starting TestPatchUtils.test_new_content_replace_line ... 
2026-02-09 10:36:33,905 1 INFO betopiaerp betopiaerp.addons.html_editor.tests.test_diff_utils: Starting TestPatchUtils.test_replace_class_and_content ... 
2026-02-09 10:36:33,905 1 INFO betopiaerp betopiaerp.addons.html_editor.tests.test_diff_utils: Starting TestPatchUtils.test_replace_class_and_deep_content ... 
2026-02-09 10:36:33,906 1 INFO betopiaerp betopiaerp.addons.html_editor.tests.test_diff_utils: Starting TestPatchUtils.test_replace_complex ... 
2026-02-09 10:36:33,906 1 INFO betopiaerp betopiaerp.addons.html_editor.tests.test_diff_utils: Starting TestPatchUtils.test_replace_just_class ... 
2026-02-09 10:36:33,906 1 INFO betopiaerp betopiaerp.addons.html_editor.tests.test_diff_utils: Starting TestPatchUtils.test_replace_nested_divs ... 
2026-02-09 10:36:33,907 1 INFO betopiaerp betopiaerp.addons.html_editor.tests.test_diff_utils: Starting TestPatchUtils.test_replace_tag ... 
2026-02-09 10:36:33,907 1 INFO betopiaerp betopiaerp.addons.html_editor.tests.test_diff_utils: Starting TestPatchUtils.test_replace_tag_multiline ... 
2026-02-09 10:36:33,908 1 INFO betopiaerp betopiaerp.addons.html_editor.tests.test_diff_utils: Starting TestPatchUtils.test_replace_twice_just_class ... 
2026-02-09 10:36:33,908 1 INFO betopiaerp betopiaerp.addons.html_editor.tests.test_diff_utils: Starting TestPatchUtils.test_replace_with_just_class ... 
2026-02-09 10:36:33,908 1 INFO betopiaerp betopiaerp.addons.html_editor.tests.test_diff_utils: Starting TestPatchUtils.test_same_tag_replace_fixer ... 
2026-02-09 10:36:33,909 1 INFO betopiaerp betopiaerp.addons.html_editor.tests.test_diff_utils: Starting TestPatchUtils.test_simple_addition ... 
2026-02-09 10:36:33,909 1 INFO betopiaerp betopiaerp.addons.html_editor.tests.test_diff_utils: Starting TestPatchUtils.test_simple_removal ... 
2026-02-09 10:36:33,912 1 INFO betopiaerp betopiaerp.addons.html_editor.tests.test_modify_image_no_data: Starting TestModifyImageNoData.test_modify_image_no_data ... 
2026-02-09 10:36:33,915 1 INFO betopiaerp betopiaerp.addons.base.models.res_users: Login successful for login:admin from n/a 
2026-02-09 10:36:33,924 1 INFO betopiaerp betopiaerp.addons.base.models.ir_http: Generating routing map for key None 
2026-02-09 10:36:33,947 1 INFO betopiaerp werkzeug: 127.0.0.1 - - [09/Feb/2026 10:36:33] "POST /html_editor/modify_image/3056 HTTP/1.1" 200 - 24 0.007 0.017
2026-02-09 10:36:33,952 1 INFO betopiaerp betopiaerp.addons.base.models.ir_attachment: filestore gc 1 checked, 1 removed 
2026-02-09 10:36:33,953 1 INFO betopiaerp betopiaerp.addons.html_editor.tests.test_tools: Starting TestVideoUtils.test_get_video_source_data ... 
2026-02-09 10:36:33,954 1 INFO betopiaerp betopiaerp.addons.html_editor.tests.test_tools: Starting TestVideoUtils.test_get_video_url_data ... 
2026-02-09 10:36:33,955 1 INFO betopiaerp betopiaerp.addons.html_editor.tests.test_tools: Starting TestVideoUtils.test_player_regexes ... 
2026-02-09 10:36:33,955 1 INFO betopiaerp betopiaerp.addons.html_editor.tests.test_tools: Starting TestVideoUtils.test_valid_video_url ... 
2026-02-09 10:36:33,956 1 INFO betopiaerp betopiaerp.service.server: 409 post-tests in 422.31s, 15013 queries 
2026-02-09 10:36:33,957 1 ERROR betopiaerp betopiaerp.tests.result: 2 failed, 3 error(s) of 1441 tests when loading database 'betopiaerp' 
2026-02-09 10:36:33,957 1 INFO betopiaerp betopiaerp.service.server: Initiating shutdown 
2026-02-09 10:36:33,957 1 INFO betopiaerp betopiaerp.service.server: Hit CTRL-C again or send a second signal to force the shutdown. 
2026-02-09 10:36:34,426 1 INFO betopiaerp betopiaerp.sql_db: ConnectionPool(read/write;used=0/count=0/max=64): Closed 4 connections  
2026-02-09 10:36:34,428 1 INFO betopiaerp betopiaerp.sql_db: ConnectionPool(read-only;used=0/count=0/max=64): Closed 1 connections  
2026-02-09 10:37:40,689 1 WARNING ? betopiaerp.tools.config: missing --http-interface/http_interface, using 0.0.0.0 by default, will change to 127.0.0.1 in 20.0 
2026-02-09 10:37:40,692 1 INFO ? BetopiaERP: BetopiaERP version 19.0 
2026-02-09 10:37:40,693 1 INFO ? BetopiaERP: Using configuration file at /etc/betopiaerp/betopiaerp.conf 
2026-02-09 10:37:40,693 1 INFO ? BetopiaERP: addons paths: _NamespacePath(['/opt/betopiaerp/betopiaerp/addons', '/root/.local/share/BetopiaERP/addons/19.0', '/opt/betopiaerp/addons']) 
2026-02-09 10:37:40,693 1 INFO ? BetopiaERP: database: betopiaerp@db:5432 
2026-02-09 10:37:41,567 1 INFO ? betopiaerp.service.server: HTTP service (werkzeug) running on 71c714f56ac7:8069 
2026-02-09 10:37:41,683 1 INFO betopiaerp betopiaerp.tests.common: Importing test framework 
2026-02-09 10:37:41,729 1 INFO betopiaerp betopiaerp.modules.loading: loading 1 modules... 
2026-02-09 10:37:41,730 1 INFO betopiaerp betopiaerp.modules.loading: Loading module base (1/1) 
2026-02-09 10:37:41,754 1 INFO betopiaerp betopiaerp.registry: module base: creating or updating database tables 
2026-02-09 10:37:42,100 1 INFO betopiaerp betopiaerp.modules.loading: loading base/data/res_bank.xml 
2026-02-09 10:37:42,106 1 INFO betopiaerp betopiaerp.modules.loading: loading base/data/res.lang.csv 
2026-02-09 10:37:42,177 1 INFO betopiaerp betopiaerp.modules.loading: loading base/data/res_lang_data.xml 
2026-02-09 10:37:42,201 1 INFO betopiaerp betopiaerp.modules.loading: loading base/data/res_partner_data.xml 
2026-02-09 10:37:42,214 1 INFO betopiaerp betopiaerp.modules.loading: loading base/data/res_currency_data.xml 
2026-02-09 10:37:42,264 1 INFO betopiaerp betopiaerp.modules.loading: loading base/data/res_company_data.xml 
2026-02-09 10:37:42,269 1 INFO betopiaerp betopiaerp.modules.loading: loading base/data/res_users_data.xml 
2026-02-09 10:37:42,276 1 INFO betopiaerp betopiaerp.modules.loading: loading base/data/report_paperformat_data.xml 
2026-02-09 10:37:42,281 1 INFO betopiaerp betopiaerp.modules.loading: loading base/data/res_country_data.xml 
2026-02-09 10:37:42,356 1 INFO betopiaerp betopiaerp.modules.loading: loading base/data/ir_demo_data.xml 
2026-02-09 10:37:42,370 1 INFO betopiaerp betopiaerp.modules.loading: loading base/security/base_groups.xml 
2026-02-09 10:37:42,441 1 INFO betopiaerp betopiaerp.modules.loading: loading base/security/base_security.xml 
2026-02-09 10:37:42,456 1 INFO betopiaerp betopiaerp.modules.loading: loading base/wizard/wizard_ir_model_menu_create_views.xml 
2026-02-09 10:37:42,467 1 INFO betopiaerp betopiaerp.modules.loading: loading base/views/base_menus.xml 
2026-02-09 10:37:42,508 1 INFO betopiaerp betopiaerp.modules.loading: loading base/views/decimal_precision_views.xml 
2026-02-09 10:37:42,527 1 INFO betopiaerp betopiaerp.modules.loading: loading base/views/res_config_views.xml 
2026-02-09 10:37:42,535 1 INFO betopiaerp betopiaerp.modules.loading: loading base/data/res.country.state.csv 
2026-02-09 10:37:42,748 1 INFO betopiaerp betopiaerp.modules.loading: loading base/views/ir_actions_views.xml 
2026-02-09 10:37:42,878 1 INFO betopiaerp betopiaerp.modules.loading: loading base/views/ir_asset_views.xml 
2026-02-09 10:37:42,899 1 INFO betopiaerp betopiaerp.modules.loading: loading base/views/ir_config_parameter_views.xml 
2026-02-09 10:37:42,920 1 INFO betopiaerp betopiaerp.modules.loading: loading base/views/ir_cron_views.xml 
2026-02-09 10:37:42,958 1 INFO betopiaerp betopiaerp.modules.loading: loading base/views/ir_cron_trigger_views.xml 
2026-02-09 10:37:42,975 1 INFO betopiaerp betopiaerp.modules.loading: loading base/views/ir_filters_views.xml 
2026-02-09 10:37:43,001 1 INFO betopiaerp betopiaerp.modules.loading: loading base/views/ir_mail_server_views.xml 
2026-02-09 10:37:43,020 1 INFO betopiaerp betopiaerp.modules.loading: loading base/views/ir_model_views.xml 
2026-02-09 10:37:43,131 1 INFO betopiaerp betopiaerp.modules.loading: loading base/views/ir_attachment_views.xml 
2026-02-09 10:37:43,150 1 INFO betopiaerp betopiaerp.modules.loading: loading base/views/ir_rule_views.xml 
2026-02-09 10:37:43,171 1 INFO betopiaerp betopiaerp.modules.loading: loading base/views/ir_sequence_views.xml 
2026-02-09 10:37:43,195 1 INFO betopiaerp betopiaerp.modules.loading: loading base/views/ir_ui_menu_views.xml 
2026-02-09 10:37:43,220 1 INFO betopiaerp betopiaerp.modules.loading: loading base/views/ir_ui_view_views.xml 
2026-02-09 10:37:43,265 1 INFO betopiaerp betopiaerp.modules.loading: loading base/views/ir_default_views.xml 
2026-02-09 10:37:43,294 1 INFO betopiaerp betopiaerp.modules.loading: loading base/data/ir_config_parameter_data.xml 
2026-02-09 10:37:43,304 1 INFO betopiaerp betopiaerp.modules.loading: loading base/data/ir_cron_data.xml 
2026-02-09 10:37:43,329 1 INFO betopiaerp betopiaerp.modules.loading: loading base/report/ir_model_report.xml 
2026-02-09 10:37:43,339 1 INFO betopiaerp betopiaerp.modules.loading: loading base/report/ir_model_templates.xml 
2026-02-09 10:37:43,350 1 INFO betopiaerp betopiaerp.modules.loading: loading base/views/ir_logging_views.xml 
2026-02-09 10:37:43,372 1 INFO betopiaerp betopiaerp.modules.loading: loading base/views/ir_qweb_widget_templates.xml 
2026-02-09 10:37:43,392 1 INFO betopiaerp betopiaerp.modules.loading: loading base/views/ir_module_views.xml 
2026-02-09 10:37:43,437 1 INFO betopiaerp betopiaerp.modules.loading: loading base/data/ir_module_category_data.xml 
2026-02-09 10:37:43,468 1 INFO betopiaerp betopiaerp.modules.loading: loading base/data/ir_module_module.xml 
2026-02-09 10:37:43,486 1 INFO betopiaerp betopiaerp.modules.loading: loading base/report/ir_module_reports.xml 
2026-02-09 10:37:43,491 1 INFO betopiaerp betopiaerp.modules.loading: loading base/report/ir_module_report_templates.xml 
2026-02-09 10:37:43,500 1 INFO betopiaerp betopiaerp.modules.loading: loading base/wizard/base_module_update_views.xml 
2026-02-09 10:37:43,514 1 INFO betopiaerp betopiaerp.modules.loading: loading base/wizard/base_language_install_views.xml 
2026-02-09 10:37:43,528 1 INFO betopiaerp betopiaerp.modules.loading: loading base/wizard/base_import_language_views.xml 
2026-02-09 10:37:43,540 1 INFO betopiaerp betopiaerp.modules.loading: loading base/wizard/base_module_upgrade_views.xml 
2026-02-09 10:37:43,557 1 INFO betopiaerp betopiaerp.modules.loading: loading base/wizard/base_module_uninstall_views.xml 
2026-02-09 10:37:43,567 1 INFO betopiaerp betopiaerp.modules.loading: loading base/wizard/base_export_language_views.xml 
2026-02-09 10:37:43,582 1 INFO betopiaerp betopiaerp.modules.loading: loading base/wizard/base_partner_merge_views.xml 
2026-02-09 10:37:43,596 1 INFO betopiaerp betopiaerp.modules.loading: loading base/data/ir_demo_failure_data.xml 
2026-02-09 10:37:43,614 1 INFO betopiaerp betopiaerp.modules.loading: loading base/views/ir_profile_views.xml 
2026-02-09 10:37:43,638 1 INFO betopiaerp betopiaerp.modules.loading: loading base/views/res_company_views.xml 
2026-02-09 10:37:43,659 1 INFO betopiaerp betopiaerp.modules.loading: loading base/views/res_lang_views.xml 
2026-02-09 10:37:43,682 1 INFO betopiaerp betopiaerp.modules.loading: loading base/views/res_partner_views.xml 
2026-02-09 10:37:43,754 1 INFO betopiaerp betopiaerp.modules.loading: loading base/views/res_bank_views.xml 
2026-02-09 10:37:43,792 1 INFO betopiaerp betopiaerp.modules.loading: loading base/views/res_country_views.xml 
2026-02-09 10:37:43,841 1 INFO betopiaerp betopiaerp.modules.loading: loading base/views/res_currency_views.xml 
2026-02-09 10:37:43,885 1 INFO betopiaerp betopiaerp.modules.loading: loading base/views/res_groups_views.xml 
2026-02-09 10:37:43,928 1 INFO betopiaerp betopiaerp.modules.loading: loading base/views/res_users_views.xml 
2026-02-09 10:37:44,011 1 INFO betopiaerp betopiaerp.modules.loading: loading base/views/res_users_apikeys_views.xml 
2026-02-09 10:37:44,019 1 INFO betopiaerp betopiaerp.modules.loading: loading base/views/res_device_views.xml 
2026-02-09 10:37:44,037 1 INFO betopiaerp betopiaerp.modules.loading: loading base/views/res_users_identitycheck_views.xml 
2026-02-09 10:37:44,048 1 INFO betopiaerp betopiaerp.modules.loading: loading base/views/res_config_settings_views.xml 
2026-02-09 10:37:44,058 1 INFO betopiaerp betopiaerp.modules.loading: loading base/views/report_paperformat_views.xml 
2026-02-09 10:37:44,078 1 INFO betopiaerp betopiaerp.modules.loading: loading base/security/ir.model.access.csv 
2026-02-09 10:37:45,097 1 INFO betopiaerp betopiaerp.addons.base.tests.test_acl: Starting TestACL.test_field_crud_restriction ... 
2026-02-09 10:37:45,132 1 INFO betopiaerp betopiaerp.addons.base.tests.test_acl: Starting TestACL.test_field_visibility_restriction ... 
2026-02-09 10:37:45,156 1 INFO betopiaerp betopiaerp.addons.base.tests.test_acl: Starting TestACL.test_fields_browse_restriction ... 
2026-02-09 10:37:45,167 1 INFO betopiaerp betopiaerp.addons.base.tests.test_acl: Starting TestACL.test_get_views_fields ... 
2026-02-09 10:37:45,196 1 INFO betopiaerp betopiaerp.addons.base.tests.test_acl: Starting TestACL.test_m2o_field_create_edit ... 
2026-02-09 10:37:45,216 1 INFO betopiaerp betopiaerp.addons.base.tests.test_acl: Starting TestACL.test_view_create_edit_button ... 
2026-02-09 10:37:45,247 1 INFO betopiaerp betopiaerp.addons.base.models.ir_attachment: filestore gc 7 checked, 1 removed 
2026-02-09 10:37:45,278 1 INFO betopiaerp betopiaerp.addons.base.tests.test_acl: Starting TestIrRule.test_ir_rule ... 
2026-02-09 10:37:45,337 1 INFO betopiaerp betopiaerp.models.unlink: User #1 deleted ir.model.data records with IDs: [7589, 3949, 3938, 3935, 3937, 3936, 3931, 3946, 3930, 3947] 
2026-02-09 10:37:45,338 1 INFO betopiaerp betopiaerp.models.unlink: User #1 deleted ir.rule records with IDs: [1, 17, 18, 7, 2, 8, 6, 9, 20, 35] 
2026-02-09 10:37:45,371 1 INFO betopiaerp betopiaerp.addons.base.models.ir_attachment: filestore gc 1 checked, 1 removed 
2026-02-09 10:37:45,428 1 INFO betopiaerp betopiaerp.addons.base.tests.test_api: Starting TestAPI.test_00_query ... 
2026-02-09 10:37:45,436 1 INFO betopiaerp betopiaerp.addons.base.tests.test_api: Starting TestAPI.test_01_query_offset ... 
2026-02-09 10:37:45,438 1 INFO betopiaerp betopiaerp.addons.base.tests.test_api: Starting TestAPI.test_02_query_limit ... 
2026-02-09 10:37:45,439 1 INFO betopiaerp betopiaerp.addons.base.tests.test_api: Starting TestAPI.test_03_query_offset_limit ... 
2026-02-09 10:37:45,440 1 INFO betopiaerp betopiaerp.addons.base.tests.test_api: Starting TestAPI.test_04_query_count ... 
2026-02-09 10:37:45,441 1 INFO betopiaerp betopiaerp.addons.base.tests.test_api: Starting TestAPI.test_05_immutable ... 
2026-02-09 10:37:45,448 1 INFO betopiaerp betopiaerp.addons.base.tests.test_api: Starting TestAPI.test_06_fields ... 
2026-02-09 10:37:45,454 1 INFO betopiaerp betopiaerp.addons.base.tests.test_api: Starting TestAPI.test_07_null ... 
2026-02-09 10:37:45,456 1 INFO betopiaerp betopiaerp.addons.base.tests.test_api: Starting TestAPI.test_40_new_new ... 
2026-02-09 10:37:45,461 1 INFO betopiaerp betopiaerp.addons.base.tests.test_api: Starting TestAPI.test_45_new_new ... 
2026-02-09 10:37:45,469 1 INFO betopiaerp betopiaerp.addons.base.tests.test_api: Starting TestAPI.test_50_environment ... 
2026-02-09 10:37:45,508 1 INFO betopiaerp betopiaerp.addons.base.tests.test_api: Starting TestAPI.test_60_cache ... 
2026-02-09 10:37:45,554 1 INFO betopiaerp betopiaerp.addons.base.tests.test_api: Starting TestAPI.test_60_prefetch ... 
2026-02-09 10:37:45,557 1 INFO betopiaerp betopiaerp.addons.base.tests.test_api: Starting TestAPI.test_60_prefetch_model ... 
2026-02-09 10:37:45,564 1 INFO betopiaerp betopiaerp.addons.base.tests.test_api: Starting TestAPI.test_60_prefetch_read ... 
2026-02-09 10:37:45,571 1 INFO betopiaerp betopiaerp.addons.base.tests.test_api: Starting TestAPI.test_60_reversed ... 
2026-02-09 10:37:45,573 1 INFO betopiaerp betopiaerp.addons.base.tests.test_api: Starting TestAPI.test_70_one ... 
2026-02-09 10:37:45,574 1 INFO betopiaerp betopiaerp.addons.base.tests.test_api: Starting TestAPI.test_80_contains ... 
2026-02-09 10:37:45,575 1 INFO betopiaerp betopiaerp.addons.base.tests.test_api: Starting TestAPI.test_80_filter ... 
2026-02-09 10:37:45,577 1 INFO betopiaerp betopiaerp.addons.base.tests.test_api: Starting TestAPI.test_80_lazy_contains ... 
2026-02-09 10:37:45,578 1 INFO betopiaerp betopiaerp.addons.base.tests.test_api: Starting TestAPI.test_80_lazy_set_operations ... 
2026-02-09 10:37:45,581 1 INFO betopiaerp betopiaerp.addons.base.tests.test_api: Starting TestAPI.test_80_map ... 
2026-02-09 10:37:45,582 1 INFO betopiaerp betopiaerp.addons.base.tests.test_api: Starting TestAPI.test_80_set_operations ... 
2026-02-09 10:37:45,585 1 INFO betopiaerp betopiaerp.addons.base.tests.test_api: Starting TestAPI.test_80_sorted ... 
2026-02-09 10:37:45,587 1 INFO betopiaerp betopiaerp.addons.base.tests.test_api: Starting TestAPI.test_group_on ... 
2026-02-09 10:37:45,613 1 INFO betopiaerp betopiaerp.addons.base.models.ir_attachment: filestore gc 2 checked, 2 removed 
2026-02-09 10:37:45,614 1 INFO betopiaerp betopiaerp.addons.base.tests.test_avatar_mixin: Starting TestAvatarMixin.test_content_of_generated_partner_avatar ... 
2026-02-09 10:37:45,645 1 INFO betopiaerp betopiaerp.addons.base.tests.test_avatar_mixin: Starting TestAvatarMixin.test_external_partner_has_default_placeholder_image_as_avatar ... 
2026-02-09 10:37:45,671 1 INFO betopiaerp betopiaerp.addons.base.tests.test_avatar_mixin: Starting TestAvatarMixin.test_partner_and_user_have_the_same_avatar ... 
2026-02-09 10:37:45,699 1 INFO betopiaerp betopiaerp.addons.base.tests.test_avatar_mixin: Starting TestAvatarMixin.test_partner_has_avatar_even_if_it_has_no_image ... 
2026-02-09 10:37:45,728 1 INFO betopiaerp betopiaerp.addons.base.tests.test_avatar_mixin: Starting TestAvatarMixin.test_partner_without_name_has_default_placeholder_image_as_avatar ... 
2026-02-09 10:37:45,770 1 INFO betopiaerp betopiaerp.addons.base.models.ir_attachment: filestore gc 1 checked, 1 removed 
2026-02-09 10:37:45,771 1 INFO betopiaerp betopiaerp.addons.base.tests.test_barcode: Starting TestBarcode.test_barcode_check_digit ... 
2026-02-09 10:37:45,772 1 INFO betopiaerp betopiaerp.addons.base.tests.test_barcode: Starting TestBarcode.test_barcode_encoding ... 
2026-02-09 10:37:45,787 1 INFO betopiaerp betopiaerp.addons.base.models.ir_attachment: filestore gc 0 checked, 0 removed 
2026-02-09 10:37:45,788 1 INFO betopiaerp betopiaerp.addons.base.tests.test_base: Starting TestSafeEval.test_01_safe_eval ... 
2026-02-09 10:37:45,788 1 INFO betopiaerp betopiaerp.addons.base.tests.test_base: Starting TestSafeEval.test_02_literal_eval ... 
2026-02-09 10:37:45,789 1 INFO betopiaerp betopiaerp.addons.base.tests.test_base: Starting TestSafeEval.test_03_literal_eval_arithmetic ... 
2026-02-09 10:37:45,789 1 INFO betopiaerp betopiaerp.addons.base.tests.test_base: Starting TestSafeEval.test_04_literal_eval_forbidden ... 
2026-02-09 10:37:45,789 1 INFO betopiaerp betopiaerp.addons.base.tests.test_base: Starting TestSafeEval.test_05_safe_eval_forbiddon ... 
2026-02-09 10:37:45,790 1 INFO betopiaerp betopiaerp.addons.base.tests.test_base: Starting TestSafeEval.test_const ... 
2026-02-09 10:37:45,790 1 INFO betopiaerp betopiaerp.addons.base.tests.test_base: Starting TestSafeEval.test_expr ... 
2026-02-09 10:37:45,790 1 INFO betopiaerp betopiaerp.addons.base.tests.test_base: Starting TestSafeEval.test_expr_eval_opcodes ... 
2026-02-09 10:37:45,791 1 INFO betopiaerp betopiaerp.addons.base.tests.test_base: Starting TestSafeEval.test_runs_top_level_scope ... 
2026-02-09 10:37:45,791 1 INFO betopiaerp betopiaerp.addons.base.tests.test_base: Starting TestSafeEval.test_safe_eval_ctx_mutation ... 
2026-02-09 10:37:45,792 1 INFO betopiaerp betopiaerp.addons.base.tests.test_base: Starting TestSafeEval.test_safe_eval_ctx_no_builtins ... 
2026-02-09 10:37:45,792 1 INFO betopiaerp betopiaerp.addons.base.tests.test_base: Starting TestSafeEval.test_safe_eval_exec_opcodes ... 
2026-02-09 10:37:45,792 1 INFO betopiaerp betopiaerp.addons.base.tests.test_base: Starting TestSafeEval.test_safe_eval_opcodes ... 
2026-02-09 10:37:45,793 1 INFO betopiaerp betopiaerp.addons.base.tests.test_base: Starting TestSafeEval.test_safe_eval_strips ... 
2026-02-09 10:37:45,794 1 INFO betopiaerp betopiaerp.addons.base.tests.test_base: Starting TestParentStore.test_duplicate_children_01 ... 
2026-02-09 10:37:45,810 1 INFO betopiaerp betopiaerp.addons.base.tests.test_base: Starting TestParentStore.test_duplicate_children_02 ... 
2026-02-09 10:37:45,824 1 INFO betopiaerp betopiaerp.addons.base.tests.test_base: Starting TestParentStore.test_duplicate_children_03 ... 
2026-02-09 10:37:45,839 1 INFO betopiaerp betopiaerp.addons.base.tests.test_base: Starting TestParentStore.test_duplicate_parent ... 
2026-02-09 10:37:45,851 1 INFO betopiaerp betopiaerp.addons.base.tests.test_base: Starting TestParentStore.test_missing_child ... 
2026-02-09 10:37:45,896 1 INFO betopiaerp betopiaerp.addons.base.tests.test_base: Starting TestParentStore.test_missing_parent ... 
2026-02-09 10:37:45,926 1 INFO betopiaerp betopiaerp.addons.base.models.ir_attachment: filestore gc 0 checked, 0 removed 
2026-02-09 10:37:45,927 1 INFO betopiaerp betopiaerp.addons.base.tests.test_base: Starting TestGroups.test_apply_groups ... 
2026-02-09 10:37:45,944 1 INFO betopiaerp betopiaerp.addons.base.tests.test_base: Starting TestGroups.test_remove_groups ... 
2026-02-09 10:37:46,026 1 INFO betopiaerp betopiaerp.addons.base.tests.test_base: Starting TestGroups.test_res_group_copy ... 
2026-02-09 10:37:46,036 1 INFO betopiaerp betopiaerp.addons.base.tests.test_base: Starting TestGroups.test_res_group_has_cycle ... 
2026-02-09 10:37:46,053 1 INFO betopiaerp betopiaerp.addons.base.tests.test_base: Starting TestGroups.test_res_groups_fullname_search ... 
2026-02-09 10:37:46,079 1 INFO betopiaerp betopiaerp.addons.base.models.ir_attachment: filestore gc 2 checked, 2 removed 
2026-02-09 10:37:46,080 1 INFO betopiaerp betopiaerp.addons.base.tests.test_basecase: Starting TestSingleTransactionCase.test_00 ... 
2026-02-09 10:37:46,087 1 INFO betopiaerp betopiaerp.addons.base.tests.test_basecase: Starting TestSingleTransactionCase.test_01 ... 
2026-02-09 10:37:46,089 1 INFO betopiaerp betopiaerp.addons.base.tests.test_basecase: Starting TestSingleTransactionCase.test_20a ... 
2026-02-09 10:37:46,091 1 INFO betopiaerp betopiaerp.addons.base.tests.test_basecase: Starting TestSingleTransactionCase.test_20b ... 
2026-02-09 10:37:46,107 1 INFO betopiaerp betopiaerp.addons.base.tests.test_basecase: Starting TestTransactionCase.test_00 ... 
2026-02-09 10:37:46,115 1 INFO betopiaerp betopiaerp.addons.base.tests.test_basecase: Starting TestTransactionCase.test_01 ... 
2026-02-09 10:37:46,116 1 INFO betopiaerp betopiaerp.addons.base.tests.test_basecase: Starting TestTransactionCase.test_20a ... 
2026-02-09 10:37:46,121 1 INFO betopiaerp betopiaerp.addons.base.models.ir_attachment: filestore gc 0 checked, 0 removed 
2026-02-09 10:37:46,147 1 INFO betopiaerp betopiaerp.addons.base.tests.test_cache: Starting TestRecordCache.test_cache ... 
2026-02-09 10:37:46,154 1 INFO betopiaerp betopiaerp.addons.base.tests.test_cache: Starting TestRecordCache.test_memory ... 
2026-02-09 10:37:46,774 1 INFO betopiaerp betopiaerp.addons.base.models.ir_attachment: filestore gc 1 checked, 1 removed 
2026-02-09 10:37:46,776 1 INFO betopiaerp betopiaerp.addons.base.tests.test_cli: Starting TestCommand.test_docstring ... 
2026-02-09 10:37:47,496 1 INFO betopiaerp betopiaerp.addons.base.tests.test_cli: Starting TestCommand.test_help ... 
2026-02-09 10:37:51,763 1 INFO betopiaerp betopiaerp.addons.base.tests.test_cli: Starting TestCommand.test_help_subcommand ... 
2026-02-09 10:38:01,474 1 INFO betopiaerp betopiaerp.addons.base.tests.test_cli: Starting TestCommand.test_shell ... 
2026-02-09 10:38:02,940 1 INFO betopiaerp betopiaerp.addons.base.tests.test_cli: ====================================================================== 
2026-02-09 10:38:02,940 1 ERROR betopiaerp betopiaerp.addons.base.tests.test_cli: FAIL: TestCommand.test_shell
Traceback (most recent call last):
  File "/opt/betopiaerp/betopiaerp/addons/base/tests/test_cli.py", line 127, in test_shell
    self.assertFalse(shell.wait(), "exited with a non 0 code")
AssertionError: 1 is not false : exited with a non 0 code
 
2026-02-09 10:38:02,940 1 INFO betopiaerp betopiaerp.addons.base.tests.test_cli: Starting TestCommand.test_unknown_command ... 
2026-02-09 10:38:04,551 1 INFO betopiaerp betopiaerp.addons.base.tests.test_cli: Starting TestCommand.test_upgrade_code_example ... 
2026-02-09 10:39:19,177 1 INFO betopiaerp betopiaerp.addons.base.tests.test_cli: Starting TestCommand.test_upgrade_code_help ... 
2026-02-09 10:39:19,692 1 INFO betopiaerp betopiaerp.addons.base.tests.test_cli: Starting TestCommand.test_upgrade_code_standalone ... 
2026-02-09 10:39:19,768 1 INFO betopiaerp betopiaerp.addons.base.tests.test_cloc: Starting TestClocCustomization.test_cloc_exclude_xml_id ... 
2026-02-09 10:39:19,807 1 INFO betopiaerp betopiaerp.addons.base.tests.test_cloc: Starting TestClocCustomization.test_field_no_xml_id ... 
2026-02-09 10:39:19,834 1 INFO betopiaerp betopiaerp.addons.base.tests.test_cloc: Starting TestClocCustomization.test_ignore_auto_generated_computed_field ... 
2026-02-09 10:39:19,944 1 INFO betopiaerp betopiaerp.addons.base.tests.test_cloc: Starting TestClocCustomization.test_several_xml_id ... 
2026-02-09 10:39:19,965 1 INFO betopiaerp betopiaerp.addons.base.models.ir_attachment: filestore gc 0 checked, 0 removed 
2026-02-09 10:39:19,966 1 INFO betopiaerp betopiaerp.addons.base.tests.test_cloc: Starting TestClocParser.test_parser ... 
2026-02-09 10:39:19,968 1 INFO betopiaerp betopiaerp.addons.base.models.ir_attachment: filestore gc 0 checked, 0 removed 
2026-02-09 10:39:19,969 1 INFO betopiaerp betopiaerp.addons.base.tests.test_config_parameter: Starting TestIrConfigParameter.test_default_parameters ... 
2026-02-09 10:39:19,978 1 INFO betopiaerp betopiaerp.addons.base.models.ir_attachment: filestore gc 0 checked, 0 removed 
2026-02-09 10:39:19,979 1 INFO betopiaerp betopiaerp.addons.base.tests.test_configmanager: Starting TestConfigManager.test_00_setUp ... 
2026-02-09 10:39:19,988 1 INFO betopiaerp betopiaerp.addons.base.tests.test_configmanager: Starting TestConfigManager.test_01_default_config ... 
2026-02-09 10:39:19,998 1 INFO betopiaerp betopiaerp.addons.base.tests.test_configmanager: Starting TestConfigManager.test_02_config_file ... 
2026-02-09 10:39:20,026 1 INFO betopiaerp betopiaerp.addons.base.tests.test_configmanager: Starting TestConfigManager.test_03_save_default_options ... 
2026-02-09 10:39:20,043 1 INFO betopiaerp betopiaerp.addons.base.tests.test_configmanager: Starting TestConfigManager.test_04_BetopiaERP16_config_file ... 
2026-02-09 10:39:20,065 1 INFO betopiaerp betopiaerp.addons.base.tests.test_configmanager: Starting TestConfigManager.test_05_repeat_parse_config ... 
2026-02-09 10:39:20,094 1 INFO betopiaerp betopiaerp.addons.base.tests.test_configmanager: Starting TestConfigManager.test_06_cli ... 
2026-02-09 10:39:20,106 1 INFO betopiaerp betopiaerp.addons.base.tests.test_configmanager: Starting TestConfigManager.test_06_syslog_logfile_exclusive_cli ... 
2026-02-09 10:39:20,135 1 INFO betopiaerp betopiaerp.addons.base.tests.test_configmanager: Starting TestConfigManager.test_07_environ ... 
2026-02-09 10:39:20,155 1 INFO betopiaerp betopiaerp.tools.config: adding missing 'web' to --load/server_wide_modules 
2026-02-09 10:39:20,161 1 INFO betopiaerp betopiaerp.addons.base.tests.test_configmanager: ====================================================================== 
2026-02-09 10:39:20,162 1 ERROR betopiaerp betopiaerp.addons.base.tests.test_configmanager: FAIL: TestConfigManager.test_07_environ
Traceback (most recent call last):
  File "/opt/betopiaerp/betopiaerp/addons/base/tests/test_configmanager.py", line 42, in assertConfigEqual
    self.assertEqual(dict(self.config.options), truth)
  File "/usr/local/lib/python3.12/unittest/case.py", line 885, in assertEqual
    assertion_func(first, second, msg=msg)
  File "/usr/local/lib/python3.12/unittest/case.py", line 1184, in assertDictEqual
    self.fail(self._formatMessage(msg, standardMsg))
AssertionError: {'adm[94 chars]se, 'import_file_maxbytes': 10485760, 'import_[2311 chars] 100} != {'adm[94 chars]se, 'proxy_access_token': '', 'publisher_warra[2310 chars] 100}
  {'addons_path': [],
   'admin_passwd': 'admin',
   'bin_path': '',
   'config': '/opt/betopiaerp/betopiaerp/addons/base/tests/config/empty.conf',
   'csv_internal_sep': ',',
   'data_dir': '/tmp/data-dir',
   'db_app_name': 'envapp',
   'db_host': 'db.localhost',
   'db_maxconn': 42,
   'db_maxconn_gevent': 100,
   'db_name': ['horizon'],
   'db_password': 'Tigrou0073',
   'db_port': 4269,
   'db_replica_host': 'db2.localhost',
   'db_replica_port': 2038,
   'db_sslmode': 'verify-full',
   'db_template': 'backup1706',
   'db_user': 'kiwi',
   'dbfilter': '.*',
   'default_productivity_apps': False,
   'dev_mode': ['xml', 'reload'],
   'email_from': 'admin@example.com',
   'from_filter': '.*',
   'geoip_city_db': '/tmp/city.db',
   'geoip_country_db': '/tmp/country.db',
   'gevent_port': 8012,
   'http_enable': False,
   'http_interface': '10.0.0.254',
   'http_port': 6942,
   'import_file_maxbytes': 10485760,
   'import_file_timeout': 3,
   'import_partial': '',
   'import_url_regex': '^(?:http|https)://',
   'init': {},
   'limit_memory_hard': 1048578,
   'limit_memory_hard_gevent': 1048579,
   'limit_memory_soft': 1048576,
   'limit_memory_soft_gevent': 1048577,
   'limit_request': 100,
   'limit_time_cpu': 60,
   'limit_time_real': 61,
   'limit_time_real_cron': 62,
   'limit_time_worker_cron': 0,
   'list_db': False,
   'load_language': None,
   'log_db': 'logdb',
   'log_db_level': 'debug',
-  'log_handler': [':WARNING', 'BetopiaERP.tools.config:DEBUG'],
?                               ^      ^^^

+  'log_handler': [':WARNING', 'betopiaerp.tools.config:DEBUG'],
?                               ^      ^^^

   'log_level': 'debug',
-  'logfile': '/tmp/BetopiaERP.log',
?                   ^      ^^^

+  'logfile': '/tmp/betopiaerp.log',
?                   ^      ^^^

   'max_cron_threads': 4,
   'osv_memory_count_limit': 71,
   'overwrite_existing_translations': False,
   'pg_path': '/tmp/pg_path',
   'pidfile': '/tmp/pidfile',
   'pre_upgrade_scripts': [],
   'proxy_access_token': '',
   'proxy_mode': True,
   'publisher_warranty_url': 'http://services.betopiaerp.com/publisher-warranty/',
   'reinit': [],
   'reportgz': False,
   'save': False,
   'screencasts': '/tmp/screencasts',
   'screenshots': '/tmp/screenshots',
   'server_wide_modules': ['web', 'base', 'mail'],
   'skip_auto_install': False,
   'smtp_password': 'Tigrou0072',
   'smtp_port': 1299,
   'smtp_server': 'smtp.localhost',
   'smtp_ssl': True,
   'smtp_ssl_certificate_filename': '/tmp/tlscert',
   'smtp_ssl_private_key_filename': '/tmp/tlskey',
   'smtp_user': 'spongebob',
   'stop_after_init': False,
   'syslog': False,
   'test_enable': False,
   'test_file': '',
   'test_tags': None,
   'transient_age_limit': 4.0,
   'unaccent': True,
   'update': {},
   'upgrade_path': [],
   'websocket_keep_alive_timeout': 3600,
   'websocket_rate_limit_burst': 10,
   'websocket_rate_limit_delay': 0.2,
-  'with_demo': False,
?               ^^^^

+  'with_demo': True,
?               ^^^

   'workers': 92,
   'x_sendfile': True}

The above exception was the direct cause of the following exception:

Traceback (most recent call last):
  File "/opt/betopiaerp/betopiaerp/addons/base/tests/test_configmanager.py", line 607, in test_07_environ
    self.assertConfigEqual({
  File "/opt/betopiaerp/betopiaerp/addons/base/tests/test_configmanager.py", line 50, in assertConfigEqual
    raise exc2 from exc1
  File "/opt/betopiaerp/betopiaerp/addons/base/tests/test_configmanager.py", line 46, in assertConfigEqual
    self.assertEqual(self.config.options[k], truth[k], f"{k!r} doesn't match")
AssertionError: Lists differ: [':WARNING', 'BetopiaERP.tools.config:DEBUG'] != [':WARNING', 'betopiaerp.tools.config:DEBUG']

First differing element 1:
'BetopiaERP.tools.config:DEBUG'
'betopiaerp.tools.config:DEBUG'

- [':WARNING', 'BetopiaERP.tools.config:DEBUG']
?               ^      ^^^

+ [':WARNING', 'betopiaerp.tools.config:DEBUG']
?               ^      ^^^
 : 'log_handler' doesn't match
{'source#0': [':WARNING', 'BetopiaERP.tools.config:DEBUG'], 'runtime': [':WARNING', 'BetopiaERP.tools.config:DEBUG'], 'command line': , 'environment variable': ['BetopiaERP.tools.config:DEBUG', ':WARNING'], 'configuration file': , 'hardcoded default': [':INFO']}
 
2026-02-09 10:39:20,162 1 INFO betopiaerp betopiaerp.addons.base.tests.test_configmanager: Starting TestConfigManager.test_10_init_update_incompatible_with_multidb ... 
2026-02-09 10:39:20,211 1 INFO betopiaerp betopiaerp.addons.base.tests.test_configmanager: Starting TestConfigManager.test_11_auto_stop_after_init_after_test ... 
2026-02-09 10:39:20,259 1 INFO betopiaerp betopiaerp.addons.base.tests.test_configmanager: Starting TestConfigManager.test_13_empty_db_replica_host ... 
2026-02-09 10:39:20,312 1 INFO betopiaerp betopiaerp.addons.base.models.ir_attachment: filestore gc 0 checked, 0 removed 
2026-02-09 10:39:20,313 1 INFO betopiaerp betopiaerp.addons.base.tests.test_date_utils: Starting TestDateUtils.test_fiscal_year ... 
2026-02-09 10:39:20,314 1 INFO betopiaerp betopiaerp.addons.base.tests.test_date_utils: Starting TestDateUtils.test_localized_timezone ... 
2026-02-09 10:39:20,362 1 INFO betopiaerp betopiaerp.addons.base.tests.test_date_utils: Starting TestDateUtils.test_offset_utils ... 
2026-02-09 10:39:20,365 1 INFO betopiaerp betopiaerp.addons.base.tests.test_date_utils: Starting TestDateUtils.test_parse_date ... 
2026-02-09 10:39:20,367 1 INFO betopiaerp betopiaerp.addons.base.tests.test_date_utils: Starting TestDateUtils.test_parse_date_relative_tz ... 
2026-02-09 10:39:20,376 1 INFO betopiaerp betopiaerp.addons.base.tests.test_date_utils: Starting TestDateUtils.test_parse_date_relative_utc ... 
2026-02-09 10:39:20,394 1 INFO betopiaerp betopiaerp.addons.base.tests.test_date_utils: Starting TestDateUtils.test_parse_iso_date ... 
2026-02-09 10:39:20,396 1 INFO betopiaerp betopiaerp.addons.base.models.ir_attachment: filestore gc 0 checked, 0 removed 
2026-02-09 10:39:20,397 1 INFO betopiaerp betopiaerp.addons.base.tests.test_date_utils: Starting TestDateRangeFunction.test_date_range_with_date ... 
2026-02-09 10:39:20,397 1 INFO betopiaerp betopiaerp.addons.base.tests.test_date_utils: Starting TestDateRangeFunction.test_date_range_with_hour ... 
2026-02-09 10:39:20,398 1 INFO betopiaerp betopiaerp.addons.base.tests.test_date_utils: Starting TestDateRangeFunction.test_date_range_with_inconsistent_datetimes ... 
2026-02-09 10:39:20,398 1 INFO betopiaerp betopiaerp.addons.base.tests.test_date_utils: Starting TestDateRangeFunction.test_date_range_with_mismatching_zones ... 
2026-02-09 10:39:20,399 1 INFO betopiaerp betopiaerp.addons.base.tests.test_date_utils: Starting TestDateRangeFunction.test_date_range_with_naive_datetimes ... 
2026-02-09 10:39:20,399 1 INFO betopiaerp betopiaerp.addons.base.tests.test_date_utils: Starting TestDateRangeFunction.test_date_range_with_timezone_aware_datetimes_other_than_utc ... 
2026-02-09 10:39:20,400 1 INFO betopiaerp betopiaerp.addons.base.tests.test_date_utils: Starting TestDateRangeFunction.test_step_is_positive ... 
2026-02-09 10:39:20,400 1 INFO betopiaerp betopiaerp.addons.base.tests.test_db_cursor: Starting TestRealCursor.test_connection_readonly ... 
2026-02-09 10:39:20,407 1 INFO betopiaerp betopiaerp.addons.base.tests.test_db_cursor: Starting TestRealCursor.test_execute_bad_params ... 
2026-02-09 10:39:20,407 1 INFO betopiaerp betopiaerp.addons.base.tests.test_db_cursor: Starting TestRealCursor.test_multiple_close_call_cursor ... 
2026-02-09 10:39:20,408 1 INFO betopiaerp betopiaerp.addons.base.tests.test_db_cursor: Starting TestRealCursor.test_transaction_isolation_cursor ... 
2026-02-09 10:39:20,408 1 INFO betopiaerp betopiaerp.addons.base.tests.test_db_cursor: Starting TestRealCursor.test_using_closed_cursor ... 
2026-02-09 10:39:20,411 1 INFO betopiaerp betopiaerp.addons.base.tests.test_db_cursor: Starting TestHTTPCursor.test_call_kw_readonly ... 
2026-02-09 10:39:20,414 1 INFO betopiaerp betopiaerp.addons.base.models.res_users: Login successful for login:admin from n/a 
2026-02-09 10:39:20,420 1 INFO betopiaerp betopiaerp.addons.base.models.ir_http: Generating routing map for key None 
2026-02-09 10:39:20,426 1 INFO betopiaerp betopiaerp.tests.common: Skipping signal changes during tests 
2026-02-09 10:39:20,426 1 INFO betopiaerp werkzeug: 127.0.0.1 - - [09/Feb/2026 10:39:20] "POST /web/dataset/call_kw#res.partner.read HTTP/1.1" 200 - 2 0.000 0.007
2026-02-09 10:39:20,430 1 INFO betopiaerp betopiaerp.tests.common: Skipping signal changes during tests 
2026-02-09 10:39:20,430 1 INFO betopiaerp werkzeug: 127.0.0.1 - - [09/Feb/2026 10:39:20] "POST /web/dataset/call_kw#res.partner.write HTTP/1.1" 200 - 0 0.000 0.001
2026-02-09 10:39:20,431 1 INFO betopiaerp betopiaerp.addons.base.tests.test_db_cursor: Starting TestHTTPCursor.test_cursor_keeps_readwriteness ... 
2026-02-09 10:39:20,434 1 INFO betopiaerp betopiaerp.addons.base.models.ir_attachment: filestore gc 0 checked, 0 removed 
2026-02-09 10:39:20,434 1 INFO betopiaerp betopiaerp.addons.base.tests.test_db_cursor: Starting TestTestCursor.test_borrow_connection ... 
2026-02-09 10:39:20,451 1 INFO betopiaerp betopiaerp.addons.base.tests.test_db_cursor: Starting TestTestCursor.test_interleaving ... 
2026-02-09 10:39:20,457 1 INFO betopiaerp betopiaerp.addons.base.tests.test_db_cursor: Starting TestTestCursor.test_single_cursor ... 
2026-02-09 10:39:20,466 1 INFO betopiaerp betopiaerp.addons.base.tests.test_db_cursor: Starting TestTestCursor.test_sub_commit ... 
2026-02-09 10:39:20,475 1 INFO betopiaerp betopiaerp.addons.base.tests.test_db_cursor: Starting TestTestCursor.test_sub_rollback ... 
2026-02-09 10:39:20,485 1 INFO betopiaerp betopiaerp.addons.base.models.ir_attachment: filestore gc 0 checked, 0 removed 
2026-02-09 10:39:20,486 1 INFO betopiaerp betopiaerp.addons.base.tests.test_db_cursor: Starting TestCursorHooks.test_hooks_on_cursor ... 
2026-02-09 10:39:20,487 1 INFO betopiaerp betopiaerp.addons.base.tests.test_db_cursor: Starting TestCursorHooks.test_hooks_on_testcursor ... 
2026-02-09 10:39:20,488 1 INFO betopiaerp betopiaerp.addons.base.models.ir_attachment: filestore gc 0 checked, 0 removed 
2026-02-09 10:39:20,489 1 INFO betopiaerp betopiaerp.addons.base.tests.test_db_cursor: Starting TestCursorHooksTransactionCaseCleanup.test_1_isolation ... 
2026-02-09 10:39:20,490 1 INFO betopiaerp betopiaerp.addons.base.tests.test_db_cursor: Starting TestCursorHooksTransactionCaseCleanup.test_2_isolation ... 
2026-02-09 10:39:20,490 1 INFO betopiaerp betopiaerp.addons.base.tests.test_db_cursor: Starting TestCursorHooksTransactionCaseCleanup.test_3_isolation ... 
2026-02-09 10:39:20,491 1 INFO betopiaerp betopiaerp.addons.base.tests.test_db_cursor: Starting TestCursorHooksTransactionCaseCleanup.test_4_isolation ... 
2026-02-09 10:39:20,491 1 INFO betopiaerp betopiaerp.addons.base.tests.test_db_cursor: Starting TestCursorHooksTransactionCaseCleanup.test_5_isolation ... 
2026-02-09 10:39:20,493 1 INFO betopiaerp betopiaerp.addons.base.models.ir_attachment: filestore gc 0 checked, 0 removed 
2026-02-09 10:39:20,562 1 INFO betopiaerp betopiaerp.addons.base.tests.test_expression: Starting TestExpression.test_00_in_not_in_m2m ... 
2026-02-09 10:39:20,591 1 INFO betopiaerp betopiaerp.addons.base.tests.test_expression: Starting TestExpression.test_05_not_str_m2m ... 
2026-02-09 10:39:20,616 1 INFO betopiaerp betopiaerp.addons.base.tests.test_expression: Starting TestExpression.test_09_hierarchy_filtered_domain ... 
2026-02-09 10:39:20,624 1 INFO betopiaerp betopiaerp.addons.base.tests.test_expression: Starting TestExpression.test_10_eq_lt_gt_lte_gte ... 
2026-02-09 10:39:20,631 1 INFO betopiaerp betopiaerp.addons.base.tests.test_expression: Starting TestExpression.test_10_equivalent_id ... 
2026-02-09 10:39:20,649 1 INFO betopiaerp betopiaerp.addons.base.tests.test_expression: Starting TestExpression.test_10_hierarchy_access ... 
2026-02-09 10:39:20,686 1 INFO betopiaerp betopiaerp.addons.base.tests.test_expression: Starting TestExpression.test_10_hierarchy_in_m2m ... 
2026-02-09 10:39:20,714 1 INFO betopiaerp betopiaerp.addons.base.tests.test_expression: Starting TestExpression.test_15_equivalent_one2many_1 ... 
2026-02-09 10:39:20,846 1 INFO betopiaerp betopiaerp.addons.base.tests.test_expression: Starting TestExpression.test_15_equivalent_one2many_2 ... 
2026-02-09 10:39:20,871 1 INFO betopiaerp betopiaerp.addons.base.tests.test_expression: Starting TestExpression.test_15_hierarchy_ilike ... 
2026-02-09 10:39:20,951 1 INFO betopiaerp betopiaerp.addons.base.tests.test_expression: Starting TestExpression.test_15_m2m_false ... 
2026-02-09 10:39:20,957 1 INFO betopiaerp betopiaerp.addons.base.tests.test_expression: Starting TestExpression.test_15_m2o ... 
2026-02-09 10:39:21,081 1 INFO betopiaerp betopiaerp.addons.base.tests.test_expression: Starting TestExpression.test_15_o2m ... 
2026-02-09 10:39:21,093 1 INFO betopiaerp betopiaerp.addons.base.tests.test_expression: Starting TestExpression.test_15_o2m_subselect ... 
2026-02-09 10:39:21,112 1 INFO betopiaerp betopiaerp.addons.base.tests.test_expression: Starting TestExpression.test_20_expression_parse ... 
2026-02-09 10:39:21,156 1 INFO betopiaerp betopiaerp.addons.base.tests.test_expression: Starting TestExpression.test_30_instantiate_domain ... 
2026-02-09 10:39:21,158 1 INFO betopiaerp betopiaerp.addons.base.tests.test_expression: Starting TestExpression.test_30_normalize_domain ... 
2026-02-09 10:39:21,160 1 INFO betopiaerp betopiaerp.addons.base.tests.test_expression: Starting TestExpression.test_31_backwards_compatible_domain ... 
2026-02-09 10:39:21,163 1 INFO betopiaerp betopiaerp.addons.base.tests.test_expression: Starting TestExpression.test_32_iter_conditions ... 
2026-02-09 10:39:21,163 1 INFO betopiaerp betopiaerp.addons.base.tests.test_expression: Starting TestExpression.test_33_map_conditions ... 
2026-02-09 10:39:21,165 1 INFO betopiaerp betopiaerp.addons.base.tests.test_expression: Starting TestExpression.test_35_negating_thruty_leafs ... 
2026-02-09 10:39:21,165 1 INFO betopiaerp betopiaerp.addons.base.tests.test_expression: Starting TestExpression.test_40_negating_long_expression ... 
2026-02-09 10:39:21,170 1 INFO betopiaerp betopiaerp.addons.base.tests.test_expression: Starting TestExpression.test_40_negating_traversal ... 
2026-02-09 10:39:21,171 1 INFO betopiaerp betopiaerp.addons.base.tests.test_expression: Starting TestExpression.test_accent ... 
2026-02-09 10:39:21,172 1 INFO betopiaerp betopiaerp.addons.base.tests.test_expression: skipped TestExpression.test_accent : unaccent not enabled 
2026-02-09 10:39:21,172 1 INFO betopiaerp betopiaerp.addons.base.tests.test_expression: Starting TestExpression.test_active ... 
2026-02-09 10:39:21,191 1 INFO betopiaerp betopiaerp.addons.base.tests.test_expression: Starting TestExpression.test_combine_conditions ... 
2026-02-09 10:39:21,192 1 INFO betopiaerp betopiaerp.addons.base.tests.test_expression: Starting TestExpression.test_combine_simple_conditions ... 
2026-02-09 10:39:21,192 1 INFO betopiaerp betopiaerp.addons.base.tests.test_expression: Starting TestExpression.test_filtered_domain_any_bypass_access ... 
2026-02-09 10:39:21,199 1 INFO betopiaerp betopiaerp.models.unlink: User #1 deleted ir.model.data records with IDs: [9400, 9399, 9398, 7592, 7590, 7591, 7589, 3954, 3952, 3953, 3949, 3938, 3956, 3955, 3934, 3933, 3939, 3940, 3941, 3935, 3961, 3943, 3945, 3942, 3944, 3937, 3936, 3932, 3931, 3946, 3930, 3947, 3948, 3950, 3951, 3957, 3958, 3959, 3960, 10479, 7480, 7479] 
2026-02-09 10:39:21,200 1 INFO betopiaerp betopiaerp.models.unlink: User #1 deleted ir.rule records with IDs: [33, 34, 21, 22, 1, 17, 23, 24, 25, 18, 19, 7, 2, 3, 30, 31, 28, 29, 8, 13, 14, 15, 16, 32, 6, 10, 11, 12, 26, 27, 4, 5, 42, 9, 20, 35, 36, 37, 38, 40, 39, 41] 
2026-02-09 10:39:21,218 1 INFO betopiaerp betopiaerp.addons.base.tests.test_expression: Starting TestExpression.test_filtered_domain_any_operator ... 
2026-02-09 10:39:21,230 1 INFO betopiaerp betopiaerp.addons.base.tests.test_expression: Starting TestExpression.test_filtered_domain_order ... 
2026-02-09 10:39:21,234 1 INFO betopiaerp betopiaerp.addons.base.tests.test_expression: Starting TestExpression.test_filtered_domain_order2 ... 
2026-02-09 10:39:21,236 1 INFO betopiaerp betopiaerp.addons.base.tests.test_expression: Starting TestExpression.test_in_boolean ... 
2026-02-09 10:39:21,237 1 INFO betopiaerp betopiaerp.addons.base.tests.test_expression: Starting TestExpression.test_in_operator ... 
2026-02-09 10:39:21,240 1 INFO betopiaerp betopiaerp.addons.base.tests.test_expression: Starting TestExpression.test_invalid ... 
2026-02-09 10:39:21,242 1 INFO betopiaerp betopiaerp.addons.base.tests.test_expression: Starting TestExpression.test_like_cast ... 
2026-02-09 10:39:21,260 1 INFO betopiaerp betopiaerp.addons.base.tests.test_expression: Starting TestExpression.test_like_complement_m2o_access ... 
2026-02-09 10:39:21,272 1 INFO betopiaerp betopiaerp.models.unlink: User #1 deleted ir.model.data records with IDs: [9400, 9399, 9398, 7592, 7590, 7591, 7589, 3954, 3952, 3953, 3949, 3938, 3956, 3955, 3934, 3933, 3939, 3940, 3941, 3935, 3961, 3943, 3945, 3942, 3944, 3937, 3936, 3932, 3931, 3946, 3930, 3947, 3948, 3950, 3951, 3957, 3958, 3959, 3960, 10479, 7480, 7479] 
2026-02-09 10:39:21,273 1 INFO betopiaerp betopiaerp.models.unlink: User #1 deleted ir.rule records with IDs: [33, 34, 21, 22, 1, 17, 23, 24, 25, 18, 19, 7, 2, 3, 30, 31, 28, 29, 8, 13, 14, 15, 16, 32, 6, 10, 11, 12, 26, 27, 4, 5, 42, 9, 20, 35, 36, 37, 38, 40, 39, 41] 
2026-02-09 10:39:21,285 1 INFO betopiaerp betopiaerp.addons.base.models.ir_rule: Access Denied by record rules for operation: read on record ids: [2324], uid: 596, model: res.partner 
2026-02-09 10:39:21,288 1 INFO betopiaerp betopiaerp.addons.base.models.ir_rule: Access Denied by record rules for operation: read on record ids: [2324], uid: 596, model: res.partner 
2026-02-09 10:39:21,293 1 INFO betopiaerp betopiaerp.addons.base.models.ir_rule: Access Denied by record rules for operation: read on record ids: [2324], uid: 596, model: res.partner 
2026-02-09 10:39:21,295 1 INFO betopiaerp betopiaerp.addons.base.models.ir_rule: Access Denied by record rules for operation: read on record ids: [2324], uid: 596, model: res.partner 
2026-02-09 10:39:21,297 1 INFO betopiaerp betopiaerp.addons.base.tests.test_expression: Starting TestExpression.test_like_filtered ... 
2026-02-09 10:39:21,306 1 INFO betopiaerp betopiaerp.addons.base.tests.test_expression: Starting TestExpression.test_like_wildcards ... 
2026-02-09 10:39:21,314 1 INFO betopiaerp betopiaerp.addons.base.tests.test_expression: Starting TestExpression.test_lp1071710 ... 
2026-02-09 10:39:21,331 1 INFO betopiaerp betopiaerp.addons.base.tests.test_expression: Starting TestExpression.test_negate_conditions ... 
2026-02-09 10:39:21,332 1 INFO betopiaerp betopiaerp.addons.base.tests.test_expression: Starting TestExpression.test_or_with_implicit_and ... 
2026-02-09 10:39:21,333 1 INFO betopiaerp betopiaerp.addons.base.tests.test_expression: Starting TestExpression.test_proper_combine_unit_leaves ... 
2026-02-09 10:39:21,333 1 INFO betopiaerp betopiaerp.addons.base.tests.test_expression: Starting TestExpression.test_translate_search ... 
2026-02-09 10:39:21,347 1 INFO betopiaerp betopiaerp.addons.base.models.ir_attachment: filestore gc 9 checked, 6 removed 
2026-02-09 10:39:21,348 1 INFO betopiaerp betopiaerp.addons.base.tests.test_expression: Starting TestExpression2.test_long_table_alias ... 
2026-02-09 10:39:21,350 1 INFO betopiaerp betopiaerp.addons.base.models.ir_attachment: filestore gc 0 checked, 0 removed 
2026-02-09 10:39:21,351 1 INFO betopiaerp betopiaerp.addons.base.tests.test_expression: Starting TestBypassAccess.test_bypass_search_access ... 
2026-02-09 10:39:21,414 1 INFO betopiaerp betopiaerp.addons.base.tests.test_expression: Starting TestBypassAccess.test_nullfields ... 
2026-02-09 10:39:21,418 1 INFO betopiaerp betopiaerp.addons.base.models.ir_attachment: filestore gc 0 checked, 0 removed 
2026-02-09 10:39:21,419 1 INFO betopiaerp betopiaerp.addons.base.tests.test_expression: Starting TestQueries.test_access_rules ... 
2026-02-09 10:39:21,434 1 INFO betopiaerp betopiaerp.addons.base.tests.test_expression: Starting TestQueries.test_access_rules_active_test ... 
2026-02-09 10:39:21,450 1 INFO betopiaerp betopiaerp.addons.base.tests.test_expression: Starting TestQueries.test_access_rules_active_test_neg ... 
2026-02-09 10:39:21,456 1 INFO betopiaerp betopiaerp.models.unlink: User #1 deleted ir.model.data records with IDs: [9400, 9399, 9398, 7592, 7590, 7591, 7589, 3954, 3952, 3953, 3949, 3938, 3956, 3955, 3934, 3933, 3939, 3940, 3941, 3935, 3961, 3943, 3945, 3942, 3944, 3937, 3936, 3932, 3931, 3946, 3930, 3947, 3948, 3950, 3951, 3957, 3958, 3959, 3960, 10479, 7480, 7479] 
2026-02-09 10:39:21,456 1 INFO betopiaerp betopiaerp.models.unlink: User #1 deleted ir.rule records with IDs: [33, 34, 21, 22, 1, 17, 23, 24, 25, 18, 19, 7, 2, 3, 30, 31, 28, 29, 8, 13, 14, 15, 16, 32, 6, 10, 11, 12, 26, 27, 4, 5, 42, 9, 20, 35, 36, 37, 38, 40, 39, 41] 
2026-02-09 10:39:21,465 1 INFO betopiaerp betopiaerp.addons.base.tests.test_expression: Starting TestQueries.test_count ... 
2026-02-09 10:39:21,466 1 INFO betopiaerp betopiaerp.addons.base.tests.test_expression: Starting TestQueries.test_count_limit ... 
2026-02-09 10:39:21,468 1 INFO betopiaerp betopiaerp.addons.base.tests.test_expression: Starting TestQueries.test_logic ... 
2026-02-09 10:39:21,469 1 INFO betopiaerp betopiaerp.addons.base.tests.test_expression: Starting TestQueries.test_order ... 
2026-02-09 10:39:21,472 1 INFO betopiaerp betopiaerp.addons.base.tests.test_expression: Starting TestQueries.test_rec_names_search ... 
2026-02-09 10:39:21,474 1 INFO betopiaerp betopiaerp.addons.base.tests.test_expression: Starting TestQueries.test_translated_field ... 
2026-02-09 10:39:21,479 1 INFO betopiaerp betopiaerp.addons.base.models.ir_attachment: filestore gc 0 checked, 0 removed 
2026-02-09 10:39:21,480 1 INFO betopiaerp betopiaerp.addons.base.tests.test_expression: Starting TestMany2one.test_complement_regular ... 
2026-02-09 10:39:21,482 1 INFO betopiaerp betopiaerp.addons.base.tests.test_expression: Starting TestMany2one.test_explicit_subquery ... 
2026-02-09 10:39:21,486 1 INFO betopiaerp betopiaerp.addons.base.tests.test_expression: Starting TestMany2one.test_inherited ... 
2026-02-09 10:39:21,488 1 INFO betopiaerp betopiaerp.addons.base.tests.test_expression: Starting TestMany2one.test_name_search ... 
2026-02-09 10:39:21,490 1 INFO betopiaerp betopiaerp.addons.base.tests.test_expression: Starting TestMany2one.test_name_search_undefined ... 
2026-02-09 10:39:21,492 1 INFO betopiaerp betopiaerp.addons.base.tests.test_expression: Starting TestMany2one.test_regular ... 
2026-02-09 10:39:21,496 1 INFO betopiaerp betopiaerp.addons.base.tests.test_expression: Starting TestMany2one.testbypass_search_access ... 
2026-02-09 10:39:21,502 1 INFO betopiaerp betopiaerp.addons.base.models.ir_attachment: filestore gc 0 checked, 0 removed 
2026-02-09 10:39:21,503 1 INFO betopiaerp betopiaerp.addons.base.tests.test_expression: Starting TestOne2many.test_empty ... 
2026-02-09 10:39:21,511 1 INFO betopiaerp betopiaerp.addons.base.tests.test_expression: Starting TestOne2many.test_name_search ... 
2026-02-09 10:39:21,517 1 INFO betopiaerp betopiaerp.addons.base.tests.test_expression: Starting TestOne2many.test_regular ... 
2026-02-09 10:39:21,530 1 INFO betopiaerp betopiaerp.addons.base.tests.test_expression: Starting TestOne2many.testbypass_search_access ... 
2026-02-09 10:39:21,545 1 INFO betopiaerp betopiaerp.addons.base.tests.test_expression: Starting TestOne2many.testbypass_search_access_mixed ... 
2026-02-09 10:39:21,554 1 INFO betopiaerp betopiaerp.addons.base.models.ir_attachment: filestore gc 0 checked, 0 removed 
2026-02-09 10:39:21,555 1 INFO betopiaerp betopiaerp.addons.base.tests.test_expression: Starting TestMany2many.test_empty ... 
2026-02-09 10:39:21,557 1 INFO betopiaerp betopiaerp.addons.base.tests.test_expression: Starting TestMany2many.test_name_search ... 
2026-02-09 10:39:21,559 1 INFO betopiaerp betopiaerp.addons.base.tests.test_expression: Starting TestMany2many.test_regular ... 
2026-02-09 10:39:21,566 1 INFO betopiaerp betopiaerp.addons.base.tests.test_expression: Starting TestMany2many.test_regular_in_false ... 
2026-02-09 10:39:21,569 1 INFO betopiaerp betopiaerp.addons.base.tests.test_expression: Starting TestMany2many.testbypass_search_access ... 
2026-02-09 10:39:21,571 1 INFO betopiaerp betopiaerp.addons.base.models.ir_attachment: filestore gc 0 checked, 0 removed 
2026-02-09 10:39:21,572 1 INFO betopiaerp betopiaerp.addons.base.tests.test_expression: Starting TestAnyfy.test_and_multiple_many2one_with_subfield ... 
2026-02-09 10:39:21,573 1 INFO betopiaerp betopiaerp.addons.base.tests.test_expression: Starting TestAnyfy.test_and_multiple_one2many_with_subfield ... 
2026-02-09 10:39:21,573 1 INFO betopiaerp betopiaerp.addons.base.tests.test_expression: Starting TestAnyfy.test_not_and_multiple_many2one_field_with_subfield ... 
2026-02-09 10:39:21,574 1 INFO betopiaerp betopiaerp.addons.base.tests.test_expression: Starting TestAnyfy.test_not_and_multiple_one2many_field_with_subfield ... 
2026-02-09 10:39:21,575 1 INFO betopiaerp betopiaerp.addons.base.tests.test_expression: Starting TestAnyfy.test_not_or_multiple_many2one_field_with_subfield ... 
2026-02-09 10:39:21,576 1 INFO betopiaerp betopiaerp.addons.base.tests.test_expression: Starting TestAnyfy.test_not_or_multiple_one2many_field_with_subfield ... 
2026-02-09 10:39:21,576 1 INFO betopiaerp betopiaerp.addons.base.tests.test_expression: Starting TestAnyfy.test_not_single_field ... 
2026-02-09 10:39:21,577 1 INFO betopiaerp betopiaerp.addons.base.tests.test_expression: Starting TestAnyfy.test_not_single_many2one_with_subfield ... 
2026-02-09 10:39:21,578 1 INFO betopiaerp betopiaerp.addons.base.tests.test_expression: Starting TestAnyfy.test_not_single_one2many_with_subfield ... 
2026-02-09 10:39:21,578 1 INFO betopiaerp betopiaerp.addons.base.tests.test_expression: Starting TestAnyfy.test_or_multiple_many2one_with_subfield ... 
2026-02-09 10:39:21,579 1 INFO betopiaerp betopiaerp.addons.base.tests.test_expression: Starting TestAnyfy.test_or_multiple_one2many_with_subfield ... 
2026-02-09 10:39:21,580 1 INFO betopiaerp betopiaerp.addons.base.tests.test_expression: Starting TestAnyfy.test_single_field ... 
2026-02-09 10:39:21,580 1 INFO betopiaerp betopiaerp.addons.base.tests.test_expression: Starting TestAnyfy.test_single_many2one_with_subfield ... 
2026-02-09 10:39:21,581 1 INFO betopiaerp betopiaerp.addons.base.tests.test_expression: Starting TestAnyfy.test_single_one2many_with_subfield ... 
2026-02-09 10:39:21,582 1 INFO betopiaerp betopiaerp.addons.base.tests.test_expression: Starting TestAnyfy.test_true_leaf_as_list ... 
2026-02-09 10:39:21,583 1 INFO betopiaerp betopiaerp.addons.base.models.ir_attachment: filestore gc 0 checked, 0 removed 
2026-02-09 10:39:21,583 1 INFO betopiaerp betopiaerp.addons.base.tests.test_float: Starting TestFloatPrecision.test_amount_to_text_10 ... 
2026-02-09 10:39:21,587 1 INFO betopiaerp betopiaerp.addons.base.tests.test_float: Starting TestFloatPrecision.test_float_split_05 ... 
2026-02-09 10:39:21,588 1 INFO betopiaerp betopiaerp.addons.base.tests.test_float: Starting TestFloatPrecision.test_rounding_02 ... 
2026-02-09 10:39:21,590 1 INFO betopiaerp betopiaerp.addons.base.tests.test_float: Starting TestFloatPrecision.test_rounding_03 ... 
2026-02-09 10:39:21,626 1 INFO betopiaerp betopiaerp.addons.base.tests.test_float: Starting TestFloatPrecision.test_rounding_04 ... 
2026-02-09 10:39:21,630 1 INFO betopiaerp betopiaerp.addons.base.tests.test_float: Starting TestFloatPrecision.test_rounding_invalid ... 
2026-02-09 10:39:21,634 1 INFO betopiaerp betopiaerp.addons.base.models.ir_attachment: filestore gc 0 checked, 0 removed 
2026-02-09 10:39:21,661 1 INFO betopiaerp betopiaerp.addons.base.tests.test_format_address_mixin: Starting TestPartnerFormatAddress.test_address_view ... 
2026-02-09 10:39:21,788 1 INFO betopiaerp betopiaerp.addons.base.tests.test_format_address_mixin: Starting TestPartnerFormatAddress.test_display_name_address_formatting ... 
2026-02-09 10:39:21,795 1 INFO betopiaerp betopiaerp.addons.base.models.ir_attachment: filestore gc 1 checked, 1 removed 
2026-02-09 10:39:21,796 1 INFO betopiaerp betopiaerp.addons.base.tests.test_func: Starting TestFrozendict.test_frozendict_hash ... 
2026-02-09 10:39:21,796 1 INFO betopiaerp betopiaerp.addons.base.tests.test_func: Starting TestFrozendict.test_frozendict_immutable ... 
2026-02-09 10:39:21,797 1 INFO betopiaerp betopiaerp.addons.base.tests.test_func: Starting TestLazy.test_lazy_compare ... 
2026-02-09 10:39:21,797 1 INFO betopiaerp betopiaerp.addons.base.tests.test_groups: Starting TestGroupsObject.test_groups_10_hudge_combine ... 
2026-02-09 10:39:21,799 1 INFO betopiaerp betopiaerp.addons.base.tests.test_groups: Starting TestGroupsObject.test_groups_11_invert_intersect ... 
2026-02-09 10:39:21,803 1 INFO betopiaerp betopiaerp.addons.base.tests.test_groups: Starting TestGroupsObject.test_groups_1_base ... 
2026-02-09 10:39:21,803 1 INFO betopiaerp betopiaerp.addons.base.tests.test_groups: Starting TestGroupsObject.test_groups_2_and ... 
2026-02-09 10:39:21,804 1 INFO betopiaerp betopiaerp.addons.base.tests.test_groups: Starting TestGroupsObject.test_groups_3_or ... 
2026-02-09 10:39:21,804 1 INFO betopiaerp betopiaerp.addons.base.tests.test_groups: Starting TestGroupsObject.test_groups_3_or_and ... 
2026-02-09 10:39:21,805 1 INFO betopiaerp betopiaerp.addons.base.tests.test_groups: Starting TestGroupsObject.test_groups_4_gt_lt ... 
2026-02-09 10:39:21,805 1 INFO betopiaerp betopiaerp.addons.base.tests.test_groups: Starting TestGroupsObject.test_groups_5_invert ... 
2026-02-09 10:39:21,807 1 INFO betopiaerp betopiaerp.addons.base.tests.test_groups: Starting TestGroupsObject.test_groups_6_invert_gt_lt ... 
2026-02-09 10:39:21,807 1 INFO betopiaerp betopiaerp.addons.base.tests.test_groups: Starting TestGroupsObject.test_groups_7_various ... 
2026-02-09 10:39:21,808 1 INFO betopiaerp betopiaerp.addons.base.tests.test_groups: Starting TestGroupsObject.test_groups_8_reduce ... 
2026-02-09 10:39:21,810 1 INFO betopiaerp betopiaerp.addons.base.tests.test_groups: Starting TestGroupsObject.test_groups_9_distinct ... 
2026-02-09 10:39:21,810 1 INFO betopiaerp betopiaerp.addons.base.tests.test_groups: Starting TestGroupsObject.test_groups_key ... 
2026-02-09 10:39:21,811 1 INFO betopiaerp betopiaerp.addons.base.tests.test_groups: Starting TestGroupsObject.test_groups_matches ... 
2026-02-09 10:39:21,812 1 INFO betopiaerp betopiaerp.addons.base.tests.test_groups: Starting TestGroupsObject.test_groups_unknown ... 
2026-02-09 10:39:21,821 1 INFO betopiaerp betopiaerp.addons.base.tests.test_groups: Starting TestGroupsBetopiaERP.test_groups_1_base ... 
2026-02-09 10:39:21,822 1 INFO betopiaerp betopiaerp.addons.base.tests.test_groups: Starting TestGroupsBetopiaERP.test_groups_2_from_commat_separator ... 
2026-02-09 10:39:21,824 1 INFO betopiaerp betopiaerp.addons.base.tests.test_groups: Starting TestGroupsBetopiaERP.test_groups_3_from_ref ... 
2026-02-09 10:39:21,826 1 INFO betopiaerp betopiaerp.addons.base.tests.test_groups: Starting TestGroupsBetopiaERP.test_groups_4_full_empty ... 
2026-02-09 10:39:21,830 1 INFO betopiaerp betopiaerp.addons.base.tests.test_groups: Starting TestGroupsBetopiaERP.test_groups_5_contains_user ... 
2026-02-09 10:39:21,956 1 INFO betopiaerp betopiaerp.addons.base.tests.test_groups: Starting TestGroupsBetopiaERP.test_groups_6_distinct ... 
2026-02-09 10:39:22,017 1 INFO betopiaerp betopiaerp.addons.base.models.ir_attachment: filestore gc 1 checked, 1 removed 
2026-02-09 10:39:22,020 1 INFO betopiaerp betopiaerp.addons.base.tests.test_http_case: Starting TestRequestRemainingNoCookie.test_requests_a ... 
2026-02-09 10:39:22,021 1 INFO ? betopiaerp.addons.base.tests.test_http_case: Waiting for B to start 
2026-02-09 10:39:22,021 1 INFO betopiaerp betopiaerp.addons.base.tests.test_http_case: Starting TestRequestRemainingNoCookie.test_requests_b ... 
2026-02-09 10:39:22,022 1 INFO betopiaerp betopiaerp.addons.base.tests.test_http_case: B started, waiting for A to finish 
2026-02-09 10:39:22,022 1 INFO ? betopiaerp.addons.base.tests.test_http_case: Opening url 
2026-02-09 10:39:22,024 1 INFO ? werkzeug: 127.0.0.1 - - [09/Feb/2026 10:39:22] "GET /web/concurrent HTTP/1.1" 400 - 0 0.000 0.000
2026-02-09 10:39:22,026 1 INFO betopiaerp betopiaerp.addons.base.models.ir_attachment: filestore gc 0 checked, 0 removed 
2026-02-09 10:39:22,029 1 INFO betopiaerp betopiaerp.addons.base.tests.test_http_case: Starting TestRequestRemainingNotEnabled.test_requests_a ... 
2026-02-09 10:39:22,029 1 INFO ? betopiaerp.addons.base.tests.test_http_case: Waiting for B to start 
2026-02-09 10:39:22,030 1 INFO betopiaerp betopiaerp.addons.base.tests.test_http_case: Starting TestRequestRemainingNotEnabled.test_requests_b ... 
2026-02-09 10:39:22,031 1 INFO betopiaerp betopiaerp.addons.base.tests.test_http_case: B started, waiting for A to finish 
2026-02-09 10:39:22,031 1 INFO ? betopiaerp.addons.base.tests.test_http_case: Opening url 
2026-02-09 10:39:22,033 1 INFO ? werkzeug: 127.0.0.1 - - [09/Feb/2026 10:39:22] "GET /web/concurrent HTTP/1.1" 400 - 0 0.000 0.000
2026-02-09 10:39:22,035 1 INFO betopiaerp betopiaerp.addons.base.models.ir_attachment: filestore gc 0 checked, 0 removed 
2026-02-09 10:39:22,037 1 INFO betopiaerp betopiaerp.addons.base.tests.test_http_case: Starting TestRequestRemainingStartDuringNext.test_requests_a ... 
2026-02-09 10:39:22,038 1 INFO ? betopiaerp.addons.base.tests.test_http_case: Waiting for B to start 
2026-02-09 10:39:22,038 1 INFO betopiaerp betopiaerp.addons.base.tests.test_http_case: Starting TestRequestRemainingStartDuringNext.test_requests_b ... 
2026-02-09 10:39:22,039 1 INFO betopiaerp betopiaerp.addons.base.tests.test_http_case: B started, waiting for A to finish 
2026-02-09 10:39:22,039 1 INFO ? betopiaerp.addons.base.tests.test_http_case: Opening url 
2026-02-09 10:39:22,041 1 INFO ? werkzeug: 127.0.0.1 - - [09/Feb/2026 10:39:22] "GET /web/concurrent HTTP/1.1" 400 - 0 0.000 0.000
2026-02-09 10:39:22,045 1 INFO betopiaerp betopiaerp.addons.base.models.ir_attachment: filestore gc 0 checked, 0 removed 
2026-02-09 10:39:22,047 1 INFO betopiaerp betopiaerp.addons.base.tests.test_http_case: Starting TestRequestRemainingAfterFirstCheck.test_requests_a ... 
2026-02-09 10:39:22,048 1 INFO ? betopiaerp.addons.base.tests.test_http_case: Opening url 
2026-02-09 10:39:22,050 1 INFO betopiaerp betopiaerp.addons.base.tests.test_http_case: Starting TestRequestRemainingAfterFirstCheck.test_requests_b ... 
2026-02-09 10:39:22,050 1 INFO betopiaerp betopiaerp.addons.base.tests.test_http_case: B started, waiting for A to finish 
2026-02-09 10:39:22,051 1 INFO ? werkzeug: 127.0.0.1 - - [09/Feb/2026 10:39:22] "GET /web/concurrent HTTP/1.1" 400 - 0 0.000 0.002
2026-02-09 10:39:22,053 1 INFO betopiaerp betopiaerp.addons.base.models.ir_attachment: filestore gc 0 checked, 0 removed 
2026-02-09 10:39:22,054 1 INFO betopiaerp betopiaerp.addons.base.tests.test_i18n: Starting I18nTest.test_format_list ... 
2026-02-09 10:39:22,063 1 INFO betopiaerp betopiaerp.addons.base.tests.test_i18n: Starting I18nTest.test_py_to_js_locale ... 
2026-02-09 10:39:22,064 1 INFO betopiaerp betopiaerp.addons.base.models.ir_attachment: filestore gc 0 checked, 0 removed 
2026-02-09 10:39:22,065 1 INFO betopiaerp betopiaerp.addons.base.tests.test_image: Starting TestImage.test_00_base64_to_image ... 
2026-02-09 10:39:22,121 1 INFO betopiaerp betopiaerp.addons.base.tests.test_image: Starting TestImage.test_01_image_to_base64 ... 
2026-02-09 10:39:22,171 1 INFO betopiaerp betopiaerp.addons.base.tests.test_image: Starting TestImage.test_02_image_fix_orientation ... 
2026-02-09 10:39:22,224 1 INFO betopiaerp betopiaerp.addons.base.tests.test_image: Starting TestImage.test_03_image_fix_orientation_exif ... 
2026-02-09 10:39:22,276 1 INFO betopiaerp betopiaerp.addons.base.tests.test_image: Starting TestImage.test_10_image_process_source ... 
2026-02-09 10:39:22,337 1 INFO betopiaerp betopiaerp.addons.base.tests.test_image: Starting TestImage.test_11_image_process_size ... 
2026-02-09 10:39:22,414 1 INFO betopiaerp betopiaerp.addons.base.tests.test_image: Starting TestImage.test_12_image_process_verify_resolution ... 
2026-02-09 10:39:23,128 1 INFO betopiaerp betopiaerp.addons.base.tests.test_image: Starting TestImage.test_13_image_process_quality ... 
2026-02-09 10:39:23,280 1 INFO betopiaerp betopiaerp.addons.base.tests.test_image: Starting TestImage.test_14_image_process_crop ... 
2026-02-09 10:39:23,777 1 INFO betopiaerp betopiaerp.addons.base.tests.test_image: Starting TestImage.test_15_image_process_colorize ... 
2026-02-09 10:39:23,827 1 INFO betopiaerp betopiaerp.addons.base.tests.test_image: Starting TestImage.test_16_image_process_format ... 
2026-02-09 10:39:23,923 1 INFO betopiaerp betopiaerp.addons.base.tests.test_image: Starting TestImage.test_17_get_webp_size ... 
2026-02-09 10:39:23,974 1 INFO betopiaerp betopiaerp.addons.base.tests.test_image: Starting TestImage.test_20_image_data_uri ... 
2026-02-09 10:39:24,025 1 INFO betopiaerp betopiaerp.addons.base.tests.test_image: Starting TestImage.test_21_image_guess_size_from_field_name ... 
2026-02-09 10:39:24,076 1 INFO betopiaerp betopiaerp.addons.base.tests.test_image: Starting TestImage.test_ptype_image_to_jpeg ... 
2026-02-09 10:39:24,127 1 INFO betopiaerp betopiaerp.addons.base.models.ir_attachment: filestore gc 0 checked, 0 removed 
2026-02-09 10:39:24,128 1 INFO betopiaerp betopiaerp.addons.base.tests.test_init: Starting TestInit.test_import ... 
2026-02-09 10:39:24,195 1 INFO betopiaerp betopiaerp.addons.base.tests.test_init:   betopiaerp.betopiaerp._monkeypatches execution time: 0.019s 
2026-02-09 10:39:24,213 1 INFO betopiaerp betopiaerp.addons.base.tests.test_init:   betopiaerp.betopiaerp._monkeypatches execution time: 0.017s 
2026-02-09 10:39:24,232 1 INFO betopiaerp betopiaerp.addons.base.tests.test_init:   betopiaerp.betopiaerp.addons execution time: 0.018s 
2026-02-09 10:39:24,250 1 INFO betopiaerp betopiaerp.addons.base.tests.test_init:   betopiaerp.betopiaerp.addons execution time: 0.018s 
2026-02-09 10:39:24,267 1 INFO betopiaerp betopiaerp.addons.base.tests.test_init:   betopiaerp.betopiaerp.api execution time: 0.017s 
2026-02-09 10:39:24,285 1 INFO betopiaerp betopiaerp.addons.base.tests.test_init:   betopiaerp.betopiaerp.api execution time: 0.018s 
2026-02-09 10:39:24,302 1 INFO betopiaerp betopiaerp.addons.base.tests.test_init:   betopiaerp.betopiaerp.cli execution time: 0.016s 
2026-02-09 10:39:24,317 1 INFO betopiaerp betopiaerp.addons.base.tests.test_init:   betopiaerp.betopiaerp.cli execution time: 0.015s 
2026-02-09 10:39:24,334 1 INFO betopiaerp betopiaerp.addons.base.tests.test_init:   betopiaerp.betopiaerp.exceptions execution time: 0.016s 
2026-02-09 10:39:24,350 1 INFO betopiaerp betopiaerp.addons.base.tests.test_init:   betopiaerp.betopiaerp.exceptions execution time: 0.016s 
2026-02-09 10:39:24,366 1 INFO betopiaerp betopiaerp.addons.base.tests.test_init:   betopiaerp.betopiaerp.fields execution time: 0.016s 
2026-02-09 10:39:24,382 1 INFO betopiaerp betopiaerp.addons.base.tests.test_init:   betopiaerp.betopiaerp.fields execution time: 0.015s 
2026-02-09 10:39:24,399 1 INFO betopiaerp betopiaerp.addons.base.tests.test_init:   betopiaerp.betopiaerp.http execution time: 0.017s 
2026-02-09 10:39:24,417 1 INFO betopiaerp betopiaerp.addons.base.tests.test_init:   betopiaerp.betopiaerp.http execution time: 0.017s 
2026-02-09 10:39:24,440 1 INFO betopiaerp betopiaerp.addons.base.tests.test_init:   betopiaerp.betopiaerp.init execution time: 0.022s 
2026-02-09 10:39:24,457 1 INFO betopiaerp betopiaerp.addons.base.tests.test_init:   betopiaerp.betopiaerp.init execution time: 0.017s 
2026-02-09 10:39:24,472 1 INFO betopiaerp betopiaerp.addons.base.tests.test_init:   betopiaerp.betopiaerp.loglevels execution time: 0.015s 
2026-02-09 10:39:24,488 1 INFO betopiaerp betopiaerp.addons.base.tests.test_init:   betopiaerp.betopiaerp.loglevels execution time: 0.015s 
2026-02-09 10:39:24,504 1 INFO betopiaerp betopiaerp.addons.base.tests.test_init:   betopiaerp.betopiaerp.models execution time: 0.016s 
2026-02-09 10:39:24,520 1 INFO betopiaerp betopiaerp.addons.base.tests.test_init:   betopiaerp.betopiaerp.models execution time: 0.015s 
2026-02-09 10:39:24,536 1 INFO betopiaerp betopiaerp.addons.base.tests.test_init:   betopiaerp.betopiaerp.modules execution time: 0.016s 
2026-02-09 10:39:24,555 1 INFO betopiaerp betopiaerp.addons.base.tests.test_init:   betopiaerp.betopiaerp.modules execution time: 0.018s 
2026-02-09 10:39:24,573 1 INFO betopiaerp betopiaerp.addons.base.tests.test_init:   betopiaerp.betopiaerp.netsvc execution time: 0.018s 
2026-02-09 10:39:24,589 1 INFO betopiaerp betopiaerp.addons.base.tests.test_init:   betopiaerp.betopiaerp.netsvc execution time: 0.015s 
2026-02-09 10:39:24,605 1 INFO betopiaerp betopiaerp.addons.base.tests.test_init:   betopiaerp.betopiaerp.orm execution time: 0.015s 
2026-02-09 10:39:24,621 1 INFO betopiaerp betopiaerp.addons.base.tests.test_init:   betopiaerp.betopiaerp.orm execution time: 0.016s 
2026-02-09 10:39:24,637 1 INFO betopiaerp betopiaerp.addons.base.tests.test_init:   betopiaerp.betopiaerp.osv execution time: 0.015s 
2026-02-09 10:39:24,652 1 INFO betopiaerp betopiaerp.addons.base.tests.test_init:   betopiaerp.betopiaerp.osv execution time: 0.015s 
2026-02-09 10:39:24,672 1 INFO betopiaerp betopiaerp.addons.base.tests.test_init:   betopiaerp.betopiaerp.release execution time: 0.020s 
2026-02-09 10:39:24,692 1 INFO betopiaerp betopiaerp.addons.base.tests.test_init:   betopiaerp.betopiaerp.release execution time: 0.019s 
2026-02-09 10:39:24,708 1 INFO betopiaerp betopiaerp.addons.base.tests.test_init:   betopiaerp.betopiaerp.service execution time: 0.016s 
2026-02-09 10:39:24,724 1 INFO betopiaerp betopiaerp.addons.base.tests.test_init:   betopiaerp.betopiaerp.service execution time: 0.016s 
2026-02-09 10:39:24,740 1 INFO betopiaerp betopiaerp.addons.base.tests.test_init:   betopiaerp.betopiaerp.sql_db execution time: 0.016s 
2026-02-09 10:39:24,756 1 INFO betopiaerp betopiaerp.addons.base.tests.test_init:   betopiaerp.betopiaerp.sql_db execution time: 0.016s 
2026-02-09 10:39:24,772 1 INFO betopiaerp betopiaerp.addons.base.tests.test_init:   betopiaerp.betopiaerp.tests execution time: 0.016s 
2026-02-09 10:39:24,788 1 INFO betopiaerp betopiaerp.addons.base.tests.test_init:   betopiaerp.betopiaerp.tests execution time: 0.015s 
2026-02-09 10:39:24,804 1 INFO betopiaerp betopiaerp.addons.base.tests.test_init:   betopiaerp.betopiaerp.tools execution time: 0.015s 
2026-02-09 10:39:24,821 1 INFO betopiaerp betopiaerp.addons.base.tests.test_init:   betopiaerp.betopiaerp.tools execution time: 0.016s 
2026-02-09 10:39:24,836 1 INFO betopiaerp betopiaerp.addons.base.tests.test_init:   betopiaerp.betopiaerp.upgrade execution time: 0.015s 
2026-02-09 10:39:24,852 1 INFO betopiaerp betopiaerp.addons.base.tests.test_init:   betopiaerp.betopiaerp.upgrade execution time: 0.015s 
2026-02-09 10:39:24,868 1 INFO betopiaerp betopiaerp.addons.base.tests.test_init:   betopiaerp.betopiaerp.upgrade_code execution time: 0.016s 
2026-02-09 10:39:24,884 1 INFO betopiaerp betopiaerp.addons.base.tests.test_init:   betopiaerp.betopiaerp.upgrade_code execution time: 0.016s 
2026-02-09 10:39:25,441 1 INFO betopiaerp betopiaerp.addons.base.tests.test_init:   betopiaerp.cli.cloc execution time: 0.556s 
2026-02-09 10:39:25,940 1 INFO betopiaerp betopiaerp.addons.base.tests.test_init:   betopiaerp.cli.command execution time: 0.498s 
2026-02-09 10:39:26,598 1 INFO betopiaerp betopiaerp.addons.base.tests.test_init:   betopiaerp.cli.db execution time: 0.658s 
2026-02-09 10:39:27,117 1 INFO betopiaerp betopiaerp.addons.base.tests.test_init:   betopiaerp.cli.deploy execution time: 0.518s 
2026-02-09 10:39:27,633 1 INFO betopiaerp betopiaerp.addons.base.tests.test_init:   betopiaerp.cli.help execution time: 0.515s 
2026-02-09 10:39:28,151 1 INFO betopiaerp betopiaerp.addons.base.tests.test_init:   betopiaerp.cli.i18n execution time: 0.517s 
2026-02-09 10:39:28,654 1 INFO betopiaerp betopiaerp.addons.base.tests.test_init:   betopiaerp.cli.module execution time: 0.503s 
2026-02-09 10:39:29,123 1 INFO betopiaerp betopiaerp.addons.base.tests.test_init:   betopiaerp.cli.neutralize execution time: 0.468s 
2026-02-09 10:39:29,647 1 INFO betopiaerp betopiaerp.addons.base.tests.test_init:   betopiaerp.cli.obfuscate execution time: 0.525s 
2026-02-09 10:39:30,223 1 INFO betopiaerp betopiaerp.addons.base.tests.test_init:   betopiaerp.cli.populate execution time: 0.575s 
2026-02-09 10:39:30,721 1 INFO betopiaerp betopiaerp.addons.base.tests.test_init:   betopiaerp.cli.scaffold execution time: 0.498s 
2026-02-09 10:39:31,322 1 INFO betopiaerp betopiaerp.addons.base.tests.test_init:   betopiaerp.cli.server execution time: 0.600s 
2026-02-09 10:39:31,919 1 INFO betopiaerp betopiaerp.addons.base.tests.test_init:   betopiaerp.cli.shell execution time: 0.596s 
2026-02-09 10:39:32,549 1 INFO betopiaerp betopiaerp.addons.base.tests.test_init:   betopiaerp.cli.start execution time: 0.630s 
2026-02-09 10:39:33,013 1 INFO betopiaerp betopiaerp.addons.base.tests.test_init:   betopiaerp.cli.templates execution time: 0.463s 
2026-02-09 10:39:33,529 1 INFO betopiaerp betopiaerp.addons.base.tests.test_init:   betopiaerp.cli.upgrade_code execution time: 0.515s 
2026-02-09 10:39:33,530 1 INFO betopiaerp betopiaerp.addons.base.tests.test_intervals: Starting TestIntervals.test_difference ... 
2026-02-09 10:39:33,531 1 INFO betopiaerp betopiaerp.addons.base.tests.test_intervals: Starting TestIntervals.test_intersection ... 
2026-02-09 10:39:33,532 1 INFO betopiaerp betopiaerp.addons.base.tests.test_intervals: Starting TestIntervals.test_keep_distinct ... 
2026-02-09 10:39:33,533 1 INFO betopiaerp betopiaerp.addons.base.tests.test_intervals: Starting TestIntervals.test_union ... 
2026-02-09 10:39:33,534 1 INFO betopiaerp betopiaerp.addons.base.models.ir_attachment: filestore gc 0 checked, 0 removed 
2026-02-09 10:39:33,535 1 INFO betopiaerp betopiaerp.addons.base.tests.test_intervals: Starting TestUtils.test_intervals_intersections ... 
2026-02-09 10:39:33,536 1 INFO betopiaerp betopiaerp.addons.base.tests.test_intervals: Starting TestUtils.test_intervals_inversion ... 
2026-02-09 10:39:33,537 1 INFO betopiaerp betopiaerp.addons.base.models.ir_attachment: filestore gc 0 checked, 0 removed 
2026-02-09 10:39:33,537 1 INFO betopiaerp betopiaerp.addons.base.tests.test_intervals: Starting TestKeepDistinctIntervals.test_difference ... 
2026-02-09 10:39:33,538 1 INFO betopiaerp betopiaerp.addons.base.tests.test_intervals: Starting TestKeepDistinctIntervals.test_intersection ... 
2026-02-09 10:39:33,539 1 INFO betopiaerp betopiaerp.addons.base.tests.test_intervals: Starting TestKeepDistinctIntervals.test_union ... 
2026-02-09 10:39:33,540 1 INFO betopiaerp betopiaerp.addons.base.models.ir_attachment: filestore gc 0 checked, 0 removed 
2026-02-09 10:39:33,564 1 INFO betopiaerp betopiaerp.addons.base.tests.test_ir_actions: Starting TestServerActions.test_00_action ... 
2026-02-09 10:39:33,582 1 INFO betopiaerp betopiaerp.addons.base.tests.test_ir_actions: Starting TestServerActions.test_00_server_action ... 
2026-02-09 10:39:33,595 1 INFO betopiaerp betopiaerp.addons.base.tests.test_ir_actions: Starting TestServerActions.test_10_code ... 
2026-02-09 10:39:33,609 1 INFO betopiaerp betopiaerp.addons.base.tests.test_ir_actions: Starting TestServerActions.test_20_crud_create ... 
2026-02-09 10:39:33,624 1 INFO betopiaerp betopiaerp.addons.base.tests.test_ir_actions: Starting TestServerActions.test_20_crud_create_link_many2many ... 
2026-02-09 10:39:33,638 1 INFO betopiaerp betopiaerp.addons.base.tests.test_ir_actions: Starting TestServerActions.test_20_crud_create_link_many2one ... 
2026-02-09 10:39:33,655 1 INFO betopiaerp betopiaerp.addons.base.tests.test_ir_actions: Starting TestServerActions.test_20_crud_create_link_one2many ... 
2026-02-09 10:39:33,673 1 INFO betopiaerp betopiaerp.addons.base.tests.test_ir_actions: Starting TestServerActions.test_25_crud_copy ... 
2026-02-09 10:39:33,690 1 INFO betopiaerp betopiaerp.addons.base.tests.test_ir_actions: Starting TestServerActions.test_25_crud_copy_link_many2many ... 
2026-02-09 10:39:33,707 1 INFO betopiaerp betopiaerp.addons.base.tests.test_ir_actions: Starting TestServerActions.test_25_crud_copy_link_many2one ... 
2026-02-09 10:39:33,727 1 INFO betopiaerp betopiaerp.addons.base.tests.test_ir_actions: Starting TestServerActions.test_25_crud_copy_link_one2many ... 
2026-02-09 10:39:33,745 1 INFO betopiaerp betopiaerp.addons.base.tests.test_ir_actions: Starting TestServerActions.test_30_crud_write ... 
2026-02-09 10:39:33,759 1 INFO betopiaerp betopiaerp.addons.base.tests.test_ir_actions: Starting TestServerActions.test_31_crud_write_html ... 
2026-02-09 10:39:33,772 1 INFO betopiaerp betopiaerp.addons.base.tests.test_ir_actions: Starting TestServerActions.test_35_crud_write_selection ... 
2026-02-09 10:39:33,791 1 INFO betopiaerp betopiaerp.addons.base.tests.test_ir_actions: Starting TestServerActions.test_36_crud_write_m2m_ops ... 
2026-02-09 10:39:33,814 1 INFO betopiaerp betopiaerp.addons.base.tests.test_ir_actions: Starting TestServerActions.test_37_field_path_traversal ... 
2026-02-09 10:39:33,831 1 INFO betopiaerp betopiaerp.addons.base.tests.test_ir_actions: Starting TestServerActions.test_39_boolean_update ... 
2026-02-09 10:39:33,846 1 INFO betopiaerp betopiaerp.addons.base.tests.test_ir_actions: Starting TestServerActions.test_40_multi ... 
2026-02-09 10:39:33,873 1 INFO betopiaerp betopiaerp.addons.base.tests.test_ir_actions: Starting TestServerActions.test_50_groups ... 
2026-02-09 10:39:33,903 1 INFO betopiaerp betopiaerp.addons.base.tests.test_ir_actions: Starting TestServerActions.test_60_sort ... 
2026-02-09 10:39:33,922 1 INFO betopiaerp betopiaerp.addons.base.tests.test_ir_actions: Starting TestServerActions.test_70_copy_action ... 
2026-02-09 10:39:33,942 1 INFO betopiaerp betopiaerp.addons.base.tests.test_ir_actions: Starting TestServerActions.test_80_permission ... 
2026-02-09 10:39:33,965 1 INFO betopiaerp betopiaerp.addons.base.tests.test_ir_actions: Starting TestServerActions.test_90_convert_to_float ... 
2026-02-09 10:39:33,980 1 INFO betopiaerp betopiaerp.addons.base.tests.test_ir_actions: Starting TestServerActions.test_90_webhook ... 
2026-02-09 10:39:33,996 1 INFO betopiaerp betopiaerp.addons.base.tests.test_ir_actions: Starting TestServerActions.test_object_write_equation ... 
2026-02-09 10:39:34,018 1 INFO betopiaerp betopiaerp.addons.base.models.ir_attachment: filestore gc 1 checked, 1 removed 
2026-02-09 10:39:34,019 1 INFO betopiaerp betopiaerp.addons.base.tests.test_ir_actions: Starting TestCustomFields.test_create_binary ... 
2026-02-09 10:39:34,060 1 INFO betopiaerp betopiaerp.addons.base.tests.test_ir_actions: Starting TestCustomFields.test_create_custom ... 
2026-02-09 10:39:34,063 1 INFO betopiaerp betopiaerp.addons.base.tests.test_ir_actions: Starting TestCustomFields.test_create_unique ... 
2026-02-09 10:39:34,106 1 INFO betopiaerp betopiaerp.addons.base.tests.test_ir_actions: Starting TestCustomFields.test_create_valid ... 
2026-02-09 10:39:34,117 1 INFO betopiaerp betopiaerp.addons.base.tests.test_ir_actions: Starting TestCustomFields.test_related_field ... 
2026-02-09 10:39:34,226 1 INFO betopiaerp betopiaerp.addons.base.tests.test_ir_actions: Starting TestCustomFields.test_relation_of_a_custom_field ... 
2026-02-09 10:39:34,284 1 INFO betopiaerp betopiaerp.addons.base.tests.test_ir_actions: Starting TestCustomFields.test_remove_with_view ... 
2026-02-09 10:39:34,354 1 INFO betopiaerp betopiaerp.addons.base.tests.test_ir_actions: Starting TestCustomFields.test_remove_without_view ... 
2026-02-09 10:39:34,405 1 INFO betopiaerp betopiaerp.models.unlink: User #1 deleted ir.model.fields records with IDs: [2455, 2457] 
2026-02-09 10:39:34,440 1 INFO betopiaerp betopiaerp.addons.base.tests.test_ir_actions: Starting TestCustomFields.test_rename_custom ... 
2026-02-09 10:39:34,520 1 INFO betopiaerp betopiaerp.models.unlink: User #1 deleted ir.model.fields records with IDs: [2460] 
2026-02-09 10:39:34,537 1 INFO betopiaerp betopiaerp.addons.base.tests.test_ir_actions: Starting TestCustomFields.test_rename_unique ... 
2026-02-09 10:39:34,639 1 INFO betopiaerp betopiaerp.models.unlink: User #1 deleted ir.model.fields records with IDs: [2466] 
2026-02-09 10:39:34,655 1 INFO betopiaerp betopiaerp.addons.base.tests.test_ir_actions: Starting TestCustomFields.test_rename_valid ... 
2026-02-09 10:39:34,729 1 INFO betopiaerp betopiaerp.models.unlink: User #1 deleted ir.model.fields records with IDs: [2469] 
2026-02-09 10:39:34,748 1 INFO betopiaerp betopiaerp.addons.base.tests.test_ir_actions: Starting TestCustomFields.test_rename_with_view ... 
2026-02-09 10:39:34,824 1 INFO betopiaerp betopiaerp.addons.base.tests.test_ir_actions: Starting TestCustomFields.test_rename_without_view ... 
2026-02-09 10:39:34,892 1 INFO betopiaerp betopiaerp.models.unlink: User #1 deleted ir.model.fields records with IDs: [2475] 
2026-02-09 10:39:34,929 1 INFO betopiaerp betopiaerp.addons.base.tests.test_ir_actions: Starting TestCustomFields.test_selection ... 
2026-02-09 10:39:34,980 1 INFO betopiaerp betopiaerp.models.unlink: User #1 deleted ir.model.fields.selection records with IDs: [880] 
2026-02-09 10:39:35,010 1 INFO betopiaerp betopiaerp.addons.base.tests.test_ir_actions: Starting TestCustomFields.test_unlink_base ... 
2026-02-09 10:39:35,028 1 INFO betopiaerp betopiaerp.models.unlink: User #1 deleted ir.model.data records with IDs: [1844, 2138] 
2026-02-09 10:39:35,028 1 INFO betopiaerp betopiaerp.models.unlink: User #1 deleted ir.model.fields records with IDs: [1013, 1307] 
2026-02-09 10:39:35,045 1 INFO betopiaerp betopiaerp.addons.base.tests.test_ir_actions: Starting TestCustomFields.test_unlink_inherited_custom ... 
2026-02-09 10:39:35,101 1 INFO betopiaerp betopiaerp.models.unlink: User #1 deleted ir.model.fields records with IDs: [2480, 2482] 
2026-02-09 10:39:35,138 1 INFO betopiaerp betopiaerp.addons.base.tests.test_ir_actions: Starting TestCustomFields.test_unlink_with_dependant ... 
2026-02-09 10:39:35,206 1 INFO betopiaerp betopiaerp.models.unlink: User #1 deleted ir.model.fields records with IDs: [2483, 2485, 2486] 
2026-02-09 10:39:35,222 1 INFO betopiaerp betopiaerp.addons.base.tests.test_ir_actions: Starting TestCustomFields.test_unlink_with_inverse ... 
2026-02-09 10:39:35,283 1 INFO betopiaerp betopiaerp.models.unlink: User #1 deleted ir.model.fields records with IDs: [2488, 2492, 2490] 
2026-02-09 10:39:35,299 1 INFO betopiaerp betopiaerp.addons.base.models.ir_attachment: filestore gc 0 checked, 0 removed 
2026-02-09 10:39:35,329 1 INFO betopiaerp betopiaerp.addons.base.tests.test_ir_attachment: Starting TestIrAttachment.test_01_store_in_db ... 
2026-02-09 10:39:35,337 1 INFO betopiaerp betopiaerp.addons.base.tests.test_ir_attachment: Starting TestIrAttachment.test_02_store_on_disk ... 
2026-02-09 10:39:35,341 1 INFO betopiaerp betopiaerp.addons.base.tests.test_ir_attachment: Starting TestIrAttachment.test_03_no_duplication ... 
2026-02-09 10:39:35,345 1 INFO betopiaerp betopiaerp.addons.base.tests.test_ir_attachment: Starting TestIrAttachment.test_04_keep_file ... 
2026-02-09 10:39:35,351 1 INFO betopiaerp betopiaerp.models.unlink: User #1 deleted ir.attachment records with IDs: [3169] 
2026-02-09 10:39:35,352 1 INFO betopiaerp betopiaerp.addons.base.tests.test_ir_attachment: Starting TestIrAttachment.test_05_change_data_change_file ... 
2026-02-09 10:39:35,356 1 INFO betopiaerp betopiaerp.addons.base.tests.test_ir_attachment: Starting TestIrAttachment.test_07_write_mimetype ... 
2026-02-09 10:39:35,360 1 INFO betopiaerp betopiaerp.addons.base.models.ir_attachment: Post processing ignored : This file could not be decoded as an image file. 
2026-02-09 10:39:35,368 1 INFO betopiaerp betopiaerp.addons.base.tests.test_ir_attachment: Starting TestIrAttachment.test_08_neuter_xml_mimetype ... 
2026-02-09 10:39:35,381 1 INFO betopiaerp betopiaerp.addons.base.tests.test_ir_attachment: Starting TestIrAttachment.test_09_dont_neuter_xml_mimetype_for_admin ... 
2026-02-09 10:39:35,385 1 INFO betopiaerp betopiaerp.addons.base.tests.test_ir_attachment: Starting TestIrAttachment.test_10_image_autoresize ... 
2026-02-09 10:39:35,743 1 INFO betopiaerp betopiaerp.models.unlink: User #1 deleted ir.config_parameter records with IDs: [184, 185] 
2026-02-09 10:39:36,116 1 INFO betopiaerp betopiaerp.addons.base.tests.test_ir_attachment: Starting TestIrAttachment.test_11_copy ... 
2026-02-09 10:39:36,122 1 INFO betopiaerp betopiaerp.addons.base.tests.test_ir_attachment: Starting TestIrAttachment.test_12_gc ... 
2026-02-09 10:39:36,126 1 INFO betopiaerp betopiaerp.models.unlink: User #1 deleted ir.attachment records with IDs: [3181] 
2026-02-09 10:39:36,127 1 INFO betopiaerp betopiaerp.addons.base.models.ir_attachment: filestore gc 10 checked, 9 removed 
2026-02-09 10:39:36,128 1 INFO betopiaerp betopiaerp.addons.base.tests.test_ir_attachment: Starting TestIrAttachment.test_13_rollback ... 
2026-02-09 10:39:36,132 1 INFO betopiaerp betopiaerp.addons.base.models.ir_attachment: filestore gc 1 checked, 1 removed 
2026-02-09 10:39:36,132 1 INFO betopiaerp betopiaerp.addons.base.tests.test_ir_attachment: Starting TestIrAttachment.test_14_invalid_mimetype_with_correct_file_extension_no_post_processing ... 
2026-02-09 10:39:36,133 1 INFO betopiaerp betopiaerp.addons.base.models.ir_attachment: Post processing ignored : Empty source, SVG, or WEBP 
2026-02-09 10:39:36,136 1 INFO betopiaerp betopiaerp.addons.base.tests.test_ir_attachment: Starting TestIrAttachment.test_15_read_bin_size_doesnt_read_datas ... 
2026-02-09 10:39:36,140 1 INFO betopiaerp betopiaerp.addons.base.models.ir_attachment: filestore gc 1 checked, 1 removed 
2026-02-09 10:39:36,166 1 INFO betopiaerp betopiaerp.addons.base.tests.test_ir_attachment: Starting TestPermissions.test_basic_modifications ... 
2026-02-09 10:39:36,189 1 INFO betopiaerp betopiaerp.addons.base.tests.test_ir_attachment: Starting TestPermissions.test_cross_record_copies ... 
2026-02-09 10:39:36,200 1 INFO betopiaerp betopiaerp.addons.base.models.ir_model: Access Denied by ACLs for operation: write, uid: 608, model: res.users.apikeys.description 
2026-02-09 10:39:36,222 1 INFO betopiaerp betopiaerp.addons.base.tests.test_ir_attachment: Starting TestPermissions.test_field_read_permission ... 
2026-02-09 10:39:36,249 1 INFO betopiaerp betopiaerp.addons.base.tests.test_ir_attachment: Starting TestPermissions.test_read_permission ... 
2026-02-09 10:39:36,264 1 INFO betopiaerp betopiaerp.addons.base.models.ir_rule: Access Denied by record rules for operation: read on record ids: [3199], uid: 608, model: ir.attachment 
2026-02-09 10:39:36,269 1 INFO betopiaerp betopiaerp.addons.base.models.ir_rule: Access Denied by record rules for operation: read on record ids: [3199], uid: 608, model: ir.attachment 
2026-02-09 10:39:36,271 1 INFO betopiaerp betopiaerp.addons.base.models.ir_rule: Access Denied by record rules for operation: read on record ids: [3199], uid: 608, model: ir.attachment 
2026-02-09 10:39:36,273 1 INFO betopiaerp betopiaerp.addons.base.models.ir_rule: Access Denied by record rules for operation: read on record ids: [3199], uid: 608, model: ir.attachment 
2026-02-09 10:39:36,278 1 INFO betopiaerp betopiaerp.addons.base.models.ir_rule: Access Denied by record rules for operation: read on record ids: [3199], uid: 608, model: ir.attachment 
2026-02-09 10:39:36,282 1 INFO betopiaerp betopiaerp.addons.base.models.ir_rule: Access Denied by record rules for operation: read on record ids: [3199], uid: 608, model: ir.attachment 
2026-02-09 10:39:36,284 1 INFO betopiaerp betopiaerp.addons.base.models.ir_rule: Access Denied by record rules for operation: read on record ids: [3199], uid: 608, model: ir.attachment 
2026-02-09 10:39:36,286 1 INFO betopiaerp betopiaerp.addons.base.models.ir_rule: Access Denied by record rules for operation: read on record ids: [3199], uid: 608, model: ir.attachment 
2026-02-09 10:39:36,292 1 INFO betopiaerp betopiaerp.addons.base.models.ir_rule: Access Denied by record rules for operation: read on record ids: [3201], uid: 608, model: ir.attachment 
2026-02-09 10:39:36,296 1 INFO betopiaerp betopiaerp.addons.base.models.ir_rule: Access Denied by record rules for operation: read on record ids: [3201], uid: 608, model: ir.attachment 
2026-02-09 10:39:36,298 1 INFO betopiaerp betopiaerp.addons.base.models.ir_rule: Access Denied by record rules for operation: read on record ids: [3201], uid: 608, model: ir.attachment 
2026-02-09 10:39:36,300 1 INFO betopiaerp betopiaerp.addons.base.models.ir_rule: Access Denied by record rules for operation: read on record ids: [3201], uid: 608, model: ir.attachment 
2026-02-09 10:39:36,307 1 INFO betopiaerp betopiaerp.addons.base.tests.test_ir_attachment: Starting TestPermissions.test_with_write_permissions ... 
2026-02-09 10:39:36,323 1 INFO betopiaerp betopiaerp.models.unlink: User #608 deleted ir.attachment records with IDs: [3204] 
2026-02-09 10:39:36,323 1 INFO betopiaerp betopiaerp.addons.base.tests.test_ir_attachment: Starting TestPermissions.test_write_create_url_binary_attachment ... 
2026-02-09 10:39:36,341 1 INFO betopiaerp betopiaerp.addons.base.tests.test_ir_attachment: Starting TestPermissions.test_write_error ... 
2026-02-09 10:39:36,352 1 INFO betopiaerp betopiaerp.addons.base.models.ir_attachment: _file_write writing /proc/dummy_test 
2026-02-09 10:39:36,355 1 INFO betopiaerp betopiaerp.addons.base.models.ir_attachment: filestore gc 3 checked, 3 removed 
2026-02-09 10:39:36,357 1 INFO betopiaerp betopiaerp.addons.base.tests.test_ir_cron: Starting TestIrCron.test_acquire_processed_job ... 
2026-02-09 10:39:36,357 1 INFO betopiaerp betopiaerp.addons.base.tests.test_ir_cron: Starting TestIrCron.test_cron_commit_progress ... 
2026-02-09 10:39:36,357 1 INFO betopiaerp betopiaerp.addons.base.tests.test_ir_cron: Starting TestIrCron.test_cron_deactivate ... 
2026-02-09 10:39:36,357 1 INFO betopiaerp betopiaerp.addons.base.models.ir_cron: Job 'Dummy cron for TestIrCron 1GvYARfhp8M' (36) starting 
2026-02-09 10:39:36,357 1 INFO betopiaerp betopiaerp.tests.common: Skipping signal changes during tests 
2026-02-09 10:39:36,357 1 INFO betopiaerp betopiaerp.addons.base.models.ir_cron: Job 'Dummy cron for TestIrCron 1GvYARfhp8M' (36) fully done (#loop 1; done 1; remaining 0; duration 0.00s) 
2026-02-09 10:39:36,357 1 INFO betopiaerp betopiaerp.addons.base.tests.test_ir_cron: Starting TestIrCron.test_cron_direct_trigger ... 
2026-02-09 10:39:36,357 1 INFO betopiaerp betopiaerp.addons.base.models.ir_cron: Job 'Dummy cron for TestIrCron C4lClGmH3PQ' (36) starting 
2026-02-09 10:39:36,357 1 INFO betopiaerp betopiaerp.tests.common: Skipping signal changes during tests 
2026-02-09 10:39:36,357 1 INFO betopiaerp betopiaerp.addons.base.models.ir_cron: Job 'Dummy cron for TestIrCron C4lClGmH3PQ' (36) fully done (#loop 1; done 0; remaining 0; duration 0.00s) 
2026-02-09 10:39:36,357 1 INFO betopiaerp betopiaerp.addons.base.tests.test_ir_cron: Starting TestIrCron.test_cron_direct_trigger_exception ... 
2026-02-09 10:39:36,357 1 INFO betopiaerp betopiaerp.addons.base.tests.test_ir_cron: Starting TestIrCron.test_cron_failed_increase ... 
2026-02-09 10:39:36,357 1 INFO betopiaerp betopiaerp.addons.base.tests.test_ir_cron: Starting TestIrCron.test_cron_keep_future_triggers ... 
2026-02-09 10:39:36,357 1 INFO betopiaerp betopiaerp.addons.base.tests.test_ir_cron: Starting TestIrCron.test_cron_no_job_ready ... 
2026-02-09 10:39:36,357 1 INFO betopiaerp betopiaerp.addons.base.tests.test_ir_cron: Starting TestIrCron.test_cron_process_job ... 
2026-02-09 10:39:36,357 1 INFO betopiaerp betopiaerp.tests.common: Skipping signal changes during tests 
2026-02-09 10:39:36,357 1 INFO betopiaerp betopiaerp.tests.common: Skipping signal changes during tests 
2026-02-09 10:39:37,357 1 INFO betopiaerp betopiaerp.tests.common: Skipping signal changes during tests 
2026-02-09 10:39:38,357 1 INFO betopiaerp betopiaerp.tests.common: Skipping signal changes during tests 
2026-02-09 10:39:39,357 1 INFO betopiaerp betopiaerp.tests.common: Skipping signal changes during tests 
2026-02-09 10:39:40,357 1 INFO betopiaerp betopiaerp.tests.common: Skipping signal changes during tests 
2026-02-09 10:39:41,357 1 INFO betopiaerp betopiaerp.tests.common: Skipping signal changes during tests 
2026-02-09 10:39:42,357 1 INFO betopiaerp betopiaerp.tests.common: Skipping signal changes during tests 
2026-02-09 10:39:43,357 1 INFO betopiaerp betopiaerp.tests.common: Skipping signal changes during tests 
2026-02-09 10:39:44,357 1 INFO betopiaerp betopiaerp.tests.common: Skipping signal changes during tests 
2026-02-09 10:39:45,357 1 INFO betopiaerp betopiaerp.tests.common: Skipping signal changes during tests 
2026-02-09 10:39:46,357 1 INFO betopiaerp betopiaerp.tests.common: Skipping signal changes during tests 
2026-02-09 10:39:47,357 1 INFO betopiaerp betopiaerp.tests.common: Skipping signal changes during tests 
2026-02-09 10:39:48,357 1 INFO betopiaerp betopiaerp.tests.common: Skipping signal changes during tests 
2026-02-09 10:39:49,357 1 INFO betopiaerp betopiaerp.tests.common: Skipping signal changes during tests 
2026-02-09 10:39:50,357 1 INFO betopiaerp betopiaerp.tests.common: Skipping signal changes during tests 
2026-02-09 10:39:51,357 1 INFO betopiaerp betopiaerp.tests.common: Skipping signal changes during tests 
2026-02-09 10:39:52,357 1 INFO betopiaerp betopiaerp.tests.common: Skipping signal changes during tests 
2026-02-09 10:39:53,357 1 INFO betopiaerp betopiaerp.tests.common: Skipping signal changes during tests 
2026-02-09 10:39:54,357 1 INFO betopiaerp betopiaerp.tests.common: Skipping signal changes during tests 
2026-02-09 10:39:55,357 1 INFO betopiaerp betopiaerp.tests.common: Skipping signal changes during tests 
2026-02-09 10:39:56,357 1 INFO betopiaerp betopiaerp.tests.common: Skipping signal changes during tests 
2026-02-09 10:39:56,357 1 INFO betopiaerp betopiaerp.tests.common: Skipping signal changes during tests 
2026-02-09 10:39:56,357 1 INFO betopiaerp betopiaerp.tests.common: Skipping signal changes during tests 
2026-02-09 10:39:56,357 1 INFO betopiaerp betopiaerp.tests.common: Skipping signal changes during tests 
2026-02-09 10:39:56,357 1 INFO betopiaerp betopiaerp.tests.common: Skipping signal changes during tests 
2026-02-09 10:39:56,357 1 INFO betopiaerp betopiaerp.tests.common: Skipping signal changes during tests 
2026-02-09 10:39:56,357 1 INFO betopiaerp betopiaerp.tests.common: Skipping signal changes during tests 
2026-02-09 10:39:56,357 1 INFO betopiaerp betopiaerp.tests.common: Skipping signal changes during tests 
2026-02-09 10:39:56,357 1 INFO betopiaerp betopiaerp.tests.common: Skipping signal changes during tests 
2026-02-09 10:39:56,357 1 INFO betopiaerp betopiaerp.tests.common: Skipping signal changes during tests 
2026-02-09 10:39:56,357 1 INFO betopiaerp betopiaerp.tests.common: Skipping signal changes during tests 
2026-02-09 10:40:06,357 1 INFO betopiaerp betopiaerp.tests.common: Skipping signal changes during tests 
2026-02-09 10:40:06,357 1 INFO betopiaerp betopiaerp.tests.common: Skipping signal changes during tests 
2026-02-09 10:40:06,357 1 INFO betopiaerp betopiaerp.addons.base.tests.test_ir_cron: Starting TestIrCron.test_cron_process_jobs_locked ... 
2026-02-09 10:40:06,357 1 INFO betopiaerp betopiaerp.addons.base.tests.test_ir_cron: Starting TestIrCron.test_cron_process_jobs_simple ... 
2026-02-09 10:40:06,357 1 INFO betopiaerp betopiaerp.addons.base.tests.test_ir_cron: Starting TestIrCron.test_cron_process_jobs_status_failed ... 
2026-02-09 10:40:06,357 1 INFO betopiaerp betopiaerp.addons.base.tests.test_ir_cron: Starting TestIrCron.test_cron_process_jobs_status_partial ... 
2026-02-09 10:40:06,357 1 INFO betopiaerp betopiaerp.addons.base.tests.test_ir_cron: Starting TestIrCron.test_cron_ready_by_nextcall ... 
2026-02-09 10:40:06,357 1 INFO betopiaerp betopiaerp.addons.base.tests.test_ir_cron: Starting TestIrCron.test_cron_ready_by_trigger ... 
2026-02-09 10:40:06,357 1 INFO betopiaerp betopiaerp.addons.base.tests.test_ir_cron: Starting TestIrCron.test_cron_ready_jobs_order ... 
2026-02-09 10:40:06,357 1 INFO betopiaerp betopiaerp.addons.base.tests.test_ir_cron: Starting TestIrCron.test_cron_retrigger ... 
2026-02-09 10:40:06,357 1 INFO betopiaerp betopiaerp.addons.base.models.ir_cron: Job 'Dummy cron for TestIrCron oGDlArjBFMs' (36) starting 
2026-02-09 10:40:08,357 1 INFO betopiaerp betopiaerp.tests.common: Skipping signal changes during tests 
2026-02-09 10:40:10,357 1 INFO betopiaerp betopiaerp.tests.common: Skipping signal changes during tests 
2026-02-09 10:40:12,357 1 INFO betopiaerp betopiaerp.tests.common: Skipping signal changes during tests 
2026-02-09 10:40:14,357 1 INFO betopiaerp betopiaerp.tests.common: Skipping signal changes during tests 
2026-02-09 10:40:16,357 1 INFO betopiaerp betopiaerp.tests.common: Skipping signal changes during tests 
2026-02-09 10:40:18,357 1 INFO betopiaerp betopiaerp.tests.common: Skipping signal changes during tests 
2026-02-09 10:40:20,357 1 INFO betopiaerp betopiaerp.tests.common: Skipping signal changes during tests 
2026-02-09 10:40:22,357 1 INFO betopiaerp betopiaerp.tests.common: Skipping signal changes during tests 
2026-02-09 10:40:24,357 1 INFO betopiaerp betopiaerp.tests.common: Skipping signal changes during tests 
2026-02-09 10:40:26,357 1 INFO betopiaerp betopiaerp.tests.common: Skipping signal changes during tests 
2026-02-09 10:40:26,357 1 INFO betopiaerp betopiaerp.addons.base.models.ir_cron: Job 'Dummy cron for TestIrCron oGDlArjBFMs' (36) partially done (#loop 10; done 1; remaining 21; duration 20.00s) 
2026-02-09 10:40:26,357 1 INFO betopiaerp betopiaerp.addons.base.models.ir_cron: Job 'Dummy cron for TestIrCron oGDlArjBFMs' (36) starting 
2026-02-09 10:40:26,857 1 INFO betopiaerp betopiaerp.tests.common: Skipping signal changes during tests 
2026-02-09 10:40:27,357 1 INFO betopiaerp betopiaerp.tests.common: Skipping signal changes during tests 
2026-02-09 10:40:27,857 1 INFO betopiaerp betopiaerp.tests.common: Skipping signal changes during tests 
2026-02-09 10:40:28,357 1 INFO betopiaerp betopiaerp.tests.common: Skipping signal changes during tests 
2026-02-09 10:40:28,857 1 INFO betopiaerp betopiaerp.tests.common: Skipping signal changes during tests 
2026-02-09 10:40:29,357 1 INFO betopiaerp betopiaerp.tests.common: Skipping signal changes during tests 
2026-02-09 10:40:29,857 1 INFO betopiaerp betopiaerp.tests.common: Skipping signal changes during tests 
2026-02-09 10:40:30,357 1 INFO betopiaerp betopiaerp.tests.common: Skipping signal changes during tests 
2026-02-09 10:40:30,857 1 INFO betopiaerp betopiaerp.tests.common: Skipping signal changes during tests 
2026-02-09 10:40:31,357 1 INFO betopiaerp betopiaerp.tests.common: Skipping signal changes during tests 
2026-02-09 10:40:31,857 1 INFO betopiaerp betopiaerp.tests.common: Skipping signal changes during tests 
2026-02-09 10:40:32,357 1 INFO betopiaerp betopiaerp.tests.common: Skipping signal changes during tests 
2026-02-09 10:40:32,857 1 INFO betopiaerp betopiaerp.tests.common: Skipping signal changes during tests 
2026-02-09 10:40:33,357 1 INFO betopiaerp betopiaerp.tests.common: Skipping signal changes during tests 
2026-02-09 10:40:33,857 1 INFO betopiaerp betopiaerp.tests.common: Skipping signal changes during tests 
2026-02-09 10:40:34,357 1 INFO betopiaerp betopiaerp.tests.common: Skipping signal changes during tests 
2026-02-09 10:40:34,857 1 INFO betopiaerp betopiaerp.tests.common: Skipping signal changes during tests 
2026-02-09 10:40:35,357 1 INFO betopiaerp betopiaerp.tests.common: Skipping signal changes during tests 
2026-02-09 10:40:35,857 1 INFO betopiaerp betopiaerp.tests.common: Skipping signal changes during tests 
2026-02-09 10:40:36,357 1 INFO betopiaerp betopiaerp.tests.common: Skipping signal changes during tests 
2026-02-09 10:40:36,357 1 INFO betopiaerp betopiaerp.addons.base.models.ir_cron: Job 'Dummy cron for TestIrCron oGDlArjBFMs' (36) partially done (#loop 20; done 1; remaining 1; duration 10.00s) 
2026-02-09 10:40:36,357 1 INFO betopiaerp betopiaerp.addons.base.models.ir_cron: Job 'Dummy cron for TestIrCron oGDlArjBFMs' (36) starting 
2026-02-09 10:40:36,857 1 INFO betopiaerp betopiaerp.tests.common: Skipping signal changes during tests 
2026-02-09 10:40:36,857 1 INFO betopiaerp betopiaerp.addons.base.models.ir_cron: Job 'Dummy cron for TestIrCron oGDlArjBFMs' (36) fully done (#loop 1; done 1; remaining 0; duration 0.50s) 
2026-02-09 10:40:36,857 1 INFO betopiaerp betopiaerp.addons.base.tests.test_ir_cron: Starting TestIrCron.test_cron_skip_unactive_triggers ... 
2026-02-09 10:40:36,857 1 INFO betopiaerp betopiaerp.addons.base.tests.test_ir_cron: Starting TestIrCron.test_cron_timeout_failure ... 
2026-02-09 10:40:36,857 1 INFO betopiaerp betopiaerp.addons.base.models.ir_cron: Job 'Dummy cron for TestIrCron O8qtSxiUTIY' (36) starting 
2026-02-09 10:40:36,857 1 INFO betopiaerp betopiaerp.tests.common: Skipping signal changes during tests 
2026-02-09 10:40:36,857 1 INFO betopiaerp betopiaerp.addons.base.models.ir_cron: Job 'Dummy cron for TestIrCron O8qtSxiUTIY' (36) fully done (#loop 1; done 0; remaining 0; duration 0.00s) 
2026-02-09 10:40:36,857 1 INFO betopiaerp betopiaerp.addons.base.tests.test_ir_cron: Starting TestIrCron.test_cron_timeout_success ... 
2026-02-09 10:40:36,857 1 INFO betopiaerp betopiaerp.addons.base.models.ir_cron: Job 'Dummy cron for TestIrCron b8DJo_HKrDQ' (36) starting 
2026-02-09 10:40:36,857 1 INFO betopiaerp betopiaerp.tests.common: Skipping signal changes during tests 
2026-02-09 10:40:36,857 1 INFO betopiaerp betopiaerp.addons.base.models.ir_cron: Job 'Dummy cron for TestIrCron b8DJo_HKrDQ' (36) fully done (#loop 1; done 0; remaining 0; duration 0.00s) 
2026-02-09 10:40:36,857 1 INFO betopiaerp betopiaerp.addons.base.tests.test_ir_cron: Starting TestIrCron.test_cron_unactive_never_ready ... 
2026-02-09 10:39:37,172 1 INFO betopiaerp betopiaerp.addons.base.models.ir_attachment: filestore gc 0 checked, 0 removed 
2026-02-09 10:39:37,173 1 INFO betopiaerp betopiaerp.addons.base.tests.test_ir_cron: Starting TestIrCronUser.test_cron_archived_admin_user ... 
2026-02-09 10:39:37,238 1 INFO betopiaerp betopiaerp.addons.base.models.ir_attachment: filestore gc 1 checked, 1 removed 
2026-02-09 10:39:37,239 1 INFO betopiaerp betopiaerp.addons.base.tests.test_ir_default: Starting TestIrDefault.test_conditions ... 
2026-02-09 10:39:37,242 1 INFO betopiaerp betopiaerp.models.unlink: User #1 deleted ir.default records with IDs: [1] 
2026-02-09 10:39:37,247 1 INFO betopiaerp betopiaerp.models.unlink: User #1 deleted ir.default records with IDs: [35] 
2026-02-09 10:39:37,251 1 INFO betopiaerp betopiaerp.addons.base.tests.test_ir_default: Starting TestIrDefault.test_defaults ... 
2026-02-09 10:39:37,350 1 INFO betopiaerp betopiaerp.models.unlink: User #1 deleted ir.default records with IDs: [1] 
2026-02-09 10:39:37,368 1 INFO betopiaerp betopiaerp.addons.base.tests.test_ir_default: Starting TestIrDefault.test_invalid ... 
2026-02-09 10:39:37,370 1 INFO betopiaerp betopiaerp.addons.base.tests.test_ir_default: Starting TestIrDefault.test_json_format_invalid ... 
2026-02-09 10:39:37,375 1 INFO betopiaerp betopiaerp.addons.base.tests.test_ir_default: Starting TestIrDefault.test_multi_company_defaults ... 
2026-02-09 10:39:37,541 1 INFO betopiaerp betopiaerp.addons.base.tests.test_ir_default: Starting TestIrDefault.test_removal ... 
2026-02-09 10:39:37,544 1 INFO betopiaerp betopiaerp.models.unlink: User #1 deleted ir.default records with IDs: [1] 
2026-02-09 10:39:37,555 1 INFO betopiaerp betopiaerp.models.unlink: User #1 deleted ir.default records with IDs: [44] 
2026-02-09 10:39:37,556 1 INFO betopiaerp betopiaerp.models.unlink: User #1 deleted res.country records with IDs: [403] 
2026-02-09 10:39:37,559 1 INFO betopiaerp betopiaerp.addons.base.models.ir_attachment: filestore gc 2 checked, 2 removed 
2026-02-09 10:39:37,593 1 INFO betopiaerp betopiaerp.addons.base.tests.test_ir_embedded_actions: Starting TestEmbeddedActionsBase.test_can_delete_custom_embedded_action ... 
2026-02-09 10:39:37,604 1 INFO betopiaerp betopiaerp.models.unlink: User #1 deleted ir.embedded.actions records with IDs: [39] 
2026-02-09 10:39:37,605 1 INFO betopiaerp betopiaerp.addons.base.tests.test_ir_embedded_actions: Starting TestEmbeddedActionsBase.test_cannot_delete_default_embedded_action ... 
2026-02-09 10:39:37,606 1 INFO betopiaerp betopiaerp.addons.base.tests.test_ir_embedded_actions: Starting TestEmbeddedActionsBase.test_create_embedded_action_with_action_and_python_method ... 
2026-02-09 10:39:37,608 1 INFO betopiaerp betopiaerp.addons.base.tests.test_ir_embedded_actions: Starting TestEmbeddedActionsBase.test_domain_on_embedded_action ... 
2026-02-09 10:39:37,620 1 INFO betopiaerp betopiaerp.addons.base.tests.test_ir_embedded_actions: Starting TestEmbeddedActionsBase.test_groups_on_embedded_action ... 
2026-02-09 10:39:37,653 1 INFO betopiaerp betopiaerp.addons.base.tests.test_ir_embedded_actions: Starting TestEmbeddedActionsBase.test_parent_has_embedded_actions ... 
2026-02-09 10:39:37,659 1 INFO betopiaerp betopiaerp.addons.base.models.ir_attachment: filestore gc 1 checked, 1 removed 
2026-02-09 10:39:37,687 1 INFO betopiaerp betopiaerp.addons.base.tests.test_ir_filters: Starting TestGetFilters.test_global_filters ... 
2026-02-09 10:39:37,704 1 INFO betopiaerp betopiaerp.addons.base.tests.test_ir_filters: Starting TestGetFilters.test_no_third_party_filters ... 
2026-02-09 10:39:37,720 1 INFO betopiaerp betopiaerp.addons.base.tests.test_ir_filters: Starting TestGetFilters.test_own_filters ... 
2026-02-09 10:39:37,738 1 INFO betopiaerp betopiaerp.addons.base.models.ir_attachment: filestore gc 1 checked, 1 removed 
2026-02-09 10:39:37,766 1 INFO betopiaerp betopiaerp.addons.base.tests.test_ir_filters: Starting TestEmbeddedFilters.test_global_filters_with_embedded_action ... 
2026-02-09 10:39:37,794 1 INFO betopiaerp betopiaerp.addons.base.tests.test_ir_filters: Starting TestEmbeddedFilters.test_global_filters_with_no_embedded_action ... 
2026-02-09 10:39:37,810 1 INFO betopiaerp betopiaerp.addons.base.models.ir_attachment: filestore gc 1 checked, 1 removed 
2026-02-09 10:39:37,811 1 INFO betopiaerp betopiaerp.addons.base.tests.test_ir_mail_server: Starting EmailConfigCase.test_default_email_from ... 
2026-02-09 10:39:37,814 1 INFO betopiaerp betopiaerp.addons.base.models.ir_attachment: filestore gc 0 checked, 0 removed 
2026-02-09 10:39:37,818 1 INFO betopiaerp betopiaerp.addons.base.tests.test_ir_mail_server: Starting TestIrMailServer.test_assert_base_values ... 
2026-02-09 10:39:37,820 1 INFO betopiaerp betopiaerp.addons.base.tests.test_ir_mail_server: Starting TestIrMailServer.test_bpo_34424_35805 ... 
2026-02-09 10:39:37,822 1 INFO betopiaerp betopiaerp.addons.base.tests.test_ir_mail_server: Starting TestIrMailServer.test_content_alternative_correct_order ... 
2026-02-09 10:39:37,827 1 INFO betopiaerp betopiaerp.addons.base.tests.test_ir_mail_server: Starting TestIrMailServer.test_content_mail_body ... 
2026-02-09 10:39:37,834 1 INFO betopiaerp betopiaerp.addons.base.tests.test_ir_mail_server: Starting TestIrMailServer.test_eml_attachment_encoding ... 
2026-02-09 10:39:37,837 1 INFO betopiaerp betopiaerp.addons.base.tests.test_ir_mail_server: Starting TestIrMailServer.test_eml_message_serialization_with_non_ascii ... 
2026-02-09 10:39:37,840 1 INFO betopiaerp betopiaerp.addons.base.tests.test_ir_mail_server: Starting TestIrMailServer.test_mail_server_auth_cert_requires_tls ... 
2026-02-09 10:39:37,843 1 INFO betopiaerp betopiaerp.addons.base.tests.test_ir_mail_server: Starting TestIrMailServer.test_mail_server_config_bin ... 
2026-02-09 10:39:37,874 1 INFO betopiaerp betopiaerp.addons.base.tests.test_ir_mail_server: Starting TestIrMailServer.test_mail_server_config_cli ... 
2026-02-09 10:39:37,887 1 INFO betopiaerp betopiaerp.addons.base.tests.test_ir_mail_server: Starting TestIrMailServer.test_mail_server_get_test_email_from ... 
2026-02-09 10:39:37,902 1 INFO betopiaerp betopiaerp.addons.base.tests.test_ir_mail_server: Starting TestIrMailServer.test_mail_server_match_from_filter ... 
2026-02-09 10:39:37,904 1 INFO betopiaerp betopiaerp.addons.base.tests.test_ir_mail_server: Starting TestIrMailServer.test_mail_server_priorities ... 
2026-02-09 10:39:37,907 1 INFO betopiaerp betopiaerp.addons.base.tests.test_ir_mail_server: Starting TestIrMailServer.test_mail_server_send_email ... 
2026-02-09 10:39:37,932 1 INFO betopiaerp betopiaerp.addons.base.tests.test_ir_mail_server: Starting TestIrMailServer.test_mail_server_send_email_IDNA ... 
2026-02-09 10:39:37,935 1 INFO betopiaerp betopiaerp.addons.base.tests.test_ir_mail_server: Starting TestIrMailServer.test_mail_server_send_email_context_force ... 
2026-02-09 10:39:37,944 1 INFO betopiaerp betopiaerp.addons.base.models.ir_attachment: filestore gc 0 checked, 0 removed 
2026-02-09 10:39:37,945 1 INFO betopiaerp betopiaerp.addons.base.tests.test_ir_mail_server_smtpd: Starting TestIrMailServerSMTPD.test_authentication_certificate_matrix ... 
2026-02-09 10:39:37,945 1 INFO betopiaerp betopiaerp.addons.base.tests.test_ir_mail_server_smtpd: skipped TestIrMailServerSMTPD.test_authentication_certificate_matrix : aiosmtpd couldn't be imported 
2026-02-09 10:39:37,946 1 INFO betopiaerp betopiaerp.addons.base.tests.test_ir_mail_server_smtpd: Starting TestIrMailServerSMTPD.test_authentication_login_matrix ... 
2026-02-09 10:39:37,946 1 INFO betopiaerp betopiaerp.addons.base.tests.test_ir_mail_server_smtpd: skipped TestIrMailServerSMTPD.test_authentication_login_matrix : aiosmtpd couldn't be imported 
2026-02-09 10:39:37,946 1 INFO betopiaerp betopiaerp.addons.base.tests.test_ir_mail_server_smtpd: Starting TestIrMailServerSMTPD.test_encryption_matrix ... 
2026-02-09 10:39:37,946 1 INFO betopiaerp betopiaerp.addons.base.tests.test_ir_mail_server_smtpd: skipped TestIrMailServerSMTPD.test_encryption_matrix : aiosmtpd couldn't be imported 
2026-02-09 10:39:37,947 1 INFO betopiaerp betopiaerp.addons.base.tests.test_ir_mail_server_smtpd: Starting TestIrMailServerSMTPD.test_man_in_the_middle_matrix ... 
2026-02-09 10:39:37,947 1 INFO betopiaerp betopiaerp.addons.base.tests.test_ir_mail_server_smtpd: skipped TestIrMailServerSMTPD.test_man_in_the_middle_matrix : aiosmtpd couldn't be imported 
2026-02-09 10:39:37,948 1 INFO betopiaerp betopiaerp.addons.base.tests.test_ir_model: Starting TestXMLID.test_create ... 
2026-02-09 10:39:37,953 1 INFO betopiaerp betopiaerp.addons.base.tests.test_ir_model: Starting TestXMLID.test_create_external_id_with_space ... 
2026-02-09 10:39:37,957 1 INFO betopiaerp betopiaerp.addons.base.tests.test_ir_model: Starting TestXMLID.test_create_inherits ... 
2026-02-09 10:39:37,978 1 INFO betopiaerp betopiaerp.addons.base.tests.test_ir_model: Starting TestXMLID.test_create_noupdate ... 
2026-02-09 10:39:37,984 1 INFO betopiaerp betopiaerp.addons.base.tests.test_ir_model: Starting TestXMLID.test_create_noupdate_multi ... 
2026-02-09 10:39:37,988 1 INFO betopiaerp betopiaerp.addons.base.tests.test_ir_model: Starting TestXMLID.test_create_order ... 
2026-02-09 10:39:37,994 1 INFO betopiaerp betopiaerp.addons.base.tests.test_ir_model: Starting TestXMLID.test_create_xmlids ... 
2026-02-09 10:39:38,025 1 INFO betopiaerp betopiaerp.addons.base.tests.test_ir_model: Starting TestXMLID.test_recreate ... 
2026-02-09 10:39:38,033 1 INFO betopiaerp betopiaerp.models.unlink: User #1 deleted ir.model.data records with IDs: [59237] 
2026-02-09 10:39:38,033 1 INFO betopiaerp betopiaerp.models.unlink: User #1 deleted res.partner.category records with IDs: [447] 
2026-02-09 10:39:38,036 1 INFO betopiaerp betopiaerp.addons.base.tests.test_ir_model: Starting TestXMLID.test_update_xmlid ... 
2026-02-09 10:39:38,041 1 INFO betopiaerp betopiaerp.addons.base.models.ir_attachment: filestore gc 2 checked, 2 removed 
2026-02-09 10:39:38,042 1 INFO betopiaerp betopiaerp.addons.base.tests.test_ir_model: Starting TestEvalContext.test_module_usage ... 
2026-02-09 10:39:38,095 1 INFO betopiaerp betopiaerp.addons.base.models.ir_attachment: filestore gc 0 checked, 0 removed 
2026-02-09 10:39:38,096 1 INFO betopiaerp betopiaerp.addons.base.tests.test_ir_model: Starting TestIrModelInherit.test_inherit ... 
2026-02-09 10:39:38,099 1 INFO betopiaerp betopiaerp.addons.base.tests.test_ir_model: Starting TestIrModelInherit.test_inherits ... 
2026-02-09 10:39:38,102 1 INFO betopiaerp betopiaerp.addons.base.models.ir_attachment: filestore gc 0 checked, 0 removed 
2026-02-09 10:39:38,103 1 INFO betopiaerp betopiaerp.addons.base.tests.test_ir_module: Starting IrModuleCase.test_missing_module_icon ... 
2026-02-09 10:39:38,117 1 INFO betopiaerp betopiaerp.addons.base.tests.test_ir_module: Starting IrModuleCase.test_module_wrong_icon ... 
2026-02-09 10:39:38,124 1 INFO betopiaerp betopiaerp.addons.base.tests.test_ir_module: Starting IrModuleCase.test_new_module_icon ... 
2026-02-09 10:39:38,126 1 INFO betopiaerp betopiaerp.addons.base.models.ir_attachment: filestore gc 0 checked, 0 removed 
2026-02-09 10:39:38,127 1 INFO betopiaerp betopiaerp.addons.base.tests.test_ir_module_category: Starting TestModuleCategory.test_parent_circular_dependencies ... 
2026-02-09 10:39:38,138 1 INFO betopiaerp betopiaerp.addons.base.models.ir_attachment: filestore gc 0 checked, 0 removed 
2026-02-09 10:39:38,139 1 INFO betopiaerp betopiaerp.addons.base.tests.test_ir_sequence: Starting TestIrSequenceStandard.test_ir_sequence_create ... 
2026-02-09 10:39:38,143 1 INFO betopiaerp betopiaerp.addons.base.tests.test_ir_sequence: Starting TestIrSequenceStandard.test_ir_sequence_draw ... 
2026-02-09 10:39:38,148 1 INFO betopiaerp betopiaerp.addons.base.tests.test_ir_sequence: Starting TestIrSequenceStandard.test_ir_sequence_draw_twice ... 
2026-02-09 10:39:38,155 1 INFO betopiaerp betopiaerp.addons.base.tests.test_ir_sequence: Starting TestIrSequenceStandard.test_ir_sequence_search ... 
2026-02-09 10:39:38,160 1 INFO betopiaerp betopiaerp.models.unlink: User #1 deleted ir.sequence records with IDs: [46] 
2026-02-09 10:39:38,162 1 INFO betopiaerp betopiaerp.addons.base.tests.test_ir_sequence: Starting TestIrSequenceNoGap.test_ir_sequence_create_no_gap ... 
2026-02-09 10:39:38,166 1 INFO betopiaerp betopiaerp.addons.base.tests.test_ir_sequence: Starting TestIrSequenceNoGap.test_ir_sequence_draw_no_gap ... 
2026-02-09 10:39:38,170 1 INFO betopiaerp betopiaerp.addons.base.tests.test_ir_sequence: Starting TestIrSequenceNoGap.test_ir_sequence_draw_twice_no_gap ... 
2026-02-09 10:39:38,179 1 INFO betopiaerp betopiaerp.models.unlink: User #1 deleted ir.sequence records with IDs: [47] 
2026-02-09 10:39:38,181 1 INFO betopiaerp betopiaerp.addons.base.tests.test_ir_sequence: Starting TestIrSequenceChangeImplementation.test_ir_sequence_1_create ... 
2026-02-09 10:39:38,186 1 INFO betopiaerp betopiaerp.addons.base.tests.test_ir_sequence: Starting TestIrSequenceChangeImplementation.test_ir_sequence_2_write ... 
2026-02-09 10:39:38,192 1 INFO betopiaerp betopiaerp.addons.base.tests.test_ir_sequence: Starting TestIrSequenceChangeImplementation.test_ir_sequence_3_unlink ... 
2026-02-09 10:39:38,196 1 INFO betopiaerp betopiaerp.models.unlink: User #1 deleted ir.sequence records with IDs: [48, 49] 
2026-02-09 10:39:38,200 1 INFO betopiaerp betopiaerp.addons.base.tests.test_ir_sequence: Starting TestIrSequenceGenerate.test_ir_sequence_create ... 
2026-02-09 10:39:38,213 1 INFO betopiaerp betopiaerp.addons.base.tests.test_ir_sequence: Starting TestIrSequenceGenerate.test_ir_sequence_create_no_gap ... 
2026-02-09 10:39:38,231 1 INFO betopiaerp betopiaerp.addons.base.tests.test_ir_sequence: Starting TestIrSequenceGenerate.test_ir_sequence_interpolation_dict ... 
2026-02-09 10:39:38,236 1 INFO betopiaerp betopiaerp.addons.base.tests.test_ir_sequence: Starting TestIrSequenceGenerate.test_ir_sequence_iso_directives ... 
2026-02-09 10:39:38,241 1 INFO betopiaerp betopiaerp.addons.base.tests.test_ir_sequence: Starting TestIrSequenceGenerate.test_ir_sequence_prefix ... 
2026-02-09 10:39:38,248 1 INFO betopiaerp betopiaerp.addons.base.tests.test_ir_sequence: Starting TestIrSequenceGenerate.test_ir_sequence_suffix ... 
2026-02-09 10:39:38,256 1 INFO betopiaerp betopiaerp.models.unlink: User #1 deleted ir.sequence records with IDs: [50, 51, 52, 53, 54, 55] 
2026-02-09 10:39:38,259 1 INFO betopiaerp betopiaerp.addons.base.tests.test_ir_sequence: Starting TestIrSequenceInit.test_00 ... 
2026-02-09 10:39:38,265 1 INFO betopiaerp betopiaerp.addons.base.models.ir_attachment: filestore gc 0 checked, 0 removed 
2026-02-09 10:39:38,266 1 INFO betopiaerp betopiaerp.addons.base.tests.test_ir_sequence_date_range: Starting TestIrSequenceDateRangeStandard.test_ir_sequence_date_range_1_create ... 
2026-02-09 10:39:38,268 1 INFO betopiaerp betopiaerp.addons.base.tests.test_ir_sequence_date_range: Starting TestIrSequenceDateRangeStandard.test_ir_sequence_date_range_2_change_dates ... 
2026-02-09 10:39:38,279 1 INFO betopiaerp betopiaerp.addons.base.tests.test_ir_sequence_date_range: Starting TestIrSequenceDateRangeStandard.test_ir_sequence_date_range_3_unlink ... 
2026-02-09 10:39:38,282 1 INFO betopiaerp betopiaerp.models.unlink: User #1 deleted ir.sequence records with IDs: [57] 
2026-02-09 10:39:38,284 1 INFO betopiaerp betopiaerp.addons.base.tests.test_ir_sequence_date_range: Starting TestIrSequenceDateRangeNoGap.test_ir_sequence_date_range_1_create_no_gap ... 
2026-02-09 10:39:38,286 1 INFO betopiaerp betopiaerp.addons.base.tests.test_ir_sequence_date_range: Starting TestIrSequenceDateRangeNoGap.test_ir_sequence_date_range_2_change_dates ... 
2026-02-09 10:39:38,296 1 INFO betopiaerp betopiaerp.addons.base.tests.test_ir_sequence_date_range: Starting TestIrSequenceDateRangeNoGap.test_ir_sequence_date_range_3_unlink ... 
2026-02-09 10:39:38,299 1 INFO betopiaerp betopiaerp.models.unlink: User #1 deleted ir.sequence records with IDs: [58] 
2026-02-09 10:39:38,300 1 INFO betopiaerp betopiaerp.addons.base.tests.test_ir_sequence_date_range: Starting TestIrSequenceDateRangeChangeImplementation.test_ir_sequence_date_range_1_create ... 
2026-02-09 10:39:38,303 1 INFO betopiaerp betopiaerp.addons.base.tests.test_ir_sequence_date_range: Starting TestIrSequenceDateRangeChangeImplementation.test_ir_sequence_date_range_2_use ... 
2026-02-09 10:39:38,335 1 INFO betopiaerp betopiaerp.addons.base.tests.test_ir_sequence_date_range: Starting TestIrSequenceDateRangeChangeImplementation.test_ir_sequence_date_range_3_write ... 
2026-02-09 10:39:38,339 1 INFO betopiaerp betopiaerp.addons.base.tests.test_ir_sequence_date_range: Starting TestIrSequenceDateRangeChangeImplementation.test_ir_sequence_date_range_4_unlink ... 
2026-02-09 10:39:38,342 1 INFO betopiaerp betopiaerp.models.unlink: User #1 deleted ir.sequence records with IDs: [59, 60] 
2026-02-09 10:39:38,344 1 INFO betopiaerp betopiaerp.addons.base.tests.test_mail: Starting TestSanitizer.test_abrupt_close ... 
2026-02-09 10:39:38,344 1 INFO betopiaerp betopiaerp.addons.base.tests.test_mail: Starting TestSanitizer.test_abrut_malformed ... 
2026-02-09 10:39:38,345 1 INFO betopiaerp betopiaerp.addons.base.tests.test_mail: Starting TestSanitizer.test_basic_sanitizer ... 
2026-02-09 10:39:38,347 1 INFO betopiaerp betopiaerp.addons.base.tests.test_mail: Starting TestSanitizer.test_cid_with_at ... 
2026-02-09 10:39:38,347 1 INFO betopiaerp betopiaerp.addons.base.tests.test_mail: Starting TestSanitizer.test_comment_malformed ... 
2026-02-09 10:39:38,348 1 INFO betopiaerp betopiaerp.addons.base.tests.test_mail: Starting TestSanitizer.test_comment_multiline ... 
2026-02-09 10:39:38,348 1 INFO betopiaerp betopiaerp.addons.base.tests.test_mail: Starting TestSanitizer.test_edi_source ... 
2026-02-09 10:39:38,350 1 INFO betopiaerp betopiaerp.addons.base.tests.test_mail: Starting TestSanitizer.test_evil_malicious_code ... 
2026-02-09 10:39:38,353 1 INFO betopiaerp betopiaerp.addons.base.tests.test_mail: Starting TestSanitizer.test_html ... 
2026-02-09 10:39:38,354 1 INFO betopiaerp betopiaerp.addons.base.tests.test_mail: Starting TestSanitizer.test_misc ... 
2026-02-09 10:39:38,355 1 INFO betopiaerp betopiaerp.addons.base.tests.test_mail: Starting TestSanitizer.test_outlook_mail_sanitize ... 
2026-02-09 10:39:38,355 1 INFO betopiaerp betopiaerp.addons.base.tests.test_mail: Starting TestSanitizer.test_quote_basic_text ... 
2026-02-09 10:39:38,356 1 INFO betopiaerp betopiaerp.addons.base.tests.test_mail: Starting TestSanitizer.test_quote_blockquote ... 
2026-02-09 10:39:38,357 1 INFO betopiaerp betopiaerp.addons.base.tests.test_mail: Starting TestSanitizer.test_quote_bugs ... 
2026-02-09 10:39:38,358 1 INFO betopiaerp betopiaerp.addons.base.tests.test_mail: Starting TestSanitizer.test_quote_gmail ... 
2026-02-09 10:39:38,359 1 INFO betopiaerp betopiaerp.addons.base.tests.test_mail: Starting TestSanitizer.test_quote_hotmail_html ... 
2026-02-09 10:39:38,361 1 INFO betopiaerp betopiaerp.addons.base.tests.test_mail: Starting TestSanitizer.test_quote_outlook_html ... 
2026-02-09 10:39:38,362 1 INFO betopiaerp betopiaerp.addons.base.tests.test_mail: Starting TestSanitizer.test_quote_signature ... 
2026-02-09 10:39:38,362 1 INFO betopiaerp betopiaerp.addons.base.tests.test_mail: Starting TestSanitizer.test_quote_signature_container_propagation ... 
2026-02-09 10:39:38,363 1 INFO betopiaerp betopiaerp.addons.base.tests.test_mail: Starting TestSanitizer.test_quote_text ... 
2026-02-09 10:39:38,364 1 INFO betopiaerp betopiaerp.addons.base.tests.test_mail: Starting TestSanitizer.test_quote_thunderbird ... 
2026-02-09 10:39:38,365 1 INFO betopiaerp betopiaerp.addons.base.tests.test_mail: Starting TestSanitizer.test_quote_thunderbird_html ... 
2026-02-09 10:39:38,366 1 INFO betopiaerp betopiaerp.addons.base.tests.test_mail: Starting TestSanitizer.test_quote_yahoo_html ... 
2026-02-09 10:39:38,366 1 INFO betopiaerp betopiaerp.addons.base.tests.test_mail: Starting TestSanitizer.test_sanitize_unescape_emails ... 
2026-02-09 10:39:38,367 1 INFO betopiaerp betopiaerp.addons.base.tests.test_mail: Starting TestSanitizer.test_style_class ... 
2026-02-09 10:39:38,368 1 INFO betopiaerp betopiaerp.addons.base.tests.test_mail: Starting TestSanitizer.test_style_class_only ... 
2026-02-09 10:39:38,369 1 INFO betopiaerp betopiaerp.addons.base.tests.test_mail: Starting TestSanitizer.test_style_parsing ... 
2026-02-09 10:39:38,370 1 INFO betopiaerp betopiaerp.addons.base.tests.test_mail: Starting TestHtmlTools.test_append_to_html ... 
2026-02-09 10:39:38,371 1 INFO betopiaerp betopiaerp.addons.base.tests.test_mail: Starting TestHtmlTools.test_html_html_to_inner_content ... 
2026-02-09 10:39:38,372 1 INFO betopiaerp betopiaerp.addons.base.tests.test_mail: Starting TestHtmlTools.test_is_html_empty ... 
2026-02-09 10:39:38,372 1 INFO betopiaerp betopiaerp.addons.base.tests.test_mail: Starting TestHtmlTools.test_nl2br_enclose ... 
2026-02-09 10:39:38,373 1 INFO betopiaerp betopiaerp.addons.base.tests.test_mail: Starting TestHtmlTools.test_plaintext2html ... 
2026-02-09 10:39:38,373 1 INFO betopiaerp betopiaerp.addons.base.tests.test_mail: Starting TestHtmlTools.test_prepend_html_content ... 
2026-02-09 10:39:38,374 1 INFO betopiaerp betopiaerp.addons.base.tests.test_mail: Starting TestEmailTools.test_email_anonymize ... 
2026-02-09 10:39:38,374 1 INFO betopiaerp betopiaerp.addons.base.tests.test_mail: Starting TestEmailTools.test_email_domain_normalize ... 
2026-02-09 10:39:38,374 1 INFO betopiaerp betopiaerp.addons.base.tests.test_mail: Starting TestEmailTools.test_email_formataddr ... 
2026-02-09 10:39:38,375 1 INFO betopiaerp betopiaerp.addons.base.tests.test_mail: Starting TestEmailTools.test_email_normalize ... 
2026-02-09 10:39:38,376 1 INFO betopiaerp betopiaerp.addons.base.tests.test_mail: Starting TestEmailTools.test_email_re ... 
2026-02-09 10:39:38,376 1 INFO betopiaerp betopiaerp.addons.base.tests.test_mail: Starting TestEmailTools.test_email_split ... 
2026-02-09 10:39:38,377 1 INFO betopiaerp betopiaerp.addons.base.tests.test_mail: Starting TestEmailTools.test_email_split_and_format ... 
2026-02-09 10:39:38,378 1 INFO betopiaerp betopiaerp.addons.base.tests.test_mail: Starting TestEmailTools.test_email_split_tuples ... 
2026-02-09 10:39:38,379 1 INFO betopiaerp betopiaerp.addons.base.tests.test_mail: Starting TestEmailTools.test_extract_rfc2822_addresses ... 
2026-02-09 10:39:38,379 1 INFO betopiaerp betopiaerp.addons.base.tests.test_mail: Starting TestEmailTools.test_single_email_re ... 
2026-02-09 10:39:38,380 1 INFO betopiaerp betopiaerp.addons.base.tests.test_mail: Starting TestMailTools.test_html2plaintext ... 
2026-02-09 10:39:38,381 1 INFO betopiaerp betopiaerp.addons.base.tests.test_menu: Starting TestMenu.test_00_menu_deletion ... 
2026-02-09 10:39:38,396 1 INFO betopiaerp betopiaerp.models.unlink: User #1 deleted ir.ui.menu records with IDs: [90] 
2026-02-09 10:39:38,399 1 INFO betopiaerp betopiaerp.addons.base.models.ir_attachment: filestore gc 0 checked, 0 removed 
2026-02-09 10:39:38,400 1 INFO betopiaerp betopiaerp.addons.base.tests.test_mimetypes: Starting test_guess_mimetype.test_default_mimetype ... 
2026-02-09 10:39:38,400 1 INFO betopiaerp betopiaerp.addons.base.tests.test_mimetypes: Starting test_guess_mimetype.test_default_mimetype_empty ... 
2026-02-09 10:39:38,401 1 INFO betopiaerp betopiaerp.addons.base.tests.test_mimetypes: Starting test_guess_mimetype.test_mimetype_bmp ... 
2026-02-09 10:39:38,401 1 INFO betopiaerp betopiaerp.addons.base.tests.test_mimetypes: Starting test_guess_mimetype.test_mimetype_fix_extension ... 
2026-02-09 10:39:38,401 1 WARNING betopiaerp betopiaerp.tools.mimetypes: File 'sheet.xlsx' has an unknown extension for mimetype 'application/vnd.openxmlformats-officedocument.spreadsheetml.sheet' 
2026-02-09 10:39:38,402 1 INFO betopiaerp betopiaerp.addons.base.tests.test_mimetypes: Starting test_guess_mimetype.test_mimetype_get_extension ... 
2026-02-09 10:39:38,402 1 INFO betopiaerp betopiaerp.addons.base.tests.test_mimetypes: Starting test_guess_mimetype.test_mimetype_gif ... 
2026-02-09 10:39:38,403 1 INFO betopiaerp betopiaerp.addons.base.tests.test_mimetypes: Starting test_guess_mimetype.test_mimetype_jpg ... 
2026-02-09 10:39:38,403 1 INFO betopiaerp betopiaerp.addons.base.tests.test_mimetypes: Starting test_guess_mimetype.test_mimetype_octet_stream ... 
2026-02-09 10:39:38,403 1 INFO betopiaerp betopiaerp.addons.base.tests.test_mimetypes: Starting test_guess_mimetype.test_mimetype_png ... 
2026-02-09 10:39:38,403 1 INFO betopiaerp betopiaerp.addons.base.tests.test_mimetypes: Starting test_guess_mimetype.test_mimetype_svg ... 
2026-02-09 10:39:38,404 1 INFO betopiaerp betopiaerp.addons.base.tests.test_mimetypes: Starting test_guess_mimetype.test_mimetype_txt ... 
2026-02-09 10:39:38,404 1 INFO betopiaerp betopiaerp.addons.base.tests.test_mimetypes: Starting test_guess_mimetype.test_mimetype_webp ... 
2026-02-09 10:39:38,404 1 INFO betopiaerp betopiaerp.addons.base.tests.test_mimetypes: Starting test_guess_mimetype.test_mimetype_xml ... 
2026-02-09 10:39:38,405 1 INFO betopiaerp betopiaerp.addons.base.tests.test_mimetypes: Starting test_guess_mimetype.test_mimetype_zip ... 
2026-02-09 10:39:38,406 1 INFO betopiaerp betopiaerp.addons.base.tests.test_misc: Starting TestMergeSequences.test_merge_sequences ... 
2026-02-09 10:39:38,407 1 INFO betopiaerp betopiaerp.addons.base.tests.test_misc: Starting TestFormatLangDate.test_00_accepted_types ... 
2026-02-09 10:39:38,416 1 INFO betopiaerp betopiaerp.addons.base.tests.test_misc: Starting TestFormatLangDate.test_01_code_and_format ... 
2026-02-09 10:39:38,430 1 INFO betopiaerp betopiaerp.addons.base.tests.test_misc: Starting TestFormatLangDate.test_02_tz ... 
2026-02-09 10:39:38,437 1 INFO betopiaerp betopiaerp.addons.base.models.ir_attachment: filestore gc 0 checked, 0 removed 
2026-02-09 10:39:38,437 1 INFO betopiaerp betopiaerp.addons.base.tests.test_misc: Starting TestCallbacks.test_aggregate ... 
2026-02-09 10:39:38,438 1 INFO betopiaerp betopiaerp.addons.base.tests.test_misc: Starting TestCallbacks.test_callback ... 
2026-02-09 10:39:38,438 1 INFO betopiaerp betopiaerp.addons.base.tests.test_misc: Starting TestCallbacks.test_reentrant ... 
2026-02-09 10:39:38,438 1 INFO betopiaerp betopiaerp.addons.base.tests.test_misc: Starting TestRemoveAccents.test_empty_string ... 
2026-02-09 10:39:38,439 1 INFO betopiaerp betopiaerp.addons.base.tests.test_misc: Starting TestRemoveAccents.test_latin ... 
2026-02-09 10:39:38,439 1 INFO betopiaerp betopiaerp.addons.base.tests.test_misc: Starting TestRemoveAccents.test_non_latin ... 
2026-02-09 10:39:38,439 1 INFO betopiaerp betopiaerp.addons.base.tests.test_misc: Starting TestAddonsFileAccess.test_file_open ... 
2026-02-09 10:39:38,462 1 INFO betopiaerp betopiaerp.addons.base.tests.test_misc: Starting TestAddonsFileAccess.test_file_path ... 
2026-02-09 10:39:38,472 1 INFO betopiaerp betopiaerp.addons.base.tests.test_misc: Starting TestDictTools.test_readonly_dict ... 
2026-02-09 10:39:38,473 1 INFO betopiaerp betopiaerp.addons.base.tests.test_misc: Starting TestFormatLang.test_currency_object ... 
2026-02-09 10:39:38,489 1 INFO betopiaerp betopiaerp.addons.base.tests.test_misc: Starting TestFormatLang.test_decimal_precision ... 
2026-02-09 10:39:38,494 1 INFO betopiaerp betopiaerp.addons.base.tests.test_misc: Starting TestFormatLang.test_decimal_precision_and_currency_object ... 
2026-02-09 10:39:38,507 1 INFO betopiaerp betopiaerp.addons.base.tests.test_misc: Starting TestFormatLang.test_format_decimal_point_without_grouping ... 
2026-02-09 10:39:38,511 1 INFO betopiaerp betopiaerp.addons.base.tests.test_misc: Starting TestFormatLang.test_grouping ... 
2026-02-09 10:39:38,514 1 INFO betopiaerp betopiaerp.addons.base.tests.test_misc: Starting TestFormatLang.test_rounding_method ... 
2026-02-09 10:39:38,517 1 INFO betopiaerp betopiaerp.addons.base.tests.test_misc: Starting TestFormatLang.test_rounding_method_and_rounding_unit ... 
2026-02-09 10:39:38,520 1 INFO betopiaerp betopiaerp.addons.base.tests.test_misc: Starting TestFormatLang.test_rounding_unit ... 
2026-02-09 10:39:38,524 1 INFO betopiaerp betopiaerp.addons.base.tests.test_misc: Starting TestFormatLang.test_value_and_digits ... 
2026-02-09 10:39:38,529 1 INFO betopiaerp betopiaerp.addons.base.models.ir_attachment: filestore gc 0 checked, 0 removed 
2026-02-09 10:39:38,529 1 INFO betopiaerp betopiaerp.addons.base.tests.test_misc: Starting TestUrlValidate.test_url_validate ... 
2026-02-09 10:39:38,530 1 INFO betopiaerp betopiaerp.addons.base.tests.test_misc: Starting TestUrlJoin.test_absolute_url_raises ... 
2026-02-09 10:39:38,531 1 INFO betopiaerp betopiaerp.addons.base.tests.test_misc: Starting TestUrlJoin.test_allow_query_override ... 
2026-02-09 10:39:38,531 1 INFO betopiaerp betopiaerp.addons.base.tests.test_misc: Starting TestUrlJoin.test_base_has_no_path ... 
2026-02-09 10:39:38,532 1 INFO betopiaerp betopiaerp.addons.base.tests.test_misc: Starting TestUrlJoin.test_basic_relative_path ... 
2026-02-09 10:39:38,532 1 INFO betopiaerp betopiaerp.addons.base.tests.test_misc: Starting TestUrlJoin.test_dot_segments_not_allowed ... 
2026-02-09 10:39:38,533 1 INFO betopiaerp betopiaerp.addons.base.tests.test_misc: Starting TestUrlJoin.test_empty_base_string ... 
2026-02-09 10:39:38,533 1 INFO betopiaerp betopiaerp.addons.base.tests.test_misc: Starting TestUrlJoin.test_extra_trailing_slash ... 
2026-02-09 10:39:38,533 1 INFO betopiaerp betopiaerp.addons.base.tests.test_misc: Starting TestUrlJoin.test_leading_and_trailing_slashes ... 
2026-02-09 10:39:38,534 1 INFO betopiaerp betopiaerp.addons.base.tests.test_misc: Starting TestUrlJoin.test_not_string_fails ... 
2026-02-09 10:39:38,534 1 INFO betopiaerp betopiaerp.addons.base.tests.test_misc: Starting TestUrlJoin.test_only_extra_fragments ... 
2026-02-09 10:39:38,534 1 INFO betopiaerp betopiaerp.addons.base.tests.test_misc: Starting TestUrlJoin.test_path_normalization ... 
2026-02-09 10:39:38,535 1 INFO betopiaerp betopiaerp.addons.base.tests.test_misc: Starting TestUrlJoin.test_percent_encoding ... 
2026-02-09 10:39:38,535 1 INFO betopiaerp betopiaerp.addons.base.tests.test_misc: Starting TestUrlJoin.test_query_keeps_base_by_default ... 
2026-02-09 10:39:38,535 1 INFO betopiaerp betopiaerp.addons.base.tests.test_misc: Starting TestUrlJoin.test_whitespaces ... 
2026-02-09 10:39:38,536 1 INFO betopiaerp betopiaerp.addons.base.tests.test_misc: Starting TestMiscToken.test_None_payload ... 
2026-02-09 10:39:38,538 1 INFO betopiaerp betopiaerp.addons.base.tests.test_misc: Starting TestMiscToken.test_expired_token ... 
2026-02-09 10:39:38,539 1 INFO betopiaerp betopiaerp.addons.base.tests.test_misc: Starting TestMiscToken.test_list_payload ... 
2026-02-09 10:39:38,540 1 INFO betopiaerp betopiaerp.addons.base.tests.test_misc: Starting TestMiscToken.test_long_payload ... 
2026-02-09 10:39:38,541 1 INFO betopiaerp betopiaerp.addons.base.tests.test_misc: Starting TestMiscToken.test_modified_payload ... 
2026-02-09 10:39:38,543 1 INFO betopiaerp betopiaerp.addons.base.models.ir_attachment: filestore gc 0 checked, 0 removed 
2026-02-09 10:39:38,555 1 INFO betopiaerp betopiaerp.addons.base.tests.test_misc: Starting TestFormatAmountFunction.test_trailing_false_on_number_having_no_trailing_zeroes ... 
2026-02-09 10:39:38,559 1 INFO betopiaerp betopiaerp.addons.base.tests.test_misc: Starting TestFormatAmountFunction.test_trailing_false_on_number_having_trailing_zeroes ... 
2026-02-09 10:39:38,563 1 INFO betopiaerp betopiaerp.addons.base.tests.test_misc: Starting TestFormatAmountFunction.test_trailing_false_on_number_having_trailing_zeroes_with_kilikili_language ... 
2026-02-09 10:39:38,565 1 INFO betopiaerp betopiaerp.addons.base.tests.test_misc: Starting TestFormatAmountFunction.test_trailing_true_on_number_having_no_trailing_zeroes ... 
2026-02-09 10:39:38,569 1 INFO betopiaerp betopiaerp.addons.base.tests.test_misc: Starting TestFormatAmountFunction.test_trailing_zeroes_true_on_number_having_trailing_zeroes ... 
2026-02-09 10:39:38,573 1 INFO betopiaerp betopiaerp.addons.base.models.ir_attachment: filestore gc 0 checked, 0 removed 
2026-02-09 10:39:38,574 1 INFO betopiaerp betopiaerp.addons.base.tests.test_module: Starting TestModuleManifest.test_change_manifest ... 
2026-02-09 10:39:38,575 1 INFO betopiaerp betopiaerp.addons.base.tests.test_module: Starting TestModuleManifest.test_default_manifest ... 
2026-02-09 10:39:38,576 1 INFO betopiaerp betopiaerp.addons.base.tests.test_module: Starting TestModuleManifest.test_missing_license ... 
2026-02-09 10:39:38,577 1 INFO betopiaerp betopiaerp.addons.base.tests.test_module: Starting TestModuleManifest.test_missing_manifest ... 
2026-02-09 10:39:38,577 1 INFO betopiaerp betopiaerp.addons.base.tests.test_module_graph: Starting TestGraph.test_graph_order_1 ... 
2026-02-09 10:39:38,580 1 INFO betopiaerp betopiaerp.addons.base.tests.test_module_graph: Starting TestGraph.test_graph_order_2 ... 
2026-02-09 10:39:38,581 1 INFO betopiaerp betopiaerp.addons.base.tests.test_module_graph: Starting TestGraph.test_graph_order_3 ... 
2026-02-09 10:39:38,582 1 INFO betopiaerp betopiaerp.addons.base.tests.test_module_graph: Starting TestGraph.test_graph_order_with_test_modules ... 
2026-02-09 10:39:38,584 1 INFO betopiaerp betopiaerp.addons.base.tests.test_num2words_ar: Starting TestNum2WordsAr.test_decimal_multiple_of_thousands ... 
2026-02-09 10:39:38,585 1 INFO betopiaerp betopiaerp.addons.base.tests.test_num2words_ar: Starting TestNum2WordsAr.test_multiple_of_thousands ... 
2026-02-09 10:39:38,586 1 INFO betopiaerp betopiaerp.addons.base.models.ir_attachment: filestore gc 0 checked, 0 removed 
2026-02-09 10:39:38,587 1 INFO betopiaerp betopiaerp.addons.base.tests.test_orm: Starting TestORM.test_access_deleted_records ... 
2026-02-09 10:39:38,615 1 INFO betopiaerp betopiaerp.addons.base.tests.test_orm: Starting TestORM.test_access_filtered_records ... 
2026-02-09 10:39:38,656 1 INFO betopiaerp betopiaerp.addons.base.models.ir_model: Access Denied by ACLs for operation: unlink, uid: 620, model: res.partner 
2026-02-09 10:39:38,667 1 INFO betopiaerp betopiaerp.addons.base.models.ir_model: Access Denied by ACLs for operation: unlink, uid: 620, model: res.partner 
2026-02-09 10:39:38,669 1 INFO betopiaerp betopiaerp.addons.base.tests.test_orm: Starting TestORM.test_access_partial_deletion ... 
2026-02-09 10:39:38,683 1 INFO betopiaerp betopiaerp.addons.base.tests.test_orm: Starting TestORM.test_create_multi ... 
2026-02-09 10:39:38,688 1 INFO betopiaerp betopiaerp.addons.base.tests.test_orm: Starting TestORM.test_exists ... 
2026-02-09 10:39:38,689 1 INFO betopiaerp betopiaerp.addons.base.tests.test_orm: Starting TestORM.test_lock_for_update ... 
2026-02-09 10:39:38,699 1 INFO betopiaerp betopiaerp.models.unlink: User #1 deleted res.partner records with IDs: [2508] 
2026-02-09 10:39:38,701 1 INFO betopiaerp betopiaerp.addons.base.tests.test_orm: Starting TestORM.test_m2m_store_trigger ... 
2026-02-09 10:39:38,724 1 INFO betopiaerp betopiaerp.addons.base.tests.test_orm: Starting TestORM.test_read ... 
2026-02-09 10:39:38,732 1 INFO betopiaerp betopiaerp.addons.base.tests.test_orm: Starting TestORM.test_search_read ... 
2026-02-09 10:39:38,754 1 INFO betopiaerp betopiaerp.addons.base.tests.test_orm: Starting TestORM.test_try_lock_for_update ... 
2026-02-09 10:39:38,758 1 INFO betopiaerp betopiaerp.addons.base.tests.test_orm: Starting TestORM.test_write_duplicate ... 
2026-02-09 10:39:38,765 1 INFO betopiaerp betopiaerp.addons.base.models.ir_attachment: filestore gc 1 checked, 1 removed 
2026-02-09 10:39:38,766 1 INFO betopiaerp betopiaerp.addons.base.tests.test_orm: Starting TestInherits.test_copy ... 
2026-02-09 10:39:38,805 1 INFO betopiaerp betopiaerp.addons.base.tests.test_orm: Starting TestInherits.test_copy_with_ancestor ... 
2026-02-09 10:39:38,846 1 INFO betopiaerp betopiaerp.addons.base.tests.test_orm: Starting TestInherits.test_create ... 
2026-02-09 10:39:38,867 1 INFO betopiaerp betopiaerp.addons.base.tests.test_orm: Starting TestInherits.test_create_with_ancestor ... 
2026-02-09 10:39:38,885 1 INFO betopiaerp betopiaerp.addons.base.tests.test_orm: Starting TestInherits.test_default ... 
2026-02-09 10:39:38,886 1 INFO betopiaerp betopiaerp.addons.base.tests.test_orm: Starting TestInherits.test_read ... 
2026-02-09 10:39:38,914 1 INFO betopiaerp betopiaerp.addons.base.tests.test_orm: Starting TestInherits.test_write_date ... 
2026-02-09 10:39:38,921 1 INFO betopiaerp betopiaerp.addons.base.models.ir_attachment: filestore gc 3 checked, 3 removed 
2026-02-09 10:39:38,921 1 INFO betopiaerp betopiaerp.addons.base.tests.test_pdf: Starting TestPdf.test_BetopiaERP_pdf_file_reader ... 
2026-02-09 10:39:38,925 1 INFO betopiaerp betopiaerp.addons.base.tests.test_pdf: Starting TestPdf.test_BetopiaERP_pdf_file_reader_with_owner_encryption ... 
2026-02-09 10:39:38,936 1 INFO betopiaerp betopiaerp.addons.base.tests.test_pdf: Starting TestPdf.test_BetopiaERP_pdf_file_writer ... 
2026-02-09 10:39:38,941 1 INFO betopiaerp betopiaerp.addons.base.tests.test_pdf: Starting TestPdf.test_branded_file_writer ... 
2026-02-09 10:39:38,944 1 INFO betopiaerp betopiaerp.addons.base.tests.test_pdf: Starting TestPdf.test_merge_pdf ... 
2026-02-09 10:39:38,948 1 INFO betopiaerp betopiaerp.addons.base.tests.test_pdf: Starting TestPdf.test_reshaping_arabic_text ... 
2026-02-09 10:39:38,950 1 INFO betopiaerp betopiaerp.addons.base.tests.test_pdf: Starting TestPdf.test_reshaping_non_arabic_text ... 
2026-02-09 10:39:38,953 1 INFO betopiaerp betopiaerp.addons.base.models.ir_attachment: filestore gc 0 checked, 0 removed 
2026-02-09 10:39:38,954 1 INFO betopiaerp betopiaerp.addons.base.tests.test_query: Starting QueryTestCase.test_basic_query ... 
2026-02-09 10:39:38,954 1 INFO betopiaerp betopiaerp.addons.base.tests.test_query: Starting QueryTestCase.test_empty_set_result_ids ... 
2026-02-09 10:39:38,954 1 INFO betopiaerp betopiaerp.addons.base.tests.test_query: Starting QueryTestCase.test_long_aliases ... 
2026-02-09 10:39:38,955 1 INFO betopiaerp betopiaerp.addons.base.tests.test_query: Starting QueryTestCase.test_mixed_query_chained_explicit_implicit_joins ... 
2026-02-09 10:39:38,955 1 INFO betopiaerp betopiaerp.addons.base.tests.test_query: Starting QueryTestCase.test_query_chained_explicit_joins ... 
2026-02-09 10:39:38,955 1 INFO betopiaerp betopiaerp.addons.base.tests.test_query: Starting QueryTestCase.test_raise_missing_lhs ... 
2026-02-09 10:39:38,956 1 INFO betopiaerp betopiaerp.addons.base.tests.test_query: Starting QueryTestCase.test_set_result_ids ... 
2026-02-09 10:39:38,956 1 INFO betopiaerp betopiaerp.addons.base.tests.test_query: Starting QueryTestCase.test_table_expression ... 
2026-02-09 10:39:38,957 1 INFO betopiaerp betopiaerp.addons.base.tests.test_query: Starting TestQuery.test_auto ... 
2026-02-09 10:39:38,959 1 INFO betopiaerp betopiaerp.addons.base.tests.test_query: Starting TestQuery.test_records_as_query ... 
2026-02-09 10:39:38,961 1 INFO betopiaerp betopiaerp.addons.base.models.ir_attachment: filestore gc 0 checked, 0 removed 
2026-02-09 10:39:38,962 1 INFO betopiaerp betopiaerp.addons.base.tests.test_qweb_field: Starting TestQwebFieldTime.test_time_value_to_html ... 
2026-02-09 10:39:38,967 1 INFO betopiaerp betopiaerp.addons.base.models.ir_attachment: filestore gc 0 checked, 0 removed 
2026-02-09 10:39:38,968 1 INFO betopiaerp betopiaerp.addons.base.tests.test_qweb_field: Starting TestQwebFieldInteger.test_integer_value_to_html ... 
2026-02-09 10:39:38,974 1 INFO betopiaerp betopiaerp.addons.base.models.ir_attachment: filestore gc 0 checked, 0 removed 
2026-02-09 10:39:38,975 1 INFO betopiaerp betopiaerp.addons.base.tests.test_qweb_field: Starting TestQwebFieldFloatConverter.test_float_value_to_html_no_precision ... 
2026-02-09 10:39:38,978 1 INFO betopiaerp betopiaerp.addons.base.tests.test_qweb_field: Starting TestQwebFieldFloatConverter.test_float_value_to_html_with_min_precision ... 
2026-02-09 10:39:38,982 1 INFO betopiaerp betopiaerp.addons.base.tests.test_qweb_field: Starting TestQwebFieldFloatConverter.test_float_value_to_html_with_precision ... 
2026-02-09 10:39:38,985 1 INFO betopiaerp betopiaerp.addons.base.tests.test_qweb_field: Starting TestQwebFieldFloatConverter.test_float_value_to_html_with_precision_and_min_precision ... 
2026-02-09 10:39:38,989 1 INFO betopiaerp betopiaerp.addons.base.models.ir_attachment: filestore gc 0 checked, 0 removed 
2026-02-09 10:39:38,994 1 INFO betopiaerp betopiaerp.addons.base.tests.test_qweb_field: Starting TestQwebFieldContact.test_value_to_html_with_website_and_phone ... 
2026-02-09 10:39:39,015 1 INFO betopiaerp betopiaerp.addons.base.tests.test_qweb_field: Starting TestQwebFieldContact.test_value_to_html_without_phone ... 
2026-02-09 10:39:39,035 1 INFO betopiaerp betopiaerp.addons.base.models.ir_attachment: filestore gc 0 checked, 0 removed 
2026-02-09 10:39:39,036 1 INFO betopiaerp betopiaerp.addons.base.tests.test_qweb_field: Starting TestQwebFieldOne2Many.test_one2many_empty ... 
2026-02-09 10:39:39,042 1 INFO betopiaerp betopiaerp.addons.base.tests.test_qweb_field: Starting TestQwebFieldOne2Many.test_one2many_with_values ... 
2026-02-09 10:39:39,049 1 INFO betopiaerp betopiaerp.addons.base.models.ir_attachment: filestore gc 0 checked, 0 removed 
2026-02-09 10:39:39,050 1 INFO betopiaerp betopiaerp.addons.base.tests.test_qweb_field: Starting TestQwebFieldMany2Many.test_many2many_empty ... 
2026-02-09 10:39:39,066 1 INFO betopiaerp betopiaerp.addons.base.tests.test_qweb_field: Starting TestQwebFieldMany2Many.test_many2many_with_values ... 
2026-02-09 10:39:39,087 1 INFO betopiaerp betopiaerp.addons.base.models.ir_attachment: filestore gc 1 checked, 1 removed 
2026-02-09 10:39:39,088 1 INFO betopiaerp betopiaerp.addons.base.tests.test_qweb_field: Starting TestQwebFieldMany2One.test_many2one_empty ... 
2026-02-09 10:39:39,093 1 INFO betopiaerp betopiaerp.addons.base.tests.test_qweb_field: Starting TestQwebFieldMany2One.test_many2one_with_value ... 
2026-02-09 10:39:39,099 1 INFO betopiaerp betopiaerp.addons.base.models.ir_attachment: filestore gc 0 checked, 0 removed 
2026-02-09 10:39:39,100 1 INFO betopiaerp betopiaerp.addons.base.tests.test_res_company: Starting TestCompany.test_check_active ... 
2026-02-09 10:39:39,181 1 INFO betopiaerp betopiaerp.addons.base.tests.test_res_company: Starting TestCompany.test_create_branch_with_default_parent_id ... 
2026-02-09 10:39:39,240 1 INFO betopiaerp betopiaerp.addons.base.tests.test_res_company: Starting TestCompany.test_logo_check ... 
2026-02-09 10:39:39,296 1 INFO betopiaerp betopiaerp.models.unlink: User #1 deleted ir.attachment records with IDs: [3309] 
2026-02-09 10:39:39,307 1 INFO betopiaerp betopiaerp.addons.base.models.ir_attachment: filestore gc 3 checked, 2 removed 
2026-02-09 10:39:39,308 1 INFO betopiaerp betopiaerp.addons.base.tests.test_res_config: Starting TestResConfig.test_00_get_option_path ... 
2026-02-09 10:39:39,311 1 INFO betopiaerp betopiaerp.addons.base.tests.test_res_config: Starting TestResConfig.test_10_get_option_name ... 
2026-02-09 10:39:39,314 1 INFO betopiaerp betopiaerp.addons.base.tests.test_res_config: Starting TestResConfig.test_20_get_config_warning ... 
2026-02-09 10:39:39,318 1 INFO betopiaerp betopiaerp.addons.base.tests.test_res_config: Starting TestResConfig.test_30_get_config_warning_wo_menu ... 
2026-02-09 10:39:39,320 1 INFO betopiaerp betopiaerp.addons.base.tests.test_res_config: Starting TestResConfig.test_40_view_expected_architecture ... 
2026-02-09 10:39:39,340 1 INFO betopiaerp betopiaerp.addons.base.tests.test_res_config: Starting TestResConfig.test_50_view_expected_architecture_t_node_groups ... 
2026-02-09 10:39:39,357 1 INFO betopiaerp betopiaerp.addons.base.models.ir_attachment: filestore gc 0 checked, 0 removed 
2026-02-09 10:39:39,357 1 INFO betopiaerp betopiaerp.addons.base.tests.test_res_currency: Starting TestResCurrency.test_currency_cache ... 
2026-02-09 10:39:39,376 1 INFO betopiaerp betopiaerp.addons.base.tests.test_res_currency: Starting TestResCurrency.test_res_currency_name_search ... 
2026-02-09 10:39:39,389 1 INFO betopiaerp betopiaerp.addons.base.tests.test_res_currency: Starting TestResCurrency.test_view_company_rate_label ... 
2026-02-09 10:39:39,527 1 INFO betopiaerp betopiaerp.addons.base.models.ir_attachment: filestore gc 0 checked, 0 removed 
2026-02-09 10:39:39,528 1 INFO betopiaerp betopiaerp.addons.base.tests.test_res_lang: Starting test_res_lang.test_00_intersperse ... 
2026-02-09 10:39:39,529 1 INFO betopiaerp betopiaerp.addons.base.tests.test_res_lang: Starting test_res_lang.test_get_data ... 
2026-02-09 10:39:40,682 1 INFO betopiaerp betopiaerp.addons.base.tests.test_res_lang: Query count less than expected for user __system__: 0 < 2 in test_get_data at /opt/betopiaerp/betopiaerp/addons/base/tests/test_res_lang.py:100 
2026-02-09 10:39:40,683 1 INFO betopiaerp betopiaerp.addons.base.tests.test_res_lang: Starting test_res_lang.test_inactive_users_lang_deactivation ... 
2026-02-09 10:39:40,716 1 INFO betopiaerp betopiaerp.addons.base.tests.test_res_lang: Starting test_res_lang.test_lang_url_code_shortening ... 
2026-02-09 10:39:40,735 1 INFO betopiaerp betopiaerp.addons.base.models.ir_attachment: filestore gc 1 checked, 1 removed 
2026-02-09 10:39:40,762 1 INFO betopiaerp betopiaerp.addons.base.tests.test_res_partner: Starting TestPartner.test_archive_internal_partners ... 
2026-02-09 10:39:40,791 1 INFO betopiaerp betopiaerp.addons.base.tests.test_res_partner: Starting TestPartner.test_display_name_translation ... 
2026-02-09 10:39:40,795 1 INFO betopiaerp betopiaerp.addons.base.models.ir_module: module base: loading translation file /opt/betopiaerp/betopiaerp/addons/base/i18n/fr.po for language fr_FR 
2026-02-09 10:39:41,581 1 INFO betopiaerp betopiaerp.addons.base.tests.test_res_partner: Starting TestPartner.test_email_formatted ... 
2026-02-09 10:39:41,596 1 INFO betopiaerp betopiaerp.addons.base.tests.test_res_partner: Starting TestPartner.test_find_or_create ... 
2026-02-09 10:39:41,610 1 INFO betopiaerp betopiaerp.addons.base.tests.test_res_partner: Starting TestPartner.test_is_public ... 
2026-02-09 10:39:41,615 1 INFO betopiaerp betopiaerp.addons.base.tests.test_res_partner: Starting TestPartner.test_lang_computation_code ... 
2026-02-09 10:39:41,629 1 INFO betopiaerp betopiaerp.addons.base.tests.test_res_partner: Starting TestPartner.test_main_user_id ... 
2026-02-09 10:39:41,660 1 INFO betopiaerp betopiaerp.addons.base.tests.test_res_partner: Starting TestPartner.test_name_create ... 
2026-02-09 10:39:41,672 1 INFO betopiaerp betopiaerp.addons.base.tests.test_res_partner: Starting TestPartner.test_name_search ... 
2026-02-09 10:39:41,682 1 INFO betopiaerp betopiaerp.addons.base.tests.test_res_partner: Starting TestPartner.test_name_search_with_user ... 
2026-02-09 10:39:41,714 1 INFO betopiaerp betopiaerp.addons.base.models.ir_rule: Access Denied by record rules for operation: read on record ids: [2568], uid: 3, model: res.partner 
2026-02-09 10:39:41,721 1 INFO betopiaerp betopiaerp.addons.base.tests.test_res_partner: Starting TestPartner.test_partner_merge_wizard_dst_partner_id ... 
2026-02-09 10:39:41,727 1 INFO betopiaerp betopiaerp.addons.base.models.ir_attachment: filestore gc 4 checked, 4 removed 
2026-02-09 10:39:41,755 1 INFO betopiaerp betopiaerp.addons.base.tests.test_res_partner: Starting TestPartnerAddressCompany.test_accessibility_of_company_partner_from_branch ... 
2026-02-09 10:39:41,838 1 INFO betopiaerp betopiaerp.addons.base.tests.test_res_partner: Starting TestPartnerAddressCompany.test_address ... 
2026-02-09 10:39:41,876 1 INFO betopiaerp betopiaerp.addons.base.tests.test_res_partner: Starting TestPartnerAddressCompany.test_address_first_contact_sync ... 
2026-02-09 10:39:41,907 1 INFO betopiaerp betopiaerp.addons.base.tests.test_res_partner: Starting TestPartnerAddressCompany.test_address_get ... 
2026-02-09 10:39:41,929 1 INFO betopiaerp betopiaerp.addons.base.tests.test_res_partner: Starting TestPartnerAddressCompany.test_address_parent_company_creation ... 
2026-02-09 10:39:41,947 1 INFO betopiaerp betopiaerp.addons.base.tests.test_res_partner: Starting TestPartnerAddressCompany.test_commercial_field_sync ... 
2026-02-09 10:39:41,972 1 INFO betopiaerp betopiaerp.addons.base.tests.test_res_partner: Starting TestPartnerAddressCompany.test_commercial_field_sync_reset ... 
2026-02-09 10:39:41,980 1 INFO betopiaerp betopiaerp.addons.base.tests.test_res_partner: Starting TestPartnerAddressCompany.test_commercial_partner_nullcompany ... 
2026-02-09 10:39:41,996 1 INFO betopiaerp betopiaerp.addons.base.tests.test_res_partner: Starting TestPartnerAddressCompany.test_company_change_propagation ... 
2026-02-09 10:39:42,122 1 INFO betopiaerp betopiaerp.addons.base.tests.test_res_partner: Starting TestPartnerAddressCompany.test_company_dependent_commercial_sync ... 
2026-02-09 10:39:42,231 1 INFO betopiaerp betopiaerp.addons.base.tests.test_res_partner: Starting TestPartnerAddressCompany.test_company_dependent_commercial_sync_falsy_fields ... 
2026-02-09 10:39:42,299 1 INFO betopiaerp betopiaerp.addons.base.tests.test_res_partner: Starting TestPartnerAddressCompany.test_display_address_missing_key ... 
2026-02-09 10:39:42,304 1 INFO betopiaerp betopiaerp.addons.base.tests.test_res_partner: Starting TestPartnerAddressCompany.test_display_name ... 
2026-02-09 10:39:42,313 1 INFO betopiaerp betopiaerp.addons.base.models.ir_attachment: filestore gc 3 checked, 3 removed 
2026-02-09 10:39:42,314 1 INFO betopiaerp betopiaerp.addons.base.tests.test_res_partner: Starting TestPartnerRecursion.test_100_res_partner_recursion ... 
2026-02-09 10:39:42,323 1 INFO betopiaerp betopiaerp.addons.base.tests.test_res_partner: Starting TestPartnerRecursion.test_101_res_partner_recursion ... 
2026-02-09 10:39:42,337 1 INFO betopiaerp betopiaerp.addons.base.tests.test_res_partner: Starting TestPartnerRecursion.test_102_res_partner_recursion ... 
2026-02-09 10:39:42,348 1 INFO betopiaerp betopiaerp.addons.base.tests.test_res_partner: Starting TestPartnerRecursion.test_103_res_partner_recursion ... 
2026-02-09 10:39:42,358 1 INFO betopiaerp betopiaerp.addons.base.tests.test_res_partner: Starting TestPartnerRecursion.test_104_res_partner_recursion_indirect_cycle ... 
2026-02-09 10:39:42,373 1 INFO betopiaerp betopiaerp.addons.base.tests.test_res_partner: Starting TestPartnerRecursion.test_105_res_partner_recursion ... 
2026-02-09 10:39:42,384 1 INFO betopiaerp betopiaerp.addons.base.tests.test_res_partner: Starting TestPartnerRecursion.test_110_res_partner_recursion_multi_update ... 
2026-02-09 10:39:42,392 1 INFO betopiaerp betopiaerp.addons.base.tests.test_res_partner: Starting TestPartnerRecursion.test_111_res_partner_recursion_infinite_loop ... 
2026-02-09 10:39:42,410 1 INFO betopiaerp betopiaerp.addons.base.models.ir_attachment: filestore gc 0 checked, 0 removed 
2026-02-09 10:39:42,411 1 INFO betopiaerp betopiaerp.addons.base.tests.test_res_partner: Starting TestPartnerCategory.test_name_search ... 
2026-02-09 10:39:42,416 1 INFO betopiaerp betopiaerp.addons.base.models.ir_attachment: filestore gc 0 checked, 0 removed 
2026-02-09 10:39:42,437 1 INFO betopiaerp betopiaerp.addons.base.tests.test_res_partner_bank: Starting TestResPartnerBank.test_sanitized_acc_number ... 
2026-02-09 10:39:42,450 1 INFO betopiaerp betopiaerp.addons.base.models.ir_attachment: filestore gc 1 checked, 1 removed 
2026-02-09 10:39:42,451 1 INFO betopiaerp betopiaerp.addons.base.tests.test_res_partner_merge: Starting TestMergePartner.test_merge_partners_with_duplicate_bank_accounts ... 
2026-02-09 10:39:42,467 1 INFO betopiaerp betopiaerp.addons.base.partner.merge: dst_partner: 2668 
2026-02-09 10:39:42,502 1 INFO betopiaerp betopiaerp.addons.base.partner.merge: (uid = 1) merged the partners [2667, 2669] with 2668 
2026-02-09 10:39:42,507 1 INFO betopiaerp betopiaerp.models.unlink: User #1 deleted res.partner records with IDs: [2667, 2669] 
2026-02-09 10:39:42,509 1 INFO betopiaerp betopiaerp.addons.base.tests.test_res_partner_merge: Starting TestMergePartner.test_merge_partners_with_duplicate_bank_accounts_with_destination ... 
2026-02-09 10:39:42,520 1 INFO betopiaerp betopiaerp.addons.base.partner.merge: dst_partner: 2670 
2026-02-09 10:39:42,553 1 INFO betopiaerp betopiaerp.addons.base.partner.merge: (uid = 1) merged the partners [2672] with 2670 
2026-02-09 10:39:42,557 1 INFO betopiaerp betopiaerp.models.unlink: User #1 deleted res.partner records with IDs: [2672] 
2026-02-09 10:39:42,559 1 INFO betopiaerp betopiaerp.addons.base.tests.test_res_partner_merge: Starting TestMergePartner.test_merge_partners_with_peon_user ... 
2026-02-09 10:39:42,593 1 INFO betopiaerp betopiaerp.addons.base.models.ir_model: Access Denied by ACLs for operation: write, uid: 644, model: res.partner.bank 
2026-02-09 10:39:42,606 1 INFO betopiaerp betopiaerp.addons.base.partner.merge: dst_partner: 2674 
2026-02-09 10:39:42,643 1 INFO betopiaerp betopiaerp.addons.base.partner.merge: (uid = 644) merged the partners [2673, 2675] with 2674 
2026-02-09 10:39:42,648 1 INFO betopiaerp betopiaerp.models.unlink: User #644 deleted res.partner records with IDs: [2673, 2675] 
2026-02-09 10:39:42,650 1 INFO betopiaerp betopiaerp.addons.base.tests.test_res_partner_merge: Starting TestMergePartner.test_merge_partners_with_references ... 
2026-02-09 10:39:42,662 1 INFO betopiaerp betopiaerp.addons.base.partner.merge: dst_partner: 2677 
2026-02-09 10:39:42,686 1 INFO betopiaerp betopiaerp.addons.base.partner.merge: (uid = 1) merged the partners [2678] with 2677 
2026-02-09 10:39:42,690 1 INFO betopiaerp betopiaerp.models.unlink: User #1 deleted res.partner records with IDs: [2678] 
2026-02-09 10:39:42,691 1 INFO betopiaerp betopiaerp.addons.base.tests.test_res_partner_merge: Starting TestMergePartner.test_merge_partners_with_unique_bank_accounts ... 
2026-02-09 10:39:42,702 1 INFO betopiaerp betopiaerp.addons.base.partner.merge: dst_partner: 2680 
2026-02-09 10:39:42,726 1 INFO betopiaerp betopiaerp.addons.base.partner.merge: (uid = 1) merged the partners [2681] with 2680 
2026-02-09 10:39:42,730 1 INFO betopiaerp betopiaerp.models.unlink: User #1 deleted res.partner records with IDs: [2681] 
2026-02-09 10:39:42,732 1 INFO betopiaerp betopiaerp.addons.base.tests.test_res_partner_merge: Starting TestMergePartner.test_merge_partners_without_bank_accounts ... 
2026-02-09 10:39:42,745 1 INFO betopiaerp betopiaerp.addons.base.partner.merge: dst_partner: 2686 
2026-02-09 10:39:42,770 1 INFO betopiaerp betopiaerp.addons.base.partner.merge: (uid = 1) merged the partners [2687] with 2686 
2026-02-09 10:39:42,775 1 INFO betopiaerp betopiaerp.models.unlink: User #1 deleted res.partner records with IDs: [2687] 
2026-02-09 10:39:42,778 1 INFO betopiaerp betopiaerp.addons.base.models.ir_attachment: filestore gc 1 checked, 1 removed 
2026-02-09 10:39:42,807 1 INFO betopiaerp betopiaerp.addons.base.tests.test_res_users: Starting TestUsers.test_change_user_company ... 
2026-02-09 10:39:42,929 1 INFO betopiaerp betopiaerp.addons.base.tests.test_res_users: Starting TestUsers.test_context_get_lang ... 
2026-02-09 10:39:42,957 1 INFO betopiaerp betopiaerp.addons.base.tests.test_res_users: Starting TestUsers.test_deactivate_portal_users_access ... 
2026-02-09 10:39:42,961 1 INFO betopiaerp betopiaerp.addons.base.tests.test_res_users: Starting TestUsers.test_deactivate_portal_users_archive_and_remove ... 
2026-02-09 10:39:42,982 1 INFO betopiaerp betopiaerp.addons.base.models.res_users: Account deletion asked for "portal_user" (#650) from n/a. Archive the user and remove login information. 
2026-02-09 10:39:42,983 1 INFO betopiaerp betopiaerp.addons.base.models.res_users: Account deletion asked for "portal_user_2" (#651) from n/a. Archive the user and remove login information. 
2026-02-09 10:39:42,999 1 INFO betopiaerp betopiaerp.addons.base.models.ir_cron: Job 'Base: Portal Users Deletion' (2) starting 
2026-02-09 10:39:43,019 1 INFO betopiaerp betopiaerp.models.unlink: User #1 deleted res.users records with IDs: [650] 
2026-02-09 10:39:43,028 1 INFO betopiaerp betopiaerp.models.unlink: User #1 deleted res.partner records with IDs: [2695] 
2026-02-09 10:39:43,037 1 INFO betopiaerp betopiaerp.tests.common: Skipping signal changes during tests 
2026-02-09 10:39:43,038 1 INFO betopiaerp betopiaerp.addons.base.models.ir_cron: Job 'Base: Portal Users Deletion' (2) fully done (#loop 1; done 2; remaining 0; duration 0.04s) 
2026-02-09 10:39:43,041 1 INFO betopiaerp betopiaerp.addons.base.tests.test_res_users: Starting TestUsers.test_delete_public_user ... 
2026-02-09 10:39:43,047 1 INFO betopiaerp betopiaerp.addons.base.tests.test_res_users: Starting TestUsers.test_name_search ... 
2026-02-09 10:39:43,081 1 INFO betopiaerp betopiaerp.addons.base.tests.test_res_users: Starting TestUsers.test_session_non_existing_user ... 
2026-02-09 10:39:43,082 1 INFO betopiaerp betopiaerp.addons.base.tests.test_res_users: Starting TestUsers.test_user_home_action_restriction ... 
2026-02-09 10:39:43,106 1 INFO betopiaerp betopiaerp.addons.base.tests.test_res_users: Starting TestUsers.test_user_partner ... 
2026-02-09 10:39:43,201 1 INFO betopiaerp betopiaerp.addons.base.tests.test_res_users: Starting TestUsers.test_user_self_update ... 
2026-02-09 10:39:43,224 1 INFO betopiaerp betopiaerp.addons.base.models.ir_attachment: filestore gc 8 checked, 8 removed 
2026-02-09 10:39:43,226 1 INFO betopiaerp betopiaerp.addons.base.tests.test_res_users: Starting TestUsersTweaks.test_superuser ... 
2026-02-09 10:39:43,230 1 INFO betopiaerp betopiaerp.addons.base.models.ir_attachment: filestore gc 0 checked, 0 removed 
2026-02-09 10:39:43,230 1 INFO betopiaerp betopiaerp.addons.base.tests.test_search: Starting test_search.test_00_search_order ... 
2026-02-09 10:39:43,255 1 INFO betopiaerp betopiaerp.addons.base.tests.test_search: Starting test_search.test_10_inherits_m2order ... 
2026-02-09 10:39:43,299 1 INFO betopiaerp betopiaerp.addons.base.tests.test_search: Starting test_search.test_11_indirect_inherits_m2o_order ... 
2026-02-09 10:39:43,339 1 INFO betopiaerp betopiaerp.addons.base.tests.test_search: Starting test_search.test_12_m2o_order_loop_self ... 
2026-02-09 10:39:43,346 1 INFO betopiaerp betopiaerp.addons.base.tests.test_search: Starting test_search.test_13_m2o_order_loop_multi ... 
2026-02-09 10:39:43,422 1 INFO betopiaerp betopiaerp.addons.base.tests.test_search: Starting test_search.test_20_x_active ... 
2026-02-09 10:39:43,490 1 INFO betopiaerp betopiaerp.addons.base.tests.test_search: Starting test_search.test_21_search_count ... 
2026-02-09 10:39:43,500 1 INFO betopiaerp betopiaerp.addons.base.tests.test_search: Starting test_search.test_22_like_folding ... 
2026-02-09 10:39:43,503 1 INFO betopiaerp betopiaerp.addons.base.models.ir_attachment: filestore gc 9 checked, 9 removed 
2026-02-09 10:39:44,031 1 INFO betopiaerp betopiaerp.addons.base.tests.test_signature: Starting TestSignature.test_BetopiaERP_pdf_signer ... 
2026-02-09 10:39:44,046 1 INFO betopiaerp betopiaerp.addons.base.models.ir_attachment: filestore gc 0 checked, 0 removed 
2026-02-09 10:39:44,047 1 INFO betopiaerp betopiaerp.addons.base.tests.test_split_table: Starting TestSplitTable.test_split_table ... 
2026-02-09 10:39:44,072 1 INFO betopiaerp betopiaerp.addons.base.models.ir_attachment: filestore gc 0 checked, 0 removed 
2026-02-09 10:39:44,073 1 INFO betopiaerp betopiaerp.addons.base.tests.test_sql: Starting TestSQL.test_complex_sql ... 
2026-02-09 10:39:44,073 1 INFO betopiaerp betopiaerp.addons.base.tests.test_sql: Starting TestSQL.test_escape_percent ... 
2026-02-09 10:39:44,073 1 INFO betopiaerp betopiaerp.addons.base.tests.test_sql: Starting TestSQL.test_sql_bool ... 
2026-02-09 10:39:44,074 1 INFO betopiaerp betopiaerp.addons.base.tests.test_sql: Starting TestSQL.test_sql_empty ... 
2026-02-09 10:39:44,074 1 INFO betopiaerp betopiaerp.addons.base.tests.test_sql: Starting TestSQL.test_sql_equality ... 
2026-02-09 10:39:44,074 1 INFO betopiaerp betopiaerp.addons.base.tests.test_sql: Starting TestSQL.test_sql_hash ... 
2026-02-09 10:39:44,074 1 INFO betopiaerp betopiaerp.addons.base.tests.test_sql: Starting TestSQL.test_sql_idempotence ... 
2026-02-09 10:39:44,075 1 INFO betopiaerp betopiaerp.addons.base.tests.test_sql: Starting TestSQL.test_sql_identifier ... 
2026-02-09 10:39:44,075 1 INFO betopiaerp betopiaerp.addons.base.tests.test_sql: Starting TestSQL.test_sql_join ... 
2026-02-09 10:39:44,076 1 INFO betopiaerp betopiaerp.addons.base.tests.test_sql: Starting TestSQL.test_sql_with_literal_parameters ... 
2026-02-09 10:39:44,076 1 INFO betopiaerp betopiaerp.addons.base.tests.test_sql: Starting TestSQL.test_sql_with_named_parameters ... 
2026-02-09 10:39:44,076 1 INFO betopiaerp betopiaerp.addons.base.tests.test_sql: Starting TestSQL.test_sql_with_no_parameter ... 
2026-02-09 10:39:44,076 1 INFO betopiaerp betopiaerp.addons.base.tests.test_sql: Starting TestSQL.test_sql_with_sql_parameters ... 
2026-02-09 10:39:44,077 1 INFO betopiaerp betopiaerp.addons.base.tests.test_sql: Starting TestSQL.test_sql_with_wrong_pattern ... 
2026-02-09 10:39:44,078 1 INFO betopiaerp betopiaerp.addons.base.tests.test_sql: Starting TestSqlTools.test_add_constraint ... 
2026-02-09 10:39:44,081 1 INFO betopiaerp betopiaerp.addons.base.tests.test_sql: Starting TestSqlTools.test_add_index ... 
2026-02-09 10:39:44,086 1 INFO betopiaerp betopiaerp.addons.base.tests.test_sql: Starting TestSqlTools.test_add_index_escape ... 
2026-02-09 10:39:44,092 1 INFO betopiaerp betopiaerp.addons.base.models.ir_attachment: filestore gc 0 checked, 0 removed 
2026-02-09 10:39:44,093 1 INFO betopiaerp betopiaerp.addons.base.tests.test_test_retry: Starting TestRetry.test_log_levels ... 
2026-02-09 10:39:44,093 1 INFO betopiaerp betopiaerp.addons.base.tests.test_test_retry: test info 
2026-02-09 10:39:44,093 1 INFO betopiaerp betopiaerp.addons.base.tests.test_test_retry: Starting TestRetry.test_retry_success ... 
2026-02-09 10:39:44,094 1 INFO betopiaerp betopiaerp.addons.base.tests.test_test_retry: Starting TestRetryTraceback.test_retry_traceback_success ... 
2026-02-09 10:39:44,094 1 INFO betopiaerp betopiaerp.addons.base.tests.test_test_retry: Starting TestRetryTracebackArg.test_retry_traceback_args_success ... 
2026-02-09 10:39:44,095 1 INFO betopiaerp betopiaerp.addons.base.tests.test_test_retry: Starting TestRetryRollbackedCursor.test_broken_cursor ... 
2026-02-09 10:39:44,097 1 INFO betopiaerp betopiaerp.addons.base.models.ir_attachment: filestore gc 0 checked, 0 removed 
2026-02-09 10:39:44,098 1 INFO betopiaerp betopiaerp.addons.base.tests.test_test_retry: Starting TestRetryCommitedCursor.test_broken_cursor ... 
2026-02-09 10:39:44,099 1 INFO betopiaerp betopiaerp.addons.base.models.ir_attachment: filestore gc 0 checked, 0 removed 
2026-02-09 10:39:44,100 1 INFO betopiaerp betopiaerp.addons.base.tests.test_test_retry: Starting TestRetryRollbackedCursorError.test_broken_cursor ... 
2026-02-09 10:39:44,103 1 INFO betopiaerp betopiaerp.addons.base.models.ir_attachment: filestore gc 0 checked, 0 removed 
2026-02-09 10:39:44,103 1 INFO betopiaerp betopiaerp.addons.base.tests.test_test_retry: Starting TestRetryCommitedCursorError.test_broken_cursor ... 
2026-02-09 10:39:44,105 1 INFO betopiaerp betopiaerp.addons.base.models.ir_attachment: filestore gc 0 checked, 0 removed 
2026-02-09 10:39:44,105 1 INFO betopiaerp betopiaerp.addons.base.tests.test_test_retry: Starting TestRetrySubtest.test_retry_subtest_success_all ... 
2026-02-09 10:39:44,106 1 INFO betopiaerp betopiaerp.addons.base.tests.test_test_retry: Starting TestRetrySubtest.test_retry_subtest_success_one ... 
2026-02-09 10:39:44,106 1 INFO betopiaerp betopiaerp.addons.base.tests.test_test_suite: Starting TestTestSuite.test_test_suite ... 
2026-02-09 10:39:44,106 1 INFO betopiaerp betopiaerp.addons.base.tests.test_test_suite: Starting TestRunnerLogging.test_assertQueryCount ... 
2026-02-09 10:39:44,127 1 INFO betopiaerp betopiaerp.addons.base.tests.test_test_suite: ====================================================================== 
2026-02-09 10:39:44,128 1 ERROR betopiaerp betopiaerp.addons.base.tests.test_test_suite: ERROR: TestRunnerLogging.test_assertQueryCount
AssertionError: Key `msg` did not matched expected:
  FAIL: Subtest TestRunnerLogging.test_assertQueryCount (<subtest>)
  Traceback (most recent call last):
    File "/root_path/BetopiaERP/betopiaerp/addons/base/tests/test_test_suite.py", line $line, in test_assertQueryCount
      with self.assertQueryCount(system=0):
    File "/usr/lib/python/contextlib.py", line $line, in __exit__
      next(self.gen)
    File "/root_path/BetopiaERP/betopiaerp/tests/common.py", line $line, in assertQueryCount
      self.fail(msg % (login, count, expected, funcname, filename, linenum))
- AssertionError: Query count more than expected for user __system__: 1 > 0 in test_assertQueryCount at base/tests/test_test_suite.py:$line
+ AssertionError: Query count more than expected for user __system__: 1 > 0 in test_assertQueryCount at /opt/betopiaerp/betopiaerp/addons/base/tests/test_test_suite.py:$line
?                                                                                                       ++++++++++++++++++++++++++++++++++

 
2026-02-09 10:39:44,128 1 INFO betopiaerp betopiaerp.addons.base.tests.test_test_suite: Starting TestRunnerLogging.test_assertQueryCount_with_decorators ... 
2026-02-09 10:39:44,147 1 INFO betopiaerp betopiaerp.addons.base.tests.test_test_suite: Starting TestRunnerLogging.test_call_stack ... 
2026-02-09 10:39:44,149 1 INFO betopiaerp betopiaerp.addons.base.tests.test_test_suite: Starting TestRunnerLogging.test_call_stack_context_manager ... 
2026-02-09 10:39:44,154 1 INFO betopiaerp betopiaerp.addons.base.tests.test_test_suite: Starting TestRunnerLogging.test_call_stack_subtest ... 
2026-02-09 10:39:44,156 1 INFO betopiaerp betopiaerp.addons.base.tests.test_test_suite: Starting TestRunnerLogging.test_handle_error ... 
2026-02-09 10:39:44,161 1 INFO betopiaerp betopiaerp.addons.base.tests.test_test_suite: Starting TestRunnerLogging.test_has_add_error ... 
2026-02-09 10:39:44,162 1 INFO betopiaerp betopiaerp.addons.base.tests.test_test_suite: Starting TestRunnerLogging.test_raise ... 
2026-02-09 10:39:44,164 1 INFO betopiaerp betopiaerp.addons.base.tests.test_test_suite: Starting TestRunnerLogging.test_raise_subtest ... 
2026-02-09 10:39:44,168 1 INFO betopiaerp betopiaerp.addons.base.tests.test_test_suite: Starting TestRunnerLogging.test_reraise ... 
2026-02-09 10:39:44,170 1 INFO betopiaerp betopiaerp.addons.base.tests.test_test_suite: Starting TestRunnerLogging.test_subtest_sub_call ... 
2026-02-09 10:39:44,172 1 INFO betopiaerp betopiaerp.addons.base.tests.test_test_suite: Starting TestRunnerLogging.test_traverse_contextmanager ... 
2026-02-09 10:39:44,174 1 INFO betopiaerp betopiaerp.addons.base.tests.test_test_suite: Starting TestRunnerLogging.test_with_decorators ... 
2026-02-09 10:39:44,179 1 INFO betopiaerp betopiaerp.addons.base.models.ir_attachment: filestore gc 0 checked, 0 removed 
2026-02-09 10:39:44,180 1 INFO betopiaerp betopiaerp.addons.base.tests.test_test_suite: Starting TestRunnerLoggingSetup.test_raises_setup ... 
2026-02-09 10:39:44,186 1 INFO betopiaerp betopiaerp.addons.base.models.ir_attachment: filestore gc 0 checked, 0 removed 
2026-02-09 10:39:44,187 1 INFO betopiaerp betopiaerp.addons.base.tests.test_test_suite: Starting TestRunnerLoggingTeardown.test_raises_teardown ... 
2026-02-09 10:39:44,197 1 INFO betopiaerp betopiaerp.addons.base.models.ir_attachment: filestore gc 0 checked, 0 removed 
2026-02-09 10:39:44,198 1 INFO betopiaerp betopiaerp.addons.base.tests.test_test_suite: Starting TestSubtests.test_nested_subtests ... 
2026-02-09 10:39:44,198 1 INFO betopiaerp betopiaerp.tests.suite: skipped setUpClass (betopiaerp.addons.base.tests.test_test_suite.TestClassSetup) : Skip this class 
2026-02-09 10:39:44,199 1 INFO betopiaerp betopiaerp.addons.base.tests.test_test_suite: Starting TestClassTeardown.test_method ... 
2026-02-09 10:39:44,199 1 INFO betopiaerp betopiaerp.tests.suite: skipped tearDownClass (betopiaerp.addons.base.tests.test_test_suite.TestClassTeardown) : Skip this class 
2026-02-09 10:39:44,199 1 INFO betopiaerp betopiaerp.addons.base.tests.test_test_suite: Starting Test01ClassCleanups.test_dummy ... 
2026-02-09 10:39:44,199 1 INFO betopiaerp betopiaerp.addons.base.tests.test_test_suite: Starting Test02ClassCleanupsCheck.test_classcleanups ... 
2026-02-09 10:39:44,200 1 INFO betopiaerp betopiaerp.addons.base.tests.test_test_suite: Starting TestSkipMethof.test_skip_method ... 
2026-02-09 10:39:44,200 1 INFO betopiaerp betopiaerp.addons.base.tests.test_test_suite: skipped TestSkipMethof.test_skip_method :  
2026-02-09 10:39:44,200 1 INFO betopiaerp betopiaerp.addons.base.tests.test_test_suite: Starting TestRegistryRLock.test_registry_rlock_count ... 
2026-02-09 10:39:44,201 1 INFO betopiaerp betopiaerp.addons.base.tests.test_tests_tags: Starting TestSetTags.test_inheritance ... 
2026-02-09 10:39:44,202 1 INFO betopiaerp betopiaerp.addons.base.tests.test_tests_tags: Starting TestSetTags.test_parental_advisory ... 
2026-02-09 10:39:44,202 1 INFO betopiaerp betopiaerp.addons.base.tests.test_tests_tags: Starting TestSetTags.test_set_tags_empty ... 
2026-02-09 10:39:44,203 1 INFO betopiaerp betopiaerp.addons.base.tests.test_tests_tags: Starting TestSetTags.test_set_tags_multiple_tags ... 
2026-02-09 10:39:44,204 1 INFO betopiaerp betopiaerp.addons.base.tests.test_tests_tags: Starting TestSetTags.test_set_tags_not_decorated ... 
2026-02-09 10:39:44,204 1 INFO betopiaerp betopiaerp.addons.base.tests.test_tests_tags: Starting TestSetTags.test_set_tags_single_tag ... 
2026-02-09 10:39:44,205 1 INFO betopiaerp betopiaerp.addons.base.tests.test_tests_tags: Starting TestSetTags.test_untagging ... 
2026-02-09 10:39:44,206 1 INFO betopiaerp betopiaerp.addons.base.models.ir_attachment: filestore gc 0 checked, 0 removed 
2026-02-09 10:39:44,207 1 INFO betopiaerp betopiaerp.addons.base.tests.test_tests_tags: Starting TestSelector.test_selector_parser ... 
2026-02-09 10:39:44,209 1 INFO betopiaerp betopiaerp.addons.base.models.ir_attachment: filestore gc 0 checked, 0 removed 
2026-02-09 10:39:44,209 1 INFO betopiaerp betopiaerp.addons.base.tests.test_tests_tags: Starting TestSelectorSelection.test_negative_parameters_translate ... 
2026-02-09 10:39:44,210 1 INFO betopiaerp betopiaerp.addons.base.tests.test_tests_tags: Starting TestSelectorSelection.test_selector_parser_parameters ... 
2026-02-09 10:39:44,211 1 INFO betopiaerp betopiaerp.addons.base.tests.test_tests_tags: Starting TestSelectorSelection.test_selector_selection ... 
2026-02-09 10:39:44,212 1 INFO betopiaerp betopiaerp.addons.base.models.ir_attachment: filestore gc 0 checked, 0 removed 
2026-02-09 10:39:44,213 1 INFO betopiaerp betopiaerp.addons.base.tests.test_tests_tags: Starting TestTestClass.test_canonical_tag ... 
2026-02-09 10:39:44,214 1 INFO betopiaerp betopiaerp.addons.base.tests.test_transactions: Starting TestTransactionEnvs.test_transation_envs_ordered ... 
2026-02-09 10:39:44,214 1 INFO betopiaerp betopiaerp.addons.base.tests.test_transactions: Starting TestTransactionEnvs.test_transation_envs_weakrefs ... 
2026-02-09 10:39:44,215 1 INFO betopiaerp betopiaerp.addons.base.tests.test_transactions: Starting TestTransactionEnvs.test_transation_envs_weakrefs_call ... 
2026-02-09 10:39:44,216 1 INFO betopiaerp betopiaerp.addons.base.tests.test_transactions: Starting TestTransactionEnvs.test_transation_envs_weakrefs_return ... 
2026-02-09 10:39:44,217 1 INFO betopiaerp betopiaerp.addons.base.models.ir_attachment: filestore gc 0 checked, 0 removed 
2026-02-09 10:39:44,217 1 INFO betopiaerp betopiaerp.addons.base.tests.test_translate: Starting TranslationToolsTestCase.test_quote_unquote ... 
2026-02-09 10:39:44,218 1 INFO betopiaerp betopiaerp.addons.base.tests.test_translate: Starting TranslationToolsTestCase.test_translate_html ... 
2026-02-09 10:39:44,218 1 INFO betopiaerp betopiaerp.addons.base.tests.test_translate: Starting TranslationToolsTestCase.test_translate_html_i ... 
2026-02-09 10:39:44,218 1 INFO betopiaerp betopiaerp.addons.base.tests.test_translate: Starting TranslationToolsTestCase.test_translate_html_nbsp ... 
2026-02-09 10:39:44,219 1 INFO betopiaerp betopiaerp.addons.base.tests.test_translate: Starting TranslationToolsTestCase.test_translate_xml_a ... 
2026-02-09 10:39:44,219 1 INFO betopiaerp betopiaerp.addons.base.tests.test_translate: Starting TranslationToolsTestCase.test_translate_xml_attribute ... 
2026-02-09 10:39:44,219 1 INFO betopiaerp betopiaerp.addons.base.tests.test_translate: Starting TranslationToolsTestCase.test_translate_xml_base ... 
2026-02-09 10:39:44,220 1 INFO betopiaerp betopiaerp.addons.base.tests.test_translate: Starting TranslationToolsTestCase.test_translate_xml_fstring ... 
2026-02-09 10:39:44,220 1 INFO betopiaerp betopiaerp.addons.base.tests.test_translate: Starting TranslationToolsTestCase.test_translate_xml_illegal_translations ... 
2026-02-09 10:39:44,221 1 INFO betopiaerp betopiaerp.addons.base.tests.test_translate: Starting TranslationToolsTestCase.test_translate_xml_inline1 ... 
2026-02-09 10:39:44,221 1 INFO betopiaerp betopiaerp.addons.base.tests.test_translate: Starting TranslationToolsTestCase.test_translate_xml_inline2 ... 
2026-02-09 10:39:44,221 1 INFO betopiaerp betopiaerp.addons.base.tests.test_translate: Starting TranslationToolsTestCase.test_translate_xml_inline3 ... 
2026-02-09 10:39:44,222 1 INFO betopiaerp betopiaerp.addons.base.tests.test_translate: Starting TranslationToolsTestCase.test_translate_xml_inline4 ... 
2026-02-09 10:39:44,222 1 INFO betopiaerp betopiaerp.addons.base.tests.test_translate: Starting TranslationToolsTestCase.test_translate_xml_inline5 ... 
2026-02-09 10:39:44,222 1 INFO betopiaerp betopiaerp.addons.base.tests.test_translate: Starting TranslationToolsTestCase.test_translate_xml_invalid_translations ... 
2026-02-09 10:39:44,223 1 INFO betopiaerp betopiaerp.addons.base.tests.test_translate: Starting TranslationToolsTestCase.test_translate_xml_off ... 
2026-02-09 10:39:44,223 1 INFO betopiaerp betopiaerp.addons.base.tests.test_translate: Starting TranslationToolsTestCase.test_translate_xml_t ... 
2026-02-09 10:39:44,223 1 INFO betopiaerp betopiaerp.addons.base.tests.test_translate: Starting TranslationToolsTestCase.test_translate_xml_text ... 
2026-02-09 10:39:44,224 1 INFO betopiaerp betopiaerp.addons.base.tests.test_translate: Starting TranslationToolsTestCase.test_translate_xml_text_entity ... 
2026-02-09 10:39:44,224 1 INFO betopiaerp betopiaerp.addons.base.tests.test_translate: Starting TranslationToolsTestCase.test_translate_xml_unicode ... 
2026-02-09 10:39:44,224 1 INFO betopiaerp betopiaerp.addons.base.tests.test_translate: Starting TranslationToolsTestCase.test_translate_xml_with_namespace ... 
2026-02-09 10:39:44,225 1 INFO betopiaerp betopiaerp.addons.base.tests.test_translate: Starting TestLanguageInstall.test_language_install ... 
2026-02-09 10:39:44,233 1 INFO betopiaerp betopiaerp.addons.base.models.ir_attachment: filestore gc 0 checked, 0 removed 
2026-02-09 10:39:44,236 1 INFO betopiaerp betopiaerp.tools.translate: loading translation file for language fr_FR 
2026-02-09 10:39:44,239 1 INFO betopiaerp betopiaerp.tools.translate: translations are loaded successfully 
2026-02-09 10:39:44,239 1 INFO betopiaerp betopiaerp.addons.base.tests.test_translate: Starting TestTranslation.test_101_create_translated_record ... 
2026-02-09 10:39:44,240 1 INFO betopiaerp betopiaerp.addons.base.tests.test_translate: Starting TestTranslation.test_101_translation_read ... 
2026-02-09 10:39:44,257 1 INFO betopiaerp betopiaerp.models.unlink: User #1 deleted ir.default records with IDs: [1] 
2026-02-09 10:39:44,259 1 INFO betopiaerp betopiaerp.addons.base.tests.test_translate: Starting TestTranslation.test_102_duplicate_record ... 
2026-02-09 10:39:44,263 1 INFO betopiaerp betopiaerp.addons.base.tests.test_translate: Starting TestTranslation.test_103_duplicate_record_fr ... 
2026-02-09 10:39:44,267 1 INFO betopiaerp betopiaerp.addons.base.tests.test_translate: Starting TestTranslation.test_104_orderby_translated_field ... 
2026-02-09 10:39:44,270 1 INFO betopiaerp betopiaerp.addons.base.tests.test_translate: Starting TestTranslation.test_105_duplicate_record_multi_no_en ... 
2026-02-09 10:39:44,283 1 INFO betopiaerp betopiaerp.models.unlink: User #1 deleted ir.default records with IDs: [1] 
2026-02-09 10:39:44,290 1 INFO betopiaerp betopiaerp.addons.base.tests.test_translate: Starting TestTranslation.test_107_duplicate_record_en ... 
2026-02-09 10:39:44,294 1 INFO betopiaerp betopiaerp.addons.base.tests.test_translate: Starting TestTranslation.test_108_search_en ... 
2026-02-09 10:39:44,296 1 INFO betopiaerp betopiaerp.addons.base.tests.test_translate: Starting TestTranslation.test_109_search_fr ... 
2026-02-09 10:39:44,299 1 INFO betopiaerp betopiaerp.addons.base.tests.test_translate: Starting TestTranslation.test_110_search_es ... 
2026-02-09 10:39:44,303 1 INFO betopiaerp betopiaerp.addons.base.tests.test_translate: Starting TestTranslation.test_111_prefetch_langs ... 
2026-02-09 10:39:44,314 1 INFO betopiaerp betopiaerp.models.unlink: User #1 deleted ir.default records with IDs: [1] 
2026-02-09 10:39:44,318 1 INFO betopiaerp betopiaerp.addons.base.models.ir_attachment: filestore gc 0 checked, 0 removed 
2026-02-09 10:39:44,321 1 INFO betopiaerp betopiaerp.addons.base.tests.test_translate: Starting TestTranslationWrite.test_00 ... 
2026-02-09 10:39:44,327 1 INFO betopiaerp betopiaerp.addons.base.tests.test_translate: Starting TestTranslationWrite.test_01_invalid_lang ... 
2026-02-09 10:39:44,337 1 INFO betopiaerp betopiaerp.addons.base.tests.test_translate: Starting TestTranslationWrite.test_03_fr_single ... 
2026-02-09 10:39:44,347 1 INFO betopiaerp betopiaerp.models.unlink: User #1 deleted ir.default records with IDs: [1] 
2026-02-09 10:39:44,350 1 INFO betopiaerp betopiaerp.addons.base.tests.test_translate: Starting TestTranslationWrite.test_04_fr_multi ... 
2026-02-09 10:39:44,352 1 INFO betopiaerp betopiaerp.tools.translate: loading translation file for language fr_FR 
2026-02-09 10:39:44,353 1 INFO betopiaerp betopiaerp.tools.translate: translations are loaded successfully 
2026-02-09 10:39:44,355 1 INFO betopiaerp betopiaerp.addons.base.tests.test_translate: Starting TestTranslationWrite.test_04_fr_multi_no_en ... 
2026-02-09 10:39:44,367 1 INFO betopiaerp betopiaerp.models.unlink: User #1 deleted ir.default records with IDs: [1] 
2026-02-09 10:39:44,370 1 INFO betopiaerp betopiaerp.addons.base.tests.test_translate: Starting TestTranslationWrite.test_05_remove_multi_false ... 
2026-02-09 10:39:44,374 1 INFO betopiaerp betopiaerp.addons.base.tests.test_translate: Starting TestTranslationWrite.test_create_empty_false ... 
2026-02-09 10:39:44,380 1 INFO betopiaerp betopiaerp.addons.base.tests.test_translate: Starting TestTranslationWrite.test_field_selection ... 
2026-02-09 10:39:44,395 1 INFO betopiaerp betopiaerp.addons.base.tests.test_translate: Starting TestTranslationWrite.test_load_views ... 
2026-02-09 10:39:44,398 1 INFO betopiaerp betopiaerp.tools.translate: loading translation file for language fr_FR 
2026-02-09 10:39:44,403 1 INFO betopiaerp betopiaerp.tools.translate: translations are loaded successfully 
2026-02-09 10:39:44,433 1 INFO betopiaerp betopiaerp.addons.base.tests.test_translate: Starting TestTranslationWrite.test_update_field_translations ... 
2026-02-09 10:39:44,441 1 INFO betopiaerp betopiaerp.addons.base.tests.test_translate: Starting TestTranslationWrite.test_update_field_translations_for_empty ... 
2026-02-09 10:39:44,452 1 INFO betopiaerp betopiaerp.addons.base.tests.test_translate: Starting TestTranslationWrite.test_write_empty_and_value ... 
2026-02-09 10:39:44,481 1 INFO betopiaerp betopiaerp.addons.base.models.ir_attachment: filestore gc 0 checked, 0 removed 
2026-02-09 10:39:44,486 1 INFO betopiaerp betopiaerp.addons.base.tests.test_translate: Starting TestXMLTranslation.test_cache_consistency ... 
2026-02-09 10:39:44,496 1 INFO betopiaerp betopiaerp.addons.base.tests.test_translate: Starting TestXMLTranslation.test_copy ... 
2026-02-09 10:39:44,516 1 INFO betopiaerp betopiaerp.addons.base.tests.test_translate: Starting TestXMLTranslation.test_delay_translations ... 
2026-02-09 10:39:44,530 1 INFO betopiaerp betopiaerp.addons.base.tests.test_translate: Starting TestXMLTranslation.test_delay_translations_no_term ... 
2026-02-09 10:39:44,541 1 INFO betopiaerp betopiaerp.addons.base.tests.test_translate: Starting TestXMLTranslation.test_spaces ... 
2026-02-09 10:39:44,547 1 INFO betopiaerp betopiaerp.addons.base.tests.test_translate: Starting TestXMLTranslation.test_sync ... 
2026-02-09 10:39:44,561 1 INFO betopiaerp betopiaerp.addons.base.tests.test_translate: Starting TestXMLTranslation.test_sync_text_to_xml ... 
2026-02-09 10:39:44,571 1 INFO betopiaerp betopiaerp.addons.base.tests.test_translate: Starting TestXMLTranslation.test_sync_xml ... 
2026-02-09 10:39:44,587 1 INFO betopiaerp betopiaerp.addons.base.tests.test_translate: Starting TestXMLTranslation.test_sync_xml_attribute ... 
2026-02-09 10:39:44,598 1 INFO betopiaerp betopiaerp.addons.base.tests.test_translate: Starting TestXMLTranslation.test_sync_xml_close_terms ... 
2026-02-09 10:39:44,612 1 INFO betopiaerp betopiaerp.addons.base.tests.test_translate: Starting TestXMLTranslation.test_sync_xml_collision ... 
2026-02-09 10:39:44,626 1 INFO betopiaerp betopiaerp.addons.base.tests.test_translate: Starting TestXMLTranslation.test_sync_xml_inline_modifiers ... 
2026-02-09 10:39:44,640 1 INFO betopiaerp betopiaerp.addons.base.tests.test_translate: Starting TestXMLTranslation.test_sync_xml_no_en ... 
2026-02-09 10:39:44,654 1 INFO betopiaerp betopiaerp.models.unlink: User #1 deleted ir.default records with IDs: [1] 
2026-02-09 10:39:44,660 1 INFO betopiaerp betopiaerp.addons.base.tests.test_translate: Starting TestXMLTranslation.test_sync_xml_upgrade ... 
2026-02-09 10:39:44,691 1 INFO betopiaerp betopiaerp.addons.base.tests.test_translate: Starting TestXMLTranslation.test_t_call_no_normal_attribute_translation ... 
2026-02-09 10:39:44,705 1 INFO betopiaerp betopiaerp.addons.base.tests.test_translate: Starting TestXMLTranslation.test_update_field_translations ... 
2026-02-09 10:39:44,723 1 INFO betopiaerp betopiaerp.addons.base.tests.test_translate: Starting TestXMLTranslation.test_update_field_translations_empty_str ... 
2026-02-09 10:39:44,734 1 INFO betopiaerp betopiaerp.addons.base.tests.test_translate: Starting TestXMLTranslation.test_update_field_translations_partially ... 
2026-02-09 10:39:44,747 1 INFO betopiaerp betopiaerp.addons.base.tests.test_translate: Starting TestXMLTranslation.test_update_field_translations_source_lang ... 
2026-02-09 10:39:44,761 1 INFO betopiaerp betopiaerp.addons.base.tests.test_translate: Starting TestXMLTranslation.test_update_field_translations_typofix ... 
2026-02-09 10:39:44,781 1 INFO betopiaerp betopiaerp.addons.base.models.ir_attachment: filestore gc 0 checked, 0 removed 
2026-02-09 10:39:44,795 1 INFO betopiaerp betopiaerp.addons.base.tests.test_translate: Starting TestXMLDuplicateTranslations.test_copy ... 
2026-02-09 10:39:44,804 1 INFO betopiaerp betopiaerp.addons.base.tests.test_translate: Starting TestXMLDuplicateTranslations.test_get_field_translations ... 
2026-02-09 10:39:44,806 1 INFO betopiaerp betopiaerp.addons.base.tests.test_translate: Starting TestXMLDuplicateTranslations.test_update_field_translations_again ... 
2026-02-09 10:39:44,817 1 INFO betopiaerp betopiaerp.addons.base.tests.test_translate: Starting TestXMLDuplicateTranslations.test_update_field_translations_result ... 
2026-02-09 10:39:44,820 1 INFO betopiaerp betopiaerp.addons.base.tests.test_translate: Starting TestXMLDuplicateTranslations.test_write ... 
2026-02-09 10:39:44,832 1 INFO betopiaerp betopiaerp.addons.base.models.ir_attachment: filestore gc 0 checked, 0 removed 
2026-02-09 10:39:44,833 1 INFO betopiaerp betopiaerp.addons.base.tests.test_translate: Starting TestHTMLTranslation.test_delay_translations_no_term ... 
2026-02-09 10:39:44,901 1 INFO betopiaerp betopiaerp.addons.base.tests.test_translate: Starting TestHTMLTranslation.test_write_non_existing ... 
2026-02-09 10:39:44,904 1 INFO betopiaerp betopiaerp.addons.base.models.ir_attachment: filestore gc 0 checked, 0 removed 
2026-02-09 10:39:44,905 1 INFO betopiaerp betopiaerp.addons.base.tests.test_translate: Starting TestTranslationTrigramIndexPatterns.test_pattern_conversion ... 
2026-02-09 10:39:44,905 1 INFO betopiaerp betopiaerp.addons.base.tests.test_translate: Starting TestTranslationTrigramIndexPatterns.test_value_conversion ... 
2026-02-09 10:39:44,906 1 INFO betopiaerp betopiaerp.addons.base.tests.test_tz: Starting TestTZ.test_cannot_set_deprecated_timezone ... 
2026-02-09 10:39:44,910 1 INFO betopiaerp betopiaerp.addons.base.tests.test_tz: Starting TestTZ.test_dont_adapt_available_tz ... 
2026-02-09 10:39:44,910 1 INFO betopiaerp betopiaerp.addons.base.tests.test_tz: Starting TestTZ.test_partner_with_old_tz ... 
2026-02-09 10:39:44,916 1 INFO betopiaerp betopiaerp.addons.base.tests.test_tz: Starting TestTZ.test_tz_legacy ... 
2026-02-09 10:39:44,943 1 INFO betopiaerp betopiaerp.addons.base.models.ir_attachment: filestore gc 0 checked, 0 removed 
2026-02-09 10:39:44,944 1 INFO betopiaerp betopiaerp.addons.base.tests.test_user_has_group: Starting TestHasGroup.test_demote_user ... 
2026-02-09 10:39:44,984 1 INFO betopiaerp betopiaerp.addons.base.tests.test_user_has_group: Starting TestHasGroup.test_env_uid ... 
2026-02-09 10:39:45,000 1 INFO betopiaerp betopiaerp.addons.base.tests.test_user_has_group: Starting TestHasGroup.test_has_group_cleared_cache_on_write ... 
2026-02-09 10:39:45,017 1 INFO betopiaerp betopiaerp.addons.base.tests.test_user_has_group: Starting TestHasGroup.test_has_group_with_new_id ... 
2026-02-09 10:39:45,035 1 INFO betopiaerp betopiaerp.addons.base.tests.test_user_has_group: Starting TestHasGroup.test_implied_groups ... 
2026-02-09 10:39:45,102 1 INFO betopiaerp betopiaerp.addons.base.tests.test_user_has_group: Starting TestHasGroup.test_other_user ... 
2026-02-09 10:39:45,138 1 INFO betopiaerp betopiaerp.addons.base.tests.test_user_has_group: Starting TestHasGroup.test_portal_creation ... 
2026-02-09 10:39:45,196 1 INFO betopiaerp betopiaerp.models.unlink: User #1 deleted res.users records with IDs: [681] 
2026-02-09 10:39:45,219 1 INFO betopiaerp betopiaerp.addons.base.tests.test_user_has_group: Starting TestHasGroup.test_portal_write ... 
2026-02-09 10:39:45,265 1 INFO betopiaerp betopiaerp.addons.base.tests.test_user_has_group: Starting TestHasGroup.test_record ... 
2026-02-09 10:39:45,283 1 INFO betopiaerp betopiaerp.addons.base.tests.test_user_has_group: Starting TestHasGroup.test_two_user_types ... 
2026-02-09 10:39:45,343 1 INFO betopiaerp betopiaerp.addons.base.tests.test_user_has_group: Starting TestHasGroup.test_two_user_types_implied_groups ... 
2026-02-09 10:39:45,417 1 INFO betopiaerp betopiaerp.models: Prepare computation of res.users.x_group_names 
2026-02-09 10:39:45,447 1 INFO betopiaerp betopiaerp.models: Prepare computation of res.groups.x_user_names 
2026-02-09 10:39:45,510 1 INFO betopiaerp betopiaerp.addons.base.models.ir_attachment: filestore gc 3 checked, 3 removed 
2026-02-09 10:39:45,511 1 INFO betopiaerp betopiaerp.addons.base.tests.test_views: Starting ViewXMLID.test_model_data_id ... 
2026-02-09 10:39:45,515 1 INFO betopiaerp betopiaerp.addons.base.models.ir_attachment: filestore gc 0 checked, 0 removed 
2026-02-09 10:39:45,516 1 INFO betopiaerp betopiaerp.addons.base.tests.test_views: Starting TestNodeLocator.test_attribute_filter ... 
2026-02-09 10:39:45,517 1 INFO betopiaerp betopiaerp.addons.base.tests.test_views: Starting TestNodeLocator.test_attribute_mismatch ... 
2026-02-09 10:39:45,518 1 INFO betopiaerp betopiaerp.addons.base.tests.test_views: Starting TestNodeLocator.test_match_field ... 
2026-02-09 10:39:45,518 1 INFO betopiaerp betopiaerp.addons.base.tests.test_views: Starting TestNodeLocator.test_match_other ... 
2026-02-09 10:39:45,519 1 INFO betopiaerp betopiaerp.addons.base.tests.test_views: Starting TestNodeLocator.test_match_xpath ... 
2026-02-09 10:39:45,520 1 INFO betopiaerp betopiaerp.addons.base.tests.test_views: Starting TestNodeLocator.test_no_match_field ... 
2026-02-09 10:39:45,520 1 INFO betopiaerp betopiaerp.addons.base.tests.test_views: Starting TestNodeLocator.test_no_match_other ... 
2026-02-09 10:39:45,521 1 INFO betopiaerp betopiaerp.addons.base.tests.test_views: Starting TestNodeLocator.test_no_match_xpath ... 
2026-02-09 10:39:45,521 1 INFO betopiaerp betopiaerp.addons.base.tests.test_views: Starting TestNodeLocator.test_version_mismatch ... 
2026-02-09 10:39:45,523 1 INFO betopiaerp betopiaerp.addons.base.models.ir_attachment: filestore gc 0 checked, 0 removed 
2026-02-09 10:39:45,553 1 INFO betopiaerp betopiaerp.addons.base.tests.test_views: Starting TestViewInheritance.test_broken_hierarchy_locators ... 
2026-02-09 10:39:45,599 1 INFO betopiaerp betopiaerp.addons.base.tests.test_views: Starting TestViewInheritance.test_default_view ... 
2026-02-09 10:39:45,639 1 INFO betopiaerp betopiaerp.addons.base.tests.test_views: Starting TestViewInheritance.test_get_combined_arch_query_count ... 
2026-02-09 10:39:45,699 1 INFO betopiaerp betopiaerp.addons.base.tests.test_views: Query count less than expected for user __system__: 2 < 3 in test_get_combined_arch_query_count at /opt/betopiaerp/betopiaerp/addons/base/tests/test_views.py:317 
2026-02-09 10:39:45,700 1 INFO betopiaerp betopiaerp.addons.base.tests.test_views: Starting TestViewInheritance.test_get_inheriting_views ... 
2026-02-09 10:39:45,744 1 INFO betopiaerp betopiaerp.addons.base.tests.test_views: Starting TestViewInheritance.test_invalid_locators ... 
2026-02-09 10:39:45,792 1 INFO betopiaerp betopiaerp.addons.base.tests.test_views: Starting TestViewInheritance.test_invalid_locators_with_valid_xpath ... 
2026-02-09 10:39:45,852 1 INFO betopiaerp betopiaerp.addons.base.tests.test_views: Starting TestViewInheritance.test_nested_move_invalid_locator ... 
2026-02-09 10:39:45,901 1 INFO betopiaerp betopiaerp.addons.base.tests.test_views: Starting TestViewInheritance.test_no_arch ... 
2026-02-09 10:39:45,937 1 INFO betopiaerp betopiaerp.addons.base.tests.test_views: Starting TestViewInheritance.test_no_default_view ... 
2026-02-09 10:39:45,973 1 INFO betopiaerp betopiaerp.addons.base.tests.test_views: Starting TestViewInheritance.test_no_recursion ... 
2026-02-09 10:39:46,031 1 INFO betopiaerp betopiaerp.addons.base.tests.test_views: Starting TestViewInheritance.test_view_validate_attrs_groups_query_count ... 
2026-02-09 10:39:46,078 1 INFO betopiaerp betopiaerp.addons.base.tests.test_views: Starting TestViewInheritance.test_view_validate_button_action_query_count ... 
2026-02-09 10:39:46,128 1 INFO betopiaerp betopiaerp.addons.base.tests.test_views: Starting TestViewInheritance.test_write_arch ... 
2026-02-09 10:39:46,180 1 INFO betopiaerp betopiaerp.addons.base.models.ir_attachment: filestore gc 1 checked, 1 removed 
2026-02-09 10:39:46,202 1 INFO betopiaerp betopiaerp.addons.base.tests.test_views: Starting TestApplyInheritanceSpecs.test_delete ... 
2026-02-09 10:39:46,207 1 INFO betopiaerp betopiaerp.addons.base.tests.test_views: Starting TestApplyInheritanceSpecs.test_incorrect_version ... 
2026-02-09 10:39:46,211 1 INFO betopiaerp betopiaerp.addons.base.tests.test_views: Starting TestApplyInheritanceSpecs.test_insert_after ... 
2026-02-09 10:39:46,212 1 INFO betopiaerp betopiaerp.addons.base.tests.test_views: Starting TestApplyInheritanceSpecs.test_insert_before ... 
2026-02-09 10:39:46,212 1 INFO betopiaerp betopiaerp.addons.base.tests.test_views: Starting TestApplyInheritanceSpecs.test_insert_inside ... 
2026-02-09 10:39:46,213 1 INFO betopiaerp betopiaerp.addons.base.tests.test_views: Starting TestApplyInheritanceSpecs.test_invalid_position ... 
2026-02-09 10:39:46,216 1 INFO betopiaerp betopiaerp.addons.base.tests.test_views: Starting TestApplyInheritanceSpecs.test_replace_inner ... 
2026-02-09 10:39:46,217 1 INFO betopiaerp betopiaerp.addons.base.tests.test_views: Starting TestApplyInheritanceSpecs.test_replace_inner_2 ... 
2026-02-09 10:39:46,217 1 INFO betopiaerp betopiaerp.addons.base.tests.test_views: Starting TestApplyInheritanceSpecs.test_replace_outer ... 
2026-02-09 10:39:46,218 1 INFO betopiaerp betopiaerp.addons.base.tests.test_views: Starting TestApplyInheritanceSpecs.test_target_not_found ... 
2026-02-09 10:39:46,221 1 INFO betopiaerp betopiaerp.addons.base.tests.test_views: Starting TestApplyInheritanceSpecs.test_unpack_data ... 
2026-02-09 10:39:46,223 1 INFO betopiaerp betopiaerp.addons.base.models.ir_attachment: filestore gc 1 checked, 1 removed 
2026-02-09 10:39:46,247 1 INFO betopiaerp betopiaerp.addons.base.tests.test_views: Starting TestApplyInheritanceWrapSpecs.test_replace ... 
2026-02-09 10:39:46,254 1 INFO betopiaerp betopiaerp.addons.base.models.ir_attachment: filestore gc 1 checked, 1 removed 
2026-02-09 10:39:46,277 1 INFO betopiaerp betopiaerp.addons.base.tests.test_views: Starting TestApplyInheritanceMoveSpecs.test_incorrect_move_1 ... 
2026-02-09 10:39:46,284 1 INFO betopiaerp betopiaerp.addons.base.tests.test_views: Starting TestApplyInheritanceMoveSpecs.test_incorrect_move_2 ... 
2026-02-09 10:39:46,286 1 INFO betopiaerp betopiaerp.addons.base.tests.test_views: Starting TestApplyInheritanceMoveSpecs.test_incorrect_move_3 ... 
2026-02-09 10:39:46,287 1 INFO betopiaerp betopiaerp.addons.base.tests.test_views: Starting TestApplyInheritanceMoveSpecs.test_move_after ... 
2026-02-09 10:39:46,289 1 INFO betopiaerp betopiaerp.addons.base.tests.test_views: Starting TestApplyInheritanceMoveSpecs.test_move_before ... 
2026-02-09 10:39:46,289 1 INFO betopiaerp betopiaerp.addons.base.tests.test_views: Starting TestApplyInheritanceMoveSpecs.test_move_inside ... 
2026-02-09 10:39:46,290 1 INFO betopiaerp betopiaerp.addons.base.tests.test_views: Starting TestApplyInheritanceMoveSpecs.test_move_replace ... 
2026-02-09 10:39:46,291 1 INFO betopiaerp betopiaerp.addons.base.tests.test_views: Starting TestApplyInheritanceMoveSpecs.test_move_with_other_1 ... 
2026-02-09 10:39:46,292 1 INFO betopiaerp betopiaerp.addons.base.tests.test_views: Starting TestApplyInheritanceMoveSpecs.test_move_with_other_2 ... 
2026-02-09 10:39:46,293 1 INFO betopiaerp betopiaerp.addons.base.tests.test_views: Starting TestApplyInheritanceMoveSpecs.test_move_with_tail ... 
2026-02-09 10:39:46,295 1 INFO betopiaerp betopiaerp.addons.base.models.ir_attachment: filestore gc 1 checked, 1 removed 
2026-02-09 10:39:46,318 1 INFO betopiaerp betopiaerp.addons.base.tests.test_views: Starting TestNoModel.test_create_view_nomodel ... 
2026-02-09 10:39:46,325 1 INFO betopiaerp betopiaerp.addons.base.tests.test_views: Starting TestNoModel.test_qweb_translation ... 
2026-02-09 10:39:46,333 1 INFO betopiaerp betopiaerp.addons.base.models.ir_attachment: filestore gc 1 checked, 1 removed 
2026-02-09 10:39:46,357 1 INFO betopiaerp betopiaerp.addons.base.tests.test_views: Starting TestTemplating.test_branding_attribute_groups ... 
2026-02-09 10:39:46,366 1 INFO betopiaerp betopiaerp.addons.base.tests.test_views: Starting TestTemplating.test_branding_distribute_inner ... 
2026-02-09 10:39:46,372 1 INFO betopiaerp betopiaerp.addons.base.tests.test_views: Starting TestTemplating.test_branding_inherit ... 
2026-02-09 10:39:46,378 1 INFO betopiaerp betopiaerp.addons.base.tests.test_views: Starting TestTemplating.test_branding_inherit_multi_replace_node ... 
2026-02-09 10:39:46,386 1 INFO betopiaerp betopiaerp.addons.base.tests.test_views: Starting TestTemplating.test_branding_inherit_multi_replace_node2 ... 
2026-02-09 10:39:46,393 1 INFO betopiaerp betopiaerp.addons.base.tests.test_views: Starting TestTemplating.test_branding_inherit_remove_added_from_inheritance ... 
2026-02-09 10:39:46,402 1 INFO betopiaerp betopiaerp.addons.base.tests.test_views: Starting TestTemplating.test_branding_inherit_remove_node ... 
2026-02-09 10:39:46,409 1 INFO betopiaerp betopiaerp.addons.base.tests.test_views: Starting TestTemplating.test_branding_inherit_remove_node2 ... 
2026-02-09 10:39:46,415 1 INFO betopiaerp betopiaerp.addons.base.tests.test_views: Starting TestTemplating.test_branding_inherit_remove_node_processing_instruction ... 
2026-02-09 10:39:46,420 1 INFO betopiaerp betopiaerp.addons.base.tests.test_views: Starting TestTemplating.test_branding_inherit_replace_node ... 
2026-02-09 10:39:46,426 1 INFO betopiaerp betopiaerp.addons.base.tests.test_views: Starting TestTemplating.test_branding_inherit_replace_node2 ... 
2026-02-09 10:39:46,432 1 INFO betopiaerp betopiaerp.addons.base.tests.test_views: Starting TestTemplating.test_branding_inherit_top_t_field ... 
2026-02-09 10:39:46,440 1 INFO betopiaerp betopiaerp.addons.base.tests.test_views: Starting TestTemplating.test_branding_primary_inherit ... 
2026-02-09 10:39:46,445 1 INFO betopiaerp betopiaerp.addons.base.tests.test_views: Starting TestTemplating.test_branding_remove_add_text ... 
2026-02-09 10:39:46,451 1 INFO betopiaerp betopiaerp.addons.base.tests.test_views: Starting TestTemplating.test_branding_t0 ... 
2026-02-09 10:39:46,456 1 INFO betopiaerp betopiaerp.addons.base.tests.test_views: Starting TestTemplating.test_call_no_branding ... 
2026-02-09 10:39:46,460 1 INFO betopiaerp betopiaerp.addons.base.tests.test_views: Starting TestTemplating.test_esc_no_branding ... 
2026-02-09 10:39:46,463 1 INFO betopiaerp betopiaerp.addons.base.tests.test_views: Starting TestTemplating.test_ignore_unbrand ... 
2026-02-09 10:39:46,470 1 INFO betopiaerp betopiaerp.addons.base.models.ir_attachment: filestore gc 1 checked, 1 removed 
2026-02-09 10:39:46,475 1 INFO betopiaerp betopiaerp.addons.base.models.ir_module: module base: loading translation file /opt/betopiaerp/betopiaerp/addons/base/i18n/fr.po for language fr_FR 
2026-02-09 10:39:47,031 1 INFO betopiaerp betopiaerp.addons.base.models.ir_module: module base: loading translation file /opt/betopiaerp/betopiaerp/addons/base/i18n/nl.po for language nl_NL 
2026-02-09 10:39:47,960 1 INFO betopiaerp betopiaerp.addons.base.tests.test_views: Starting TestViewTranslations.test_cache_consistency ... 
2026-02-09 10:39:47,976 1 INFO betopiaerp betopiaerp.addons.base.tests.test_views: Starting TestViewTranslations.test_no_groups_for_inherited ... 
2026-02-09 10:39:47,997 1 INFO betopiaerp betopiaerp.addons.base.tests.test_views: Starting TestViewTranslations.test_sync ... 
2026-02-09 10:39:48,020 1 INFO betopiaerp betopiaerp.addons.base.tests.test_views: Starting TestViewTranslations.test_sync_update ... 
2026-02-09 10:39:48,035 1 INFO betopiaerp betopiaerp.addons.base.tests.test_views: Starting TestViewTranslations.test_sync_xml ... 
2026-02-09 10:39:48,054 1 INFO betopiaerp betopiaerp.addons.base.models.ir_attachment: filestore gc 0 checked, 0 removed 
2026-02-09 10:39:48,098 1 INFO betopiaerp betopiaerp.addons.base.tests.test_views: Starting ViewModeField.testChangeInheritOfPrimary ... 
2026-02-09 10:39:48,134 1 INFO betopiaerp betopiaerp.addons.base.tests.test_views: Starting ViewModeField.testDefaultExtensionToPrimary ... 
2026-02-09 10:39:48,148 1 INFO betopiaerp betopiaerp.addons.base.tests.test_views: Starting ViewModeField.testInheritPrimaryToExtension ... 
2026-02-09 10:39:48,158 1 INFO betopiaerp betopiaerp.addons.base.tests.test_views: Starting ViewModeField.testModeExplicit ... 
2026-02-09 10:39:48,167 1 INFO betopiaerp betopiaerp.addons.base.tests.test_views: Starting ViewModeField.testModeImplicitValue ... 
2026-02-09 10:39:48,177 1 INFO betopiaerp betopiaerp.addons.base.tests.test_views: Starting ViewModeField.testPurePrimaryToExtension ... 
2026-02-09 10:39:48,184 1 INFO betopiaerp betopiaerp.addons.base.models.ir_attachment: filestore gc 1 checked, 1 removed 
2026-02-09 10:39:48,216 1 INFO betopiaerp betopiaerp.addons.base.tests.test_views: Starting TestDefaultView.testDefaultViewBase ... 
2026-02-09 10:39:48,230 1 INFO betopiaerp betopiaerp.addons.base.tests.test_views: Starting TestDefaultView.testDefaultViewPrimary ... 
2026-02-09 10:39:48,239 1 INFO betopiaerp betopiaerp.addons.base.models.ir_attachment: filestore gc 1 checked, 1 removed 
2026-02-09 10:39:48,266 1 INFO betopiaerp betopiaerp.addons.base.tests.test_views: Starting TestViewCombined.test_basic_read ... 
2026-02-09 10:39:48,309 1 INFO betopiaerp betopiaerp.addons.base.tests.test_views: Starting TestViewCombined.test_cross_model_double ... 
2026-02-09 10:39:48,336 1 INFO betopiaerp betopiaerp.addons.base.tests.test_views: Starting TestViewCombined.test_cross_model_simple ... 
2026-02-09 10:39:48,363 1 INFO betopiaerp betopiaerp.addons.base.tests.test_views: Starting TestViewCombined.test_inherit_python_expression ... 
2026-02-09 10:39:48,475 1 INFO betopiaerp betopiaerp.addons.base.tests.test_views: Starting TestViewCombined.test_multi_combine ... 
2026-02-09 10:39:48,513 1 INFO betopiaerp betopiaerp.addons.base.tests.test_views: Starting TestViewCombined.test_multi_combine_with_same_ancestor ... 
2026-02-09 10:39:48,552 1 INFO betopiaerp betopiaerp.addons.base.tests.test_views: Starting TestViewCombined.test_primary_after_extensions ... 
2026-02-09 10:39:48,586 1 INFO betopiaerp betopiaerp.addons.base.tests.test_views: Starting TestViewCombined.test_read_from_child ... 
2026-02-09 10:39:48,611 1 INFO betopiaerp betopiaerp.addons.base.tests.test_views: Starting TestViewCombined.test_read_from_child_primary ... 
2026-02-09 10:39:48,647 1 INFO betopiaerp betopiaerp.addons.base.models.ir_attachment: filestore gc 1 checked, 1 removed 
2026-02-09 10:39:48,677 1 INFO betopiaerp betopiaerp.addons.base.tests.test_views: Starting TestOptionalViews.test_applied ... 
2026-02-09 10:39:48,696 1 INFO betopiaerp betopiaerp.addons.base.tests.test_views: Starting TestOptionalViews.test_applied_state_toggle ... 
2026-02-09 10:39:48,720 1 INFO betopiaerp betopiaerp.addons.base.models.ir_attachment: filestore gc 1 checked, 1 removed 
2026-02-09 10:39:48,721 1 INFO betopiaerp betopiaerp.addons.base.tests.test_views: Starting TestXPathExtentions.test_hasclass ... 
2026-02-09 10:39:48,755 1 INFO betopiaerp betopiaerp.addons.base.tests.test_views: Starting TestQWebRender.test_render ... 
2026-02-09 10:39:48,779 1 INFO betopiaerp betopiaerp.addons.base.models.ir_attachment: filestore gc 1 checked, 1 removed 
2026-02-09 10:39:48,780 1 INFO betopiaerp betopiaerp.addons.base.tests.test_views: Starting TestValidationTools.test_get_expression_identities ... 
2026-02-09 10:39:48,808 1 INFO betopiaerp betopiaerp.addons.base.tests.test_views: Starting TestAccessRights.test_access ... 
2026-02-09 10:39:48,815 1 INFO betopiaerp betopiaerp.addons.base.models.ir_model: Access Denied by ACLs for operation: read, uid: 702, model: ir.ui.view 
2026-02-09 10:39:48,833 1 INFO betopiaerp betopiaerp.addons.base.models.ir_model: Access Denied by ACLs for operation: read, uid: 702, model: ir.ui.view 
2026-02-09 10:39:48,837 1 INFO betopiaerp betopiaerp.addons.base.models.ir_attachment: filestore gc 1 checked, 1 removed 
2026-02-09 10:39:48,838 1 INFO betopiaerp betopiaerp.addons.base.tests.test_views: Starting CompRegexTest.test_comp_regex ... 
2026-02-09 10:39:48,840 1 INFO betopiaerp betopiaerp.addons.base.models.ir_attachment: filestore gc 0 checked, 0 removed 
2026-02-09 10:39:48,872 1 INFO betopiaerp betopiaerp.addons.base.tests.test_views: Starting ViewModifiers.test_01_modifiers ... 
2026-02-09 10:39:48,879 1 INFO betopiaerp betopiaerp.addons.base.tests.test_views: Starting ViewModifiers.test_03_modifier_attribute_is_boolean ... 
2026-02-09 10:39:48,894 1 INFO betopiaerp betopiaerp.addons.base.tests.test_views: Starting ViewModifiers.test_04_modifier_attribute_using_context ... 
2026-02-09 10:39:48,905 1 INFO betopiaerp betopiaerp.addons.base.tests.test_views: Starting ViewModifiers.test_05_modifier_attribute_priority ... 
2026-02-09 10:39:48,917 1 INFO betopiaerp betopiaerp.addons.base.tests.test_views: Starting ViewModifiers.test_10_raise_for_old_attributes ... 
2026-02-09 10:39:48,932 1 INFO betopiaerp betopiaerp.addons.base.tests.test_views: Starting ViewModifiers.test_11_attrs_field ... 
2026-02-09 10:39:48,946 1 INFO betopiaerp betopiaerp.addons.base.tests.test_views: Starting ViewModifiers.test_12_invalid_syntax ... 
2026-02-09 10:39:48,960 1 INFO betopiaerp betopiaerp.addons.base.tests.test_views: Starting ViewModifiers.test_13_attrs_states_invisible_to_modifier ... 
2026-02-09 10:39:48,973 1 INFO betopiaerp betopiaerp.addons.base.tests.test_views: Starting ViewModifiers.test_14_attrs_subfield ... 
2026-02-09 10:39:48,997 1 INFO betopiaerp betopiaerp.addons.base.tests.test_views: Starting ViewModifiers.test_15_attrs_subfield_with_parent ... 
2026-02-09 10:39:49,019 1 INFO betopiaerp betopiaerp.addons.base.tests.test_views: Starting ViewModifiers.test_16_attrs_groups_behavior ... 
2026-02-09 10:39:49,039 1 INFO betopiaerp betopiaerp.addons.base.tests.test_views: Starting ViewModifiers.test_17_attrs_groups_validation ... 
2026-02-09 10:39:49,055 1 WARNING ? betopiaerp.tools.config: missing --http-interface/http_interface, using 0.0.0.0 by default, will change to 127.0.0.1 in 20.0 
2026-02-09 10:39:49,058 1 INFO ? BetopiaERP: BetopiaERP version 19.0 
2026-02-09 10:39:49,059 1 INFO ? BetopiaERP: Using configuration file at /etc/betopiaerp/betopiaerp.conf 
2026-02-09 10:39:49,059 1 INFO ? BetopiaERP: addons paths: _NamespacePath(['/opt/betopiaerp/betopiaerp/addons', '/root/.local/share/BetopiaERP/addons/19.0', '/opt/betopiaerp/addons']) 
2026-02-09 10:39:49,059 1 INFO ? BetopiaERP: database: betopiaerp@db:5432 
2026-02-09 10:39:49,217 1 INFO betopiaerp betopiaerp.addons.base.tests.test_views: Starting ViewModifiers.test_18_test_missing_group ... 
2026-02-09 10:39:49,230 1 INFO betopiaerp betopiaerp.models.unlink: User #1 deleted ir.model.data records with IDs: [59286] 
2026-02-09 10:39:49,233 1 INFO betopiaerp betopiaerp.models.unlink: User #1 deleted res.groups records with IDs: [290] 
2026-02-09 10:39:49,254 1 INFO betopiaerp betopiaerp.addons.base.tests.test_views: Starting ViewModifiers.test_create_inherit_view_with_xpath_without_expr ... 
2026-02-09 10:39:49,261 1 INFO betopiaerp betopiaerp.addons.base.models.ir_attachment: filestore gc 1 checked, 1 removed 
2026-02-09 10:39:49,261 1 INFO betopiaerp betopiaerp.modules.loading: Module base loaded in 127.53s (incl. 124.21s test), 5355 queries (+25044 test, +5355 other) 
2026-02-09 10:39:49,262 1 ERROR betopiaerp betopiaerp.modules.loading: Module base: 2 failures, 1 errors of 956 tests 
2026-02-09 10:39:49,262 1 INFO betopiaerp betopiaerp.modules.loading: 1 modules loaded in 127.53s, 5355 queries (+30399 extra) 
2026-02-09 10:39:49,264 1 INFO betopiaerp betopiaerp.modules.loading: updating modules list 
2026-02-09 10:39:49,265 1 INFO betopiaerp betopiaerp.addons.base.models.ir_module: ALLOW access to module.update_list on [] to user __system__ #1 via n/a 
2026-02-09 10:39:50,123 1 INFO ? betopiaerp.service.server: HTTP service (werkzeug) running on 04fb6665b2c5:8069 
2026-02-09 10:39:50,241 1 INFO betopiaerp betopiaerp.tests.common: Importing test framework 
2026-02-09 10:39:50,283 1 INFO betopiaerp betopiaerp.modules.loading: loading 1 modules... 
2026-02-09 10:39:50,283 1 INFO betopiaerp betopiaerp.modules.loading: Loading module base (1/1) 
2026-02-09 10:39:50,305 1 INFO betopiaerp betopiaerp.registry: module base: creating or updating database tables 
2026-02-09 10:39:50,700 1 INFO betopiaerp betopiaerp.modules.loading: loading base/data/res_bank.xml 
2026-02-09 10:39:50,707 1 INFO betopiaerp betopiaerp.modules.loading: loading base/data/res.lang.csv 
2026-02-09 10:39:50,815 1 INFO betopiaerp betopiaerp.modules.loading: loading base/data/res_lang_data.xml 
2026-02-09 10:39:50,842 1 INFO betopiaerp betopiaerp.modules.loading: loading base/data/res_partner_data.xml 
2026-02-09 10:39:50,859 1 INFO betopiaerp betopiaerp.modules.loading: loading base/data/res_currency_data.xml 
2026-02-09 10:39:50,944 1 INFO betopiaerp betopiaerp.modules.loading: loading base/data/res_company_data.xml 
2026-02-09 10:39:50,951 1 INFO betopiaerp betopiaerp.modules.loading: loading base/data/res_users_data.xml 
2026-02-09 10:39:50,959 1 INFO betopiaerp betopiaerp.modules.loading: loading base/data/report_paperformat_data.xml 
2026-02-09 10:39:50,966 1 INFO betopiaerp betopiaerp.modules.loading: loading base/data/res_country_data.xml 
2026-02-09 10:39:51,097 1 INFO betopiaerp betopiaerp.modules.loading: loading base/data/ir_demo_data.xml 
2026-02-09 10:39:51,116 1 INFO betopiaerp betopiaerp.modules.loading: loading base/security/base_groups.xml 
2026-02-09 10:39:51,203 1 INFO betopiaerp betopiaerp.modules.loading: loading base/security/base_security.xml 
2026-02-09 10:39:51,224 1 INFO betopiaerp betopiaerp.modules.loading: loading base/wizard/wizard_ir_model_menu_create_views.xml 
2026-02-09 10:39:51,239 1 INFO betopiaerp betopiaerp.modules.loading: loading base/views/base_menus.xml 
2026-02-09 10:39:51,297 1 INFO betopiaerp betopiaerp.modules.loading: loading base/views/decimal_precision_views.xml 
2026-02-09 10:39:51,323 1 INFO betopiaerp betopiaerp.modules.loading: loading base/views/res_config_views.xml 
2026-02-09 10:39:51,334 1 INFO betopiaerp betopiaerp.modules.loading: loading base/data/res.country.state.csv 
2026-02-09 10:39:51,585 1 INFO betopiaerp betopiaerp.modules.loading: loading base/views/ir_actions_views.xml 
2026-02-09 10:39:51,738 1 INFO betopiaerp betopiaerp.modules.loading: loading base/views/ir_asset_views.xml 
2026-02-09 10:39:51,762 1 INFO betopiaerp betopiaerp.modules.loading: loading base/views/ir_config_parameter_views.xml 
2026-02-09 10:39:51,787 1 INFO betopiaerp betopiaerp.modules.loading: loading base/views/ir_cron_views.xml 
2026-02-09 10:39:51,833 1 INFO betopiaerp betopiaerp.modules.loading: loading base/views/ir_cron_trigger_views.xml 
2026-02-09 10:39:51,855 1 INFO betopiaerp betopiaerp.modules.loading: loading base/views/ir_filters_views.xml 
2026-02-09 10:39:51,887 1 INFO betopiaerp betopiaerp.modules.loading: loading base/views/ir_mail_server_views.xml 
2026-02-09 10:39:51,912 1 INFO betopiaerp betopiaerp.modules.loading: loading base/views/ir_model_views.xml 
2026-02-09 10:39:52,066 1 INFO betopiaerp betopiaerp.modules.loading: loading base/views/ir_attachment_views.xml 
2026-02-09 10:39:52,091 1 INFO betopiaerp betopiaerp.modules.loading: loading base/views/ir_rule_views.xml 
2026-02-09 10:39:52,115 1 INFO betopiaerp betopiaerp.modules.loading: loading base/views/ir_sequence_views.xml 
2026-02-09 10:39:52,141 1 INFO betopiaerp betopiaerp.modules.loading: loading base/views/ir_ui_menu_views.xml 
2026-02-09 10:39:52,167 1 INFO betopiaerp betopiaerp.modules.loading: loading base/views/ir_ui_view_views.xml 
2026-02-09 10:39:52,223 1 INFO betopiaerp betopiaerp.modules.loading: loading base/views/ir_default_views.xml 
2026-02-09 10:39:52,251 1 INFO betopiaerp betopiaerp.modules.loading: loading base/data/ir_config_parameter_data.xml 
2026-02-09 10:39:52,257 1 INFO betopiaerp betopiaerp.modules.loading: loading base/data/ir_cron_data.xml 
2026-02-09 10:39:52,276 1 INFO betopiaerp betopiaerp.modules.loading: loading base/report/ir_model_report.xml 
2026-02-09 10:39:52,283 1 INFO betopiaerp betopiaerp.modules.loading: loading base/report/ir_model_templates.xml 
2026-02-09 10:39:52,295 1 INFO betopiaerp betopiaerp.modules.loading: loading base/views/ir_logging_views.xml 
2026-02-09 10:39:52,320 1 INFO betopiaerp betopiaerp.modules.loading: loading base/views/ir_qweb_widget_templates.xml 
2026-02-09 10:39:52,346 1 INFO betopiaerp betopiaerp.modules.loading: loading base/views/ir_module_views.xml 
2026-02-09 10:39:52,399 1 INFO betopiaerp betopiaerp.modules.loading: loading base/data/ir_module_category_data.xml 
2026-02-09 10:39:52,427 1 INFO betopiaerp betopiaerp.modules.loading: loading base/data/ir_module_module.xml 
2026-02-09 10:39:52,453 1 INFO betopiaerp betopiaerp.modules.loading: loading base/report/ir_module_reports.xml 
2026-02-09 10:39:52,460 1 INFO betopiaerp betopiaerp.modules.loading: loading base/report/ir_module_report_templates.xml 
2026-02-09 10:39:52,471 1 INFO betopiaerp betopiaerp.modules.loading: loading base/wizard/base_module_update_views.xml 
2026-02-09 10:39:52,488 1 INFO betopiaerp betopiaerp.modules.loading: loading base/wizard/base_language_install_views.xml 
2026-02-09 10:39:52,505 1 INFO betopiaerp betopiaerp.modules.loading: loading base/wizard/base_import_language_views.xml 
2026-02-09 10:39:52,521 1 INFO betopiaerp betopiaerp.modules.loading: loading base/wizard/base_module_upgrade_views.xml 
2026-02-09 10:39:52,543 1 INFO betopiaerp betopiaerp.modules.loading: loading base/wizard/base_module_uninstall_views.xml 
2026-02-09 10:39:52,557 1 INFO betopiaerp betopiaerp.modules.loading: loading base/wizard/base_export_language_views.xml 
2026-02-09 10:39:52,576 1 INFO betopiaerp betopiaerp.modules.loading: loading base/wizard/base_partner_merge_views.xml 
2026-02-09 10:39:52,596 1 INFO betopiaerp betopiaerp.modules.loading: loading base/data/ir_demo_failure_data.xml 
2026-02-09 10:39:52,620 1 INFO betopiaerp betopiaerp.modules.loading: loading base/views/ir_profile_views.xml 
2026-02-09 10:39:52,652 1 INFO betopiaerp betopiaerp.modules.loading: loading base/views/res_company_views.xml 
2026-02-09 10:39:52,680 1 INFO betopiaerp betopiaerp.modules.loading: loading base/views/res_lang_views.xml 
2026-02-09 10:39:52,711 1 INFO betopiaerp betopiaerp.modules.loading: loading base/views/res_partner_views.xml 
2026-02-09 10:39:52,807 1 INFO betopiaerp betopiaerp.modules.loading: loading base/views/res_bank_views.xml 
2026-02-09 10:39:52,851 1 INFO betopiaerp betopiaerp.modules.loading: loading base/views/res_country_views.xml 
2026-02-09 10:39:52,911 1 INFO betopiaerp betopiaerp.modules.loading: loading base/views/res_currency_views.xml 
2026-02-09 10:39:52,962 1 INFO betopiaerp betopiaerp.modules.loading: loading base/views/res_groups_views.xml 
2026-02-09 10:39:53,012 1 INFO betopiaerp betopiaerp.modules.loading: loading base/views/res_users_views.xml 
2026-02-09 10:39:53,111 1 INFO betopiaerp betopiaerp.modules.loading: loading base/views/res_users_apikeys_views.xml 
2026-02-09 10:39:53,121 1 INFO betopiaerp betopiaerp.modules.loading: loading base/views/res_device_views.xml 
2026-02-09 10:39:53,144 1 INFO betopiaerp betopiaerp.modules.loading: loading base/views/res_users_identitycheck_views.xml 
2026-02-09 10:39:53,156 1 INFO betopiaerp betopiaerp.modules.loading: loading base/views/res_config_settings_views.xml 
2026-02-09 10:39:53,171 1 INFO betopiaerp betopiaerp.modules.loading: loading base/views/report_paperformat_views.xml 
2026-02-09 10:39:53,199 1 INFO betopiaerp betopiaerp.modules.loading: loading base/security/ir.model.access.csv 
2026-02-09 10:39:53,566 1 INFO betopiaerp betopiaerp.addons.base.models.ir_module: ALLOW access to module.button_upgrade on ['Base'] to user __system__ #1 via n/a 
2026-02-09 10:39:53,566 1 INFO betopiaerp betopiaerp.addons.base.models.ir_module: ALLOW access to module.update_list on ['Base'] to user __system__ #1 via n/a 
2026-02-09 10:39:54,540 1 INFO betopiaerp betopiaerp.addons.base.tests.test_acl: Starting TestACL.test_field_crud_restriction ... 
2026-02-09 10:39:54,583 1 INFO betopiaerp betopiaerp.addons.base.tests.test_acl: Starting TestACL.test_field_visibility_restriction ... 
2026-02-09 10:39:54,615 1 INFO betopiaerp betopiaerp.addons.base.tests.test_acl: Starting TestACL.test_fields_browse_restriction ... 
2026-02-09 10:39:54,632 1 INFO betopiaerp betopiaerp.addons.base.tests.test_acl: Starting TestACL.test_get_views_fields ... 
2026-02-09 10:39:54,671 1 INFO betopiaerp betopiaerp.addons.base.tests.test_acl: Starting TestACL.test_m2o_field_create_edit ... 
2026-02-09 10:39:54,695 1 INFO betopiaerp betopiaerp.addons.base.tests.test_acl: Starting TestACL.test_view_create_edit_button ... 
2026-02-09 10:39:54,731 1 INFO betopiaerp betopiaerp.addons.base.models.ir_attachment: filestore gc 7 checked, 1 removed 
2026-02-09 10:39:54,765 1 INFO betopiaerp betopiaerp.addons.base.tests.test_acl: Starting TestIrRule.test_ir_rule ... 
2026-02-09 10:39:54,818 1 INFO betopiaerp betopiaerp.models.unlink: User #1 deleted ir.model.data records with IDs: [7589, 3949, 3938, 3935, 3937, 3936, 3931, 3946, 3930, 3947] 
2026-02-09 10:39:54,819 1 INFO betopiaerp betopiaerp.models.unlink: User #1 deleted ir.rule records with IDs: [1, 17, 18, 7, 2, 8, 6, 9, 20, 35] 
2026-02-09 10:39:54,842 1 INFO betopiaerp betopiaerp.addons.base.models.ir_attachment: filestore gc 1 checked, 1 removed 
2026-02-09 10:39:54,915 1 INFO betopiaerp betopiaerp.addons.base.tests.test_api: Starting TestAPI.test_00_query ... 
2026-02-09 10:39:54,927 1 INFO betopiaerp betopiaerp.addons.base.tests.test_api: Starting TestAPI.test_01_query_offset ... 
2026-02-09 10:39:54,929 1 INFO betopiaerp betopiaerp.addons.base.tests.test_api: Starting TestAPI.test_02_query_limit ... 
2026-02-09 10:39:54,931 1 INFO betopiaerp betopiaerp.addons.base.tests.test_api: Starting TestAPI.test_03_query_offset_limit ... 
2026-02-09 10:39:54,932 1 INFO betopiaerp betopiaerp.addons.base.tests.test_api: Starting TestAPI.test_04_query_count ... 
2026-02-09 10:39:54,934 1 INFO betopiaerp betopiaerp.addons.base.tests.test_api: Starting TestAPI.test_05_immutable ... 
2026-02-09 10:39:54,941 1 INFO betopiaerp betopiaerp.addons.base.tests.test_api: Starting TestAPI.test_06_fields ... 
2026-02-09 10:39:54,948 1 INFO betopiaerp betopiaerp.addons.base.tests.test_api: Starting TestAPI.test_07_null ... 
2026-02-09 10:39:54,950 1 INFO betopiaerp betopiaerp.addons.base.tests.test_api: Starting TestAPI.test_40_new_new ... 
2026-02-09 10:39:54,957 1 INFO betopiaerp betopiaerp.addons.base.tests.test_api: Starting TestAPI.test_45_new_new ... 
2026-02-09 10:39:54,965 1 INFO betopiaerp betopiaerp.addons.base.tests.test_api: Starting TestAPI.test_50_environment ... 
2026-02-09 10:39:55,011 1 INFO betopiaerp betopiaerp.addons.base.tests.test_api: Starting TestAPI.test_60_cache ... 
2026-02-09 10:39:55,080 1 INFO betopiaerp betopiaerp.addons.base.tests.test_api: Starting TestAPI.test_60_prefetch ... 
2026-02-09 10:39:55,083 1 INFO betopiaerp betopiaerp.addons.base.tests.test_api: Starting TestAPI.test_60_prefetch_model ... 
2026-02-09 10:39:55,093 1 INFO betopiaerp betopiaerp.addons.base.tests.test_api: Starting TestAPI.test_60_prefetch_read ... 
2026-02-09 10:39:55,102 1 INFO betopiaerp betopiaerp.addons.base.tests.test_api: Starting TestAPI.test_60_reversed ... 
2026-02-09 10:39:55,105 1 INFO betopiaerp betopiaerp.addons.base.tests.test_api: Starting TestAPI.test_70_one ... 
2026-02-09 10:39:55,107 1 INFO betopiaerp betopiaerp.addons.base.tests.test_api: Starting TestAPI.test_80_contains ... 
2026-02-09 10:39:55,108 1 INFO betopiaerp betopiaerp.addons.base.tests.test_api: Starting TestAPI.test_80_filter ... 
2026-02-09 10:39:55,110 1 INFO betopiaerp betopiaerp.addons.base.tests.test_api: Starting TestAPI.test_80_lazy_contains ... 
2026-02-09 10:39:55,111 1 INFO betopiaerp betopiaerp.addons.base.tests.test_api: Starting TestAPI.test_80_lazy_set_operations ... 
2026-02-09 10:39:55,116 1 INFO betopiaerp betopiaerp.addons.base.tests.test_api: Starting TestAPI.test_80_map ... 
2026-02-09 10:39:55,118 1 INFO betopiaerp betopiaerp.addons.base.tests.test_api: Starting TestAPI.test_80_set_operations ... 
2026-02-09 10:39:55,122 1 INFO betopiaerp betopiaerp.addons.base.tests.test_api: Starting TestAPI.test_80_sorted ... 
2026-02-09 10:39:55,124 1 INFO betopiaerp betopiaerp.addons.base.tests.test_api: Starting TestAPI.test_group_on ... 
2026-02-09 10:39:55,158 1 INFO betopiaerp betopiaerp.addons.base.models.ir_attachment: filestore gc 2 checked, 2 removed 
2026-02-09 10:39:55,160 1 INFO betopiaerp betopiaerp.addons.base.tests.test_avatar_mixin: Starting TestAvatarMixin.test_content_of_generated_partner_avatar ... 
2026-02-09 10:39:55,198 1 INFO betopiaerp betopiaerp.addons.base.tests.test_avatar_mixin: Starting TestAvatarMixin.test_external_partner_has_default_placeholder_image_as_avatar ... 
2026-02-09 10:39:55,227 1 INFO betopiaerp betopiaerp.addons.base.tests.test_avatar_mixin: Starting TestAvatarMixin.test_partner_and_user_have_the_same_avatar ... 
2026-02-09 10:39:55,257 1 INFO betopiaerp betopiaerp.addons.base.tests.test_avatar_mixin: Starting TestAvatarMixin.test_partner_has_avatar_even_if_it_has_no_image ... 
2026-02-09 10:39:55,294 1 INFO betopiaerp betopiaerp.addons.base.tests.test_avatar_mixin: Starting TestAvatarMixin.test_partner_without_name_has_default_placeholder_image_as_avatar ... 
2026-02-09 10:39:55,354 1 INFO betopiaerp betopiaerp.addons.base.models.ir_attachment: filestore gc 1 checked, 1 removed 
2026-02-09 10:39:55,355 1 INFO betopiaerp betopiaerp.addons.base.tests.test_barcode: Starting TestBarcode.test_barcode_check_digit ... 
2026-02-09 10:39:55,356 1 INFO betopiaerp betopiaerp.addons.base.tests.test_barcode: Starting TestBarcode.test_barcode_encoding ... 
2026-02-09 10:39:55,380 1 INFO betopiaerp betopiaerp.addons.base.models.ir_attachment: filestore gc 0 checked, 0 removed 
2026-02-09 10:39:55,381 1 INFO betopiaerp betopiaerp.addons.base.tests.test_base: Starting TestSafeEval.test_01_safe_eval ... 
2026-02-09 10:39:55,381 1 INFO betopiaerp betopiaerp.addons.base.tests.test_base: Starting TestSafeEval.test_02_literal_eval ... 
2026-02-09 10:39:55,382 1 INFO betopiaerp betopiaerp.addons.base.tests.test_base: Starting TestSafeEval.test_03_literal_eval_arithmetic ... 
2026-02-09 10:39:55,382 1 INFO betopiaerp betopiaerp.addons.base.tests.test_base: Starting TestSafeEval.test_04_literal_eval_forbidden ... 
2026-02-09 10:39:55,383 1 INFO betopiaerp betopiaerp.addons.base.tests.test_base: Starting TestSafeEval.test_05_safe_eval_forbiddon ... 
2026-02-09 10:39:55,383 1 INFO betopiaerp betopiaerp.addons.base.tests.test_base: Starting TestSafeEval.test_const ... 
2026-02-09 10:39:55,384 1 INFO betopiaerp betopiaerp.addons.base.tests.test_base: Starting TestSafeEval.test_expr ... 
2026-02-09 10:39:55,384 1 INFO betopiaerp betopiaerp.addons.base.tests.test_base: Starting TestSafeEval.test_expr_eval_opcodes ... 
2026-02-09 10:39:55,385 1 INFO betopiaerp betopiaerp.addons.base.tests.test_base: Starting TestSafeEval.test_runs_top_level_scope ... 
2026-02-09 10:39:55,385 1 INFO betopiaerp betopiaerp.addons.base.tests.test_base: Starting TestSafeEval.test_safe_eval_ctx_mutation ... 
2026-02-09 10:39:55,386 1 INFO betopiaerp betopiaerp.addons.base.tests.test_base: Starting TestSafeEval.test_safe_eval_ctx_no_builtins ... 
2026-02-09 10:39:55,386 1 INFO betopiaerp betopiaerp.addons.base.tests.test_base: Starting TestSafeEval.test_safe_eval_exec_opcodes ... 
2026-02-09 10:39:55,387 1 INFO betopiaerp betopiaerp.addons.base.tests.test_base: Starting TestSafeEval.test_safe_eval_opcodes ... 
2026-02-09 10:39:55,387 1 INFO betopiaerp betopiaerp.addons.base.tests.test_base: Starting TestSafeEval.test_safe_eval_strips ... 
2026-02-09 10:39:55,389 1 INFO betopiaerp betopiaerp.addons.base.tests.test_base: Starting TestParentStore.test_duplicate_children_01 ... 
2026-02-09 10:39:55,418 1 INFO betopiaerp betopiaerp.addons.base.tests.test_base: Starting TestParentStore.test_duplicate_children_02 ... 
2026-02-09 10:39:55,439 1 INFO betopiaerp betopiaerp.addons.base.tests.test_base: Starting TestParentStore.test_duplicate_children_03 ... 
2026-02-09 10:39:55,454 1 INFO betopiaerp betopiaerp.addons.base.tests.test_base: Starting TestParentStore.test_duplicate_parent ... 
2026-02-09 10:39:55,467 1 INFO betopiaerp betopiaerp.addons.base.tests.test_base: Starting TestParentStore.test_missing_child ... 
2026-02-09 10:39:55,528 1 INFO betopiaerp betopiaerp.addons.base.tests.test_base: Starting TestParentStore.test_missing_parent ... 
2026-02-09 10:39:55,558 1 INFO betopiaerp betopiaerp.addons.base.models.ir_attachment: filestore gc 0 checked, 0 removed 
2026-02-09 10:39:55,559 1 INFO betopiaerp betopiaerp.addons.base.tests.test_base: Starting TestGroups.test_apply_groups ... 
2026-02-09 10:39:55,576 1 INFO betopiaerp betopiaerp.addons.base.tests.test_base: Starting TestGroups.test_remove_groups ... 
2026-02-09 10:39:55,672 1 INFO betopiaerp betopiaerp.addons.base.tests.test_base: Starting TestGroups.test_res_group_copy ... 
2026-02-09 10:39:55,683 1 INFO betopiaerp betopiaerp.addons.base.tests.test_base: Starting TestGroups.test_res_group_has_cycle ... 
2026-02-09 10:39:55,703 1 INFO betopiaerp betopiaerp.addons.base.tests.test_base: Starting TestGroups.test_res_groups_fullname_search ... 
2026-02-09 10:39:55,736 1 INFO betopiaerp betopiaerp.addons.base.models.ir_attachment: filestore gc 2 checked, 2 removed 
2026-02-09 10:39:55,737 1 INFO betopiaerp betopiaerp.addons.base.tests.test_basecase: Starting TestSingleTransactionCase.test_00 ... 
2026-02-09 10:39:55,747 1 INFO betopiaerp betopiaerp.addons.base.tests.test_basecase: Starting TestSingleTransactionCase.test_01 ... 
2026-02-09 10:39:55,749 1 INFO betopiaerp betopiaerp.addons.base.tests.test_basecase: Starting TestSingleTransactionCase.test_20a ... 
2026-02-09 10:39:55,752 1 INFO betopiaerp betopiaerp.addons.base.tests.test_basecase: Starting TestSingleTransactionCase.test_20b ... 
2026-02-09 10:39:55,776 1 INFO betopiaerp betopiaerp.addons.base.tests.test_basecase: Starting TestTransactionCase.test_00 ... 
2026-02-09 10:39:55,786 1 INFO betopiaerp betopiaerp.addons.base.tests.test_basecase: Starting TestTransactionCase.test_01 ... 
2026-02-09 10:39:55,788 1 INFO betopiaerp betopiaerp.addons.base.tests.test_basecase: Starting TestTransactionCase.test_20a ... 
2026-02-09 10:39:55,795 1 INFO betopiaerp betopiaerp.addons.base.models.ir_attachment: filestore gc 0 checked, 0 removed 
2026-02-09 10:39:55,828 1 INFO betopiaerp betopiaerp.addons.base.tests.test_cache: Starting TestRecordCache.test_cache ... 
2026-02-09 10:39:55,836 1 INFO betopiaerp betopiaerp.addons.base.tests.test_cache: Starting TestRecordCache.test_memory ... 
2026-02-09 10:39:56,560 1 INFO betopiaerp betopiaerp.addons.base.models.ir_attachment: filestore gc 1 checked, 1 removed 
2026-02-09 10:39:56,561 1 INFO betopiaerp betopiaerp.addons.base.tests.test_cli: Starting TestCommand.test_docstring ... 
2026-02-09 10:39:56,776 1 INFO betopiaerp betopiaerp.addons.base.models.ir_module: ALLOW access to module.button_install on [] to user __system__ #1 via n/a 
2026-02-09 10:39:56,786 1 ERROR betopiaerp betopiaerp.sql_db: bad query: b' UPDATE "ir_module_module"\n                    SET "state" = "__tmp"."state"::VARCHAR, "write_date" = "__tmp"."write_date"::timestamp, "write_uid" = "__tmp"."write_uid"::int4\n                    FROM (VALUES (34, \'to upgrade\', \'2026-02-09T10:37:45.054241\'::timestamp, 1), (18, \'to upgrade\', \'2026-02-09T10:37:45.054241\'::timestamp, 1), (22, \'to upgrade\', \'2026-02-09T10:37:45.054241\'::timestamp, 1), (29, \'to upgrade\', \'2026-02-09T10:37:45.054241\'::timestamp, 1), (39, \'to upgrade\', \'2026-02-09T10:37:45.054241\'::timestamp, 1), (40, \'to upgrade\', \'2026-02-09T10:37:45.054241\'::timestamp, 1), (42, \'to upgrade\', \'2026-02-09T10:37:45.054241\'::timestamp, 1), (46, \'to upgrade\', \'2026-02-09T10:37:45.054241\'::timestamp, 1), (111, \'to upgrade\', \'2026-02-09T10:37:45.054241\'::timestamp, 1), (113, \'to upgrade\', \'2026-02-09T10:37:45.054241\'::timestamp, 1), (469, \'to upgrade\', \'2026-02-09T10:37:45.054241\'::timestamp, 1), (574, \'to upgrade\', \'2026-02-09T10:37:45.054241\'::timestamp, 1), (576, \'to upgrade\', \'2026-02-09T10:37:45.054241\'::timestamp, 1), (577, \'to upgrade\', \'2026-02-09T10:37:45.054241\'::timestamp, 1)) AS "__tmp"("id", "state", "write_date", "write_uid")\n                    WHERE "ir_module_module"."id" = "__tmp"."id"\n                '
ERROR: could not serialize access due to concurrent update
 
2026-02-09 10:39:56,788 1 WARNING betopiaerp betopiaerp.modules.loading: Transient module states were reset 
2026-02-09 10:39:56,788 1 ERROR betopiaerp betopiaerp.registry: Failed to load registry 
2026-02-09 10:39:56,789 1 CRITICAL betopiaerp betopiaerp.service.server: Failed to initialize database `betopiaerp`. 
Traceback (most recent call last):
  File "/opt/betopiaerp/betopiaerp/service/server.py", line 1510, in preload_registries
    registry = Registry.new(dbname, update_module=update_module, install_modules=config['init'], upgrade_modules=config['update'], reinit_modules=config['reinit'])
               ^^^^^^^^^^^^^^^^^^^^^^^^^^^^^^^^^^^^^^^^^^^^^^^^^^^^^^^^^^^^^^^^^^^^^^^^^^^^^^^^^^^^^^^^^^^^^^^^^^^^^^^^^^^^^^^^^^^^^^^^^^^^^^^^^^^^^^^^^^^^^^^^^^^^
  File "/opt/betopiaerp/betopiaerp/tools/func.py", line 88, in locked
    return func(inst, *args, **kwargs)
           ^^^^^^^^^^^^^^^^^^^^^^^^^^^
  File "/opt/betopiaerp/betopiaerp/orm/registry.py", line 199, in new
    load_modules(
  File "/opt/betopiaerp/betopiaerp/modules/loading.py", line 431, in load_modules
    modules.button_upgrade()
  File "/opt/betopiaerp/betopiaerp/addons/base/models/ir_module.py", line 72, in check_and_log
    return method(self, *args, **kwargs)
           ^^^^^^^^^^^^^^^^^^^^^^^^^^^^^
  File "/opt/betopiaerp/betopiaerp/addons/base/models/ir_module.py", line 744, in button_upgrade
    self.browse(to_install).button_install()
  File "/opt/betopiaerp/betopiaerp/addons/base/models/ir_module.py", line 72, in check_and_log
    return method(self, *args, **kwargs)
           ^^^^^^^^^^^^^^^^^^^^^^^^^^^^^
  File "/opt/betopiaerp/betopiaerp/addons/base/models/ir_module.py", line 436, in button_install
    install_mods = self.search([('state', 'in', list(install_states))])
                   ^^^^^^^^^^^^^^^^^^^^^^^^^^^^^^^^^^^^^^^^^^^^^^^^^^^^
  File "/opt/betopiaerp/betopiaerp/orm/models.py", line 1378, in search
    return self.search_fetch(domain, [], offset=offset, limit=limit, order=order)
           ^^^^^^^^^^^^^^^^^^^^^^^^^^^^^^^^^^^^^^^^^^^^^^^^^^^^^^^^^^^^^^^^^^^^^^
  File "/opt/betopiaerp/betopiaerp/orm/models.py", line 1418, in search_fetch
    return self._fetch_query(query, fields_to_fetch)
           ^^^^^^^^^^^^^^^^^^^^^^^^^^^^^^^^^^^^^^^^^
  File "/opt/betopiaerp/betopiaerp/orm/models.py", line 3935, in _fetch_query
    fetched = self.browse(query)
              ^^^^^^^^^^^^^^^^^^
  File "/opt/betopiaerp/betopiaerp/orm/models.py", line 5890, in browse
    if not ids:
           ^^^
  File "/opt/betopiaerp/betopiaerp/tools/query.py", line 263, in __bool__
    return bool(self.get_result_ids())
                ^^^^^^^^^^^^^^^^^^^^^
  File "/opt/betopiaerp/betopiaerp/tools/query.py", line 227, in get_result_ids
    self._ids = tuple(id_ for id_, in self._env.execute_query(self.select()))
                                      ^^^^^^^^^^^^^^^^^^^^^^^^^^^^^^^^^^^^^^
  File "/opt/betopiaerp/betopiaerp/orm/environments.py", line 533, in execute_query
    self.flush_query(query)
  File "/opt/betopiaerp/betopiaerp/orm/environments.py", line 525, in flush_query
    self[model_name].flush_model(field_names)
  File "/opt/betopiaerp/betopiaerp/orm/models.py", line 6362, in flush_model
    self._flush()
  File "/opt/betopiaerp/betopiaerp/orm/models.py", line 6430, in _flush
    model.browse(some_ids)._write_multi(vals_list)
  File "/opt/betopiaerp/betopiaerp/orm/models.py", line 4594, in _write_multi
    self.env.execute_query(SQL(
  File "/opt/betopiaerp/betopiaerp/orm/environments.py", line 534, in execute_query
    self.cr.execute(query)
  File "/opt/betopiaerp/betopiaerp/sql_db.py", line 433, in execute
    self._obj.execute(query, params)
psycopg2.errors.SerializationFailure: could not serialize access due to concurrent update

2026-02-09 10:39:56,816 1 INFO betopiaerp betopiaerp.service.server: Initiating shutdown 
2026-02-09 10:39:56,817 1 INFO betopiaerp betopiaerp.service.server: Hit CTRL-C again or send a second signal to force the shutdown. 
2026-02-09 10:39:57,049 1 INFO betopiaerp betopiaerp.sql_db: ConnectionPool(read/write;used=0/count=0/max=64): Closed 4 connections  
2026-02-09 10:39:57,050 1 INFO betopiaerp betopiaerp.sql_db: ConnectionPool(read-only;used=0/count=0/max=64): Closed 1 connections  
2026-02-09 10:39:57,354 1 INFO betopiaerp betopiaerp.addons.base.tests.test_cli: Starting TestCommand.test_help ... 
2026-02-09 10:40:01,715 1 INFO betopiaerp betopiaerp.addons.base.tests.test_cli: Starting TestCommand.test_help_subcommand ... 
2026-02-09 10:40:11,422 1 INFO betopiaerp betopiaerp.addons.base.tests.test_cli: Starting TestCommand.test_shell ... 
2026-02-09 10:40:12,895 1 INFO betopiaerp betopiaerp.addons.base.tests.test_cli: ====================================================================== 
2026-02-09 10:40:12,895 1 ERROR betopiaerp betopiaerp.addons.base.tests.test_cli: FAIL: TestCommand.test_shell
Traceback (most recent call last):
  File "/opt/betopiaerp/betopiaerp/addons/base/tests/test_cli.py", line 127, in test_shell
    self.assertFalse(shell.wait(), "exited with a non 0 code")
AssertionError: 1 is not false : exited with a non 0 code
 
2026-02-09 10:40:12,895 1 INFO betopiaerp betopiaerp.addons.base.tests.test_cli: Starting TestCommand.test_unknown_command ... 
2026-02-09 10:40:14,559 1 INFO betopiaerp betopiaerp.addons.base.tests.test_cli: Starting TestCommand.test_upgrade_code_example ... 
2026-02-09 10:41:29,905 1 INFO betopiaerp betopiaerp.addons.base.tests.test_cli: Starting TestCommand.test_upgrade_code_help ... 
2026-02-09 10:41:30,388 1 INFO betopiaerp betopiaerp.addons.base.tests.test_cli: Starting TestCommand.test_upgrade_code_standalone ... 
2026-02-09 10:41:30,466 1 INFO betopiaerp betopiaerp.addons.base.tests.test_cloc: Starting TestClocCustomization.test_cloc_exclude_xml_id ... 
2026-02-09 10:41:30,504 1 INFO betopiaerp betopiaerp.addons.base.tests.test_cloc: Starting TestClocCustomization.test_field_no_xml_id ... 
2026-02-09 10:41:30,529 1 INFO betopiaerp betopiaerp.addons.base.tests.test_cloc: Starting TestClocCustomization.test_ignore_auto_generated_computed_field ... 
2026-02-09 10:41:30,651 1 INFO betopiaerp betopiaerp.addons.base.tests.test_cloc: Starting TestClocCustomization.test_several_xml_id ... 
2026-02-09 10:41:30,672 1 INFO betopiaerp betopiaerp.addons.base.models.ir_attachment: filestore gc 0 checked, 0 removed 
2026-02-09 10:41:30,673 1 INFO betopiaerp betopiaerp.addons.base.tests.test_cloc: Starting TestClocParser.test_parser ... 
2026-02-09 10:41:30,675 1 INFO betopiaerp betopiaerp.addons.base.models.ir_attachment: filestore gc 0 checked, 0 removed 
2026-02-09 10:41:30,676 1 INFO betopiaerp betopiaerp.addons.base.tests.test_config_parameter: Starting TestIrConfigParameter.test_default_parameters ... 
2026-02-09 10:41:30,684 1 INFO betopiaerp betopiaerp.addons.base.models.ir_attachment: filestore gc 0 checked, 0 removed 
2026-02-09 10:41:30,685 1 INFO betopiaerp betopiaerp.addons.base.tests.test_configmanager: Starting TestConfigManager.test_00_setUp ... 
2026-02-09 10:41:30,693 1 INFO betopiaerp betopiaerp.addons.base.tests.test_configmanager: Starting TestConfigManager.test_01_default_config ... 
2026-02-09 10:41:30,701 1 INFO betopiaerp betopiaerp.addons.base.tests.test_configmanager: Starting TestConfigManager.test_02_config_file ... 
2026-02-09 10:41:30,726 1 INFO betopiaerp betopiaerp.addons.base.tests.test_configmanager: Starting TestConfigManager.test_03_save_default_options ... 
2026-02-09 10:41:30,742 1 INFO betopiaerp betopiaerp.addons.base.tests.test_configmanager: Starting TestConfigManager.test_04_BetopiaERP16_config_file ... 
2026-02-09 10:41:30,764 1 INFO betopiaerp betopiaerp.addons.base.tests.test_configmanager: Starting TestConfigManager.test_05_repeat_parse_config ... 
2026-02-09 10:41:30,792 1 INFO betopiaerp betopiaerp.addons.base.tests.test_configmanager: Starting TestConfigManager.test_06_cli ... 
2026-02-09 10:41:30,807 1 INFO betopiaerp betopiaerp.addons.base.tests.test_configmanager: Starting TestConfigManager.test_06_syslog_logfile_exclusive_cli ... 
2026-02-09 10:41:30,837 1 INFO betopiaerp betopiaerp.addons.base.tests.test_configmanager: Starting TestConfigManager.test_07_environ ... 
2026-02-09 10:41:30,854 1 INFO betopiaerp betopiaerp.tools.config: adding missing 'web' to --load/server_wide_modules 
2026-02-09 10:41:30,860 1 INFO betopiaerp betopiaerp.addons.base.tests.test_configmanager: ====================================================================== 
2026-02-09 10:41:30,861 1 ERROR betopiaerp betopiaerp.addons.base.tests.test_configmanager: FAIL: TestConfigManager.test_07_environ
Traceback (most recent call last):
  File "/opt/betopiaerp/betopiaerp/addons/base/tests/test_configmanager.py", line 42, in assertConfigEqual
    self.assertEqual(dict(self.config.options), truth)
  File "/usr/local/lib/python3.12/unittest/case.py", line 885, in assertEqual
    assertion_func(first, second, msg=msg)
  File "/usr/local/lib/python3.12/unittest/case.py", line 1184, in assertDictEqual
    self.fail(self._formatMessage(msg, standardMsg))
AssertionError: {'adm[94 chars]se, 'import_file_maxbytes': 10485760, 'import_[2311 chars] 100} != {'adm[94 chars]se, 'proxy_access_token': '', 'publisher_warra[2310 chars] 100}
  {'addons_path': [],
   'admin_passwd': 'admin',
   'bin_path': '',
   'config': '/opt/betopiaerp/betopiaerp/addons/base/tests/config/empty.conf',
   'csv_internal_sep': ',',
   'data_dir': '/tmp/data-dir',
   'db_app_name': 'envapp',
   'db_host': 'db.localhost',
   'db_maxconn': 42,
   'db_maxconn_gevent': 100,
   'db_name': ['horizon'],
   'db_password': 'Tigrou0073',
   'db_port': 4269,
   'db_replica_host': 'db2.localhost',
   'db_replica_port': 2038,
   'db_sslmode': 'verify-full',
   'db_template': 'backup1706',
   'db_user': 'kiwi',
   'dbfilter': '.*',
   'default_productivity_apps': False,
   'dev_mode': ['xml', 'reload'],
   'email_from': 'admin@example.com',
   'from_filter': '.*',
   'geoip_city_db': '/tmp/city.db',
   'geoip_country_db': '/tmp/country.db',
   'gevent_port': 8012,
   'http_enable': False,
   'http_interface': '10.0.0.254',
   'http_port': 6942,
   'import_file_maxbytes': 10485760,
   'import_file_timeout': 3,
   'import_partial': '',
   'import_url_regex': '^(?:http|https)://',
   'init': {},
   'limit_memory_hard': 1048578,
   'limit_memory_hard_gevent': 1048579,
   'limit_memory_soft': 1048576,
   'limit_memory_soft_gevent': 1048577,
   'limit_request': 100,
   'limit_time_cpu': 60,
   'limit_time_real': 61,
   'limit_time_real_cron': 62,
   'limit_time_worker_cron': 0,
   'list_db': False,
   'load_language': None,
   'log_db': 'logdb',
   'log_db_level': 'debug',
-  'log_handler': [':WARNING', 'BetopiaERP.tools.config:DEBUG'],
?                               ^      ^^^

+  'log_handler': [':WARNING', 'betopiaerp.tools.config:DEBUG'],
?                               ^      ^^^

   'log_level': 'debug',
-  'logfile': '/tmp/BetopiaERP.log',
?                   ^      ^^^

+  'logfile': '/tmp/betopiaerp.log',
?                   ^      ^^^

   'max_cron_threads': 4,
   'osv_memory_count_limit': 71,
   'overwrite_existing_translations': False,
   'pg_path': '/tmp/pg_path',
   'pidfile': '/tmp/pidfile',
   'pre_upgrade_scripts': [],
   'proxy_access_token': '',
   'proxy_mode': True,
   'publisher_warranty_url': 'http://services.betopiaerp.com/publisher-warranty/',
   'reinit': [],
   'reportgz': False,
   'save': False,
   'screencasts': '/tmp/screencasts',
   'screenshots': '/tmp/screenshots',
   'server_wide_modules': ['web', 'base', 'mail'],
   'skip_auto_install': False,
   'smtp_password': 'Tigrou0072',
   'smtp_port': 1299,
   'smtp_server': 'smtp.localhost',
   'smtp_ssl': True,
   'smtp_ssl_certificate_filename': '/tmp/tlscert',
   'smtp_ssl_private_key_filename': '/tmp/tlskey',
   'smtp_user': 'spongebob',
   'stop_after_init': False,
   'syslog': False,
   'test_enable': False,
   'test_file': '',
   'test_tags': None,
   'transient_age_limit': 4.0,
   'unaccent': True,
   'update': {},
   'upgrade_path': [],
   'websocket_keep_alive_timeout': 3600,
   'websocket_rate_limit_burst': 10,
   'websocket_rate_limit_delay': 0.2,
-  'with_demo': False,
?               ^^^^

+  'with_demo': True,
?               ^^^

   'workers': 92,
   'x_sendfile': True}

The above exception was the direct cause of the following exception:

Traceback (most recent call last):
  File "/opt/betopiaerp/betopiaerp/addons/base/tests/test_configmanager.py", line 607, in test_07_environ
    self.assertConfigEqual({
  File "/opt/betopiaerp/betopiaerp/addons/base/tests/test_configmanager.py", line 50, in assertConfigEqual
    raise exc2 from exc1
  File "/opt/betopiaerp/betopiaerp/addons/base/tests/test_configmanager.py", line 46, in assertConfigEqual
    self.assertEqual(self.config.options[k], truth[k], f"{k!r} doesn't match")
AssertionError: Lists differ: [':WARNING', 'BetopiaERP.tools.config:DEBUG'] != [':WARNING', 'betopiaerp.tools.config:DEBUG']

First differing element 1:
'BetopiaERP.tools.config:DEBUG'
'betopiaerp.tools.config:DEBUG'

- [':WARNING', 'BetopiaERP.tools.config:DEBUG']
?               ^      ^^^

+ [':WARNING', 'betopiaerp.tools.config:DEBUG']
?               ^      ^^^
 : 'log_handler' doesn't match
{'source#0': [':WARNING', 'BetopiaERP.tools.config:DEBUG'], 'runtime': [':WARNING', 'BetopiaERP.tools.config:DEBUG'], 'command line': , 'environment variable': ['BetopiaERP.tools.config:DEBUG', ':WARNING'], 'configuration file': , 'hardcoded default': [':INFO']}
 
2026-02-09 10:41:30,861 1 INFO betopiaerp betopiaerp.addons.base.tests.test_configmanager: Starting TestConfigManager.test_10_init_update_incompatible_with_multidb ... 
2026-02-09 10:41:30,913 1 INFO betopiaerp betopiaerp.addons.base.tests.test_configmanager: Starting TestConfigManager.test_11_auto_stop_after_init_after_test ... 
2026-02-09 10:41:30,970 1 INFO betopiaerp betopiaerp.addons.base.tests.test_configmanager: Starting TestConfigManager.test_13_empty_db_replica_host ... 
2026-02-09 10:41:31,036 1 INFO betopiaerp betopiaerp.addons.base.models.ir_attachment: filestore gc 0 checked, 0 removed 
2026-02-09 10:41:31,036 1 INFO betopiaerp betopiaerp.addons.base.tests.test_date_utils: Starting TestDateUtils.test_fiscal_year ... 
2026-02-09 10:41:31,038 1 INFO betopiaerp betopiaerp.addons.base.tests.test_date_utils: Starting TestDateUtils.test_localized_timezone ... 
2026-02-09 10:41:31,085 1 INFO betopiaerp betopiaerp.addons.base.tests.test_date_utils: Starting TestDateUtils.test_offset_utils ... 
2026-02-09 10:41:31,087 1 INFO betopiaerp betopiaerp.addons.base.tests.test_date_utils: Starting TestDateUtils.test_parse_date ... 
2026-02-09 10:41:31,088 1 INFO betopiaerp betopiaerp.addons.base.tests.test_date_utils: Starting TestDateUtils.test_parse_date_relative_tz ... 
2026-02-09 10:41:31,097 1 INFO betopiaerp betopiaerp.addons.base.tests.test_date_utils: Starting TestDateUtils.test_parse_date_relative_utc ... 
2026-02-09 10:41:31,115 1 INFO betopiaerp betopiaerp.addons.base.tests.test_date_utils: Starting TestDateUtils.test_parse_iso_date ... 
2026-02-09 10:41:31,117 1 INFO betopiaerp betopiaerp.addons.base.models.ir_attachment: filestore gc 0 checked, 0 removed 
2026-02-09 10:41:31,118 1 INFO betopiaerp betopiaerp.addons.base.tests.test_date_utils: Starting TestDateRangeFunction.test_date_range_with_date ... 
2026-02-09 10:41:31,118 1 INFO betopiaerp betopiaerp.addons.base.tests.test_date_utils: Starting TestDateRangeFunction.test_date_range_with_hour ... 
2026-02-09 10:41:31,119 1 INFO betopiaerp betopiaerp.addons.base.tests.test_date_utils: Starting TestDateRangeFunction.test_date_range_with_inconsistent_datetimes ... 
2026-02-09 10:41:31,119 1 INFO betopiaerp betopiaerp.addons.base.tests.test_date_utils: Starting TestDateRangeFunction.test_date_range_with_mismatching_zones ... 
2026-02-09 10:41:31,120 1 INFO betopiaerp betopiaerp.addons.base.tests.test_date_utils: Starting TestDateRangeFunction.test_date_range_with_naive_datetimes ... 
2026-02-09 10:41:31,120 1 INFO betopiaerp betopiaerp.addons.base.tests.test_date_utils: Starting TestDateRangeFunction.test_date_range_with_timezone_aware_datetimes_other_than_utc ... 
2026-02-09 10:41:31,121 1 INFO betopiaerp betopiaerp.addons.base.tests.test_date_utils: Starting TestDateRangeFunction.test_step_is_positive ... 
2026-02-09 10:41:31,121 1 INFO betopiaerp betopiaerp.addons.base.tests.test_db_cursor: Starting TestRealCursor.test_connection_readonly ... 
2026-02-09 10:41:31,130 1 INFO betopiaerp betopiaerp.addons.base.tests.test_db_cursor: Starting TestRealCursor.test_execute_bad_params ... 
2026-02-09 10:41:31,131 1 INFO betopiaerp betopiaerp.addons.base.tests.test_db_cursor: Starting TestRealCursor.test_multiple_close_call_cursor ... 
2026-02-09 10:41:31,132 1 INFO betopiaerp betopiaerp.addons.base.tests.test_db_cursor: Starting TestRealCursor.test_transaction_isolation_cursor ... 
2026-02-09 10:41:31,132 1 INFO betopiaerp betopiaerp.addons.base.tests.test_db_cursor: Starting TestRealCursor.test_using_closed_cursor ... 
2026-02-09 10:41:31,135 1 INFO betopiaerp betopiaerp.addons.base.tests.test_db_cursor: Starting TestHTTPCursor.test_call_kw_readonly ... 
2026-02-09 10:41:31,138 1 INFO betopiaerp betopiaerp.addons.base.models.res_users: Login successful for login:admin from n/a 
2026-02-09 10:41:31,144 1 INFO betopiaerp betopiaerp.addons.base.models.ir_http: Generating routing map for key None 
2026-02-09 10:41:31,150 1 INFO betopiaerp betopiaerp.tests.common: Skipping signal changes during tests 
2026-02-09 10:41:31,150 1 INFO betopiaerp werkzeug: 127.0.0.1 - - [09/Feb/2026 10:41:31] "POST /web/dataset/call_kw#res.partner.read HTTP/1.1" 200 - 2 0.000 0.007
2026-02-09 10:41:31,154 1 INFO betopiaerp betopiaerp.tests.common: Skipping signal changes during tests 
2026-02-09 10:41:31,154 1 INFO betopiaerp werkzeug: 127.0.0.1 - - [09/Feb/2026 10:41:31] "POST /web/dataset/call_kw#res.partner.write HTTP/1.1" 200 - 0 0.000 0.001
2026-02-09 10:41:31,155 1 INFO betopiaerp betopiaerp.addons.base.tests.test_db_cursor: Starting TestHTTPCursor.test_cursor_keeps_readwriteness ... 
2026-02-09 10:41:31,158 1 INFO betopiaerp betopiaerp.addons.base.models.ir_attachment: filestore gc 0 checked, 0 removed 
2026-02-09 10:41:31,159 1 INFO betopiaerp betopiaerp.addons.base.tests.test_db_cursor: Starting TestTestCursor.test_borrow_connection ... 
2026-02-09 10:41:31,182 1 INFO betopiaerp betopiaerp.addons.base.tests.test_db_cursor: Starting TestTestCursor.test_interleaving ... 
2026-02-09 10:41:31,189 1 INFO betopiaerp betopiaerp.addons.base.tests.test_db_cursor: Starting TestTestCursor.test_single_cursor ... 
2026-02-09 10:41:31,199 1 INFO betopiaerp betopiaerp.addons.base.tests.test_db_cursor: Starting TestTestCursor.test_sub_commit ... 
2026-02-09 10:41:31,208 1 INFO betopiaerp betopiaerp.addons.base.tests.test_db_cursor: Starting TestTestCursor.test_sub_rollback ... 
2026-02-09 10:41:31,218 1 INFO betopiaerp betopiaerp.addons.base.models.ir_attachment: filestore gc 0 checked, 0 removed 
2026-02-09 10:41:31,219 1 INFO betopiaerp betopiaerp.addons.base.tests.test_db_cursor: Starting TestCursorHooks.test_hooks_on_cursor ... 
2026-02-09 10:41:31,220 1 INFO betopiaerp betopiaerp.addons.base.tests.test_db_cursor: Starting TestCursorHooks.test_hooks_on_testcursor ... 
2026-02-09 10:41:31,221 1 INFO betopiaerp betopiaerp.addons.base.models.ir_attachment: filestore gc 0 checked, 0 removed 
2026-02-09 10:41:31,222 1 INFO betopiaerp betopiaerp.addons.base.tests.test_db_cursor: Starting TestCursorHooksTransactionCaseCleanup.test_1_isolation ... 
2026-02-09 10:41:31,223 1 INFO betopiaerp betopiaerp.addons.base.tests.test_db_cursor: Starting TestCursorHooksTransactionCaseCleanup.test_2_isolation ... 
2026-02-09 10:41:31,223 1 INFO betopiaerp betopiaerp.addons.base.tests.test_db_cursor: Starting TestCursorHooksTransactionCaseCleanup.test_3_isolation ... 
2026-02-09 10:41:31,224 1 INFO betopiaerp betopiaerp.addons.base.tests.test_db_cursor: Starting TestCursorHooksTransactionCaseCleanup.test_4_isolation ... 
2026-02-09 10:41:31,225 1 INFO betopiaerp betopiaerp.addons.base.tests.test_db_cursor: Starting TestCursorHooksTransactionCaseCleanup.test_5_isolation ... 
2026-02-09 10:41:31,225 1 INFO betopiaerp betopiaerp.addons.base.models.ir_attachment: filestore gc 0 checked, 0 removed 
2026-02-09 10:41:31,288 1 INFO betopiaerp betopiaerp.addons.base.tests.test_expression: Starting TestExpression.test_00_in_not_in_m2m ... 
2026-02-09 10:41:31,324 1 INFO betopiaerp betopiaerp.addons.base.tests.test_expression: Starting TestExpression.test_05_not_str_m2m ... 
2026-02-09 10:41:31,358 1 INFO betopiaerp betopiaerp.addons.base.tests.test_expression: Starting TestExpression.test_09_hierarchy_filtered_domain ... 
2026-02-09 10:41:31,368 1 INFO betopiaerp betopiaerp.addons.base.tests.test_expression: Starting TestExpression.test_10_eq_lt_gt_lte_gte ... 
2026-02-09 10:41:31,377 1 INFO betopiaerp betopiaerp.addons.base.tests.test_expression: Starting TestExpression.test_10_equivalent_id ... 
2026-02-09 10:41:31,392 1 INFO betopiaerp betopiaerp.addons.base.tests.test_expression: Starting TestExpression.test_10_hierarchy_access ... 
2026-02-09 10:41:31,422 1 INFO betopiaerp betopiaerp.addons.base.tests.test_expression: Starting TestExpression.test_10_hierarchy_in_m2m ... 
2026-02-09 10:41:31,442 1 INFO betopiaerp betopiaerp.addons.base.tests.test_expression: Starting TestExpression.test_15_equivalent_one2many_1 ... 
2026-02-09 10:41:31,566 1 INFO betopiaerp betopiaerp.addons.base.tests.test_expression: Starting TestExpression.test_15_equivalent_one2many_2 ... 
2026-02-09 10:41:31,595 1 INFO betopiaerp betopiaerp.addons.base.tests.test_expression: Starting TestExpression.test_15_hierarchy_ilike ... 
2026-02-09 10:41:31,678 1 INFO betopiaerp betopiaerp.addons.base.tests.test_expression: Starting TestExpression.test_15_m2m_false ... 
2026-02-09 10:41:31,683 1 INFO betopiaerp betopiaerp.addons.base.tests.test_expression: Starting TestExpression.test_15_m2o ... 
2026-02-09 10:41:31,793 1 INFO betopiaerp betopiaerp.addons.base.tests.test_expression: Starting TestExpression.test_15_o2m ... 
2026-02-09 10:41:31,803 1 INFO betopiaerp betopiaerp.addons.base.tests.test_expression: Starting TestExpression.test_15_o2m_subselect ... 
2026-02-09 10:41:31,820 1 INFO betopiaerp betopiaerp.addons.base.tests.test_expression: Starting TestExpression.test_20_expression_parse ... 
2026-02-09 10:41:31,857 1 INFO betopiaerp betopiaerp.addons.base.tests.test_expression: Starting TestExpression.test_30_instantiate_domain ... 
2026-02-09 10:41:31,859 1 INFO betopiaerp betopiaerp.addons.base.tests.test_expression: Starting TestExpression.test_30_normalize_domain ... 
2026-02-09 10:41:31,861 1 INFO betopiaerp betopiaerp.addons.base.tests.test_expression: Starting TestExpression.test_31_backwards_compatible_domain ... 
2026-02-09 10:41:31,863 1 INFO betopiaerp betopiaerp.addons.base.tests.test_expression: Starting TestExpression.test_32_iter_conditions ... 
2026-02-09 10:41:31,864 1 INFO betopiaerp betopiaerp.addons.base.tests.test_expression: Starting TestExpression.test_33_map_conditions ... 
2026-02-09 10:41:31,865 1 INFO betopiaerp betopiaerp.addons.base.tests.test_expression: Starting TestExpression.test_35_negating_thruty_leafs ... 
2026-02-09 10:41:31,866 1 INFO betopiaerp betopiaerp.addons.base.tests.test_expression: Starting TestExpression.test_40_negating_long_expression ... 
2026-02-09 10:41:31,873 1 INFO betopiaerp betopiaerp.addons.base.tests.test_expression: Starting TestExpression.test_40_negating_traversal ... 
2026-02-09 10:41:31,874 1 INFO betopiaerp betopiaerp.addons.base.tests.test_expression: Starting TestExpression.test_accent ... 
2026-02-09 10:41:31,875 1 INFO betopiaerp betopiaerp.addons.base.tests.test_expression: skipped TestExpression.test_accent : unaccent not enabled 
2026-02-09 10:41:31,875 1 INFO betopiaerp betopiaerp.addons.base.tests.test_expression: Starting TestExpression.test_active ... 
2026-02-09 10:41:31,893 1 INFO betopiaerp betopiaerp.addons.base.tests.test_expression: Starting TestExpression.test_combine_conditions ... 
2026-02-09 10:41:31,894 1 INFO betopiaerp betopiaerp.addons.base.tests.test_expression: Starting TestExpression.test_combine_simple_conditions ... 
2026-02-09 10:41:31,895 1 INFO betopiaerp betopiaerp.addons.base.tests.test_expression: Starting TestExpression.test_filtered_domain_any_bypass_access ... 
2026-02-09 10:41:31,900 1 INFO betopiaerp betopiaerp.models.unlink: User #1 deleted ir.model.data records with IDs: [9400, 9399, 9398, 7592, 7590, 7591, 7589, 3954, 3952, 3953, 3949, 3938, 3956, 3955, 3934, 3933, 3939, 3940, 3941, 3935, 3961, 3943, 3945, 3942, 3944, 3937, 3936, 3932, 3931, 3946, 3930, 3947, 3948, 3950, 3951, 3957, 3958, 3959, 3960, 10479, 7480, 7479] 
2026-02-09 10:41:31,900 1 INFO betopiaerp betopiaerp.models.unlink: User #1 deleted ir.rule records with IDs: [33, 34, 21, 22, 1, 17, 23, 24, 25, 18, 19, 7, 2, 3, 30, 31, 28, 29, 8, 13, 14, 15, 16, 32, 6, 10, 11, 12, 26, 27, 4, 5, 42, 9, 20, 35, 36, 37, 38, 40, 39, 41] 
2026-02-09 10:41:31,917 1 INFO betopiaerp betopiaerp.addons.base.tests.test_expression: Starting TestExpression.test_filtered_domain_any_operator ... 
2026-02-09 10:41:31,928 1 INFO betopiaerp betopiaerp.addons.base.tests.test_expression: Starting TestExpression.test_filtered_domain_order ... 
2026-02-09 10:41:31,931 1 INFO betopiaerp betopiaerp.addons.base.tests.test_expression: Starting TestExpression.test_filtered_domain_order2 ... 
2026-02-09 10:41:31,932 1 INFO betopiaerp betopiaerp.addons.base.tests.test_expression: Starting TestExpression.test_in_boolean ... 
2026-02-09 10:41:31,934 1 INFO betopiaerp betopiaerp.addons.base.tests.test_expression: Starting TestExpression.test_in_operator ... 
2026-02-09 10:41:31,936 1 INFO betopiaerp betopiaerp.addons.base.tests.test_expression: Starting TestExpression.test_invalid ... 
2026-02-09 10:41:31,938 1 INFO betopiaerp betopiaerp.addons.base.tests.test_expression: Starting TestExpression.test_like_cast ... 
2026-02-09 10:41:31,956 1 INFO betopiaerp betopiaerp.addons.base.tests.test_expression: Starting TestExpression.test_like_complement_m2o_access ... 
2026-02-09 10:41:31,968 1 INFO betopiaerp betopiaerp.models.unlink: User #1 deleted ir.model.data records with IDs: [9400, 9399, 9398, 7592, 7590, 7591, 7589, 3954, 3952, 3953, 3949, 3938, 3956, 3955, 3934, 3933, 3939, 3940, 3941, 3935, 3961, 3943, 3945, 3942, 3944, 3937, 3936, 3932, 3931, 3946, 3930, 3947, 3948, 3950, 3951, 3957, 3958, 3959, 3960, 10479, 7480, 7479] 
2026-02-09 10:41:31,968 1 INFO betopiaerp betopiaerp.models.unlink: User #1 deleted ir.rule records with IDs: [33, 34, 21, 22, 1, 17, 23, 24, 25, 18, 19, 7, 2, 3, 30, 31, 28, 29, 8, 13, 14, 15, 16, 32, 6, 10, 11, 12, 26, 27, 4, 5, 42, 9, 20, 35, 36, 37, 38, 40, 39, 41] 
2026-02-09 10:41:31,982 1 INFO betopiaerp betopiaerp.addons.base.models.ir_rule: Access Denied by record rules for operation: read on record ids: [2918], uid: 722, model: res.partner 
2026-02-09 10:41:31,986 1 INFO betopiaerp betopiaerp.addons.base.models.ir_rule: Access Denied by record rules for operation: read on record ids: [2918], uid: 722, model: res.partner 
2026-02-09 10:41:31,992 1 INFO betopiaerp betopiaerp.addons.base.models.ir_rule: Access Denied by record rules for operation: read on record ids: [2918], uid: 722, model: res.partner 
2026-02-09 10:41:31,994 1 INFO betopiaerp betopiaerp.addons.base.models.ir_rule: Access Denied by record rules for operation: read on record ids: [2918], uid: 722, model: res.partner 
2026-02-09 10:41:31,997 1 INFO betopiaerp betopiaerp.addons.base.tests.test_expression: Starting TestExpression.test_like_filtered ... 
2026-02-09 10:41:32,007 1 INFO betopiaerp betopiaerp.addons.base.tests.test_expression: Starting TestExpression.test_like_wildcards ... 
2026-02-09 10:41:32,015 1 INFO betopiaerp betopiaerp.addons.base.tests.test_expression: Starting TestExpression.test_lp1071710 ... 
2026-02-09 10:41:32,032 1 INFO betopiaerp betopiaerp.addons.base.tests.test_expression: Starting TestExpression.test_negate_conditions ... 
2026-02-09 10:41:32,033 1 INFO betopiaerp betopiaerp.addons.base.tests.test_expression: Starting TestExpression.test_or_with_implicit_and ... 
2026-02-09 10:41:32,034 1 INFO betopiaerp betopiaerp.addons.base.tests.test_expression: Starting TestExpression.test_proper_combine_unit_leaves ... 
2026-02-09 10:41:32,035 1 INFO betopiaerp betopiaerp.addons.base.tests.test_expression: Starting TestExpression.test_translate_search ... 
2026-02-09 10:41:32,045 1 INFO betopiaerp betopiaerp.addons.base.models.ir_attachment: filestore gc 9 checked, 6 removed 
2026-02-09 10:41:32,046 1 INFO betopiaerp betopiaerp.addons.base.tests.test_expression: Starting TestExpression2.test_long_table_alias ... 
2026-02-09 10:41:32,048 1 INFO betopiaerp betopiaerp.addons.base.models.ir_attachment: filestore gc 0 checked, 0 removed 
2026-02-09 10:41:32,049 1 INFO betopiaerp betopiaerp.addons.base.tests.test_expression: Starting TestBypassAccess.test_bypass_search_access ... 
2026-02-09 10:41:32,119 1 INFO betopiaerp betopiaerp.addons.base.tests.test_expression: Starting TestBypassAccess.test_nullfields ... 
2026-02-09 10:41:32,124 1 INFO betopiaerp betopiaerp.addons.base.models.ir_attachment: filestore gc 0 checked, 0 removed 
2026-02-09 10:41:32,125 1 INFO betopiaerp betopiaerp.addons.base.tests.test_expression: Starting TestQueries.test_access_rules ... 
2026-02-09 10:41:32,145 1 INFO betopiaerp betopiaerp.addons.base.tests.test_expression: Starting TestQueries.test_access_rules_active_test ... 
2026-02-09 10:41:32,168 1 INFO betopiaerp betopiaerp.addons.base.tests.test_expression: Starting TestQueries.test_access_rules_active_test_neg ... 
2026-02-09 10:41:32,174 1 INFO betopiaerp betopiaerp.models.unlink: User #1 deleted ir.model.data records with IDs: [9400, 9399, 9398, 7592, 7590, 7591, 7589, 3954, 3952, 3953, 3949, 3938, 3956, 3955, 3934, 3933, 3939, 3940, 3941, 3935, 3961, 3943, 3945, 3942, 3944, 3937, 3936, 3932, 3931, 3946, 3930, 3947, 3948, 3950, 3951, 3957, 3958, 3959, 3960, 10479, 7480, 7479] 
2026-02-09 10:41:32,175 1 INFO betopiaerp betopiaerp.models.unlink: User #1 deleted ir.rule records with IDs: [33, 34, 21, 22, 1, 17, 23, 24, 25, 18, 19, 7, 2, 3, 30, 31, 28, 29, 8, 13, 14, 15, 16, 32, 6, 10, 11, 12, 26, 27, 4, 5, 42, 9, 20, 35, 36, 37, 38, 40, 39, 41] 
2026-02-09 10:41:32,184 1 INFO betopiaerp betopiaerp.addons.base.tests.test_expression: Starting TestQueries.test_count ... 
2026-02-09 10:41:32,186 1 INFO betopiaerp betopiaerp.addons.base.tests.test_expression: Starting TestQueries.test_count_limit ... 
2026-02-09 10:41:32,187 1 INFO betopiaerp betopiaerp.addons.base.tests.test_expression: Starting TestQueries.test_logic ... 
2026-02-09 10:41:32,189 1 INFO betopiaerp betopiaerp.addons.base.tests.test_expression: Starting TestQueries.test_order ... 
2026-02-09 10:41:32,193 1 INFO betopiaerp betopiaerp.addons.base.tests.test_expression: Starting TestQueries.test_rec_names_search ... 
2026-02-09 10:41:32,196 1 INFO betopiaerp betopiaerp.addons.base.tests.test_expression: Starting TestQueries.test_translated_field ... 
2026-02-09 10:41:32,201 1 INFO betopiaerp betopiaerp.addons.base.models.ir_attachment: filestore gc 0 checked, 0 removed 
2026-02-09 10:41:32,201 1 INFO betopiaerp betopiaerp.addons.base.tests.test_expression: Starting TestMany2one.test_complement_regular ... 
2026-02-09 10:41:32,205 1 INFO betopiaerp betopiaerp.addons.base.tests.test_expression: Starting TestMany2one.test_explicit_subquery ... 
2026-02-09 10:41:32,211 1 INFO betopiaerp betopiaerp.addons.base.tests.test_expression: Starting TestMany2one.test_inherited ... 
2026-02-09 10:41:32,213 1 INFO betopiaerp betopiaerp.addons.base.tests.test_expression: Starting TestMany2one.test_name_search ... 
2026-02-09 10:41:32,215 1 INFO betopiaerp betopiaerp.addons.base.tests.test_expression: Starting TestMany2one.test_name_search_undefined ... 
2026-02-09 10:41:32,218 1 INFO betopiaerp betopiaerp.addons.base.tests.test_expression: Starting TestMany2one.test_regular ... 
2026-02-09 10:41:32,221 1 INFO betopiaerp betopiaerp.addons.base.tests.test_expression: Starting TestMany2one.testbypass_search_access ... 
2026-02-09 10:41:32,229 1 INFO betopiaerp betopiaerp.addons.base.models.ir_attachment: filestore gc 0 checked, 0 removed 
2026-02-09 10:41:32,230 1 INFO betopiaerp betopiaerp.addons.base.tests.test_expression: Starting TestOne2many.test_empty ... 
2026-02-09 10:41:32,237 1 INFO betopiaerp betopiaerp.addons.base.tests.test_expression: Starting TestOne2many.test_name_search ... 
2026-02-09 10:41:32,245 1 INFO betopiaerp betopiaerp.addons.base.tests.test_expression: Starting TestOne2many.test_regular ... 
2026-02-09 10:41:32,254 1 INFO betopiaerp betopiaerp.addons.base.tests.test_expression: Starting TestOne2many.testbypass_search_access ... 
2026-02-09 10:41:32,265 1 INFO betopiaerp betopiaerp.addons.base.tests.test_expression: Starting TestOne2many.testbypass_search_access_mixed ... 
2026-02-09 10:41:32,274 1 INFO betopiaerp betopiaerp.addons.base.models.ir_attachment: filestore gc 0 checked, 0 removed 
2026-02-09 10:41:32,275 1 INFO betopiaerp betopiaerp.addons.base.tests.test_expression: Starting TestMany2many.test_empty ... 
2026-02-09 10:41:32,277 1 INFO betopiaerp betopiaerp.addons.base.tests.test_expression: Starting TestMany2many.test_name_search ... 
2026-02-09 10:41:32,280 1 INFO betopiaerp betopiaerp.addons.base.tests.test_expression: Starting TestMany2many.test_regular ... 
2026-02-09 10:41:32,287 1 INFO betopiaerp betopiaerp.addons.base.tests.test_expression: Starting TestMany2many.test_regular_in_false ... 
2026-02-09 10:41:32,290 1 INFO betopiaerp betopiaerp.addons.base.tests.test_expression: Starting TestMany2many.testbypass_search_access ... 
2026-02-09 10:41:32,292 1 INFO betopiaerp betopiaerp.addons.base.models.ir_attachment: filestore gc 0 checked, 0 removed 
2026-02-09 10:41:32,293 1 INFO betopiaerp betopiaerp.addons.base.tests.test_expression: Starting TestAnyfy.test_and_multiple_many2one_with_subfield ... 
2026-02-09 10:41:32,293 1 INFO betopiaerp betopiaerp.addons.base.tests.test_expression: Starting TestAnyfy.test_and_multiple_one2many_with_subfield ... 
2026-02-09 10:41:32,294 1 INFO betopiaerp betopiaerp.addons.base.tests.test_expression: Starting TestAnyfy.test_not_and_multiple_many2one_field_with_subfield ... 
2026-02-09 10:41:32,295 1 INFO betopiaerp betopiaerp.addons.base.tests.test_expression: Starting TestAnyfy.test_not_and_multiple_one2many_field_with_subfield ... 
2026-02-09 10:41:32,296 1 INFO betopiaerp betopiaerp.addons.base.tests.test_expression: Starting TestAnyfy.test_not_or_multiple_many2one_field_with_subfield ... 
2026-02-09 10:41:32,297 1 INFO betopiaerp betopiaerp.addons.base.tests.test_expression: Starting TestAnyfy.test_not_or_multiple_one2many_field_with_subfield ... 
2026-02-09 10:41:32,297 1 INFO betopiaerp betopiaerp.addons.base.tests.test_expression: Starting TestAnyfy.test_not_single_field ... 
2026-02-09 10:41:32,298 1 INFO betopiaerp betopiaerp.addons.base.tests.test_expression: Starting TestAnyfy.test_not_single_many2one_with_subfield ... 
2026-02-09 10:41:32,299 1 INFO betopiaerp betopiaerp.addons.base.tests.test_expression: Starting TestAnyfy.test_not_single_one2many_with_subfield ... 
2026-02-09 10:41:32,299 1 INFO betopiaerp betopiaerp.addons.base.tests.test_expression: Starting TestAnyfy.test_or_multiple_many2one_with_subfield ... 
2026-02-09 10:41:32,300 1 INFO betopiaerp betopiaerp.addons.base.tests.test_expression: Starting TestAnyfy.test_or_multiple_one2many_with_subfield ... 
2026-02-09 10:41:32,301 1 INFO betopiaerp betopiaerp.addons.base.tests.test_expression: Starting TestAnyfy.test_single_field ... 
2026-02-09 10:41:32,302 1 INFO betopiaerp betopiaerp.addons.base.tests.test_expression: Starting TestAnyfy.test_single_many2one_with_subfield ... 
2026-02-09 10:41:32,303 1 INFO betopiaerp betopiaerp.addons.base.tests.test_expression: Starting TestAnyfy.test_single_one2many_with_subfield ... 
2026-02-09 10:41:32,303 1 INFO betopiaerp betopiaerp.addons.base.tests.test_expression: Starting TestAnyfy.test_true_leaf_as_list ... 
2026-02-09 10:41:32,305 1 INFO betopiaerp betopiaerp.addons.base.models.ir_attachment: filestore gc 0 checked, 0 removed 
2026-02-09 10:41:32,305 1 INFO betopiaerp betopiaerp.addons.base.tests.test_float: Starting TestFloatPrecision.test_amount_to_text_10 ... 
2026-02-09 10:41:32,309 1 INFO betopiaerp betopiaerp.addons.base.tests.test_float: Starting TestFloatPrecision.test_float_split_05 ... 
2026-02-09 10:41:32,311 1 INFO betopiaerp betopiaerp.addons.base.tests.test_float: Starting TestFloatPrecision.test_rounding_02 ... 
2026-02-09 10:41:32,312 1 INFO betopiaerp betopiaerp.addons.base.tests.test_float: Starting TestFloatPrecision.test_rounding_03 ... 
2026-02-09 10:41:32,349 1 INFO betopiaerp betopiaerp.addons.base.tests.test_float: Starting TestFloatPrecision.test_rounding_04 ... 
2026-02-09 10:41:32,352 1 INFO betopiaerp betopiaerp.addons.base.tests.test_float: Starting TestFloatPrecision.test_rounding_invalid ... 
2026-02-09 10:41:32,355 1 INFO betopiaerp betopiaerp.addons.base.models.ir_attachment: filestore gc 0 checked, 0 removed 
2026-02-09 10:41:32,383 1 INFO betopiaerp betopiaerp.addons.base.tests.test_format_address_mixin: Starting TestPartnerFormatAddress.test_address_view ... 
2026-02-09 10:41:32,505 1 INFO betopiaerp betopiaerp.addons.base.tests.test_format_address_mixin: Starting TestPartnerFormatAddress.test_display_name_address_formatting ... 
2026-02-09 10:41:32,512 1 INFO betopiaerp betopiaerp.addons.base.models.ir_attachment: filestore gc 1 checked, 1 removed 
2026-02-09 10:41:32,513 1 INFO betopiaerp betopiaerp.addons.base.tests.test_func: Starting TestFrozendict.test_frozendict_hash ... 
2026-02-09 10:41:32,514 1 INFO betopiaerp betopiaerp.addons.base.tests.test_func: Starting TestFrozendict.test_frozendict_immutable ... 
2026-02-09 10:41:32,514 1 INFO betopiaerp betopiaerp.addons.base.tests.test_func: Starting TestLazy.test_lazy_compare ... 
2026-02-09 10:41:32,515 1 INFO betopiaerp betopiaerp.addons.base.tests.test_groups: Starting TestGroupsObject.test_groups_10_hudge_combine ... 
2026-02-09 10:41:32,516 1 INFO betopiaerp betopiaerp.addons.base.tests.test_groups: Starting TestGroupsObject.test_groups_11_invert_intersect ... 
2026-02-09 10:41:32,520 1 INFO betopiaerp betopiaerp.addons.base.tests.test_groups: Starting TestGroupsObject.test_groups_1_base ... 
2026-02-09 10:41:32,520 1 INFO betopiaerp betopiaerp.addons.base.tests.test_groups: Starting TestGroupsObject.test_groups_2_and ... 
2026-02-09 10:41:32,521 1 INFO betopiaerp betopiaerp.addons.base.tests.test_groups: Starting TestGroupsObject.test_groups_3_or ... 
2026-02-09 10:41:32,521 1 INFO betopiaerp betopiaerp.addons.base.tests.test_groups: Starting TestGroupsObject.test_groups_3_or_and ... 
2026-02-09 10:41:32,522 1 INFO betopiaerp betopiaerp.addons.base.tests.test_groups: Starting TestGroupsObject.test_groups_4_gt_lt ... 
2026-02-09 10:41:32,522 1 INFO betopiaerp betopiaerp.addons.base.tests.test_groups: Starting TestGroupsObject.test_groups_5_invert ... 
2026-02-09 10:41:32,523 1 INFO betopiaerp betopiaerp.addons.base.tests.test_groups: Starting TestGroupsObject.test_groups_6_invert_gt_lt ... 
2026-02-09 10:41:32,523 1 INFO betopiaerp betopiaerp.addons.base.tests.test_groups: Starting TestGroupsObject.test_groups_7_various ... 
2026-02-09 10:41:32,524 1 INFO betopiaerp betopiaerp.addons.base.tests.test_groups: Starting TestGroupsObject.test_groups_8_reduce ... 
2026-02-09 10:41:32,525 1 INFO betopiaerp betopiaerp.addons.base.tests.test_groups: Starting TestGroupsObject.test_groups_9_distinct ... 
2026-02-09 10:41:32,525 1 INFO betopiaerp betopiaerp.addons.base.tests.test_groups: Starting TestGroupsObject.test_groups_key ... 
2026-02-09 10:41:32,526 1 INFO betopiaerp betopiaerp.addons.base.tests.test_groups: Starting TestGroupsObject.test_groups_matches ... 
2026-02-09 10:41:32,526 1 INFO betopiaerp betopiaerp.addons.base.tests.test_groups: Starting TestGroupsObject.test_groups_unknown ... 
2026-02-09 10:41:32,535 1 INFO betopiaerp betopiaerp.addons.base.tests.test_groups: Starting TestGroupsBetopiaERP.test_groups_1_base ... 
2026-02-09 10:41:32,536 1 INFO betopiaerp betopiaerp.addons.base.tests.test_groups: Starting TestGroupsBetopiaERP.test_groups_2_from_commat_separator ... 
2026-02-09 10:41:32,538 1 INFO betopiaerp betopiaerp.addons.base.tests.test_groups: Starting TestGroupsBetopiaERP.test_groups_3_from_ref ... 
2026-02-09 10:41:32,539 1 INFO betopiaerp betopiaerp.addons.base.tests.test_groups: Starting TestGroupsBetopiaERP.test_groups_4_full_empty ... 
2026-02-09 10:41:32,543 1 INFO betopiaerp betopiaerp.addons.base.tests.test_groups: Starting TestGroupsBetopiaERP.test_groups_5_contains_user ... 
2026-02-09 10:41:32,663 1 INFO betopiaerp betopiaerp.addons.base.tests.test_groups: Starting TestGroupsBetopiaERP.test_groups_6_distinct ... 
2026-02-09 10:41:32,722 1 INFO betopiaerp betopiaerp.addons.base.models.ir_attachment: filestore gc 1 checked, 1 removed 
2026-02-09 10:41:32,724 1 INFO betopiaerp betopiaerp.addons.base.tests.test_http_case: Starting TestRequestRemainingNoCookie.test_requests_a ... 
2026-02-09 10:41:32,725 1 INFO ? betopiaerp.addons.base.tests.test_http_case: Waiting for B to start 
2026-02-09 10:41:32,726 1 INFO betopiaerp betopiaerp.addons.base.tests.test_http_case: Starting TestRequestRemainingNoCookie.test_requests_b ... 
2026-02-09 10:41:32,726 1 INFO betopiaerp betopiaerp.addons.base.tests.test_http_case: B started, waiting for A to finish 
2026-02-09 10:41:32,726 1 INFO ? betopiaerp.addons.base.tests.test_http_case: Opening url 
2026-02-09 10:41:32,728 1 INFO ? werkzeug: 127.0.0.1 - - [09/Feb/2026 10:41:32] "GET /web/concurrent HTTP/1.1" 400 - 0 0.000 0.000
2026-02-09 10:41:32,730 1 INFO betopiaerp betopiaerp.addons.base.models.ir_attachment: filestore gc 0 checked, 0 removed 
2026-02-09 10:41:32,732 1 INFO betopiaerp betopiaerp.addons.base.tests.test_http_case: Starting TestRequestRemainingNotEnabled.test_requests_a ... 
2026-02-09 10:41:32,733 1 INFO ? betopiaerp.addons.base.tests.test_http_case: Waiting for B to start 
2026-02-09 10:41:32,733 1 INFO betopiaerp betopiaerp.addons.base.tests.test_http_case: Starting TestRequestRemainingNotEnabled.test_requests_b ... 
2026-02-09 10:41:32,734 1 INFO betopiaerp betopiaerp.addons.base.tests.test_http_case: B started, waiting for A to finish 
2026-02-09 10:41:32,734 1 INFO ? betopiaerp.addons.base.tests.test_http_case: Opening url 
2026-02-09 10:41:32,736 1 INFO ? werkzeug: 127.0.0.1 - - [09/Feb/2026 10:41:32] "GET /web/concurrent HTTP/1.1" 400 - 0 0.000 0.000
2026-02-09 10:41:32,738 1 INFO betopiaerp betopiaerp.addons.base.models.ir_attachment: filestore gc 0 checked, 0 removed 
2026-02-09 10:41:32,740 1 INFO betopiaerp betopiaerp.addons.base.tests.test_http_case: Starting TestRequestRemainingStartDuringNext.test_requests_a ... 
2026-02-09 10:41:32,741 1 INFO ? betopiaerp.addons.base.tests.test_http_case: Waiting for B to start 
2026-02-09 10:41:32,742 1 INFO betopiaerp betopiaerp.addons.base.tests.test_http_case: Starting TestRequestRemainingStartDuringNext.test_requests_b ... 
2026-02-09 10:41:32,743 1 INFO betopiaerp betopiaerp.addons.base.tests.test_http_case: B started, waiting for A to finish 
2026-02-09 10:41:32,743 1 INFO ? betopiaerp.addons.base.tests.test_http_case: Opening url 
2026-02-09 10:41:32,744 1 INFO ? werkzeug: 127.0.0.1 - - [09/Feb/2026 10:41:32] "GET /web/concurrent HTTP/1.1" 400 - 0 0.000 0.000
2026-02-09 10:41:32,746 1 INFO betopiaerp betopiaerp.addons.base.models.ir_attachment: filestore gc 0 checked, 0 removed 
2026-02-09 10:41:32,748 1 INFO betopiaerp betopiaerp.addons.base.tests.test_http_case: Starting TestRequestRemainingAfterFirstCheck.test_requests_a ... 
2026-02-09 10:41:32,749 1 INFO ? betopiaerp.addons.base.tests.test_http_case: Opening url 
2026-02-09 10:41:32,751 1 INFO betopiaerp betopiaerp.addons.base.tests.test_http_case: Starting TestRequestRemainingAfterFirstCheck.test_requests_b ... 
2026-02-09 10:41:32,751 1 INFO betopiaerp betopiaerp.addons.base.tests.test_http_case: B started, waiting for A to finish 
2026-02-09 10:41:32,752 1 INFO ? werkzeug: 127.0.0.1 - - [09/Feb/2026 10:41:32] "GET /web/concurrent HTTP/1.1" 400 - 0 0.000 0.002
2026-02-09 10:41:32,753 1 INFO betopiaerp betopiaerp.addons.base.models.ir_attachment: filestore gc 0 checked, 0 removed 
2026-02-09 10:41:32,754 1 INFO betopiaerp betopiaerp.addons.base.tests.test_i18n: Starting I18nTest.test_format_list ... 
2026-02-09 10:41:32,764 1 INFO betopiaerp betopiaerp.addons.base.tests.test_i18n: Starting I18nTest.test_py_to_js_locale ... 
2026-02-09 10:41:32,765 1 INFO betopiaerp betopiaerp.addons.base.models.ir_attachment: filestore gc 0 checked, 0 removed 
2026-02-09 10:41:32,766 1 INFO betopiaerp betopiaerp.addons.base.tests.test_image: Starting TestImage.test_00_base64_to_image ... 
2026-02-09 10:41:32,823 1 INFO betopiaerp betopiaerp.addons.base.tests.test_image: Starting TestImage.test_01_image_to_base64 ... 
2026-02-09 10:41:32,875 1 INFO betopiaerp betopiaerp.addons.base.tests.test_image: Starting TestImage.test_02_image_fix_orientation ... 
2026-02-09 10:41:32,928 1 INFO betopiaerp betopiaerp.addons.base.tests.test_image: Starting TestImage.test_03_image_fix_orientation_exif ... 
2026-02-09 10:41:32,980 1 INFO betopiaerp betopiaerp.addons.base.tests.test_image: Starting TestImage.test_10_image_process_source ... 
2026-02-09 10:41:33,042 1 INFO betopiaerp betopiaerp.addons.base.tests.test_image: Starting TestImage.test_11_image_process_size ... 
2026-02-09 10:41:33,120 1 INFO betopiaerp betopiaerp.addons.base.tests.test_image: Starting TestImage.test_12_image_process_verify_resolution ... 
2026-02-09 10:41:33,849 1 INFO betopiaerp betopiaerp.addons.base.tests.test_image: Starting TestImage.test_13_image_process_quality ... 
2026-02-09 10:41:34,004 1 INFO betopiaerp betopiaerp.addons.base.tests.test_image: Starting TestImage.test_14_image_process_crop ... 
2026-02-09 10:41:34,481 1 INFO betopiaerp betopiaerp.addons.base.tests.test_image: Starting TestImage.test_15_image_process_colorize ... 
2026-02-09 10:41:34,532 1 INFO betopiaerp betopiaerp.addons.base.tests.test_image: Starting TestImage.test_16_image_process_format ... 
2026-02-09 10:41:34,640 1 INFO betopiaerp betopiaerp.addons.base.tests.test_image: Starting TestImage.test_17_get_webp_size ... 
2026-02-09 10:41:34,693 1 INFO betopiaerp betopiaerp.addons.base.tests.test_image: Starting TestImage.test_20_image_data_uri ... 
2026-02-09 10:41:34,744 1 INFO betopiaerp betopiaerp.addons.base.tests.test_image: Starting TestImage.test_21_image_guess_size_from_field_name ... 
2026-02-09 10:41:34,795 1 INFO betopiaerp betopiaerp.addons.base.tests.test_image: Starting TestImage.test_ptype_image_to_jpeg ... 
2026-02-09 10:41:34,848 1 INFO betopiaerp betopiaerp.addons.base.models.ir_attachment: filestore gc 0 checked, 0 removed 
2026-02-09 10:41:34,849 1 INFO betopiaerp betopiaerp.addons.base.tests.test_init: Starting TestInit.test_import ... 
2026-02-09 10:41:34,916 1 INFO betopiaerp betopiaerp.addons.base.tests.test_init:   betopiaerp.betopiaerp._monkeypatches execution time: 0.018s 
2026-02-09 10:41:34,934 1 INFO betopiaerp betopiaerp.addons.base.tests.test_init:   betopiaerp.betopiaerp._monkeypatches execution time: 0.017s 
2026-02-09 10:41:34,952 1 INFO betopiaerp betopiaerp.addons.base.tests.test_init:   betopiaerp.betopiaerp.addons execution time: 0.018s 
2026-02-09 10:41:34,972 1 INFO betopiaerp betopiaerp.addons.base.tests.test_init:   betopiaerp.betopiaerp.addons execution time: 0.019s 
2026-02-09 10:41:34,988 1 INFO betopiaerp betopiaerp.addons.base.tests.test_init:   betopiaerp.betopiaerp.api execution time: 0.016s 
2026-02-09 10:41:35,004 1 INFO betopiaerp betopiaerp.addons.base.tests.test_init:   betopiaerp.betopiaerp.api execution time: 0.016s 
2026-02-09 10:41:35,020 1 INFO betopiaerp betopiaerp.addons.base.tests.test_init:   betopiaerp.betopiaerp.cli execution time: 0.015s 
2026-02-09 10:41:35,036 1 INFO betopiaerp betopiaerp.addons.base.tests.test_init:   betopiaerp.betopiaerp.cli execution time: 0.015s 
2026-02-09 10:41:35,053 1 INFO betopiaerp betopiaerp.addons.base.tests.test_init:   betopiaerp.betopiaerp.exceptions execution time: 0.016s 
2026-02-09 10:41:35,069 1 INFO betopiaerp betopiaerp.addons.base.tests.test_init:   betopiaerp.betopiaerp.exceptions execution time: 0.016s 
2026-02-09 10:41:35,085 1 INFO betopiaerp betopiaerp.addons.base.tests.test_init:   betopiaerp.betopiaerp.fields execution time: 0.016s 
2026-02-09 10:41:35,101 1 INFO betopiaerp betopiaerp.addons.base.tests.test_init:   betopiaerp.betopiaerp.fields execution time: 0.016s 
2026-02-09 10:41:35,117 1 INFO betopiaerp betopiaerp.addons.base.tests.test_init:   betopiaerp.betopiaerp.http execution time: 0.015s 
2026-02-09 10:41:35,133 1 INFO betopiaerp betopiaerp.addons.base.tests.test_init:   betopiaerp.betopiaerp.http execution time: 0.016s 
2026-02-09 10:41:35,149 1 INFO betopiaerp betopiaerp.addons.base.tests.test_init:   betopiaerp.betopiaerp.init execution time: 0.016s 
2026-02-09 10:41:35,165 1 INFO betopiaerp betopiaerp.addons.base.tests.test_init:   betopiaerp.betopiaerp.init execution time: 0.016s 
2026-02-09 10:41:35,182 1 INFO betopiaerp betopiaerp.addons.base.tests.test_init:   betopiaerp.betopiaerp.loglevels execution time: 0.016s 
2026-02-09 10:41:35,198 1 INFO betopiaerp betopiaerp.addons.base.tests.test_init:   betopiaerp.betopiaerp.loglevels execution time: 0.016s 
2026-02-09 10:41:35,214 1 INFO betopiaerp betopiaerp.addons.base.tests.test_init:   betopiaerp.betopiaerp.models execution time: 0.016s 
2026-02-09 10:41:35,231 1 INFO betopiaerp betopiaerp.addons.base.tests.test_init:   betopiaerp.betopiaerp.models execution time: 0.016s 
2026-02-09 10:41:35,247 1 INFO betopiaerp betopiaerp.addons.base.tests.test_init:   betopiaerp.betopiaerp.modules execution time: 0.015s 
2026-02-09 10:41:35,262 1 INFO betopiaerp betopiaerp.addons.base.tests.test_init:   betopiaerp.betopiaerp.modules execution time: 0.016s 
2026-02-09 10:41:35,279 1 INFO betopiaerp betopiaerp.addons.base.tests.test_init:   betopiaerp.betopiaerp.netsvc execution time: 0.016s 
2026-02-09 10:41:35,295 1 INFO betopiaerp betopiaerp.addons.base.tests.test_init:   betopiaerp.betopiaerp.netsvc execution time: 0.016s 
2026-02-09 10:41:35,312 1 INFO betopiaerp betopiaerp.addons.base.tests.test_init:   betopiaerp.betopiaerp.orm execution time: 0.017s 
2026-02-09 10:41:35,328 1 INFO betopiaerp betopiaerp.addons.base.tests.test_init:   betopiaerp.betopiaerp.orm execution time: 0.016s 
2026-02-09 10:41:35,344 1 INFO betopiaerp betopiaerp.addons.base.tests.test_init:   betopiaerp.betopiaerp.osv execution time: 0.016s 
2026-02-09 10:41:35,361 1 INFO betopiaerp betopiaerp.addons.base.tests.test_init:   betopiaerp.betopiaerp.osv execution time: 0.017s 
2026-02-09 10:41:35,377 1 INFO betopiaerp betopiaerp.addons.base.tests.test_init:   betopiaerp.betopiaerp.release execution time: 0.015s 
2026-02-09 10:41:35,392 1 INFO betopiaerp betopiaerp.addons.base.tests.test_init:   betopiaerp.betopiaerp.release execution time: 0.015s 
2026-02-09 10:41:35,409 1 INFO betopiaerp betopiaerp.addons.base.tests.test_init:   betopiaerp.betopiaerp.service execution time: 0.017s 
2026-02-09 10:41:35,425 1 INFO betopiaerp betopiaerp.addons.base.tests.test_init:   betopiaerp.betopiaerp.service execution time: 0.015s 
2026-02-09 10:41:35,441 1 INFO betopiaerp betopiaerp.addons.base.tests.test_init:   betopiaerp.betopiaerp.sql_db execution time: 0.016s 
2026-02-09 10:41:35,460 1 INFO betopiaerp betopiaerp.addons.base.tests.test_init:   betopiaerp.betopiaerp.sql_db execution time: 0.018s 
2026-02-09 10:41:35,482 1 INFO betopiaerp betopiaerp.addons.base.tests.test_init:   betopiaerp.betopiaerp.tests execution time: 0.022s 
2026-02-09 10:41:35,508 1 INFO betopiaerp betopiaerp.addons.base.tests.test_init:   betopiaerp.betopiaerp.tests execution time: 0.025s 
2026-02-09 10:41:35,534 1 INFO betopiaerp betopiaerp.addons.base.tests.test_init:   betopiaerp.betopiaerp.tools execution time: 0.026s 
2026-02-09 10:41:35,555 1 INFO betopiaerp betopiaerp.addons.base.tests.test_init:   betopiaerp.betopiaerp.tools execution time: 0.020s 
2026-02-09 10:41:35,584 1 INFO betopiaerp betopiaerp.addons.base.tests.test_init:   betopiaerp.betopiaerp.upgrade execution time: 0.029s 
2026-02-09 10:41:35,606 1 INFO betopiaerp betopiaerp.addons.base.tests.test_init:   betopiaerp.betopiaerp.upgrade execution time: 0.021s 
2026-02-09 10:41:35,625 1 INFO betopiaerp betopiaerp.addons.base.tests.test_init:   betopiaerp.betopiaerp.upgrade_code execution time: 0.019s 
2026-02-09 10:41:35,644 1 INFO betopiaerp betopiaerp.addons.base.tests.test_init:   betopiaerp.betopiaerp.upgrade_code execution time: 0.019s 
2026-02-09 10:41:36,145 1 INFO betopiaerp betopiaerp.addons.base.tests.test_init:   betopiaerp.cli.cloc execution time: 0.501s 
2026-02-09 10:41:36,638 1 INFO betopiaerp betopiaerp.addons.base.tests.test_init:   betopiaerp.cli.command execution time: 0.492s 
2026-02-09 10:41:37,294 1 INFO betopiaerp betopiaerp.addons.base.tests.test_init:   betopiaerp.cli.db execution time: 0.655s 
2026-02-09 10:41:37,823 1 INFO betopiaerp betopiaerp.addons.base.tests.test_init:   betopiaerp.cli.deploy execution time: 0.528s 
2026-02-09 10:41:38,310 1 INFO betopiaerp betopiaerp.addons.base.tests.test_init:   betopiaerp.cli.help execution time: 0.487s 
2026-02-09 10:41:38,839 1 INFO betopiaerp betopiaerp.addons.base.tests.test_init:   betopiaerp.cli.i18n execution time: 0.529s 
2026-02-09 10:41:39,332 1 INFO betopiaerp betopiaerp.addons.base.tests.test_init:   betopiaerp.cli.module execution time: 0.492s 
2026-02-09 10:41:39,879 1 INFO betopiaerp betopiaerp.addons.base.tests.test_init:   betopiaerp.cli.neutralize execution time: 0.546s 
2026-02-09 10:41:40,431 1 INFO betopiaerp betopiaerp.addons.base.tests.test_init:   betopiaerp.cli.obfuscate execution time: 0.552s 
2026-02-09 10:41:41,035 1 INFO betopiaerp betopiaerp.addons.base.tests.test_init:   betopiaerp.cli.populate execution time: 0.604s 
2026-02-09 10:41:41,543 1 INFO betopiaerp betopiaerp.addons.base.tests.test_init:   betopiaerp.cli.scaffold execution time: 0.507s 
2026-02-09 10:41:42,145 1 INFO betopiaerp betopiaerp.addons.base.tests.test_init:   betopiaerp.cli.server execution time: 0.602s 
2026-02-09 10:41:42,736 1 INFO betopiaerp betopiaerp.addons.base.tests.test_init:   betopiaerp.cli.shell execution time: 0.590s 
2026-02-09 10:41:43,361 1 INFO betopiaerp betopiaerp.addons.base.tests.test_init:   betopiaerp.cli.start execution time: 0.625s 
2026-02-09 10:41:43,875 1 INFO betopiaerp betopiaerp.addons.base.tests.test_init:   betopiaerp.cli.templates execution time: 0.513s 
2026-02-09 10:41:44,392 1 INFO betopiaerp betopiaerp.addons.base.tests.test_init:   betopiaerp.cli.upgrade_code execution time: 0.516s 
2026-02-09 10:41:44,393 1 INFO betopiaerp betopiaerp.addons.base.tests.test_intervals: Starting TestIntervals.test_difference ... 
2026-02-09 10:41:44,395 1 INFO betopiaerp betopiaerp.addons.base.tests.test_intervals: Starting TestIntervals.test_intersection ... 
2026-02-09 10:41:44,396 1 INFO betopiaerp betopiaerp.addons.base.tests.test_intervals: Starting TestIntervals.test_keep_distinct ... 
2026-02-09 10:41:44,396 1 INFO betopiaerp betopiaerp.addons.base.tests.test_intervals: Starting TestIntervals.test_union ... 
2026-02-09 10:41:44,397 1 INFO betopiaerp betopiaerp.addons.base.models.ir_attachment: filestore gc 0 checked, 0 removed 
2026-02-09 10:41:44,398 1 INFO betopiaerp betopiaerp.addons.base.tests.test_intervals: Starting TestUtils.test_intervals_intersections ... 
2026-02-09 10:41:44,399 1 INFO betopiaerp betopiaerp.addons.base.tests.test_intervals: Starting TestUtils.test_intervals_inversion ... 
2026-02-09 10:41:44,400 1 INFO betopiaerp betopiaerp.addons.base.models.ir_attachment: filestore gc 0 checked, 0 removed 
2026-02-09 10:41:44,400 1 INFO betopiaerp betopiaerp.addons.base.tests.test_intervals: Starting TestKeepDistinctIntervals.test_difference ... 
2026-02-09 10:41:44,401 1 INFO betopiaerp betopiaerp.addons.base.tests.test_intervals: Starting TestKeepDistinctIntervals.test_intersection ... 
2026-02-09 10:41:44,402 1 INFO betopiaerp betopiaerp.addons.base.tests.test_intervals: Starting TestKeepDistinctIntervals.test_union ... 
2026-02-09 10:41:44,403 1 INFO betopiaerp betopiaerp.addons.base.models.ir_attachment: filestore gc 0 checked, 0 removed 
2026-02-09 10:41:44,425 1 INFO betopiaerp betopiaerp.addons.base.tests.test_ir_actions: Starting TestServerActions.test_00_action ... 
2026-02-09 10:41:44,444 1 INFO betopiaerp betopiaerp.addons.base.tests.test_ir_actions: Starting TestServerActions.test_00_server_action ... 
2026-02-09 10:41:44,458 1 INFO betopiaerp betopiaerp.addons.base.tests.test_ir_actions: Starting TestServerActions.test_10_code ... 
2026-02-09 10:41:44,472 1 INFO betopiaerp betopiaerp.addons.base.tests.test_ir_actions: Starting TestServerActions.test_20_crud_create ... 
2026-02-09 10:41:44,486 1 INFO betopiaerp betopiaerp.addons.base.tests.test_ir_actions: Starting TestServerActions.test_20_crud_create_link_many2many ... 
2026-02-09 10:41:44,500 1 INFO betopiaerp betopiaerp.addons.base.tests.test_ir_actions: Starting TestServerActions.test_20_crud_create_link_many2one ... 
2026-02-09 10:41:44,516 1 INFO betopiaerp betopiaerp.addons.base.tests.test_ir_actions: Starting TestServerActions.test_20_crud_create_link_one2many ... 
2026-02-09 10:41:44,533 1 INFO betopiaerp betopiaerp.addons.base.tests.test_ir_actions: Starting TestServerActions.test_25_crud_copy ... 
2026-02-09 10:41:44,551 1 INFO betopiaerp betopiaerp.addons.base.tests.test_ir_actions: Starting TestServerActions.test_25_crud_copy_link_many2many ... 
2026-02-09 10:41:44,572 1 INFO betopiaerp betopiaerp.addons.base.tests.test_ir_actions: Starting TestServerActions.test_25_crud_copy_link_many2one ... 
2026-02-09 10:41:44,593 1 INFO betopiaerp betopiaerp.addons.base.tests.test_ir_actions: Starting TestServerActions.test_25_crud_copy_link_one2many ... 
2026-02-09 10:41:44,612 1 INFO betopiaerp betopiaerp.addons.base.tests.test_ir_actions: Starting TestServerActions.test_30_crud_write ... 
2026-02-09 10:41:44,627 1 INFO betopiaerp betopiaerp.addons.base.tests.test_ir_actions: Starting TestServerActions.test_31_crud_write_html ... 
2026-02-09 10:41:44,640 1 INFO betopiaerp betopiaerp.addons.base.tests.test_ir_actions: Starting TestServerActions.test_35_crud_write_selection ... 
2026-02-09 10:41:44,654 1 INFO betopiaerp betopiaerp.addons.base.tests.test_ir_actions: Starting TestServerActions.test_36_crud_write_m2m_ops ... 
2026-02-09 10:41:44,680 1 INFO betopiaerp betopiaerp.addons.base.tests.test_ir_actions: Starting TestServerActions.test_37_field_path_traversal ... 
2026-02-09 10:41:44,698 1 INFO betopiaerp betopiaerp.addons.base.tests.test_ir_actions: Starting TestServerActions.test_39_boolean_update ... 
2026-02-09 10:41:44,712 1 INFO betopiaerp betopiaerp.addons.base.tests.test_ir_actions: Starting TestServerActions.test_40_multi ... 
2026-02-09 10:41:44,737 1 INFO betopiaerp betopiaerp.addons.base.tests.test_ir_actions: Starting TestServerActions.test_50_groups ... 
2026-02-09 10:41:44,771 1 INFO betopiaerp betopiaerp.addons.base.tests.test_ir_actions: Starting TestServerActions.test_60_sort ... 
2026-02-09 10:41:44,790 1 INFO betopiaerp betopiaerp.addons.base.tests.test_ir_actions: Starting TestServerActions.test_70_copy_action ... 
2026-02-09 10:41:44,806 1 INFO betopiaerp betopiaerp.addons.base.tests.test_ir_actions: Starting TestServerActions.test_80_permission ... 
2026-02-09 10:41:44,824 1 INFO betopiaerp betopiaerp.addons.base.tests.test_ir_actions: Starting TestServerActions.test_90_convert_to_float ... 
2026-02-09 10:41:44,836 1 INFO betopiaerp betopiaerp.addons.base.tests.test_ir_actions: Starting TestServerActions.test_90_webhook ... 
2026-02-09 10:41:44,849 1 INFO betopiaerp betopiaerp.addons.base.tests.test_ir_actions: Starting TestServerActions.test_object_write_equation ... 
2026-02-09 10:41:44,866 1 INFO betopiaerp betopiaerp.addons.base.models.ir_attachment: filestore gc 1 checked, 1 removed 
2026-02-09 10:41:44,867 1 INFO betopiaerp betopiaerp.addons.base.tests.test_ir_actions: Starting TestCustomFields.test_create_binary ... 
2026-02-09 10:41:44,911 1 INFO betopiaerp betopiaerp.addons.base.tests.test_ir_actions: Starting TestCustomFields.test_create_custom ... 
2026-02-09 10:41:44,914 1 INFO betopiaerp betopiaerp.addons.base.tests.test_ir_actions: Starting TestCustomFields.test_create_unique ... 
2026-02-09 10:41:44,963 1 INFO betopiaerp betopiaerp.addons.base.tests.test_ir_actions: Starting TestCustomFields.test_create_valid ... 
2026-02-09 10:41:44,973 1 INFO betopiaerp betopiaerp.addons.base.tests.test_ir_actions: Starting TestCustomFields.test_related_field ... 
2026-02-09 10:41:45,083 1 INFO betopiaerp betopiaerp.addons.base.tests.test_ir_actions: Starting TestCustomFields.test_relation_of_a_custom_field ... 
2026-02-09 10:41:45,141 1 INFO betopiaerp betopiaerp.addons.base.tests.test_ir_actions: Starting TestCustomFields.test_remove_with_view ... 
2026-02-09 10:41:45,208 1 INFO betopiaerp betopiaerp.addons.base.tests.test_ir_actions: Starting TestCustomFields.test_remove_without_view ... 
2026-02-09 10:41:45,261 1 INFO betopiaerp betopiaerp.models.unlink: User #1 deleted ir.model.fields records with IDs: [2543, 2545] 
2026-02-09 10:41:45,297 1 INFO betopiaerp betopiaerp.addons.base.tests.test_ir_actions: Starting TestCustomFields.test_rename_custom ... 
2026-02-09 10:41:45,369 1 INFO betopiaerp betopiaerp.models.unlink: User #1 deleted ir.model.fields records with IDs: [2548] 
2026-02-09 10:41:45,385 1 INFO betopiaerp betopiaerp.addons.base.tests.test_ir_actions: Starting TestCustomFields.test_rename_unique ... 
2026-02-09 10:41:45,498 1 INFO betopiaerp betopiaerp.models.unlink: User #1 deleted ir.model.fields records with IDs: [2554] 
2026-02-09 10:41:45,525 1 INFO betopiaerp betopiaerp.addons.base.tests.test_ir_actions: Starting TestCustomFields.test_rename_valid ... 
2026-02-09 10:41:45,619 1 INFO betopiaerp betopiaerp.models.unlink: User #1 deleted ir.model.fields records with IDs: [2557] 
2026-02-09 10:41:45,638 1 INFO betopiaerp betopiaerp.addons.base.tests.test_ir_actions: Starting TestCustomFields.test_rename_with_view ... 
2026-02-09 10:41:45,715 1 INFO betopiaerp betopiaerp.addons.base.tests.test_ir_actions: Starting TestCustomFields.test_rename_without_view ... 
2026-02-09 10:41:45,783 1 INFO betopiaerp betopiaerp.models.unlink: User #1 deleted ir.model.fields records with IDs: [2563] 
2026-02-09 10:41:45,823 1 INFO betopiaerp betopiaerp.addons.base.tests.test_ir_actions: Starting TestCustomFields.test_selection ... 
2026-02-09 10:41:45,874 1 INFO betopiaerp betopiaerp.models.unlink: User #1 deleted ir.model.fields.selection records with IDs: [883] 
2026-02-09 10:41:45,902 1 INFO betopiaerp betopiaerp.addons.base.tests.test_ir_actions: Starting TestCustomFields.test_unlink_base ... 
2026-02-09 10:41:45,918 1 INFO betopiaerp betopiaerp.models.unlink: User #1 deleted ir.model.data records with IDs: [1844, 2138] 
2026-02-09 10:41:45,918 1 INFO betopiaerp betopiaerp.models.unlink: User #1 deleted ir.model.fields records with IDs: [1013, 1307] 
2026-02-09 10:41:45,933 1 INFO betopiaerp betopiaerp.addons.base.tests.test_ir_actions: Starting TestCustomFields.test_unlink_inherited_custom ... 
2026-02-09 10:41:45,985 1 INFO betopiaerp betopiaerp.models.unlink: User #1 deleted ir.model.fields records with IDs: [2568, 2570] 
2026-02-09 10:41:46,022 1 INFO betopiaerp betopiaerp.addons.base.tests.test_ir_actions: Starting TestCustomFields.test_unlink_with_dependant ... 
2026-02-09 10:41:46,082 1 INFO betopiaerp betopiaerp.models.unlink: User #1 deleted ir.model.fields records with IDs: [2571, 2573, 2574] 
2026-02-09 10:41:46,097 1 INFO betopiaerp betopiaerp.addons.base.tests.test_ir_actions: Starting TestCustomFields.test_unlink_with_inverse ... 
2026-02-09 10:41:46,163 1 INFO betopiaerp betopiaerp.models.unlink: User #1 deleted ir.model.fields records with IDs: [2576, 2580, 2578] 
2026-02-09 10:41:46,179 1 INFO betopiaerp betopiaerp.addons.base.models.ir_attachment: filestore gc 0 checked, 0 removed 
2026-02-09 10:41:46,210 1 INFO betopiaerp betopiaerp.addons.base.tests.test_ir_attachment: Starting TestIrAttachment.test_01_store_in_db ... 
2026-02-09 10:41:46,218 1 INFO betopiaerp betopiaerp.addons.base.tests.test_ir_attachment: Starting TestIrAttachment.test_02_store_on_disk ... 
2026-02-09 10:41:46,221 1 INFO betopiaerp betopiaerp.addons.base.tests.test_ir_attachment: Starting TestIrAttachment.test_03_no_duplication ... 
2026-02-09 10:41:46,224 1 INFO betopiaerp betopiaerp.addons.base.tests.test_ir_attachment: Starting TestIrAttachment.test_04_keep_file ... 
2026-02-09 10:41:46,230 1 INFO betopiaerp betopiaerp.models.unlink: User #1 deleted ir.attachment records with IDs: [3674] 
2026-02-09 10:41:46,230 1 INFO betopiaerp betopiaerp.addons.base.tests.test_ir_attachment: Starting TestIrAttachment.test_05_change_data_change_file ... 
2026-02-09 10:41:46,234 1 INFO betopiaerp betopiaerp.addons.base.tests.test_ir_attachment: Starting TestIrAttachment.test_07_write_mimetype ... 
2026-02-09 10:41:46,237 1 INFO betopiaerp betopiaerp.addons.base.models.ir_attachment: Post processing ignored : This file could not be decoded as an image file. 
2026-02-09 10:41:46,245 1 INFO betopiaerp betopiaerp.addons.base.tests.test_ir_attachment: Starting TestIrAttachment.test_08_neuter_xml_mimetype ... 
2026-02-09 10:41:46,253 1 INFO betopiaerp betopiaerp.addons.base.tests.test_ir_attachment: Starting TestIrAttachment.test_09_dont_neuter_xml_mimetype_for_admin ... 
2026-02-09 10:41:46,256 1 INFO betopiaerp betopiaerp.addons.base.tests.test_ir_attachment: Starting TestIrAttachment.test_10_image_autoresize ... 
2026-02-09 10:41:46,605 1 INFO betopiaerp betopiaerp.models.unlink: User #1 deleted ir.config_parameter records with IDs: [219, 220] 
2026-02-09 10:41:46,980 1 INFO betopiaerp betopiaerp.addons.base.tests.test_ir_attachment: Starting TestIrAttachment.test_11_copy ... 
2026-02-09 10:41:46,986 1 INFO betopiaerp betopiaerp.addons.base.tests.test_ir_attachment: Starting TestIrAttachment.test_12_gc ... 
2026-02-09 10:41:46,990 1 INFO betopiaerp betopiaerp.models.unlink: User #1 deleted ir.attachment records with IDs: [3686] 
2026-02-09 10:41:46,991 1 INFO betopiaerp betopiaerp.addons.base.models.ir_attachment: filestore gc 10 checked, 9 removed 
2026-02-09 10:41:46,992 1 INFO betopiaerp betopiaerp.addons.base.tests.test_ir_attachment: Starting TestIrAttachment.test_13_rollback ... 
2026-02-09 10:41:46,996 1 INFO betopiaerp betopiaerp.addons.base.models.ir_attachment: filestore gc 1 checked, 1 removed 
2026-02-09 10:41:46,996 1 INFO betopiaerp betopiaerp.addons.base.tests.test_ir_attachment: Starting TestIrAttachment.test_14_invalid_mimetype_with_correct_file_extension_no_post_processing ... 
2026-02-09 10:41:46,997 1 INFO betopiaerp betopiaerp.addons.base.models.ir_attachment: Post processing ignored : Empty source, SVG, or WEBP 
2026-02-09 10:41:46,999 1 INFO betopiaerp betopiaerp.addons.base.tests.test_ir_attachment: Starting TestIrAttachment.test_15_read_bin_size_doesnt_read_datas ... 
2026-02-09 10:41:47,003 1 INFO betopiaerp betopiaerp.addons.base.models.ir_attachment: filestore gc 1 checked, 1 removed 
2026-02-09 10:41:47,034 1 INFO betopiaerp betopiaerp.addons.base.tests.test_ir_attachment: Starting TestPermissions.test_basic_modifications ... 
2026-02-09 10:41:47,061 1 INFO betopiaerp betopiaerp.addons.base.tests.test_ir_attachment: Starting TestPermissions.test_cross_record_copies ... 
2026-02-09 10:41:47,075 1 INFO betopiaerp betopiaerp.addons.base.models.ir_model: Access Denied by ACLs for operation: write, uid: 734, model: res.users.apikeys.description 
2026-02-09 10:41:47,101 1 INFO betopiaerp betopiaerp.addons.base.tests.test_ir_attachment: Starting TestPermissions.test_field_read_permission ... 
2026-02-09 10:41:47,132 1 INFO betopiaerp betopiaerp.addons.base.tests.test_ir_attachment: Starting TestPermissions.test_read_permission ... 
2026-02-09 10:41:47,147 1 INFO betopiaerp betopiaerp.addons.base.models.ir_rule: Access Denied by record rules for operation: read on record ids: [3704], uid: 734, model: ir.attachment 
2026-02-09 10:41:47,151 1 INFO betopiaerp betopiaerp.addons.base.models.ir_rule: Access Denied by record rules for operation: read on record ids: [3704], uid: 734, model: ir.attachment 
2026-02-09 10:41:47,154 1 INFO betopiaerp betopiaerp.addons.base.models.ir_rule: Access Denied by record rules for operation: read on record ids: [3704], uid: 734, model: ir.attachment 
2026-02-09 10:41:47,156 1 INFO betopiaerp betopiaerp.addons.base.models.ir_rule: Access Denied by record rules for operation: read on record ids: [3704], uid: 734, model: ir.attachment 
2026-02-09 10:41:47,161 1 INFO betopiaerp betopiaerp.addons.base.models.ir_rule: Access Denied by record rules for operation: read on record ids: [3704], uid: 734, model: ir.attachment 
2026-02-09 10:41:47,165 1 INFO betopiaerp betopiaerp.addons.base.models.ir_rule: Access Denied by record rules for operation: read on record ids: [3704], uid: 734, model: ir.attachment 
2026-02-09 10:41:47,167 1 INFO betopiaerp betopiaerp.addons.base.models.ir_rule: Access Denied by record rules for operation: read on record ids: [3704], uid: 734, model: ir.attachment 
2026-02-09 10:41:47,169 1 INFO betopiaerp betopiaerp.addons.base.models.ir_rule: Access Denied by record rules for operation: read on record ids: [3704], uid: 734, model: ir.attachment 
2026-02-09 10:41:47,175 1 INFO betopiaerp betopiaerp.addons.base.models.ir_rule: Access Denied by record rules for operation: read on record ids: [3706], uid: 734, model: ir.attachment 
2026-02-09 10:41:47,180 1 INFO betopiaerp betopiaerp.addons.base.models.ir_rule: Access Denied by record rules for operation: read on record ids: [3706], uid: 734, model: ir.attachment 
2026-02-09 10:41:47,181 1 INFO betopiaerp betopiaerp.addons.base.models.ir_rule: Access Denied by record rules for operation: read on record ids: [3706], uid: 734, model: ir.attachment 
2026-02-09 10:41:47,183 1 INFO betopiaerp betopiaerp.addons.base.models.ir_rule: Access Denied by record rules for operation: read on record ids: [3706], uid: 734, model: ir.attachment 
2026-02-09 10:41:47,189 1 INFO betopiaerp betopiaerp.addons.base.tests.test_ir_attachment: Starting TestPermissions.test_with_write_permissions ... 
2026-02-09 10:41:47,205 1 INFO betopiaerp betopiaerp.models.unlink: User #734 deleted ir.attachment records with IDs: [3709] 
2026-02-09 10:41:47,206 1 INFO betopiaerp betopiaerp.addons.base.tests.test_ir_attachment: Starting TestPermissions.test_write_create_url_binary_attachment ... 
2026-02-09 10:41:47,222 1 INFO betopiaerp betopiaerp.addons.base.tests.test_ir_attachment: Starting TestPermissions.test_write_error ... 
2026-02-09 10:41:47,232 1 INFO betopiaerp betopiaerp.addons.base.models.ir_attachment: _file_write writing /proc/dummy_test 
2026-02-09 10:41:47,234 1 INFO betopiaerp betopiaerp.addons.base.models.ir_attachment: filestore gc 3 checked, 3 removed 
2026-02-09 10:41:47,235 1 INFO betopiaerp betopiaerp.addons.base.tests.test_ir_cron: Starting TestIrCron.test_acquire_processed_job ... 
2026-02-09 10:41:47,235 1 INFO betopiaerp betopiaerp.addons.base.tests.test_ir_cron: Starting TestIrCron.test_cron_commit_progress ... 
2026-02-09 10:41:47,235 1 INFO betopiaerp betopiaerp.addons.base.tests.test_ir_cron: Starting TestIrCron.test_cron_deactivate ... 
2026-02-09 10:41:47,235 1 INFO betopiaerp betopiaerp.addons.base.models.ir_cron: Job 'Dummy cron for TestIrCron AJEVTJFswnE' (47) starting 
2026-02-09 10:41:47,235 1 INFO betopiaerp betopiaerp.tests.common: Skipping signal changes during tests 
2026-02-09 10:41:47,235 1 INFO betopiaerp betopiaerp.addons.base.models.ir_cron: Job 'Dummy cron for TestIrCron AJEVTJFswnE' (47) fully done (#loop 1; done 1; remaining 0; duration 0.00s) 
2026-02-09 10:41:47,235 1 INFO betopiaerp betopiaerp.addons.base.tests.test_ir_cron: Starting TestIrCron.test_cron_direct_trigger ... 
2026-02-09 10:41:47,235 1 INFO betopiaerp betopiaerp.addons.base.models.ir_cron: Job 'Dummy cron for TestIrCron qcBU09O5Nvs' (47) starting 
2026-02-09 10:41:47,235 1 INFO betopiaerp betopiaerp.tests.common: Skipping signal changes during tests 
2026-02-09 10:41:47,235 1 INFO betopiaerp betopiaerp.addons.base.models.ir_cron: Job 'Dummy cron for TestIrCron qcBU09O5Nvs' (47) fully done (#loop 1; done 0; remaining 0; duration 0.00s) 
2026-02-09 10:41:47,235 1 INFO betopiaerp betopiaerp.addons.base.tests.test_ir_cron: Starting TestIrCron.test_cron_direct_trigger_exception ... 
2026-02-09 10:41:47,235 1 INFO betopiaerp betopiaerp.addons.base.tests.test_ir_cron: Starting TestIrCron.test_cron_failed_increase ... 
2026-02-09 10:41:47,235 1 INFO betopiaerp betopiaerp.addons.base.tests.test_ir_cron: Starting TestIrCron.test_cron_keep_future_triggers ... 
2026-02-09 10:41:47,235 1 INFO betopiaerp betopiaerp.addons.base.tests.test_ir_cron: Starting TestIrCron.test_cron_no_job_ready ... 
2026-02-09 10:41:47,235 1 INFO betopiaerp betopiaerp.addons.base.tests.test_ir_cron: Starting TestIrCron.test_cron_process_job ... 
2026-02-09 10:41:47,235 1 INFO betopiaerp betopiaerp.tests.common: Skipping signal changes during tests 
2026-02-09 10:41:47,235 1 INFO betopiaerp betopiaerp.tests.common: Skipping signal changes during tests 
2026-02-09 10:41:48,235 1 INFO betopiaerp betopiaerp.tests.common: Skipping signal changes during tests 
2026-02-09 10:41:49,235 1 INFO betopiaerp betopiaerp.tests.common: Skipping signal changes during tests 
2026-02-09 10:41:50,235 1 INFO betopiaerp betopiaerp.tests.common: Skipping signal changes during tests 
2026-02-09 10:41:51,235 1 INFO betopiaerp betopiaerp.tests.common: Skipping signal changes during tests 
2026-02-09 10:41:52,235 1 INFO betopiaerp betopiaerp.tests.common: Skipping signal changes during tests 
2026-02-09 10:41:53,235 1 INFO betopiaerp betopiaerp.tests.common: Skipping signal changes during tests 
2026-02-09 10:41:54,235 1 INFO betopiaerp betopiaerp.tests.common: Skipping signal changes during tests 
2026-02-09 10:41:55,235 1 INFO betopiaerp betopiaerp.tests.common: Skipping signal changes during tests 
2026-02-09 10:41:56,235 1 INFO betopiaerp betopiaerp.tests.common: Skipping signal changes during tests 
2026-02-09 10:41:57,235 1 INFO betopiaerp betopiaerp.tests.common: Skipping signal changes during tests 
2026-02-09 10:41:58,235 1 INFO betopiaerp betopiaerp.tests.common: Skipping signal changes during tests 
2026-02-09 10:41:59,235 1 INFO betopiaerp betopiaerp.tests.common: Skipping signal changes during tests 
2026-02-09 10:42:00,235 1 INFO betopiaerp betopiaerp.tests.common: Skipping signal changes during tests 
2026-02-09 10:42:01,235 1 INFO betopiaerp betopiaerp.tests.common: Skipping signal changes during tests 
2026-02-09 10:42:02,235 1 INFO betopiaerp betopiaerp.tests.common: Skipping signal changes during tests 
2026-02-09 10:42:03,235 1 INFO betopiaerp betopiaerp.tests.common: Skipping signal changes during tests 
2026-02-09 10:42:04,235 1 INFO betopiaerp betopiaerp.tests.common: Skipping signal changes during tests 
2026-02-09 10:42:05,235 1 INFO betopiaerp betopiaerp.tests.common: Skipping signal changes during tests 
2026-02-09 10:42:06,235 1 INFO betopiaerp betopiaerp.tests.common: Skipping signal changes during tests 
2026-02-09 10:42:07,235 1 INFO betopiaerp betopiaerp.tests.common: Skipping signal changes during tests 
2026-02-09 10:42:07,235 1 INFO betopiaerp betopiaerp.tests.common: Skipping signal changes during tests 
2026-02-09 10:42:07,235 1 INFO betopiaerp betopiaerp.tests.common: Skipping signal changes during tests 
2026-02-09 10:42:07,235 1 INFO betopiaerp betopiaerp.tests.common: Skipping signal changes during tests 
2026-02-09 10:42:07,235 1 INFO betopiaerp betopiaerp.tests.common: Skipping signal changes during tests 
2026-02-09 10:42:07,235 1 INFO betopiaerp betopiaerp.tests.common: Skipping signal changes during tests 
2026-02-09 10:42:07,235 1 INFO betopiaerp betopiaerp.tests.common: Skipping signal changes during tests 
2026-02-09 10:42:07,235 1 INFO betopiaerp betopiaerp.tests.common: Skipping signal changes during tests 
2026-02-09 10:42:07,235 1 INFO betopiaerp betopiaerp.tests.common: Skipping signal changes during tests 
2026-02-09 10:42:07,235 1 INFO betopiaerp betopiaerp.tests.common: Skipping signal changes during tests 
2026-02-09 10:42:07,235 1 INFO betopiaerp betopiaerp.tests.common: Skipping signal changes during tests 
2026-02-09 10:42:17,235 1 INFO betopiaerp betopiaerp.tests.common: Skipping signal changes during tests 
2026-02-09 10:42:17,235 1 INFO betopiaerp betopiaerp.tests.common: Skipping signal changes during tests 
2026-02-09 10:42:17,235 1 INFO betopiaerp betopiaerp.addons.base.tests.test_ir_cron: Starting TestIrCron.test_cron_process_jobs_locked ... 
2026-02-09 10:42:17,235 1 INFO betopiaerp betopiaerp.addons.base.tests.test_ir_cron: Starting TestIrCron.test_cron_process_jobs_simple ... 
2026-02-09 10:42:17,235 1 INFO betopiaerp betopiaerp.addons.base.tests.test_ir_cron: Starting TestIrCron.test_cron_process_jobs_status_failed ... 
2026-02-09 10:42:17,235 1 INFO betopiaerp betopiaerp.addons.base.tests.test_ir_cron: Starting TestIrCron.test_cron_process_jobs_status_partial ... 
2026-02-09 10:42:17,235 1 INFO betopiaerp betopiaerp.addons.base.tests.test_ir_cron: Starting TestIrCron.test_cron_ready_by_nextcall ... 
2026-02-09 10:42:17,235 1 INFO betopiaerp betopiaerp.addons.base.tests.test_ir_cron: Starting TestIrCron.test_cron_ready_by_trigger ... 
2026-02-09 10:42:17,235 1 INFO betopiaerp betopiaerp.addons.base.tests.test_ir_cron: Starting TestIrCron.test_cron_ready_jobs_order ... 
2026-02-09 10:42:17,235 1 INFO betopiaerp betopiaerp.addons.base.tests.test_ir_cron: Starting TestIrCron.test_cron_retrigger ... 
2026-02-09 10:42:17,235 1 INFO betopiaerp betopiaerp.addons.base.models.ir_cron: Job 'Dummy cron for TestIrCron iG8OGpYJPgY' (47) starting 
2026-02-09 10:42:19,235 1 INFO betopiaerp betopiaerp.tests.common: Skipping signal changes during tests 
2026-02-09 10:42:21,235 1 INFO betopiaerp betopiaerp.tests.common: Skipping signal changes during tests 
2026-02-09 10:42:23,235 1 INFO betopiaerp betopiaerp.tests.common: Skipping signal changes during tests 
2026-02-09 10:42:25,235 1 INFO betopiaerp betopiaerp.tests.common: Skipping signal changes during tests 
2026-02-09 10:42:27,235 1 INFO betopiaerp betopiaerp.tests.common: Skipping signal changes during tests 
2026-02-09 10:42:29,235 1 INFO betopiaerp betopiaerp.tests.common: Skipping signal changes during tests 
2026-02-09 10:42:31,235 1 INFO betopiaerp betopiaerp.tests.common: Skipping signal changes during tests 
2026-02-09 10:42:33,235 1 INFO betopiaerp betopiaerp.tests.common: Skipping signal changes during tests 
2026-02-09 10:42:35,235 1 INFO betopiaerp betopiaerp.tests.common: Skipping signal changes during tests 
2026-02-09 10:42:37,235 1 INFO betopiaerp betopiaerp.tests.common: Skipping signal changes during tests 
2026-02-09 10:42:37,235 1 INFO betopiaerp betopiaerp.addons.base.models.ir_cron: Job 'Dummy cron for TestIrCron iG8OGpYJPgY' (47) partially done (#loop 10; done 1; remaining 21; duration 20.00s) 
2026-02-09 10:42:37,235 1 INFO betopiaerp betopiaerp.addons.base.models.ir_cron: Job 'Dummy cron for TestIrCron iG8OGpYJPgY' (47) starting 
2026-02-09 10:42:37,735 1 INFO betopiaerp betopiaerp.tests.common: Skipping signal changes during tests 
2026-02-09 10:42:38,235 1 INFO betopiaerp betopiaerp.tests.common: Skipping signal changes during tests 
2026-02-09 10:42:38,735 1 INFO betopiaerp betopiaerp.tests.common: Skipping signal changes during tests 
2026-02-09 10:42:39,235 1 INFO betopiaerp betopiaerp.tests.common: Skipping signal changes during tests 
2026-02-09 10:42:39,735 1 INFO betopiaerp betopiaerp.tests.common: Skipping signal changes during tests 
2026-02-09 10:42:40,235 1 INFO betopiaerp betopiaerp.tests.common: Skipping signal changes during tests 
2026-02-09 10:42:40,735 1 INFO betopiaerp betopiaerp.tests.common: Skipping signal changes during tests 
2026-02-09 10:42:41,235 1 INFO betopiaerp betopiaerp.tests.common: Skipping signal changes during tests 
2026-02-09 10:42:41,735 1 INFO betopiaerp betopiaerp.tests.common: Skipping signal changes during tests 
2026-02-09 10:42:42,235 1 INFO betopiaerp betopiaerp.tests.common: Skipping signal changes during tests 
2026-02-09 10:42:42,735 1 INFO betopiaerp betopiaerp.tests.common: Skipping signal changes during tests 
2026-02-09 10:42:43,235 1 INFO betopiaerp betopiaerp.tests.common: Skipping signal changes during tests 
2026-02-09 10:42:43,735 1 INFO betopiaerp betopiaerp.tests.common: Skipping signal changes during tests 
2026-02-09 10:42:44,235 1 INFO betopiaerp betopiaerp.tests.common: Skipping signal changes during tests 
2026-02-09 10:42:44,735 1 INFO betopiaerp betopiaerp.tests.common: Skipping signal changes during tests 
2026-02-09 10:42:45,235 1 INFO betopiaerp betopiaerp.tests.common: Skipping signal changes during tests 
2026-02-09 10:42:45,735 1 INFO betopiaerp betopiaerp.tests.common: Skipping signal changes during tests 
2026-02-09 10:42:46,235 1 INFO betopiaerp betopiaerp.tests.common: Skipping signal changes during tests 
2026-02-09 10:42:46,735 1 INFO betopiaerp betopiaerp.tests.common: Skipping signal changes during tests 
2026-02-09 10:42:47,235 1 INFO betopiaerp betopiaerp.tests.common: Skipping signal changes during tests 
2026-02-09 10:42:47,235 1 INFO betopiaerp betopiaerp.addons.base.models.ir_cron: Job 'Dummy cron for TestIrCron iG8OGpYJPgY' (47) partially done (#loop 20; done 1; remaining 1; duration 10.00s) 
2026-02-09 10:42:47,235 1 INFO betopiaerp betopiaerp.addons.base.models.ir_cron: Job 'Dummy cron for TestIrCron iG8OGpYJPgY' (47) starting 
2026-02-09 10:42:47,735 1 INFO betopiaerp betopiaerp.tests.common: Skipping signal changes during tests 
2026-02-09 10:42:47,735 1 INFO betopiaerp betopiaerp.addons.base.models.ir_cron: Job 'Dummy cron for TestIrCron iG8OGpYJPgY' (47) fully done (#loop 1; done 1; remaining 0; duration 0.50s) 
2026-02-09 10:42:47,735 1 INFO betopiaerp betopiaerp.addons.base.tests.test_ir_cron: Starting TestIrCron.test_cron_skip_unactive_triggers ... 
2026-02-09 10:42:47,735 1 INFO betopiaerp betopiaerp.addons.base.tests.test_ir_cron: Starting TestIrCron.test_cron_timeout_failure ... 
2026-02-09 10:42:47,735 1 INFO betopiaerp betopiaerp.addons.base.models.ir_cron: Job 'Dummy cron for TestIrCron tdb7ki_lvxo' (47) starting 
2026-02-09 10:42:47,735 1 INFO betopiaerp betopiaerp.tests.common: Skipping signal changes during tests 
2026-02-09 10:42:47,735 1 INFO betopiaerp betopiaerp.addons.base.models.ir_cron: Job 'Dummy cron for TestIrCron tdb7ki_lvxo' (47) fully done (#loop 1; done 0; remaining 0; duration 0.00s) 
2026-02-09 10:42:47,735 1 INFO betopiaerp betopiaerp.addons.base.tests.test_ir_cron: Starting TestIrCron.test_cron_timeout_success ... 
2026-02-09 10:42:47,735 1 INFO betopiaerp betopiaerp.addons.base.models.ir_cron: Job 'Dummy cron for TestIrCron ZUvuIaEZ6a4' (47) starting 
2026-02-09 10:42:47,735 1 INFO betopiaerp betopiaerp.tests.common: Skipping signal changes during tests 
2026-02-09 10:42:47,735 1 INFO betopiaerp betopiaerp.addons.base.models.ir_cron: Job 'Dummy cron for TestIrCron ZUvuIaEZ6a4' (47) fully done (#loop 1; done 0; remaining 0; duration 0.00s) 
2026-02-09 10:42:47,735 1 INFO betopiaerp betopiaerp.addons.base.tests.test_ir_cron: Starting TestIrCron.test_cron_unactive_never_ready ... 
2026-02-09 10:41:48,077 1 INFO betopiaerp betopiaerp.addons.base.models.ir_attachment: filestore gc 0 checked, 0 removed 
2026-02-09 10:41:48,078 1 INFO betopiaerp betopiaerp.addons.base.tests.test_ir_cron: Starting TestIrCronUser.test_cron_archived_admin_user ... 
2026-02-09 10:41:48,154 1 INFO betopiaerp betopiaerp.addons.base.models.ir_attachment: filestore gc 1 checked, 1 removed 
2026-02-09 10:41:48,155 1 INFO betopiaerp betopiaerp.addons.base.tests.test_ir_default: Starting TestIrDefault.test_conditions ... 
2026-02-09 10:41:48,157 1 INFO betopiaerp betopiaerp.models.unlink: User #1 deleted ir.default records with IDs: [1] 
2026-02-09 10:41:48,162 1 INFO betopiaerp betopiaerp.models.unlink: User #1 deleted ir.default records with IDs: [45] 
2026-02-09 10:41:48,167 1 INFO betopiaerp betopiaerp.addons.base.tests.test_ir_default: Starting TestIrDefault.test_defaults ... 
2026-02-09 10:41:48,252 1 INFO betopiaerp betopiaerp.models.unlink: User #1 deleted ir.default records with IDs: [1] 
2026-02-09 10:41:48,268 1 INFO betopiaerp betopiaerp.addons.base.tests.test_ir_default: Starting TestIrDefault.test_invalid ... 
2026-02-09 10:41:48,271 1 INFO betopiaerp betopiaerp.addons.base.tests.test_ir_default: Starting TestIrDefault.test_json_format_invalid ... 
2026-02-09 10:41:48,276 1 INFO betopiaerp betopiaerp.addons.base.tests.test_ir_default: Starting TestIrDefault.test_multi_company_defaults ... 
2026-02-09 10:41:48,420 1 INFO betopiaerp betopiaerp.addons.base.tests.test_ir_default: Starting TestIrDefault.test_removal ... 
2026-02-09 10:41:48,422 1 INFO betopiaerp betopiaerp.models.unlink: User #1 deleted ir.default records with IDs: [1] 
2026-02-09 10:41:48,430 1 INFO betopiaerp betopiaerp.models.unlink: User #1 deleted ir.default records with IDs: [54] 
2026-02-09 10:41:48,431 1 INFO betopiaerp betopiaerp.models.unlink: User #1 deleted res.country records with IDs: [442] 
2026-02-09 10:41:48,433 1 INFO betopiaerp betopiaerp.addons.base.models.ir_attachment: filestore gc 2 checked, 2 removed 
2026-02-09 10:41:48,463 1 INFO betopiaerp betopiaerp.addons.base.tests.test_ir_embedded_actions: Starting TestEmbeddedActionsBase.test_can_delete_custom_embedded_action ... 
2026-02-09 10:41:48,470 1 INFO betopiaerp betopiaerp.models.unlink: User #1 deleted ir.embedded.actions records with IDs: [51] 
2026-02-09 10:41:48,471 1 INFO betopiaerp betopiaerp.addons.base.tests.test_ir_embedded_actions: Starting TestEmbeddedActionsBase.test_cannot_delete_default_embedded_action ... 
2026-02-09 10:41:48,472 1 INFO betopiaerp betopiaerp.addons.base.tests.test_ir_embedded_actions: Starting TestEmbeddedActionsBase.test_create_embedded_action_with_action_and_python_method ... 
2026-02-09 10:41:48,473 1 INFO betopiaerp betopiaerp.addons.base.tests.test_ir_embedded_actions: Starting TestEmbeddedActionsBase.test_domain_on_embedded_action ... 
2026-02-09 10:41:48,481 1 INFO betopiaerp betopiaerp.addons.base.tests.test_ir_embedded_actions: Starting TestEmbeddedActionsBase.test_groups_on_embedded_action ... 
2026-02-09 10:41:48,504 1 INFO betopiaerp betopiaerp.addons.base.tests.test_ir_embedded_actions: Starting TestEmbeddedActionsBase.test_parent_has_embedded_actions ... 
2026-02-09 10:41:48,511 1 INFO betopiaerp betopiaerp.addons.base.models.ir_attachment: filestore gc 1 checked, 1 removed 
2026-02-09 10:41:48,539 1 INFO betopiaerp betopiaerp.addons.base.tests.test_ir_filters: Starting TestGetFilters.test_global_filters ... 
2026-02-09 10:41:48,556 1 INFO betopiaerp betopiaerp.addons.base.tests.test_ir_filters: Starting TestGetFilters.test_no_third_party_filters ... 
2026-02-09 10:41:48,574 1 INFO betopiaerp betopiaerp.addons.base.tests.test_ir_filters: Starting TestGetFilters.test_own_filters ... 
2026-02-09 10:41:48,588 1 INFO betopiaerp betopiaerp.addons.base.models.ir_attachment: filestore gc 1 checked, 1 removed 
2026-02-09 10:41:48,612 1 INFO betopiaerp betopiaerp.addons.base.tests.test_ir_filters: Starting TestEmbeddedFilters.test_global_filters_with_embedded_action ... 
2026-02-09 10:41:48,635 1 INFO betopiaerp betopiaerp.addons.base.tests.test_ir_filters: Starting TestEmbeddedFilters.test_global_filters_with_no_embedded_action ... 
2026-02-09 10:41:48,647 1 INFO betopiaerp betopiaerp.addons.base.models.ir_attachment: filestore gc 1 checked, 1 removed 
2026-02-09 10:41:48,648 1 INFO betopiaerp betopiaerp.addons.base.tests.test_ir_mail_server: Starting EmailConfigCase.test_default_email_from ... 
2026-02-09 10:41:48,651 1 INFO betopiaerp betopiaerp.addons.base.models.ir_attachment: filestore gc 0 checked, 0 removed 
2026-02-09 10:41:48,654 1 INFO betopiaerp betopiaerp.addons.base.tests.test_ir_mail_server: Starting TestIrMailServer.test_assert_base_values ... 
2026-02-09 10:41:48,655 1 INFO betopiaerp betopiaerp.addons.base.tests.test_ir_mail_server: Starting TestIrMailServer.test_bpo_34424_35805 ... 
2026-02-09 10:41:48,656 1 INFO betopiaerp betopiaerp.addons.base.tests.test_ir_mail_server: Starting TestIrMailServer.test_content_alternative_correct_order ... 
2026-02-09 10:41:48,661 1 INFO betopiaerp betopiaerp.addons.base.tests.test_ir_mail_server: Starting TestIrMailServer.test_content_mail_body ... 
2026-02-09 10:41:48,667 1 INFO betopiaerp betopiaerp.addons.base.tests.test_ir_mail_server: Starting TestIrMailServer.test_eml_attachment_encoding ... 
2026-02-09 10:41:48,669 1 INFO betopiaerp betopiaerp.addons.base.tests.test_ir_mail_server: Starting TestIrMailServer.test_eml_message_serialization_with_non_ascii ... 
2026-02-09 10:41:48,671 1 INFO betopiaerp betopiaerp.addons.base.tests.test_ir_mail_server: Starting TestIrMailServer.test_mail_server_auth_cert_requires_tls ... 
2026-02-09 10:41:48,673 1 INFO betopiaerp betopiaerp.addons.base.tests.test_ir_mail_server: Starting TestIrMailServer.test_mail_server_config_bin ... 
2026-02-09 10:41:48,701 1 INFO betopiaerp betopiaerp.addons.base.tests.test_ir_mail_server: Starting TestIrMailServer.test_mail_server_config_cli ... 
2026-02-09 10:41:48,711 1 INFO betopiaerp betopiaerp.addons.base.tests.test_ir_mail_server: Starting TestIrMailServer.test_mail_server_get_test_email_from ... 
2026-02-09 10:41:48,720 1 INFO betopiaerp betopiaerp.addons.base.tests.test_ir_mail_server: Starting TestIrMailServer.test_mail_server_match_from_filter ... 
2026-02-09 10:41:48,721 1 INFO betopiaerp betopiaerp.addons.base.tests.test_ir_mail_server: Starting TestIrMailServer.test_mail_server_priorities ... 
2026-02-09 10:41:48,723 1 INFO betopiaerp betopiaerp.addons.base.tests.test_ir_mail_server: Starting TestIrMailServer.test_mail_server_send_email ... 
2026-02-09 10:41:48,744 1 INFO betopiaerp betopiaerp.addons.base.tests.test_ir_mail_server: Starting TestIrMailServer.test_mail_server_send_email_IDNA ... 
2026-02-09 10:41:48,747 1 INFO betopiaerp betopiaerp.addons.base.tests.test_ir_mail_server: Starting TestIrMailServer.test_mail_server_send_email_context_force ... 
2026-02-09 10:41:48,755 1 INFO betopiaerp betopiaerp.addons.base.models.ir_attachment: filestore gc 0 checked, 0 removed 
2026-02-09 10:41:48,755 1 INFO betopiaerp betopiaerp.addons.base.tests.test_ir_mail_server_smtpd: Starting TestIrMailServerSMTPD.test_authentication_certificate_matrix ... 
2026-02-09 10:41:48,755 1 INFO betopiaerp betopiaerp.addons.base.tests.test_ir_mail_server_smtpd: skipped TestIrMailServerSMTPD.test_authentication_certificate_matrix : aiosmtpd couldn't be imported 
2026-02-09 10:41:48,756 1 INFO betopiaerp betopiaerp.addons.base.tests.test_ir_mail_server_smtpd: Starting TestIrMailServerSMTPD.test_authentication_login_matrix ... 
2026-02-09 10:41:48,756 1 INFO betopiaerp betopiaerp.addons.base.tests.test_ir_mail_server_smtpd: skipped TestIrMailServerSMTPD.test_authentication_login_matrix : aiosmtpd couldn't be imported 
2026-02-09 10:41:48,757 1 INFO betopiaerp betopiaerp.addons.base.tests.test_ir_mail_server_smtpd: Starting TestIrMailServerSMTPD.test_encryption_matrix ... 
2026-02-09 10:41:48,757 1 INFO betopiaerp betopiaerp.addons.base.tests.test_ir_mail_server_smtpd: skipped TestIrMailServerSMTPD.test_encryption_matrix : aiosmtpd couldn't be imported 
2026-02-09 10:41:48,758 1 INFO betopiaerp betopiaerp.addons.base.tests.test_ir_mail_server_smtpd: Starting TestIrMailServerSMTPD.test_man_in_the_middle_matrix ... 
2026-02-09 10:41:48,758 1 INFO betopiaerp betopiaerp.addons.base.tests.test_ir_mail_server_smtpd: skipped TestIrMailServerSMTPD.test_man_in_the_middle_matrix : aiosmtpd couldn't be imported 
2026-02-09 10:41:48,759 1 INFO betopiaerp betopiaerp.addons.base.tests.test_ir_model: Starting TestXMLID.test_create ... 
2026-02-09 10:41:48,766 1 INFO betopiaerp betopiaerp.addons.base.tests.test_ir_model: Starting TestXMLID.test_create_external_id_with_space ... 
2026-02-09 10:41:48,768 1 INFO betopiaerp betopiaerp.addons.base.tests.test_ir_model: Starting TestXMLID.test_create_inherits ... 
2026-02-09 10:41:48,788 1 INFO betopiaerp betopiaerp.addons.base.tests.test_ir_model: Starting TestXMLID.test_create_noupdate ... 
2026-02-09 10:41:48,793 1 INFO betopiaerp betopiaerp.addons.base.tests.test_ir_model: Starting TestXMLID.test_create_noupdate_multi ... 
2026-02-09 10:41:48,797 1 INFO betopiaerp betopiaerp.addons.base.tests.test_ir_model: Starting TestXMLID.test_create_order ... 
2026-02-09 10:41:48,801 1 INFO betopiaerp betopiaerp.addons.base.tests.test_ir_model: Starting TestXMLID.test_create_xmlids ... 
2026-02-09 10:41:48,823 1 INFO betopiaerp betopiaerp.addons.base.tests.test_ir_model: Starting TestXMLID.test_recreate ... 
2026-02-09 10:41:48,828 1 INFO betopiaerp betopiaerp.models.unlink: User #1 deleted ir.model.data records with IDs: [64699] 
2026-02-09 10:41:48,828 1 INFO betopiaerp betopiaerp.models.unlink: User #1 deleted res.partner.category records with IDs: [562] 
2026-02-09 10:41:48,830 1 INFO betopiaerp betopiaerp.addons.base.tests.test_ir_model: Starting TestXMLID.test_update_xmlid ... 
2026-02-09 10:41:48,835 1 INFO betopiaerp betopiaerp.addons.base.models.ir_attachment: filestore gc 2 checked, 2 removed 
2026-02-09 10:41:48,836 1 INFO betopiaerp betopiaerp.addons.base.tests.test_ir_model: Starting TestEvalContext.test_module_usage ... 
2026-02-09 10:41:48,883 1 INFO betopiaerp betopiaerp.addons.base.models.ir_attachment: filestore gc 0 checked, 0 removed 
2026-02-09 10:41:48,884 1 INFO betopiaerp betopiaerp.addons.base.tests.test_ir_model: Starting TestIrModelInherit.test_inherit ... 
2026-02-09 10:41:48,887 1 INFO betopiaerp betopiaerp.addons.base.tests.test_ir_model: Starting TestIrModelInherit.test_inherits ... 
2026-02-09 10:41:48,890 1 INFO betopiaerp betopiaerp.addons.base.models.ir_attachment: filestore gc 0 checked, 0 removed 
2026-02-09 10:41:48,891 1 INFO betopiaerp betopiaerp.addons.base.tests.test_ir_module: Starting IrModuleCase.test_missing_module_icon ... 
2026-02-09 10:41:48,904 1 INFO betopiaerp betopiaerp.addons.base.tests.test_ir_module: Starting IrModuleCase.test_module_wrong_icon ... 
2026-02-09 10:41:48,908 1 INFO betopiaerp betopiaerp.addons.base.tests.test_ir_module: Starting IrModuleCase.test_new_module_icon ... 
2026-02-09 10:41:48,910 1 INFO betopiaerp betopiaerp.addons.base.models.ir_attachment: filestore gc 0 checked, 0 removed 
2026-02-09 10:41:48,911 1 INFO betopiaerp betopiaerp.addons.base.tests.test_ir_module_category: Starting TestModuleCategory.test_parent_circular_dependencies ... 
2026-02-09 10:41:48,918 1 INFO betopiaerp betopiaerp.addons.base.models.ir_attachment: filestore gc 0 checked, 0 removed 
2026-02-09 10:41:48,919 1 INFO betopiaerp betopiaerp.addons.base.tests.test_ir_sequence: Starting TestIrSequenceStandard.test_ir_sequence_create ... 
2026-02-09 10:41:48,922 1 INFO betopiaerp betopiaerp.addons.base.tests.test_ir_sequence: Starting TestIrSequenceStandard.test_ir_sequence_draw ... 
2026-02-09 10:41:48,925 1 INFO betopiaerp betopiaerp.addons.base.tests.test_ir_sequence: Starting TestIrSequenceStandard.test_ir_sequence_draw_twice ... 
2026-02-09 10:41:48,931 1 INFO betopiaerp betopiaerp.addons.base.tests.test_ir_sequence: Starting TestIrSequenceStandard.test_ir_sequence_search ... 
2026-02-09 10:41:48,935 1 INFO betopiaerp betopiaerp.models.unlink: User #1 deleted ir.sequence records with IDs: [61] 
2026-02-09 10:41:48,937 1 INFO betopiaerp betopiaerp.addons.base.tests.test_ir_sequence: Starting TestIrSequenceNoGap.test_ir_sequence_create_no_gap ... 
2026-02-09 10:41:48,939 1 INFO betopiaerp betopiaerp.addons.base.tests.test_ir_sequence: Starting TestIrSequenceNoGap.test_ir_sequence_draw_no_gap ... 
2026-02-09 10:41:48,942 1 INFO betopiaerp betopiaerp.addons.base.tests.test_ir_sequence: Starting TestIrSequenceNoGap.test_ir_sequence_draw_twice_no_gap ... 
2026-02-09 10:41:48,949 1 INFO betopiaerp betopiaerp.models.unlink: User #1 deleted ir.sequence records with IDs: [62] 
2026-02-09 10:41:48,951 1 INFO betopiaerp betopiaerp.addons.base.tests.test_ir_sequence: Starting TestIrSequenceChangeImplementation.test_ir_sequence_1_create ... 
2026-02-09 10:41:48,953 1 INFO betopiaerp betopiaerp.addons.base.tests.test_ir_sequence: Starting TestIrSequenceChangeImplementation.test_ir_sequence_2_write ... 
2026-02-09 10:41:48,957 1 INFO betopiaerp betopiaerp.addons.base.tests.test_ir_sequence: Starting TestIrSequenceChangeImplementation.test_ir_sequence_3_unlink ... 
2026-02-09 10:41:48,959 1 INFO betopiaerp betopiaerp.models.unlink: User #1 deleted ir.sequence records with IDs: [63, 64] 
2026-02-09 10:41:48,962 1 INFO betopiaerp betopiaerp.addons.base.tests.test_ir_sequence: Starting TestIrSequenceGenerate.test_ir_sequence_create ... 
2026-02-09 10:41:48,972 1 INFO betopiaerp betopiaerp.addons.base.tests.test_ir_sequence: Starting TestIrSequenceGenerate.test_ir_sequence_create_no_gap ... 
2026-02-09 10:41:48,986 1 INFO betopiaerp betopiaerp.addons.base.tests.test_ir_sequence: Starting TestIrSequenceGenerate.test_ir_sequence_interpolation_dict ... 
2026-02-09 10:41:48,990 1 INFO betopiaerp betopiaerp.addons.base.tests.test_ir_sequence: Starting TestIrSequenceGenerate.test_ir_sequence_iso_directives ... 
2026-02-09 10:41:48,993 1 INFO betopiaerp betopiaerp.addons.base.tests.test_ir_sequence: Starting TestIrSequenceGenerate.test_ir_sequence_prefix ... 
2026-02-09 10:41:48,998 1 INFO betopiaerp betopiaerp.addons.base.tests.test_ir_sequence: Starting TestIrSequenceGenerate.test_ir_sequence_suffix ... 
2026-02-09 10:41:49,004 1 INFO betopiaerp betopiaerp.models.unlink: User #1 deleted ir.sequence records with IDs: [65, 66, 67, 68, 69, 70] 
2026-02-09 10:41:49,005 1 INFO betopiaerp betopiaerp.addons.base.tests.test_ir_sequence: Starting TestIrSequenceInit.test_00 ... 
2026-02-09 10:41:49,010 1 INFO betopiaerp betopiaerp.addons.base.models.ir_attachment: filestore gc 0 checked, 0 removed 
2026-02-09 10:41:49,011 1 INFO betopiaerp betopiaerp.addons.base.tests.test_ir_sequence_date_range: Starting TestIrSequenceDateRangeStandard.test_ir_sequence_date_range_1_create ... 
2026-02-09 10:41:49,013 1 INFO betopiaerp betopiaerp.addons.base.tests.test_ir_sequence_date_range: Starting TestIrSequenceDateRangeStandard.test_ir_sequence_date_range_2_change_dates ... 
2026-02-09 10:41:49,021 1 INFO betopiaerp betopiaerp.addons.base.tests.test_ir_sequence_date_range: Starting TestIrSequenceDateRangeStandard.test_ir_sequence_date_range_3_unlink ... 
2026-02-09 10:41:49,023 1 INFO betopiaerp betopiaerp.models.unlink: User #1 deleted ir.sequence records with IDs: [72] 
2026-02-09 10:41:49,024 1 INFO betopiaerp betopiaerp.addons.base.tests.test_ir_sequence_date_range: Starting TestIrSequenceDateRangeNoGap.test_ir_sequence_date_range_1_create_no_gap ... 
2026-02-09 10:41:49,026 1 INFO betopiaerp betopiaerp.addons.base.tests.test_ir_sequence_date_range: Starting TestIrSequenceDateRangeNoGap.test_ir_sequence_date_range_2_change_dates ... 
2026-02-09 10:41:49,034 1 INFO betopiaerp betopiaerp.addons.base.tests.test_ir_sequence_date_range: Starting TestIrSequenceDateRangeNoGap.test_ir_sequence_date_range_3_unlink ... 
2026-02-09 10:41:49,036 1 INFO betopiaerp betopiaerp.models.unlink: User #1 deleted ir.sequence records with IDs: [73] 
2026-02-09 10:41:49,037 1 INFO betopiaerp betopiaerp.addons.base.tests.test_ir_sequence_date_range: Starting TestIrSequenceDateRangeChangeImplementation.test_ir_sequence_date_range_1_create ... 
2026-02-09 10:41:49,039 1 INFO betopiaerp betopiaerp.addons.base.tests.test_ir_sequence_date_range: Starting TestIrSequenceDateRangeChangeImplementation.test_ir_sequence_date_range_2_use ... 
2026-02-09 10:41:49,062 1 INFO betopiaerp betopiaerp.addons.base.tests.test_ir_sequence_date_range: Starting TestIrSequenceDateRangeChangeImplementation.test_ir_sequence_date_range_3_write ... 
2026-02-09 10:41:49,064 1 INFO betopiaerp betopiaerp.addons.base.tests.test_ir_sequence_date_range: Starting TestIrSequenceDateRangeChangeImplementation.test_ir_sequence_date_range_4_unlink ... 
2026-02-09 10:41:49,066 1 INFO betopiaerp betopiaerp.models.unlink: User #1 deleted ir.sequence records with IDs: [74, 75] 
2026-02-09 10:41:49,067 1 INFO betopiaerp betopiaerp.addons.base.tests.test_mail: Starting TestSanitizer.test_abrupt_close ... 
2026-02-09 10:41:49,068 1 INFO betopiaerp betopiaerp.addons.base.tests.test_mail: Starting TestSanitizer.test_abrut_malformed ... 
2026-02-09 10:41:49,069 1 INFO betopiaerp betopiaerp.addons.base.tests.test_mail: Starting TestSanitizer.test_basic_sanitizer ... 
2026-02-09 10:41:49,071 1 INFO betopiaerp betopiaerp.addons.base.tests.test_mail: Starting TestSanitizer.test_cid_with_at ... 
2026-02-09 10:41:49,071 1 INFO betopiaerp betopiaerp.addons.base.tests.test_mail: Starting TestSanitizer.test_comment_malformed ... 
2026-02-09 10:41:49,072 1 INFO betopiaerp betopiaerp.addons.base.tests.test_mail: Starting TestSanitizer.test_comment_multiline ... 
2026-02-09 10:41:49,072 1 INFO betopiaerp betopiaerp.addons.base.tests.test_mail: Starting TestSanitizer.test_edi_source ... 
2026-02-09 10:41:49,073 1 INFO betopiaerp betopiaerp.addons.base.tests.test_mail: Starting TestSanitizer.test_evil_malicious_code ... 
2026-02-09 10:41:49,076 1 INFO betopiaerp betopiaerp.addons.base.tests.test_mail: Starting TestSanitizer.test_html ... 
2026-02-09 10:41:49,077 1 INFO betopiaerp betopiaerp.addons.base.tests.test_mail: Starting TestSanitizer.test_misc ... 
2026-02-09 10:41:49,078 1 INFO betopiaerp betopiaerp.addons.base.tests.test_mail: Starting TestSanitizer.test_outlook_mail_sanitize ... 
2026-02-09 10:41:49,079 1 INFO betopiaerp betopiaerp.addons.base.tests.test_mail: Starting TestSanitizer.test_quote_basic_text ... 
2026-02-09 10:41:49,079 1 INFO betopiaerp betopiaerp.addons.base.tests.test_mail: Starting TestSanitizer.test_quote_blockquote ... 
2026-02-09 10:41:49,080 1 INFO betopiaerp betopiaerp.addons.base.tests.test_mail: Starting TestSanitizer.test_quote_bugs ... 
2026-02-09 10:41:49,081 1 INFO betopiaerp betopiaerp.addons.base.tests.test_mail: Starting TestSanitizer.test_quote_gmail ... 
2026-02-09 10:41:49,082 1 INFO betopiaerp betopiaerp.addons.base.tests.test_mail: Starting TestSanitizer.test_quote_hotmail_html ... 
2026-02-09 10:41:49,083 1 INFO betopiaerp betopiaerp.addons.base.tests.test_mail: Starting TestSanitizer.test_quote_outlook_html ... 
2026-02-09 10:41:49,084 1 INFO betopiaerp betopiaerp.addons.base.tests.test_mail: Starting TestSanitizer.test_quote_signature ... 
2026-02-09 10:41:49,084 1 INFO betopiaerp betopiaerp.addons.base.tests.test_mail: Starting TestSanitizer.test_quote_signature_container_propagation ... 
2026-02-09 10:41:49,085 1 INFO betopiaerp betopiaerp.addons.base.tests.test_mail: Starting TestSanitizer.test_quote_text ... 
2026-02-09 10:41:49,085 1 INFO betopiaerp betopiaerp.addons.base.tests.test_mail: Starting TestSanitizer.test_quote_thunderbird ... 
2026-02-09 10:41:49,086 1 INFO betopiaerp betopiaerp.addons.base.tests.test_mail: Starting TestSanitizer.test_quote_thunderbird_html ... 
2026-02-09 10:41:49,087 1 INFO betopiaerp betopiaerp.addons.base.tests.test_mail: Starting TestSanitizer.test_quote_yahoo_html ... 
2026-02-09 10:41:49,088 1 INFO betopiaerp betopiaerp.addons.base.tests.test_mail: Starting TestSanitizer.test_sanitize_unescape_emails ... 
2026-02-09 10:41:49,088 1 INFO betopiaerp betopiaerp.addons.base.tests.test_mail: Starting TestSanitizer.test_style_class ... 
2026-02-09 10:41:49,089 1 INFO betopiaerp betopiaerp.addons.base.tests.test_mail: Starting TestSanitizer.test_style_class_only ... 
2026-02-09 10:41:49,090 1 INFO betopiaerp betopiaerp.addons.base.tests.test_mail: Starting TestSanitizer.test_style_parsing ... 
2026-02-09 10:41:49,091 1 INFO betopiaerp betopiaerp.addons.base.tests.test_mail: Starting TestHtmlTools.test_append_to_html ... 
2026-02-09 10:41:49,091 1 INFO betopiaerp betopiaerp.addons.base.tests.test_mail: Starting TestHtmlTools.test_html_html_to_inner_content ... 
2026-02-09 10:41:49,092 1 INFO betopiaerp betopiaerp.addons.base.tests.test_mail: Starting TestHtmlTools.test_is_html_empty ... 
2026-02-09 10:41:49,093 1 INFO betopiaerp betopiaerp.addons.base.tests.test_mail: Starting TestHtmlTools.test_nl2br_enclose ... 
2026-02-09 10:41:49,093 1 INFO betopiaerp betopiaerp.addons.base.tests.test_mail: Starting TestHtmlTools.test_plaintext2html ... 
2026-02-09 10:41:49,094 1 INFO betopiaerp betopiaerp.addons.base.tests.test_mail: Starting TestHtmlTools.test_prepend_html_content ... 
2026-02-09 10:41:49,094 1 INFO betopiaerp betopiaerp.addons.base.tests.test_mail: Starting TestEmailTools.test_email_anonymize ... 
2026-02-09 10:41:49,095 1 INFO betopiaerp betopiaerp.addons.base.tests.test_mail: Starting TestEmailTools.test_email_domain_normalize ... 
2026-02-09 10:41:49,095 1 INFO betopiaerp betopiaerp.addons.base.tests.test_mail: Starting TestEmailTools.test_email_formataddr ... 
2026-02-09 10:41:49,095 1 INFO betopiaerp betopiaerp.addons.base.tests.test_mail: Starting TestEmailTools.test_email_normalize ... 
2026-02-09 10:41:49,096 1 INFO betopiaerp betopiaerp.addons.base.tests.test_mail: Starting TestEmailTools.test_email_re ... 
2026-02-09 10:41:49,096 1 INFO betopiaerp betopiaerp.addons.base.tests.test_mail: Starting TestEmailTools.test_email_split ... 
2026-02-09 10:41:49,097 1 INFO betopiaerp betopiaerp.addons.base.tests.test_mail: Starting TestEmailTools.test_email_split_and_format ... 
2026-02-09 10:41:49,098 1 INFO betopiaerp betopiaerp.addons.base.tests.test_mail: Starting TestEmailTools.test_email_split_tuples ... 
2026-02-09 10:41:49,098 1 INFO betopiaerp betopiaerp.addons.base.tests.test_mail: Starting TestEmailTools.test_extract_rfc2822_addresses ... 
2026-02-09 10:41:49,099 1 INFO betopiaerp betopiaerp.addons.base.tests.test_mail: Starting TestEmailTools.test_single_email_re ... 
2026-02-09 10:41:49,099 1 INFO betopiaerp betopiaerp.addons.base.tests.test_mail: Starting TestMailTools.test_html2plaintext ... 
2026-02-09 10:41:49,100 1 INFO betopiaerp betopiaerp.addons.base.tests.test_menu: Starting TestMenu.test_00_menu_deletion ... 
2026-02-09 10:41:49,111 1 INFO betopiaerp betopiaerp.models.unlink: User #1 deleted ir.ui.menu records with IDs: [94] 
2026-02-09 10:41:49,113 1 INFO betopiaerp betopiaerp.addons.base.models.ir_attachment: filestore gc 0 checked, 0 removed 
2026-02-09 10:41:49,114 1 INFO betopiaerp betopiaerp.addons.base.tests.test_mimetypes: Starting test_guess_mimetype.test_default_mimetype ... 
2026-02-09 10:41:49,114 1 INFO betopiaerp betopiaerp.addons.base.tests.test_mimetypes: Starting test_guess_mimetype.test_default_mimetype_empty ... 
2026-02-09 10:41:49,115 1 INFO betopiaerp betopiaerp.addons.base.tests.test_mimetypes: Starting test_guess_mimetype.test_mimetype_bmp ... 
2026-02-09 10:41:49,115 1 INFO betopiaerp betopiaerp.addons.base.tests.test_mimetypes: Starting test_guess_mimetype.test_mimetype_fix_extension ... 
2026-02-09 10:41:49,115 1 WARNING betopiaerp betopiaerp.tools.mimetypes: File 'sheet.xlsx' has an unknown extension for mimetype 'application/vnd.openxmlformats-officedocument.spreadsheetml.sheet' 
2026-02-09 10:41:49,116 1 INFO betopiaerp betopiaerp.addons.base.tests.test_mimetypes: Starting test_guess_mimetype.test_mimetype_get_extension ... 
2026-02-09 10:41:49,116 1 INFO betopiaerp betopiaerp.addons.base.tests.test_mimetypes: Starting test_guess_mimetype.test_mimetype_gif ... 
2026-02-09 10:41:49,117 1 INFO betopiaerp betopiaerp.addons.base.tests.test_mimetypes: Starting test_guess_mimetype.test_mimetype_jpg ... 
2026-02-09 10:41:49,117 1 INFO betopiaerp betopiaerp.addons.base.tests.test_mimetypes: Starting test_guess_mimetype.test_mimetype_octet_stream ... 
2026-02-09 10:41:49,117 1 INFO betopiaerp betopiaerp.addons.base.tests.test_mimetypes: Starting test_guess_mimetype.test_mimetype_png ... 
2026-02-09 10:41:49,117 1 INFO betopiaerp betopiaerp.addons.base.tests.test_mimetypes: Starting test_guess_mimetype.test_mimetype_svg ... 
2026-02-09 10:41:49,118 1 INFO betopiaerp betopiaerp.addons.base.tests.test_mimetypes: Starting test_guess_mimetype.test_mimetype_txt ... 
2026-02-09 10:41:49,118 1 INFO betopiaerp betopiaerp.addons.base.tests.test_mimetypes: Starting test_guess_mimetype.test_mimetype_webp ... 
2026-02-09 10:41:49,118 1 INFO betopiaerp betopiaerp.addons.base.tests.test_mimetypes: Starting test_guess_mimetype.test_mimetype_xml ... 
2026-02-09 10:41:49,119 1 INFO betopiaerp betopiaerp.addons.base.tests.test_mimetypes: Starting test_guess_mimetype.test_mimetype_zip ... 
2026-02-09 10:41:49,119 1 INFO betopiaerp betopiaerp.addons.base.tests.test_misc: Starting TestMergeSequences.test_merge_sequences ... 
2026-02-09 10:41:49,120 1 INFO betopiaerp betopiaerp.addons.base.tests.test_misc: Starting TestFormatLangDate.test_00_accepted_types ... 
2026-02-09 10:41:49,126 1 INFO betopiaerp betopiaerp.addons.base.tests.test_misc: Starting TestFormatLangDate.test_01_code_and_format ... 
2026-02-09 10:41:49,137 1 INFO betopiaerp betopiaerp.addons.base.tests.test_misc: Starting TestFormatLangDate.test_02_tz ... 
2026-02-09 10:41:49,143 1 INFO betopiaerp betopiaerp.addons.base.models.ir_attachment: filestore gc 0 checked, 0 removed 
2026-02-09 10:41:49,143 1 INFO betopiaerp betopiaerp.addons.base.tests.test_misc: Starting TestCallbacks.test_aggregate ... 
2026-02-09 10:41:49,144 1 INFO betopiaerp betopiaerp.addons.base.tests.test_misc: Starting TestCallbacks.test_callback ... 
2026-02-09 10:41:49,144 1 INFO betopiaerp betopiaerp.addons.base.tests.test_misc: Starting TestCallbacks.test_reentrant ... 
2026-02-09 10:41:49,144 1 INFO betopiaerp betopiaerp.addons.base.tests.test_misc: Starting TestRemoveAccents.test_empty_string ... 
2026-02-09 10:41:49,145 1 INFO betopiaerp betopiaerp.addons.base.tests.test_misc: Starting TestRemoveAccents.test_latin ... 
2026-02-09 10:41:49,145 1 INFO betopiaerp betopiaerp.addons.base.tests.test_misc: Starting TestRemoveAccents.test_non_latin ... 
2026-02-09 10:41:49,145 1 INFO betopiaerp betopiaerp.addons.base.tests.test_misc: Starting TestAddonsFileAccess.test_file_open ... 
2026-02-09 10:41:49,165 1 INFO betopiaerp betopiaerp.addons.base.tests.test_misc: Starting TestAddonsFileAccess.test_file_path ... 
2026-02-09 10:41:49,174 1 INFO betopiaerp betopiaerp.addons.base.tests.test_misc: Starting TestDictTools.test_readonly_dict ... 
2026-02-09 10:41:49,175 1 INFO betopiaerp betopiaerp.addons.base.tests.test_misc: Starting TestFormatLang.test_currency_object ... 
2026-02-09 10:41:49,189 1 INFO betopiaerp betopiaerp.addons.base.tests.test_misc: Starting TestFormatLang.test_decimal_precision ... 
2026-02-09 10:41:49,193 1 INFO betopiaerp betopiaerp.addons.base.tests.test_misc: Starting TestFormatLang.test_decimal_precision_and_currency_object ... 
2026-02-09 10:41:49,205 1 INFO betopiaerp betopiaerp.addons.base.tests.test_misc: Starting TestFormatLang.test_format_decimal_point_without_grouping ... 
2026-02-09 10:41:49,210 1 INFO betopiaerp betopiaerp.addons.base.tests.test_misc: Starting TestFormatLang.test_grouping ... 
2026-02-09 10:41:49,213 1 INFO betopiaerp betopiaerp.addons.base.tests.test_misc: Starting TestFormatLang.test_rounding_method ... 
2026-02-09 10:41:49,216 1 INFO betopiaerp betopiaerp.addons.base.tests.test_misc: Starting TestFormatLang.test_rounding_method_and_rounding_unit ... 
2026-02-09 10:41:49,219 1 INFO betopiaerp betopiaerp.addons.base.tests.test_misc: Starting TestFormatLang.test_rounding_unit ... 
2026-02-09 10:41:49,222 1 INFO betopiaerp betopiaerp.addons.base.tests.test_misc: Starting TestFormatLang.test_value_and_digits ... 
2026-02-09 10:41:49,226 1 INFO betopiaerp betopiaerp.addons.base.models.ir_attachment: filestore gc 0 checked, 0 removed 
2026-02-09 10:41:49,226 1 INFO betopiaerp betopiaerp.addons.base.tests.test_misc: Starting TestUrlValidate.test_url_validate ... 
2026-02-09 10:41:49,227 1 INFO betopiaerp betopiaerp.addons.base.tests.test_misc: Starting TestUrlJoin.test_absolute_url_raises ... 
2026-02-09 10:41:49,227 1 INFO betopiaerp betopiaerp.addons.base.tests.test_misc: Starting TestUrlJoin.test_allow_query_override ... 
2026-02-09 10:41:49,228 1 INFO betopiaerp betopiaerp.addons.base.tests.test_misc: Starting TestUrlJoin.test_base_has_no_path ... 
2026-02-09 10:41:49,228 1 INFO betopiaerp betopiaerp.addons.base.tests.test_misc: Starting TestUrlJoin.test_basic_relative_path ... 
2026-02-09 10:41:49,228 1 INFO betopiaerp betopiaerp.addons.base.tests.test_misc: Starting TestUrlJoin.test_dot_segments_not_allowed ... 
2026-02-09 10:41:49,229 1 INFO betopiaerp betopiaerp.addons.base.tests.test_misc: Starting TestUrlJoin.test_empty_base_string ... 
2026-02-09 10:41:49,229 1 INFO betopiaerp betopiaerp.addons.base.tests.test_misc: Starting TestUrlJoin.test_extra_trailing_slash ... 
2026-02-09 10:41:49,229 1 INFO betopiaerp betopiaerp.addons.base.tests.test_misc: Starting TestUrlJoin.test_leading_and_trailing_slashes ... 
2026-02-09 10:41:49,230 1 INFO betopiaerp betopiaerp.addons.base.tests.test_misc: Starting TestUrlJoin.test_not_string_fails ... 
2026-02-09 10:41:49,230 1 INFO betopiaerp betopiaerp.addons.base.tests.test_misc: Starting TestUrlJoin.test_only_extra_fragments ... 
2026-02-09 10:41:49,230 1 INFO betopiaerp betopiaerp.addons.base.tests.test_misc: Starting TestUrlJoin.test_path_normalization ... 
2026-02-09 10:41:49,231 1 INFO betopiaerp betopiaerp.addons.base.tests.test_misc: Starting TestUrlJoin.test_percent_encoding ... 
2026-02-09 10:41:49,231 1 INFO betopiaerp betopiaerp.addons.base.tests.test_misc: Starting TestUrlJoin.test_query_keeps_base_by_default ... 
2026-02-09 10:41:49,231 1 INFO betopiaerp betopiaerp.addons.base.tests.test_misc: Starting TestUrlJoin.test_whitespaces ... 
2026-02-09 10:41:49,232 1 INFO betopiaerp betopiaerp.addons.base.tests.test_misc: Starting TestMiscToken.test_None_payload ... 
2026-02-09 10:41:49,233 1 INFO betopiaerp betopiaerp.addons.base.tests.test_misc: Starting TestMiscToken.test_expired_token ... 
2026-02-09 10:41:49,233 1 INFO betopiaerp betopiaerp.addons.base.tests.test_misc: Starting TestMiscToken.test_list_payload ... 
2026-02-09 10:41:49,234 1 INFO betopiaerp betopiaerp.addons.base.tests.test_misc: Starting TestMiscToken.test_long_payload ... 
2026-02-09 10:41:49,235 1 INFO betopiaerp betopiaerp.addons.base.tests.test_misc: Starting TestMiscToken.test_modified_payload ... 
2026-02-09 10:41:49,236 1 INFO betopiaerp betopiaerp.addons.base.models.ir_attachment: filestore gc 0 checked, 0 removed 
2026-02-09 10:41:49,249 1 INFO betopiaerp betopiaerp.addons.base.tests.test_misc: Starting TestFormatAmountFunction.test_trailing_false_on_number_having_no_trailing_zeroes ... 
2026-02-09 10:41:49,252 1 INFO betopiaerp betopiaerp.addons.base.tests.test_misc: Starting TestFormatAmountFunction.test_trailing_false_on_number_having_trailing_zeroes ... 
2026-02-09 10:41:49,257 1 INFO betopiaerp betopiaerp.addons.base.tests.test_misc: Starting TestFormatAmountFunction.test_trailing_false_on_number_having_trailing_zeroes_with_kilikili_language ... 
2026-02-09 10:41:49,261 1 INFO betopiaerp betopiaerp.addons.base.tests.test_misc: Starting TestFormatAmountFunction.test_trailing_true_on_number_having_no_trailing_zeroes ... 
2026-02-09 10:41:49,265 1 INFO betopiaerp betopiaerp.addons.base.tests.test_misc: Starting TestFormatAmountFunction.test_trailing_zeroes_true_on_number_having_trailing_zeroes ... 
2026-02-09 10:41:49,270 1 INFO betopiaerp betopiaerp.addons.base.models.ir_attachment: filestore gc 0 checked, 0 removed 
2026-02-09 10:41:49,271 1 INFO betopiaerp betopiaerp.addons.base.tests.test_module: Starting TestModuleManifest.test_change_manifest ... 
2026-02-09 10:41:49,271 1 INFO betopiaerp betopiaerp.addons.base.tests.test_module: Starting TestModuleManifest.test_default_manifest ... 
2026-02-09 10:41:49,273 1 INFO betopiaerp betopiaerp.addons.base.tests.test_module: Starting TestModuleManifest.test_missing_license ... 
2026-02-09 10:41:49,274 1 INFO betopiaerp betopiaerp.addons.base.tests.test_module: Starting TestModuleManifest.test_missing_manifest ... 
2026-02-09 10:41:49,275 1 INFO betopiaerp betopiaerp.addons.base.tests.test_module_graph: Starting TestGraph.test_graph_order_1 ... 
2026-02-09 10:41:49,277 1 INFO betopiaerp betopiaerp.addons.base.tests.test_module_graph: Starting TestGraph.test_graph_order_2 ... 
2026-02-09 10:41:49,278 1 INFO betopiaerp betopiaerp.addons.base.tests.test_module_graph: Starting TestGraph.test_graph_order_3 ... 
2026-02-09 10:41:49,279 1 INFO betopiaerp betopiaerp.addons.base.tests.test_module_graph: Starting TestGraph.test_graph_order_with_test_modules ... 
2026-02-09 10:41:49,281 1 INFO betopiaerp betopiaerp.addons.base.tests.test_num2words_ar: Starting TestNum2WordsAr.test_decimal_multiple_of_thousands ... 
2026-02-09 10:41:49,282 1 INFO betopiaerp betopiaerp.addons.base.tests.test_num2words_ar: Starting TestNum2WordsAr.test_multiple_of_thousands ... 
2026-02-09 10:41:49,283 1 INFO betopiaerp betopiaerp.addons.base.models.ir_attachment: filestore gc 0 checked, 0 removed 
2026-02-09 10:41:49,284 1 INFO betopiaerp betopiaerp.addons.base.tests.test_orm: Starting TestORM.test_access_deleted_records ... 
2026-02-09 10:41:49,318 1 INFO betopiaerp betopiaerp.addons.base.tests.test_orm: Starting TestORM.test_access_filtered_records ... 
2026-02-09 10:41:49,362 1 INFO betopiaerp betopiaerp.addons.base.models.ir_model: Access Denied by ACLs for operation: unlink, uid: 746, model: res.partner 
2026-02-09 10:41:49,375 1 INFO betopiaerp betopiaerp.addons.base.models.ir_model: Access Denied by ACLs for operation: unlink, uid: 746, model: res.partner 
2026-02-09 10:41:49,377 1 INFO betopiaerp betopiaerp.addons.base.tests.test_orm: Starting TestORM.test_access_partial_deletion ... 
2026-02-09 10:41:49,395 1 INFO betopiaerp betopiaerp.addons.base.tests.test_orm: Starting TestORM.test_create_multi ... 
2026-02-09 10:41:49,403 1 INFO betopiaerp betopiaerp.addons.base.tests.test_orm: Starting TestORM.test_exists ... 
2026-02-09 10:41:49,404 1 INFO betopiaerp betopiaerp.addons.base.tests.test_orm: Starting TestORM.test_lock_for_update ... 
2026-02-09 10:41:49,415 1 INFO betopiaerp betopiaerp.models.unlink: User #1 deleted res.partner records with IDs: [3102] 
2026-02-09 10:41:49,416 1 INFO betopiaerp betopiaerp.addons.base.tests.test_orm: Starting TestORM.test_m2m_store_trigger ... 
2026-02-09 10:41:49,439 1 INFO betopiaerp betopiaerp.addons.base.tests.test_orm: Starting TestORM.test_read ... 
2026-02-09 10:41:49,448 1 INFO betopiaerp betopiaerp.addons.base.tests.test_orm: Starting TestORM.test_search_read ... 
2026-02-09 10:41:49,472 1 INFO betopiaerp betopiaerp.addons.base.tests.test_orm: Starting TestORM.test_try_lock_for_update ... 
2026-02-09 10:41:49,476 1 INFO betopiaerp betopiaerp.addons.base.tests.test_orm: Starting TestORM.test_write_duplicate ... 
2026-02-09 10:41:49,482 1 INFO betopiaerp betopiaerp.addons.base.models.ir_attachment: filestore gc 1 checked, 1 removed 
2026-02-09 10:41:49,483 1 INFO betopiaerp betopiaerp.addons.base.tests.test_orm: Starting TestInherits.test_copy ... 
2026-02-09 10:41:49,518 1 INFO betopiaerp betopiaerp.addons.base.tests.test_orm: Starting TestInherits.test_copy_with_ancestor ... 
2026-02-09 10:41:49,560 1 INFO betopiaerp betopiaerp.addons.base.tests.test_orm: Starting TestInherits.test_create ... 
2026-02-09 10:41:49,589 1 INFO betopiaerp betopiaerp.addons.base.tests.test_orm: Starting TestInherits.test_create_with_ancestor ... 
2026-02-09 10:41:49,617 1 INFO betopiaerp betopiaerp.addons.base.tests.test_orm: Starting TestInherits.test_default ... 
2026-02-09 10:41:49,619 1 INFO betopiaerp betopiaerp.addons.base.tests.test_orm: Starting TestInherits.test_read ... 
2026-02-09 10:41:49,654 1 INFO betopiaerp betopiaerp.addons.base.tests.test_orm: Starting TestInherits.test_write_date ... 
2026-02-09 10:41:49,661 1 INFO betopiaerp betopiaerp.addons.base.models.ir_attachment: filestore gc 3 checked, 3 removed 
2026-02-09 10:41:49,662 1 INFO betopiaerp betopiaerp.addons.base.tests.test_pdf: Starting TestPdf.test_BetopiaERP_pdf_file_reader ... 
2026-02-09 10:41:49,666 1 INFO betopiaerp betopiaerp.addons.base.tests.test_pdf: Starting TestPdf.test_BetopiaERP_pdf_file_reader_with_owner_encryption ... 
2026-02-09 10:41:49,678 1 INFO betopiaerp betopiaerp.addons.base.tests.test_pdf: Starting TestPdf.test_BetopiaERP_pdf_file_writer ... 
2026-02-09 10:41:49,683 1 INFO betopiaerp betopiaerp.addons.base.tests.test_pdf: Starting TestPdf.test_branded_file_writer ... 
2026-02-09 10:41:49,686 1 INFO betopiaerp betopiaerp.addons.base.tests.test_pdf: Starting TestPdf.test_merge_pdf ... 
2026-02-09 10:41:49,690 1 INFO betopiaerp betopiaerp.addons.base.tests.test_pdf: Starting TestPdf.test_reshaping_arabic_text ... 
2026-02-09 10:41:49,692 1 INFO betopiaerp betopiaerp.addons.base.tests.test_pdf: Starting TestPdf.test_reshaping_non_arabic_text ... 
2026-02-09 10:41:49,696 1 INFO betopiaerp betopiaerp.addons.base.models.ir_attachment: filestore gc 0 checked, 0 removed 
2026-02-09 10:41:49,696 1 INFO betopiaerp betopiaerp.addons.base.tests.test_query: Starting QueryTestCase.test_basic_query ... 
2026-02-09 10:41:49,696 1 INFO betopiaerp betopiaerp.addons.base.tests.test_query: Starting QueryTestCase.test_empty_set_result_ids ... 
2026-02-09 10:41:49,697 1 INFO betopiaerp betopiaerp.addons.base.tests.test_query: Starting QueryTestCase.test_long_aliases ... 
2026-02-09 10:41:49,697 1 INFO betopiaerp betopiaerp.addons.base.tests.test_query: Starting QueryTestCase.test_mixed_query_chained_explicit_implicit_joins ... 
2026-02-09 10:41:49,697 1 INFO betopiaerp betopiaerp.addons.base.tests.test_query: Starting QueryTestCase.test_query_chained_explicit_joins ... 
2026-02-09 10:41:49,697 1 INFO betopiaerp betopiaerp.addons.base.tests.test_query: Starting QueryTestCase.test_raise_missing_lhs ... 
2026-02-09 10:41:49,698 1 INFO betopiaerp betopiaerp.addons.base.tests.test_query: Starting QueryTestCase.test_set_result_ids ... 
2026-02-09 10:41:49,698 1 INFO betopiaerp betopiaerp.addons.base.tests.test_query: Starting QueryTestCase.test_table_expression ... 
2026-02-09 10:41:49,699 1 INFO betopiaerp betopiaerp.addons.base.tests.test_query: Starting TestQuery.test_auto ... 
2026-02-09 10:41:49,702 1 INFO betopiaerp betopiaerp.addons.base.tests.test_query: Starting TestQuery.test_records_as_query ... 
2026-02-09 10:41:49,704 1 INFO betopiaerp betopiaerp.addons.base.models.ir_attachment: filestore gc 0 checked, 0 removed 
2026-02-09 10:41:49,705 1 INFO betopiaerp betopiaerp.addons.base.tests.test_qweb_field: Starting TestQwebFieldTime.test_time_value_to_html ... 
2026-02-09 10:41:49,711 1 INFO betopiaerp betopiaerp.addons.base.models.ir_attachment: filestore gc 0 checked, 0 removed 
2026-02-09 10:41:49,711 1 INFO betopiaerp betopiaerp.addons.base.tests.test_qweb_field: Starting TestQwebFieldInteger.test_integer_value_to_html ... 
2026-02-09 10:41:49,717 1 INFO betopiaerp betopiaerp.addons.base.models.ir_attachment: filestore gc 0 checked, 0 removed 
2026-02-09 10:41:49,718 1 INFO betopiaerp betopiaerp.addons.base.tests.test_qweb_field: Starting TestQwebFieldFloatConverter.test_float_value_to_html_no_precision ... 
2026-02-09 10:41:49,721 1 INFO betopiaerp betopiaerp.addons.base.tests.test_qweb_field: Starting TestQwebFieldFloatConverter.test_float_value_to_html_with_min_precision ... 
2026-02-09 10:41:49,725 1 INFO betopiaerp betopiaerp.addons.base.tests.test_qweb_field: Starting TestQwebFieldFloatConverter.test_float_value_to_html_with_precision ... 
2026-02-09 10:41:49,729 1 INFO betopiaerp betopiaerp.addons.base.tests.test_qweb_field: Starting TestQwebFieldFloatConverter.test_float_value_to_html_with_precision_and_min_precision ... 
2026-02-09 10:41:49,732 1 INFO betopiaerp betopiaerp.addons.base.models.ir_attachment: filestore gc 0 checked, 0 removed 
2026-02-09 10:41:49,736 1 INFO betopiaerp betopiaerp.addons.base.tests.test_qweb_field: Starting TestQwebFieldContact.test_value_to_html_with_website_and_phone ... 
2026-02-09 10:41:49,756 1 INFO betopiaerp betopiaerp.addons.base.tests.test_qweb_field: Starting TestQwebFieldContact.test_value_to_html_without_phone ... 
2026-02-09 10:41:49,777 1 INFO betopiaerp betopiaerp.addons.base.models.ir_attachment: filestore gc 0 checked, 0 removed 
2026-02-09 10:41:49,778 1 INFO betopiaerp betopiaerp.addons.base.tests.test_qweb_field: Starting TestQwebFieldOne2Many.test_one2many_empty ... 
2026-02-09 10:41:49,782 1 INFO betopiaerp betopiaerp.addons.base.tests.test_qweb_field: Starting TestQwebFieldOne2Many.test_one2many_with_values ... 
2026-02-09 10:41:49,788 1 INFO betopiaerp betopiaerp.addons.base.models.ir_attachment: filestore gc 0 checked, 0 removed 
2026-02-09 10:41:49,789 1 INFO betopiaerp betopiaerp.addons.base.tests.test_qweb_field: Starting TestQwebFieldMany2Many.test_many2many_empty ... 
2026-02-09 10:41:49,802 1 INFO betopiaerp betopiaerp.addons.base.tests.test_qweb_field: Starting TestQwebFieldMany2Many.test_many2many_with_values ... 
2026-02-09 10:41:49,821 1 INFO betopiaerp betopiaerp.addons.base.models.ir_attachment: filestore gc 1 checked, 1 removed 
2026-02-09 10:41:49,822 1 INFO betopiaerp betopiaerp.addons.base.tests.test_qweb_field: Starting TestQwebFieldMany2One.test_many2one_empty ... 
2026-02-09 10:41:49,826 1 INFO betopiaerp betopiaerp.addons.base.tests.test_qweb_field: Starting TestQwebFieldMany2One.test_many2one_with_value ... 
2026-02-09 10:41:49,832 1 INFO betopiaerp betopiaerp.addons.base.models.ir_attachment: filestore gc 0 checked, 0 removed 
2026-02-09 10:41:49,832 1 INFO betopiaerp betopiaerp.addons.base.tests.test_res_company: Starting TestCompany.test_check_active ... 
2026-02-09 10:41:49,910 1 INFO betopiaerp betopiaerp.addons.base.tests.test_res_company: Starting TestCompany.test_create_branch_with_default_parent_id ... 
2026-02-09 10:41:49,965 1 INFO betopiaerp betopiaerp.addons.base.tests.test_res_company: Starting TestCompany.test_logo_check ... 
2026-02-09 10:41:50,022 1 INFO betopiaerp betopiaerp.models.unlink: User #1 deleted ir.attachment records with IDs: [3814] 
2026-02-09 10:41:50,035 1 INFO betopiaerp betopiaerp.addons.base.models.ir_attachment: filestore gc 3 checked, 2 removed 
2026-02-09 10:41:50,036 1 INFO betopiaerp betopiaerp.addons.base.tests.test_res_config: Starting TestResConfig.test_00_get_option_path ... 
2026-02-09 10:41:50,039 1 INFO betopiaerp betopiaerp.addons.base.tests.test_res_config: Starting TestResConfig.test_10_get_option_name ... 
2026-02-09 10:41:50,042 1 INFO betopiaerp betopiaerp.addons.base.tests.test_res_config: Starting TestResConfig.test_20_get_config_warning ... 
2026-02-09 10:41:50,046 1 INFO betopiaerp betopiaerp.addons.base.tests.test_res_config: Starting TestResConfig.test_30_get_config_warning_wo_menu ... 
2026-02-09 10:41:50,048 1 INFO betopiaerp betopiaerp.addons.base.tests.test_res_config: Starting TestResConfig.test_40_view_expected_architecture ... 
2026-02-09 10:41:50,062 1 INFO betopiaerp betopiaerp.addons.base.tests.test_res_config: Starting TestResConfig.test_50_view_expected_architecture_t_node_groups ... 
2026-02-09 10:41:50,077 1 INFO betopiaerp betopiaerp.addons.base.models.ir_attachment: filestore gc 0 checked, 0 removed 
2026-02-09 10:41:50,078 1 INFO betopiaerp betopiaerp.addons.base.tests.test_res_currency: Starting TestResCurrency.test_currency_cache ... 
2026-02-09 10:41:50,095 1 INFO betopiaerp betopiaerp.addons.base.tests.test_res_currency: Starting TestResCurrency.test_res_currency_name_search ... 
2026-02-09 10:41:50,110 1 INFO betopiaerp betopiaerp.addons.base.tests.test_res_currency: Starting TestResCurrency.test_view_company_rate_label ... 
2026-02-09 10:41:50,226 1 INFO betopiaerp betopiaerp.addons.base.models.ir_attachment: filestore gc 0 checked, 0 removed 
2026-02-09 10:41:50,227 1 INFO betopiaerp betopiaerp.addons.base.tests.test_res_lang: Starting test_res_lang.test_00_intersperse ... 
2026-02-09 10:41:50,228 1 INFO betopiaerp betopiaerp.addons.base.tests.test_res_lang: Starting test_res_lang.test_get_data ... 
2026-02-09 10:41:51,370 1 INFO betopiaerp betopiaerp.addons.base.tests.test_res_lang: Query count less than expected for user __system__: 0 < 2 in test_get_data at /opt/betopiaerp/betopiaerp/addons/base/tests/test_res_lang.py:100 
2026-02-09 10:41:51,371 1 INFO betopiaerp betopiaerp.addons.base.tests.test_res_lang: Starting test_res_lang.test_inactive_users_lang_deactivation ... 
2026-02-09 10:41:51,400 1 INFO betopiaerp betopiaerp.addons.base.tests.test_res_lang: Starting test_res_lang.test_lang_url_code_shortening ... 
2026-02-09 10:41:51,419 1 INFO betopiaerp betopiaerp.addons.base.models.ir_attachment: filestore gc 1 checked, 1 removed 
2026-02-09 10:41:51,448 1 INFO betopiaerp betopiaerp.addons.base.tests.test_res_partner: Starting TestPartner.test_archive_internal_partners ... 
2026-02-09 10:41:51,479 1 INFO betopiaerp betopiaerp.addons.base.tests.test_res_partner: Starting TestPartner.test_display_name_translation ... 
2026-02-09 10:41:51,482 1 INFO betopiaerp betopiaerp.addons.base.models.ir_module: module base: loading translation file /opt/betopiaerp/betopiaerp/addons/base/i18n/fr.po for language fr_FR 
2026-02-09 10:41:52,260 1 INFO betopiaerp betopiaerp.addons.base.tests.test_res_partner: Starting TestPartner.test_email_formatted ... 
2026-02-09 10:41:52,278 1 INFO betopiaerp betopiaerp.addons.base.tests.test_res_partner: Starting TestPartner.test_find_or_create ... 
2026-02-09 10:41:52,295 1 INFO betopiaerp betopiaerp.addons.base.tests.test_res_partner: Starting TestPartner.test_is_public ... 
2026-02-09 10:41:52,301 1 INFO betopiaerp betopiaerp.addons.base.tests.test_res_partner: Starting TestPartner.test_lang_computation_code ... 
2026-02-09 10:41:52,317 1 INFO betopiaerp betopiaerp.addons.base.tests.test_res_partner: Starting TestPartner.test_main_user_id ... 
2026-02-09 10:41:52,349 1 INFO betopiaerp betopiaerp.addons.base.tests.test_res_partner: Starting TestPartner.test_name_create ... 
2026-02-09 10:41:52,361 1 INFO betopiaerp betopiaerp.addons.base.tests.test_res_partner: Starting TestPartner.test_name_search ... 
2026-02-09 10:41:52,370 1 INFO betopiaerp betopiaerp.addons.base.tests.test_res_partner: Starting TestPartner.test_name_search_with_user ... 
2026-02-09 10:41:52,403 1 INFO betopiaerp betopiaerp.addons.base.models.ir_rule: Access Denied by record rules for operation: read on record ids: [3162], uid: 3, model: res.partner 
2026-02-09 10:41:52,410 1 INFO betopiaerp betopiaerp.addons.base.tests.test_res_partner: Starting TestPartner.test_partner_merge_wizard_dst_partner_id ... 
2026-02-09 10:41:52,416 1 INFO betopiaerp betopiaerp.addons.base.models.ir_attachment: filestore gc 4 checked, 4 removed 
2026-02-09 10:41:52,446 1 INFO betopiaerp betopiaerp.addons.base.tests.test_res_partner: Starting TestPartnerAddressCompany.test_accessibility_of_company_partner_from_branch ... 
2026-02-09 10:41:52,533 1 INFO betopiaerp betopiaerp.addons.base.tests.test_res_partner: Starting TestPartnerAddressCompany.test_address ... 
2026-02-09 10:41:52,567 1 INFO betopiaerp betopiaerp.addons.base.tests.test_res_partner: Starting TestPartnerAddressCompany.test_address_first_contact_sync ... 
2026-02-09 10:41:52,596 1 INFO betopiaerp betopiaerp.addons.base.tests.test_res_partner: Starting TestPartnerAddressCompany.test_address_get ... 
2026-02-09 10:41:52,619 1 INFO betopiaerp betopiaerp.addons.base.tests.test_res_partner: Starting TestPartnerAddressCompany.test_address_parent_company_creation ... 
2026-02-09 10:41:52,638 1 INFO betopiaerp betopiaerp.addons.base.tests.test_res_partner: Starting TestPartnerAddressCompany.test_commercial_field_sync ... 
2026-02-09 10:41:52,667 1 INFO betopiaerp betopiaerp.addons.base.tests.test_res_partner: Starting TestPartnerAddressCompany.test_commercial_field_sync_reset ... 
2026-02-09 10:41:52,677 1 INFO betopiaerp betopiaerp.addons.base.tests.test_res_partner: Starting TestPartnerAddressCompany.test_commercial_partner_nullcompany ... 
2026-02-09 10:41:52,694 1 INFO betopiaerp betopiaerp.addons.base.tests.test_res_partner: Starting TestPartnerAddressCompany.test_company_change_propagation ... 
2026-02-09 10:41:52,823 1 INFO betopiaerp betopiaerp.addons.base.tests.test_res_partner: Starting TestPartnerAddressCompany.test_company_dependent_commercial_sync ... 
2026-02-09 10:41:52,931 1 INFO betopiaerp betopiaerp.addons.base.tests.test_res_partner: Starting TestPartnerAddressCompany.test_company_dependent_commercial_sync_falsy_fields ... 
2026-02-09 10:41:52,997 1 INFO betopiaerp betopiaerp.addons.base.tests.test_res_partner: Starting TestPartnerAddressCompany.test_display_address_missing_key ... 
2026-02-09 10:41:53,003 1 INFO betopiaerp betopiaerp.addons.base.tests.test_res_partner: Starting TestPartnerAddressCompany.test_display_name ... 
2026-02-09 10:41:53,013 1 INFO betopiaerp betopiaerp.addons.base.models.ir_attachment: filestore gc 3 checked, 3 removed 
2026-02-09 10:41:53,014 1 INFO betopiaerp betopiaerp.addons.base.tests.test_res_partner: Starting TestPartnerRecursion.test_100_res_partner_recursion ... 
2026-02-09 10:41:53,022 1 INFO betopiaerp betopiaerp.addons.base.tests.test_res_partner: Starting TestPartnerRecursion.test_101_res_partner_recursion ... 
2026-02-09 10:41:53,033 1 INFO betopiaerp betopiaerp.addons.base.tests.test_res_partner: Starting TestPartnerRecursion.test_102_res_partner_recursion ... 
2026-02-09 10:41:53,043 1 INFO betopiaerp betopiaerp.addons.base.tests.test_res_partner: Starting TestPartnerRecursion.test_103_res_partner_recursion ... 
2026-02-09 10:41:53,054 1 INFO betopiaerp betopiaerp.addons.base.tests.test_res_partner: Starting TestPartnerRecursion.test_104_res_partner_recursion_indirect_cycle ... 
2026-02-09 10:41:53,069 1 INFO betopiaerp betopiaerp.addons.base.tests.test_res_partner: Starting TestPartnerRecursion.test_105_res_partner_recursion ... 
2026-02-09 10:41:53,079 1 INFO betopiaerp betopiaerp.addons.base.tests.test_res_partner: Starting TestPartnerRecursion.test_110_res_partner_recursion_multi_update ... 
2026-02-09 10:41:53,087 1 INFO betopiaerp betopiaerp.addons.base.tests.test_res_partner: Starting TestPartnerRecursion.test_111_res_partner_recursion_infinite_loop ... 
2026-02-09 10:41:53,109 1 INFO betopiaerp betopiaerp.addons.base.models.ir_attachment: filestore gc 0 checked, 0 removed 
2026-02-09 10:41:53,110 1 INFO betopiaerp betopiaerp.addons.base.tests.test_res_partner: Starting TestPartnerCategory.test_name_search ... 
2026-02-09 10:41:53,114 1 INFO betopiaerp betopiaerp.addons.base.models.ir_attachment: filestore gc 0 checked, 0 removed 
2026-02-09 10:41:53,136 1 INFO betopiaerp betopiaerp.addons.base.tests.test_res_partner_bank: Starting TestResPartnerBank.test_sanitized_acc_number ... 
2026-02-09 10:41:53,148 1 INFO betopiaerp betopiaerp.addons.base.models.ir_attachment: filestore gc 1 checked, 1 removed 
2026-02-09 10:41:53,149 1 INFO betopiaerp betopiaerp.addons.base.tests.test_res_partner_merge: Starting TestMergePartner.test_merge_partners_with_duplicate_bank_accounts ... 
2026-02-09 10:41:53,164 1 INFO betopiaerp betopiaerp.addons.base.partner.merge: dst_partner: 3262 
2026-02-09 10:41:53,201 1 INFO betopiaerp betopiaerp.addons.base.partner.merge: (uid = 1) merged the partners [3261, 3263] with 3262 
2026-02-09 10:41:53,205 1 INFO betopiaerp betopiaerp.models.unlink: User #1 deleted res.partner records with IDs: [3261, 3263] 
2026-02-09 10:41:53,208 1 INFO betopiaerp betopiaerp.addons.base.tests.test_res_partner_merge: Starting TestMergePartner.test_merge_partners_with_duplicate_bank_accounts_with_destination ... 
2026-02-09 10:41:53,219 1 INFO betopiaerp betopiaerp.addons.base.partner.merge: dst_partner: 3264 
2026-02-09 10:41:53,249 1 INFO betopiaerp betopiaerp.addons.base.partner.merge: (uid = 1) merged the partners [3266] with 3264 
2026-02-09 10:41:53,253 1 INFO betopiaerp betopiaerp.models.unlink: User #1 deleted res.partner records with IDs: [3266] 
2026-02-09 10:41:53,254 1 INFO betopiaerp betopiaerp.addons.base.tests.test_res_partner_merge: Starting TestMergePartner.test_merge_partners_with_peon_user ... 
2026-02-09 10:41:53,289 1 INFO betopiaerp betopiaerp.addons.base.models.ir_model: Access Denied by ACLs for operation: write, uid: 770, model: res.partner.bank 
2026-02-09 10:41:53,304 1 INFO betopiaerp betopiaerp.addons.base.partner.merge: dst_partner: 3268 
2026-02-09 10:41:53,347 1 INFO betopiaerp betopiaerp.addons.base.partner.merge: (uid = 770) merged the partners [3267, 3269] with 3268 
2026-02-09 10:41:53,354 1 INFO betopiaerp betopiaerp.models.unlink: User #770 deleted res.partner records with IDs: [3267, 3269] 
2026-02-09 10:41:53,357 1 INFO betopiaerp betopiaerp.addons.base.tests.test_res_partner_merge: Starting TestMergePartner.test_merge_partners_with_references ... 
2026-02-09 10:41:53,371 1 INFO betopiaerp betopiaerp.addons.base.partner.merge: dst_partner: 3271 
2026-02-09 10:41:53,394 1 INFO betopiaerp betopiaerp.addons.base.partner.merge: (uid = 1) merged the partners [3272] with 3271 
2026-02-09 10:41:53,398 1 INFO betopiaerp betopiaerp.models.unlink: User #1 deleted res.partner records with IDs: [3272] 
2026-02-09 10:41:53,400 1 INFO betopiaerp betopiaerp.addons.base.tests.test_res_partner_merge: Starting TestMergePartner.test_merge_partners_with_unique_bank_accounts ... 
2026-02-09 10:41:53,411 1 INFO betopiaerp betopiaerp.addons.base.partner.merge: dst_partner: 3274 
2026-02-09 10:41:53,435 1 INFO betopiaerp betopiaerp.addons.base.partner.merge: (uid = 1) merged the partners [3275] with 3274 
2026-02-09 10:41:53,439 1 INFO betopiaerp betopiaerp.models.unlink: User #1 deleted res.partner records with IDs: [3275] 
2026-02-09 10:41:53,440 1 INFO betopiaerp betopiaerp.addons.base.tests.test_res_partner_merge: Starting TestMergePartner.test_merge_partners_without_bank_accounts ... 
2026-02-09 10:41:53,455 1 INFO betopiaerp betopiaerp.addons.base.partner.merge: dst_partner: 3280 
2026-02-09 10:41:53,478 1 INFO betopiaerp betopiaerp.addons.base.partner.merge: (uid = 1) merged the partners [3281] with 3280 
2026-02-09 10:41:53,481 1 INFO betopiaerp betopiaerp.models.unlink: User #1 deleted res.partner records with IDs: [3281] 
2026-02-09 10:41:53,484 1 INFO betopiaerp betopiaerp.addons.base.models.ir_attachment: filestore gc 1 checked, 1 removed 
2026-02-09 10:41:53,517 1 INFO betopiaerp betopiaerp.addons.base.tests.test_res_users: Starting TestUsers.test_change_user_company ... 
2026-02-09 10:41:53,668 1 INFO betopiaerp betopiaerp.addons.base.tests.test_res_users: Starting TestUsers.test_context_get_lang ... 
2026-02-09 10:41:53,692 1 INFO betopiaerp betopiaerp.addons.base.tests.test_res_users: Starting TestUsers.test_deactivate_portal_users_access ... 
2026-02-09 10:41:53,696 1 INFO betopiaerp betopiaerp.addons.base.tests.test_res_users: Starting TestUsers.test_deactivate_portal_users_archive_and_remove ... 
2026-02-09 10:41:53,713 1 INFO betopiaerp betopiaerp.addons.base.models.res_users: Account deletion asked for "portal_user" (#776) from n/a. Archive the user and remove login information. 
2026-02-09 10:41:53,714 1 INFO betopiaerp betopiaerp.addons.base.models.res_users: Account deletion asked for "portal_user_2" (#777) from n/a. Archive the user and remove login information. 
2026-02-09 10:41:53,728 1 INFO betopiaerp betopiaerp.addons.base.models.ir_cron: Job 'Base: Portal Users Deletion' (2) starting 
2026-02-09 10:41:53,746 1 INFO betopiaerp betopiaerp.models.unlink: User #1 deleted res.users records with IDs: [776] 
2026-02-09 10:41:53,753 1 INFO betopiaerp betopiaerp.models.unlink: User #1 deleted res.partner records with IDs: [3289] 
2026-02-09 10:41:53,762 1 INFO betopiaerp betopiaerp.tests.common: Skipping signal changes during tests 
2026-02-09 10:41:53,763 1 INFO betopiaerp betopiaerp.addons.base.models.ir_cron: Job 'Base: Portal Users Deletion' (2) fully done (#loop 1; done 2; remaining 0; duration 0.04s) 
2026-02-09 10:41:53,766 1 INFO betopiaerp betopiaerp.addons.base.tests.test_res_users: Starting TestUsers.test_delete_public_user ... 
2026-02-09 10:41:53,772 1 INFO betopiaerp betopiaerp.addons.base.tests.test_res_users: Starting TestUsers.test_name_search ... 
2026-02-09 10:41:53,808 1 INFO betopiaerp betopiaerp.addons.base.tests.test_res_users: Starting TestUsers.test_session_non_existing_user ... 
2026-02-09 10:41:53,810 1 INFO betopiaerp betopiaerp.addons.base.tests.test_res_users: Starting TestUsers.test_user_home_action_restriction ... 
2026-02-09 10:41:53,840 1 INFO betopiaerp betopiaerp.addons.base.tests.test_res_users: Starting TestUsers.test_user_partner ... 
2026-02-09 10:41:53,939 1 INFO betopiaerp betopiaerp.addons.base.tests.test_res_users: Starting TestUsers.test_user_self_update ... 
2026-02-09 10:41:53,961 1 INFO betopiaerp betopiaerp.addons.base.models.ir_attachment: filestore gc 8 checked, 8 removed 
2026-02-09 10:41:53,962 1 INFO betopiaerp betopiaerp.addons.base.tests.test_res_users: Starting TestUsersTweaks.test_superuser ... 
2026-02-09 10:41:53,966 1 INFO betopiaerp betopiaerp.addons.base.models.ir_attachment: filestore gc 0 checked, 0 removed 
2026-02-09 10:41:53,967 1 INFO betopiaerp betopiaerp.addons.base.tests.test_search: Starting test_search.test_00_search_order ... 
2026-02-09 10:41:53,997 1 INFO betopiaerp betopiaerp.addons.base.tests.test_search: Starting test_search.test_10_inherits_m2order ... 
2026-02-09 10:41:54,050 1 INFO betopiaerp betopiaerp.addons.base.tests.test_search: Starting test_search.test_11_indirect_inherits_m2o_order ... 
2026-02-09 10:41:54,088 1 INFO betopiaerp betopiaerp.addons.base.tests.test_search: Starting test_search.test_12_m2o_order_loop_self ... 
2026-02-09 10:41:54,094 1 INFO betopiaerp betopiaerp.addons.base.tests.test_search: Starting test_search.test_13_m2o_order_loop_multi ... 
2026-02-09 10:41:54,150 1 INFO betopiaerp betopiaerp.addons.base.tests.test_search: Starting test_search.test_20_x_active ... 
2026-02-09 10:41:54,203 1 INFO betopiaerp betopiaerp.addons.base.tests.test_search: Starting test_search.test_21_search_count ... 
2026-02-09 10:41:54,212 1 INFO betopiaerp betopiaerp.addons.base.tests.test_search: Starting test_search.test_22_like_folding ... 
2026-02-09 10:41:54,215 1 INFO betopiaerp betopiaerp.addons.base.models.ir_attachment: filestore gc 9 checked, 9 removed 
2026-02-09 10:41:54,508 1 INFO betopiaerp betopiaerp.addons.base.tests.test_signature: Starting TestSignature.test_BetopiaERP_pdf_signer ... 
2026-02-09 10:41:54,525 1 INFO betopiaerp betopiaerp.addons.base.models.ir_attachment: filestore gc 0 checked, 0 removed 
2026-02-09 10:41:54,526 1 INFO betopiaerp betopiaerp.addons.base.tests.test_split_table: Starting TestSplitTable.test_split_table ... 
2026-02-09 10:41:54,549 1 INFO betopiaerp betopiaerp.addons.base.models.ir_attachment: filestore gc 0 checked, 0 removed 
2026-02-09 10:41:54,550 1 INFO betopiaerp betopiaerp.addons.base.tests.test_sql: Starting TestSQL.test_complex_sql ... 
2026-02-09 10:41:54,550 1 INFO betopiaerp betopiaerp.addons.base.tests.test_sql: Starting TestSQL.test_escape_percent ... 
2026-02-09 10:41:54,551 1 INFO betopiaerp betopiaerp.addons.base.tests.test_sql: Starting TestSQL.test_sql_bool ... 
2026-02-09 10:41:54,551 1 INFO betopiaerp betopiaerp.addons.base.tests.test_sql: Starting TestSQL.test_sql_empty ... 
2026-02-09 10:41:54,551 1 INFO betopiaerp betopiaerp.addons.base.tests.test_sql: Starting TestSQL.test_sql_equality ... 
2026-02-09 10:41:54,552 1 INFO betopiaerp betopiaerp.addons.base.tests.test_sql: Starting TestSQL.test_sql_hash ... 
2026-02-09 10:41:54,552 1 INFO betopiaerp betopiaerp.addons.base.tests.test_sql: Starting TestSQL.test_sql_idempotence ... 
2026-02-09 10:41:54,552 1 INFO betopiaerp betopiaerp.addons.base.tests.test_sql: Starting TestSQL.test_sql_identifier ... 
2026-02-09 10:41:54,553 1 INFO betopiaerp betopiaerp.addons.base.tests.test_sql: Starting TestSQL.test_sql_join ... 
2026-02-09 10:41:54,553 1 INFO betopiaerp betopiaerp.addons.base.tests.test_sql: Starting TestSQL.test_sql_with_literal_parameters ... 
2026-02-09 10:41:54,553 1 INFO betopiaerp betopiaerp.addons.base.tests.test_sql: Starting TestSQL.test_sql_with_named_parameters ... 
2026-02-09 10:41:54,554 1 INFO betopiaerp betopiaerp.addons.base.tests.test_sql: Starting TestSQL.test_sql_with_no_parameter ... 
2026-02-09 10:41:54,554 1 INFO betopiaerp betopiaerp.addons.base.tests.test_sql: Starting TestSQL.test_sql_with_sql_parameters ... 
2026-02-09 10:41:54,554 1 INFO betopiaerp betopiaerp.addons.base.tests.test_sql: Starting TestSQL.test_sql_with_wrong_pattern ... 
2026-02-09 10:41:54,555 1 INFO betopiaerp betopiaerp.addons.base.tests.test_sql: Starting TestSqlTools.test_add_constraint ... 
2026-02-09 10:41:54,558 1 INFO betopiaerp betopiaerp.addons.base.tests.test_sql: Starting TestSqlTools.test_add_index ... 
2026-02-09 10:41:54,563 1 INFO betopiaerp betopiaerp.addons.base.tests.test_sql: Starting TestSqlTools.test_add_index_escape ... 
2026-02-09 10:41:54,567 1 INFO betopiaerp betopiaerp.addons.base.models.ir_attachment: filestore gc 0 checked, 0 removed 
2026-02-09 10:41:54,567 1 INFO betopiaerp betopiaerp.addons.base.tests.test_test_retry: Starting TestRetry.test_log_levels ... 
2026-02-09 10:41:54,567 1 INFO betopiaerp betopiaerp.addons.base.tests.test_test_retry: test info 
2026-02-09 10:41:54,568 1 INFO betopiaerp betopiaerp.addons.base.tests.test_test_retry: Starting TestRetry.test_retry_success ... 
2026-02-09 10:41:54,568 1 INFO betopiaerp betopiaerp.addons.base.tests.test_test_retry: Starting TestRetryTraceback.test_retry_traceback_success ... 
2026-02-09 10:41:54,569 1 INFO betopiaerp betopiaerp.addons.base.tests.test_test_retry: Starting TestRetryTracebackArg.test_retry_traceback_args_success ... 
2026-02-09 10:41:54,569 1 INFO betopiaerp betopiaerp.addons.base.tests.test_test_retry: Starting TestRetryRollbackedCursor.test_broken_cursor ... 
2026-02-09 10:41:54,571 1 INFO betopiaerp betopiaerp.addons.base.models.ir_attachment: filestore gc 0 checked, 0 removed 
2026-02-09 10:41:54,571 1 INFO betopiaerp betopiaerp.addons.base.tests.test_test_retry: Starting TestRetryCommitedCursor.test_broken_cursor ... 
2026-02-09 10:41:54,573 1 INFO betopiaerp betopiaerp.addons.base.models.ir_attachment: filestore gc 0 checked, 0 removed 
2026-02-09 10:41:54,574 1 INFO betopiaerp betopiaerp.addons.base.tests.test_test_retry: Starting TestRetryRollbackedCursorError.test_broken_cursor ... 
2026-02-09 10:41:54,576 1 INFO betopiaerp betopiaerp.addons.base.models.ir_attachment: filestore gc 0 checked, 0 removed 
2026-02-09 10:41:54,576 1 INFO betopiaerp betopiaerp.addons.base.tests.test_test_retry: Starting TestRetryCommitedCursorError.test_broken_cursor ... 
2026-02-09 10:41:54,578 1 INFO betopiaerp betopiaerp.addons.base.models.ir_attachment: filestore gc 0 checked, 0 removed 
2026-02-09 10:41:54,579 1 INFO betopiaerp betopiaerp.addons.base.tests.test_test_retry: Starting TestRetrySubtest.test_retry_subtest_success_all ... 
2026-02-09 10:41:54,579 1 INFO betopiaerp betopiaerp.addons.base.tests.test_test_retry: Starting TestRetrySubtest.test_retry_subtest_success_one ... 
2026-02-09 10:41:54,579 1 INFO betopiaerp betopiaerp.addons.base.tests.test_test_suite: Starting TestTestSuite.test_test_suite ... 
2026-02-09 10:41:54,580 1 INFO betopiaerp betopiaerp.addons.base.tests.test_test_suite: Starting TestRunnerLogging.test_assertQueryCount ... 
2026-02-09 10:41:54,605 1 INFO betopiaerp betopiaerp.addons.base.tests.test_test_suite: ====================================================================== 
2026-02-09 10:41:54,605 1 ERROR betopiaerp betopiaerp.addons.base.tests.test_test_suite: ERROR: TestRunnerLogging.test_assertQueryCount
AssertionError: Key `msg` did not matched expected:
  FAIL: Subtest TestRunnerLogging.test_assertQueryCount (<subtest>)
  Traceback (most recent call last):
    File "/root_path/BetopiaERP/betopiaerp/addons/base/tests/test_test_suite.py", line $line, in test_assertQueryCount
      with self.assertQueryCount(system=0):
    File "/usr/lib/python/contextlib.py", line $line, in __exit__
      next(self.gen)
    File "/root_path/BetopiaERP/betopiaerp/tests/common.py", line $line, in assertQueryCount
      self.fail(msg % (login, count, expected, funcname, filename, linenum))
- AssertionError: Query count more than expected for user __system__: 1 > 0 in test_assertQueryCount at base/tests/test_test_suite.py:$line
+ AssertionError: Query count more than expected for user __system__: 1 > 0 in test_assertQueryCount at /opt/betopiaerp/betopiaerp/addons/base/tests/test_test_suite.py:$line
?                                                                                                       ++++++++++++++++++++++++++++++++++

 
2026-02-09 10:41:54,606 1 INFO betopiaerp betopiaerp.addons.base.tests.test_test_suite: Starting TestRunnerLogging.test_assertQueryCount_with_decorators ... 
2026-02-09 10:41:54,625 1 INFO betopiaerp betopiaerp.addons.base.tests.test_test_suite: Starting TestRunnerLogging.test_call_stack ... 
2026-02-09 10:41:54,627 1 INFO betopiaerp betopiaerp.addons.base.tests.test_test_suite: Starting TestRunnerLogging.test_call_stack_context_manager ... 
2026-02-09 10:41:54,630 1 INFO betopiaerp betopiaerp.addons.base.tests.test_test_suite: Starting TestRunnerLogging.test_call_stack_subtest ... 
2026-02-09 10:41:54,632 1 INFO betopiaerp betopiaerp.addons.base.tests.test_test_suite: Starting TestRunnerLogging.test_handle_error ... 
2026-02-09 10:41:54,635 1 INFO betopiaerp betopiaerp.addons.base.tests.test_test_suite: Starting TestRunnerLogging.test_has_add_error ... 
2026-02-09 10:41:54,636 1 INFO betopiaerp betopiaerp.addons.base.tests.test_test_suite: Starting TestRunnerLogging.test_raise ... 
2026-02-09 10:41:54,638 1 INFO betopiaerp betopiaerp.addons.base.tests.test_test_suite: Starting TestRunnerLogging.test_raise_subtest ... 
2026-02-09 10:41:54,642 1 INFO betopiaerp betopiaerp.addons.base.tests.test_test_suite: Starting TestRunnerLogging.test_reraise ... 
2026-02-09 10:41:54,644 1 INFO betopiaerp betopiaerp.addons.base.tests.test_test_suite: Starting TestRunnerLogging.test_subtest_sub_call ... 
2026-02-09 10:41:54,646 1 INFO betopiaerp betopiaerp.addons.base.tests.test_test_suite: Starting TestRunnerLogging.test_traverse_contextmanager ... 
2026-02-09 10:41:54,648 1 INFO betopiaerp betopiaerp.addons.base.tests.test_test_suite: Starting TestRunnerLogging.test_with_decorators ... 
2026-02-09 10:41:54,653 1 INFO betopiaerp betopiaerp.addons.base.models.ir_attachment: filestore gc 0 checked, 0 removed 
2026-02-09 10:41:54,654 1 INFO betopiaerp betopiaerp.addons.base.tests.test_test_suite: Starting TestRunnerLoggingSetup.test_raises_setup ... 
2026-02-09 10:41:54,660 1 INFO betopiaerp betopiaerp.addons.base.models.ir_attachment: filestore gc 0 checked, 0 removed 
2026-02-09 10:41:54,661 1 INFO betopiaerp betopiaerp.addons.base.tests.test_test_suite: Starting TestRunnerLoggingTeardown.test_raises_teardown ... 
2026-02-09 10:41:54,671 1 INFO betopiaerp betopiaerp.addons.base.models.ir_attachment: filestore gc 0 checked, 0 removed 
2026-02-09 10:41:54,672 1 INFO betopiaerp betopiaerp.addons.base.tests.test_test_suite: Starting TestSubtests.test_nested_subtests ... 
2026-02-09 10:41:54,673 1 INFO betopiaerp betopiaerp.tests.suite: skipped setUpClass (betopiaerp.addons.base.tests.test_test_suite.TestClassSetup) : Skip this class 
2026-02-09 10:41:54,673 1 INFO betopiaerp betopiaerp.addons.base.tests.test_test_suite: Starting TestClassTeardown.test_method ... 
2026-02-09 10:41:54,673 1 INFO betopiaerp betopiaerp.tests.suite: skipped tearDownClass (betopiaerp.addons.base.tests.test_test_suite.TestClassTeardown) : Skip this class 
2026-02-09 10:41:54,673 1 INFO betopiaerp betopiaerp.addons.base.tests.test_test_suite: Starting Test01ClassCleanups.test_dummy ... 
2026-02-09 10:41:54,674 1 INFO betopiaerp betopiaerp.addons.base.tests.test_test_suite: Starting Test02ClassCleanupsCheck.test_classcleanups ... 
2026-02-09 10:41:54,674 1 INFO betopiaerp betopiaerp.addons.base.tests.test_test_suite: Starting TestSkipMethof.test_skip_method ... 
2026-02-09 10:41:54,674 1 INFO betopiaerp betopiaerp.addons.base.tests.test_test_suite: skipped TestSkipMethof.test_skip_method :  
2026-02-09 10:41:54,675 1 INFO betopiaerp betopiaerp.addons.base.tests.test_test_suite: Starting TestRegistryRLock.test_registry_rlock_count ... 
2026-02-09 10:41:54,675 1 INFO betopiaerp betopiaerp.addons.base.tests.test_tests_tags: Starting TestSetTags.test_inheritance ... 
2026-02-09 10:41:54,676 1 INFO betopiaerp betopiaerp.addons.base.tests.test_tests_tags: Starting TestSetTags.test_parental_advisory ... 
2026-02-09 10:41:54,677 1 INFO betopiaerp betopiaerp.addons.base.tests.test_tests_tags: Starting TestSetTags.test_set_tags_empty ... 
2026-02-09 10:41:54,678 1 INFO betopiaerp betopiaerp.addons.base.tests.test_tests_tags: Starting TestSetTags.test_set_tags_multiple_tags ... 
2026-02-09 10:41:54,678 1 INFO betopiaerp betopiaerp.addons.base.tests.test_tests_tags: Starting TestSetTags.test_set_tags_not_decorated ... 
2026-02-09 10:41:54,679 1 INFO betopiaerp betopiaerp.addons.base.tests.test_tests_tags: Starting TestSetTags.test_set_tags_single_tag ... 
2026-02-09 10:41:54,680 1 INFO betopiaerp betopiaerp.addons.base.tests.test_tests_tags: Starting TestSetTags.test_untagging ... 
2026-02-09 10:41:54,681 1 INFO betopiaerp betopiaerp.addons.base.models.ir_attachment: filestore gc 0 checked, 0 removed 
2026-02-09 10:41:54,682 1 INFO betopiaerp betopiaerp.addons.base.tests.test_tests_tags: Starting TestSelector.test_selector_parser ... 
2026-02-09 10:41:54,683 1 INFO betopiaerp betopiaerp.addons.base.models.ir_attachment: filestore gc 0 checked, 0 removed 
2026-02-09 10:41:54,684 1 INFO betopiaerp betopiaerp.addons.base.tests.test_tests_tags: Starting TestSelectorSelection.test_negative_parameters_translate ... 
2026-02-09 10:41:54,685 1 INFO betopiaerp betopiaerp.addons.base.tests.test_tests_tags: Starting TestSelectorSelection.test_selector_parser_parameters ... 
2026-02-09 10:41:54,685 1 INFO betopiaerp betopiaerp.addons.base.tests.test_tests_tags: Starting TestSelectorSelection.test_selector_selection ... 
2026-02-09 10:41:54,687 1 INFO betopiaerp betopiaerp.addons.base.models.ir_attachment: filestore gc 0 checked, 0 removed 
2026-02-09 10:41:54,688 1 INFO betopiaerp betopiaerp.addons.base.tests.test_tests_tags: Starting TestTestClass.test_canonical_tag ... 
2026-02-09 10:41:54,688 1 INFO betopiaerp betopiaerp.addons.base.tests.test_transactions: Starting TestTransactionEnvs.test_transation_envs_ordered ... 
2026-02-09 10:41:54,689 1 INFO betopiaerp betopiaerp.addons.base.tests.test_transactions: Starting TestTransactionEnvs.test_transation_envs_weakrefs ... 
2026-02-09 10:41:54,690 1 INFO betopiaerp betopiaerp.addons.base.tests.test_transactions: Starting TestTransactionEnvs.test_transation_envs_weakrefs_call ... 
2026-02-09 10:41:54,691 1 INFO betopiaerp betopiaerp.addons.base.tests.test_transactions: Starting TestTransactionEnvs.test_transation_envs_weakrefs_return ... 
2026-02-09 10:41:54,692 1 INFO betopiaerp betopiaerp.addons.base.models.ir_attachment: filestore gc 0 checked, 0 removed 
2026-02-09 10:41:54,693 1 INFO betopiaerp betopiaerp.addons.base.tests.test_translate: Starting TranslationToolsTestCase.test_quote_unquote ... 
2026-02-09 10:41:54,693 1 INFO betopiaerp betopiaerp.addons.base.tests.test_translate: Starting TranslationToolsTestCase.test_translate_html ... 
2026-02-09 10:41:54,693 1 INFO betopiaerp betopiaerp.addons.base.tests.test_translate: Starting TranslationToolsTestCase.test_translate_html_i ... 
2026-02-09 10:41:54,694 1 INFO betopiaerp betopiaerp.addons.base.tests.test_translate: Starting TranslationToolsTestCase.test_translate_html_nbsp ... 
2026-02-09 10:41:54,694 1 INFO betopiaerp betopiaerp.addons.base.tests.test_translate: Starting TranslationToolsTestCase.test_translate_xml_a ... 
2026-02-09 10:41:54,695 1 INFO betopiaerp betopiaerp.addons.base.tests.test_translate: Starting TranslationToolsTestCase.test_translate_xml_attribute ... 
2026-02-09 10:41:54,695 1 INFO betopiaerp betopiaerp.addons.base.tests.test_translate: Starting TranslationToolsTestCase.test_translate_xml_base ... 
2026-02-09 10:41:54,696 1 INFO betopiaerp betopiaerp.addons.base.tests.test_translate: Starting TranslationToolsTestCase.test_translate_xml_fstring ... 
2026-02-09 10:41:54,696 1 INFO betopiaerp betopiaerp.addons.base.tests.test_translate: Starting TranslationToolsTestCase.test_translate_xml_illegal_translations ... 
2026-02-09 10:41:54,697 1 INFO betopiaerp betopiaerp.addons.base.tests.test_translate: Starting TranslationToolsTestCase.test_translate_xml_inline1 ... 
2026-02-09 10:41:54,697 1 INFO betopiaerp betopiaerp.addons.base.tests.test_translate: Starting TranslationToolsTestCase.test_translate_xml_inline2 ... 
2026-02-09 10:41:54,697 1 INFO betopiaerp betopiaerp.addons.base.tests.test_translate: Starting TranslationToolsTestCase.test_translate_xml_inline3 ... 
2026-02-09 10:41:54,698 1 INFO betopiaerp betopiaerp.addons.base.tests.test_translate: Starting TranslationToolsTestCase.test_translate_xml_inline4 ... 
2026-02-09 10:41:54,698 1 INFO betopiaerp betopiaerp.addons.base.tests.test_translate: Starting TranslationToolsTestCase.test_translate_xml_inline5 ... 
2026-02-09 10:41:54,698 1 INFO betopiaerp betopiaerp.addons.base.tests.test_translate: Starting TranslationToolsTestCase.test_translate_xml_invalid_translations ... 
2026-02-09 10:41:54,699 1 INFO betopiaerp betopiaerp.addons.base.tests.test_translate: Starting TranslationToolsTestCase.test_translate_xml_off ... 
2026-02-09 10:41:54,699 1 INFO betopiaerp betopiaerp.addons.base.tests.test_translate: Starting TranslationToolsTestCase.test_translate_xml_t ... 
2026-02-09 10:41:54,699 1 INFO betopiaerp betopiaerp.addons.base.tests.test_translate: Starting TranslationToolsTestCase.test_translate_xml_text ... 
2026-02-09 10:41:54,700 1 INFO betopiaerp betopiaerp.addons.base.tests.test_translate: Starting TranslationToolsTestCase.test_translate_xml_text_entity ... 
2026-02-09 10:41:54,700 1 INFO betopiaerp betopiaerp.addons.base.tests.test_translate: Starting TranslationToolsTestCase.test_translate_xml_unicode ... 
2026-02-09 10:41:54,700 1 INFO betopiaerp betopiaerp.addons.base.tests.test_translate: Starting TranslationToolsTestCase.test_translate_xml_with_namespace ... 
2026-02-09 10:41:54,701 1 INFO betopiaerp betopiaerp.addons.base.tests.test_translate: Starting TestLanguageInstall.test_language_install ... 
2026-02-09 10:41:54,709 1 INFO betopiaerp betopiaerp.addons.base.models.ir_attachment: filestore gc 0 checked, 0 removed 
2026-02-09 10:41:54,712 1 INFO betopiaerp betopiaerp.tools.translate: loading translation file for language fr_FR 
2026-02-09 10:41:54,715 1 INFO betopiaerp betopiaerp.tools.translate: translations are loaded successfully 
2026-02-09 10:41:54,715 1 INFO betopiaerp betopiaerp.addons.base.tests.test_translate: Starting TestTranslation.test_101_create_translated_record ... 
2026-02-09 10:41:54,716 1 INFO betopiaerp betopiaerp.addons.base.tests.test_translate: Starting TestTranslation.test_101_translation_read ... 
2026-02-09 10:41:54,733 1 INFO betopiaerp betopiaerp.models.unlink: User #1 deleted ir.default records with IDs: [1] 
2026-02-09 10:41:54,734 1 INFO betopiaerp betopiaerp.addons.base.tests.test_translate: Starting TestTranslation.test_102_duplicate_record ... 
2026-02-09 10:41:54,738 1 INFO betopiaerp betopiaerp.addons.base.tests.test_translate: Starting TestTranslation.test_103_duplicate_record_fr ... 
2026-02-09 10:41:54,742 1 INFO betopiaerp betopiaerp.addons.base.tests.test_translate: Starting TestTranslation.test_104_orderby_translated_field ... 
2026-02-09 10:41:54,746 1 INFO betopiaerp betopiaerp.addons.base.tests.test_translate: Starting TestTranslation.test_105_duplicate_record_multi_no_en ... 
2026-02-09 10:41:54,759 1 INFO betopiaerp betopiaerp.models.unlink: User #1 deleted ir.default records with IDs: [1] 
2026-02-09 10:41:54,766 1 INFO betopiaerp betopiaerp.addons.base.tests.test_translate: Starting TestTranslation.test_107_duplicate_record_en ... 
2026-02-09 10:41:54,770 1 INFO betopiaerp betopiaerp.addons.base.tests.test_translate: Starting TestTranslation.test_108_search_en ... 
2026-02-09 10:41:54,772 1 INFO betopiaerp betopiaerp.addons.base.tests.test_translate: Starting TestTranslation.test_109_search_fr ... 
2026-02-09 10:41:54,775 1 INFO betopiaerp betopiaerp.addons.base.tests.test_translate: Starting TestTranslation.test_110_search_es ... 
2026-02-09 10:41:54,780 1 INFO betopiaerp betopiaerp.addons.base.tests.test_translate: Starting TestTranslation.test_111_prefetch_langs ... 
2026-02-09 10:41:54,794 1 INFO betopiaerp betopiaerp.models.unlink: User #1 deleted ir.default records with IDs: [1] 
2026-02-09 10:41:54,799 1 INFO betopiaerp betopiaerp.addons.base.models.ir_attachment: filestore gc 0 checked, 0 removed 
2026-02-09 10:41:54,802 1 INFO betopiaerp betopiaerp.addons.base.tests.test_translate: Starting TestTranslationWrite.test_00 ... 
2026-02-09 10:41:54,811 1 INFO betopiaerp betopiaerp.addons.base.tests.test_translate: Starting TestTranslationWrite.test_01_invalid_lang ... 
2026-02-09 10:41:54,823 1 INFO betopiaerp betopiaerp.addons.base.tests.test_translate: Starting TestTranslationWrite.test_03_fr_single ... 
2026-02-09 10:41:54,835 1 INFO betopiaerp betopiaerp.models.unlink: User #1 deleted ir.default records with IDs: [1] 
2026-02-09 10:41:54,839 1 INFO betopiaerp betopiaerp.addons.base.tests.test_translate: Starting TestTranslationWrite.test_04_fr_multi ... 
2026-02-09 10:41:54,841 1 INFO betopiaerp betopiaerp.tools.translate: loading translation file for language fr_FR 
2026-02-09 10:41:54,843 1 INFO betopiaerp betopiaerp.tools.translate: translations are loaded successfully 
2026-02-09 10:41:54,845 1 INFO betopiaerp betopiaerp.addons.base.tests.test_translate: Starting TestTranslationWrite.test_04_fr_multi_no_en ... 
2026-02-09 10:41:54,860 1 INFO betopiaerp betopiaerp.models.unlink: User #1 deleted ir.default records with IDs: [1] 
2026-02-09 10:41:54,864 1 INFO betopiaerp betopiaerp.addons.base.tests.test_translate: Starting TestTranslationWrite.test_05_remove_multi_false ... 
2026-02-09 10:41:54,868 1 INFO betopiaerp betopiaerp.addons.base.tests.test_translate: Starting TestTranslationWrite.test_create_empty_false ... 
2026-02-09 10:41:54,876 1 INFO betopiaerp betopiaerp.addons.base.tests.test_translate: Starting TestTranslationWrite.test_field_selection ... 
2026-02-09 10:41:54,893 1 INFO betopiaerp betopiaerp.addons.base.tests.test_translate: Starting TestTranslationWrite.test_load_views ... 
2026-02-09 10:41:54,897 1 INFO betopiaerp betopiaerp.tools.translate: loading translation file for language fr_FR 
2026-02-09 10:41:54,903 1 INFO betopiaerp betopiaerp.tools.translate: translations are loaded successfully 
2026-02-09 10:41:54,934 1 INFO betopiaerp betopiaerp.addons.base.tests.test_translate: Starting TestTranslationWrite.test_update_field_translations ... 
2026-02-09 10:41:54,944 1 INFO betopiaerp betopiaerp.addons.base.tests.test_translate: Starting TestTranslationWrite.test_update_field_translations_for_empty ... 
2026-02-09 10:41:54,955 1 INFO betopiaerp betopiaerp.addons.base.tests.test_translate: Starting TestTranslationWrite.test_write_empty_and_value ... 
2026-02-09 10:41:54,980 1 INFO betopiaerp betopiaerp.addons.base.models.ir_attachment: filestore gc 0 checked, 0 removed 
2026-02-09 10:41:54,987 1 INFO betopiaerp betopiaerp.addons.base.tests.test_translate: Starting TestXMLTranslation.test_cache_consistency ... 
2026-02-09 10:41:54,999 1 INFO betopiaerp betopiaerp.addons.base.tests.test_translate: Starting TestXMLTranslation.test_copy ... 
2026-02-09 10:41:55,019 1 INFO betopiaerp betopiaerp.addons.base.tests.test_translate: Starting TestXMLTranslation.test_delay_translations ... 
2026-02-09 10:41:55,032 1 INFO betopiaerp betopiaerp.addons.base.tests.test_translate: Starting TestXMLTranslation.test_delay_translations_no_term ... 
2026-02-09 10:41:55,043 1 INFO betopiaerp betopiaerp.addons.base.tests.test_translate: Starting TestXMLTranslation.test_spaces ... 
2026-02-09 10:41:55,049 1 INFO betopiaerp betopiaerp.addons.base.tests.test_translate: Starting TestXMLTranslation.test_sync ... 
2026-02-09 10:41:55,066 1 INFO betopiaerp betopiaerp.addons.base.tests.test_translate: Starting TestXMLTranslation.test_sync_text_to_xml ... 
2026-02-09 10:41:55,076 1 INFO betopiaerp betopiaerp.addons.base.tests.test_translate: Starting TestXMLTranslation.test_sync_xml ... 
2026-02-09 10:41:55,088 1 INFO betopiaerp betopiaerp.addons.base.tests.test_translate: Starting TestXMLTranslation.test_sync_xml_attribute ... 
2026-02-09 10:41:55,097 1 INFO betopiaerp betopiaerp.addons.base.tests.test_translate: Starting TestXMLTranslation.test_sync_xml_close_terms ... 
2026-02-09 10:41:55,108 1 INFO betopiaerp betopiaerp.addons.base.tests.test_translate: Starting TestXMLTranslation.test_sync_xml_collision ... 
2026-02-09 10:41:55,122 1 INFO betopiaerp betopiaerp.addons.base.tests.test_translate: Starting TestXMLTranslation.test_sync_xml_inline_modifiers ... 
2026-02-09 10:41:55,135 1 INFO betopiaerp betopiaerp.addons.base.tests.test_translate: Starting TestXMLTranslation.test_sync_xml_no_en ... 
2026-02-09 10:41:55,150 1 INFO betopiaerp betopiaerp.models.unlink: User #1 deleted ir.default records with IDs: [1] 
2026-02-09 10:41:55,156 1 INFO betopiaerp betopiaerp.addons.base.tests.test_translate: Starting TestXMLTranslation.test_sync_xml_upgrade ... 
2026-02-09 10:41:55,183 1 INFO betopiaerp betopiaerp.addons.base.tests.test_translate: Starting TestXMLTranslation.test_t_call_no_normal_attribute_translation ... 
2026-02-09 10:41:55,198 1 INFO betopiaerp betopiaerp.addons.base.tests.test_translate: Starting TestXMLTranslation.test_update_field_translations ... 
2026-02-09 10:41:55,217 1 INFO betopiaerp betopiaerp.addons.base.tests.test_translate: Starting TestXMLTranslation.test_update_field_translations_empty_str ... 
2026-02-09 10:41:55,228 1 INFO betopiaerp betopiaerp.addons.base.tests.test_translate: Starting TestXMLTranslation.test_update_field_translations_partially ... 
2026-02-09 10:41:55,240 1 INFO betopiaerp betopiaerp.addons.base.tests.test_translate: Starting TestXMLTranslation.test_update_field_translations_source_lang ... 
2026-02-09 10:41:55,254 1 INFO betopiaerp betopiaerp.addons.base.tests.test_translate: Starting TestXMLTranslation.test_update_field_translations_typofix ... 
2026-02-09 10:41:55,274 1 INFO betopiaerp betopiaerp.addons.base.models.ir_attachment: filestore gc 0 checked, 0 removed 
2026-02-09 10:41:55,290 1 INFO betopiaerp betopiaerp.addons.base.tests.test_translate: Starting TestXMLDuplicateTranslations.test_copy ... 
2026-02-09 10:41:55,301 1 INFO betopiaerp betopiaerp.addons.base.tests.test_translate: Starting TestXMLDuplicateTranslations.test_get_field_translations ... 
2026-02-09 10:41:55,303 1 INFO betopiaerp betopiaerp.addons.base.tests.test_translate: Starting TestXMLDuplicateTranslations.test_update_field_translations_again ... 
2026-02-09 10:41:55,319 1 INFO betopiaerp betopiaerp.addons.base.tests.test_translate: Starting TestXMLDuplicateTranslations.test_update_field_translations_result ... 
2026-02-09 10:41:55,323 1 INFO betopiaerp betopiaerp.addons.base.tests.test_translate: Starting TestXMLDuplicateTranslations.test_write ... 
2026-02-09 10:41:55,334 1 INFO betopiaerp betopiaerp.addons.base.models.ir_attachment: filestore gc 0 checked, 0 removed 
2026-02-09 10:41:55,335 1 INFO betopiaerp betopiaerp.addons.base.tests.test_translate: Starting TestHTMLTranslation.test_delay_translations_no_term ... 
2026-02-09 10:41:55,404 1 INFO betopiaerp betopiaerp.addons.base.tests.test_translate: Starting TestHTMLTranslation.test_write_non_existing ... 
2026-02-09 10:41:55,408 1 INFO betopiaerp betopiaerp.addons.base.models.ir_attachment: filestore gc 0 checked, 0 removed 
2026-02-09 10:41:55,408 1 INFO betopiaerp betopiaerp.addons.base.tests.test_translate: Starting TestTranslationTrigramIndexPatterns.test_pattern_conversion ... 
2026-02-09 10:41:55,409 1 INFO betopiaerp betopiaerp.addons.base.tests.test_translate: Starting TestTranslationTrigramIndexPatterns.test_value_conversion ... 
2026-02-09 10:41:55,410 1 INFO betopiaerp betopiaerp.addons.base.tests.test_tz: Starting TestTZ.test_cannot_set_deprecated_timezone ... 
2026-02-09 10:41:55,413 1 INFO betopiaerp betopiaerp.addons.base.tests.test_tz: Starting TestTZ.test_dont_adapt_available_tz ... 
2026-02-09 10:41:55,414 1 INFO betopiaerp betopiaerp.addons.base.tests.test_tz: Starting TestTZ.test_partner_with_old_tz ... 
2026-02-09 10:41:55,420 1 INFO betopiaerp betopiaerp.addons.base.tests.test_tz: Starting TestTZ.test_tz_legacy ... 
2026-02-09 10:41:55,442 1 INFO betopiaerp betopiaerp.addons.base.models.ir_attachment: filestore gc 0 checked, 0 removed 
2026-02-09 10:41:55,443 1 INFO betopiaerp betopiaerp.addons.base.tests.test_user_has_group: Starting TestHasGroup.test_demote_user ... 
2026-02-09 10:41:55,491 1 INFO betopiaerp betopiaerp.addons.base.tests.test_user_has_group: Starting TestHasGroup.test_env_uid ... 
2026-02-09 10:41:55,513 1 INFO betopiaerp betopiaerp.addons.base.tests.test_user_has_group: Starting TestHasGroup.test_has_group_cleared_cache_on_write ... 
2026-02-09 10:41:55,547 1 INFO betopiaerp betopiaerp.addons.base.tests.test_user_has_group: Starting TestHasGroup.test_has_group_with_new_id ... 
2026-02-09 10:41:55,573 1 INFO betopiaerp betopiaerp.addons.base.tests.test_user_has_group: Starting TestHasGroup.test_implied_groups ... 
2026-02-09 10:41:55,643 1 INFO betopiaerp betopiaerp.addons.base.tests.test_user_has_group: Starting TestHasGroup.test_other_user ... 
2026-02-09 10:41:55,672 1 INFO betopiaerp betopiaerp.addons.base.tests.test_user_has_group: Starting TestHasGroup.test_portal_creation ... 
2026-02-09 10:41:55,730 1 INFO betopiaerp betopiaerp.models.unlink: User #1 deleted res.users records with IDs: [807] 
2026-02-09 10:41:55,758 1 INFO betopiaerp betopiaerp.addons.base.tests.test_user_has_group: Starting TestHasGroup.test_portal_write ... 
2026-02-09 10:41:55,807 1 INFO betopiaerp betopiaerp.addons.base.tests.test_user_has_group: Starting TestHasGroup.test_record ... 
2026-02-09 10:41:55,825 1 INFO betopiaerp betopiaerp.addons.base.tests.test_user_has_group: Starting TestHasGroup.test_two_user_types ... 
2026-02-09 10:41:55,886 1 INFO betopiaerp betopiaerp.addons.base.tests.test_user_has_group: Starting TestHasGroup.test_two_user_types_implied_groups ... 
2026-02-09 10:41:55,939 1 INFO betopiaerp betopiaerp.models: Prepare computation of res.users.x_group_names 
2026-02-09 10:41:55,965 1 INFO betopiaerp betopiaerp.models: Prepare computation of res.groups.x_user_names 
2026-02-09 10:41:56,024 1 INFO betopiaerp betopiaerp.addons.base.models.ir_attachment: filestore gc 3 checked, 3 removed 
2026-02-09 10:41:56,025 1 INFO betopiaerp betopiaerp.addons.base.tests.test_views: Starting ViewXMLID.test_model_data_id ... 
2026-02-09 10:41:56,029 1 INFO betopiaerp betopiaerp.addons.base.models.ir_attachment: filestore gc 0 checked, 0 removed 
2026-02-09 10:41:56,029 1 INFO betopiaerp betopiaerp.addons.base.tests.test_views: Starting TestNodeLocator.test_attribute_filter ... 
2026-02-09 10:41:56,030 1 INFO betopiaerp betopiaerp.addons.base.tests.test_views: Starting TestNodeLocator.test_attribute_mismatch ... 
2026-02-09 10:41:56,031 1 INFO betopiaerp betopiaerp.addons.base.tests.test_views: Starting TestNodeLocator.test_match_field ... 
2026-02-09 10:41:56,032 1 INFO betopiaerp betopiaerp.addons.base.tests.test_views: Starting TestNodeLocator.test_match_other ... 
2026-02-09 10:41:56,032 1 INFO betopiaerp betopiaerp.addons.base.tests.test_views: Starting TestNodeLocator.test_match_xpath ... 
2026-02-09 10:41:56,033 1 INFO betopiaerp betopiaerp.addons.base.tests.test_views: Starting TestNodeLocator.test_no_match_field ... 
2026-02-09 10:41:56,034 1 INFO betopiaerp betopiaerp.addons.base.tests.test_views: Starting TestNodeLocator.test_no_match_other ... 
2026-02-09 10:41:56,035 1 INFO betopiaerp betopiaerp.addons.base.tests.test_views: Starting TestNodeLocator.test_no_match_xpath ... 
2026-02-09 10:41:56,035 1 INFO betopiaerp betopiaerp.addons.base.tests.test_views: Starting TestNodeLocator.test_version_mismatch ... 
2026-02-09 10:41:56,037 1 INFO betopiaerp betopiaerp.addons.base.models.ir_attachment: filestore gc 0 checked, 0 removed 
2026-02-09 10:41:56,080 1 INFO betopiaerp betopiaerp.addons.base.tests.test_views: Starting TestViewInheritance.test_broken_hierarchy_locators ... 
2026-02-09 10:41:56,128 1 INFO betopiaerp betopiaerp.addons.base.tests.test_views: Starting TestViewInheritance.test_default_view ... 
2026-02-09 10:41:56,168 1 INFO betopiaerp betopiaerp.addons.base.tests.test_views: Starting TestViewInheritance.test_get_combined_arch_query_count ... 
2026-02-09 10:41:56,235 1 INFO betopiaerp betopiaerp.addons.base.tests.test_views: Query count less than expected for user __system__: 2 < 3 in test_get_combined_arch_query_count at /opt/betopiaerp/betopiaerp/addons/base/tests/test_views.py:317 
2026-02-09 10:41:56,236 1 INFO betopiaerp betopiaerp.addons.base.tests.test_views: Starting TestViewInheritance.test_get_inheriting_views ... 
2026-02-09 10:41:56,281 1 INFO betopiaerp betopiaerp.addons.base.tests.test_views: Starting TestViewInheritance.test_invalid_locators ... 
2026-02-09 10:41:56,328 1 INFO betopiaerp betopiaerp.addons.base.tests.test_views: Starting TestViewInheritance.test_invalid_locators_with_valid_xpath ... 
2026-02-09 10:41:56,388 1 INFO betopiaerp betopiaerp.addons.base.tests.test_views: Starting TestViewInheritance.test_nested_move_invalid_locator ... 
2026-02-09 10:41:56,437 1 INFO betopiaerp betopiaerp.addons.base.tests.test_views: Starting TestViewInheritance.test_no_arch ... 
2026-02-09 10:41:56,480 1 INFO betopiaerp betopiaerp.addons.base.tests.test_views: Starting TestViewInheritance.test_no_default_view ... 
2026-02-09 10:41:56,518 1 INFO betopiaerp betopiaerp.addons.base.tests.test_views: Starting TestViewInheritance.test_no_recursion ... 
2026-02-09 10:41:56,568 1 INFO betopiaerp betopiaerp.addons.base.tests.test_views: Starting TestViewInheritance.test_view_validate_attrs_groups_query_count ... 
2026-02-09 10:41:56,614 1 INFO betopiaerp betopiaerp.addons.base.tests.test_views: Starting TestViewInheritance.test_view_validate_button_action_query_count ... 
2026-02-09 10:41:56,662 1 INFO betopiaerp betopiaerp.addons.base.tests.test_views: Starting TestViewInheritance.test_write_arch ... 
2026-02-09 10:41:56,708 1 INFO betopiaerp betopiaerp.addons.base.models.ir_attachment: filestore gc 1 checked, 1 removed 
2026-02-09 10:41:56,732 1 INFO betopiaerp betopiaerp.addons.base.tests.test_views: Starting TestApplyInheritanceSpecs.test_delete ... 
2026-02-09 10:41:56,738 1 INFO betopiaerp betopiaerp.addons.base.tests.test_views: Starting TestApplyInheritanceSpecs.test_incorrect_version ... 
2026-02-09 10:41:56,742 1 INFO betopiaerp betopiaerp.addons.base.tests.test_views: Starting TestApplyInheritanceSpecs.test_insert_after ... 
2026-02-09 10:41:56,743 1 INFO betopiaerp betopiaerp.addons.base.tests.test_views: Starting TestApplyInheritanceSpecs.test_insert_before ... 
2026-02-09 10:41:56,744 1 INFO betopiaerp betopiaerp.addons.base.tests.test_views: Starting TestApplyInheritanceSpecs.test_insert_inside ... 
2026-02-09 10:41:56,745 1 INFO betopiaerp betopiaerp.addons.base.tests.test_views: Starting TestApplyInheritanceSpecs.test_invalid_position ... 
2026-02-09 10:41:56,749 1 INFO betopiaerp betopiaerp.addons.base.tests.test_views: Starting TestApplyInheritanceSpecs.test_replace_inner ... 
2026-02-09 10:41:56,750 1 INFO betopiaerp betopiaerp.addons.base.tests.test_views: Starting TestApplyInheritanceSpecs.test_replace_inner_2 ... 
2026-02-09 10:41:56,751 1 INFO betopiaerp betopiaerp.addons.base.tests.test_views: Starting TestApplyInheritanceSpecs.test_replace_outer ... 
2026-02-09 10:41:56,752 1 INFO betopiaerp betopiaerp.addons.base.tests.test_views: Starting TestApplyInheritanceSpecs.test_target_not_found ... 
2026-02-09 10:41:56,755 1 INFO betopiaerp betopiaerp.addons.base.tests.test_views: Starting TestApplyInheritanceSpecs.test_unpack_data ... 
2026-02-09 10:41:56,757 1 INFO betopiaerp betopiaerp.addons.base.models.ir_attachment: filestore gc 1 checked, 1 removed 
2026-02-09 10:41:56,784 1 INFO betopiaerp betopiaerp.addons.base.tests.test_views: Starting TestApplyInheritanceWrapSpecs.test_replace ... 
2026-02-09 10:41:56,792 1 INFO betopiaerp betopiaerp.addons.base.models.ir_attachment: filestore gc 1 checked, 1 removed 
2026-02-09 10:41:56,821 1 INFO betopiaerp betopiaerp.addons.base.tests.test_views: Starting TestApplyInheritanceMoveSpecs.test_incorrect_move_1 ... 
2026-02-09 10:41:56,828 1 INFO betopiaerp betopiaerp.addons.base.tests.test_views: Starting TestApplyInheritanceMoveSpecs.test_incorrect_move_2 ... 
2026-02-09 10:41:56,831 1 INFO betopiaerp betopiaerp.addons.base.tests.test_views: Starting TestApplyInheritanceMoveSpecs.test_incorrect_move_3 ... 
2026-02-09 10:41:56,832 1 INFO betopiaerp betopiaerp.addons.base.tests.test_views: Starting TestApplyInheritanceMoveSpecs.test_move_after ... 
2026-02-09 10:41:56,833 1 INFO betopiaerp betopiaerp.addons.base.tests.test_views: Starting TestApplyInheritanceMoveSpecs.test_move_before ... 
2026-02-09 10:41:56,834 1 INFO betopiaerp betopiaerp.addons.base.tests.test_views: Starting TestApplyInheritanceMoveSpecs.test_move_inside ... 
2026-02-09 10:41:56,835 1 INFO betopiaerp betopiaerp.addons.base.tests.test_views: Starting TestApplyInheritanceMoveSpecs.test_move_replace ... 
2026-02-09 10:41:56,836 1 INFO betopiaerp betopiaerp.addons.base.tests.test_views: Starting TestApplyInheritanceMoveSpecs.test_move_with_other_1 ... 
2026-02-09 10:41:56,837 1 INFO betopiaerp betopiaerp.addons.base.tests.test_views: Starting TestApplyInheritanceMoveSpecs.test_move_with_other_2 ... 
2026-02-09 10:41:56,838 1 INFO betopiaerp betopiaerp.addons.base.tests.test_views: Starting TestApplyInheritanceMoveSpecs.test_move_with_tail ... 
2026-02-09 10:41:56,840 1 INFO betopiaerp betopiaerp.addons.base.models.ir_attachment: filestore gc 1 checked, 1 removed 
2026-02-09 10:41:56,862 1 INFO betopiaerp betopiaerp.addons.base.tests.test_views: Starting TestNoModel.test_create_view_nomodel ... 
2026-02-09 10:41:56,869 1 INFO betopiaerp betopiaerp.addons.base.tests.test_views: Starting TestNoModel.test_qweb_translation ... 
2026-02-09 10:41:56,877 1 INFO betopiaerp betopiaerp.addons.base.models.ir_attachment: filestore gc 1 checked, 1 removed 
2026-02-09 10:41:56,900 1 INFO betopiaerp betopiaerp.addons.base.tests.test_views: Starting TestTemplating.test_branding_attribute_groups ... 
2026-02-09 10:41:56,907 1 INFO betopiaerp betopiaerp.addons.base.tests.test_views: Starting TestTemplating.test_branding_distribute_inner ... 
2026-02-09 10:41:56,912 1 INFO betopiaerp betopiaerp.addons.base.tests.test_views: Starting TestTemplating.test_branding_inherit ... 
2026-02-09 10:41:56,917 1 INFO betopiaerp betopiaerp.addons.base.tests.test_views: Starting TestTemplating.test_branding_inherit_multi_replace_node ... 
2026-02-09 10:41:56,924 1 INFO betopiaerp betopiaerp.addons.base.tests.test_views: Starting TestTemplating.test_branding_inherit_multi_replace_node2 ... 
2026-02-09 10:41:56,931 1 INFO betopiaerp betopiaerp.addons.base.tests.test_views: Starting TestTemplating.test_branding_inherit_remove_added_from_inheritance ... 
2026-02-09 10:41:56,938 1 INFO betopiaerp betopiaerp.addons.base.tests.test_views: Starting TestTemplating.test_branding_inherit_remove_node ... 
2026-02-09 10:41:56,943 1 INFO betopiaerp betopiaerp.addons.base.tests.test_views: Starting TestTemplating.test_branding_inherit_remove_node2 ... 
2026-02-09 10:41:56,948 1 INFO betopiaerp betopiaerp.addons.base.tests.test_views: Starting TestTemplating.test_branding_inherit_remove_node_processing_instruction ... 
2026-02-09 10:41:56,953 1 INFO betopiaerp betopiaerp.addons.base.tests.test_views: Starting TestTemplating.test_branding_inherit_replace_node ... 
2026-02-09 10:41:56,958 1 INFO betopiaerp betopiaerp.addons.base.tests.test_views: Starting TestTemplating.test_branding_inherit_replace_node2 ... 
2026-02-09 10:41:56,963 1 INFO betopiaerp betopiaerp.addons.base.tests.test_views: Starting TestTemplating.test_branding_inherit_top_t_field ... 
2026-02-09 10:41:56,970 1 INFO betopiaerp betopiaerp.addons.base.tests.test_views: Starting TestTemplating.test_branding_primary_inherit ... 
2026-02-09 10:41:56,975 1 INFO betopiaerp betopiaerp.addons.base.tests.test_views: Starting TestTemplating.test_branding_remove_add_text ... 
2026-02-09 10:41:56,981 1 INFO betopiaerp betopiaerp.addons.base.tests.test_views: Starting TestTemplating.test_branding_t0 ... 
2026-02-09 10:41:56,986 1 INFO betopiaerp betopiaerp.addons.base.tests.test_views: Starting TestTemplating.test_call_no_branding ... 
2026-02-09 10:41:56,990 1 INFO betopiaerp betopiaerp.addons.base.tests.test_views: Starting TestTemplating.test_esc_no_branding ... 
2026-02-09 10:41:56,993 1 INFO betopiaerp betopiaerp.addons.base.tests.test_views: Starting TestTemplating.test_ignore_unbrand ... 
2026-02-09 10:41:57,000 1 INFO betopiaerp betopiaerp.addons.base.models.ir_attachment: filestore gc 1 checked, 1 removed 
2026-02-09 10:41:57,005 1 INFO betopiaerp betopiaerp.addons.base.models.ir_module: module base: loading translation file /opt/betopiaerp/betopiaerp/addons/base/i18n/fr.po for language fr_FR 
2026-02-09 10:41:57,585 1 INFO betopiaerp betopiaerp.addons.base.models.ir_module: module base: loading translation file /opt/betopiaerp/betopiaerp/addons/base/i18n/nl.po for language nl_NL 
2026-02-09 10:41:58,412 1 INFO betopiaerp betopiaerp.addons.base.tests.test_views: Starting TestViewTranslations.test_cache_consistency ... 
2026-02-09 10:41:58,422 1 INFO betopiaerp betopiaerp.addons.base.tests.test_views: Starting TestViewTranslations.test_no_groups_for_inherited ... 
2026-02-09 10:41:58,435 1 INFO betopiaerp betopiaerp.addons.base.tests.test_views: Starting TestViewTranslations.test_sync ... 
2026-02-09 10:41:58,454 1 INFO betopiaerp betopiaerp.addons.base.tests.test_views: Starting TestViewTranslations.test_sync_update ... 
2026-02-09 10:41:58,466 1 INFO betopiaerp betopiaerp.addons.base.tests.test_views: Starting TestViewTranslations.test_sync_xml ... 
2026-02-09 10:41:58,483 1 INFO betopiaerp betopiaerp.addons.base.models.ir_attachment: filestore gc 0 checked, 0 removed 
2026-02-09 10:41:58,510 1 INFO betopiaerp betopiaerp.addons.base.tests.test_views: Starting ViewModeField.testChangeInheritOfPrimary ... 
2026-02-09 10:41:58,524 1 INFO betopiaerp betopiaerp.addons.base.tests.test_views: Starting ViewModeField.testDefaultExtensionToPrimary ... 
2026-02-09 10:41:58,530 1 INFO betopiaerp betopiaerp.addons.base.tests.test_views: Starting ViewModeField.testInheritPrimaryToExtension ... 
2026-02-09 10:41:58,535 1 INFO betopiaerp betopiaerp.addons.base.tests.test_views: Starting ViewModeField.testModeExplicit ... 
2026-02-09 10:41:58,541 1 INFO betopiaerp betopiaerp.addons.base.tests.test_views: Starting ViewModeField.testModeImplicitValue ... 
2026-02-09 10:41:58,550 1 INFO betopiaerp betopiaerp.addons.base.tests.test_views: Starting ViewModeField.testPurePrimaryToExtension ... 
2026-02-09 10:41:58,556 1 INFO betopiaerp betopiaerp.addons.base.models.ir_attachment: filestore gc 1 checked, 1 removed 
2026-02-09 10:41:58,584 1 INFO betopiaerp betopiaerp.addons.base.tests.test_views: Starting TestDefaultView.testDefaultViewBase ... 
2026-02-09 10:41:58,594 1 INFO betopiaerp betopiaerp.addons.base.tests.test_views: Starting TestDefaultView.testDefaultViewPrimary ... 
2026-02-09 10:41:58,603 1 INFO betopiaerp betopiaerp.addons.base.models.ir_attachment: filestore gc 1 checked, 1 removed 
2026-02-09 10:41:58,631 1 INFO betopiaerp betopiaerp.addons.base.tests.test_views: Starting TestViewCombined.test_basic_read ... 
2026-02-09 10:41:58,658 1 INFO betopiaerp betopiaerp.addons.base.tests.test_views: Starting TestViewCombined.test_cross_model_double ... 
2026-02-09 10:41:58,688 1 INFO betopiaerp betopiaerp.addons.base.tests.test_views: Starting TestViewCombined.test_cross_model_simple ... 
2026-02-09 10:41:58,709 1 INFO betopiaerp betopiaerp.addons.base.tests.test_views: Starting TestViewCombined.test_inherit_python_expression ... 
2026-02-09 10:41:58,792 1 INFO betopiaerp betopiaerp.addons.base.tests.test_views: Starting TestViewCombined.test_multi_combine ... 
2026-02-09 10:41:58,827 1 INFO betopiaerp betopiaerp.addons.base.tests.test_views: Starting TestViewCombined.test_multi_combine_with_same_ancestor ... 
2026-02-09 10:41:58,853 1 INFO betopiaerp betopiaerp.addons.base.tests.test_views: Starting TestViewCombined.test_primary_after_extensions ... 
2026-02-09 10:41:58,880 1 INFO betopiaerp betopiaerp.addons.base.tests.test_views: Starting TestViewCombined.test_read_from_child ... 
2026-02-09 10:41:58,902 1 INFO betopiaerp betopiaerp.addons.base.tests.test_views: Starting TestViewCombined.test_read_from_child_primary ... 
2026-02-09 10:41:58,928 1 INFO betopiaerp betopiaerp.addons.base.models.ir_attachment: filestore gc 1 checked, 1 removed 
2026-02-09 10:41:58,953 1 INFO betopiaerp betopiaerp.addons.base.tests.test_views: Starting TestOptionalViews.test_applied ... 
2026-02-09 10:41:58,968 1 INFO betopiaerp betopiaerp.addons.base.tests.test_views: Starting TestOptionalViews.test_applied_state_toggle ... 
2026-02-09 10:41:58,988 1 INFO betopiaerp betopiaerp.addons.base.models.ir_attachment: filestore gc 1 checked, 1 removed 
2026-02-09 10:41:58,989 1 INFO betopiaerp betopiaerp.addons.base.tests.test_views: Starting TestXPathExtentions.test_hasclass ... 
2026-02-09 10:41:59,018 1 INFO betopiaerp betopiaerp.addons.base.tests.test_views: Starting TestQWebRender.test_render ... 
2026-02-09 10:41:59,042 1 INFO betopiaerp betopiaerp.addons.base.models.ir_attachment: filestore gc 1 checked, 1 removed 
2026-02-09 10:41:59,043 1 INFO betopiaerp betopiaerp.addons.base.tests.test_views: Starting TestValidationTools.test_get_expression_identities ... 
2026-02-09 10:41:59,070 1 INFO betopiaerp betopiaerp.addons.base.tests.test_views: Starting TestAccessRights.test_access ... 
2026-02-09 10:41:59,076 1 INFO betopiaerp betopiaerp.addons.base.models.ir_model: Access Denied by ACLs for operation: read, uid: 828, model: ir.ui.view 
2026-02-09 10:41:59,094 1 INFO betopiaerp betopiaerp.addons.base.models.ir_model: Access Denied by ACLs for operation: read, uid: 828, model: ir.ui.view 
2026-02-09 10:41:59,098 1 INFO betopiaerp betopiaerp.addons.base.models.ir_attachment: filestore gc 1 checked, 1 removed 
2026-02-09 10:41:59,099 1 INFO betopiaerp betopiaerp.addons.base.tests.test_views: Starting CompRegexTest.test_comp_regex ... 
2026-02-09 10:41:59,101 1 INFO betopiaerp betopiaerp.addons.base.models.ir_attachment: filestore gc 0 checked, 0 removed 
2026-02-09 10:41:59,127 1 INFO betopiaerp betopiaerp.addons.base.tests.test_views: Starting ViewModifiers.test_01_modifiers ... 
2026-02-09 10:41:59,135 1 INFO betopiaerp betopiaerp.addons.base.tests.test_views: Starting ViewModifiers.test_03_modifier_attribute_is_boolean ... 
2026-02-09 10:41:59,148 1 INFO betopiaerp betopiaerp.addons.base.tests.test_views: Starting ViewModifiers.test_04_modifier_attribute_using_context ... 
2026-02-09 10:41:59,157 1 INFO betopiaerp betopiaerp.addons.base.tests.test_views: Starting ViewModifiers.test_05_modifier_attribute_priority ... 
2026-02-09 10:41:59,167 1 INFO betopiaerp betopiaerp.addons.base.tests.test_views: Starting ViewModifiers.test_10_raise_for_old_attributes ... 
2026-02-09 10:41:59,179 1 INFO betopiaerp betopiaerp.addons.base.tests.test_views: Starting ViewModifiers.test_11_attrs_field ... 
2026-02-09 10:41:59,194 1 INFO betopiaerp betopiaerp.addons.base.tests.test_views: Starting ViewModifiers.test_12_invalid_syntax ... 
2026-02-09 10:41:59,205 1 INFO betopiaerp betopiaerp.addons.base.tests.test_views: Starting ViewModifiers.test_13_attrs_states_invisible_to_modifier ... 
2026-02-09 10:41:59,214 1 INFO betopiaerp betopiaerp.addons.base.tests.test_views: Starting ViewModifiers.test_14_attrs_subfield ... 
2026-02-09 10:41:59,233 1 INFO betopiaerp betopiaerp.addons.base.tests.test_views: Starting ViewModifiers.test_15_attrs_subfield_with_parent ... 
2026-02-09 10:41:59,251 1 INFO betopiaerp betopiaerp.addons.base.tests.test_views: Starting ViewModifiers.test_16_attrs_groups_behavior ... 
2026-02-09 10:41:59,266 1 INFO betopiaerp betopiaerp.addons.base.tests.test_views: Starting ViewModifiers.test_17_attrs_groups_validation ... 
2026-02-09 10:41:59,417 1 INFO betopiaerp betopiaerp.addons.base.tests.test_views: Starting ViewModifiers.test_18_test_missing_group ... 
2026-02-09 10:41:59,428 1 INFO betopiaerp betopiaerp.models.unlink: User #1 deleted ir.model.data records with IDs: [64748] 
2026-02-09 10:41:59,431 1 INFO betopiaerp betopiaerp.models.unlink: User #1 deleted res.groups records with IDs: [354] 
2026-02-09 10:41:59,446 1 INFO betopiaerp betopiaerp.addons.base.tests.test_views: Starting ViewModifiers.test_create_inherit_view_with_xpath_without_expr ... 
2026-02-09 10:41:59,454 1 INFO betopiaerp betopiaerp.addons.base.models.ir_attachment: filestore gc 1 checked, 1 removed 
2026-02-09 10:41:59,454 1 INFO betopiaerp betopiaerp.modules.loading: Module base loaded in 129.17s (incl. 124.96s test), 5353 queries (+25044 test, +5353 other) 
2026-02-09 10:41:59,455 1 ERROR betopiaerp betopiaerp.modules.loading: Module base: 2 failures, 1 errors of 956 tests 
2026-02-09 10:41:59,455 1 INFO betopiaerp betopiaerp.modules.loading: 1 modules loaded in 129.17s, 5353 queries (+30397 extra) 
2026-02-09 10:41:59,457 1 INFO betopiaerp betopiaerp.modules.loading: updating modules list 
2026-02-09 10:41:59,458 1 INFO betopiaerp betopiaerp.addons.base.models.ir_module: ALLOW access to module.update_list on [] to user __system__ #1 via n/a 
2026-02-09 10:42:03,625 1 INFO betopiaerp betopiaerp.addons.base.models.ir_module: ALLOW access to module.button_upgrade on ['Base'] to user __system__ #1 via n/a 
2026-02-09 10:42:03,626 1 INFO betopiaerp betopiaerp.addons.base.models.ir_module: ALLOW access to module.update_list on ['Base'] to user __system__ #1 via n/a 
2026-02-09 10:42:06,338 1 INFO betopiaerp betopiaerp.addons.base.models.ir_module: ALLOW access to module.button_install on [] to user __system__ #1 via n/a 
2026-02-09 10:42:06,430 1 INFO betopiaerp betopiaerp.modules.loading: loading 14 modules... 
2026-02-09 10:42:06,430 1 INFO betopiaerp betopiaerp.modules.loading: Loading module rpc (2/14) 
2026-02-09 10:42:06,489 1 INFO betopiaerp betopiaerp.addons.rpc.tests.test_xmlrpc: Starting TestExternalAPI.test_call_kw ... 
2026-02-09 10:42:06,512 1 INFO betopiaerp betopiaerp.addons.base.models.ir_attachment: filestore gc 1 checked, 1 removed 
2026-02-09 10:42:06,513 1 INFO betopiaerp betopiaerp.modules.loading: Module rpc loaded in 0.08s (incl. 0.04s test), 11 queries (+58 test, +11 other) 
2026-02-09 10:42:06,513 1 INFO betopiaerp betopiaerp.modules.loading: Loading module web (3/14) 
2026-02-09 10:42:06,535 1 INFO betopiaerp betopiaerp.registry: module web: creating or updating database tables 
2026-02-09 10:42:06,837 1 INFO betopiaerp betopiaerp.modules.loading: loading web/security/ir.model.access.csv 
2026-02-09 10:42:06,846 1 INFO betopiaerp betopiaerp.modules.loading: loading web/security/web_security.xml 
2026-02-09 10:42:06,854 1 INFO betopiaerp betopiaerp.modules.loading: loading web/views/webclient_templates.xml 
2026-02-09 10:42:06,923 1 INFO betopiaerp betopiaerp.modules.loading: loading web/views/report_templates.xml 
2026-02-09 10:42:07,025 1 INFO betopiaerp betopiaerp.modules.loading: loading web/views/base_document_layout_views.xml 
2026-02-09 10:42:07,044 1 INFO betopiaerp betopiaerp.modules.loading: loading web/views/partner_view.xml 
2026-02-09 10:42:07,053 1 INFO betopiaerp betopiaerp.modules.loading: loading web/views/speedscope_template.xml 
2026-02-09 10:42:07,065 1 INFO betopiaerp betopiaerp.modules.loading: loading web/views/memory_template.xml 
2026-02-09 10:42:07,078 1 INFO betopiaerp betopiaerp.modules.loading: loading web/views/speedscope_config_wizard.xml 
2026-02-09 10:42:07,088 1 INFO betopiaerp betopiaerp.modules.loading: loading web/views/neutralize_views.xml 
2026-02-09 10:42:07,101 1 INFO betopiaerp betopiaerp.modules.loading: loading web/views/ir_ui_view_views.xml 
2026-02-09 10:42:07,114 1 INFO betopiaerp betopiaerp.modules.loading: loading web/data/ir_attachment.xml 
2026-02-09 10:42:07,121 1 INFO betopiaerp betopiaerp.modules.loading: loading web/data/report_layout.xml 
2026-02-09 10:42:07,409 1 INFO betopiaerp betopiaerp.addons.web.tests.test_db_manager: Starting TestDatabaseManager.test_database_manager ... 
2026-02-09 10:42:07,411 1 INFO betopiaerp betopiaerp.addons.base.models.ir_http: Generating routing map for key None 
2026-02-09 10:42:07,766 1 INFO betopiaerp betopiaerp.tests.common: Skipping signal changes during tests 
2026-02-09 10:42:07,767 1 INFO betopiaerp werkzeug: 127.0.0.1 - - [09/Feb/2026 10:42:07] "GET /web/database/manager HTTP/1.1" 200 - 5 0.002 0.355
2026-02-09 10:42:07,790 1 INFO betopiaerp betopiaerp.addons.base.models.ir_attachment: filestore gc 1 checked, 0 removed 
2026-02-09 10:42:07,796 1 INFO betopiaerp betopiaerp.addons.web.tests.test_health: Starting TestWebController.test_health ... 
2026-02-09 10:42:07,798 1 INFO betopiaerp betopiaerp.addons.base.models.ir_http: Generating routing map for key None 
2026-02-09 10:42:07,803 1 INFO betopiaerp betopiaerp.tests.common: Skipping signal changes during tests 
2026-02-09 10:42:07,804 1 INFO betopiaerp werkzeug: 127.0.0.1 - - [09/Feb/2026 10:42:07] "GET /web/health HTTP/1.1" 200 - 3 0.000 0.006
2026-02-09 10:42:07,805 1 INFO betopiaerp betopiaerp.addons.web.tests.test_health: Starting TestWebController.test_health_db_server_status ... 
2026-02-09 10:42:07,807 1 INFO betopiaerp betopiaerp.addons.base.models.ir_http: Generating routing map for key None 
2026-02-09 10:42:07,819 1 INFO betopiaerp betopiaerp.tests.common: Skipping signal changes during tests 
2026-02-09 10:42:07,820 1 INFO betopiaerp werkzeug: 127.0.0.1 - - [09/Feb/2026 10:42:07] "GET /web/health?db_server_status=1 HTTP/1.1" 200 - 3 0.001 0.013
2026-02-09 10:42:07,823 1 INFO betopiaerp betopiaerp.tests.common: Skipping signal changes during tests 
2026-02-09 10:42:07,823 1 INFO betopiaerp werkzeug: 127.0.0.1 - - [09/Feb/2026 10:42:07] "GET /web/health?db_server_status=1 HTTP/1.1" 500 - 0 0.000 0.001
2026-02-09 10:42:07,842 1 INFO betopiaerp betopiaerp.addons.base.models.ir_attachment: filestore gc 0 checked, 0 removed 
2026-02-09 10:42:07,915 1 INFO betopiaerp betopiaerp.addons.web.tests.test_ir_model: Starting TestIrModel.test_group_expansion ... 
2026-02-09 10:42:07,934 1 INFO betopiaerp betopiaerp.addons.web.tests.test_ir_model: Starting TestIrModel.test_invalid_field_domain ... 
2026-02-09 10:42:07,972 1 INFO betopiaerp betopiaerp.addons.web.tests.test_ir_model: Starting TestIrModel.test_model_fold_search ... 
2026-02-09 10:42:07,996 1 INFO betopiaerp betopiaerp.addons.web.tests.test_ir_model: Starting TestIrModel.test_model_order_constraint ... 
2026-02-09 10:42:08,077 1 INFO betopiaerp betopiaerp.addons.web.tests.test_ir_model: Starting TestIrModel.test_model_order_search ... 
2026-02-09 10:42:08,126 1 INFO betopiaerp betopiaerp.addons.web.tests.test_ir_model: Starting TestIrModel.test_monetary_currency_field ... 
2026-02-09 10:42:08,181 1 INFO betopiaerp betopiaerp.addons.web.tests.test_ir_model: Starting TestIrModel.test_rec_name_deletion ... 
2026-02-09 10:42:08,216 1 INFO betopiaerp betopiaerp.models.unlink: User #1 deleted ir.model.fields records with IDs: [2600] 
2026-02-09 10:42:08,242 1 INFO betopiaerp betopiaerp.addons.base.models.ir_attachment: filestore gc 0 checked, 0 removed 
2026-02-09 10:42:08,243 1 INFO betopiaerp betopiaerp.addons.web.tests.test_ir_qweb: Starting TestIrQweb.test_image_field ... 
2026-02-09 10:42:08,258 1 INFO betopiaerp betopiaerp.addons.web.tests.test_ir_qweb: Starting TestIrQweb.test_image_field_webp ... 
2026-02-09 10:42:08,267 1 INFO betopiaerp betopiaerp.addons.web.tests.test_ir_qweb: Starting TestIrQweb.test_image_svg ... 
2026-02-09 10:42:08,293 1 INFO betopiaerp betopiaerp.addons.base.models.ir_attachment: filestore gc 3 checked, 3 removed 
2026-02-09 10:42:08,298 1 INFO betopiaerp betopiaerp.addons.web.tests.test_load_menus: Starting LoadMenusTests.test_load_menus ... 
2026-02-09 10:42:08,306 1 INFO betopiaerp betopiaerp.addons.base.models.res_users: Login successful for login:admin from n/a 
2026-02-09 10:42:08,311 1 INFO betopiaerp betopiaerp.addons.base.models.ir_http: Generating routing map for key None 
2026-02-09 10:42:08,324 1 INFO betopiaerp betopiaerp.tests.common: Skipping signal changes during tests 
2026-02-09 10:42:08,325 1 INFO betopiaerp werkzeug: 127.0.0.1 - - [09/Feb/2026 10:42:08] "GET /web/webclient/load_menus HTTP/1.1" 200 - 18 0.003 0.011
2026-02-09 10:42:08,343 1 INFO betopiaerp betopiaerp.addons.base.models.ir_attachment: filestore gc 0 checked, 0 removed 
2026-02-09 10:42:08,372 1 INFO betopiaerp betopiaerp.addons.web.tests.test_login: Starting TestWebLogin.test_web_login ... 
2026-02-09 10:42:08,379 1 INFO betopiaerp betopiaerp.addons.base.models.ir_http: Generating routing map for key None 
2026-02-09 10:42:08,387 1 INFO betopiaerp betopiaerp.addons.base.models.res_users: Login successful for login:internal_user from 127.0.0.1 
2026-02-09 10:42:08,390 1 INFO betopiaerp betopiaerp.tests.common: Skipping signal changes during tests 
2026-02-09 10:42:08,390 1 INFO betopiaerp werkzeug: 127.0.0.1 - - [09/Feb/2026 10:42:08] "POST /web/login HTTP/1.1" 303 - 16 0.002 0.009
2026-02-09 10:42:08,393 1 INFO betopiaerp betopiaerp.addons.base.models.res_device: User 831 inserts device log (xgbTxT88I4PEOHrYrww-g2R-9l4dsEpBqOtB3mXYQZ) 
2026-02-09 10:42:18,031 1 INFO betopiaerp betopiaerp.tests.common: Skipping signal changes during tests 
2026-02-09 10:42:18,032 1 INFO betopiaerp werkzeug: 127.0.0.1 - - [09/Feb/2026 10:42:18] "GET /BetopiaERP HTTP/1.1" 200 - 44 0.010 9.629
2026-02-09 10:42:18,035 1 INFO betopiaerp betopiaerp.tests.common: Skipping signal changes during tests 
2026-02-09 10:42:18,035 1 INFO betopiaerp werkzeug: 127.0.0.1 - - [09/Feb/2026 10:42:18] "POST /web/session/check HTTP/1.1" 200 - 0 0.000 0.001
2026-02-09 10:42:18,037 1 INFO betopiaerp betopiaerp.addons.web.tests.test_login: Starting TestWebLogin.test_web_login_bad_xhr ... 
2026-02-09 10:42:18,039 1 INFO betopiaerp betopiaerp.addons.base.models.ir_http: Generating routing map for key None 
2026-02-09 10:42:18,044 1 INFO betopiaerp betopiaerp.http: Session expired 
2026-02-09 10:42:18,044 1 INFO betopiaerp werkzeug: 127.0.0.1 - - [09/Feb/2026 10:42:18] "GET /web/login_successful HTTP/1.1" 303 - 1 0.000 0.005
2026-02-09 10:42:18,051 1 INFO betopiaerp betopiaerp.addons.base.models.res_users: Login successful for login:internal_user from 127.0.0.1 
2026-02-09 10:42:18,057 1 INFO betopiaerp betopiaerp.tests.common: Skipping signal changes during tests 
2026-02-09 10:42:18,058 1 INFO betopiaerp werkzeug: 127.0.0.1 - - [09/Feb/2026 10:42:18] "POST /web/login HTTP/1.1" 303 - 22 0.005 0.007
2026-02-09 10:42:18,062 1 INFO betopiaerp betopiaerp.addons.base.models.res_device: User 831 inserts device log (tKl6FDUwlmRSd80pUSAywqWt3VokS2QhZFFSbGYPR0) 
2026-02-09 10:42:27,728 1 INFO betopiaerp betopiaerp.tests.common: Skipping signal changes during tests 
2026-02-09 10:42:27,728 1 INFO betopiaerp werkzeug: 127.0.0.1 - - [09/Feb/2026 10:42:27] "GET /BetopiaERP HTTP/1.1" 200 - 44 0.011 9.656
2026-02-09 10:42:27,730 1 INFO betopiaerp betopiaerp.addons.web.tests.test_login: Starting TestWebLogin.test_web_login_external ... 
2026-02-09 10:42:27,733 1 INFO betopiaerp betopiaerp.addons.base.models.ir_http: Generating routing map for key None 
2026-02-09 10:42:27,741 1 INFO betopiaerp betopiaerp.addons.base.models.res_users: Login successful for login:portal_user from 127.0.0.1 
2026-02-09 10:42:27,748 1 INFO betopiaerp betopiaerp.tests.common: Skipping signal changes during tests 
2026-02-09 10:42:27,748 1 INFO betopiaerp werkzeug: 127.0.0.1 - - [09/Feb/2026 10:42:27] "POST /web/login HTTP/1.1" 303 - 23 0.005 0.011
2026-02-09 10:42:27,752 1 INFO betopiaerp betopiaerp.addons.base.models.res_device: User 832 inserts device log (DK_o6KqvuRGY3d931sRTMwCaBUabc47F8Rq383AguG) 
2026-02-09 10:42:31,690 1 INFO betopiaerp betopiaerp.tests.common: Skipping signal changes during tests 
2026-02-09 10:42:31,690 1 INFO betopiaerp werkzeug: 127.0.0.1 - - [09/Feb/2026 10:42:31] "GET /web/login_successful HTTP/1.1" 200 - 36 0.011 3.928
2026-02-09 10:42:31,710 1 INFO betopiaerp betopiaerp.addons.base.models.ir_attachment: filestore gc 1 checked, 1 removed 
2026-02-09 10:42:31,734 1 INFO betopiaerp betopiaerp.addons.web.tests.test_partner: Starting TestPartnerPrivate.test_access_onchange ... 
2026-02-09 10:42:31,739 1 INFO betopiaerp betopiaerp.addons.base.models.ir_model: Access Denied by ACLs for operation: write, uid: 833, model: res.partner 
2026-02-09 10:42:31,760 1 INFO betopiaerp betopiaerp.addons.base.models.ir_attachment: filestore gc 0 checked, 0 removed 
2026-02-09 10:42:31,764 1 INFO betopiaerp betopiaerp.addons.web.tests.test_pivot_export: Starting TestPivotExport.test_export_xlsx_with_empty_data ... 
2026-02-09 10:42:31,767 1 INFO betopiaerp betopiaerp.addons.base.models.res_users: Login successful for login:admin from n/a 
2026-02-09 10:42:31,772 1 INFO betopiaerp betopiaerp.addons.base.models.ir_http: Generating routing map for key None 
2026-02-09 10:42:31,790 1 INFO betopiaerp werkzeug: 127.0.0.1 - - [09/Feb/2026 10:42:31] "POST /web/pivot/export_xlsx HTTP/1.1" 422 - 2 0.000 0.018
2026-02-09 10:42:31,792 1 INFO betopiaerp betopiaerp.addons.web.tests.test_pivot_export: Starting TestPivotExport.test_export_xlsx_with_integer_column ... 
2026-02-09 10:42:31,795 1 INFO betopiaerp betopiaerp.addons.base.models.res_users: Login successful for login:admin from n/a 
2026-02-09 10:42:31,799 1 INFO betopiaerp betopiaerp.addons.base.models.ir_http: Generating routing map for key None 
2026-02-09 10:42:31,808 1 INFO betopiaerp betopiaerp.tests.common: Skipping signal changes during tests 
2026-02-09 10:42:31,808 1 INFO betopiaerp werkzeug: 127.0.0.1 - - [09/Feb/2026 10:42:31] "POST /web/pivot/export_xlsx HTTP/1.1" 200 - 2 0.000 0.009
2026-02-09 10:42:31,829 1 INFO betopiaerp betopiaerp.addons.base.models.ir_attachment: filestore gc 0 checked, 0 removed 
2026-02-09 10:42:31,834 1 INFO betopiaerp betopiaerp.addons.web.tests.test_reports: Starting TestReports.test_report_error_cleanup ... 
2026-02-09 10:42:31,844 1 INFO betopiaerp betopiaerp.addons.base.models.res_users: Login successful for login:admin from 127.0.0.1 
2026-02-09 10:42:33,867 1 INFO betopiaerp betopiaerp.addons.web.tests.test_reports: Starting TestReports.test_report_session_cookie ... 
2026-02-09 10:42:33,877 1 INFO betopiaerp betopiaerp.addons.base.models.res_users: Login successful for login:admin from 127.0.0.1 
2026-02-09 10:42:35,951 1 INFO betopiaerp betopiaerp.addons.base.models.ir_http: Generating routing map for key None 
2026-02-09 10:42:35,966 1 INFO betopiaerp betopiaerp.addons.base.models.assetsbundle: Generating a new asset bundle attachment /web/assets/e4caaae/web.report_assets_pdf.autoprefixed.min.css (id:4084) 
2026-02-09 10:42:35,968 1 INFO betopiaerp betopiaerp.tests.common: Skipping signal changes during tests 
2026-02-09 10:42:35,969 1 INFO betopiaerp werkzeug: 127.0.0.1 - - [09/Feb/2026 10:42:35] "GET /web/assets/e4caaae/web.report_assets_pdf.autoprefixed.min.css HTTP/1.1" 200 - 9 0.003 0.017
2026-02-09 10:42:35,981 1 INFO betopiaerp betopiaerp.tests.common: Skipping signal changes during tests 
2026-02-09 10:42:35,982 1 INFO betopiaerp werkzeug: 127.0.0.1 - - [09/Feb/2026 10:42:35] "GET /web/image/4083 HTTP/1.1" 200 - 21 0.005 0.027
2026-02-09 10:42:37,960 1 INFO betopiaerp betopiaerp.addons.base.models.assetsbundle: Generating a new asset bundle attachment /web/assets/a681c3d/web.report_assets_common.autoprefixed.min.css (id:4085) 
2026-02-09 10:42:37,963 1 INFO betopiaerp betopiaerp.tests.common: Skipping signal changes during tests 
2026-02-09 10:42:37,963 1 INFO betopiaerp werkzeug: 127.0.0.1 - - [09/Feb/2026 10:42:37] "GET /web/assets/a681c3d/web.report_assets_common.autoprefixed.min.css HTTP/1.1" 200 - 9 0.007 2.005
2026-02-09 10:42:37,986 1 INFO ? werkzeug: 127.0.0.1 - - [09/Feb/2026 10:42:37] "GET /web/static/fonts/lato/Lato-Reg-webfont.woff HTTP/1.1" 200 - 0 0.000 0.009
2026-02-09 10:42:37,987 1 INFO ? werkzeug: 127.0.0.1 - - [09/Feb/2026 10:42:37] "GET /web/static/fonts/lato/Lato-Lig-webfont.woff HTTP/1.1" 200 - 0 0.000 0.008
2026-02-09 10:42:37,987 1 INFO ? werkzeug: 127.0.0.1 - - [09/Feb/2026 10:42:37] "GET /web/static/fonts/lato/Lato-Bol-webfont.woff HTTP/1.1" 200 - 0 0.000 0.009
2026-02-09 10:42:37,987 1 INFO ? werkzeug: 127.0.0.1 - - [09/Feb/2026 10:42:37] "GET /web/static/fonts/lato/Lato-Bla-webfont.woff HTTP/1.1" 200 - 0 0.000 0.006
2026-02-09 10:42:37,987 1 INFO ? werkzeug: 127.0.0.1 - - [09/Feb/2026 10:42:37] "GET /web/static/fonts/lato/Lato-Hai-webfont.woff HTTP/1.1" 200 - 0 0.000 0.008
2026-02-09 10:42:39,013 1 INFO betopiaerp betopiaerp.addons.base.models.ir_actions_report: The PDF report has been generated for model: res.partner, records [2]. 
2026-02-09 10:42:39,050 1 INFO betopiaerp betopiaerp.tests.common: Skipping signal changes during tests 
2026-02-09 10:42:39,051 1 INFO betopiaerp werkzeug: 127.0.0.1 - - [09/Feb/2026 10:42:39] "GET /web/assets/e4caaae/web.report_assets_pdf.autoprefixed.min.css HTTP/1.1" 200 - 3 0.001 0.003
2026-02-09 10:42:39,054 1 INFO betopiaerp betopiaerp.tests.common: Skipping signal changes during tests 
2026-02-09 10:42:39,054 1 INFO betopiaerp werkzeug: 127.0.0.1 - - [09/Feb/2026 10:42:39] "GET /web/assets/a681c3d/web.report_assets_common.autoprefixed.min.css HTTP/1.1" 200 - 3 0.001 0.006
2026-02-09 10:42:39,058 1 INFO betopiaerp betopiaerp.addons.base.models.ir_model: Access Denied by ACLs for operation: read, uid: 3, model: ir.attachment 
2026-02-09 10:42:39,069 1 INFO betopiaerp betopiaerp.tests.common: Skipping signal changes during tests 
2026-02-09 10:42:39,070 1 INFO betopiaerp werkzeug: 127.0.0.1 - - [09/Feb/2026 10:42:39] "GET /web/image/4083 HTTP/1.1" 200 - 12 0.003 0.019
2026-02-09 10:42:39,080 1 INFO ? werkzeug: 127.0.0.1 - - [09/Feb/2026 10:42:39] "GET /web/static/fonts/lato/Lato-Reg-webfont.woff HTTP/1.1" 200 - 0 0.000 0.007
2026-02-09 10:42:39,081 1 INFO ? werkzeug: 127.0.0.1 - - [09/Feb/2026 10:42:39] "GET /web/static/fonts/lato/Lato-Lig-webfont.woff HTTP/1.1" 200 - 0 0.000 0.007
2026-02-09 10:42:39,082 1 INFO ? werkzeug: 127.0.0.1 - - [09/Feb/2026 10:42:39] "GET /web/static/fonts/lato/Lato-Hai-webfont.woff HTTP/1.1" 200 - 0 0.000 0.007
2026-02-09 10:42:39,082 1 INFO ? werkzeug: 127.0.0.1 - - [09/Feb/2026 10:42:39] "GET /web/static/fonts/lato/Lato-Bol-webfont.woff HTTP/1.1" 200 - 0 0.000 0.008
2026-02-09 10:42:39,082 1 INFO ? werkzeug: 127.0.0.1 - - [09/Feb/2026 10:42:39] "GET /web/static/fonts/lato/Lato-Bla-webfont.woff HTTP/1.1" 200 - 0 0.000 0.006
2026-02-09 10:42:40,108 1 INFO betopiaerp betopiaerp.addons.base.models.ir_actions_report: The PDF report has been generated for model: res.partner, records [2]. 
2026-02-09 10:42:40,130 1 INFO betopiaerp betopiaerp.addons.base.models.ir_attachment: filestore gc 3 checked, 2 removed 
2026-02-09 10:42:40,131 1 INFO betopiaerp betopiaerp.addons.web.tests.test_res_partner_properties: Starting TestWebProperties.test_get_properties_base_definition ... 
2026-02-09 10:42:40,153 1 INFO betopiaerp betopiaerp.addons.base.models.ir_attachment: filestore gc 0 checked, 0 removed 
2026-02-09 10:42:40,194 1 INFO betopiaerp betopiaerp.addons.web.tests.test_res_users: Starting TestResUsers.test_change_password ... 
2026-02-09 10:42:40,242 1 INFO betopiaerp betopiaerp.addons.base.models.res_users: Password change for 'user_internal' (#840) by '__system__' (#1) from n/a 
2026-02-09 10:42:40,244 1 INFO betopiaerp betopiaerp.addons.web.tests.test_res_users: Starting TestResUsers.test_name_search ... 
2026-02-09 10:42:40,296 1 INFO betopiaerp betopiaerp.addons.base.models.ir_attachment: filestore gc 7 checked, 7 removed 
2026-02-09 10:42:40,331 1 INFO betopiaerp betopiaerp.addons.web.tests.test_res_users_settings: Starting TestResUsersSettings.test_fields_validity_embedded_action_settings ... 
2026-02-09 10:42:40,338 1 INFO betopiaerp betopiaerp.addons.web.tests.test_res_users_settings: Starting TestResUsersSettings.test_set_and_get_embedded_action_settings ... 
2026-02-09 10:42:40,359 1 INFO betopiaerp betopiaerp.addons.base.models.ir_attachment: filestore gc 1 checked, 1 removed 
2026-02-09 10:42:40,360 1 INFO betopiaerp betopiaerp.addons.web.tests.test_router: Starting TestWebRouter.test_router_get_action_exist ... 
2026-02-09 10:42:40,363 1 INFO betopiaerp betopiaerp.addons.web.tests.test_router: Starting TestWebRouter.test_router_get_action_missing ... 
2026-02-09 10:42:40,364 1 INFO betopiaerp betopiaerp.addons.web.tests.test_router: Starting TestWebRouter.test_router_get_action_triples_exist ... 
2026-02-09 10:42:40,370 1 INFO betopiaerp betopiaerp.addons.web.tests.test_router: Starting TestWebRouter.test_router_get_action_triples_missing ... 
2026-02-09 10:42:40,390 1 INFO betopiaerp betopiaerp.addons.base.models.ir_attachment: filestore gc 0 checked, 0 removed 
2026-02-09 10:42:40,708 1 INFO betopiaerp betopiaerp.addons.web.tests.test_session_info: Starting TestSessionInfo.test_session_info ... 
2026-02-09 10:42:40,711 1 INFO betopiaerp betopiaerp.addons.base.models.res_users: Login successful for login:session from n/a 
2026-02-09 10:42:40,716 1 INFO betopiaerp betopiaerp.addons.base.models.ir_http: Generating routing map for key None 
2026-02-09 10:42:40,735 1 INFO betopiaerp betopiaerp.tests.common: Skipping signal changes during tests 
2026-02-09 10:42:40,736 1 INFO betopiaerp werkzeug: 127.0.0.1 - - [09/Feb/2026 10:42:40] "POST /web/session/get_session_info HTTP/1.1" 200 - 26 0.005 0.016
2026-02-09 10:42:40,739 1 INFO betopiaerp betopiaerp.addons.web.tests.test_session_info: Starting TestSessionInfo.test_session_modules ... 
2026-02-09 10:42:40,741 1 INFO betopiaerp betopiaerp.addons.base.models.res_users: Login successful for login:session from n/a 
2026-02-09 10:42:40,745 1 INFO betopiaerp betopiaerp.addons.base.models.ir_http: Generating routing map for key None 
2026-02-09 10:42:40,750 1 INFO betopiaerp betopiaerp.tests.common: Skipping signal changes during tests 
2026-02-09 10:42:40,750 1 INFO betopiaerp werkzeug: 127.0.0.1 - - [09/Feb/2026 10:42:40] "POST /web/session/modules HTTP/1.1" 200 - 2 0.000 0.005
2026-02-09 10:42:40,769 1 INFO betopiaerp betopiaerp.addons.base.models.ir_attachment: filestore gc 1 checked, 1 removed 
2026-02-09 10:42:40,790 1 INFO betopiaerp betopiaerp.tests.suite: ====================================================================== 
2026-02-09 10:42:40,790 1 ERROR betopiaerp betopiaerp.tests.suite: ERROR: setUpClass (betopiaerp.addons.web.tests.test_translate.TestTranslationOverride)
Traceback (most recent call last):
  File "/opt/betopiaerp/addons/web/tests/test_translate.py", line 11, in setUpClass
    cls.custom = cls.env['ir.model.fields'].create({
                 ^^^^^^^^^^^^^^^^^^^^^^^^^^^^^^^^^^^
  File "/opt/betopiaerp/betopiaerp/orm/decorators.py", line 365, in create
    return method(self, vals_list)
           ^^^^^^^^^^^^^^^^^^^^^^^
  File "/opt/betopiaerp/betopiaerp/addons/base/models/ir_model.py", line 1014, in create
    vals['model'] = IrModel.browse(vals['model_id']).model
                    ^^^^^^^^^^^^^^^^^^^^^^^^^^^^^^^^^^^^^^
  File "/opt/betopiaerp/betopiaerp/orm/fields.py", line 1712, in __get__
    raise MissingError("\n".join([
betopiaerp.exceptions.MissingError: Record does not exist or has been deleted.
(Record: ir.model(579,), User: 1)
 
2026-02-09 10:42:40,810 1 INFO betopiaerp betopiaerp.addons.base.models.ir_attachment: filestore gc 0 checked, 0 removed 
2026-02-09 10:42:40,817 1 INFO betopiaerp betopiaerp.addons.web.tests.test_web_redirect: Starting TestWebRedirect.test_web_route_redirect_param ... 
2026-02-09 10:42:40,820 1 INFO betopiaerp betopiaerp.addons.base.models.ir_http: Generating routing map for key None 
2026-02-09 10:42:40,830 1 INFO betopiaerp betopiaerp.tests.common: Skipping signal changes during tests 
2026-02-09 10:42:40,831 1 INFO betopiaerp werkzeug: 127.0.0.1 - - [09/Feb/2026 10:42:40] "GET /BetopiaERP/action-887?cids=1 HTTP/1.1" 303 - 4 0.001 0.010
2026-02-09 10:42:44,948 1 INFO betopiaerp betopiaerp.tests.common: Skipping signal changes during tests 
2026-02-09 10:42:44,948 1 INFO betopiaerp werkzeug: 127.0.0.1 - - [09/Feb/2026 10:42:44] "GET /web/login?redirect=/BetopiaERP/action-887?cids%3D1 HTTP/1.1" 200 - 47 0.012 4.103
2026-02-09 10:42:44,950 1 INFO betopiaerp betopiaerp.addons.web.tests.test_web_redirect: Starting TestWebRedirect.test_web_route_redirect_param_legacy ... 
2026-02-09 10:42:44,952 1 INFO betopiaerp betopiaerp.addons.base.models.ir_http: Generating routing map for key None 
2026-02-09 10:42:44,958 1 INFO betopiaerp betopiaerp.tests.common: Skipping signal changes during tests 
2026-02-09 10:42:44,959 1 INFO betopiaerp werkzeug: 127.0.0.1 - - [09/Feb/2026 10:42:44] "GET /web HTTP/1.1" 303 - 4 0.001 0.006
2026-02-09 10:42:48,903 1 INFO betopiaerp betopiaerp.tests.common: Skipping signal changes during tests 
2026-02-09 10:42:48,903 1 INFO betopiaerp werkzeug: 127.0.0.1 - - [09/Feb/2026 10:42:48] "GET /web/login?redirect=/web? HTTP/1.1" 200 - 47 0.010 3.933
2026-02-09 10:42:48,922 1 INFO betopiaerp betopiaerp.addons.base.models.ir_attachment: filestore gc 0 checked, 0 removed 
2026-02-09 10:42:48,922 1 INFO betopiaerp betopiaerp.modules.loading: Module web loaded in 42.41s (incl. 41.52s test), 1415 queries (+1847 test, +1415 other) 
2026-02-09 10:42:48,923 1 ERROR betopiaerp betopiaerp.modules.loading: Module web: 0 failures, 1 errors of 35 tests 
2026-02-09 10:42:48,923 1 INFO betopiaerp betopiaerp.modules.loading: Loading module api_doc (4/14) 
2026-02-09 10:42:48,963 1 INFO betopiaerp betopiaerp.registry: module api_doc: creating or updating database tables 
2026-02-09 10:42:49,008 1 INFO betopiaerp betopiaerp.modules.loading: loading api_doc/security/res_groups.xml 
2026-02-09 10:42:49,023 1 INFO betopiaerp betopiaerp.modules.loading: loading api_doc/views/docclient.xml 
2026-02-09 10:42:49,071 1 INFO betopiaerp betopiaerp.modules.loading: Module api_doc loaded in 0.15s, 69 queries (+69 other) 
2026-02-09 10:42:49,072 1 INFO betopiaerp betopiaerp.modules.loading: Loading module auth_totp (5/14) 
2026-02-09 10:42:49,145 1 INFO betopiaerp betopiaerp.registry: module auth_totp: creating or updating database tables 
2026-02-09 10:42:49,171 1 INFO betopiaerp betopiaerp.modules.loading: loading auth_totp/security/security.xml 
2026-02-09 10:42:49,190 1 INFO betopiaerp betopiaerp.modules.loading: loading auth_totp/security/ir.model.access.csv 
2026-02-09 10:42:49,197 1 INFO betopiaerp betopiaerp.modules.loading: loading auth_totp/data/ir_action_data.xml 
2026-02-09 10:42:49,205 1 INFO betopiaerp betopiaerp.modules.loading: loading auth_totp/views/res_users_views.xml 
2026-02-09 10:42:49,240 1 INFO betopiaerp betopiaerp.modules.loading: loading auth_totp/views/templates.xml 
2026-02-09 10:42:49,249 1 INFO betopiaerp betopiaerp.modules.loading: loading auth_totp/wizard/auth_totp_wizard_views.xml 
2026-02-09 10:42:49,307 1 INFO betopiaerp betopiaerp.modules.loading: Module auth_totp loaded in 0.24s, 210 queries (+210 other) 
2026-02-09 10:42:49,307 1 INFO betopiaerp betopiaerp.modules.loading: Loading module base_import (6/14) 
2026-02-09 10:42:49,363 1 INFO betopiaerp betopiaerp.registry: module base_import: creating or updating database tables 
2026-02-09 10:42:49,731 1 INFO betopiaerp betopiaerp.modules.loading: loading base_import/security/ir.model.access.csv 
2026-02-09 10:42:49,752 1 INFO betopiaerp betopiaerp.modules.loading: Module base_import loaded in 0.44s, 935 queries (+935 other) 
2026-02-09 10:42:49,752 1 INFO betopiaerp betopiaerp.modules.loading: Loading module base_import_module (7/14) 
2026-02-09 10:42:49,818 1 INFO betopiaerp betopiaerp.registry: module base_import_module: creating or updating database tables 
2026-02-09 10:42:49,846 1 INFO betopiaerp betopiaerp.modules.loading: loading base_import_module/security/ir.model.access.csv 
2026-02-09 10:42:49,851 1 INFO betopiaerp betopiaerp.modules.loading: loading base_import_module/views/base_import_module_view.xml 
2026-02-09 10:42:49,868 1 INFO betopiaerp betopiaerp.modules.loading: loading base_import_module/views/ir_module_views.xml 
2026-02-09 10:42:49,948 1 INFO betopiaerp betopiaerp.addons.base_import_module.tests.test_cloc: Starting TestClocFields.test_count_attachment_imported_module ... 
2026-02-09 10:42:49,975 1 INFO betopiaerp betopiaerp.addons.base_import_module.models.ir_module: Successfully imported module 'test_imported_module' 
2026-02-09 10:42:49,979 1 INFO betopiaerp betopiaerp.addons.base_import_module.tests.test_cloc: Starting TestClocFields.test_count_qweb_imported_module ... 
2026-02-09 10:42:50,001 1 INFO betopiaerp betopiaerp.addons.base_import_module.tests.test_cloc: Starting TestClocFields.test_exclude_attachment_imported_module ... 
2026-02-09 10:42:50,029 1 INFO betopiaerp betopiaerp.addons.base_import_module.models.ir_module: Successfully imported module 'test_imported_module' 
2026-02-09 10:42:50,035 1 INFO betopiaerp betopiaerp.addons.base_import_module.tests.test_cloc: Starting TestClocFields.test_exclude_cloc_imported_module ... 
2026-02-09 10:42:50,050 1 INFO betopiaerp betopiaerp.addons.base_import_module.models.ir_module: module test_imported_module: loading data/test.xml 
2026-02-09 10:42:50,079 1 INFO betopiaerp betopiaerp.addons.base_import_module.models.ir_module: Successfully imported module 'test_imported_module' 
2026-02-09 10:42:50,087 1 INFO betopiaerp betopiaerp.addons.base_import_module.models.ir_module: module test_imported_module: loading data/test.xml 
2026-02-09 10:42:50,110 1 INFO betopiaerp betopiaerp.addons.base_import_module.models.ir_module: Successfully imported module 'test_imported_module' 
2026-02-09 10:42:50,114 1 INFO betopiaerp betopiaerp.addons.base.models.ir_module: ALLOW access to module.module_uninstall on ['test_imported_module'] to user __system__ #1 via n/a 
2026-02-09 10:42:50,115 1 INFO betopiaerp betopiaerp.addons.base.models.ir_model: Deleting ir.asset(85, 84, 83) 
2026-02-09 10:42:50,122 1 INFO betopiaerp betopiaerp.models.unlink: User #1 deleted ir.model.data records with IDs: [66869, 66870, 66871] 
2026-02-09 10:42:50,122 1 INFO betopiaerp betopiaerp.models.unlink: User #1 deleted ir.asset records with IDs: [85, 84, 83] 
2026-02-09 10:42:50,123 1 INFO betopiaerp betopiaerp.addons.base.models.ir_model: Deleting ir.attachment(4169, 4168, 4167) 
2026-02-09 10:42:50,125 1 INFO betopiaerp betopiaerp.models.unlink: User #1 deleted ir.model.data records with IDs: [66866, 66868, 66864] 
2026-02-09 10:42:50,128 1 INFO betopiaerp betopiaerp.models.unlink: User #1 deleted ir.model.data records with IDs: [66865, 66867, 66863] 
2026-02-09 10:42:50,129 1 INFO betopiaerp betopiaerp.models.unlink: User #1 deleted ir.attachment records with IDs: [4169, 4168, 4167] 
2026-02-09 10:42:50,130 1 INFO betopiaerp betopiaerp.addons.base.models.ir_model: Deleting ir.ui.view(4242,) 
2026-02-09 10:42:50,132 1 INFO betopiaerp betopiaerp.models.unlink: User #1 deleted ir.model.data records with IDs: [66861] 
2026-02-09 10:42:50,136 1 INFO betopiaerp betopiaerp.models.unlink: User #1 deleted ir.model.data records with IDs: [66859] 
2026-02-09 10:42:50,136 1 INFO betopiaerp betopiaerp.models.unlink: User #1 deleted ir.ui.view records with IDs: [4242] 
2026-02-09 10:42:50,137 1 INFO betopiaerp betopiaerp.addons.base.models.ir_model: ir.model.data could not be deleted ([]) 
2026-02-09 10:42:50,139 1 INFO betopiaerp betopiaerp.models.unlink: User #1 deleted ir.model.data records with IDs: [66871, 66870, 66869, 66867, 66865, 66863, 66859] 
2026-02-09 10:42:50,140 1 INFO betopiaerp betopiaerp.addons.base_import_module.models.ir_module: deleting imported modules upon uninstallation: test_imported_module 
2026-02-09 10:42:50,144 1 INFO betopiaerp betopiaerp.models.unlink: User #1 deleted ir.model.data records with IDs: [66858] 
2026-02-09 10:42:50,144 1 INFO betopiaerp betopiaerp.models.unlink: User #1 deleted ir.module.module records with IDs: [743] 
2026-02-09 10:42:50,146 1 INFO betopiaerp betopiaerp.addons.base_import_module.tests.test_cloc: Starting TestClocFields.test_exclude_qweb ... 
2026-02-09 10:42:50,154 1 INFO betopiaerp betopiaerp.addons.base_import_module.tests.test_cloc: Starting TestClocFields.test_fields_from_import_module ... 
2026-02-09 10:42:50,186 1 INFO betopiaerp betopiaerp.addons.base_import_module.tests.test_cloc: Starting TestClocFields.test_fields_from_studio ... 
2026-02-09 10:42:50,246 1 INFO betopiaerp betopiaerp.addons.base_import_module.tests.test_cloc: Starting TestClocFields.test_fields_module_name ... 
2026-02-09 10:42:50,302 1 INFO betopiaerp betopiaerp.addons.base.models.ir_attachment: filestore gc 3 checked, 3 removed 
2026-02-09 10:42:50,303 1 INFO betopiaerp betopiaerp.modules.loading: Module base_import_module loaded in 0.55s (incl. 0.35s test), 184 queries (+615 test, +184 other) 
2026-02-09 10:42:50,303 1 INFO betopiaerp betopiaerp.modules.loading: Loading module base_setup (8/14) 
2026-02-09 10:42:50,363 1 INFO betopiaerp betopiaerp.registry: module base_setup: creating or updating database tables 
2026-02-09 10:42:50,389 1 INFO betopiaerp betopiaerp.modules.loading: loading base_setup/data/base_setup_data.xml 
2026-02-09 10:42:50,396 1 INFO betopiaerp betopiaerp.modules.loading: loading base_setup/views/res_config_settings_views.xml 
2026-02-09 10:42:50,434 1 INFO betopiaerp betopiaerp.modules.loading: loading base_setup/views/res_partner_views.xml 
2026-02-09 10:42:50,503 1 INFO betopiaerp betopiaerp.addons.base_setup.tests.test_default_group: Starting TestResConfig.test_create_user_default_user_groups ... 
2026-02-09 10:42:50,690 1 INFO betopiaerp betopiaerp.addons.base.models.ir_attachment: filestore gc 2 checked, 2 removed 
2026-02-09 10:42:50,691 1 INFO betopiaerp betopiaerp.addons.base_setup.tests.test_res_config: Starting TestResConfig.test_install ... 
2026-02-09 10:42:50,775 1 INFO betopiaerp betopiaerp.addons.base_setup.tests.test_res_config: Starting TestResConfig.test_multi_company_res_config_group ... 
2026-02-09 10:42:50,979 1 INFO betopiaerp betopiaerp.addons.base_setup.tests.test_res_config: Starting TestResConfig.test_no_install ... 
2026-02-09 10:42:51,071 1 INFO betopiaerp betopiaerp.addons.base.models.ir_attachment: filestore gc 2 checked, 2 removed 
2026-02-09 10:42:51,072 1 INFO betopiaerp betopiaerp.modules.loading: Module base_setup loaded in 0.77s (incl. 0.57s test), 144 queries (+745 test, +144 other) 
2026-02-09 10:42:51,072 1 INFO betopiaerp betopiaerp.modules.loading: Loading module bus (9/14) 
2026-02-09 10:42:51,189 1 INFO betopiaerp betopiaerp.registry: module bus: creating or updating database tables 
2026-02-09 10:42:51,241 1 INFO betopiaerp betopiaerp.modules.loading: loading bus/security/ir.model.access.csv 
2026-02-09 10:42:51,324 1 INFO betopiaerp betopiaerp.addons.bus.tests.test_health: Starting TestBusController.test_health ... 
2026-02-09 10:42:51,326 1 INFO betopiaerp betopiaerp.addons.base.models.ir_http: Generating routing map for key None 
2026-02-09 10:42:51,335 1 INFO betopiaerp betopiaerp.tests.common: Skipping signal changes during tests 
2026-02-09 10:42:51,335 1 INFO betopiaerp werkzeug: 127.0.0.1 - - [09/Feb/2026 10:42:51] "GET /websocket/health HTTP/1.1" 200 - 3 0.001 0.009
2026-02-09 10:42:51,355 1 INFO betopiaerp betopiaerp.addons.base.models.ir_attachment: filestore gc 0 checked, 0 removed 
2026-02-09 10:42:51,356 1 INFO betopiaerp betopiaerp.addons.bus.tests.test_notify: Starting NotifyTests.test_get_notify_payloads ... 
2026-02-09 10:42:51,358 1 INFO betopiaerp betopiaerp.addons.bus.tests.test_notify: Starting NotifyTests.test_postcommit ... 
2026-02-09 10:42:51,370 1 INFO betopiaerp betopiaerp.models.unlink: User #1 deleted bus.bus records with IDs: [4, 5] 
2026-02-09 10:42:51,398 1 INFO betopiaerp betopiaerp.addons.base.models.ir_attachment: filestore gc 0 checked, 0 removed 
2026-02-09 10:42:51,430 1 INFO betopiaerp betopiaerp.addons.bus.tests.test_websocket_controller: Starting TestWebsocketController.test_websocket_peek ... 
2026-02-09 10:42:51,437 1 INFO betopiaerp betopiaerp.addons.base.models.ir_http: Generating routing map for key None 
2026-02-09 10:42:51,447 1 INFO betopiaerp betopiaerp.tests.common: Skipping signal changes during tests 
2026-02-09 10:42:51,448 1 INFO betopiaerp werkzeug: 127.0.0.1 - - [09/Feb/2026 10:42:51] "POST /websocket/peek_notifications HTTP/1.1" 200 - 9 0.002 0.010
2026-02-09 10:42:51,453 1 INFO betopiaerp betopiaerp.tests.common: Skipping signal changes during tests 
2026-02-09 10:42:51,454 1 INFO betopiaerp werkzeug: 127.0.0.1 - - [09/Feb/2026 10:42:51] "POST /websocket/peek_notifications HTTP/1.1" 200 - 4 0.001 0.002
2026-02-09 10:42:51,455 1 INFO betopiaerp betopiaerp.addons.bus.tests.test_websocket_controller: Starting TestWebsocketController.test_websocket_peek_session_expired_login ... 
2026-02-09 10:42:51,457 1 INFO betopiaerp betopiaerp.addons.base.models.ir_http: Generating routing map for key None 
2026-02-09 10:42:51,467 1 INFO betopiaerp betopiaerp.tests.common: Skipping signal changes during tests 
2026-02-09 10:42:51,467 1 INFO betopiaerp werkzeug: 127.0.0.1 - - [09/Feb/2026 10:42:51] "POST /websocket/peek_notifications HTTP/1.1" 200 - 15 0.002 0.008
2026-02-09 10:42:51,470 1 INFO betopiaerp betopiaerp.addons.base.models.res_users: Login successful for login:admin from n/a 
2026-02-09 10:42:51,485 1 INFO betopiaerp betopiaerp.http:  
2026-02-09 10:42:51,485 1 INFO betopiaerp werkzeug: 127.0.0.1 - - [09/Feb/2026 10:42:51] "POST /websocket/peek_notifications HTTP/1.1" 200 - 0 0.000 0.012
2026-02-09 10:42:51,486 1 INFO betopiaerp betopiaerp.addons.bus.tests.test_websocket_controller: Starting TestWebsocketController.test_websocket_peek_session_expired_logout ... 
2026-02-09 10:42:51,489 1 INFO betopiaerp betopiaerp.addons.base.models.res_users: Login successful for login:demo from n/a 
2026-02-09 10:42:51,493 1 INFO betopiaerp betopiaerp.addons.base.models.ir_http: Generating routing map for key None 
2026-02-09 10:42:51,505 1 INFO betopiaerp betopiaerp.tests.common: Skipping signal changes during tests 
2026-02-09 10:42:51,505 1 INFO betopiaerp werkzeug: 127.0.0.1 - - [09/Feb/2026 10:42:51] "POST /websocket/peek_notifications HTTP/1.1" 200 - 12 0.003 0.010
2026-02-09 10:42:51,509 1 INFO betopiaerp betopiaerp.tests.common: Skipping signal changes during tests 
2026-02-09 10:42:51,509 1 INFO betopiaerp werkzeug: 127.0.0.1 - - [09/Feb/2026 10:42:51] "GET /web/session/logout HTTP/1.1" 303 - 0 0.000 0.002
2026-02-09 10:42:51,511 1 INFO betopiaerp betopiaerp.tests.common: Skipping signal changes during tests 
2026-02-09 10:42:51,512 1 INFO betopiaerp werkzeug: 127.0.0.1 - - [09/Feb/2026 10:42:51] "GET /BetopiaERP HTTP/1.1" 303 - 0 0.000 0.001
2026-02-09 10:42:55,464 1 INFO betopiaerp betopiaerp.tests.common: Skipping signal changes during tests 
2026-02-09 10:42:55,464 1 INFO betopiaerp werkzeug: 127.0.0.1 - - [09/Feb/2026 10:42:55] "GET /web/login?redirect=/BetopiaERP? HTTP/1.1" 200 - 41 0.010 3.940
2026-02-09 10:42:55,473 1 INFO betopiaerp betopiaerp.http:  
2026-02-09 10:42:55,473 1 INFO betopiaerp werkzeug: 127.0.0.1 - - [09/Feb/2026 10:42:55] "POST /websocket/peek_notifications HTTP/1.1" 200 - 1 0.000 0.006
2026-02-09 10:42:55,495 1 INFO betopiaerp betopiaerp.addons.base.models.ir_attachment: filestore gc 1 checked, 1 removed 
2026-02-09 10:42:55,495 1 INFO betopiaerp betopiaerp.modules.loading: Module bus loaded in 4.42s (incl. 4.17s test), 142 queries (+221 test, +142 other) 
2026-02-09 10:42:55,496 1 INFO betopiaerp betopiaerp.modules.loading: Loading module web_tour (10/14) 
2026-02-09 10:42:55,536 1 INFO betopiaerp betopiaerp.registry: module web_tour: creating or updating database tables 
2026-02-09 10:42:55,580 1 INFO betopiaerp betopiaerp.modules.loading: loading web_tour/security/ir.model.access.csv 
2026-02-09 10:42:55,592 1 INFO betopiaerp betopiaerp.modules.loading: loading web_tour/views/tour_views.xml 
2026-02-09 10:42:55,669 1 INFO betopiaerp betopiaerp.modules.loading: Module web_tour loaded in 0.17s, 143 queries (+143 other) 
2026-02-09 10:42:55,670 1 INFO betopiaerp betopiaerp.modules.loading: Loading module auth_passkey (11/14) 
2026-02-09 10:42:56,082 1 INFO betopiaerp betopiaerp.registry: module auth_passkey: creating or updating database tables 
2026-02-09 10:42:56,114 1 INFO betopiaerp betopiaerp.modules.loading: loading auth_passkey/views/auth_passkey_key_views.xml 
2026-02-09 10:42:56,138 1 INFO betopiaerp betopiaerp.modules.loading: loading auth_passkey/views/auth_passkey_login_templates.xml 
2026-02-09 10:42:56,159 1 INFO betopiaerp betopiaerp.modules.loading: loading auth_passkey/views/res_users_identitycheck_views.xml 
2026-02-09 10:42:56,176 1 INFO betopiaerp betopiaerp.modules.loading: loading auth_passkey/views/res_users_views.xml 
2026-02-09 10:42:56,209 1 INFO betopiaerp betopiaerp.modules.loading: loading auth_passkey/security/ir.model.access.csv 
2026-02-09 10:42:56,223 1 INFO betopiaerp betopiaerp.modules.loading: loading auth_passkey/security/security.xml 
2026-02-09 10:42:56,304 1 INFO betopiaerp betopiaerp.addons.auth_passkey.tests.test_passkey_demo: Starting PasskeyTest.test_authentication ... 
2026-02-09 10:42:56,312 1 INFO betopiaerp betopiaerp.addons.base.models.ir_http: Generating routing map for key None 
2026-02-09 10:43:00,486 1 INFO betopiaerp betopiaerp.tests.common: Skipping signal changes during tests 
2026-02-09 10:43:00,486 1 INFO betopiaerp werkzeug: 127.0.0.1 - - [09/Feb/2026 10:43:00] "GET /web/login HTTP/1.1" 200 - 47 0.010 4.164
2026-02-09 10:43:00,492 1 INFO betopiaerp betopiaerp.tests.common: Skipping signal changes during tests 
2026-02-09 10:43:00,492 1 INFO betopiaerp werkzeug: 127.0.0.1 - - [09/Feb/2026 10:43:00] "POST /auth/passkey/start-auth HTTP/1.1" 200 - 2 0.000 0.003
2026-02-09 10:43:00,502 1 INFO betopiaerp betopiaerp.addons.base.models.res_users: Login successful for login:admin from 127.0.0.1 
2026-02-09 10:43:00,512 1 INFO betopiaerp betopiaerp.tests.common: Skipping signal changes during tests 
2026-02-09 10:43:00,512 1 INFO betopiaerp werkzeug: 127.0.0.1 - - [09/Feb/2026 10:43:00] "POST /web/login HTTP/1.1" 303 - 27 0.007 0.011
2026-02-09 10:43:00,516 1 INFO betopiaerp betopiaerp.addons.base.models.res_device: User 2 inserts device log (Z0z14Icfx95wwtWcxzXEiqdiPiVm6B07izCO71S6B2) 
2026-02-09 10:43:10,681 1 INFO betopiaerp betopiaerp.tests.common: Skipping signal changes during tests 
2026-02-09 10:43:10,682 1 INFO betopiaerp werkzeug: 127.0.0.1 - - [09/Feb/2026 10:43:10] "GET /BetopiaERP HTTP/1.1" 200 - 52 0.012 10.155
2026-02-09 10:43:10,687 1 INFO betopiaerp betopiaerp.tests.common: Skipping signal changes during tests 
2026-02-09 10:43:10,687 1 INFO betopiaerp werkzeug: 127.0.0.1 - - [09/Feb/2026 10:43:10] "GET /web/login HTTP/1.1" 200 - 1 0.000 0.003
2026-02-09 10:43:10,695 1 INFO betopiaerp betopiaerp.addons.base.models.res_users: Login failed for login:admin from 127.0.0.1 
2026-02-09 10:43:10,698 1 INFO betopiaerp betopiaerp.tests.common: Skipping signal changes during tests 
2026-02-09 10:43:10,698 1 INFO betopiaerp werkzeug: 127.0.0.1 - - [09/Feb/2026 10:43:10] "POST /web/login HTTP/1.1" 200 - 8 0.002 0.006
2026-02-09 10:43:10,707 1 INFO betopiaerp betopiaerp.tests.common: Skipping signal changes during tests 
2026-02-09 10:43:10,708 1 INFO betopiaerp werkzeug: 127.0.0.1 - - [09/Feb/2026 10:43:10] "GET /web/login HTTP/1.1" 200 - 10 0.002 0.004
2026-02-09 10:43:10,712 1 INFO betopiaerp betopiaerp.tests.common: Skipping signal changes during tests 
2026-02-09 10:43:10,712 1 INFO betopiaerp werkzeug: 127.0.0.1 - - [09/Feb/2026 10:43:10] "POST /auth/passkey/start-auth HTTP/1.1" 200 - 2 0.000 0.002
2026-02-09 10:43:10,721 1 INFO betopiaerp betopiaerp.addons.base.models.res_users: Login successful for login:admin from 127.0.0.1 
2026-02-09 10:43:10,729 1 INFO betopiaerp betopiaerp.tests.common: Skipping signal changes during tests 
2026-02-09 10:43:10,729 1 INFO betopiaerp werkzeug: 127.0.0.1 - - [09/Feb/2026 10:43:10] "POST /web/login HTTP/1.1" 303 - 26 0.006 0.008
2026-02-09 10:43:10,746 1 INFO betopiaerp betopiaerp.tests.common: Skipping signal changes during tests 
2026-02-09 10:43:10,747 1 INFO betopiaerp werkzeug: 127.0.0.1 - - [09/Feb/2026 10:43:10] "GET /BetopiaERP HTTP/1.1" 200 - 26 0.005 0.011
2026-02-09 10:43:10,752 1 INFO betopiaerp betopiaerp.tests.common: Skipping signal changes during tests 
2026-02-09 10:43:10,752 1 INFO betopiaerp werkzeug: 127.0.0.1 - - [09/Feb/2026 10:43:10] "GET /web/login HTTP/1.1" 200 - 1 0.000 0.003
2026-02-09 10:43:10,757 1 INFO betopiaerp betopiaerp.addons.base.models.res_users: Login failed for login:admin from 127.0.0.1 
2026-02-09 10:43:10,759 1 INFO betopiaerp betopiaerp.tests.common: Skipping signal changes during tests 
2026-02-09 10:43:10,759 1 INFO betopiaerp werkzeug: 127.0.0.1 - - [09/Feb/2026 10:43:10] "POST /web/login HTTP/1.1" 200 - 8 0.001 0.004
2026-02-09 10:43:10,768 1 INFO betopiaerp betopiaerp.tests.common: Skipping signal changes during tests 
2026-02-09 10:43:10,769 1 INFO betopiaerp werkzeug: 127.0.0.1 - - [09/Feb/2026 10:43:10] "GET /web/login HTTP/1.1" 200 - 10 0.002 0.004
2026-02-09 10:43:10,772 1 INFO betopiaerp betopiaerp.tests.common: Skipping signal changes during tests 
2026-02-09 10:43:10,773 1 INFO betopiaerp werkzeug: 127.0.0.1 - - [09/Feb/2026 10:43:10] "POST /auth/passkey/start-auth HTTP/1.1" 200 - 2 0.000 0.002
2026-02-09 10:43:10,779 1 INFO betopiaerp betopiaerp.addons.base.models.res_users: Login successful for login:demo from 127.0.0.1 
2026-02-09 10:43:10,783 1 INFO betopiaerp betopiaerp.tests.common: Skipping signal changes during tests 
2026-02-09 10:43:10,783 1 INFO betopiaerp werkzeug: 127.0.0.1 - - [09/Feb/2026 10:43:10] "POST /web/login HTTP/1.1" 303 - 14 0.003 0.006
2026-02-09 10:43:10,797 1 INFO betopiaerp betopiaerp.tests.common: Skipping signal changes during tests 
2026-02-09 10:43:10,798 1 INFO betopiaerp werkzeug: 127.0.0.1 - - [09/Feb/2026 10:43:10] "GET /BetopiaERP HTTP/1.1" 200 - 17 0.003 0.009
2026-02-09 10:43:10,802 1 INFO betopiaerp betopiaerp.tests.common: Skipping signal changes during tests 
2026-02-09 10:43:10,802 1 INFO betopiaerp werkzeug: 127.0.0.1 - - [09/Feb/2026 10:43:10] "GET /web/login HTTP/1.1" 200 - 1 0.000 0.002
2026-02-09 10:43:10,806 1 INFO betopiaerp betopiaerp.addons.base.models.res_users: Login failed for login:demo from 127.0.0.1 
2026-02-09 10:43:10,808 1 INFO betopiaerp betopiaerp.tests.common: Skipping signal changes during tests 
2026-02-09 10:43:10,808 1 INFO betopiaerp werkzeug: 127.0.0.1 - - [09/Feb/2026 10:43:10] "POST /web/login HTTP/1.1" 200 - 6 0.001 0.003
2026-02-09 10:43:10,810 1 INFO betopiaerp betopiaerp.addons.auth_passkey.tests.test_passkey_demo: Starting PasskeyTest.test_check_identity ... 
2026-02-09 10:43:10,814 1 INFO betopiaerp betopiaerp.addons.base.models.res_users: Login successful for login:admin from n/a 
2026-02-09 10:43:10,819 1 INFO betopiaerp betopiaerp.addons.base.models.ir_http: Generating routing map for key None 
2026-02-09 10:43:10,826 1 INFO betopiaerp betopiaerp.tests.common: Skipping signal changes during tests 
2026-02-09 10:43:10,827 1 INFO betopiaerp werkzeug: 127.0.0.1 - - [09/Feb/2026 10:43:10] "POST /web/dataset/call_kw#res.users.api_key_wizard HTTP/1.1" 200 - 6 0.001 0.007
2026-02-09 10:43:10,831 1 INFO betopiaerp betopiaerp.tests.common: Skipping signal changes during tests 
2026-02-09 10:43:10,832 1 INFO betopiaerp werkzeug: 127.0.0.1 - - [09/Feb/2026 10:43:10] "POST /auth/passkey/start-auth HTTP/1.1" 200 - 2 0.000 0.002
2026-02-09 10:43:10,843 1 INFO betopiaerp betopiaerp.tests.common: Skipping signal changes during tests 
2026-02-09 10:43:10,844 1 INFO betopiaerp werkzeug: 127.0.0.1 - - [09/Feb/2026 10:43:10] "POST /web/dataset/call_kw#res.users.identitycheck.run_check HTTP/1.1" 200 - 19 0.003 0.006
2026-02-09 10:43:10,866 1 INFO betopiaerp werkzeug: 127.0.0.1 - - [09/Feb/2026 10:43:10] "POST /web/dataset/call_kw#res.users.identitycheck.run_check HTTP/1.1" 200 - 4 0.000 0.020
2026-02-09 10:43:10,870 1 INFO betopiaerp betopiaerp.tests.common: Skipping signal changes during tests 
2026-02-09 10:43:10,870 1 INFO betopiaerp werkzeug: 127.0.0.1 - - [09/Feb/2026 10:43:10] "POST /auth/passkey/start-auth HTTP/1.1" 200 - 0 0.000 0.002
2026-02-09 10:43:10,882 1 INFO betopiaerp werkzeug: 127.0.0.1 - - [09/Feb/2026 10:43:10] "POST /web/dataset/call_kw#res.users.identitycheck.run_check HTTP/1.1" 200 - 4 0.000 0.009
2026-02-09 10:43:10,885 1 INFO betopiaerp betopiaerp.tests.common: Skipping signal changes during tests 
2026-02-09 10:43:10,886 1 INFO betopiaerp werkzeug: 127.0.0.1 - - [09/Feb/2026 10:43:10] "POST /auth/passkey/start-auth HTTP/1.1" 200 - 0 0.000 0.001
2026-02-09 10:43:10,897 1 INFO betopiaerp werkzeug: 127.0.0.1 - - [09/Feb/2026 10:43:10] "POST /web/dataset/call_kw#res.users.identitycheck.run_check HTTP/1.1" 200 - 4 0.001 0.009
2026-02-09 10:43:10,902 1 INFO betopiaerp betopiaerp.addons.base.models.res_users: Login successful for login:admin from n/a 
2026-02-09 10:43:10,906 1 INFO betopiaerp betopiaerp.tests.common: Skipping signal changes during tests 
2026-02-09 10:43:10,907 1 INFO betopiaerp werkzeug: 127.0.0.1 - - [09/Feb/2026 10:43:10] "POST /web/dataset/call_kw#res.users.api_key_wizard HTTP/1.1" 200 - 3 0.001 0.002
2026-02-09 10:43:10,909 1 INFO betopiaerp betopiaerp.tests.common: Skipping signal changes during tests 
2026-02-09 10:43:10,910 1 INFO betopiaerp werkzeug: 127.0.0.1 - - [09/Feb/2026 10:43:10] "POST /auth/passkey/start-auth HTTP/1.1" 200 - 0 0.000 0.001
2026-02-09 10:43:10,915 1 INFO betopiaerp betopiaerp.tests.common: Skipping signal changes during tests 
2026-02-09 10:43:10,915 1 INFO betopiaerp werkzeug: 127.0.0.1 - - [09/Feb/2026 10:43:10] "POST /web/dataset/call_kw#res.users.identitycheck.run_check HTTP/1.1" 200 - 6 0.001 0.003
2026-02-09 10:43:10,928 1 INFO betopiaerp werkzeug: 127.0.0.1 - - [09/Feb/2026 10:43:10] "POST /web/dataset/call_kw#res.users.identitycheck.run_check HTTP/1.1" 200 - 4 0.000 0.010
2026-02-09 10:43:10,931 1 INFO betopiaerp betopiaerp.tests.common: Skipping signal changes during tests 
2026-02-09 10:43:10,931 1 INFO betopiaerp werkzeug: 127.0.0.1 - - [09/Feb/2026 10:43:10] "POST /auth/passkey/start-auth HTTP/1.1" 200 - 0 0.000 0.002
2026-02-09 10:43:10,943 1 INFO betopiaerp werkzeug: 127.0.0.1 - - [09/Feb/2026 10:43:10] "POST /web/dataset/call_kw#res.users.identitycheck.run_check HTTP/1.1" 200 - 4 0.001 0.009
2026-02-09 10:43:10,946 1 INFO betopiaerp betopiaerp.tests.common: Skipping signal changes during tests 
2026-02-09 10:43:10,946 1 INFO betopiaerp werkzeug: 127.0.0.1 - - [09/Feb/2026 10:43:10] "POST /auth/passkey/start-auth HTTP/1.1" 200 - 0 0.000 0.002
2026-02-09 10:43:10,957 1 INFO betopiaerp werkzeug: 127.0.0.1 - - [09/Feb/2026 10:43:10] "POST /web/dataset/call_kw#res.users.identitycheck.run_check HTTP/1.1" 200 - 4 0.001 0.008
2026-02-09 10:43:10,962 1 INFO betopiaerp betopiaerp.addons.base.models.res_users: Login successful for login:demo from n/a 
2026-02-09 10:43:10,968 1 INFO betopiaerp betopiaerp.tests.common: Skipping signal changes during tests 
2026-02-09 10:43:10,969 1 INFO betopiaerp werkzeug: 127.0.0.1 - - [09/Feb/2026 10:43:10] "POST /web/dataset/call_kw#res.users.api_key_wizard HTTP/1.1" 200 - 6 0.001 0.002
2026-02-09 10:43:10,972 1 INFO betopiaerp betopiaerp.tests.common: Skipping signal changes during tests 
2026-02-09 10:43:10,973 1 INFO betopiaerp werkzeug: 127.0.0.1 - - [09/Feb/2026 10:43:10] "POST /auth/passkey/start-auth HTTP/1.1" 200 - 2 0.000 0.002
2026-02-09 10:43:10,981 1 INFO betopiaerp betopiaerp.tests.common: Skipping signal changes during tests 
2026-02-09 10:43:10,981 1 INFO betopiaerp werkzeug: 127.0.0.1 - - [09/Feb/2026 10:43:10] "POST /web/dataset/call_kw#res.users.identitycheck.run_check HTTP/1.1" 200 - 13 0.002 0.005
2026-02-09 10:43:10,994 1 INFO betopiaerp werkzeug: 127.0.0.1 - - [09/Feb/2026 10:43:10] "POST /web/dataset/call_kw#res.users.identitycheck.run_check HTTP/1.1" 200 - 4 0.001 0.010
2026-02-09 10:43:10,997 1 INFO betopiaerp betopiaerp.tests.common: Skipping signal changes during tests 
2026-02-09 10:43:10,997 1 INFO betopiaerp werkzeug: 127.0.0.1 - - [09/Feb/2026 10:43:10] "POST /auth/passkey/start-auth HTTP/1.1" 200 - 0 0.000 0.001
2026-02-09 10:43:11,003 1 INFO betopiaerp betopiaerp.tests.common: Skipping signal changes during tests 
2026-02-09 10:43:11,003 1 INFO betopiaerp werkzeug: 127.0.0.1 - - [09/Feb/2026 10:43:11] "POST /web/dataset/call_kw#res.users.identitycheck.run_check HTTP/1.1" 200 - 6 0.001 0.003
2026-02-09 10:43:11,006 1 INFO betopiaerp betopiaerp.tests.common: Skipping signal changes during tests 
2026-02-09 10:43:11,007 1 INFO betopiaerp werkzeug: 127.0.0.1 - - [09/Feb/2026 10:43:11] "POST /auth/passkey/start-auth HTTP/1.1" 200 - 0 0.000 0.002
2026-02-09 10:43:11,018 1 INFO betopiaerp werkzeug: 127.0.0.1 - - [09/Feb/2026 10:43:11] "POST /web/dataset/call_kw#res.users.identitycheck.run_check HTTP/1.1" 200 - 4 0.000 0.009
2026-02-09 10:43:11,019 1 INFO betopiaerp betopiaerp.addons.auth_passkey.tests.test_passkey_demo: Starting PasskeyTest.test_check_user_verification ... 
2026-02-09 10:43:11,022 1 INFO betopiaerp betopiaerp.addons.base.models.ir_http: Generating routing map for key None 
2026-02-09 10:43:15,165 1 INFO betopiaerp betopiaerp.tests.common: Skipping signal changes during tests 
2026-02-09 10:43:15,165 1 INFO betopiaerp werkzeug: 127.0.0.1 - - [09/Feb/2026 10:43:15] "GET /web/login HTTP/1.1" 200 - 53 0.011 4.133
2026-02-09 10:43:15,170 1 INFO betopiaerp betopiaerp.tests.common: Skipping signal changes during tests 
2026-02-09 10:43:15,170 1 INFO betopiaerp werkzeug: 127.0.0.1 - - [09/Feb/2026 10:43:15] "POST /auth/passkey/start-auth HTTP/1.1" 200 - 2 0.000 0.002
2026-02-09 10:43:15,176 1 INFO betopiaerp betopiaerp.addons.base.models.res_users: Login failed for login:demo from 127.0.0.1 
2026-02-09 10:43:15,178 1 INFO betopiaerp betopiaerp.tests.common: Skipping signal changes during tests 
2026-02-09 10:43:15,178 1 INFO betopiaerp werkzeug: 127.0.0.1 - - [09/Feb/2026 10:43:15] "POST /web/login HTTP/1.1" 200 - 9 0.002 0.004
2026-02-09 10:43:15,184 1 INFO betopiaerp betopiaerp.tests.common: Skipping signal changes during tests 
2026-02-09 10:43:15,184 1 INFO betopiaerp werkzeug: 127.0.0.1 - - [09/Feb/2026 10:43:15] "GET /web/login HTTP/1.1" 200 - 2 0.000 0.003
2026-02-09 10:43:15,188 1 INFO betopiaerp betopiaerp.tests.common: Skipping signal changes during tests 
2026-02-09 10:43:15,188 1 INFO betopiaerp werkzeug: 127.0.0.1 - - [09/Feb/2026 10:43:15] "POST /auth/passkey/start-auth HTTP/1.1" 200 - 1 0.000 0.002
2026-02-09 10:43:15,195 1 INFO betopiaerp betopiaerp.addons.base.models.res_users: Login successful for login:demo from 127.0.0.1 
2026-02-09 10:43:15,199 1 INFO betopiaerp betopiaerp.tests.common: Skipping signal changes during tests 
2026-02-09 10:43:15,200 1 INFO betopiaerp werkzeug: 127.0.0.1 - - [09/Feb/2026 10:43:15] "POST /web/login HTTP/1.1" 303 - 14 0.003 0.006
2026-02-09 10:43:15,202 1 INFO betopiaerp betopiaerp.addons.base.models.res_device: User 849 inserts device log (Vaol0nLxw5I3CTZLiEP5SpIbUYMRVH45VTOiIwmmgR) 
2026-02-09 10:43:25,274 1 INFO betopiaerp betopiaerp.tests.common: Skipping signal changes during tests 
2026-02-09 10:43:25,275 1 INFO betopiaerp werkzeug: 127.0.0.1 - - [09/Feb/2026 10:43:25] "GET /BetopiaERP HTTP/1.1" 200 - 43 0.010 10.063
2026-02-09 10:43:25,277 1 INFO betopiaerp betopiaerp.addons.auth_passkey.tests.test_passkey_demo: Starting PasskeyTest.test_registration ... 
2026-02-09 10:43:25,280 1 INFO betopiaerp betopiaerp.addons.auth_passkey.models.auth_passkey_key: Passkey (#29) deleted by __system__ (#1) from n/a 
2026-02-09 10:43:25,280 1 INFO betopiaerp betopiaerp.addons.auth_passkey.models.auth_passkey_key: Passkey (#28) deleted by __system__ (#1) from n/a 
2026-02-09 10:43:25,283 1 INFO betopiaerp betopiaerp.models.unlink: User #1 deleted auth.passkey.key records with IDs: [29, 28] 
2026-02-09 10:43:25,285 1 INFO betopiaerp betopiaerp.addons.base.models.res_users: Login successful for login:admin from n/a 
2026-02-09 10:43:25,290 1 INFO betopiaerp betopiaerp.addons.base.models.ir_http: Generating routing map for key None 
2026-02-09 10:43:25,297 1 INFO betopiaerp betopiaerp.tests.common: Skipping signal changes during tests 
2026-02-09 10:43:25,297 1 INFO betopiaerp werkzeug: 127.0.0.1 - - [09/Feb/2026 10:43:25] "POST /web/dataset/call_kw#res.users.action_create_passkey HTTP/1.1" 200 - 6 0.001 0.006
2026-02-09 10:43:25,637 1 INFO betopiaerp betopiaerp.tests.common: Skipping signal changes during tests 
2026-02-09 10:43:25,638 1 INFO betopiaerp werkzeug: 127.0.0.1 - - [09/Feb/2026 10:43:25] "POST /web/dataset/call_kw#res.users.identitycheck.run_check HTTP/1.1" 200 - 20 0.005 0.333
2026-02-09 10:43:25,646 1 INFO betopiaerp betopiaerp.tests.common: Skipping signal changes during tests 
2026-02-09 10:43:25,647 1 INFO betopiaerp werkzeug: 127.0.0.1 - - [09/Feb/2026 10:43:25] "POST /web/dataset/call_kw#auth.passkey.key.create.create HTTP/1.1" 200 - 10 0.003 0.004
2026-02-09 10:43:25,654 1 INFO betopiaerp betopiaerp.addons.auth_passkey.models.auth_passkey_key: Passkey (#32) created by admin (#2) from 127.0.0.1 
2026-02-09 10:43:25,656 1 INFO betopiaerp betopiaerp.tests.common: Skipping signal changes during tests 
2026-02-09 10:43:25,657 1 INFO betopiaerp werkzeug: 127.0.0.1 - - [09/Feb/2026 10:43:25] "POST /web/dataset/call_kw#auth.passkey.key.create.make_key HTTP/1.1" 200 - 13 0.003 0.005
2026-02-09 10:43:25,688 1 INFO betopiaerp betopiaerp.addons.base.models.ir_attachment: filestore gc 1 checked, 1 removed 
2026-02-09 10:43:25,689 1 INFO betopiaerp betopiaerp.modules.loading: Module auth_passkey loaded in 30.02s (incl. 29.41s test), 219 queries (+699 test, +219 other) 
2026-02-09 10:43:25,689 1 INFO betopiaerp betopiaerp.modules.loading: Loading module html_editor (12/14) 
2026-02-09 10:43:26,505 1 INFO betopiaerp betopiaerp.registry: module html_editor: creating or updating database tables 
2026-02-09 10:43:26,852 1 INFO betopiaerp betopiaerp.modules.loading: loading html_editor/security/ir.model.access.csv 
2026-02-09 10:43:26,913 1 INFO betopiaerp betopiaerp.addons.html_editor.tests.test_converter: Starting TestHTMLToText.test_br ... 
2026-02-09 10:43:26,914 1 INFO betopiaerp betopiaerp.addons.html_editor.tests.test_converter: Starting TestHTMLToText.test_div ... 
2026-02-09 10:43:26,914 1 INFO betopiaerp betopiaerp.addons.html_editor.tests.test_converter: Starting TestHTMLToText.test_inline ... 
2026-02-09 10:43:26,914 1 INFO betopiaerp betopiaerp.addons.html_editor.tests.test_converter: Starting TestHTMLToText.test_other_block ... 
2026-02-09 10:43:26,915 1 INFO betopiaerp betopiaerp.addons.html_editor.tests.test_converter: Starting TestHTMLToText.test_p ... 
2026-02-09 10:43:26,915 1 INFO betopiaerp betopiaerp.addons.html_editor.tests.test_converter: Starting TestHTMLToText.test_rawstring ... 
2026-02-09 10:43:26,915 1 INFO betopiaerp betopiaerp.addons.html_editor.tests.test_converter: Starting TestHTMLToText.test_whitespace ... 
2026-02-09 10:43:26,916 1 INFO betopiaerp betopiaerp.addons.html_editor.tests.test_converter: Starting TestConvertBack.test_char ... 
2026-02-09 10:43:26,922 1 INFO betopiaerp betopiaerp.addons.html_editor.tests.test_converter: Starting TestConvertBack.test_float ... 
2026-02-09 10:43:26,928 1 INFO betopiaerp betopiaerp.addons.html_editor.tests.test_converter: Starting TestConvertBack.test_integer ... 
2026-02-09 10:43:26,934 1 INFO betopiaerp betopiaerp.addons.html_editor.tests.test_converter: Starting TestConvertBack.test_m2o ... 
2026-02-09 10:43:26,939 1 INFO betopiaerp betopiaerp.addons.html_editor.tests.test_converter: Starting TestConvertBack.test_numeric ... 
2026-02-09 10:43:26,944 1 INFO betopiaerp betopiaerp.addons.html_editor.tests.test_converter: Starting TestConvertBack.test_selection_str ... 
2026-02-09 10:43:26,947 1 INFO betopiaerp betopiaerp.addons.html_editor.tests.test_converter: Starting TestConvertBack.test_text ... 
2026-02-09 10:43:26,969 1 INFO betopiaerp betopiaerp.addons.base.models.ir_attachment: filestore gc 0 checked, 0 removed 
2026-02-09 10:43:26,970 1 INFO betopiaerp betopiaerp.addons.html_editor.tests.test_views: Starting TestViews.test_find_available_name ... 
2026-02-09 10:43:26,977 1 INFO betopiaerp betopiaerp.addons.html_editor.tests.test_views: Starting TestViews.test_infinite_inherit_loop ... 
2026-02-09 10:43:26,984 1 INFO betopiaerp betopiaerp.addons.html_editor.tests.test_views: Starting TestViews.test_oe_structure_as_inherited_view ... 
2026-02-09 10:43:27,014 1 INFO betopiaerp betopiaerp.addons.base.models.ir_attachment: filestore gc 0 checked, 0 removed 
2026-02-09 10:43:27,015 1 INFO betopiaerp betopiaerp.modules.loading: Module html_editor loaded in 1.33s (incl. 0.10s test), 1004 queries (+106 test, +1004 other) 
2026-02-09 10:43:27,015 1 INFO betopiaerp betopiaerp.modules.loading: Loading module iap (13/14) 
2026-02-09 10:43:27,018 1 INFO betopiaerp betopiaerp.registry: module iap: creating or updating database tables 
2026-02-09 10:43:27,042 1 INFO betopiaerp betopiaerp.modules.loading: loading iap/data/services.xml 
2026-02-09 10:43:27,049 1 INFO betopiaerp betopiaerp.modules.loading: loading iap/security/ir.model.access.csv 
2026-02-09 10:43:27,057 1 INFO betopiaerp betopiaerp.modules.loading: loading iap/security/ir_rule.xml 
2026-02-09 10:43:27,063 1 INFO betopiaerp betopiaerp.modules.loading: loading iap/views/iap_views.xml 
2026-02-09 10:43:27,084 1 INFO betopiaerp betopiaerp.modules.loading: loading iap/views/res_config_settings.xml 
2026-02-09 10:43:27,182 1 INFO betopiaerp betopiaerp.addons.iap.tests.test_iap: Starting TestIAP.test_get_iap_account ... 
2026-02-09 10:43:27,192 1 INFO betopiaerp betopiaerp.models: Access Denied by ACLs for operation: read, uid: 850, model: iap.account, field: account_token 
2026-02-09 10:43:27,220 1 INFO betopiaerp betopiaerp.addons.base.models.ir_attachment: filestore gc 1 checked, 1 removed 
2026-02-09 10:43:27,221 1 INFO betopiaerp betopiaerp.modules.loading: Module iap loaded in 0.21s (incl. 0.07s test), 158 queries (+103 test, +158 other) 
2026-02-09 10:43:27,221 1 INFO betopiaerp betopiaerp.modules.loading: Loading module web_unsplash (14/14) 
2026-02-09 10:43:27,271 1 INFO betopiaerp betopiaerp.registry: module web_unsplash: creating or updating database tables 
2026-02-09 10:43:27,297 1 INFO betopiaerp betopiaerp.modules.loading: loading web_unsplash/views/res_config_settings_view.xml 
2026-02-09 10:43:27,336 1 INFO betopiaerp betopiaerp.modules.loading: Module web_unsplash loaded in 0.12s, 111 queries (+111 other) 
2026-02-09 10:43:27,337 1 INFO betopiaerp betopiaerp.modules.loading: 14 modules loaded in 80.91s, 4745 queries (+9139 extra) 
2026-02-09 10:43:27,514 1 ERROR betopiaerp betopiaerp.modules.loading: At least one test failed when loading the modules. 
2026-02-09 10:43:27,519 1 INFO betopiaerp betopiaerp.registry: Registry changed, signaling through the database 
2026-02-09 10:43:27,520 1 INFO betopiaerp betopiaerp.registry: Registry loaded in 217.396s 
2026-02-09 10:43:27,521 1 INFO betopiaerp betopiaerp.service.server: Starting post tests 
2026-02-09 10:43:27,555 1 INFO betopiaerp betopiaerp.addons.base.models.ir_qweb: Pregenerating assets bundles 
2026-02-09 10:43:54,015 1 INFO betopiaerp betopiaerp.addons.base.models.ir_qweb: JS Assets bundles generated in 26.456488370895386 seconds 
2026-02-09 10:44:11,796 1 INFO betopiaerp betopiaerp.addons.base.models.assetsbundle: Generating a new asset bundle attachment /web/assets/50eb86d/web.report_assets_common.min.css (id:4232) 
2026-02-09 10:44:11,797 1 INFO betopiaerp betopiaerp.addons.base.models.assetsbundle: Deleting attachments [2712] (matching /web/assets/_______/web.report_assets_common.min.css) because it was replaced with /web/assets/50eb86d/web.report_assets_common.min.css 
2026-02-09 10:44:11,800 1 INFO betopiaerp betopiaerp.addons.base.models.ir_qweb: CSS Assets bundles generated in 17.784953117370605 seconds 
2026-02-09 10:44:11,802 1 INFO betopiaerp betopiaerp.addons.base.tests.test_cloc: Starting TestClocStdNoCusto.test_no_custo_install ... 
2026-02-09 10:44:11,807 1 INFO betopiaerp betopiaerp.addons.base.models.ir_attachment: filestore gc 1 checked, 0 removed 
2026-02-09 10:44:11,808 1 INFO betopiaerp betopiaerp.addons.base.tests.test_deprecation: Starting TestModelDeprecations.test_model_attributes ... 
2026-02-09 10:44:11,810 1 INFO betopiaerp betopiaerp.addons.base.tests.test_deprecation: Starting TestModelDeprecations.test_name_get ... 
2026-02-09 10:44:11,812 1 INFO betopiaerp betopiaerp.addons.base.models.ir_attachment: filestore gc 0 checked, 0 removed 
2026-02-09 10:44:11,813 1 INFO betopiaerp betopiaerp.addons.base.tests.test_display_name: Starting TestEveryModel.test_computed_fields_without_dependencies ... 
2026-02-09 10:44:11,853 1 INFO betopiaerp betopiaerp.addons.base.tests.test_display_name: Starting TestEveryModel.test_display_name_new_record ... 
2026-02-09 10:44:11,937 1 INFO betopiaerp betopiaerp.addons.base.tests.test_display_name: Starting TestEveryModel.test_form_new_record ... 
2026-02-09 10:44:12,323 1 INFO betopiaerp betopiaerp.addons.base.models.ir_attachment: filestore gc 0 checked, 0 removed 
2026-02-09 10:44:12,324 1 INFO betopiaerp betopiaerp.addons.base.tests.test_form_create: Starting TestFormCreate.test_create_res_bank ... 
2026-02-09 10:44:12,335 1 INFO betopiaerp betopiaerp.addons.base.tests.test_form_create: Starting TestFormCreate.test_create_res_company ... 
2026-02-09 10:44:12,437 1 INFO betopiaerp betopiaerp.addons.base.tests.test_form_create: Starting TestFormCreate.test_create_res_country ... 
2026-02-09 10:44:12,454 1 INFO betopiaerp betopiaerp.addons.base.tests.test_form_create: Starting TestFormCreate.test_create_res_group ... 
2026-02-09 10:44:12,489 1 INFO betopiaerp betopiaerp.addons.base.tests.test_form_create: Starting TestFormCreate.test_create_res_lang ... 
2026-02-09 10:44:12,502 1 INFO betopiaerp betopiaerp.addons.base.tests.test_form_create: Starting TestFormCreate.test_create_res_partner ... 
2026-02-09 10:44:12,536 1 INFO betopiaerp betopiaerp.addons.base.tests.test_form_create: Starting TestFormCreate.test_create_res_users ... 
2026-02-09 10:44:12,585 1 INFO betopiaerp betopiaerp.addons.base.models.ir_attachment: filestore gc 1 checked, 1 removed 
2026-02-09 10:44:12,588 1 INFO betopiaerp betopiaerp.addons.base.tests.test_http_case: Starting TestHttpCase.test_console_error_object ... 
2026-02-09 10:44:12,607 1 INFO betopiaerp betopiaerp.addons.base.tests.test_http_case: skipped TestHttpCase.test_console_error_object : websocket-client module is not installed 
2026-02-09 10:44:12,608 1 INFO betopiaerp betopiaerp.addons.base.tests.test_http_case: Starting TestHttpCase.test_console_error_string ... 
2026-02-09 10:44:12,621 1 INFO betopiaerp betopiaerp.addons.base.tests.test_http_case: skipped TestHttpCase.test_console_error_string : websocket-client module is not installed 
2026-02-09 10:44:12,622 1 INFO betopiaerp betopiaerp.addons.base.tests.test_http_case: Starting TestHttpCase.test_console_log_object ... 
2026-02-09 10:44:12,634 1 INFO betopiaerp betopiaerp.addons.base.tests.test_http_case: skipped TestHttpCase.test_console_log_object : websocket-client module is not installed 
2026-02-09 10:44:12,637 1 INFO betopiaerp betopiaerp.addons.base.models.ir_attachment: filestore gc 0 checked, 0 removed 
2026-02-09 10:44:12,639 1 INFO betopiaerp betopiaerp.addons.base.tests.test_http_case: Starting TestRunbotLog.test_runbot_js_log ... 
2026-02-09 10:44:12,652 1 INFO betopiaerp betopiaerp.addons.base.tests.test_http_case: skipped TestRunbotLog.test_runbot_js_log : websocket-client module is not installed 
2026-02-09 10:44:12,654 1 INFO betopiaerp betopiaerp.addons.base.models.ir_attachment: filestore gc 0 checked, 0 removed 
2026-02-09 10:44:12,657 1 INFO betopiaerp betopiaerp.addons.base.tests.test_http_case: Starting TestChromeBrowser.test_screencasts ... 
2026-02-09 10:44:12,657 1 WARNING betopiaerp betopiaerp.addons.base.tests.test_http_case.TestChromeBrowser.test_screencasts: websocket-client module is not installed 
2026-02-09 10:44:12,658 1 INFO betopiaerp betopiaerp.addons.base.tests.test_http_case: skipped TestChromeBrowser.test_screencasts : websocket-client module is not installed 
2026-02-09 10:44:12,659 1 INFO betopiaerp betopiaerp.addons.base.models.ir_attachment: filestore gc 0 checked, 0 removed 
2026-02-09 10:44:12,662 1 INFO betopiaerp betopiaerp.addons.base.tests.test_http_case: Starting TestChromeBrowserOddDimensions.test_screencasts ... 
2026-02-09 10:44:12,662 1 WARNING betopiaerp betopiaerp.addons.base.tests.test_http_case.TestChromeBrowserOddDimensions.test_screencasts: websocket-client module is not installed 
2026-02-09 10:44:12,663 1 INFO betopiaerp betopiaerp.addons.base.tests.test_http_case: skipped TestChromeBrowserOddDimensions.test_screencasts : websocket-client module is not installed 
2026-02-09 10:44:12,664 1 INFO betopiaerp betopiaerp.addons.base.models.ir_attachment: filestore gc 0 checked, 0 removed 
2026-02-09 10:44:12,665 1 INFO betopiaerp betopiaerp.addons.base.tests.test_import_files: Starting TestImportFiles.test_import_contacts_template_xls ... 
2026-02-09 10:44:12,666 1 INFO betopiaerp betopiaerp.addons.base.tests.test_import_files: skipped TestImportFiles.test_import_contacts_template_xls : Needs demo data to be able to import those files 
2026-02-09 10:44:12,668 1 INFO betopiaerp betopiaerp.addons.base.models.ir_attachment: filestore gc 0 checked, 0 removed 
2026-02-09 10:44:12,668 1 INFO betopiaerp betopiaerp.addons.base.tests.test_ir_actions: Starting TestCustomFieldsPostInstall.test_add_field_valid ... 
2026-02-09 10:44:12,708 1 INFO betopiaerp betopiaerp.registry: Invalidating all model caches from _callCleanup /opt/betopiaerp/betopiaerp/tests/case.py:190 
2026-02-09 10:44:12,728 1 INFO betopiaerp betopiaerp.addons.base.models.ir_attachment: filestore gc 0 checked, 0 removed 
2026-02-09 10:44:12,729 1 INFO betopiaerp betopiaerp.addons.base.tests.test_ir_asset: Starting TestAsset.test_asset_tag ... 
2026-02-09 10:44:12,760 1 INFO betopiaerp betopiaerp.addons.base.models.ir_attachment: filestore gc 0 checked, 0 removed 
2026-02-09 10:44:12,761 1 INFO betopiaerp betopiaerp.addons.base.tests.test_ir_filters: Starting TestAllFilters.test_filters ... 
2026-02-09 10:44:12,763 1 INFO betopiaerp betopiaerp.addons.base.models.ir_attachment: filestore gc 0 checked, 0 removed 
2026-02-09 10:44:12,764 1 INFO betopiaerp betopiaerp.addons.base.tests.test_ir_http: Starting TestIrHttpPerformances.test_routing_map_performance ... 
2026-02-09 10:44:12,765 1 INFO betopiaerp betopiaerp.addons.base.models.ir_http: Generating routing map for key None 
2026-02-09 10:44:12,774 1 INFO betopiaerp betopiaerp.addons.base.tests.test_ir_http: Routing map web generated in 0.009s 
2026-02-09 10:44:12,774 1 INFO betopiaerp betopiaerp.addons.base.models.ir_http: Generating routing map for key 1 
2026-02-09 10:44:12,808 1 INFO betopiaerp betopiaerp.addons.base.tests.test_ir_http: Routing map website1 generated in 0.034s 
2026-02-09 10:44:12,810 1 INFO betopiaerp betopiaerp.addons.base.models.ir_attachment: filestore gc 0 checked, 0 removed 
2026-02-09 10:44:12,811 1 INFO betopiaerp betopiaerp.addons.base.tests.test_ir_model: Starting TestIrModelEdition.test_delete_manual_models_with_base_fields ... 
2026-02-09 10:44:12,897 1 INFO betopiaerp betopiaerp.models.unlink: User #1 deleted ir.model records with IDs: [242, 244] 
2026-02-09 10:44:12,918 1 INFO betopiaerp betopiaerp.addons.base.tests.test_ir_model: Starting TestIrModelEdition.test_ir_model_fields_name_create ... 
2026-02-09 10:44:12,951 1 INFO betopiaerp betopiaerp.addons.base.tests.test_ir_model: Starting TestIrModelEdition.test_new_ir_model_fields_related ... 
2026-02-09 10:44:13,030 1 INFO betopiaerp betopiaerp.addons.base.models.ir_attachment: filestore gc 0 checked, 0 removed 
2026-02-09 10:44:13,035 1 INFO betopiaerp betopiaerp.addons.base.tests.test_ir_model: Starting TestIrModelFieldsTranslation.test_ir_model_fields_translation ... 
2026-02-09 10:44:13,056 1 WARNING betopiaerp betopiaerp.addons.base.tests.test_ir_model.TestIrModelFieldsTranslation.test_ir_model_fields_translation: websocket-client module is not installed 
2026-02-09 10:44:13,056 1 INFO betopiaerp betopiaerp.addons.base.tests.test_ir_model: skipped TestIrModelFieldsTranslation.test_ir_model_fields_translation : websocket-client module is not installed 
2026-02-09 10:44:13,058 1 INFO betopiaerp betopiaerp.addons.base.models.ir_attachment: filestore gc 0 checked, 0 removed 
2026-02-09 10:44:13,059 1 INFO betopiaerp betopiaerp.addons.base.tests.test_neutralize: Starting TestNeutralize.test_10_neutralize ... 
2026-02-09 10:44:13,076 1 INFO betopiaerp betopiaerp.addons.base.models.ir_attachment: filestore gc 0 checked, 0 removed 
2026-02-09 10:44:13,077 1 INFO betopiaerp betopiaerp.addons.base.tests.test_orm: Starting TestCompanyDependent.test_orm_ondelete_restrict ... 
2026-02-09 10:44:13,080 1 INFO betopiaerp betopiaerp.addons.base.models.ir_attachment: filestore gc 0 checked, 0 removed 
2026-02-09 10:44:13,080 1 INFO betopiaerp betopiaerp.tests.common: Auto retry disabled for test_invalidation (betopiaerp.addons.base.tests.test_ormcache.TestOrmCache.test_invalidation) 
2026-02-09 10:44:13,081 1 INFO betopiaerp betopiaerp.addons.base.tests.test_ormcache: Starting TestOrmCache.test_invalidation ... 
2026-02-09 10:44:13,082 1 INFO betopiaerp betopiaerp.tests.common: Auto retry disabled for test_invalidation_thread_local (betopiaerp.addons.base.tests.test_ormcache.TestOrmCache.test_invalidation_thread_local) 
2026-02-09 10:44:13,082 1 INFO betopiaerp betopiaerp.addons.base.tests.test_ormcache: Starting TestOrmCache.test_invalidation_thread_local ... 
2026-02-09 10:44:13,084 1 INFO betopiaerp betopiaerp.tests.common: Auto retry disabled for test_ormcache (betopiaerp.addons.base.tests.test_ormcache.TestOrmCache.test_ormcache) 
2026-02-09 10:44:13,084 1 INFO betopiaerp betopiaerp.addons.base.tests.test_ormcache: Starting TestOrmCache.test_ormcache ... 
2026-02-09 10:44:13,086 1 INFO betopiaerp betopiaerp.tests.common: Auto retry disabled for test_signaling_01_multiple (betopiaerp.addons.base.tests.test_ormcache.TestOrmCache.test_signaling_01_multiple) 
2026-02-09 10:44:13,086 1 INFO betopiaerp betopiaerp.addons.base.tests.test_ormcache: Starting TestOrmCache.test_signaling_01_multiple ... 
2026-02-09 10:44:13,092 1 INFO betopiaerp betopiaerp.tests.common: Auto retry disabled for test_signaling_01_single (betopiaerp.addons.base.tests.test_ormcache.TestOrmCache.test_signaling_01_single) 
2026-02-09 10:44:13,092 1 INFO betopiaerp betopiaerp.addons.base.tests.test_ormcache: Starting TestOrmCache.test_signaling_01_single ... 
2026-02-09 10:44:13,095 1 INFO betopiaerp betopiaerp.tests.common: Auto retry disabled for test_signaling_gc (betopiaerp.addons.base.tests.test_ormcache.TestOrmCache.test_signaling_gc) 
2026-02-09 10:44:13,096 1 INFO betopiaerp betopiaerp.addons.base.tests.test_ormcache: Starting TestOrmCache.test_signaling_gc ... 
2026-02-09 10:44:13,105 1 INFO betopiaerp betopiaerp.addons.base.models.ir_attachment: filestore gc 0 checked, 0 removed 
2026-02-09 10:44:13,106 1 INFO betopiaerp betopiaerp.addons.base.tests.test_overrides: Starting TestOverrides.test_creates ... 
2026-02-09 10:44:13,113 1 INFO betopiaerp betopiaerp.addons.base.tests.test_overrides: Starting TestOverrides.test_default_get ... 
2026-02-09 10:44:13,144 1 INFO betopiaerp betopiaerp.addons.base.tests.test_overrides: Starting TestOverrides.test_unlink ... 
2026-02-09 10:44:13,170 1 INFO betopiaerp betopiaerp.addons.base.tests.test_overrides: Starting TestOverrides.test_writes ... 
2026-02-09 10:44:13,191 1 INFO betopiaerp betopiaerp.addons.base.models.ir_attachment: filestore gc 0 checked, 0 removed 
2026-02-09 10:44:13,196 1 INFO betopiaerp betopiaerp.addons.base.tests.test_profiler: Starting TestProfileAccess.test_admin_has_access ... 
2026-02-09 10:44:13,198 1 INFO betopiaerp betopiaerp.addons.base.tests.test_profiler: Starting TestProfileAccess.test_user_no_access ... 
2026-02-09 10:44:13,231 1 INFO betopiaerp betopiaerp.addons.base.models.ir_model: Access Denied by ACLs for operation: read, uid: 852, model: ir.profile 
2026-02-09 10:44:13,234 1 INFO betopiaerp betopiaerp.addons.base.models.ir_model: Access Denied by ACLs for operation: read, uid: 852, model: ir.profile 
2026-02-09 10:44:13,237 1 INFO betopiaerp betopiaerp.addons.base.models.ir_attachment: filestore gc 1 checked, 1 removed 
2026-02-09 10:44:13,238 1 INFO betopiaerp betopiaerp.addons.base.tests.test_profiler: Starting TestSpeedscope.test_convert_empty ... 
2026-02-09 10:44:13,238 1 INFO betopiaerp betopiaerp.addons.base.tests.test_profiler: Starting TestSpeedscope.test_converts_context ... 
2026-02-09 10:44:13,239 1 INFO betopiaerp betopiaerp.addons.base.tests.test_profiler: Starting TestSpeedscope.test_converts_context_lower ... 
2026-02-09 10:44:13,239 1 INFO betopiaerp betopiaerp.addons.base.tests.test_profiler: Starting TestSpeedscope.test_converts_context_nested ... 
2026-02-09 10:44:13,239 1 INFO betopiaerp betopiaerp.addons.base.tests.test_profiler: Starting TestSpeedscope.test_converts_init_stack_trace ... 
2026-02-09 10:44:13,240 1 INFO betopiaerp betopiaerp.addons.base.tests.test_profiler: Starting TestSpeedscope.test_converts_no_context ... 
2026-02-09 10:44:13,240 1 INFO betopiaerp betopiaerp.addons.base.tests.test_profiler: Starting TestSpeedscope.test_converts_profile_no_end ... 
2026-02-09 10:44:13,240 1 INFO betopiaerp betopiaerp.addons.base.tests.test_profiler: Starting TestSpeedscope.test_converts_profile_simple ... 
2026-02-09 10:44:13,240 1 INFO betopiaerp betopiaerp.addons.base.tests.test_profiler: Starting TestSpeedscope.test_end_priority ... 
2026-02-09 10:44:13,241 1 INFO betopiaerp betopiaerp.addons.base.tests.test_profiler: Starting TestSpeedscope.test_following_queries_dont_merge ... 
2026-02-09 10:44:13,241 1 INFO betopiaerp betopiaerp.addons.base.tests.test_profiler: Starting TestProfiling.test_default_recorders ... 
2026-02-09 10:44:13,304 1 INFO betopiaerp betopiaerp.addons.base.tests.test_profiler: Starting TestProfiling.test_default_values ... 
2026-02-09 10:44:13,305 1 INFO betopiaerp betopiaerp.addons.base.tests.test_profiler: Starting TestProfiling.test_env_profiler_database ... 
2026-02-09 10:44:13,305 1 INFO betopiaerp betopiaerp.addons.base.tests.test_profiler: Starting TestProfiling.test_env_profiler_description ... 
2026-02-09 10:44:13,319 1 INFO betopiaerp betopiaerp.addons.base.tests.test_profiler: Starting TestProfiling.test_execution_context_nested ... 
2026-02-09 10:44:13,334 1 INFO betopiaerp betopiaerp.addons.base.tests.test_profiler: Starting TestProfiling.test_execution_context_save ... 
2026-02-09 10:44:13,349 1 INFO betopiaerp betopiaerp.addons.base.tests.test_profiler: Starting TestProfiling.test_profiler_return ... 
2026-02-09 10:44:13,364 1 INFO betopiaerp betopiaerp.tools.profiler: ir_profile 23 (2026-02-09 10:44:13 test_profiler_return) created 
2026-02-09 10:44:13,365 1 INFO betopiaerp betopiaerp.addons.base.tests.test_profiler: Starting TestProfiling.test_qweb_recorder ... 
2026-02-09 10:44:13,417 1 INFO betopiaerp betopiaerp.addons.base.models.ir_attachment: filestore gc 0 checked, 0 removed 
2026-02-09 10:44:13,418 1 INFO betopiaerp betopiaerp.addons.base.tests.test_qweb: Starting TestQWebTField.test_default_value ... 
2026-02-09 10:44:13,424 1 INFO betopiaerp betopiaerp.addons.base.tests.test_qweb: Starting TestQWebTField.test_i18n ... 
2026-02-09 10:44:13,485 1 INFO betopiaerp betopiaerp.addons.base.tests.test_qweb: Starting TestQWebTField.test_no_value_no_default_value ... 
2026-02-09 10:44:13,490 1 INFO betopiaerp betopiaerp.addons.base.tests.test_qweb: Starting TestQWebTField.test_reject_crummy_tags ... 
2026-02-09 10:44:13,499 1 INFO betopiaerp betopiaerp.addons.base.tests.test_qweb: Starting TestQWebTField.test_reject_t_tag ... 
2026-02-09 10:44:13,502 1 INFO betopiaerp betopiaerp.addons.base.tests.test_qweb: Starting TestQWebTField.test_render_t_options ... 
2026-02-09 10:44:13,509 1 INFO betopiaerp betopiaerp.addons.base.tests.test_qweb: Starting TestQWebTField.test_trivial ... 
2026-02-09 10:44:13,571 1 INFO betopiaerp betopiaerp.addons.base.tests.test_qweb: Starting TestQWebTField.test_xss_breakout ... 
2026-02-09 10:44:13,577 1 INFO betopiaerp betopiaerp.addons.base.models.ir_attachment: filestore gc 0 checked, 0 removed 
2026-02-09 10:44:13,578 1 INFO betopiaerp betopiaerp.addons.base.tests.test_qweb: Starting TestQWebNS.test_render_dynamic_xml_with_code_error ... 
2026-02-09 10:44:13,584 1 INFO betopiaerp betopiaerp.addons.base.tests.test_qweb: Starting TestQWebNS.test_render_dynamic_xml_with_namespace_2 ... 
2026-02-09 10:44:13,590 1 INFO betopiaerp betopiaerp.addons.base.tests.test_qweb: Starting TestQWebNS.test_render_dynamic_xml_with_namespace_t_attf ... 
2026-02-09 10:44:13,594 1 INFO betopiaerp betopiaerp.addons.base.tests.test_qweb: Starting TestQWebNS.test_render_dynamic_xml_with_namespace_t_attf_with_useless_distributed_namespace ... 
2026-02-09 10:44:13,598 1 INFO betopiaerp betopiaerp.addons.base.tests.test_qweb: Starting TestQWebNS.test_render_dynamic_xml_with_namespace_t_esc ... 
2026-02-09 10:44:13,604 1 INFO betopiaerp betopiaerp.addons.base.tests.test_qweb: Starting TestQWebNS.test_render_dynamic_xml_with_namespace_t_esc_with_useless_distributed_namespace ... 
2026-02-09 10:44:13,611 1 INFO betopiaerp betopiaerp.addons.base.tests.test_qweb: Starting TestQWebNS.test_render_dynamic_xml_with_namespaced_attributes ... 
2026-02-09 10:44:13,617 1 INFO betopiaerp betopiaerp.addons.base.tests.test_qweb: Starting TestQWebNS.test_render_static_xml_with_extension ... 
2026-02-09 10:44:13,625 1 INFO betopiaerp betopiaerp.addons.base.tests.test_qweb: Starting TestQWebNS.test_render_static_xml_with_namespace ... 
2026-02-09 10:44:13,630 1 INFO betopiaerp betopiaerp.addons.base.tests.test_qweb: Starting TestQWebNS.test_render_static_xml_with_namespace_2 ... 
2026-02-09 10:44:13,637 1 INFO betopiaerp betopiaerp.addons.base.tests.test_qweb: Starting TestQWebNS.test_render_static_xml_with_namespace_3 ... 
2026-02-09 10:44:13,645 1 INFO betopiaerp betopiaerp.addons.base.tests.test_qweb: Starting TestQWebNS.test_render_static_xml_with_namespace_dynamic ... 
2026-02-09 10:44:13,653 1 INFO betopiaerp betopiaerp.addons.base.tests.test_qweb: Starting TestQWebNS.test_render_static_xml_with_namespace_dynamic_2 ... 
2026-02-09 10:44:13,662 1 INFO betopiaerp betopiaerp.addons.base.tests.test_qweb: Starting TestQWebNS.test_render_static_xml_with_namespaced_attributes ... 
2026-02-09 10:44:13,669 1 INFO betopiaerp betopiaerp.addons.base.tests.test_qweb: Starting TestQWebNS.test_render_static_xml_with_t_call ... 
2026-02-09 10:44:13,682 1 INFO betopiaerp betopiaerp.addons.base.tests.test_qweb: Starting TestQWebNS.test_render_static_xml_with_useless_distributed_namespace ... 
2026-02-09 10:44:13,687 1 INFO betopiaerp betopiaerp.addons.base.tests.test_qweb: Starting TestQWebNS.test_render_static_xml_with_void_element ... 
2026-02-09 10:44:13,695 1 INFO betopiaerp betopiaerp.addons.base.models.ir_attachment: filestore gc 0 checked, 0 removed 
2026-02-09 10:44:13,696 1 INFO betopiaerp betopiaerp.addons.base.tests.test_qweb: Starting TestQWebBasic.test_att_escaping_1 ... 
2026-02-09 10:44:13,703 1 INFO betopiaerp betopiaerp.addons.base.tests.test_qweb: Starting TestQWebBasic.test_att_escaping_2 ... 
2026-02-09 10:44:13,708 1 INFO betopiaerp betopiaerp.addons.base.tests.test_qweb: Starting TestQWebBasic.test_att_no_propagation_1 ... 
2026-02-09 10:44:13,715 1 INFO betopiaerp betopiaerp.addons.base.tests.test_qweb: Starting TestQWebBasic.test_att_no_propagation_2 ... 
2026-02-09 10:44:13,722 1 INFO betopiaerp betopiaerp.addons.base.tests.test_qweb: Starting TestQWebBasic.test_attf_escaping_1 ... 
2026-02-09 10:44:13,727 1 INFO betopiaerp betopiaerp.addons.base.tests.test_qweb: Starting TestQWebBasic.test_attf_escaping_2 ... 
2026-02-09 10:44:13,733 1 INFO betopiaerp betopiaerp.addons.base.tests.test_qweb: Starting TestQWebBasic.test_attf_escaping_3 ... 
2026-02-09 10:44:13,738 1 INFO betopiaerp betopiaerp.addons.base.tests.test_qweb: Starting TestQWebBasic.test_call_call_0 ... 
2026-02-09 10:44:13,752 1 INFO betopiaerp betopiaerp.addons.base.tests.test_qweb: Starting TestQWebBasic.test_call_error ... 
2026-02-09 10:44:13,764 1 INFO betopiaerp betopiaerp.addons.base.tests.test_qweb: Starting TestQWebBasic.test_call_foreach_call ... 
2026-02-09 10:44:13,775 1 INFO betopiaerp betopiaerp.addons.base.tests.test_qweb: Starting TestQWebBasic.test_call_infinite_recursion ... 
2026-02-09 10:44:13,787 1 INFO betopiaerp betopiaerp.addons.base.tests.test_qweb: Starting TestQWebBasic.test_call_set ... 
2026-02-09 10:44:13,797 1 INFO betopiaerp betopiaerp.addons.base.tests.test_qweb: Starting TestQWebBasic.test_compile_expr ... 
2026-02-09 10:44:13,803 1 INFO betopiaerp betopiaerp.addons.base.tests.test_qweb: Starting TestQWebBasic.test_compile_expr_security ... 
2026-02-09 10:44:13,812 1 INFO betopiaerp betopiaerp.addons.base.tests.test_qweb: Starting TestQWebBasic.test_error_message_1 ... 
2026-02-09 10:44:13,820 1 INFO betopiaerp betopiaerp.addons.base.tests.test_qweb: Starting TestQWebBasic.test_error_message_10 ... 
2026-02-09 10:44:13,833 1 INFO betopiaerp betopiaerp.addons.base.tests.test_qweb: Starting TestQWebBasic.test_error_message_11 ... 
2026-02-09 10:44:13,860 1 INFO betopiaerp betopiaerp.addons.base.tests.test_qweb: Starting TestQWebBasic.test_error_message_12 ... 
2026-02-09 10:44:13,881 1 INFO betopiaerp betopiaerp.addons.base.tests.test_qweb: Starting TestQWebBasic.test_error_message_13 ... 
2026-02-09 10:44:13,896 1 INFO betopiaerp betopiaerp.addons.base.tests.test_qweb: Starting TestQWebBasic.test_error_message_14 ... 
2026-02-09 10:44:13,905 1 INFO betopiaerp betopiaerp.addons.base.tests.test_qweb: Starting TestQWebBasic.test_error_message_2 ... 
2026-02-09 10:44:13,923 1 INFO betopiaerp betopiaerp.addons.base.tests.test_qweb: Starting TestQWebBasic.test_error_message_3 ... 
2026-02-09 10:44:13,940 1 INFO betopiaerp betopiaerp.addons.base.tests.test_qweb: Starting TestQWebBasic.test_error_message_4 ... 
2026-02-09 10:44:13,962 1 INFO betopiaerp betopiaerp.addons.base.tests.test_qweb: Starting TestQWebBasic.test_error_message_5 ... 
2026-02-09 10:44:13,968 1 INFO betopiaerp betopiaerp.addons.base.tests.test_qweb: Starting TestQWebBasic.test_error_message_6 ... 
2026-02-09 10:44:13,977 1 INFO betopiaerp betopiaerp.addons.base.tests.test_qweb: Starting TestQWebBasic.test_error_message_7 ... 
2026-02-09 10:44:13,984 1 INFO betopiaerp betopiaerp.addons.base.tests.test_qweb: Starting TestQWebBasic.test_error_message_8 ... 
2026-02-09 10:44:13,992 1 INFO betopiaerp betopiaerp.addons.base.tests.test_qweb: Starting TestQWebBasic.test_error_message_9 ... 
2026-02-09 10:44:14,007 1 INFO betopiaerp betopiaerp.addons.base.tests.test_qweb: Starting TestQWebBasic.test_esc_markup ... 
2026-02-09 10:44:14,015 1 INFO betopiaerp betopiaerp.addons.base.tests.test_qweb: Starting TestQWebBasic.test_foreach_as_error_1 ... 
2026-02-09 10:44:14,036 1 INFO betopiaerp betopiaerp.addons.base.tests.test_qweb: Starting TestQWebBasic.test_foreach_as_error_2 ... 
2026-02-09 10:44:14,050 1 INFO betopiaerp betopiaerp.addons.base.tests.test_qweb: Starting TestQWebBasic.test_foreach_as_error_3 ... 
2026-02-09 10:44:14,065 1 INFO betopiaerp betopiaerp.addons.base.tests.test_qweb: Starting TestQWebBasic.test_foreach_iter_dict ... 
2026-02-09 10:44:14,070 1 INFO betopiaerp betopiaerp.addons.base.tests.test_qweb: Starting TestQWebBasic.test_foreach_iter_list ... 
2026-02-09 10:44:14,076 1 INFO betopiaerp betopiaerp.addons.base.tests.test_qweb: Starting TestQWebBasic.test_if_comment ... 
2026-02-09 10:44:14,081 1 INFO betopiaerp betopiaerp.addons.base.tests.test_qweb: Starting TestQWebBasic.test_if_from_body ... 
2026-02-09 10:44:14,086 1 INFO betopiaerp betopiaerp.addons.base.tests.test_qweb: Starting TestQWebBasic.test_if_spaces ... 
2026-02-09 10:44:14,091 1 INFO betopiaerp betopiaerp.addons.base.tests.test_qweb: Starting TestQWebBasic.test_out ... 
2026-02-09 10:44:14,096 1 INFO betopiaerp betopiaerp.addons.base.tests.test_qweb: Starting TestQWebBasic.test_out_default_value ... 
2026-02-09 10:44:14,102 1 INFO betopiaerp betopiaerp.addons.base.tests.test_qweb: Starting TestQWebBasic.test_out_escape_text ... 
2026-02-09 10:44:14,109 1 INFO betopiaerp betopiaerp.addons.base.tests.test_qweb: Starting TestQWebBasic.test_out_format_1 ... 
2026-02-09 10:44:14,115 1 INFO betopiaerp betopiaerp.addons.base.tests.test_qweb: Starting TestQWebBasic.test_out_format_2 ... 
2026-02-09 10:44:14,120 1 INFO betopiaerp betopiaerp.addons.base.tests.test_qweb: Starting TestQWebBasic.test_out_format_3 ... 
2026-02-09 10:44:14,124 1 INFO betopiaerp betopiaerp.addons.base.tests.test_qweb: Starting TestQWebBasic.test_out_format_4 ... 
2026-02-09 10:44:14,129 1 INFO betopiaerp betopiaerp.addons.base.tests.test_qweb: Starting TestQWebBasic.test_out_format_5 ... 
2026-02-09 10:44:14,134 1 INFO betopiaerp betopiaerp.addons.base.tests.test_qweb: Starting TestQWebBasic.test_out_format_6 ... 
2026-02-09 10:44:14,138 1 INFO betopiaerp betopiaerp.addons.base.tests.test_qweb: Starting TestQWebBasic.test_out_format_7 ... 
2026-02-09 10:44:14,143 1 INFO betopiaerp betopiaerp.addons.base.tests.test_qweb: Starting TestQWebBasic.test_out_format_8 ... 
2026-02-09 10:44:14,148 1 INFO betopiaerp betopiaerp.addons.base.tests.test_qweb: Starting TestQWebBasic.test_out_format_9 ... 
2026-02-09 10:44:14,153 1 INFO betopiaerp betopiaerp.addons.base.tests.test_qweb: Starting TestQWebBasic.test_out_json ... 
2026-02-09 10:44:14,157 1 INFO betopiaerp betopiaerp.addons.base.tests.test_qweb: Starting TestQWebBasic.test_out_markup ... 
2026-02-09 10:44:14,162 1 INFO betopiaerp betopiaerp.addons.base.tests.test_qweb: Starting TestQWebBasic.test_render_barcode ... 
2026-02-09 10:44:14,253 1 INFO betopiaerp betopiaerp.addons.base.tests.test_qweb: ====================================================================== 
2026-02-09 10:44:14,253 1 ERROR betopiaerp betopiaerp.addons.base.tests.test_qweb: ERROR: TestQWebBasic.test_render_barcode
Traceback (most recent call last):
  File "/usr/local/lib/python3.12/site-packages/reportlab/graphics/renderPM.py", line 43, in _getPMBackend
    import rlPyCairo as M
ModuleNotFoundError: No module named 'rlPyCairo'

During handling of the above exception, another exception occurred:

Traceback (most recent call last):
  File "/usr/local/lib/python3.12/site-packages/reportlab/graphics/renderPM.py", line 46, in _getPMBackend
    import _rl_renderPM as M
ModuleNotFoundError: No module named '_rl_renderPM'

During handling of the above exception, another exception occurred:

Traceback (most recent call last):
  File "/opt/betopiaerp/betopiaerp/addons/base/tests/test_qweb.py", line 2054, in test_render_barcode
    rendered = self.env['ir.qweb']._render(view.id, values={'partner': partner}).strip()
               ^^^^^^^^^^^^^^^^^^^^^^^^^^^^^^^^^^^^^^^^^^^^^^^^^^^^^^^^^^^^^^^^^
  File "/opt/betopiaerp/betopiaerp/addons/base/models/ir_qweb.py", line 728, in _render
    return Markup(''.join(iterator))
                  ^^^^^^^^^^^^^^^^^
  File "/opt/betopiaerp/betopiaerp/addons/base/models/ir_qweb.py", line 756, in _render_iterall
    for item in frame.iterator:
                ^^^^^^^^^^^^^^
  File "<4335>", line 61, in template_gen_key_61f7cd_4335
  File "<4335>", line 17, in template_gen_key_61f7cd_4335_content
  File "/opt/betopiaerp/betopiaerp/addons/base/models/ir_qweb.py", line 2740, in _get_field
    content = converter.record_to_html(record, field_name, field_options)
              ^^^^^^^^^^^^^^^^^^^^^^^^^^^^^^^^^^^^^^^^^^^^^^^^^^^^^^^^^^^
  File "/opt/betopiaerp/betopiaerp/addons/base/models/ir_qweb_fields.py", line 171, in record_to_html
    return False if value is False else self.value_to_html(value, options=options)
                                        ^^^^^^^^^^^^^^^^^^^^^^^^^^^^^^^^^^^^^^^^^^
  File "/opt/betopiaerp/betopiaerp/addons/base/models/ir_qweb_fields.py", line 804, in value_to_html
    barcode = self.env['ir.actions.report'].barcode(
              ^^^^^^^^^^^^^^^^^^^^^^^^^^^^^^^^^^^^^^
  File "/opt/betopiaerp/betopiaerp/addons/base/models/ir_actions_report.py", line 745, in barcode
    return barcode.asString('png')
           ^^^^^^^^^^^^^^^^^^^^^^^
  File "/usr/local/lib/python3.12/site-packages/reportlab/graphics/shapes.py", line 803, in asString
    return renderPM.drawToString(self, fmt=format,showBoundary=getattr(self,'showBorder',
           ^^^^^^^^^^^^^^^^^^^^^^^^^^^^^^^^^^^^^^^^^^^^^^^^^^^^^^^^^^^^^^^^^^^^^^^^^^^^^^
  File "/usr/local/lib/python3.12/site-packages/reportlab/graphics/renderPM.py", line 721, in drawToString
    drawToFile(d,s,fmt=fmt, dpi=dpi, bg=bg, configPIL=configPIL,backend=backend)
  File "/usr/local/lib/python3.12/site-packages/reportlab/graphics/renderPM.py", line 716, in drawToFile
    c = drawToPMCanvas(d, dpi=dpi, bg=bg, configPIL=configPIL, showBoundary=showBoundary,backend=backend)
        ^^^^^^^^^^^^^^^^^^^^^^^^^^^^^^^^^^^^^^^^^^^^^^^^^^^^^^^^^^^^^^^^^^^^^^^^^^^^^^^^^^^^^^^^^^^^^^^^^
  File "/usr/local/lib/python3.12/site-packages/reportlab/graphics/renderPM.py", line 701, in drawToPMCanvas
    c = PMCanvas(d.width, d.height, dpi=dpi, bg=bg, configPIL=configPIL, backend=backend)
        ^^^^^^^^^^^^^^^^^^^^^^^^^^^^^^^^^^^^^^^^^^^^^^^^^^^^^^^^^^^^^^^^^^^^^^^^^^^^^^^^^
  File "/usr/local/lib/python3.12/site-packages/reportlab/graphics/renderPM.py", line 304, in __init__
    self.__dict__['_gs'] = self._getGState(w,h,bg,backend)
                           ^^^^^^^^^^^^^^^^^^^^^^^^^^^^^^^
  File "/usr/local/lib/python3.12/site-packages/reportlab/graphics/renderPM.py", line 317, in _getGState
    mod = _getPMBackend(backend)
          ^^^^^^^^^^^^^^^^^^^^^^
  File "/usr/local/lib/python3.12/site-packages/reportlab/graphics/renderPM.py", line 48, in _getPMBackend
    raise RenderPMError(f"""cannot import desired renderPM backend {backend}
reportlab.graphics.utils.RenderPMError: cannot import desired renderPM backend rlPyCairo
Seek advice at the users list see
https://pairlist2.pair.net/mailman/listinfo/reportlab-users
 
2026-02-09 10:44:14,254 1 INFO betopiaerp betopiaerp.addons.base.tests.test_qweb: Starting TestQWebBasic.test_render_comment_tail ... 
2026-02-09 10:44:14,260 1 INFO betopiaerp betopiaerp.addons.base.tests.test_qweb: Starting TestQWebBasic.test_render_comments ... 
2026-02-09 10:44:14,266 1 INFO betopiaerp betopiaerp.addons.base.tests.test_qweb: Starting TestQWebBasic.test_render_processing_instructions ... 
2026-02-09 10:44:14,271 1 INFO betopiaerp betopiaerp.addons.base.tests.test_qweb: Starting TestQWebBasic.test_render_t_call_propagates_t_lang ... 
2026-02-09 10:44:14,283 1 INFO betopiaerp betopiaerp.addons.base.tests.test_qweb: Starting TestQWebBasic.test_render_template_from_file ... 
2026-02-09 10:44:14,300 1 INFO betopiaerp betopiaerp.addons.base.tests.test_qweb: Starting TestQWebBasic.test_render_template_from_file_special_cases ... 
2026-02-09 10:44:14,327 1 INFO betopiaerp betopiaerp.addons.base.tests.test_qweb: Starting TestQWebBasic.test_render_widget_contact ... 
2026-02-09 10:44:14,369 1 INFO betopiaerp betopiaerp.addons.base.tests.test_qweb: Starting TestQWebBasic.test_render_widget_duration_fallback ... 
2026-02-09 10:44:14,385 1 INFO betopiaerp betopiaerp.addons.base.tests.test_qweb: Starting TestQWebBasic.test_set_1 ... 
2026-02-09 10:44:14,389 1 INFO betopiaerp betopiaerp.addons.base.tests.test_qweb: Starting TestQWebBasic.test_set_2 ... 
2026-02-09 10:44:14,394 1 INFO betopiaerp betopiaerp.addons.base.tests.test_qweb: Starting TestQWebBasic.test_set_3 ... 
2026-02-09 10:44:14,398 1 INFO betopiaerp betopiaerp.addons.base.tests.test_qweb: Starting TestQWebBasic.test_set_body_1 ... 
2026-02-09 10:44:14,403 1 INFO betopiaerp betopiaerp.addons.base.tests.test_qweb: Starting TestQWebBasic.test_set_body_2 ... 
2026-02-09 10:44:14,408 1 INFO betopiaerp betopiaerp.addons.base.tests.test_qweb: Starting TestQWebBasic.test_set_body_3 ... 
2026-02-09 10:44:14,431 1 INFO betopiaerp betopiaerp.addons.base.tests.test_qweb: Starting TestQWebBasic.test_set_error_1 ... 
2026-02-09 10:44:14,443 1 INFO betopiaerp betopiaerp.addons.base.tests.test_qweb: Starting TestQWebBasic.test_set_error_2 ... 
2026-02-09 10:44:14,466 1 INFO betopiaerp betopiaerp.addons.base.tests.test_qweb: Starting TestQWebBasic.test_space_remove_technical_all ... 
2026-02-09 10:44:14,483 1 INFO betopiaerp betopiaerp.addons.base.tests.test_qweb: Starting TestQWebBasic.test_space_remove_technical_space_t_foreach ... 
2026-02-09 10:44:14,489 1 INFO betopiaerp betopiaerp.addons.base.tests.test_qweb: Starting TestQWebBasic.test_t_foreach_t_call ... 
2026-02-09 10:44:14,497 1 INFO betopiaerp betopiaerp.addons.base.tests.test_qweb: Starting TestQWebBasic.test_void_element ... 
2026-02-09 10:44:14,506 1 INFO betopiaerp betopiaerp.addons.base.models.ir_attachment: filestore gc 1 checked, 1 removed 
2026-02-09 10:44:14,535 1 INFO betopiaerp betopiaerp.addons.base.tests.test_qweb: Starting TestQwebPerformance.test_render_queries ... 
2026-02-09 10:44:14,614 1 INFO betopiaerp betopiaerp.addons.base.models.ir_attachment: filestore gc 1 checked, 1 removed 
2026-02-09 10:44:14,615 1 INFO betopiaerp betopiaerp.addons.base.tests.test_reports: Starting TestReports.test_report_reload_from_attachment ... 
2026-02-09 10:44:16,644 1 INFO betopiaerp betopiaerp.addons.base.models.ir_actions_report: The PDF report has been generated for model: res.partner, records [2]. 
2026-02-09 10:44:16,648 1 INFO betopiaerp betopiaerp.addons.base.models.ir_actions_report: The PDF documents 'test_attach' are now saved in the database 
2026-02-09 10:44:16,649 1 INFO betopiaerp betopiaerp.addons.base.models.ir_actions_report: The PDF report has been generated for model: res.partner, records [2]. 
2026-02-09 10:44:16,651 1 INFO betopiaerp betopiaerp.addons.base.models.ir_actions_report: The PDF report has been generated for model: res.partner, records [2]. 
2026-02-09 10:44:16,652 1 INFO betopiaerp betopiaerp.addons.base.tests.test_reports: Starting TestReports.test_reports ... 
2026-02-09 10:44:16,654 1 INFO betopiaerp betopiaerp.addons.base.tests.test_reports: testing report base.report_irmodeloverview 
2026-02-09 10:44:18,761 1 INFO betopiaerp betopiaerp.addons.base.tests.test_reports: testing report web.preview_externalreport 
2026-02-09 10:44:18,800 1 INFO betopiaerp betopiaerp.addons.base.tests.test_reports: testing report web.preview_internalreport 
2026-02-09 10:44:18,808 1 INFO betopiaerp betopiaerp.addons.base.tests.test_reports: testing report web.preview_layout_report 
2026-02-09 10:44:18,825 1 INFO betopiaerp betopiaerp.addons.base.models.ir_attachment: filestore gc 1 checked, 1 removed 
2026-02-09 10:44:18,826 1 INFO betopiaerp betopiaerp.addons.base.tests.test_reports: Starting TestReportsRendering.test_format_A4 ... 
2026-02-09 10:44:18,826 1 INFO betopiaerp betopiaerp.addons.base.tests.test_reports: skipped TestReportsRendering.test_format_A4 : pdfminer not installed 
2026-02-09 10:44:18,827 1 INFO betopiaerp betopiaerp.addons.base.tests.test_reports: Starting TestReportsRendering.test_format_landscape ... 
2026-02-09 10:44:18,827 1 INFO betopiaerp betopiaerp.addons.base.tests.test_reports: skipped TestReportsRendering.test_format_landscape : pdfminer not installed 
2026-02-09 10:44:18,827 1 INFO betopiaerp betopiaerp.addons.base.tests.test_reports: Starting TestReportsRendering.test_format_letter ... 
2026-02-09 10:44:18,827 1 INFO betopiaerp betopiaerp.addons.base.tests.test_reports: skipped TestReportsRendering.test_format_letter : pdfminer not installed 
2026-02-09 10:44:18,828 1 INFO betopiaerp betopiaerp.addons.base.tests.test_reports: Starting TestReportsRendering.test_layout ... 
2026-02-09 10:44:18,828 1 INFO betopiaerp betopiaerp.addons.base.tests.test_reports: skipped TestReportsRendering.test_layout : pdfminer not installed 
2026-02-09 10:44:18,828 1 INFO betopiaerp betopiaerp.addons.base.tests.test_reports: Starting TestReportsRendering.test_pdf_render_page_overflow ... 
2026-02-09 10:44:18,828 1 INFO betopiaerp betopiaerp.addons.base.tests.test_reports: skipped TestReportsRendering.test_pdf_render_page_overflow : pdfminer not installed 
2026-02-09 10:44:18,829 1 INFO betopiaerp betopiaerp.addons.base.tests.test_reports: Starting TestReportsRendering.test_report_pdf_page_break ... 
2026-02-09 10:44:18,829 1 INFO betopiaerp betopiaerp.addons.base.tests.test_reports: skipped TestReportsRendering.test_report_pdf_page_break : pdfminer not installed 
2026-02-09 10:44:18,829 1 INFO betopiaerp betopiaerp.addons.base.tests.test_reports: Starting TestReportsRendering.test_report_specific_paperformat_args ... 
2026-02-09 10:44:18,829 1 INFO betopiaerp betopiaerp.addons.base.tests.test_reports: skipped TestReportsRendering.test_report_specific_paperformat_args : pdfminer not installed 
2026-02-09 10:44:18,830 1 INFO betopiaerp betopiaerp.addons.base.tests.test_reports: Starting TestReportsRendering.test_thead_tbody_repeat ... 
2026-02-09 10:44:18,830 1 INFO betopiaerp betopiaerp.addons.base.tests.test_reports: skipped TestReportsRendering.test_thead_tbody_repeat : pdfminer not installed 
2026-02-09 10:44:18,838 1 INFO betopiaerp betopiaerp.addons.base.tests.test_reports: Starting TestAggregatePdfReports.test_aggregate_report_with_some_resources_reloaded_from_attachment ... 
2026-02-09 10:44:20,899 1 INFO betopiaerp betopiaerp.addons.base.models.ir_http: Generating routing map for key None 
2026-02-09 10:44:20,916 1 INFO betopiaerp betopiaerp.addons.base.models.assetsbundle: Generating a new asset bundle attachment /web/assets/e4caaae/web.report_assets_pdf.autoprefixed.min.css (id:4266) 
2026-02-09 10:44:20,918 1 INFO betopiaerp werkzeug: 127.0.0.1 - - [09/Feb/2026 10:44:20] "GET /web/assets/e4caaae/web.report_assets_pdf.autoprefixed.min.css HTTP/1.1" 200 - 14 0.002 0.017
2026-02-09 10:44:22,990 1 INFO betopiaerp betopiaerp.addons.base.models.assetsbundle: Generating a new asset bundle attachment /web/assets/fd4e291/web.report_assets_common.autoprefixed.min.css (id:4267) 
2026-02-09 10:44:22,992 1 INFO betopiaerp werkzeug: 127.0.0.1 - - [09/Feb/2026 10:44:22] "GET /web/assets/fd4e291/web.report_assets_common.autoprefixed.min.css HTTP/1.1" 200 - 10 0.008 2.085
2026-02-09 10:44:23,013 1 INFO ? werkzeug: 127.0.0.1 - - [09/Feb/2026 10:44:23] "GET /web/static/fonts/lato/Lato-Lig-webfont.woff HTTP/1.1" 200 - 0 0.000 0.006
2026-02-09 10:44:23,014 1 INFO ? werkzeug: 127.0.0.1 - - [09/Feb/2026 10:44:23] "GET /web/static/fonts/lato/Lato-Reg-webfont.woff HTTP/1.1" 200 - 0 0.000 0.008
2026-02-09 10:44:23,014 1 INFO ? werkzeug: 127.0.0.1 - - [09/Feb/2026 10:44:23] "GET /web/static/fonts/lato/Lato-Hai-webfont.woff HTTP/1.1" 200 - 0 0.000 0.007
2026-02-09 10:44:23,014 1 INFO ? werkzeug: 127.0.0.1 - - [09/Feb/2026 10:44:23] "GET /web/static/fonts/lato/Lato-Bol-webfont.woff HTTP/1.1" 200 - 0 0.000 0.006
2026-02-09 10:44:23,015 1 INFO ? werkzeug: 127.0.0.1 - - [09/Feb/2026 10:44:23] "GET /web/static/fonts/lato/Lato-Bla-webfont.woff HTTP/1.1" 200 - 0 0.000 0.005
2026-02-09 10:44:24,045 1 INFO betopiaerp betopiaerp.addons.base.models.ir_actions_report: The PDF documents 'Dmitri Prokofich Razumikhin.pdf' are now saved in the database 
2026-02-09 10:44:24,045 1 INFO betopiaerp betopiaerp.addons.base.models.ir_actions_report: The PDF report has been generated for model: res.partner, records [3412]. 
2026-02-09 10:44:24,067 1 INFO betopiaerp betopiaerp.addons.base.tests.test_reports: skipped TestAggregatePdfReports.test_aggregate_report_with_some_resources_reloaded_from_attachment : Unable to convert multiple documents via wkhtmltopdf using unpatched QT 
2026-02-09 10:44:24,068 1 INFO betopiaerp betopiaerp.addons.base.tests.test_reports: Starting TestAggregatePdfReports.test_aggregate_report_with_some_resources_reloaded_from_attachment_with_multiple_page_report ... 
2026-02-09 10:44:26,170 1 INFO betopiaerp betopiaerp.addons.base.models.ir_http: Generating routing map for key None 
2026-02-09 10:44:26,185 1 INFO betopiaerp betopiaerp.addons.base.models.assetsbundle: Generating a new asset bundle attachment /web/assets/e4caaae/web.report_assets_pdf.autoprefixed.min.css (id:4269) 
2026-02-09 10:44:26,188 1 INFO betopiaerp werkzeug: 127.0.0.1 - - [09/Feb/2026 10:44:26] "GET /web/assets/e4caaae/web.report_assets_pdf.autoprefixed.min.css HTTP/1.1" 200 - 14 0.002 0.016
2026-02-09 10:44:28,239 1 INFO betopiaerp betopiaerp.addons.base.models.assetsbundle: Generating a new asset bundle attachment /web/assets/fd4e291/web.report_assets_common.autoprefixed.min.css (id:4270) 
2026-02-09 10:44:28,242 1 INFO betopiaerp werkzeug: 127.0.0.1 - - [09/Feb/2026 10:44:28] "GET /web/assets/fd4e291/web.report_assets_common.autoprefixed.min.css HTTP/1.1" 200 - 10 0.008 2.064
2026-02-09 10:44:28,270 1 INFO ? werkzeug: 127.0.0.1 - - [09/Feb/2026 10:44:28] "GET /web/static/fonts/lato/Lato-Reg-webfont.woff HTTP/1.1" 200 - 0 0.000 0.007
2026-02-09 10:44:28,270 1 INFO ? werkzeug: 127.0.0.1 - - [09/Feb/2026 10:44:28] "GET /web/static/fonts/lato/Lato-Bla-webfont.woff HTTP/1.1" 200 - 0 0.000 0.006
2026-02-09 10:44:28,270 1 INFO ? werkzeug: 127.0.0.1 - - [09/Feb/2026 10:44:28] "GET /web/static/fonts/lato/Lato-Lig-webfont.woff HTTP/1.1" 200 - 0 0.000 0.006
2026-02-09 10:44:28,271 1 INFO ? werkzeug: 127.0.0.1 - - [09/Feb/2026 10:44:28] "GET /web/static/fonts/lato/Lato-Hai-webfont.woff HTTP/1.1" 200 - 0 0.000 0.006
2026-02-09 10:44:28,271 1 INFO ? werkzeug: 127.0.0.1 - - [09/Feb/2026 10:44:28] "GET /web/static/fonts/lato/Lato-Bol-webfont.woff HTTP/1.1" 200 - 0 0.000 0.005
2026-02-09 10:44:29,488 1 INFO betopiaerp betopiaerp.addons.base.models.ir_actions_report: The PDF documents 'Dmitri Prokofich Razumikhin.pdf' are now saved in the database 
2026-02-09 10:44:29,488 1 INFO betopiaerp betopiaerp.addons.base.models.ir_actions_report: The PDF report has been generated for model: res.partner, records [3412]. 
2026-02-09 10:44:29,512 1 INFO betopiaerp betopiaerp.addons.base.tests.test_reports: skipped TestAggregatePdfReports.test_aggregate_report_with_some_resources_reloaded_from_attachment_with_multiple_page_report : Unable to convert multiple documents via wkhtmltopdf using unpatched QT 
2026-02-09 10:44:29,515 1 INFO betopiaerp betopiaerp.addons.base.models.ir_attachment: filestore gc 3 checked, 3 removed 
2026-02-09 10:44:29,516 1 INFO betopiaerp betopiaerp.addons.base.tests.test_res_config: Starting TestResConfigExecute.test_01_execute_res_config ... 
2026-02-09 10:44:29,517 1 INFO betopiaerp betopiaerp.addons.base.tests.test_res_config: Starting TestResConfigExecute.test_settings_access ... 
2026-02-09 10:44:29,535 1 INFO betopiaerp betopiaerp.addons.base.tests.test_res_config: Testing settings access for group Role / Administrator 
2026-02-09 10:44:29,569 1 INFO betopiaerp betopiaerp.addons.base.models.ir_attachment: filestore gc 1 checked, 1 removed 
2026-02-09 10:44:29,571 1 INFO betopiaerp betopiaerp.addons.base.tests.test_res_country: Starting TestResCountryState.test_find_by_name ... 
2026-02-09 10:44:29,610 1 INFO betopiaerp betopiaerp.addons.base.models.ir_attachment: filestore gc 0 checked, 0 removed 
2026-02-09 10:44:29,611 1 INFO betopiaerp betopiaerp.addons.base.tests.test_res_partner: Starting TestPartnerForm.test_lang_computation_form_view ... 
2026-02-09 10:44:29,732 1 INFO betopiaerp betopiaerp.addons.base.tests.test_res_partner: Starting TestPartnerForm.test_onchange_parent_sync_user ... 
2026-02-09 10:44:29,873 1 INFO betopiaerp betopiaerp.addons.base.models.ir_attachment: filestore gc 1 checked, 1 removed 
2026-02-09 10:44:29,904 1 INFO betopiaerp betopiaerp.addons.base.tests.test_res_users: Starting TestUsers2.test_change_user_login ... 
2026-02-09 10:44:29,944 1 INFO betopiaerp betopiaerp.addons.base.tests.test_res_users: Starting TestUsers2.test_default_groups ... 
2026-02-09 10:44:30,034 1 INFO betopiaerp betopiaerp.addons.base.tests.test_res_users: Starting TestUsers2.test_implied_groups_on_change ... 
2026-02-09 10:44:30,252 1 INFO betopiaerp betopiaerp.addons.base.tests.test_res_users: Starting TestUsers2.test_portal_user_manager_access ... 
2026-02-09 10:44:30,305 1 INFO betopiaerp betopiaerp.addons.base.models.ir_rule: Access Denied by record rules for operation: write on record ids: [865], uid: 864, model: res.users 
2026-02-09 10:44:30,322 1 INFO betopiaerp betopiaerp.addons.base.models.ir_rule: Access Denied by record rules for operation: write on record ids: [865], uid: 864, model: res.users 
2026-02-09 10:44:30,330 1 INFO betopiaerp betopiaerp.addons.base.models.ir_model: Access Denied by ACLs for operation: write, uid: 865, model: res.users 
2026-02-09 10:44:30,332 1 INFO betopiaerp betopiaerp.addons.base.models.ir_model: Access Denied by ACLs for operation: write, uid: 865, model: res.users 
2026-02-09 10:44:30,342 1 INFO betopiaerp betopiaerp.addons.base.models.ir_model: Access Denied by ACLs for operation: write, uid: 865, model: res.users 
2026-02-09 10:44:30,347 1 INFO betopiaerp betopiaerp.addons.base.tests.test_res_users: Starting TestUsers2.test_selection_groups ... 
2026-02-09 10:44:30,396 1 INFO betopiaerp betopiaerp.addons.base.tests.test_res_users: Starting TestUsers2.test_self_readable_writeable_fields_preferences_form ... 
2026-02-09 10:44:30,461 1 INFO betopiaerp betopiaerp.addons.base.tests.test_res_users: Starting TestUsers2.test_self_writeable_fields ... 
2026-02-09 10:44:30,474 1 INFO betopiaerp betopiaerp.addons.base.tests.test_res_users: Starting TestUsers2.test_view_group_hierarchy ... 
2026-02-09 10:44:30,495 1 INFO betopiaerp betopiaerp.addons.base.tests.test_res_users: Starting TestUsers2.test_write_group_ids_performance ... 
2026-02-09 10:44:30,520 1 INFO betopiaerp betopiaerp.addons.base.tests.test_res_users: Query count less than expected for user __system__: 11 < 24 in test_write_group_ids_performance at /opt/betopiaerp/betopiaerp/addons/base/tests/test_res_users.py:528 
2026-02-09 10:44:30,523 1 INFO betopiaerp betopiaerp.addons.base.models.ir_attachment: filestore gc 6 checked, 6 removed 
2026-02-09 10:44:30,525 1 INFO betopiaerp betopiaerp.addons.base.tests.test_res_users: Starting TestUsersIdentitycheck.test_revoke_all_devices ... 
2026-02-09 10:44:30,529 1 INFO betopiaerp betopiaerp.addons.base.models.res_users: Login successful for login:admin from n/a 
2026-02-09 10:44:30,533 1 INFO betopiaerp betopiaerp.addons.base.models.res_users: Login successful for login:admin from n/a 
2026-02-09 10:44:30,535 1 INFO betopiaerp betopiaerp.addons.base.models.ir_http: Generating routing map for key None 
2026-02-09 10:44:30,544 1 INFO betopiaerp betopiaerp.addons.base.models.res_device: User 2 inserts device log (jKrw3YuqENItGBnjlICkhxEPveTwTyCrs_BWP_KZYJ) 
2026-02-09 10:44:43,190 1 INFO betopiaerp werkzeug: 127.0.0.1 - - [09/Feb/2026 10:44:43] "GET /web HTTP/1.1" 200 - 66 0.017 12.637
2026-02-09 10:44:43,211 1 INFO betopiaerp betopiaerp.addons.base.models.res_device: User 2 revokes devices (jKrw3YuqENItGBnjlICkhxEPveTwTyCrs_BWP_KZYJ) 
2026-02-09 10:44:43,214 1 INFO betopiaerp werkzeug: 127.0.0.1 - - [09/Feb/2026 10:44:43] "GET /web HTTP/1.1" 303 - 0 0.000 0.001
2026-02-09 10:44:48,011 1 INFO betopiaerp werkzeug: 127.0.0.1 - - [09/Feb/2026 10:44:48] "GET /web/login?redirect=/web? HTTP/1.1" 200 - 41 0.012 4.783
2026-02-09 10:44:48,015 1 INFO betopiaerp betopiaerp.addons.base.models.ir_attachment: filestore gc 0 checked, 0 removed 
2026-02-09 10:44:48,016 1 INFO betopiaerp betopiaerp.addons.base.tests.test_translate: Starting TestTranslationExport.test_export_translatable_resources ... 
2026-02-09 10:45:07,250 1 INFO betopiaerp betopiaerp.addons.base.models.ir_attachment: filestore gc 0 checked, 0 removed 
2026-02-09 10:45:07,251 1 INFO betopiaerp betopiaerp.addons.base.tests.test_translate: Starting TestLanguageInstallPerformance.test_language_install ... 
2026-02-09 10:45:07,259 1 INFO betopiaerp betopiaerp.addons.base.models.ir_module: module base: loading translation file /opt/betopiaerp/betopiaerp/addons/base/i18n/fr.po for language fr_BE 
2026-02-09 10:45:07,547 1 INFO betopiaerp betopiaerp.addons.base.models.ir_module: module base: loading translation file /opt/betopiaerp/betopiaerp/addons/base/i18n/fr_BE.po for language fr_BE 
2026-02-09 10:45:08,029 1 INFO betopiaerp betopiaerp.addons.base.models.ir_module: module web: loading translation file /opt/betopiaerp/addons/web/i18n/fr.po for language fr_BE 
2026-02-09 10:45:08,179 1 INFO betopiaerp betopiaerp.addons.base.models.ir_module: module api_doc: loading translation file /opt/betopiaerp/addons/api_doc/i18n/fr.po for language fr_BE 
2026-02-09 10:45:08,192 1 INFO betopiaerp betopiaerp.addons.base.models.ir_module: module base_setup: loading translation file /opt/betopiaerp/addons/base_setup/i18n/fr.po for language fr_BE 
2026-02-09 10:45:08,201 1 INFO betopiaerp betopiaerp.addons.base.models.ir_module: module base_setup: loading translation file /opt/betopiaerp/addons/base_setup/i18n/fr_BE.po for language fr_BE 
2026-02-09 10:45:08,218 1 INFO betopiaerp betopiaerp.addons.base.models.ir_module: module auth_passkey: loading translation file /opt/betopiaerp/addons/auth_passkey/i18n/fr.po for language fr_BE 
2026-02-09 10:45:08,241 1 INFO betopiaerp betopiaerp.addons.base.models.ir_module: module auth_totp: loading translation file /opt/betopiaerp/addons/auth_totp/i18n/fr.po for language fr_BE 
2026-02-09 10:45:08,266 1 INFO betopiaerp betopiaerp.addons.base.models.ir_module: module base_import: loading translation file /opt/betopiaerp/addons/base_import/i18n/fr.po for language fr_BE 
2026-02-09 10:45:08,282 1 INFO betopiaerp betopiaerp.addons.base.models.ir_module: module base_import_module: loading translation file /opt/betopiaerp/addons/base_import_module/i18n/fr.po for language fr_BE 
2026-02-09 10:45:08,292 1 INFO betopiaerp betopiaerp.addons.base.models.ir_module: module base_import_module: loading translation file /opt/betopiaerp/addons/base_import_module/i18n/fr_BE.po for language fr_BE 
2026-02-09 10:45:08,313 1 INFO betopiaerp betopiaerp.addons.base.models.ir_module: module bus: loading translation file /opt/betopiaerp/addons/bus/i18n/fr.po for language fr_BE 
2026-02-09 10:45:08,322 1 INFO betopiaerp betopiaerp.addons.base.models.ir_module: module bus: loading translation file /opt/betopiaerp/addons/bus/i18n/fr_BE.po for language fr_BE 
2026-02-09 10:45:08,334 1 INFO betopiaerp betopiaerp.addons.base.models.ir_module: module html_editor: loading translation file /opt/betopiaerp/addons/html_editor/i18n/fr.po for language fr_BE 
2026-02-09 10:45:08,357 1 INFO betopiaerp betopiaerp.addons.base.models.ir_module: module iap: loading translation file /opt/betopiaerp/addons/iap/i18n/fr.po for language fr_BE 
2026-02-09 10:45:08,386 1 INFO betopiaerp betopiaerp.addons.base.models.ir_module: module web_tour: loading translation file /opt/betopiaerp/addons/web_tour/i18n/fr.po for language fr_BE 
2026-02-09 10:45:08,401 1 INFO betopiaerp betopiaerp.addons.base.models.ir_module: module web_unsplash: loading translation file /opt/betopiaerp/addons/web_unsplash/i18n/fr.po for language fr_BE 
2026-02-09 10:45:08,622 1 INFO betopiaerp betopiaerp.tests.stats: installed language fr_BE in 1.369s 
2026-02-09 10:45:08,625 1 INFO betopiaerp betopiaerp.addons.base.models.ir_attachment: filestore gc 0 checked, 0 removed 
2026-02-09 10:45:08,654 1 INFO betopiaerp betopiaerp.addons.base.tests.test_views: Starting TestViews.test_attribute_node_with_no_name ... 
2026-02-09 10:45:08,667 1 INFO betopiaerp betopiaerp.addons.base.tests.test_views: Starting TestViews.test_attrs_groups_behavior ... 
2026-02-09 10:45:08,684 1 INFO betopiaerp betopiaerp.addons.base.tests.test_views: Starting TestViews.test_attrs_groups_validation ... 
2026-02-09 10:45:08,924 1 INFO betopiaerp betopiaerp.addons.base.tests.test_views: Starting TestViews.test_attrs_missing_field ... 
2026-02-09 10:45:08,981 1 INFO betopiaerp betopiaerp.addons.base.tests.test_views: Starting TestViews.test_button ... 
2026-02-09 10:45:09,009 1 INFO betopiaerp betopiaerp.addons.base.tests.test_views: Starting TestViews.test_check_primary_when_update_siblins_inherited_tree ... 
2026-02-09 10:45:09,051 1 INFO betopiaerp betopiaerp.addons.base.tests.test_views: Starting TestViews.test_check_xml_on_reenable ... 
2026-02-09 10:45:09,070 1 INFO betopiaerp betopiaerp.addons.base.tests.test_views: Starting TestViews.test_col_colspan_numerical ... 
2026-02-09 10:45:09,087 1 INFO betopiaerp betopiaerp.addons.base.tests.test_views: Starting TestViews.test_context_in_subsubview_with_parent ... 
2026-02-09 10:45:09,108 1 INFO betopiaerp betopiaerp.addons.base.tests.test_views: Starting TestViews.test_context_in_subview ... 
2026-02-09 10:45:09,129 1 INFO betopiaerp betopiaerp.addons.base.tests.test_views: Starting TestViews.test_context_in_subview_with_parent ... 
2026-02-09 10:45:09,152 1 INFO betopiaerp betopiaerp.addons.base.tests.test_views: Starting TestViews.test_context_in_view ... 
2026-02-09 10:45:09,165 1 INFO betopiaerp betopiaerp.addons.base.tests.test_views: Starting TestViews.test_custom_view_validation ... 
2026-02-09 10:45:09,177 1 INFO betopiaerp betopiaerp.addons.base.tests.test_views: Starting TestViews.test_domain_boolean_case ... 
2026-02-09 10:45:09,194 1 INFO betopiaerp betopiaerp.addons.base.tests.test_views: Starting TestViews.test_domain_field_no_comodel ... 
2026-02-09 10:45:09,203 1 INFO betopiaerp betopiaerp.addons.base.tests.test_views: Starting TestViews.test_domain_field_searchable ... 
2026-02-09 10:45:09,213 1 INFO betopiaerp betopiaerp.addons.base.tests.test_views: Starting TestViews.test_domain_id_case ... 
2026-02-09 10:45:09,219 1 INFO betopiaerp betopiaerp.addons.base.tests.test_views: Starting TestViews.test_domain_in_filter ... 
2026-02-09 10:45:09,236 1 INFO betopiaerp betopiaerp.addons.base.tests.test_views: Starting TestViews.test_domain_in_subview ... 
2026-02-09 10:45:09,262 1 INFO betopiaerp betopiaerp.addons.base.tests.test_views: Starting TestViews.test_domain_in_subview_with_parent ... 
2026-02-09 10:45:09,300 1 INFO betopiaerp betopiaerp.addons.base.tests.test_views: Starting TestViews.test_domain_in_view ... 
2026-02-09 10:45:09,315 1 INFO betopiaerp betopiaerp.addons.base.tests.test_views: Starting TestViews.test_domain_invalid_in_filter ... 
2026-02-09 10:45:09,325 1 INFO betopiaerp betopiaerp.addons.base.tests.test_views: Starting TestViews.test_domain_on_field_in_noneditable_subview ... 
2026-02-09 10:45:09,337 1 INFO betopiaerp betopiaerp.addons.base.tests.test_views: Starting TestViews.test_domain_on_field_in_subview ... 
2026-02-09 10:45:09,353 1 INFO betopiaerp betopiaerp.addons.base.tests.test_views: Starting TestViews.test_domain_on_field_in_subview_with_parent ... 
2026-02-09 10:45:09,376 1 INFO betopiaerp betopiaerp.addons.base.tests.test_views: Starting TestViews.test_domain_on_field_in_view ... 
2026-02-09 10:45:09,387 1 INFO betopiaerp betopiaerp.addons.base.tests.test_views: Starting TestViews.test_domain_on_readonly_field_in_subview ... 
2026-02-09 10:45:09,401 1 INFO betopiaerp betopiaerp.addons.base.tests.test_views: Starting TestViews.test_domain_on_readonly_field_in_view ... 
2026-02-09 10:45:09,411 1 INFO betopiaerp betopiaerp.addons.base.tests.test_views: Starting TestViews.test_domain_unknown_field ... 
2026-02-09 10:45:09,420 1 INFO betopiaerp betopiaerp.addons.base.tests.test_views: Starting TestViews.test_empty_groups_attrib ... 
2026-02-09 10:45:09,429 1 INFO betopiaerp betopiaerp.addons.base.tests.test_views: Starting TestViews.test_for_in_label ... 
2026-02-09 10:45:09,441 1 INFO betopiaerp betopiaerp.addons.base.tests.test_views: Starting TestViews.test_forbidden_data_tooltip_attributes_in_form ... 
2026-02-09 10:45:09,453 1 INFO betopiaerp betopiaerp.addons.base.tests.test_views: Starting TestViews.test_forbidden_data_tooltip_attributes_in_kanban ... 
2026-02-09 10:45:09,470 1 INFO betopiaerp betopiaerp.addons.base.tests.test_views: Starting TestViews.test_forbidden_owl_directives_in_form ... 
2026-02-09 10:45:09,480 1 INFO betopiaerp betopiaerp.addons.base.tests.test_views: Starting TestViews.test_forbidden_owl_directives_in_kanban ... 
2026-02-09 10:45:09,493 1 INFO betopiaerp betopiaerp.addons.base.tests.test_views: Starting TestViews.test_forbidden_use_of___comp___in_kanban ... 
2026-02-09 10:45:09,501 1 INFO betopiaerp betopiaerp.addons.base.tests.test_views: Starting TestViews.test_graph_attributes ... 
2026-02-09 10:45:09,512 1 INFO betopiaerp betopiaerp.addons.base.tests.test_views: Starting TestViews.test_graph_fields ... 
2026-02-09 10:45:09,522 1 INFO betopiaerp betopiaerp.addons.base.tests.test_views: Starting TestViews.test_group_by_in_filter ... 
2026-02-09 10:45:09,534 1 INFO betopiaerp betopiaerp.addons.base.tests.test_views: Starting TestViews.test_groups_field ... 
2026-02-09 10:45:09,546 1 INFO betopiaerp betopiaerp.addons.base.tests.test_views: Starting TestViews.test_invalid_field ... 
2026-02-09 10:45:09,558 1 INFO betopiaerp betopiaerp.addons.base.tests.test_views: Starting TestViews.test_invalid_subfield ... 
2026-02-09 10:45:09,568 1 INFO betopiaerp betopiaerp.addons.base.tests.test_views: Starting TestViews.test_invalid_type ... 
2026-02-09 10:45:09,573 1 INFO betopiaerp betopiaerp.addons.base.tests.test_views: Starting TestViews.test_invisible_groups_with_groups_in_model ... 
2026-02-09 10:45:09,588 1 INFO betopiaerp betopiaerp.addons.base.tests.test_views: Starting TestViews.test_nonexistent_attribute_removal ... 
2026-02-09 10:45:09,596 1 INFO betopiaerp betopiaerp.addons.base.tests.test_views: Starting TestViews.test_partial_validation ... 
2026-02-09 10:45:09,637 1 INFO betopiaerp betopiaerp.addons.base.tests.test_views: Starting TestViews.test_searchpanel ... 
2026-02-09 10:45:09,665 1 INFO betopiaerp betopiaerp.addons.base.tests.test_views: Starting TestViews.test_tree ... 
2026-02-09 10:45:09,679 1 INFO betopiaerp betopiaerp.addons.base.tests.test_views: Starting TestViews.test_tree_groupby ... 
2026-02-09 10:45:09,694 1 INFO betopiaerp betopiaerp.addons.base.tests.test_views: Starting TestViews.test_tree_groupby_many2one ... 
2026-02-09 10:45:09,713 1 INFO betopiaerp betopiaerp.addons.base.tests.test_views: Starting TestViews.test_valid_accessibility_icon_text ... 
2026-02-09 10:45:09,743 1 INFO betopiaerp betopiaerp.addons.base.tests.test_views: Starting TestViews.test_valid_alerts ... 
2026-02-09 10:45:09,759 1 INFO betopiaerp betopiaerp.addons.base.tests.test_views: Starting TestViews.test_valid_alternative_image_text ... 
2026-02-09 10:45:09,775 1 INFO betopiaerp betopiaerp.addons.base.tests.test_views: Starting TestViews.test_valid_dialog ... 
2026-02-09 10:45:09,809 1 INFO betopiaerp betopiaerp.addons.base.tests.test_views: Starting TestViews.test_valid_focusable_button ... 
2026-02-09 10:45:09,842 1 INFO betopiaerp betopiaerp.addons.base.tests.test_views: Starting TestViews.test_valid_prohibited_none_role ... 
2026-02-09 10:45:09,854 1 INFO betopiaerp betopiaerp.addons.base.tests.test_views: Starting TestViews.test_valid_simili_button ... 
2026-02-09 10:45:09,863 1 INFO betopiaerp betopiaerp.addons.base.tests.test_views: Starting TestViews.test_valid_simili_dropdown ... 
2026-02-09 10:45:09,872 1 INFO betopiaerp betopiaerp.addons.base.tests.test_views: Starting TestViews.test_valid_simili_progressbar ... 
2026-02-09 10:45:09,886 1 INFO betopiaerp betopiaerp.addons.base.tests.test_views: Starting TestViews.test_valid_simili_tab ... 
2026-02-09 10:45:09,900 1 INFO betopiaerp betopiaerp.addons.base.tests.test_views: Starting TestViews.test_valid_simili_tablist ... 
2026-02-09 10:45:09,909 1 INFO betopiaerp betopiaerp.addons.base.tests.test_views: Starting TestViews.test_valid_simili_tabpanel ... 
2026-02-09 10:45:09,918 1 INFO betopiaerp betopiaerp.addons.base.tests.test_views: Starting TestViews.test_view_inheritance ... 
2026-02-09 10:45:09,930 1 INFO betopiaerp betopiaerp.addons.base.tests.test_views: Starting TestViews.test_view_inheritance_divergent_models ... 
2026-02-09 10:45:09,946 1 INFO betopiaerp betopiaerp.addons.base.tests.test_views: Starting TestViews.test_view_inheritance_text_after ... 
2026-02-09 10:45:09,955 1 INFO betopiaerp betopiaerp.addons.base.tests.test_views: Starting TestViews.test_view_inheritance_text_before ... 
2026-02-09 10:45:09,964 1 INFO betopiaerp betopiaerp.addons.base.tests.test_views: Starting TestViews.test_view_inheritance_text_inside ... 
2026-02-09 10:45:09,974 1 INFO betopiaerp betopiaerp.addons.base.tests.test_views: Starting TestViews.test_view_ref ... 
2026-02-09 10:45:09,988 1 INFO betopiaerp betopiaerp.addons.base.tests.test_views: Starting TestViews.test_view_root_node_matches_view_type ... 
2026-02-09 10:45:09,999 1 INFO betopiaerp betopiaerp.addons.base.tests.test_views: Starting TestViews.test_xml_editor_rejects_encoding_declaration ... 
2026-02-09 10:45:10,012 1 INFO betopiaerp betopiaerp.addons.base.models.ir_attachment: filestore gc 2 checked, 2 removed 
2026-02-09 10:45:10,013 1 INFO betopiaerp betopiaerp.addons.base.tests.test_views: Starting TestDebugger.test_t_debug_in_qweb_based_views ... 
2026-02-09 10:45:10,016 1 INFO betopiaerp betopiaerp.addons.base.models.ir_attachment: filestore gc 0 checked, 0 removed 
2026-02-09 10:45:10,039 1 INFO betopiaerp betopiaerp.addons.base.tests.test_views: Starting TestInvisibleField.test_uncommented_invisible_field ... 
2026-02-09 10:45:10,049 1 INFO betopiaerp betopiaerp.addons.base.tests.test_views: Please indicate why the always invisible fields are present in the view, or remove the field tag.
Addons: 'base_setup'   Views: ['res_config_settings_view_form']
Addons: 'base_import_module'   Views: ['view_base_module_import']
Addons: 'web'   Views: ['view_base_document_layout']
Addons: 'auth_totp'   Views: ['view_totp_form', 'view_totp_field'] 
2026-02-09 10:45:10,052 1 INFO betopiaerp betopiaerp.addons.base.models.ir_attachment: filestore gc 1 checked, 1 removed 
2026-02-09 10:45:10,054 1 INFO betopiaerp betopiaerp.addons.rpc.tests.test_xmlrpc: Starting TestXMLRPC.test_01_xmlrpc_login ... 
2026-02-09 10:45:10,056 1 INFO betopiaerp betopiaerp.addons.base.models.ir_http: Generating routing map for key None 
2026-02-09 10:45:10,371 1 INFO None betopiaerp.addons.base.models.res_users: Login successful for login:admin from n/a 
2026-02-09 10:45:10,372 1 INFO None werkzeug: 127.0.0.1 - - [09/Feb/2026 10:45:10] "POST /xmlrpc/2/common HTTP/1.1" 200 - 10 0.003 0.314
2026-02-09 10:45:10,373 1 INFO betopiaerp betopiaerp.addons.rpc.tests.test_xmlrpc: Starting TestXMLRPC.test_jsonrpc_name_search ... 
2026-02-09 10:45:10,376 1 INFO betopiaerp betopiaerp.addons.base.models.ir_http: Generating routing map for key None 
2026-02-09 10:45:10,725 1 INFO betopiaerp werkzeug: 127.0.0.1 - - [09/Feb/2026 10:45:10] "POST /jsonrpc#res.partner.name_search HTTP/1.1" 200 - 23 0.005 0.344
2026-02-09 10:45:10,727 1 INFO betopiaerp betopiaerp.addons.rpc.tests.test_xmlrpc: Starting TestXMLRPC.test_jsonrpc_read_group ... 
2026-02-09 10:45:10,729 1 INFO betopiaerp betopiaerp.addons.base.models.ir_http: Generating routing map for key None 
2026-02-09 10:45:11,057 1 INFO betopiaerp werkzeug: 127.0.0.1 - - [09/Feb/2026 10:45:11] "POST /jsonrpc#res.partner.formatted_read_group HTTP/1.1" 200 - 22 0.005 0.323
2026-02-09 10:45:11,059 1 INFO betopiaerp betopiaerp.addons.rpc.tests.test_xmlrpc: Starting TestXMLRPC.test_xmlrpc_attachment_raw ... 
2026-02-09 10:45:11,064 1 INFO betopiaerp betopiaerp.addons.base.models.ir_http: Generating routing map for key None 
2026-02-09 10:45:11,382 1 INFO betopiaerp werkzeug: 127.0.0.1 - - [09/Feb/2026 10:45:11] "POST /xmlrpc/2/object#ir.attachment.read HTTP/1.1" 200 - 18 0.004 0.314
2026-02-09 10:45:11,383 1 INFO betopiaerp betopiaerp.addons.rpc.tests.test_xmlrpc: Starting TestXMLRPC.test_xmlrpc_datetime ... 
2026-02-09 10:45:11,386 1 INFO betopiaerp betopiaerp.addons.base.models.ir_http: Generating routing map for key None 
2026-02-09 10:45:11,711 1 INFO betopiaerp werkzeug: 127.0.0.1 - - [09/Feb/2026 10:45:11] "POST /xmlrpc/2/object#res.device.log.create HTTP/1.1" 200 - 22 0.005 0.320
2026-02-09 10:45:11,718 1 INFO betopiaerp werkzeug: 127.0.0.1 - - [09/Feb/2026 10:45:11] "POST /xmlrpc/2/object#res.device.log.read HTTP/1.1" 200 - 7 0.002 0.003
2026-02-09 10:45:11,719 1 INFO betopiaerp betopiaerp.addons.rpc.tests.test_xmlrpc: Starting TestXMLRPC.test_xmlrpc_defaultdict_marshalling ... 
2026-02-09 10:45:11,721 1 INFO betopiaerp betopiaerp.addons.base.models.ir_http: Generating routing map for key None 
2026-02-09 10:45:12,041 1 INFO betopiaerp werkzeug: 127.0.0.1 - - [09/Feb/2026 10:45:12] "POST /xmlrpc/2/object#res.users.context_get HTTP/1.1" 200 - 7 0.002 0.319
2026-02-09 10:45:12,043 1 INFO betopiaerp betopiaerp.addons.rpc.tests.test_xmlrpc: Starting TestXMLRPC.test_xmlrpc_frozendict_marshalling ... 
2026-02-09 10:45:12,050 1 INFO betopiaerp betopiaerp.addons.base.models.ir_http: Generating routing map for key None 
2026-02-09 10:45:12,366 1 INFO betopiaerp werkzeug: 127.0.0.1 - - [09/Feb/2026 10:45:12] "POST /xmlrpc/2/object#res.users.context_get HTTP/1.1" 200 - 9 0.002 0.314
2026-02-09 10:45:12,368 1 INFO betopiaerp betopiaerp.addons.rpc.tests.test_xmlrpc: Starting TestXMLRPC.test_xmlrpc_html_field ... 
2026-02-09 10:45:12,395 1 INFO betopiaerp betopiaerp.addons.base.models.ir_http: Generating routing map for key None 
2026-02-09 10:45:12,717 1 INFO betopiaerp werkzeug: 127.0.0.1 - - [09/Feb/2026 10:45:12] "POST /xmlrpc/2/object#res.users.read HTTP/1.1" 200 - 19 0.005 0.317
2026-02-09 10:45:12,718 1 INFO betopiaerp betopiaerp.addons.rpc.tests.test_xmlrpc: Starting TestXMLRPC.test_xmlrpc_ir_model_search ... 
2026-02-09 10:45:12,721 1 INFO betopiaerp betopiaerp.addons.base.models.ir_http: Generating routing map for key None 
2026-02-09 10:45:13,039 1 INFO betopiaerp werkzeug: 127.0.0.1 - - [09/Feb/2026 10:45:13] "POST /xmlrpc/2/object#ir.model.search HTTP/1.1" 200 - 17 0.004 0.315
2026-02-09 10:45:13,043 1 INFO betopiaerp werkzeug: 127.0.0.1 - - [09/Feb/2026 10:45:13] "POST /xmlrpc/2/object#ir.model.search HTTP/1.1" 200 - 1 0.000 0.002
2026-02-09 10:45:13,045 1 INFO betopiaerp betopiaerp.addons.rpc.tests.test_xmlrpc: Starting TestXMLRPC.test_xmlrpc_name_search ... 
2026-02-09 10:45:13,046 1 INFO betopiaerp betopiaerp.addons.base.models.ir_http: Generating routing map for key None 
2026-02-09 10:45:13,363 1 INFO betopiaerp werkzeug: 127.0.0.1 - - [09/Feb/2026 10:45:13] "POST /xmlrpc/2/object#res.partner.name_search HTTP/1.1" 200 - 23 0.005 0.312
2026-02-09 10:45:13,364 1 INFO betopiaerp betopiaerp.addons.rpc.tests.test_xmlrpc: Starting TestXMLRPC.test_xmlrpc_read_group ... 
2026-02-09 10:45:13,367 1 INFO betopiaerp betopiaerp.addons.base.models.ir_http: Generating routing map for key None 
2026-02-09 10:45:13,718 1 INFO betopiaerp werkzeug: 127.0.0.1 - - [09/Feb/2026 10:45:13] "POST /xmlrpc/2/object#res.partner.formatted_read_group HTTP/1.1" 200 - 22 0.005 0.347
2026-02-09 10:45:13,720 1 INFO betopiaerp betopiaerp.addons.rpc.tests.test_xmlrpc: Starting TestXMLRPC.test_xmlrpc_remove_control_characters ... 
2026-02-09 10:45:13,747 1 INFO betopiaerp betopiaerp.addons.base.models.ir_http: Generating routing map for key None 
2026-02-09 10:45:14,077 1 INFO betopiaerp werkzeug: 127.0.0.1 - - [09/Feb/2026 10:45:14] "POST /xmlrpc/2/object#res.users.read HTTP/1.1" 200 - 20 0.005 0.325
2026-02-09 10:45:14,080 1 INFO betopiaerp betopiaerp.addons.base.models.ir_attachment: filestore gc 3 checked, 3 removed 
2026-02-09 10:45:14,099 1 INFO betopiaerp betopiaerp.addons.rpc.tests.test_xmlrpc: Starting TestAPIKeys.test_delete ... 
2026-02-09 10:45:14,109 1 INFO betopiaerp betopiaerp.addons.base.models.res_users: Users API Keys generated: scope: <None> for 'byl' (#873) from localhost 
2026-02-09 10:45:14,111 1 INFO betopiaerp betopiaerp.models.unlink: User #873 deleted res.users.apikeys.description records with IDs: [24] 
2026-02-09 10:45:14,119 1 INFO betopiaerp betopiaerp.addons.base.models.res_users: Users API Keys generated: scope: <None> for 'byl' (#873) from localhost 
2026-02-09 10:45:14,120 1 INFO betopiaerp betopiaerp.models.unlink: User #873 deleted res.users.apikeys.description records with IDs: [25] 
2026-02-09 10:45:14,126 1 INFO betopiaerp betopiaerp.addons.base.models.res_users: Users API Keys generated: scope: <None> for 'byl' (#873) from localhost 
2026-02-09 10:45:14,128 1 INFO betopiaerp betopiaerp.models.unlink: User #873 deleted res.users.apikeys.description records with IDs: [26] 
2026-02-09 10:45:14,132 1 INFO betopiaerp betopiaerp.addons.base.models.res_users: API key(s) removed: scope: <[False]> for 'byl' (#873) from localhost 
2026-02-09 10:45:14,133 1 INFO betopiaerp betopiaerp.models.unlink: User #873 deleted res.users.apikeys records with IDs: [22] 
2026-02-09 10:45:14,138 1 INFO betopiaerp betopiaerp.addons.base.models.res_users: API key(s) removed: scope: <[False]> for 'admin' (#2) from localhost 
2026-02-09 10:45:14,139 1 INFO betopiaerp betopiaerp.models.unlink: User #2 deleted res.users.apikeys records with IDs: [23] 
2026-02-09 10:45:14,157 1 INFO betopiaerp betopiaerp.addons.base.models.ir_rule: Access Denied by record rules for operation: read on record ids: [24], uid: 874, model: res.users.apikeys 
2026-02-09 10:45:14,160 1 INFO betopiaerp betopiaerp.addons.base.models.ir_rule: Access Denied by record rules for operation: read on record ids: [24], uid: 874, model: res.users.apikeys 
2026-02-09 10:45:14,162 1 INFO betopiaerp betopiaerp.addons.rpc.tests.test_xmlrpc: Starting TestAPIKeys.test_disabled ... 
2026-02-09 10:45:14,171 1 INFO betopiaerp betopiaerp.addons.base.models.res_users: Users API Keys generated: scope: <None> for 'byl' (#873) from localhost 
2026-02-09 10:45:14,173 1 INFO betopiaerp betopiaerp.models.unlink: User #873 deleted res.users.apikeys.description records with IDs: [27] 
2026-02-09 10:45:14,183 1 INFO betopiaerp betopiaerp.addons.rpc.tests.test_xmlrpc: Starting TestAPIKeys.test_key ... 
2026-02-09 10:45:14,192 1 INFO betopiaerp betopiaerp.addons.base.models.res_users: Users API Keys generated: scope: <None> for 'byl' (#873) from localhost 
2026-02-09 10:45:14,194 1 INFO betopiaerp betopiaerp.models.unlink: User #873 deleted res.users.apikeys.description records with IDs: [28] 
2026-02-09 10:45:14,200 1 INFO betopiaerp betopiaerp.addons.base.models.res_users: Login successful for login:byl from localhost 
2026-02-09 10:45:14,206 1 INFO betopiaerp betopiaerp.addons.base.models.res_users: Login successful for login:byl from localhost 
2026-02-09 10:45:14,212 1 INFO betopiaerp betopiaerp.tests.common: Simulating signal changes during tests 
2026-02-09 10:45:14,214 1 INFO betopiaerp betopiaerp.addons.rpc.tests.test_xmlrpc: Starting TestAPIKeys.test_trivial ... 
2026-02-09 10:45:14,217 1 INFO betopiaerp betopiaerp.addons.base.models.res_users: Login successful for login:byl from localhost 
2026-02-09 10:45:14,220 1 INFO betopiaerp betopiaerp.tests.common: Simulating signal changes during tests 
2026-02-09 10:45:14,221 1 INFO betopiaerp betopiaerp.addons.rpc.tests.test_xmlrpc: Starting TestAPIKeys.test_wrongpw ... 
2026-02-09 10:45:14,223 1 INFO betopiaerp betopiaerp.addons.base.models.res_users: Login failed for login:byl from localhost 
2026-02-09 10:45:14,227 1 INFO betopiaerp betopiaerp.addons.base.models.ir_attachment: filestore gc 2 checked, 2 removed 
2026-02-09 10:45:14,251 1 INFO betopiaerp betopiaerp.addons.web.tests.test_action: Starting TestLoadBreadcrumbs.test_breadcrumbs_action_with_res_model ... 
2026-02-09 10:45:14,256 1 INFO betopiaerp betopiaerp.addons.base.models.res_users: Login successful for login:admin from n/a 
2026-02-09 10:45:14,260 1 INFO betopiaerp betopiaerp.addons.base.models.ir_http: Generating routing map for key None 
2026-02-09 10:45:14,270 1 INFO betopiaerp werkzeug: 127.0.0.1 - - [09/Feb/2026 10:45:14] "POST /web/action/load_breadcrumbs HTTP/1.1" 200 - 7 0.001 0.010
2026-02-09 10:45:14,286 1 INFO betopiaerp werkzeug: 127.0.0.1 - - [09/Feb/2026 10:45:14] "POST /web/action/load_breadcrumbs HTTP/1.1" 200 - 17 0.005 0.009
2026-02-09 10:45:14,287 1 INFO betopiaerp betopiaerp.addons.web.tests.test_action: Starting TestLoadBreadcrumbs.test_breadcrumbs_client_action ... 
2026-02-09 10:45:14,289 1 INFO betopiaerp betopiaerp.addons.base.models.res_users: Login successful for login:admin from n/a 
2026-02-09 10:45:14,293 1 INFO betopiaerp betopiaerp.addons.base.models.ir_http: Generating routing map for key None 
2026-02-09 10:45:14,350 1 INFO betopiaerp werkzeug: 127.0.0.1 - - [09/Feb/2026 10:45:14] "POST /web/action/load_breadcrumbs HTTP/1.1" 200 - 7 0.001 0.056
2026-02-09 10:45:14,352 1 INFO betopiaerp betopiaerp.addons.web.tests.test_action: Starting TestLoadBreadcrumbs.test_breadcrumbs_client_action_multirecord ... 
2026-02-09 10:45:14,354 1 INFO betopiaerp betopiaerp.addons.base.models.res_users: Login successful for login:admin from n/a 
2026-02-09 10:45:14,358 1 INFO betopiaerp betopiaerp.addons.base.models.ir_http: Generating routing map for key None 
2026-02-09 10:45:14,381 1 INFO betopiaerp werkzeug: 127.0.0.1 - - [09/Feb/2026 10:45:14] "POST /web/action/load_breadcrumbs HTTP/1.1" 200 - 25 0.006 0.017
2026-02-09 10:45:14,383 1 INFO betopiaerp betopiaerp.addons.web.tests.test_action: Starting TestLoadBreadcrumbs.test_breadcrumbs_empty_action ... 
2026-02-09 10:45:14,385 1 INFO betopiaerp betopiaerp.addons.base.models.res_users: Login successful for login:admin from n/a 
2026-02-09 10:45:14,389 1 INFO betopiaerp betopiaerp.addons.base.models.ir_http: Generating routing map for key None 
2026-02-09 10:45:14,397 1 INFO betopiaerp werkzeug: 127.0.0.1 - - [09/Feb/2026 10:45:14] "POST /web/action/load_breadcrumbs HTTP/1.1" 200 - 2 0.000 0.008
2026-02-09 10:45:14,398 1 INFO betopiaerp betopiaerp.addons.web.tests.test_action: Starting TestLoadBreadcrumbs.test_breadcrumbs_get_model ... 
2026-02-09 10:45:14,401 1 INFO betopiaerp betopiaerp.addons.base.models.res_users: Login successful for login:admin from n/a 
2026-02-09 10:45:14,405 1 INFO betopiaerp betopiaerp.addons.base.models.ir_http: Generating routing map for key None 
2026-02-09 10:45:14,418 1 INFO betopiaerp werkzeug: 127.0.0.1 - - [09/Feb/2026 10:45:14] "POST /web/action/load_breadcrumbs HTTP/1.1" 200 - 2 0.000 0.014
2026-02-09 10:45:14,434 1 INFO betopiaerp werkzeug: 127.0.0.1 - - [09/Feb/2026 10:45:14] "POST /web/action/load_breadcrumbs HTTP/1.1" 200 - 19 0.005 0.009
2026-02-09 10:45:14,437 1 INFO betopiaerp betopiaerp.addons.web.tests.test_action: Starting TestLoadBreadcrumbs.test_breadcrumbs_no_action_nor_model ... 
2026-02-09 10:45:14,439 1 INFO betopiaerp betopiaerp.addons.base.models.res_users: Login successful for login:admin from n/a 
2026-02-09 10:45:14,443 1 INFO betopiaerp betopiaerp.addons.base.models.ir_http: Generating routing map for key None 
2026-02-09 10:45:14,455 1 INFO betopiaerp werkzeug: 127.0.0.1 - - [09/Feb/2026 10:45:14] "POST /web/action/load_breadcrumbs HTTP/1.1" 200 - 2 0.000 0.012
2026-02-09 10:45:14,456 1 INFO betopiaerp betopiaerp.addons.web.tests.test_action: Starting TestLoadBreadcrumbs.test_breadcrumbs_server_action_path ... 
2026-02-09 10:45:14,459 1 INFO betopiaerp betopiaerp.addons.base.models.res_users: Login successful for login:admin from n/a 
2026-02-09 10:45:14,464 1 INFO betopiaerp betopiaerp.addons.base.models.ir_http: Generating routing map for key None 
2026-02-09 10:45:14,485 1 INFO betopiaerp werkzeug: 127.0.0.1 - - [09/Feb/2026 10:45:14] "POST /web/action/load_breadcrumbs HTTP/1.1" 200 - 31 0.006 0.016
2026-02-09 10:45:14,486 1 INFO betopiaerp betopiaerp.addons.web.tests.test_action: Starting TestLoadBreadcrumbs.test_breadcrumbs_server_action_without_res_model ... 
2026-02-09 10:45:14,489 1 INFO betopiaerp betopiaerp.addons.base.models.res_users: Login successful for login:admin from n/a 
2026-02-09 10:45:14,493 1 INFO betopiaerp betopiaerp.addons.base.models.ir_http: Generating routing map for key None 
2026-02-09 10:45:14,515 1 INFO betopiaerp werkzeug: 127.0.0.1 - - [09/Feb/2026 10:45:14] "POST /web/action/load_breadcrumbs HTTP/1.1" 200 - 31 0.007 0.016
2026-02-09 10:45:14,517 1 INFO betopiaerp betopiaerp.addons.web.tests.test_action: Starting TestLoadBreadcrumbs.test_breadcrumbs_window_action ... 
2026-02-09 10:45:14,519 1 INFO betopiaerp betopiaerp.addons.base.models.res_users: Login successful for login:admin from n/a 
2026-02-09 10:45:14,523 1 INFO betopiaerp betopiaerp.addons.base.models.ir_http: Generating routing map for key None 
2026-02-09 10:45:14,539 1 INFO betopiaerp werkzeug: 127.0.0.1 - - [09/Feb/2026 10:45:14] "POST /web/action/load_breadcrumbs HTTP/1.1" 200 - 18 0.003 0.013
2026-02-09 10:45:14,542 1 INFO betopiaerp betopiaerp.addons.base.models.ir_attachment: filestore gc 0 checked, 0 removed 
2026-02-09 10:45:14,543 1 INFO betopiaerp betopiaerp.addons.web.tests.test_assets: Starting TestLogsAssetsGenerateTime.test_logs_assets_check_time ... 
2026-02-09 10:45:16,828 1 INFO betopiaerp betopiaerp.addons.web.tests.test_assets: Bundle 'web.assets_frontend.css' checked in 2.28s 
2026-02-09 10:45:18,317 1 INFO betopiaerp betopiaerp.addons.web.tests.test_assets: Bundle 'web.assets_frontend.js' checked in 1.49s 
2026-02-09 10:45:19,227 1 INFO betopiaerp betopiaerp.addons.web.tests.test_assets: Bundle 'web._assets_primary_variables.css' checked in 0.91s 
2026-02-09 10:45:19,228 1 INFO betopiaerp betopiaerp.addons.web.tests.test_assets: Bundle 'web._assets_primary_variables.js' checked in 0.00s 
2026-02-09 10:45:25,611 1 INFO betopiaerp betopiaerp.addons.web.tests.test_assets: Bundle 'web.assets_web_print.css' checked in 6.38s 
2026-02-09 10:45:29,296 1 INFO betopiaerp betopiaerp.addons.web.tests.test_assets: Bundle 'web.assets_web_print.js' checked in 3.68s 
2026-02-09 10:45:29,371 1 INFO betopiaerp betopiaerp.addons.web.tests.test_assets: Bundle 'web.assets_tests.css' checked in 0.07s 
2026-02-09 10:45:29,372 1 INFO betopiaerp betopiaerp.addons.web.tests.test_assets: Bundle 'web.assets_tests.js' checked in 0.00s 
2026-02-09 10:45:30,588 1 INFO betopiaerp betopiaerp.addons.web.tests.test_assets: Bundle 'html_editor.assets_editor.css' checked in 1.22s 
2026-02-09 10:45:31,467 1 INFO betopiaerp betopiaerp.addons.web.tests.test_assets: Bundle 'html_editor.assets_editor.js' checked in 0.88s 
2026-02-09 10:45:38,455 1 INFO betopiaerp betopiaerp.addons.web.tests.test_assets: Bundle 'web.assets_unit_tests_setup.css' checked in 6.99s 
2026-02-09 10:45:38,458 1 INFO betopiaerp betopiaerp.addons.web.tests.test_assets: Bundle 'web.assets_unit_tests_setup.js' checked in 0.00s 
2026-02-09 10:45:38,667 1 INFO betopiaerp betopiaerp.addons.web.tests.test_assets: Bundle 'html_editor.assets_readonly.css' checked in 0.21s 
2026-02-09 10:45:38,828 1 INFO betopiaerp betopiaerp.addons.web.tests.test_assets: Bundle 'html_editor.assets_readonly.js' checked in 0.16s 
2026-02-09 10:45:38,953 1 INFO betopiaerp betopiaerp.addons.web.tests.test_assets: Bundle 'web.qunit_suite_tests.css' checked in 0.12s 
2026-02-09 10:45:38,954 1 INFO betopiaerp betopiaerp.addons.web.tests.test_assets: Bundle 'web.qunit_suite_tests.js' checked in 0.00s 
2026-02-09 10:45:40,073 1 INFO betopiaerp betopiaerp.addons.web.tests.test_assets: Bundle 'web._assets_bootstrap_backend.css' checked in 1.12s 
2026-02-09 10:45:40,073 1 INFO betopiaerp betopiaerp.addons.web.tests.test_assets: Bundle 'web._assets_bootstrap_backend.js' checked in 0.00s 
2026-02-09 10:45:40,085 1 INFO betopiaerp betopiaerp.addons.web.tests.test_assets: Bundle 'html_editor.assets_prism.css' checked in 0.01s 
2026-02-09 10:45:40,096 1 INFO betopiaerp betopiaerp.addons.web.tests.test_assets: Bundle 'html_editor.assets_prism.js' checked in 0.01s 
2026-02-09 10:45:40,121 1 INFO betopiaerp betopiaerp.addons.web.tests.test_assets: Bundle 'web.ace_lib.css' checked in 0.03s 
2026-02-09 10:45:40,239 1 INFO betopiaerp betopiaerp.addons.web.tests.test_assets: Bundle 'web.ace_lib.js' checked in 0.12s 
2026-02-09 10:45:47,193 1 INFO betopiaerp betopiaerp.addons.web.tests.test_assets: Bundle 'web.tests_assets.css' checked in 6.95s 
2026-02-09 10:45:47,196 1 INFO betopiaerp betopiaerp.addons.web.tests.test_assets: Bundle 'web.tests_assets.js' checked in 0.00s 
2026-02-09 10:45:52,792 1 INFO betopiaerp betopiaerp.addons.web.tests.test_assets: Bundle 'web.assets_web.css' checked in 5.60s 
2026-02-09 10:45:52,795 1 INFO betopiaerp betopiaerp.addons.web.tests.test_assets: Bundle 'web.assets_web.js' checked in 0.00s 
2026-02-09 10:45:52,809 1 INFO betopiaerp betopiaerp.addons.web.tests.test_assets: Bundle 'html_editor.assets_image_cropper.css' checked in 0.01s 
2026-02-09 10:45:52,828 1 INFO betopiaerp betopiaerp.addons.web.tests.test_assets: Bundle 'html_editor.assets_image_cropper.js' checked in 0.02s 
2026-02-09 10:45:54,144 1 INFO betopiaerp betopiaerp.addons.web.tests.test_assets: Bundle 'web.assets_unit_tests.css' checked in 1.32s 
2026-02-09 10:45:54,146 1 INFO betopiaerp betopiaerp.addons.web.tests.test_assets: Bundle 'web.assets_unit_tests.js' checked in 0.00s 
2026-02-09 10:45:54,232 1 INFO betopiaerp betopiaerp.addons.web.tests.test_assets: Bundle 'web.__assets_tests_call__.css' checked in 0.09s 
2026-02-09 10:45:54,233 1 INFO betopiaerp betopiaerp.addons.web.tests.test_assets: Bundle 'web.__assets_tests_call__.js' checked in 0.00s 
2026-02-09 10:45:54,267 1 INFO betopiaerp betopiaerp.addons.web.tests.test_assets: Bundle 'web._assets_backend_helpers.css' checked in 0.03s 
2026-02-09 10:45:54,268 1 INFO betopiaerp betopiaerp.addons.web.tests.test_assets: Bundle 'web._assets_backend_helpers.js' checked in 0.00s 
2026-02-09 10:45:54,274 1 INFO betopiaerp betopiaerp.addons.web.tests.test_assets: Bundle 'web.assets_unit_tests_setup_ui.css' checked in 0.01s 
2026-02-09 10:45:54,291 1 INFO betopiaerp betopiaerp.addons.web.tests.test_assets: Bundle 'web.assets_unit_tests_setup_ui.js' checked in 0.02s 
2026-02-09 10:45:55,373 1 INFO betopiaerp betopiaerp.addons.web.tests.test_assets: Bundle 'web._assets_bootstrap_frontend.css' checked in 1.08s 
2026-02-09 10:45:55,374 1 INFO betopiaerp betopiaerp.addons.web.tests.test_assets: Bundle 'web._assets_bootstrap_frontend.js' checked in 0.00s 
2026-02-09 10:45:55,386 1 INFO betopiaerp betopiaerp.addons.web.tests.test_assets: Bundle 'html_editor.assets_history_diff.css' checked in 0.01s 
2026-02-09 10:45:55,393 1 INFO betopiaerp betopiaerp.addons.web.tests.test_assets: Bundle 'html_editor.assets_history_diff.js' checked in 0.01s 
2026-02-09 10:45:57,425 1 INFO betopiaerp betopiaerp.addons.web.tests.test_assets: Bundle 'web.report_assets_common.css' checked in 2.03s 
2026-02-09 10:45:57,425 1 INFO betopiaerp betopiaerp.addons.web.tests.test_assets: Bundle 'web.report_assets_common.js' checked in 0.00s 
2026-02-09 10:45:57,525 1 INFO betopiaerp betopiaerp.addons.web.tests.test_assets: Bundle 'html_editor.assets_media_dialog.css' checked in 0.10s 
2026-02-09 10:45:57,626 1 INFO betopiaerp betopiaerp.addons.web.tests.test_assets: Bundle 'html_editor.assets_media_dialog.js' checked in 0.10s 
2026-02-09 10:45:57,638 1 INFO betopiaerp betopiaerp.addons.web.tests.test_assets: Bundle 'html_editor.assets_prism_dark.css' checked in 0.01s 
2026-02-09 10:45:57,648 1 INFO betopiaerp betopiaerp.addons.web.tests.test_assets: Bundle 'html_editor.assets_prism_dark.js' checked in 0.01s 
2026-02-09 10:45:59,238 1 INFO betopiaerp betopiaerp.addons.web.tests.test_assets: Bundle 'web.assets_backend_lazy_dark.css' checked in 1.59s 
2026-02-09 10:45:59,306 1 INFO betopiaerp betopiaerp.addons.web.tests.test_assets: Bundle 'web.assets_backend_lazy_dark.js' checked in 0.07s 
2026-02-09 10:45:59,310 1 INFO betopiaerp betopiaerp.addons.web.tests.test_assets: Bundle 'web.assets_clickbot.css' checked in 0.00s 
2026-02-09 10:45:59,318 1 INFO betopiaerp betopiaerp.addons.web.tests.test_assets: Bundle 'web.assets_clickbot.js' checked in 0.01s 
2026-02-09 10:46:00,374 1 INFO betopiaerp betopiaerp.addons.web.tests.test_assets: Bundle 'api_doc.assets.css' checked in 1.06s 
2026-02-09 10:46:00,375 1 INFO betopiaerp betopiaerp.addons.web.tests.test_assets: Bundle 'api_doc.assets.js' checked in 0.00s 
2026-02-09 10:46:07,090 1 INFO betopiaerp betopiaerp.addons.web.tests.test_assets: Bundle 'web.assets_web_dark.css' checked in 6.72s 
2026-02-09 10:46:10,830 1 INFO betopiaerp betopiaerp.addons.web.tests.test_assets: Bundle 'web.assets_web_dark.js' checked in 3.74s 
2026-02-09 10:46:10,856 1 INFO betopiaerp betopiaerp.addons.web.tests.test_assets: Bundle 'web._assets_frontend_helpers.css' checked in 0.03s 
2026-02-09 10:46:10,856 1 INFO betopiaerp betopiaerp.addons.web.tests.test_assets: Bundle 'web._assets_frontend_helpers.js' checked in 0.00s 
2026-02-09 10:46:19,440 1 INFO betopiaerp betopiaerp.addons.web.tests.test_assets: Bundle 'web.assets_backend.css' checked in 8.58s 
2026-02-09 10:46:23,069 1 INFO betopiaerp betopiaerp.addons.web.tests.test_assets: Bundle 'web.assets_backend.js' checked in 3.63s 
2026-02-09 10:46:24,673 1 INFO betopiaerp betopiaerp.addons.web.tests.test_assets: Bundle 'web.assets_backend_lazy.css' checked in 1.60s 
2026-02-09 10:46:24,740 1 INFO betopiaerp betopiaerp.addons.web.tests.test_assets: Bundle 'web.assets_backend_lazy.js' checked in 0.07s 
2026-02-09 10:46:24,789 1 INFO betopiaerp betopiaerp.addons.web.tests.test_assets: Bundle 'web_tour.recorder.css' checked in 0.05s 
2026-02-09 10:46:24,860 1 INFO betopiaerp betopiaerp.addons.web.tests.test_assets: Bundle 'web_tour.recorder.js' checked in 0.07s 
2026-02-09 10:46:26,005 1 INFO betopiaerp betopiaerp.addons.web.tests.test_assets: Bundle 'web._assets_bootstrap.css' checked in 1.14s 
2026-02-09 10:46:26,006 1 INFO betopiaerp betopiaerp.addons.web.tests.test_assets: Bundle 'web._assets_bootstrap.js' checked in 0.00s 
2026-02-09 10:46:28,251 1 INFO betopiaerp betopiaerp.addons.web.tests.test_assets: Bundle 'web.assets_frontend_lazy.css' checked in 2.24s 
2026-02-09 10:46:28,252 1 INFO betopiaerp betopiaerp.addons.web.tests.test_assets: Bundle 'web.assets_frontend_lazy.js' checked in 0.00s 
2026-02-09 10:46:28,257 1 INFO betopiaerp betopiaerp.addons.web.tests.test_assets: Bundle 'web.report_assets_pdf.css' checked in 0.00s 
2026-02-09 10:46:28,257 1 INFO betopiaerp betopiaerp.addons.web.tests.test_assets: Bundle 'web.report_assets_pdf.js' checked in 0.00s 
2026-02-09 10:46:28,276 1 INFO betopiaerp betopiaerp.addons.web.tests.test_assets: Bundle 'web_tour.common.css' checked in 0.02s 
2026-02-09 10:46:28,329 1 INFO betopiaerp betopiaerp.addons.web.tests.test_assets: Bundle 'web_tour.common.js' checked in 0.05s 
2026-02-09 10:46:28,335 1 INFO betopiaerp betopiaerp.addons.web.tests.test_assets: Bundle 'web.chartjs_lib.css' checked in 0.01s 
2026-02-09 10:46:28,412 1 INFO betopiaerp betopiaerp.addons.web.tests.test_assets: Bundle 'web.chartjs_lib.js' checked in 0.08s 
2026-02-09 10:46:28,451 1 INFO betopiaerp betopiaerp.addons.web.tests.test_assets: Bundle 'web_tour.automatic.css' checked in 0.04s 
2026-02-09 10:46:28,520 1 INFO betopiaerp betopiaerp.addons.web.tests.test_assets: Bundle 'web_tour.automatic.js' checked in 0.07s 
2026-02-09 10:46:28,527 1 INFO betopiaerp betopiaerp.addons.web.tests.test_assets: Bundle 'web._assets_jquery.css' checked in 0.01s 
2026-02-09 10:46:28,567 1 INFO betopiaerp betopiaerp.addons.web.tests.test_assets: Bundle 'web._assets_jquery.js' checked in 0.04s 
2026-02-09 10:46:30,081 1 INFO betopiaerp betopiaerp.addons.web.tests.test_assets: Bundle 'web._assets_helpers.css' checked in 1.51s 
2026-02-09 10:46:30,082 1 INFO betopiaerp betopiaerp.addons.web.tests.test_assets: Bundle 'web._assets_helpers.js' checked in 0.00s 
2026-02-09 10:46:30,102 1 INFO betopiaerp betopiaerp.addons.web.tests.test_assets: Bundle 'web._assets_secondary_variables.css' checked in 0.02s 
2026-02-09 10:46:30,102 1 INFO betopiaerp betopiaerp.addons.web.tests.test_assets: Bundle 'web._assets_secondary_variables.js' checked in 0.00s 
2026-02-09 10:46:30,128 1 INFO betopiaerp betopiaerp.addons.web.tests.test_assets: Bundle 'web_tour.interactive.css' checked in 0.03s 
2026-02-09 10:46:30,190 1 INFO betopiaerp betopiaerp.addons.web.tests.test_assets: Bundle 'web_tour.interactive.js' checked in 0.06s 
2026-02-09 10:46:31,157 1 INFO betopiaerp betopiaerp.addons.web.tests.test_assets: Bundle 'web._assets_core.css' checked in 0.97s 
2026-02-09 10:46:32,081 1 INFO betopiaerp betopiaerp.addons.web.tests.test_assets: Bundle 'web._assets_core.js' checked in 0.92s 
2026-02-09 10:46:32,087 1 INFO betopiaerp betopiaerp.addons.web.tests.test_assets: Bundle 'web.assets_emoji.css' checked in 0.01s 
2026-02-09 10:46:32,215 1 INFO betopiaerp betopiaerp.addons.web.tests.test_assets: Bundle 'web.assets_emoji.js' checked in 0.13s 
2026-02-09 10:46:32,246 1 INFO betopiaerp betopiaerp.addons.web.tests.test_assets: Bundle 'web.fullcalendar_lib.css' checked in 0.03s 
2026-02-09 10:46:32,327 1 INFO betopiaerp betopiaerp.addons.web.tests.test_assets: Bundle 'web.fullcalendar_lib.js' checked in 0.08s 
2026-02-09 10:46:32,337 1 INFO betopiaerp betopiaerp.addons.web.tests.test_assets: Bundle 'bus.websocket_worker_assets.css' checked in 0.01s 
2026-02-09 10:46:32,358 1 INFO betopiaerp betopiaerp.addons.web.tests.test_assets: Bundle 'bus.websocket_worker_assets.js' checked in 0.02s 
2026-02-09 10:46:32,387 1 INFO betopiaerp betopiaerp.addons.web.tests.test_assets: Bundle 'web.assets_frontend_minimal.css' checked in 0.03s 
2026-02-09 10:46:32,388 1 INFO betopiaerp betopiaerp.addons.web.tests.test_assets: Bundle 'web.assets_frontend_minimal.js' checked in 0.00s 
2026-02-09 10:46:32,388 1 INFO betopiaerp betopiaerp.addons.web.tests.test_assets: All bundle checked in 77.84s 
2026-02-09 10:46:32,391 1 INFO betopiaerp betopiaerp.addons.web.tests.test_assets: Starting TestLogsAssetsGenerateTime.test_logs_assets_generate_time ... 
2026-02-09 10:46:32,398 1 INFO betopiaerp betopiaerp.models.unlink: User #1 deleted ir.attachment records with IDs: [4232, 708, 707, 705, 704, 703, 702, 701, 700, 699, 698, 697, 696, 695, 694, 693, 692, 691, 690, 689, 688, 687, 686, 685, 684, 683, 15] 
2026-02-09 10:48:30,043 1 INFO betopiaerp betopiaerp.addons.web.tests.test_assets: Bundle 'web.assets_frontend.css' generated in 4.43s 
2026-02-09 10:48:30,043 1 INFO betopiaerp betopiaerp.addons.web.tests.test_assets: Bundle 'web.assets_frontend.js' generated in 1.45s 
2026-02-09 10:48:30,044 1 INFO betopiaerp betopiaerp.addons.web.tests.test_assets: Bundle 'web._assets_primary_variables.css' generated in 0.92s 
2026-02-09 10:48:30,044 1 INFO betopiaerp betopiaerp.addons.web.tests.test_assets: Bundle 'web._assets_primary_variables.js' generated in 0.00s 
2026-02-09 10:48:30,044 1 INFO betopiaerp betopiaerp.addons.web.tests.test_assets: Bundle 'web.assets_web_print.css' generated in 9.45s 
2026-02-09 10:48:30,044 1 INFO betopiaerp betopiaerp.addons.web.tests.test_assets: Bundle 'web.assets_web_print.js' generated in 3.62s 
2026-02-09 10:48:30,045 1 INFO betopiaerp betopiaerp.addons.web.tests.test_assets: Bundle 'web.assets_tests.css' generated in 0.07s 
2026-02-09 10:48:30,045 1 INFO betopiaerp betopiaerp.addons.web.tests.test_assets: Bundle 'web.assets_tests.js' generated in 0.12s 
2026-02-09 10:48:30,045 1 INFO betopiaerp betopiaerp.addons.web.tests.test_assets: Bundle 'html_editor.assets_editor.css' generated in 1.19s 
2026-02-09 10:48:30,045 1 INFO betopiaerp betopiaerp.addons.web.tests.test_assets: Bundle 'html_editor.assets_editor.js' generated in 0.91s 
2026-02-09 10:48:30,045 1 INFO betopiaerp betopiaerp.addons.web.tests.test_assets: Bundle 'web.assets_unit_tests_setup.css' generated in 9.78s 
2026-02-09 10:48:30,045 1 INFO betopiaerp betopiaerp.addons.web.tests.test_assets: Bundle 'web.assets_unit_tests_setup.js' generated in 4.05s 
2026-02-09 10:48:30,046 1 INFO betopiaerp betopiaerp.addons.web.tests.test_assets: Bundle 'html_editor.assets_readonly.css' generated in 0.19s 
2026-02-09 10:48:30,046 1 INFO betopiaerp betopiaerp.addons.web.tests.test_assets: Bundle 'html_editor.assets_readonly.js' generated in 0.16s 
2026-02-09 10:48:30,046 1 INFO betopiaerp betopiaerp.addons.web.tests.test_assets: Bundle 'web.qunit_suite_tests.css' generated in 0.13s 
2026-02-09 10:48:30,046 1 INFO betopiaerp betopiaerp.addons.web.tests.test_assets: Bundle 'web.qunit_suite_tests.js' generated in 0.05s 
2026-02-09 10:48:30,046 1 INFO betopiaerp betopiaerp.addons.web.tests.test_assets: Bundle 'web._assets_bootstrap_backend.css' generated in 1.13s 
2026-02-09 10:48:30,047 1 INFO betopiaerp betopiaerp.addons.web.tests.test_assets: Bundle 'web._assets_bootstrap_backend.js' generated in 0.00s 
2026-02-09 10:48:30,047 1 INFO betopiaerp betopiaerp.addons.web.tests.test_assets: Bundle 'html_editor.assets_prism.css' generated in 0.01s 
2026-02-09 10:48:30,047 1 INFO betopiaerp betopiaerp.addons.web.tests.test_assets: Bundle 'html_editor.assets_prism.js' generated in 0.01s 
2026-02-09 10:48:30,047 1 INFO betopiaerp betopiaerp.addons.web.tests.test_assets: Bundle 'web.ace_lib.css' generated in 0.02s 
2026-02-09 10:48:30,047 1 INFO betopiaerp betopiaerp.addons.web.tests.test_assets: Bundle 'web.ace_lib.js' generated in 0.12s 
2026-02-09 10:48:30,047 1 INFO betopiaerp betopiaerp.addons.web.tests.test_assets: Bundle 'web.tests_assets.css' generated in 9.64s 
2026-02-09 10:48:30,048 1 INFO betopiaerp betopiaerp.addons.web.tests.test_assets: Bundle 'web.tests_assets.js' generated in 4.33s 
2026-02-09 10:48:30,048 1 INFO betopiaerp betopiaerp.addons.web.tests.test_assets: Bundle 'web.assets_web.css' generated in 8.45s 
2026-02-09 10:48:30,048 1 INFO betopiaerp betopiaerp.addons.web.tests.test_assets: Bundle 'web.assets_web.js' generated in 3.73s 
2026-02-09 10:48:30,048 1 INFO betopiaerp betopiaerp.addons.web.tests.test_assets: Bundle 'html_editor.assets_image_cropper.css' generated in 0.01s 
2026-02-09 10:48:30,048 1 INFO betopiaerp betopiaerp.addons.web.tests.test_assets: Bundle 'html_editor.assets_image_cropper.js' generated in 0.02s 
2026-02-09 10:48:30,049 1 INFO betopiaerp betopiaerp.addons.web.tests.test_assets: Bundle 'web.assets_unit_tests.css' generated in 1.30s 
2026-02-09 10:48:30,049 1 INFO betopiaerp betopiaerp.addons.web.tests.test_assets: Bundle 'web.assets_unit_tests.js' generated in 3.20s 
2026-02-09 10:48:30,049 1 INFO betopiaerp betopiaerp.addons.web.tests.test_assets: Bundle 'web.__assets_tests_call__.css' generated in 0.09s 
2026-02-09 10:48:30,049 1 INFO betopiaerp betopiaerp.addons.web.tests.test_assets: Bundle 'web.__assets_tests_call__.js' generated in 0.13s 
2026-02-09 10:48:30,049 1 INFO betopiaerp betopiaerp.addons.web.tests.test_assets: Bundle 'web._assets_backend_helpers.css' generated in 0.04s 
2026-02-09 10:48:30,050 1 INFO betopiaerp betopiaerp.addons.web.tests.test_assets: Bundle 'web._assets_backend_helpers.js' generated in 0.00s 
2026-02-09 10:48:30,050 1 INFO betopiaerp betopiaerp.addons.web.tests.test_assets: Bundle 'web.assets_unit_tests_setup_ui.css' generated in 0.01s 
2026-02-09 10:48:30,050 1 INFO betopiaerp betopiaerp.addons.web.tests.test_assets: Bundle 'web.assets_unit_tests_setup_ui.js' generated in 0.02s 
2026-02-09 10:48:30,050 1 INFO betopiaerp betopiaerp.addons.web.tests.test_assets: Bundle 'web._assets_bootstrap_frontend.css' generated in 1.10s 
2026-02-09 10:48:30,050 1 INFO betopiaerp betopiaerp.addons.web.tests.test_assets: Bundle 'web._assets_bootstrap_frontend.js' generated in 0.00s 
2026-02-09 10:48:30,050 1 INFO betopiaerp betopiaerp.addons.web.tests.test_assets: Bundle 'html_editor.assets_history_diff.css' generated in 0.01s 
2026-02-09 10:48:30,051 1 INFO betopiaerp betopiaerp.addons.web.tests.test_assets: Bundle 'html_editor.assets_history_diff.js' generated in 0.01s 
2026-02-09 10:48:30,051 1 INFO betopiaerp betopiaerp.addons.web.tests.test_assets: Bundle 'web.report_assets_common.css' generated in 4.05s 
2026-02-09 10:48:30,051 1 INFO betopiaerp betopiaerp.addons.web.tests.test_assets: Bundle 'web.report_assets_common.js' generated in 0.09s 
2026-02-09 10:48:30,051 1 INFO betopiaerp betopiaerp.addons.web.tests.test_assets: Bundle 'html_editor.assets_media_dialog.css' generated in 0.09s 
2026-02-09 10:48:30,051 1 INFO betopiaerp betopiaerp.addons.web.tests.test_assets: Bundle 'html_editor.assets_media_dialog.js' generated in 0.09s 
2026-02-09 10:48:30,052 1 INFO betopiaerp betopiaerp.addons.web.tests.test_assets: Bundle 'html_editor.assets_prism_dark.css' generated in 0.01s 
2026-02-09 10:48:30,052 1 INFO betopiaerp betopiaerp.addons.web.tests.test_assets: Bundle 'html_editor.assets_prism_dark.js' generated in 0.01s 
2026-02-09 10:48:30,052 1 INFO betopiaerp betopiaerp.addons.web.tests.test_assets: Bundle 'web.assets_backend_lazy_dark.css' generated in 1.75s 
2026-02-09 10:48:30,052 1 INFO betopiaerp betopiaerp.addons.web.tests.test_assets: Bundle 'web.assets_backend_lazy_dark.js' generated in 0.07s 
2026-02-09 10:48:30,052 1 INFO betopiaerp betopiaerp.addons.web.tests.test_assets: Bundle 'web.assets_clickbot.css' generated in 0.00s 
2026-02-09 10:48:30,052 1 INFO betopiaerp betopiaerp.addons.web.tests.test_assets: Bundle 'web.assets_clickbot.js' generated in 0.01s 
2026-02-09 10:48:30,053 1 INFO betopiaerp betopiaerp.addons.web.tests.test_assets: Bundle 'api_doc.assets.css' generated in 2.90s 
2026-02-09 10:48:30,053 1 INFO betopiaerp betopiaerp.addons.web.tests.test_assets: Bundle 'api_doc.assets.js' generated in 0.13s 
2026-02-09 10:48:30,053 1 INFO betopiaerp betopiaerp.addons.web.tests.test_assets: Bundle 'web.assets_web_dark.css' generated in 9.72s 
2026-02-09 10:48:30,053 1 INFO betopiaerp betopiaerp.addons.web.tests.test_assets: Bundle 'web.assets_web_dark.js' generated in 3.65s 
2026-02-09 10:48:30,053 1 INFO betopiaerp betopiaerp.addons.web.tests.test_assets: Bundle 'web._assets_frontend_helpers.css' generated in 0.02s 
2026-02-09 10:48:30,054 1 INFO betopiaerp betopiaerp.addons.web.tests.test_assets: Bundle 'web._assets_frontend_helpers.js' generated in 0.00s 
2026-02-09 10:48:30,054 1 INFO betopiaerp betopiaerp.addons.web.tests.test_assets: Bundle 'web.assets_backend.css' generated in 8.54s 
2026-02-09 10:48:30,054 1 INFO betopiaerp betopiaerp.addons.web.tests.test_assets: Bundle 'web.assets_backend.js' generated in 3.70s 
2026-02-09 10:48:30,054 1 INFO betopiaerp betopiaerp.addons.web.tests.test_assets: Bundle 'web.assets_backend_lazy.css' generated in 1.59s 
2026-02-09 10:48:30,054 1 INFO betopiaerp betopiaerp.addons.web.tests.test_assets: Bundle 'web.assets_backend_lazy.js' generated in 0.07s 
2026-02-09 10:48:30,054 1 INFO betopiaerp betopiaerp.addons.web.tests.test_assets: Bundle 'web_tour.recorder.css' generated in 0.05s 
2026-02-09 10:48:30,055 1 INFO betopiaerp betopiaerp.addons.web.tests.test_assets: Bundle 'web_tour.recorder.js' generated in 0.07s 
2026-02-09 10:48:30,055 1 INFO betopiaerp betopiaerp.addons.web.tests.test_assets: Bundle 'web._assets_bootstrap.css' generated in 1.06s 
2026-02-09 10:48:30,055 1 INFO betopiaerp betopiaerp.addons.web.tests.test_assets: Bundle 'web._assets_bootstrap.js' generated in 0.00s 
2026-02-09 10:48:30,055 1 INFO betopiaerp betopiaerp.addons.web.tests.test_assets: Bundle 'web.assets_frontend_lazy.css' generated in 4.53s 
2026-02-09 10:48:30,055 1 INFO betopiaerp betopiaerp.addons.web.tests.test_assets: Bundle 'web.assets_frontend_lazy.js' generated in 1.47s 
2026-02-09 10:48:30,056 1 INFO betopiaerp betopiaerp.addons.web.tests.test_assets: Bundle 'web.report_assets_pdf.css' generated in 0.01s 
2026-02-09 10:48:30,056 1 INFO betopiaerp betopiaerp.addons.web.tests.test_assets: Bundle 'web.report_assets_pdf.js' generated in 0.00s 
2026-02-09 10:48:30,056 1 INFO betopiaerp betopiaerp.addons.web.tests.test_assets: Bundle 'web_tour.common.css' generated in 0.02s 
2026-02-09 10:48:30,056 1 INFO betopiaerp betopiaerp.addons.web.tests.test_assets: Bundle 'web_tour.common.js' generated in 0.06s 
2026-02-09 10:48:30,056 1 INFO betopiaerp betopiaerp.addons.web.tests.test_assets: Bundle 'web.chartjs_lib.css' generated in 0.01s 
2026-02-09 10:48:30,056 1 INFO betopiaerp betopiaerp.addons.web.tests.test_assets: Bundle 'web.chartjs_lib.js' generated in 0.07s 
2026-02-09 10:48:30,057 1 INFO betopiaerp betopiaerp.addons.web.tests.test_assets: Bundle 'web_tour.automatic.css' generated in 0.04s 
2026-02-09 10:48:30,057 1 INFO betopiaerp betopiaerp.addons.web.tests.test_assets: Bundle 'web_tour.automatic.js' generated in 0.07s 
2026-02-09 10:48:30,057 1 INFO betopiaerp betopiaerp.addons.web.tests.test_assets: Bundle 'web._assets_jquery.css' generated in 0.01s 
2026-02-09 10:48:30,057 1 INFO betopiaerp betopiaerp.addons.web.tests.test_assets: Bundle 'web._assets_jquery.js' generated in 0.04s 
2026-02-09 10:48:30,058 1 INFO betopiaerp betopiaerp.addons.web.tests.test_assets: Bundle 'web._assets_helpers.css' generated in 1.43s 
2026-02-09 10:48:30,058 1 INFO betopiaerp betopiaerp.addons.web.tests.test_assets: Bundle 'web._assets_helpers.js' generated in 0.00s 
2026-02-09 10:48:30,058 1 INFO betopiaerp betopiaerp.addons.web.tests.test_assets: Bundle 'web._assets_secondary_variables.css' generated in 0.02s 
2026-02-09 10:48:30,058 1 INFO betopiaerp betopiaerp.addons.web.tests.test_assets: Bundle 'web._assets_secondary_variables.js' generated in 0.00s 
2026-02-09 10:48:30,059 1 INFO betopiaerp betopiaerp.addons.web.tests.test_assets: Bundle 'web_tour.interactive.css' generated in 0.02s 
2026-02-09 10:48:30,059 1 INFO betopiaerp betopiaerp.addons.web.tests.test_assets: Bundle 'web_tour.interactive.js' generated in 0.06s 
2026-02-09 10:48:30,059 1 INFO betopiaerp betopiaerp.addons.web.tests.test_assets: Bundle 'web._assets_core.css' generated in 0.97s 
2026-02-09 10:48:30,059 1 INFO betopiaerp betopiaerp.addons.web.tests.test_assets: Bundle 'web._assets_core.js' generated in 0.95s 
2026-02-09 10:48:30,060 1 INFO betopiaerp betopiaerp.addons.web.tests.test_assets: Bundle 'web.assets_emoji.css' generated in 0.00s 
2026-02-09 10:48:30,060 1 INFO betopiaerp betopiaerp.addons.web.tests.test_assets: Bundle 'web.assets_emoji.js' generated in 0.10s 
2026-02-09 10:48:30,060 1 INFO betopiaerp betopiaerp.addons.web.tests.test_assets: Bundle 'web.fullcalendar_lib.css' generated in 0.03s 
2026-02-09 10:48:30,061 1 INFO betopiaerp betopiaerp.addons.web.tests.test_assets: Bundle 'web.fullcalendar_lib.js' generated in 0.10s 
2026-02-09 10:48:30,061 1 INFO betopiaerp betopiaerp.addons.web.tests.test_assets: Bundle 'bus.websocket_worker_assets.css' generated in 0.02s 
2026-02-09 10:48:30,061 1 INFO betopiaerp betopiaerp.addons.web.tests.test_assets: Bundle 'bus.websocket_worker_assets.js' generated in 0.03s 
2026-02-09 10:48:30,061 1 INFO betopiaerp betopiaerp.addons.web.tests.test_assets: Bundle 'web.assets_frontend_minimal.css' generated in 0.03s 
2026-02-09 10:48:30,062 1 INFO betopiaerp betopiaerp.addons.web.tests.test_assets: Bundle 'web.assets_frontend_minimal.js' generated in 0.03s 
2026-02-09 10:48:30,071 1 INFO betopiaerp betopiaerp.addons.base.models.ir_attachment: filestore gc 62 checked, 42 removed 
2026-02-09 10:48:30,074 1 INFO betopiaerp betopiaerp.addons.web.tests.test_assets: Starting TestLoad.test_assets_already_exists ... 
2026-02-09 10:48:30,077 1 INFO betopiaerp betopiaerp.addons.base.models.res_users: Login successful for login:admin from n/a 
2026-02-09 10:48:30,082 1 INFO betopiaerp betopiaerp.addons.base.models.ir_http: Generating routing map for key None 
2026-02-09 10:48:42,502 1 INFO betopiaerp werkzeug: 127.0.0.1 - - [09/Feb/2026 10:48:42] "GET /BetopiaERP HTTP/1.1" 200 - 65 0.016 12.404
2026-02-09 10:48:42,505 1 INFO betopiaerp werkzeug: 127.0.0.1 - - [09/Feb/2026 10:48:42] "GET / HTTP/1.1" 303 - 0 0.000 0.001
2026-02-09 10:48:42,514 1 INFO betopiaerp werkzeug: 127.0.0.1 - - [09/Feb/2026 10:48:42] "GET /BetopiaERP HTTP/1.1" 200 - 8 0.002 0.005
2026-02-09 10:48:42,518 1 INFO betopiaerp betopiaerp.addons.base.models.ir_attachment: filestore gc 0 checked, 0 removed 
2026-02-09 10:48:44,733 1 INFO betopiaerp betopiaerp.addons.web.tests.test_assets: Starting TestWebAssetsCursors.test_web_binary_keep_cursor_ro ... 
2026-02-09 10:48:44,737 1 INFO betopiaerp betopiaerp.models.unlink: User #1 deleted ir.attachment records with IDs: [4232, 708, 707, 705, 704, 703, 702, 701, 700, 699, 698, 697, 696, 695, 694, 693, 692, 691, 690, 689, 688, 687, 686, 685, 684, 683, 15] 
2026-02-09 10:48:44,741 1 INFO betopiaerp betopiaerp.addons.base.models.ir_http: Generating routing map for key None 
2026-02-09 10:48:47,026 1 INFO betopiaerp betopiaerp.addons.base.models.assetsbundle: Generating a new asset bundle attachment /web/assets/f02ade9/web.assets_frontend.min.css (id:4460) 
2026-02-09 10:48:47,030 1 INFO betopiaerp werkzeug: 127.0.0.1 - - [09/Feb/2026 10:48:47] "GET /web/assets/f02ade9/web.assets_frontend.min.css HTTP/1.1" 200 - 16 0.013 2.276
2026-02-09 10:48:47,037 1 INFO betopiaerp werkzeug: 127.0.0.1 - - [09/Feb/2026 10:48:47] "GET /web/assets/f02ade9/web.assets_frontend.min.css HTTP/1.1" 200 - 3 0.001 0.002
2026-02-09 10:48:47,041 1 INFO betopiaerp betopiaerp.addons.web.tests.test_assets: Starting TestWebAssetsCursors.test_web_binary_keep_cursor_rw ... 
2026-02-09 10:48:47,045 1 INFO betopiaerp betopiaerp.models.unlink: User #1 deleted ir.attachment records with IDs: [4232, 708, 707, 705, 704, 703, 702, 701, 700, 699, 698, 697, 696, 695, 694, 693, 692, 691, 690, 689, 688, 687, 686, 685, 684, 683, 15] 
2026-02-09 10:48:47,047 1 INFO betopiaerp betopiaerp.addons.base.models.ir_http: Generating routing map for key None 
2026-02-09 10:48:51,724 1 INFO betopiaerp betopiaerp.addons.base.models.assetsbundle: Generating a new asset bundle attachment /web/assets/f02ade9/web.assets_frontend.min.css (id:4461) 
2026-02-09 10:48:51,727 1 INFO betopiaerp werkzeug: 127.0.0.1 - - [09/Feb/2026 10:48:51] "GET /web/assets/f02ade9/web.assets_frontend.min.css HTTP/1.1" 200 - 25 0.013 4.668
2026-02-09 10:48:51,733 1 INFO betopiaerp betopiaerp.addons.base.models.ir_attachment: filestore gc 20 checked, 0 removed 
2026-02-09 10:48:51,734 1 INFO betopiaerp betopiaerp.addons.web.tests.test_base_document_layout: Starting TestBaseDocumentLayout.test_company_colors_and_logo_change_logo ... 
2026-02-09 10:48:55,772 1 INFO betopiaerp betopiaerp.addons.web.tests.test_base_document_layout: Starting TestBaseDocumentLayout.test_company_colors_change_logo ... 
2026-02-09 10:48:55,787 1 INFO betopiaerp betopiaerp.models.unlink: User #1 deleted ir.attachment records with IDs: [4] 
2026-02-09 10:48:55,833 1 INFO betopiaerp betopiaerp.models.unlink: User #1 deleted ir.attachment records with IDs: [8] 
2026-02-09 10:48:55,835 1 INFO betopiaerp betopiaerp.models.unlink: User #1 deleted ir.attachment records with IDs: [7] 
2026-02-09 10:48:55,837 1 INFO betopiaerp betopiaerp.models.unlink: User #1 deleted ir.attachment records with IDs: [6] 
2026-02-09 10:48:55,839 1 INFO betopiaerp betopiaerp.models.unlink: User #1 deleted ir.attachment records with IDs: [5] 
2026-02-09 10:48:59,800 1 INFO betopiaerp betopiaerp.addons.web.tests.test_base_document_layout: Starting TestBaseDocumentLayout.test_company_colors_reset_colors ... 
2026-02-09 10:49:03,905 1 INFO betopiaerp betopiaerp.addons.web.tests.test_base_document_layout: Starting TestBaseDocumentLayout.test_company_details_blank_lines ... 
2026-02-09 10:49:03,920 1 INFO betopiaerp betopiaerp.addons.web.tests.test_base_document_layout: Starting TestBaseDocumentLayout.test_company_no_color_but_logo_change_logo ... 
2026-02-09 10:49:08,017 1 INFO betopiaerp betopiaerp.addons.web.tests.test_base_document_layout: Starting TestBaseDocumentLayout.test_company_no_color_change_logo ... 
2026-02-09 10:49:08,027 1 INFO betopiaerp betopiaerp.models.unlink: User #1 deleted ir.attachment records with IDs: [4] 
2026-02-09 10:49:08,057 1 INFO betopiaerp betopiaerp.models.unlink: User #1 deleted ir.attachment records with IDs: [8] 
2026-02-09 10:49:08,058 1 INFO betopiaerp betopiaerp.models.unlink: User #1 deleted ir.attachment records with IDs: [7] 
2026-02-09 10:49:08,060 1 INFO betopiaerp betopiaerp.models.unlink: User #1 deleted ir.attachment records with IDs: [6] 
2026-02-09 10:49:08,061 1 INFO betopiaerp betopiaerp.models.unlink: User #1 deleted ir.attachment records with IDs: [5] 
2026-02-09 10:49:12,171 1 INFO betopiaerp betopiaerp.addons.web.tests.test_base_document_layout: Starting TestBaseDocumentLayout.test_parse_company_colors_grayscale ... 
2026-02-09 10:49:16,323 1 INFO betopiaerp betopiaerp.addons.base.models.ir_attachment: filestore gc 19 checked, 15 removed 
2026-02-09 10:49:16,325 1 INFO betopiaerp betopiaerp.addons.web.tests.test_click_everywhere: Starting TestMenusAdminLight.test_01_click_apps_menus_as_admin ... 
2026-02-09 10:49:17,689 1 WARNING betopiaerp betopiaerp.addons.web.tests.test_click_everywhere.TestMenusAdminLight.test_01_click_apps_menus_as_admin: websocket-client module is not installed 
2026-02-09 10:49:17,690 1 INFO betopiaerp betopiaerp.addons.web.tests.test_click_everywhere: skipped TestMenusAdminLight.test_01_click_apps_menus_as_admin : websocket-client module is not installed 
2026-02-09 10:49:17,692 1 INFO betopiaerp betopiaerp.addons.base.models.ir_attachment: filestore gc 0 checked, 0 removed 
2026-02-09 10:49:17,720 1 INFO betopiaerp betopiaerp.addons.web.tests.test_click_everywhere: Starting TestMenusDemoLight.test_01_click_apps_menus_as_demo ... 
2026-02-09 10:49:17,737 1 WARNING betopiaerp betopiaerp.addons.web.tests.test_click_everywhere.TestMenusDemoLight.test_01_click_apps_menus_as_demo: websocket-client module is not installed 
2026-02-09 10:49:17,737 1 INFO betopiaerp betopiaerp.addons.web.tests.test_click_everywhere: skipped TestMenusDemoLight.test_01_click_apps_menus_as_demo : websocket-client module is not installed 
2026-02-09 10:49:17,741 1 INFO betopiaerp betopiaerp.addons.base.models.ir_attachment: filestore gc 1 checked, 1 removed 
2026-02-09 10:49:17,765 1 INFO betopiaerp betopiaerp.addons.web.tests.test_domain: Starting DomainTest.test_domain_validate ... 
2026-02-09 10:49:17,771 1 INFO betopiaerp betopiaerp.addons.base.models.res_users: Login successful for login:demo from n/a 
2026-02-09 10:49:17,776 1 INFO betopiaerp betopiaerp.addons.base.models.ir_http: Generating routing map for key None 
2026-02-09 10:49:17,791 1 INFO betopiaerp werkzeug: 127.0.0.1 - - [09/Feb/2026 10:49:17] "POST /web/domain/validate HTTP/1.1" 200 - 2 0.000 0.015
2026-02-09 10:49:17,796 1 INFO betopiaerp werkzeug: 127.0.0.1 - - [09/Feb/2026 10:49:17] "POST /web/domain/validate HTTP/1.1" 200 - 1 0.000 0.002
2026-02-09 10:49:17,800 1 INFO betopiaerp werkzeug: 127.0.0.1 - - [09/Feb/2026 10:49:17] "POST /web/domain/validate HTTP/1.1" 200 - 1 0.000 0.002
2026-02-09 10:49:17,803 1 INFO betopiaerp werkzeug: 127.0.0.1 - - [09/Feb/2026 10:49:17] "POST /web/domain/validate HTTP/1.1" 200 - 0 0.000 0.001
2026-02-09 10:49:17,807 1 INFO betopiaerp betopiaerp.addons.base.models.ir_attachment: filestore gc 1 checked, 1 removed 
2026-02-09 10:49:17,809 1 INFO betopiaerp betopiaerp.addons.web.tests.test_favorite: Starting TestFavorite.test_favorite_management ... 
2026-02-09 10:49:17,826 1 WARNING betopiaerp betopiaerp.addons.web.tests.test_favorite.TestFavorite.test_favorite_management: websocket-client module is not installed 
2026-02-09 10:49:17,826 1 INFO betopiaerp betopiaerp.addons.web.tests.test_favorite: skipped TestFavorite.test_favorite_management : websocket-client module is not installed 
2026-02-09 10:49:17,828 1 INFO betopiaerp betopiaerp.addons.base.models.ir_attachment: filestore gc 0 checked, 0 removed 
2026-02-09 10:49:17,830 1 INFO betopiaerp betopiaerp.addons.web.tests.test_image: Starting TestImage.test_01_content_image_resize_placeholder ... 
2026-02-09 10:49:17,832 1 INFO betopiaerp betopiaerp.addons.base.models.ir_http: Generating routing map for key None 
2026-02-09 10:49:17,857 1 INFO betopiaerp werkzeug: 127.0.0.1 - - [09/Feb/2026 10:49:17] "GET /web/image/0/200x150 HTTP/1.1" 200 - 10 0.001 0.023
2026-02-09 10:49:17,873 1 INFO betopiaerp werkzeug: 127.0.0.1 - - [09/Feb/2026 10:49:17] "GET /web/image/fake/0/image_128 HTTP/1.1" 200 - 4 0.001 0.014
2026-02-09 10:49:17,883 1 INFO betopiaerp werkzeug: 127.0.0.1 - - [09/Feb/2026 10:49:17] "GET /web/image/fake/0/image_256 HTTP/1.1" 200 - 4 0.001 0.007
2026-02-09 10:49:17,892 1 INFO betopiaerp werkzeug: 127.0.0.1 - - [09/Feb/2026 10:49:17] "GET /web/image/fake/0/image_1024 HTTP/1.1" 200 - 4 0.001 0.007
2026-02-09 10:49:17,902 1 INFO betopiaerp werkzeug: 127.0.0.1 - - [09/Feb/2026 10:49:17] "GET /web/image/fake/0/image_no_size HTTP/1.1" 200 - 4 0.001 0.007
2026-02-09 10:49:17,903 1 INFO betopiaerp betopiaerp.addons.web.tests.test_image: Starting TestImage.test_02_content_image_Etag_304 ... 
2026-02-09 10:49:17,907 1 INFO betopiaerp betopiaerp.addons.base.models.ir_http: Generating routing map for key None 
2026-02-09 10:49:17,957 1 INFO betopiaerp werkzeug: 127.0.0.1 - - [09/Feb/2026 10:49:17] "GET /web/image/4477 HTTP/1.1" 200 - 9 0.002 0.049
2026-02-09 10:49:17,963 1 INFO betopiaerp werkzeug: 127.0.0.1 - - [09/Feb/2026 10:49:17] "GET /web/image/4477 HTTP/1.1" 304 - 4 0.001 0.002
2026-02-09 10:49:17,964 1 INFO betopiaerp betopiaerp.addons.web.tests.test_image: Starting TestImage.test_03_web_content_filename ... 
2026-02-09 10:49:17,968 1 INFO betopiaerp betopiaerp.addons.base.models.ir_http: Generating routing map for key None 
2026-02-09 10:49:17,978 1 INFO betopiaerp werkzeug: 127.0.0.1 - - [09/Feb/2026 10:49:17] "GET /web/image/4478/0x0/?download=true HTTP/1.1" 200 - 9 0.001 0.009
2026-02-09 10:49:17,984 1 INFO betopiaerp werkzeug: 127.0.0.1 - - [09/Feb/2026 10:49:17] "GET /web/image/4478/0x0/custom?download=true HTTP/1.1" 200 - 4 0.001 0.002
2026-02-09 10:49:17,988 1 INFO betopiaerp werkzeug: 127.0.0.1 - - [09/Feb/2026 10:49:17] "GET /web/image/4478/0x0/custom.png?download=true HTTP/1.1" 200 - 4 0.001 0.002
2026-02-09 10:49:17,989 1 INFO betopiaerp betopiaerp.addons.web.tests.test_image: Starting TestImage.test_04_web_content_filename_secure ... 
2026-02-09 10:49:17,993 1 INFO betopiaerp betopiaerp.addons.base.models.ir_http: Generating routing map for key None 
2026-02-09 10:49:18,003 1 INFO betopiaerp werkzeug: 127.0.0.1 - - [09/Feb/2026 10:49:18] "GET /web/image/4479 HTTP/1.1" 200 - 9 0.001 0.009
2026-02-09 10:49:18,007 1 INFO betopiaerp werkzeug: 127.0.0.1 - - [09/Feb/2026 10:49:18] "GET /web/image/4479/custom_invalid_name%0Ais-ok.gif HTTP/1.1" 200 - 4 0.000 0.002
2026-02-09 10:49:18,011 1 INFO betopiaerp werkzeug: 127.0.0.1 - - [09/Feb/2026 10:49:18] "GET /web/image/4479/%0D%0A HTTP/1.1" 200 - 4 0.000 0.002
2026-02-09 10:49:18,015 1 INFO betopiaerp werkzeug: 127.0.0.1 - - [09/Feb/2026 10:49:18] "GET /web/image/4479/你好 HTTP/1.1" 200 - 4 0.001 0.002
2026-02-09 10:49:18,019 1 INFO betopiaerp werkzeug: 127.0.0.1 - - [09/Feb/2026 10:49:18] "GET /web/image/4479/面图.gif HTTP/1.1" 200 - 4 0.000 0.002
2026-02-09 10:49:18,023 1 INFO betopiaerp werkzeug: 127.0.0.1 - - [09/Feb/2026 10:49:18] "GET /web/image/4479/hindi_नमस्ते.gif HTTP/1.1" 200 - 4 0.000 0.002
2026-02-09 10:49:18,027 1 INFO betopiaerp werkzeug: 127.0.0.1 - - [09/Feb/2026 10:49:18] "GET /web/image/4479/arabic_مرحبا HTTP/1.1" 200 - 4 0.000 0.002
2026-02-09 10:49:18,031 1 INFO betopiaerp werkzeug: 127.0.0.1 - - [09/Feb/2026 10:49:18] "GET /web/image/4479/4wzb_!!63148-0-t1.jpg_360x1Q75.jpg_.webp HTTP/1.1" 200 - 4 0.000 0.002
2026-02-09 10:49:18,032 1 INFO betopiaerp betopiaerp.addons.web.tests.test_image: Starting TestImage.test_05_web_image_access_token ... 
2026-02-09 10:49:18,035 1 INFO betopiaerp betopiaerp.addons.base.models.ir_http: Generating routing map for key None 
2026-02-09 10:49:18,047 1 INFO betopiaerp betopiaerp.addons.base.models.ir_model: Access Denied by ACLs for operation: read, uid: 3, model: ir.attachment 
2026-02-09 10:49:18,057 1 INFO betopiaerp werkzeug: 127.0.0.1 - - [09/Feb/2026 10:49:18] "GET /web/image/4480 HTTP/1.1" 200 - 23 0.004 0.018
2026-02-09 10:49:18,067 1 INFO betopiaerp werkzeug: 127.0.0.1 - - [09/Feb/2026 10:49:18] "GET /web/image/4480?access_token=invalid_token HTTP/1.1" 200 - 7 0.001 0.008
2026-02-09 10:49:18,077 1 INFO betopiaerp werkzeug: 127.0.0.1 - - [09/Feb/2026 10:49:18] "GET /web/image/4480?access_token=74db75a40236d18550d3f87cc4147ef379dffd2e501e3500a6a313181ed863edo0x69aa161b HTTP/1.1" 200 - 6 0.001 0.007
2026-02-09 10:49:18,081 1 INFO betopiaerp werkzeug: 127.0.0.1 - - [09/Feb/2026 10:49:18] "GET /web/image/4480?access_token=497107723841321dba0f6c0ab2597dfd7dfdb35a32080e07d685128397c42551o0x69aa161b HTTP/1.1" 200 - 3 0.000 0.002
2026-03-05 23:47:38,000 1 INFO betopiaerp werkzeug: 127.0.0.1 - - [05/Mar/2026 23:47:38] "GET /web/image/4480?access_token=497107723841321dba0f6c0ab2597dfd7dfdb35a32080e07d685128397c42551o0x69aa161b HTTP/1.1" 200 - 3 0.000 0.002
2026-03-05 23:47:39,000 1 INFO betopiaerp werkzeug: 127.0.0.1 - - [05/Mar/2026 23:47:39] "GET /web/image/4480?access_token=497107723841321dba0f6c0ab2597dfd7dfdb35a32080e07d685128397c42551o0x69aa161b HTTP/1.1" 200 - 6 0.001 0.008
2026-02-09 10:49:18,648 1 INFO betopiaerp betopiaerp.addons.web.tests.test_image: Starting TestImage.test_06_web_image_attachment_access ... 
2026-02-09 10:49:18,686 1 INFO betopiaerp betopiaerp.addons.base.models.ir_http: Generating routing map for key None 
2026-02-09 10:49:18,697 1 INFO betopiaerp betopiaerp.addons.base.models.ir_model: Access Denied by ACLs for operation: read, uid: 3, model: ir.attachment 
2026-02-09 10:49:18,705 1 INFO betopiaerp werkzeug: 127.0.0.1 - - [09/Feb/2026 10:49:18] "GET /web/image/4482 HTTP/1.1" 200 - 16 0.002 0.017
2026-02-09 10:49:18,711 1 INFO betopiaerp werkzeug: 127.0.0.1 - - [09/Feb/2026 10:49:18] "GET /web/image/4482?access_token=34a59f57-3814-42b3-a9ef-da024665aecf HTTP/1.1" 200 - 5 0.001 0.002
2026-02-09 10:49:18,715 1 INFO betopiaerp werkzeug: 127.0.0.1 - - [09/Feb/2026 10:49:18] "GET /web/image/4482?access_token=8bd603a6feec83f43c6c2719b4b2c7292e4191a457117c62389adf7fb03d5b7co0x69aa1767 HTTP/1.1" 200 - 3 0.000 0.002
2026-02-09 10:49:18,719 1 INFO betopiaerp betopiaerp.addons.base.models.res_users: Login successful for login:portal_user from n/a 
2026-02-09 10:49:18,723 1 INFO betopiaerp betopiaerp.addons.base.models.ir_model: Access Denied by ACLs for operation: read, uid: 877, model: ir.attachment 
2026-02-09 10:49:18,732 1 INFO betopiaerp werkzeug: 127.0.0.1 - - [09/Feb/2026 10:49:18] "GET /web/image/4482 HTTP/1.1" 200 - 8 0.002 0.009
2026-02-09 10:49:18,734 1 INFO betopiaerp betopiaerp.addons.base.models.res_users: Login successful for login:portal_user from n/a 
2026-02-09 10:49:18,739 1 INFO betopiaerp werkzeug: 127.0.0.1 - - [09/Feb/2026 10:49:18] "GET /web/image/4482?access_token=34a59f57-3814-42b3-a9ef-da024665aecf HTTP/1.1" 200 - 3 0.000 0.002
2026-02-09 10:49:18,741 1 INFO betopiaerp betopiaerp.addons.base.models.res_users: Login successful for login:portal_user from n/a 
2026-02-09 10:49:18,746 1 INFO betopiaerp werkzeug: 127.0.0.1 - - [09/Feb/2026 10:49:18] "GET /web/image/4482?access_token=8bd603a6feec83f43c6c2719b4b2c7292e4191a457117c62389adf7fb03d5b7co0x69aa1767 HTTP/1.1" 200 - 2 0.000 0.002
2026-02-09 10:49:18,749 1 INFO betopiaerp betopiaerp.addons.base.models.res_users: Login successful for login:internal_user from n/a 
2026-02-09 10:49:18,764 1 INFO betopiaerp werkzeug: 127.0.0.1 - - [09/Feb/2026 10:49:18] "GET /web/image/4482 HTTP/1.1" 200 - 15 0.003 0.010
2026-02-09 10:49:18,767 1 INFO betopiaerp betopiaerp.addons.base.models.res_users: Login successful for login:internal_user from n/a 
2026-02-09 10:49:18,772 1 INFO betopiaerp werkzeug: 127.0.0.1 - - [09/Feb/2026 10:49:18] "GET /web/image/4482?access_token=34a59f57-3814-42b3-a9ef-da024665aecf HTTP/1.1" 200 - 3 0.000 0.002
2026-02-09 10:49:18,775 1 INFO betopiaerp betopiaerp.addons.base.models.res_users: Login successful for login:internal_user from n/a 
2026-02-09 10:49:18,779 1 INFO betopiaerp werkzeug: 127.0.0.1 - - [09/Feb/2026 10:49:18] "GET /web/image/4482?access_token=8bd603a6feec83f43c6c2719b4b2c7292e4191a457117c62389adf7fb03d5b7co0x69aa1767 HTTP/1.1" 200 - 2 0.000 0.002
2026-02-09 10:49:18,783 1 INFO betopiaerp betopiaerp.addons.base.models.ir_model: Access Denied by ACLs for operation: read, uid: 3, model: ir.attachment 
2026-02-09 10:49:18,792 1 INFO betopiaerp werkzeug: 127.0.0.1 - - [09/Feb/2026 10:49:18] "GET /web/image/4483 HTTP/1.1" 200 - 8 0.001 0.008
2026-02-09 10:49:18,797 1 INFO betopiaerp werkzeug: 127.0.0.1 - - [09/Feb/2026 10:49:18] "GET /web/image/4483?access_token=b7b77be0-1435-4bd3-8a0e-3f90bfe8cec3 HTTP/1.1" 200 - 4 0.001 0.002
2026-02-09 10:49:18,802 1 INFO betopiaerp werkzeug: 127.0.0.1 - - [09/Feb/2026 10:49:18] "GET /web/image/4483?access_token=36e7f151c499a16f3bff9a48eb26984450f87fe42c1782276c7cd74543913befo0x69aa180e HTTP/1.1" 200 - 3 0.000 0.002
2026-02-09 10:49:18,804 1 INFO betopiaerp betopiaerp.addons.base.models.res_users: Login successful for login:portal_user from n/a 
2026-02-09 10:49:18,808 1 INFO betopiaerp betopiaerp.addons.base.models.ir_model: Access Denied by ACLs for operation: read, uid: 877, model: ir.attachment 
2026-02-09 10:49:18,816 1 INFO betopiaerp werkzeug: 127.0.0.1 - - [09/Feb/2026 10:49:18] "GET /web/image/4483 HTTP/1.1" 200 - 7 0.001 0.008
2026-02-09 10:49:18,818 1 INFO betopiaerp betopiaerp.addons.base.models.res_users: Login successful for login:portal_user from n/a 
2026-02-09 10:49:18,825 1 INFO betopiaerp werkzeug: 127.0.0.1 - - [09/Feb/2026 10:49:18] "GET /web/image/4483?access_token=b7b77be0-1435-4bd3-8a0e-3f90bfe8cec3 HTTP/1.1" 200 - 3 0.001 0.002
2026-02-09 10:49:18,828 1 INFO betopiaerp betopiaerp.addons.base.models.res_users: Login successful for login:portal_user from n/a 
2026-02-09 10:49:18,832 1 INFO betopiaerp werkzeug: 127.0.0.1 - - [09/Feb/2026 10:49:18] "GET /web/image/4483?access_token=36e7f151c499a16f3bff9a48eb26984450f87fe42c1782276c7cd74543913befo0x69aa180e HTTP/1.1" 200 - 2 0.000 0.002
2026-02-09 10:49:18,835 1 INFO betopiaerp betopiaerp.addons.base.models.res_users: Login successful for login:internal_user from n/a 
2026-02-09 10:49:18,843 1 INFO betopiaerp werkzeug: 127.0.0.1 - - [09/Feb/2026 10:49:18] "GET /web/image/4483 HTTP/1.1" 200 - 11 0.002 0.004
2026-02-09 10:49:18,845 1 INFO betopiaerp betopiaerp.addons.base.models.res_users: Login successful for login:internal_user from n/a 
2026-02-09 10:49:18,850 1 INFO betopiaerp werkzeug: 127.0.0.1 - - [09/Feb/2026 10:49:18] "GET /web/image/4483?access_token=b7b77be0-1435-4bd3-8a0e-3f90bfe8cec3 HTTP/1.1" 200 - 3 0.000 0.002
2026-02-09 10:49:18,852 1 INFO betopiaerp betopiaerp.addons.base.models.res_users: Login successful for login:internal_user from n/a 
2026-02-09 10:49:18,856 1 INFO betopiaerp werkzeug: 127.0.0.1 - - [09/Feb/2026 10:49:18] "GET /web/image/4483?access_token=36e7f151c499a16f3bff9a48eb26984450f87fe42c1782276c7cd74543913befo0x69aa180e HTTP/1.1" 200 - 2 0.000 0.002
2026-02-09 10:49:18,861 1 INFO betopiaerp betopiaerp.addons.base.models.ir_model: Access Denied by ACLs for operation: read, uid: 3, model: ir.attachment 
2026-02-09 10:49:18,869 1 INFO betopiaerp werkzeug: 127.0.0.1 - - [09/Feb/2026 10:49:18] "GET /web/image/4484 HTTP/1.1" 200 - 8 0.001 0.009
2026-02-09 10:49:18,874 1 INFO betopiaerp werkzeug: 127.0.0.1 - - [09/Feb/2026 10:49:18] "GET /web/image/4484?access_token=18d9a1f9-a11e-4543-9a48-91ad1aead295 HTTP/1.1" 200 - 4 0.000 0.002
2026-02-09 10:49:18,879 1 INFO betopiaerp werkzeug: 127.0.0.1 - - [09/Feb/2026 10:49:18] "GET /web/image/4484?access_token=767d9aa301249fe3af60b9c52901fdcfaee486747e5099c5fb2f425287930d67o0x69aa18b4 HTTP/1.1" 200 - 3 0.000 0.002
2026-02-09 10:49:18,882 1 INFO betopiaerp betopiaerp.addons.base.models.res_users: Login successful for login:portal_user from n/a 
2026-02-09 10:49:18,885 1 INFO betopiaerp betopiaerp.addons.base.models.ir_model: Access Denied by ACLs for operation: read, uid: 877, model: ir.attachment 
2026-02-09 10:49:18,893 1 INFO betopiaerp werkzeug: 127.0.0.1 - - [09/Feb/2026 10:49:18] "GET /web/image/4484 HTTP/1.1" 200 - 7 0.001 0.008
2026-02-09 10:49:18,895 1 INFO betopiaerp betopiaerp.addons.base.models.res_users: Login successful for login:portal_user from n/a 
2026-02-09 10:49:18,900 1 INFO betopiaerp werkzeug: 127.0.0.1 - - [09/Feb/2026 10:49:18] "GET /web/image/4484?access_token=18d9a1f9-a11e-4543-9a48-91ad1aead295 HTTP/1.1" 200 - 3 0.000 0.002
2026-02-09 10:49:18,902 1 INFO betopiaerp betopiaerp.addons.base.models.res_users: Login successful for login:portal_user from n/a 
2026-02-09 10:49:18,906 1 INFO betopiaerp werkzeug: 127.0.0.1 - - [09/Feb/2026 10:49:18] "GET /web/image/4484?access_token=767d9aa301249fe3af60b9c52901fdcfaee486747e5099c5fb2f425287930d67o0x69aa18b4 HTTP/1.1" 200 - 2 0.000 0.002
2026-02-09 10:49:18,909 1 INFO betopiaerp betopiaerp.addons.base.models.res_users: Login successful for login:internal_user from n/a 
2026-02-09 10:49:18,920 1 INFO betopiaerp werkzeug: 127.0.0.1 - - [09/Feb/2026 10:49:18] "GET /web/image/4484 HTTP/1.1" 200 - 6 0.001 0.008
2026-02-09 10:49:18,922 1 INFO betopiaerp betopiaerp.addons.base.models.res_users: Login successful for login:internal_user from n/a 
2026-02-09 10:49:18,927 1 INFO betopiaerp werkzeug: 127.0.0.1 - - [09/Feb/2026 10:49:18] "GET /web/image/4484?access_token=18d9a1f9-a11e-4543-9a48-91ad1aead295 HTTP/1.1" 200 - 3 0.000 0.002
2026-02-09 10:49:18,929 1 INFO betopiaerp betopiaerp.addons.base.models.res_users: Login successful for login:internal_user from n/a 
2026-02-09 10:49:18,933 1 INFO betopiaerp werkzeug: 127.0.0.1 - - [09/Feb/2026 10:49:18] "GET /web/image/4484?access_token=767d9aa301249fe3af60b9c52901fdcfaee486747e5099c5fb2f425287930d67o0x69aa18b4 HTTP/1.1" 200 - 2 0.000 0.002
2026-02-09 10:49:18,938 1 INFO betopiaerp werkzeug: 127.0.0.1 - - [09/Feb/2026 10:49:18] "GET /web/image/4485 HTTP/1.1" 200 - 4 0.000 0.002
2026-02-09 10:49:18,943 1 INFO betopiaerp werkzeug: 127.0.0.1 - - [09/Feb/2026 10:49:18] "GET /web/image/4485?access_token=03c41130-a7d5-44b0-a508-c2dec33fb6c2 HTTP/1.1" 200 - 4 0.000 0.002
2026-02-09 10:49:18,948 1 INFO betopiaerp werkzeug: 127.0.0.1 - - [09/Feb/2026 10:49:18] "GET /web/image/4485?access_token=92a48e3cb4b4318fa47e9c3ba3f198a2d0f75eb64b28130b59bf25116c39f85bo0x69aa195a HTTP/1.1" 200 - 3 0.000 0.002
2026-02-09 10:49:18,950 1 INFO betopiaerp betopiaerp.addons.base.models.res_users: Login successful for login:portal_user from n/a 
2026-02-09 10:49:18,954 1 INFO betopiaerp werkzeug: 127.0.0.1 - - [09/Feb/2026 10:49:18] "GET /web/image/4485 HTTP/1.1" 200 - 3 0.000 0.002
2026-02-09 10:49:18,956 1 INFO betopiaerp betopiaerp.addons.base.models.res_users: Login successful for login:portal_user from n/a 
2026-02-09 10:49:18,962 1 INFO betopiaerp werkzeug: 127.0.0.1 - - [09/Feb/2026 10:49:18] "GET /web/image/4485?access_token=03c41130-a7d5-44b0-a508-c2dec33fb6c2 HTTP/1.1" 200 - 3 0.001 0.002
2026-02-09 10:49:18,965 1 INFO betopiaerp betopiaerp.addons.base.models.res_users: Login successful for login:portal_user from n/a 
2026-02-09 10:49:18,969 1 INFO betopiaerp werkzeug: 127.0.0.1 - - [09/Feb/2026 10:49:18] "GET /web/image/4485?access_token=92a48e3cb4b4318fa47e9c3ba3f198a2d0f75eb64b28130b59bf25116c39f85bo0x69aa195a HTTP/1.1" 200 - 2 0.000 0.002
2026-02-09 10:49:18,971 1 INFO betopiaerp betopiaerp.addons.base.models.res_users: Login successful for login:internal_user from n/a 
2026-02-09 10:49:18,976 1 INFO betopiaerp werkzeug: 127.0.0.1 - - [09/Feb/2026 10:49:18] "GET /web/image/4485 HTTP/1.1" 200 - 3 0.001 0.002
2026-02-09 10:49:18,978 1 INFO betopiaerp betopiaerp.addons.base.models.res_users: Login successful for login:internal_user from n/a 
2026-02-09 10:49:18,983 1 INFO betopiaerp werkzeug: 127.0.0.1 - - [09/Feb/2026 10:49:18] "GET /web/image/4485?access_token=03c41130-a7d5-44b0-a508-c2dec33fb6c2 HTTP/1.1" 200 - 3 0.000 0.002
2026-02-09 10:49:18,986 1 INFO betopiaerp betopiaerp.addons.base.models.res_users: Login successful for login:internal_user from n/a 
2026-02-09 10:49:18,990 1 INFO betopiaerp werkzeug: 127.0.0.1 - - [09/Feb/2026 10:49:18] "GET /web/image/4485?access_token=92a48e3cb4b4318fa47e9c3ba3f198a2d0f75eb64b28130b59bf25116c39f85bo0x69aa195a HTTP/1.1" 200 - 2 0.000 0.002
2026-02-09 10:49:18,994 1 INFO betopiaerp betopiaerp.addons.base.models.ir_attachment: filestore gc 2 checked, 2 removed 
2026-02-09 10:49:19,024 1 INFO betopiaerp betopiaerp.addons.web.tests.test_ir_model: Starting IrModelAccessTest.test_display_name_for ... 
2026-02-09 10:49:19,036 1 INFO betopiaerp betopiaerp.addons.base.models.ir_attachment: filestore gc 1 checked, 1 removed 
2026-02-09 10:49:19,038 1 INFO betopiaerp betopiaerp.addons.web.tests.test_js: Starting QunitCommon.test_get_qunit_regex ... 
2026-02-09 10:49:19,041 1 INFO betopiaerp betopiaerp.addons.base.models.ir_attachment: filestore gc 0 checked, 0 removed 
2026-02-09 10:49:19,043 1 INFO betopiaerp betopiaerp.addons.web.tests.test_js: Starting HOOTCommon.test_generate_hoot_hash ... 
2026-02-09 10:49:19,044 1 INFO betopiaerp betopiaerp.addons.web.tests.test_js: Starting HOOTCommon.test_get_hoot_filter ... 
2026-02-09 10:49:19,046 1 INFO betopiaerp betopiaerp.addons.base.models.ir_attachment: filestore gc 0 checked, 0 removed 
2026-02-09 10:49:19,048 1 INFO betopiaerp betopiaerp.addons.web.tests.test_js: Starting WebSuite.test_check_suite ... 
2026-02-09 10:49:21,383 1 INFO betopiaerp betopiaerp.tests.common: Auto retry disabled for test_hoot (betopiaerp.addons.web.tests.test_js.WebSuite.test_hoot) 
2026-02-09 10:49:21,383 1 INFO betopiaerp betopiaerp.addons.web.tests.test_js: Starting WebSuite.test_hoot ... 
2026-02-09 10:49:21,397 1 WARNING betopiaerp betopiaerp.addons.web.tests.test_js.WebSuite.test_hoot: websocket-client module is not installed 
2026-02-09 10:49:21,397 1 INFO betopiaerp betopiaerp.addons.web.tests.test_js: skipped WebSuite.test_hoot : websocket-client module is not installed 
2026-02-09 10:49:21,398 1 INFO betopiaerp betopiaerp.tests.common: Auto retry disabled for test_qunit_desktop (betopiaerp.addons.web.tests.test_js.WebSuite.test_qunit_desktop) 
2026-02-09 10:49:21,398 1 INFO betopiaerp betopiaerp.addons.web.tests.test_js: Starting WebSuite.test_qunit_desktop ... 
2026-02-09 10:49:21,407 1 WARNING betopiaerp betopiaerp.addons.web.tests.test_js.WebSuite.test_qunit_desktop: websocket-client module is not installed 
2026-02-09 10:49:21,408 1 INFO betopiaerp betopiaerp.addons.web.tests.test_js: skipped WebSuite.test_qunit_desktop : websocket-client module is not installed 
2026-02-09 10:49:21,408 1 INFO betopiaerp betopiaerp.tests.common: Auto retry disabled for test_unit_desktop (betopiaerp.addons.web.tests.test_js.WebSuite.test_unit_desktop) 
2026-02-09 10:49:21,408 1 INFO betopiaerp betopiaerp.addons.web.tests.test_js: Starting WebSuite.test_unit_desktop ... 
2026-02-09 10:49:21,419 1 WARNING betopiaerp betopiaerp.addons.web.tests.test_js.WebSuite.test_unit_desktop: websocket-client module is not installed 
2026-02-09 10:49:21,419 1 INFO betopiaerp betopiaerp.addons.web.tests.test_js: skipped WebSuite.test_unit_desktop : websocket-client module is not installed 
2026-02-09 10:49:21,422 1 INFO betopiaerp betopiaerp.addons.base.models.ir_attachment: filestore gc 0 checked, 0 removed 
2026-02-09 10:49:21,424 1 INFO betopiaerp betopiaerp.tests.common: Auto retry disabled for test_unit_mobile (betopiaerp.addons.web.tests.test_js.MobileWebSuite.test_unit_mobile) 
2026-02-09 10:49:21,424 1 INFO betopiaerp betopiaerp.addons.web.tests.test_js: Starting MobileWebSuite.test_unit_mobile ... 
2026-02-09 10:49:21,434 1 WARNING betopiaerp betopiaerp.addons.web.tests.test_js.MobileWebSuite.test_unit_mobile: websocket-client module is not installed 
2026-02-09 10:49:21,434 1 INFO betopiaerp betopiaerp.addons.web.tests.test_js: skipped MobileWebSuite.test_unit_mobile : websocket-client module is not installed 
2026-02-09 10:49:21,437 1 INFO betopiaerp betopiaerp.addons.base.models.ir_attachment: filestore gc 0 checked, 0 removed 
2026-02-09 10:49:21,467 1 INFO betopiaerp betopiaerp.addons.web.tests.test_login: Starting TestUserSwitch.test_user_switch ... 
2026-02-09 10:49:21,490 1 WARNING betopiaerp betopiaerp.addons.web.tests.test_login.TestUserSwitch.test_user_switch: websocket-client module is not installed 
2026-02-09 10:49:21,491 1 INFO betopiaerp betopiaerp.addons.web.tests.test_login: skipped TestUserSwitch.test_user_switch : websocket-client module is not installed 
2026-02-09 10:49:21,494 1 INFO betopiaerp betopiaerp.addons.base.models.ir_attachment: filestore gc 1 checked, 1 removed 
2026-02-09 10:49:21,496 1 INFO betopiaerp betopiaerp.addons.web.tests.test_partner: Starting TestPartnerVCard.test_check_partner_access_for_user ... 
2026-02-09 10:49:21,507 1 INFO betopiaerp betopiaerp.addons.base.models.res_users: Login successful for login:admin from n/a 
2026-02-09 10:49:21,529 1 INFO betopiaerp betopiaerp.addons.base.models.res_users: Login successful for login:testuser from n/a 
2026-02-09 10:49:21,532 1 INFO betopiaerp betopiaerp.addons.base.models.ir_http: Generating routing map for key None 
2026-02-09 10:49:21,547 1 INFO betopiaerp betopiaerp.addons.base.models.ir_rule: Access Denied by record rules for operation: read on record ids: [3452, 3453], uid: 883, model: res.partner 
2026-02-09 10:49:21,551 1 INFO betopiaerp betopiaerp.addons.base.models.ir_rule: Access Denied by record rules for operation: read on record ids: [3452], uid: 883, model: res.partner 
2026-02-09 10:49:21,555 1 INFO betopiaerp werkzeug: 127.0.0.1 - - [09/Feb/2026 10:49:21] "GET /web/partner/vcard?partner_ids=3452,3453 HTTP/1.1" 403 - 25 0.006 0.017
2026-02-09 10:49:21,556 1 INFO betopiaerp betopiaerp.addons.web.tests.test_partner: Starting TestPartnerVCard.test_fetch_multiple_partners_vcard ... 
2026-02-09 10:49:21,567 1 INFO betopiaerp betopiaerp.addons.base.models.res_users: Login successful for login:admin from n/a 
2026-02-09 10:49:21,572 1 INFO betopiaerp betopiaerp.addons.base.models.ir_http: Generating routing map for key None 
2026-02-09 10:49:21,594 1 INFO betopiaerp werkzeug: 127.0.0.1 - - [09/Feb/2026 10:49:21] "GET /web/partner/vcard?partner_ids=3456,3457 HTTP/1.1" 200 - 24 0.006 0.017
2026-02-09 10:49:21,601 1 INFO betopiaerp betopiaerp.addons.web.tests.test_partner: Starting TestPartnerVCard.test_fetch_single_partner_vcard ... 
2026-02-09 10:49:21,613 1 INFO betopiaerp betopiaerp.addons.base.models.res_users: Login successful for login:admin from n/a 
2026-02-09 10:49:21,618 1 INFO betopiaerp betopiaerp.addons.base.models.ir_http: Generating routing map for key None 
2026-02-09 10:49:21,638 1 INFO betopiaerp werkzeug: 127.0.0.1 - - [09/Feb/2026 10:49:21] "GET /web_enterprise/partner/3459/vcard HTTP/1.1" 200 - 24 0.006 0.015
2026-02-09 10:49:21,642 1 INFO betopiaerp betopiaerp.addons.web.tests.test_partner: Starting TestPartnerVCard.test_fetch_single_partner_vcard_without_name ... 
2026-02-09 10:49:21,653 1 INFO betopiaerp betopiaerp.addons.base.models.res_users: Login successful for login:admin from n/a 
2026-02-09 10:49:21,659 1 INFO betopiaerp betopiaerp.addons.base.models.ir_http: Generating routing map for key None 
2026-02-09 10:49:21,681 1 INFO betopiaerp werkzeug: 127.0.0.1 - - [09/Feb/2026 10:49:21] "GET /web/partner/vcard?partner_ids=3464 HTTP/1.1" 200 - 22 0.005 0.018
2026-02-09 10:49:21,684 1 INFO betopiaerp betopiaerp.addons.web.tests.test_partner: Starting TestPartnerVCard.test_not_exist_partner_vcard ... 
2026-02-09 10:49:21,684 1 INFO betopiaerp betopiaerp.addons.web.tests.test_partner: skipped TestPartnerVCard.test_not_exist_partner_vcard :  
2026-02-09 10:49:21,687 1 INFO betopiaerp betopiaerp.addons.base.models.ir_attachment: filestore gc 0 checked, 0 removed 
2026-02-09 10:49:21,766 1 INFO betopiaerp betopiaerp.addons.web.tests.test_perf_load_menu: Starting TestPerfSessionInfo.test_load_menus_perf ... 
2026-02-09 10:49:21,772 1 INFO betopiaerp betopiaerp.registry: Invalidating all model caches from test_load_menus_perf /opt/betopiaerp/addons/web/tests/test_perf_load_menu.py:71 
2026-02-09 10:49:21,796 1 INFO betopiaerp betopiaerp.addons.web.tests.test_perf_load_menu: Query count less than expected for user session: 14 < 57 in test_load_menus_perf at /opt/betopiaerp/addons/web/tests/test_perf_load_menu.py:76 
2026-02-09 10:49:21,809 1 INFO betopiaerp betopiaerp.addons.web.tests.test_perf_load_menu: Query count less than expected for user session: 0 < 1 in test_load_menus_perf at /opt/betopiaerp/addons/web/tests/test_perf_load_menu.py:83 
2026-02-09 10:49:21,809 1 INFO betopiaerp betopiaerp.addons.web.tests.test_perf_load_menu: Starting TestPerfSessionInfo.test_load_web_menus_perf ... 
2026-02-09 10:49:21,810 1 INFO betopiaerp betopiaerp.registry: Invalidating all model caches from test_load_web_menus_perf /opt/betopiaerp/addons/web/tests/test_perf_load_menu.py:55 
2026-02-09 10:49:21,826 1 INFO betopiaerp betopiaerp.addons.web.tests.test_perf_load_menu: Query count less than expected for user session: 14 < 57 in test_load_web_menus_perf at /opt/betopiaerp/addons/web/tests/test_perf_load_menu.py:60 
2026-02-09 10:49:21,837 1 INFO betopiaerp betopiaerp.addons.web.tests.test_perf_load_menu: Query count less than expected for user session: 0 < 1 in test_load_web_menus_perf at /opt/betopiaerp/addons/web/tests/test_perf_load_menu.py:67 
2026-02-09 10:49:21,837 1 INFO betopiaerp betopiaerp.addons.web.tests.test_perf_load_menu: Starting TestPerfSessionInfo.test_performance_session_info ... 
2026-02-09 10:49:21,840 1 INFO betopiaerp betopiaerp.addons.base.models.res_users: Login successful for login:session from n/a 
2026-02-09 10:49:21,843 1 INFO betopiaerp betopiaerp.registry: Invalidating all model caches from test_performance_session_info /opt/betopiaerp/addons/web/tests/test_perf_load_menu.py:33 
2026-02-09 10:49:21,845 1 INFO betopiaerp betopiaerp.addons.base.models.ir_http: Generating routing map for key None 
2026-02-09 10:49:21,869 1 INFO betopiaerp werkzeug: 127.0.0.1 - - [09/Feb/2026 10:49:21] "POST /web/session/get_session_info HTTP/1.1" 200 - 35 0.007 0.018
2026-02-09 10:49:21,880 1 INFO betopiaerp betopiaerp.addons.web.tests.test_perf_load_menu: Query count less than expected for user session: 35 < 122 in test_performance_session_info at /opt/betopiaerp/addons/web/tests/test_perf_load_menu.py:37 
2026-02-09 10:49:21,887 1 INFO betopiaerp werkzeug: 127.0.0.1 - - [09/Feb/2026 10:49:21] "POST /web/session/get_session_info HTTP/1.1" 200 - 6 0.001 0.004
2026-02-09 10:49:21,898 1 INFO betopiaerp betopiaerp.addons.web.tests.test_perf_load_menu: Query count less than expected for user session: 6 < 32 in test_performance_session_info at /opt/betopiaerp/addons/web/tests/test_perf_load_menu.py:47 
2026-02-09 10:49:21,899 1 INFO betopiaerp betopiaerp.addons.web.tests.test_perf_load_menu: Starting TestPerfSessionInfo.test_visible_menu_ids ... 
2026-02-09 10:49:21,900 1 INFO betopiaerp betopiaerp.registry: Invalidating all model caches from test_visible_menu_ids /opt/betopiaerp/addons/web/tests/test_perf_load_menu.py:87 
2026-02-09 10:49:21,916 1 INFO betopiaerp betopiaerp.addons.web.tests.test_perf_load_menu: Query count less than expected for user session: 13 < 21 in test_visible_menu_ids at /opt/betopiaerp/addons/web/tests/test_perf_load_menu.py:92 
2026-02-09 10:49:21,919 1 INFO betopiaerp betopiaerp.addons.base.models.ir_attachment: filestore gc 1 checked, 1 removed 
2026-02-09 10:49:21,921 1 INFO betopiaerp betopiaerp.addons.web.tests.test_profiler: Starting TestProfilingWeb.test_profile_test_tool ... 
2026-02-09 10:49:21,923 1 INFO betopiaerp betopiaerp.addons.base.models.ir_http: Generating routing map for key None 
2026-02-09 10:49:21,965 1 INFO betopiaerp betopiaerp.tools.profiler: ir_profile 24 (2026-02-09 10:49:21 test_profile_test_tool) created 
2026-02-09 10:49:21,966 1 INFO betopiaerp werkzeug: 127.0.0.1 - - [09/Feb/2026 10:49:21] "GET /web HTTP/1.1" 303 - 5 0.001 0.042
2026-02-09 10:49:27,408 1 INFO betopiaerp betopiaerp.tools.profiler: ir_profile 25 (2026-02-09 10:49:21 test_profile_test_tool) created 
2026-02-09 10:49:27,411 1 INFO betopiaerp werkzeug: 127.0.0.1 - - [09/Feb/2026 10:49:27] "GET /web/login?redirect=/web? HTTP/1.1" 200 - 52 0.473 4.970
2026-02-09 10:49:27,570 1 INFO betopiaerp betopiaerp.tools.profiler: ir_profile 26 (2026-02-09 10:49:21 test_profile_test_tool) created 
2026-02-09 10:49:27,572 1 INFO betopiaerp betopiaerp.addons.web.tests.test_profiler: Starting TestProfilingWeb.test_profiling_enabled ... 
2026-02-09 10:49:27,575 1 INFO betopiaerp betopiaerp.addons.base.models.res_users: Login successful for login:admin from n/a 
2026-02-09 10:49:27,581 1 INFO betopiaerp betopiaerp.addons.base.models.ir_http: Generating routing map for key None 
2026-02-09 10:49:27,596 1 INFO betopiaerp betopiaerp.addons.base.models.ir_profile: User Administrator started profiling 
2026-02-09 10:49:27,600 1 INFO betopiaerp werkzeug: 127.0.0.1 - - [09/Feb/2026 10:49:27] "POST /web/dataset/call_kw/ir.profile/set_profiling#ir.profile.set_profiling HTTP/1.1" 200 - 16 0.003 0.017
2026-02-09 10:49:27,610 1 INFO betopiaerp betopiaerp.addons.base.models.ir_profile: User Administrator started profiling 
2026-02-09 10:49:27,611 1 INFO betopiaerp werkzeug: 127.0.0.1 - - [09/Feb/2026 10:49:27] "POST /web/dataset/call_kw/ir.profile/set_profiling#ir.profile.set_profiling HTTP/1.1" 200 - 9 0.002 0.005
2026-02-09 10:49:32,309 1 INFO betopiaerp betopiaerp.tools.profiler: ir_profile 27 (2026-02-09 10:49:27 Administrator) created 
2026-02-09 10:49:32,309 1 INFO betopiaerp werkzeug: 127.0.0.1 - - [09/Feb/2026 10:49:32] "GET /web/login HTTP/1.1" 200 - 44 0.013 4.683
2026-02-09 10:49:32,315 1 INFO betopiaerp betopiaerp.addons.base.models.ir_attachment: filestore gc 0 checked, 0 removed 
2026-02-09 10:49:32,317 1 INFO betopiaerp betopiaerp.addons.web.tests.test_profiler: Starting TestProfilingModes.test_profile_collectors ... 
2026-02-09 10:49:32,321 1 INFO betopiaerp betopiaerp.addons.base.models.res_users: Login successful for login:admin from n/a 
2026-02-09 10:49:32,325 1 INFO betopiaerp betopiaerp.addons.base.models.ir_http: Generating routing map for key None 
2026-02-09 10:49:32,334 1 INFO betopiaerp werkzeug: 127.0.0.1 - - [09/Feb/2026 10:49:32] "POST /web/dataset/call_kw/ir.profile/set_profiling#ir.profile.set_profiling HTTP/1.1" 200 - 2 0.000 0.009
2026-02-09 10:49:32,340 1 INFO betopiaerp betopiaerp.addons.base.models.ir_profile: User Administrator started profiling 
2026-02-09 10:49:32,341 1 INFO betopiaerp werkzeug: 127.0.0.1 - - [09/Feb/2026 10:49:32] "POST /web/dataset/call_kw/ir.profile/set_profiling#ir.profile.set_profiling HTTP/1.1" 200 - 4 0.001 0.003
2026-02-09 10:49:32,344 1 INFO betopiaerp werkzeug: 127.0.0.1 - - [09/Feb/2026 10:49:32] "POST /web/dataset/call_kw/ir.profile/set_profiling#ir.profile.set_profiling HTTP/1.1" 200 - 0 0.000 0.001
2026-02-09 10:49:32,347 1 INFO betopiaerp werkzeug: 127.0.0.1 - - [09/Feb/2026 10:49:32] "POST /web/dataset/call_kw/ir.profile/set_profiling#ir.profile.set_profiling HTTP/1.1" 200 - 0 0.000 0.001
2026-02-09 10:49:32,351 1 INFO betopiaerp betopiaerp.addons.base.models.ir_profile: User Administrator started profiling 
2026-02-09 10:49:32,352 1 INFO betopiaerp werkzeug: 127.0.0.1 - - [09/Feb/2026 10:49:32] "POST /web/dataset/call_kw/ir.profile/set_profiling#ir.profile.set_profiling HTTP/1.1" 200 - 2 0.000 0.003
2026-02-09 10:49:32,355 1 INFO betopiaerp betopiaerp.addons.base.models.ir_attachment: filestore gc 0 checked, 0 removed 
2026-02-09 10:49:32,357 1 INFO betopiaerp betopiaerp.addons.web.tests.test_profiler: Starting TestProfilingPublic.test_public_user_profiling ... 
2026-02-09 10:49:32,361 1 INFO betopiaerp betopiaerp.addons.base.models.ir_http: Generating routing map for key None 
2026-02-09 10:49:32,372 1 INFO betopiaerp betopiaerp.addons.base.models.ir_profile: User Public user started profiling 
2026-02-09 10:49:32,376 1 INFO betopiaerp werkzeug: 127.0.0.1 - - [09/Feb/2026 10:49:32] "GET /web/set_profiling?profile=1 HTTP/1.1" 500 - 16 0.003 0.012
2026-02-09 10:49:32,382 1 INFO betopiaerp betopiaerp.addons.base.models.ir_profile: User Public user started profiling 
2026-02-09 10:49:32,383 1 INFO betopiaerp werkzeug: 127.0.0.1 - - [09/Feb/2026 10:49:32] "GET /web/set_profiling?profile=1 HTTP/1.1" 200 - 9 0.001 0.003
2026-02-09 10:49:37,557 1 INFO betopiaerp betopiaerp.tools.profiler: ir_profile 28 (2026-02-09 10:49:32 Public user) created 
2026-02-09 10:49:37,561 1 INFO betopiaerp werkzeug: 127.0.0.1 - - [09/Feb/2026 10:49:37] "GET /web/login HTTP/1.1" 200 - 45 0.407 4.769
2026-02-09 10:49:37,566 1 INFO betopiaerp betopiaerp.addons.base.models.ir_attachment: filestore gc 0 checked, 0 removed 
2026-02-09 10:49:37,592 1 INFO betopiaerp betopiaerp.addons.web.tests.test_res_users: Starting TestUserSettings.test_user_group_settings ... 
2026-02-09 10:49:37,612 1 WARNING betopiaerp betopiaerp.addons.web.tests.test_res_users.TestUserSettings.test_user_group_settings: websocket-client module is not installed 
2026-02-09 10:49:37,612 1 INFO betopiaerp betopiaerp.addons.web.tests.test_res_users: skipped TestUserSettings.test_user_group_settings : websocket-client module is not installed 
2026-02-09 10:49:37,615 1 INFO betopiaerp betopiaerp.addons.base.models.ir_attachment: filestore gc 1 checked, 1 removed 
2026-02-09 10:49:37,617 1 INFO betopiaerp betopiaerp.addons.web.tests.test_web_search_read: Starting TestWebSearchRead.test_unity_web_search_read ... 
2026-02-09 10:49:37,620 1 INFO betopiaerp betopiaerp.addons.web.tests.test_web_search_read: Starting TestWebSearchRead.test_web_name_search ... 
2026-02-09 10:49:37,624 1 INFO betopiaerp betopiaerp.addons.base.models.ir_attachment: filestore gc 0 checked, 0 removed 
2026-02-09 10:49:37,648 1 INFO betopiaerp betopiaerp.addons.web.tests.test_webmanifest: Starting WebManifestRoutesTest.test_apple_touch_icon ... 
2026-02-09 10:49:37,655 1 INFO betopiaerp betopiaerp.addons.base.models.res_users: Login successful for login:demo from n/a 
2026-02-09 10:49:37,665 1 INFO ? werkzeug: 127.0.0.1 - - [09/Feb/2026 10:49:37] "GET /web/static/img/BetopiaERP-icon-ios.png HTTP/1.1" 200 - 0 0.000 0.007
2026-02-09 10:49:37,668 1 INFO betopiaerp betopiaerp.addons.base.models.ir_http: Generating routing map for key None 
2026-02-09 10:49:49,925 1 INFO betopiaerp werkzeug: 127.0.0.1 - - [09/Feb/2026 10:49:49] "GET /BetopiaERP HTTP/1.1" 200 - 55 0.012 12.245
2026-02-09 10:49:49,927 1 INFO betopiaerp betopiaerp.addons.web.tests.test_webmanifest: Starting WebManifestRoutesTest.test_offline_url ... 
2026-02-09 10:49:49,929 1 INFO betopiaerp betopiaerp.addons.base.models.ir_http: Generating routing map for key None 
2026-02-09 10:49:49,954 1 INFO betopiaerp werkzeug: 127.0.0.1 - - [09/Feb/2026 10:49:49] "GET /BetopiaERP/offline HTTP/1.1" 200 - 12 0.003 0.022
2026-02-09 10:49:49,956 1 INFO betopiaerp betopiaerp.addons.web.tests.test_webmanifest: Starting WebManifestRoutesTest.test_serviceworker ... 
2026-02-09 10:49:49,958 1 INFO betopiaerp betopiaerp.addons.base.models.ir_http: Generating routing map for key None 
2026-02-09 10:49:49,978 1 INFO betopiaerp werkzeug: 127.0.0.1 - - [09/Feb/2026 10:49:49] "GET /web/service-worker.js HTTP/1.1" 200 - 6 0.002 0.019
2026-02-09 10:49:49,980 1 INFO betopiaerp betopiaerp.addons.web.tests.test_webmanifest: Starting WebManifestRoutesTest.test_webmanifest ... 
2026-02-09 10:49:49,983 1 INFO betopiaerp betopiaerp.addons.base.models.res_users: Login successful for login:admin from n/a 
2026-02-09 10:49:49,990 1 INFO betopiaerp betopiaerp.addons.base.models.ir_http: Generating routing map for key None 
2026-02-09 10:49:50,016 1 INFO betopiaerp werkzeug: 127.0.0.1 - - [09/Feb/2026 10:49:50] "GET /web/manifest.webmanifest HTTP/1.1" 200 - 19 0.007 0.020
2026-02-09 10:49:50,018 1 INFO betopiaerp betopiaerp.addons.web.tests.test_webmanifest: Starting WebManifestRoutesTest.test_webmanifest_scoped ... 
2026-02-09 10:49:50,021 1 INFO betopiaerp betopiaerp.addons.base.models.ir_http: Generating routing map for key None 
2026-02-09 10:49:50,039 1 INFO betopiaerp werkzeug: 127.0.0.1 - - [09/Feb/2026 10:49:50] "GET /web/manifest.scoped_app_manifest?app_id=test&path=/test&app_name=Test HTTP/1.1" 200 - 6 0.002 0.016
2026-02-09 10:49:50,041 1 INFO betopiaerp betopiaerp.addons.web.tests.test_webmanifest: Starting WebManifestRoutesTest.test_webmanifest_unauthenticated ... 
2026-02-09 10:49:50,044 1 INFO betopiaerp betopiaerp.addons.base.models.ir_http: Generating routing map for key None 
2026-02-09 10:49:50,059 1 INFO betopiaerp betopiaerp.addons.base.models.ir_model: Access Denied by ACLs for operation: read, uid: 3, model: ir.module.module 
2026-02-09 10:49:50,062 1 INFO betopiaerp werkzeug: 127.0.0.1 - - [09/Feb/2026 10:49:50] "GET /web/manifest.webmanifest HTTP/1.1" 200 - 18 0.004 0.014
2026-02-09 10:49:50,066 1 INFO betopiaerp betopiaerp.addons.base.models.ir_attachment: filestore gc 1 checked, 1 removed 
2026-02-09 10:49:50,105 1 INFO betopiaerp betopiaerp.addons.api_doc.tests.test_doc: Starting TestDoc.test_doc_access ... 
2026-02-09 10:49:50,124 1 INFO betopiaerp betopiaerp.addons.base.models.res_users: Login successful for login:test_doc_access from n/a 
2026-02-09 10:49:50,130 1 INFO betopiaerp betopiaerp.addons.base.models.ir_http: Generating routing map for key None 
2026-02-09 10:49:50,142 1 INFO betopiaerp werkzeug: 127.0.0.1 - - [09/Feb/2026 10:49:50] "GET /doc HTTP/1.1" 403 - 5 0.001 0.010
2026-02-09 10:49:50,154 1 INFO betopiaerp werkzeug: 127.0.0.1 - - [09/Feb/2026 10:49:50] "GET /doc/index.json HTTP/1.1" 403 - 2 0.000 0.009
2026-02-09 10:49:50,165 1 INFO betopiaerp werkzeug: 127.0.0.1 - - [09/Feb/2026 10:49:50] "GET /doc/res.company.json HTTP/1.1" 403 - 2 0.000 0.007
2026-02-09 10:49:50,167 1 INFO betopiaerp betopiaerp.addons.api_doc.tests.test_doc: Starting TestDoc.test_doc_cache ... 
2026-02-09 10:49:50,170 1 INFO betopiaerp betopiaerp.addons.base.models.res_users: Login successful for login:demo from n/a 
2026-02-09 10:49:50,175 1 INFO betopiaerp betopiaerp.addons.base.models.ir_http: Generating routing map for key None 
2026-02-09 10:49:50,243 1 INFO betopiaerp betopiaerp.addons.api_doc.controllers.api_doc: new index attachment: BetopiaERP-doc-index-7-60c48072748fdf124e9de0920613f3e3df8b2e7ead43a3d6bae1f015e57fcd51.json 
2026-02-09 10:49:50,245 1 INFO betopiaerp werkzeug: 127.0.0.1 - - [09/Feb/2026 10:49:50] "GET /doc/index.json HTTP/1.1" 200 - 26 0.013 0.058
2026-02-09 10:49:50,250 1 INFO betopiaerp werkzeug: 127.0.0.1 - - [09/Feb/2026 10:49:50] "GET /doc/index.json HTTP/1.1" 304 - 2 0.001 0.002
2026-02-09 10:49:50,253 1 INFO betopiaerp betopiaerp.addons.base.models.res_users: Login successful for login:admin from n/a 
2026-02-09 10:49:50,334 1 INFO betopiaerp betopiaerp.addons.api_doc.controllers.api_doc: new index attachment: BetopiaERP-doc-index-7-4206487ebf2ab179277dfd61de5c4300b506df40c184bbc41c0f4d85e26c6361.json 
2026-02-09 10:49:50,336 1 INFO betopiaerp werkzeug: 127.0.0.1 - - [09/Feb/2026 10:49:50] "GET /doc/index.json HTTP/1.1" 200 - 15 0.010 0.071
2026-02-09 10:49:50,338 1 INFO betopiaerp betopiaerp.addons.api_doc.tests.test_doc: Starting TestDoc.test_doc_index_bearer ... 
2026-02-09 10:49:50,346 1 INFO betopiaerp betopiaerp.addons.base.models.res_users: Users API Keys generated: scope: <rpc> for 'demo' (#887) from n/a 
2026-02-09 10:49:50,348 1 INFO betopiaerp betopiaerp.addons.base.models.ir_http: Generating routing map for key None 
2026-02-09 10:49:50,408 1 INFO betopiaerp betopiaerp.addons.api_doc.controllers.api_doc: new index attachment: BetopiaERP-doc-index-7-60c48072748fdf124e9de0920613f3e3df8b2e7ead43a3d6bae1f015e57fcd51.json 
2026-02-09 10:49:50,409 1 INFO betopiaerp werkzeug: 127.0.0.1 - - [09/Feb/2026 10:49:50] "GET /doc-bearer/index.json HTTP/1.1" 200 - 23 0.010 0.052
2026-02-09 10:49:50,412 1 INFO betopiaerp betopiaerp.addons.api_doc.tests.test_doc: Starting TestDoc.test_doc_index_user ... 
2026-02-09 10:49:50,414 1 INFO betopiaerp betopiaerp.addons.base.models.res_users: Login successful for login:demo from n/a 
2026-02-09 10:49:50,418 1 INFO betopiaerp betopiaerp.addons.base.models.ir_http: Generating routing map for key None 
2026-02-09 10:49:50,479 1 INFO betopiaerp betopiaerp.addons.api_doc.controllers.api_doc: new index attachment: BetopiaERP-doc-index-7-60c48072748fdf124e9de0920613f3e3df8b2e7ead43a3d6bae1f015e57fcd51.json 
2026-02-09 10:49:50,480 1 INFO betopiaerp werkzeug: 127.0.0.1 - - [09/Feb/2026 10:49:50] "GET /doc/index.json HTTP/1.1" 200 - 26 0.010 0.052
2026-02-09 10:49:50,482 1 INFO betopiaerp betopiaerp.addons.api_doc.tests.test_doc: Starting TestDoc.test_doc_model_bearer ... 
2026-02-09 10:49:50,491 1 INFO betopiaerp betopiaerp.addons.base.models.res_users: Users API Keys generated: scope: <rpc> for 'demo' (#887) from n/a 
2026-02-09 10:49:50,492 1 INFO betopiaerp betopiaerp.addons.base.models.ir_http: Generating routing map for key None 
2026-02-09 10:49:50,651 1 INFO betopiaerp werkzeug: 127.0.0.1 - - [09/Feb/2026 10:49:50] "GET /doc-bearer/res.partner.json HTTP/1.1" 200 - 17 0.005 0.154
2026-02-09 10:49:50,653 1 INFO betopiaerp betopiaerp.addons.api_doc.tests.test_doc: Starting TestDoc.test_doc_model_user ... 
2026-02-09 10:49:50,656 1 INFO betopiaerp betopiaerp.addons.base.models.res_users: Login successful for login:demo from n/a 
2026-02-09 10:49:50,660 1 INFO betopiaerp betopiaerp.addons.base.models.ir_http: Generating routing map for key None 
2026-02-09 10:49:50,846 1 INFO betopiaerp werkzeug: 127.0.0.1 - - [09/Feb/2026 10:49:50] "GET /doc/res.partner.json HTTP/1.1" 200 - 20 0.005 0.181
2026-02-09 10:49:50,848 1 INFO betopiaerp betopiaerp.addons.api_doc.tests.test_doc: Starting TestDoc.test_doc_web_client ... 
2026-02-09 10:49:50,851 1 INFO betopiaerp betopiaerp.addons.base.models.res_users: Login successful for login:demo from n/a 
2026-02-09 10:49:50,855 1 INFO betopiaerp betopiaerp.addons.base.models.ir_http: Generating routing map for key None 
2026-02-09 10:49:51,898 1 INFO betopiaerp werkzeug: 127.0.0.1 - - [09/Feb/2026 10:49:51] "GET /doc HTTP/1.1" 200 - 20 0.004 1.039
2026-02-09 10:49:51,899 1 INFO betopiaerp betopiaerp.addons.api_doc.tests.test_doc: Starting TestDoc.test_ghost_model_robustness ... 
2026-02-09 10:49:51,905 1 INFO betopiaerp betopiaerp.addons.base.models.res_users: Login successful for login:demo from n/a 
2026-02-09 10:49:51,909 1 INFO betopiaerp betopiaerp.addons.base.models.ir_http: Generating routing map for key None 
2026-02-09 10:49:51,969 1 INFO betopiaerp betopiaerp.addons.api_doc.controllers.api_doc: new index attachment: BetopiaERP-doc-index-7-60c48072748fdf124e9de0920613f3e3df8b2e7ead43a3d6bae1f015e57fcd51.json 
2026-02-09 10:49:51,970 1 INFO betopiaerp werkzeug: 127.0.0.1 - - [09/Feb/2026 10:49:51] "GET /doc/index.json HTTP/1.1" 200 - 26 0.010 0.051
2026-02-09 10:49:51,972 1 INFO betopiaerp betopiaerp.addons.api_doc.tests.test_doc: Starting TestDoc.test_parse_signature ... 
2026-02-09 10:49:51,992 1 INFO betopiaerp betopiaerp.addons.base.models.ir_attachment: filestore gc 4 checked, 4 removed 
2026-02-09 10:49:52,011 1 INFO betopiaerp betopiaerp.addons.auth_totp.tests.test_apikeys: Starting TestAPIKeys.test_addremove ... 
2026-02-09 10:49:52,030 1 WARNING betopiaerp betopiaerp.addons.auth_totp.tests.test_apikeys.TestAPIKeys.test_addremove: websocket-client module is not installed 
2026-02-09 10:49:52,030 1 INFO betopiaerp betopiaerp.addons.auth_totp.tests.test_apikeys: skipped TestAPIKeys.test_addremove : websocket-client module is not installed 
2026-02-09 10:49:52,031 1 INFO betopiaerp betopiaerp.addons.auth_totp.tests.test_apikeys: Starting TestAPIKeys.test_apikeys_totp ... 
2026-02-09 10:49:52,042 1 WARNING betopiaerp betopiaerp.addons.auth_totp.tests.test_apikeys.TestAPIKeys.test_apikeys_totp: websocket-client module is not installed 
2026-02-09 10:49:52,042 1 INFO betopiaerp betopiaerp.addons.auth_totp.tests.test_apikeys: skipped TestAPIKeys.test_apikeys_totp : websocket-client module is not installed 
2026-02-09 10:49:52,044 1 INFO betopiaerp betopiaerp.addons.base.models.ir_attachment: filestore gc 1 checked, 1 removed 
2026-02-09 10:49:52,071 1 INFO betopiaerp betopiaerp.addons.auth_totp.tests.test_totp: Starting TestTOTP.test_totp ... 
2026-02-09 10:49:52,092 1 WARNING betopiaerp betopiaerp.addons.auth_totp.tests.test_totp.TestTOTP.test_totp: websocket-client module is not installed 
2026-02-09 10:49:52,092 1 INFO betopiaerp betopiaerp.addons.auth_totp.tests.test_totp: skipped TestTOTP.test_totp : websocket-client module is not installed 
2026-02-09 10:49:52,093 1 INFO betopiaerp betopiaerp.addons.auth_totp.tests.test_totp: Starting TestTOTP.test_totp_administration ... 
2026-02-09 10:49:52,104 1 WARNING betopiaerp betopiaerp.addons.auth_totp.tests.test_totp.TestTOTP.test_totp_administration: websocket-client module is not installed 
2026-02-09 10:49:52,104 1 INFO betopiaerp betopiaerp.addons.auth_totp.tests.test_totp: skipped TestTOTP.test_totp_administration : websocket-client module is not installed 
2026-02-09 10:49:52,105 1 INFO betopiaerp betopiaerp.addons.auth_totp.tests.test_totp: Starting TestTOTP.test_totp_authenticate ... 
2026-02-09 10:49:52,122 1 WARNING betopiaerp betopiaerp.addons.auth_totp.tests.test_totp.TestTOTP.test_totp_authenticate: websocket-client module is not installed 
2026-02-09 10:49:52,122 1 INFO betopiaerp betopiaerp.addons.auth_totp.tests.test_totp: skipped TestTOTP.test_totp_authenticate : websocket-client module is not installed 
2026-02-09 10:49:52,125 1 INFO betopiaerp betopiaerp.addons.base.models.ir_attachment: filestore gc 1 checked, 1 removed 
2026-02-09 10:49:52,126 1 INFO betopiaerp betopiaerp.addons.base_import_module.tests.test_import_module: Starting TestImportModule.test_import_and_uninstall_module ... 
2026-02-09 10:49:52,149 1 INFO betopiaerp betopiaerp.addons.base_import_module.models.ir_module: Successfully imported module 'test_module' 
2026-02-09 10:49:52,152 1 INFO betopiaerp betopiaerp.addons.base.models.ir_module: ALLOW access to module.module_uninstall on ['Test Module'] to user __system__ #1 via n/a 
2026-02-09 10:49:52,153 1 INFO betopiaerp betopiaerp.addons.base.models.ir_model: Deleting ir.asset(93,) 
2026-02-09 10:49:52,158 1 INFO betopiaerp betopiaerp.models.unlink: User #1 deleted ir.model.data records with IDs: [68876] 
2026-02-09 10:49:52,159 1 INFO betopiaerp betopiaerp.models.unlink: User #1 deleted ir.asset records with IDs: [93] 
2026-02-09 10:49:52,159 1 INFO betopiaerp betopiaerp.addons.base.models.ir_model: Deleting ir.attachment(4545,) 
2026-02-09 10:49:52,163 1 INFO betopiaerp betopiaerp.models.unlink: User #1 deleted ir.model.data records with IDs: [68875] 
2026-02-09 10:49:52,163 1 INFO betopiaerp betopiaerp.models.unlink: User #1 deleted ir.attachment records with IDs: [4545] 
2026-02-09 10:49:52,165 1 INFO betopiaerp betopiaerp.addons.base.models.ir_model: ir.model.data could not be deleted ([]) 
2026-02-09 10:49:52,167 1 INFO betopiaerp betopiaerp.models.unlink: User #1 deleted ir.model.data records with IDs: [68876, 68875] 
2026-02-09 10:49:52,168 1 INFO betopiaerp betopiaerp.addons.base_import_module.models.ir_module: deleting imported modules upon uninstallation: test_module 
2026-02-09 10:49:52,173 1 INFO betopiaerp betopiaerp.models.unlink: User #1 deleted ir.model.data records with IDs: [68874] 
2026-02-09 10:49:52,173 1 INFO betopiaerp betopiaerp.models.unlink: User #1 deleted ir.module.module records with IDs: [748] 
2026-02-09 10:49:52,175 1 INFO betopiaerp betopiaerp.addons.base_import_module.tests.test_import_module: Starting TestImportModule.test_import_and_update_module ... 
2026-02-09 10:49:52,216 1 INFO betopiaerp betopiaerp.addons.base_import_module.models.ir_module: Successfully imported module 'test_module' 
2026-02-09 10:49:52,240 1 INFO betopiaerp betopiaerp.addons.base_import_module.models.ir_module: Successfully imported module 'test_module' 
2026-02-09 10:49:52,243 1 INFO betopiaerp betopiaerp.addons.base_import_module.tests.test_import_module: Starting TestImportModule.test_import_modules_with_dependencies ... 
2026-02-09 10:49:52,257 1 INFO betopiaerp betopiaerp.addons.base_import_module.models.ir_module: module foo: loading partner.xml 
2026-02-09 10:49:52,267 1 INFO betopiaerp betopiaerp.addons.base_import_module.models.ir_module: Successfully imported module 'foo' 
2026-02-09 10:49:52,276 1 INFO betopiaerp betopiaerp.addons.base_import_module.models.ir_module: Successfully imported module 'bar' 
2026-02-09 10:49:52,282 1 INFO betopiaerp betopiaerp.addons.base_import_module.models.ir_module: module baz: loading partner.xml 
2026-02-09 10:49:52,290 1 INFO betopiaerp betopiaerp.addons.base_import_module.models.ir_module: Successfully imported module 'baz' 
2026-02-09 10:49:52,292 1 INFO betopiaerp betopiaerp.addons.base_import_module.tests.test_import_module: Starting TestImportModule.test_import_wrong_dependencies ... 
2026-02-09 10:49:52,308 1 INFO betopiaerp betopiaerp.addons.base_import_module.tests.test_import_module: Starting TestImportModule.test_import_zip ... 
2026-02-09 10:50:04,459 1 INFO betopiaerp betopiaerp.addons.base_import_module.tests.test_import_module: Starting TestImportModule.test_import_zip_data_not_in_manifest ... 
2026-02-09 10:50:04,474 1 INFO betopiaerp betopiaerp.addons.base_import_module.models.ir_module: module foo: loading foo.xml 
2026-02-09 10:50:04,484 1 INFO betopiaerp betopiaerp.addons.base_import_module.models.ir_module: Successfully imported module 'foo' 
2026-02-09 10:50:04,485 1 INFO betopiaerp betopiaerp.addons.base_import_module.tests.test_import_module: Starting TestImportModule.test_import_zip_extract_only_useful ... 
2026-02-09 10:50:04,498 1 INFO betopiaerp betopiaerp.addons.base_import_module.models.ir_module: module foo: loading data.xml 
2026-02-09 10:50:04,505 1 INFO betopiaerp betopiaerp.addons.base_import_module.models.ir_module: module foo: skip unsupported file res.partner.xls 
2026-02-09 10:50:04,510 1 INFO betopiaerp betopiaerp.addons.base_import_module.models.ir_module: Successfully imported module 'foo' 
2026-02-09 10:50:04,511 1 INFO betopiaerp betopiaerp.addons.base_import_module.tests.test_import_module: Starting TestImportModule.test_import_zip_ignore_unexpected_data_extension ... 
2026-02-09 10:50:04,525 1 INFO betopiaerp betopiaerp.addons.base_import_module.tests.test_import_module: Starting TestImportModule.test_import_zip_invalid_data ... 
2026-02-09 10:50:04,564 1 INFO betopiaerp betopiaerp.addons.base_import_module.tests.test_import_module: Starting TestImportModule.test_import_zip_invalid_manifest ... 
2026-02-09 10:50:04,568 1 INFO betopiaerp betopiaerp.addons.base_import_module.tests.test_import_module: Starting TestImportModule.test_import_zip_wildcard_assets ... 
2026-02-09 10:50:04,591 1 INFO betopiaerp betopiaerp.addons.base_import_module.tests.test_import_module: Starting TestImportModule.test_multiple_file_open_temporary_directory ... 
2026-02-09 10:50:04,596 1 INFO betopiaerp betopiaerp.addons.base.models.ir_attachment: filestore gc 8 checked, 8 removed 
2026-02-09 10:50:04,600 1 INFO betopiaerp betopiaerp.addons.base_import_module.tests.test_import_module: Starting TestImportModuleHttp.test_check_zip_dependencies ... 
2026-02-09 10:50:04,616 1 INFO betopiaerp betopiaerp.addons.base_import_module.tests.test_import_module: Starting TestImportModuleHttp.test_import_module_assets_http ... 
2026-02-09 10:50:04,635 1 INFO betopiaerp betopiaerp.addons.base_import_module.models.ir_module: Successfully imported module 'foo' 
2026-02-09 10:50:04,638 1 INFO betopiaerp betopiaerp.addons.base.models.ir_http: Generating routing map for key None 
2026-02-09 10:50:04,649 1 INFO betopiaerp werkzeug: 127.0.0.1 - - [09/Feb/2026 10:50:04] "GET /foo/static/src/js/test.js HTTP/1.1" 200 - 5 0.001 0.010
2026-02-09 10:50:04,650 1 INFO betopiaerp betopiaerp.addons.base_import_module.tests.test_import_module: Starting TestImportModuleHttp.test_import_module_field_file ... 
2026-02-09 10:50:04,665 1 INFO betopiaerp betopiaerp.addons.base_import_module.models.ir_module: module foo: loading data.xml 
2026-02-09 10:50:04,677 1 INFO betopiaerp betopiaerp.addons.base.models.ir_attachment: Post processing ignored : This file could not be decoded as an image file. 
2026-02-09 10:50:04,680 1 INFO betopiaerp betopiaerp.addons.base_import_module.models.ir_module: Successfully imported module 'foo' 
2026-02-09 10:50:04,683 1 INFO betopiaerp betopiaerp.addons.base.models.ir_http: Generating routing map for key None 
2026-02-09 10:50:04,693 1 INFO betopiaerp werkzeug: 127.0.0.1 - - [09/Feb/2026 10:50:04] "GET /foo/static/src/img/content/logo.png HTTP/1.1" 200 - 5 0.001 0.009
2026-02-09 10:50:04,694 1 INFO betopiaerp betopiaerp.addons.base_import_module.tests.test_import_module: Starting TestImportModuleHttp.test_import_module_icon ... 
2026-02-09 10:50:04,711 1 INFO betopiaerp betopiaerp.addons.base_import_module.models.ir_module: Successfully imported module 'bar' 
2026-02-09 10:50:04,718 1 INFO betopiaerp betopiaerp.addons.base.models.ir_attachment: Post processing ignored : This file could not be decoded as an image file. 
2026-02-09 10:50:04,722 1 INFO betopiaerp betopiaerp.addons.base_import_module.models.ir_module: Successfully imported module 'foo' 
2026-02-09 10:50:04,725 1 INFO betopiaerp betopiaerp.addons.base.models.ir_http: Generating routing map for key None 
2026-02-09 10:50:04,734 1 INFO betopiaerp werkzeug: 127.0.0.1 - - [09/Feb/2026 10:50:04] "GET /foo/static/description/icon.png HTTP/1.1" 200 - 5 0.001 0.009
2026-02-09 10:50:04,745 1 INFO betopiaerp betopiaerp.addons.base.models.ir_attachment: filestore gc 3 checked, 3 removed 
2026-02-09 10:50:04,747 1 INFO betopiaerp betopiaerp.addons.bus.tests.test_assetsbundle: Starting BusWebTests.test_bundle_sends_bus ... 
2026-02-09 10:50:04,751 1 INFO betopiaerp betopiaerp.models.unlink: User #1 deleted ir.attachment records with IDs: [704, 703, 702, 701, 700, 699, 698, 697, 690, 689, 688, 687, 686, 685, 15] 
2026-02-09 10:50:04,753 1 INFO betopiaerp betopiaerp.addons.base.models.ir_http: Generating routing map for key None 
2026-02-09 10:50:14,241 1 INFO betopiaerp betopiaerp.addons.base.models.assetsbundle: Generating a new asset bundle attachment /web/assets/79c07a3/web.assets_web.min.js (id:4559) 
2026-02-09 10:50:14,244 1 INFO betopiaerp werkzeug: 127.0.0.1 - - [09/Feb/2026 10:50:14] "GET /web/assets/any/web.assets_web.min.js HTTP/1.1" 200 - 28 0.007 9.485
2026-02-09 10:50:17,090 1 INFO betopiaerp betopiaerp.addons.base.models.assetsbundle: Generating a new asset bundle attachment /web/assets/8d9a021/web.assets_web.min.css (id:4560) 
2026-02-09 10:50:17,094 1 INFO betopiaerp werkzeug: 127.0.0.1 - - [09/Feb/2026 10:50:17] "GET /web/assets/any/web.assets_web.min.css HTTP/1.1" 200 - 8 0.017 2.815
2026-02-09 10:50:26,303 1 INFO betopiaerp betopiaerp.addons.base.models.assetsbundle: Generating a new asset bundle attachment /web/assets/5587ac6/web.assets_backend.min.js (id:4561) 
2026-02-09 10:50:26,306 1 INFO betopiaerp werkzeug: 127.0.0.1 - - [09/Feb/2026 10:50:26] "GET /web/assets/any/web.assets_backend.min.js HTTP/1.1" 200 - 19 0.005 9.189
2026-02-09 10:50:29,120 1 INFO betopiaerp betopiaerp.addons.base.models.assetsbundle: Generating a new asset bundle attachment /web/assets/8d9a021/web.assets_backend.min.css (id:4562) 
2026-02-09 10:50:29,122 1 INFO betopiaerp werkzeug: 127.0.0.1 - - [09/Feb/2026 10:50:29] "GET /web/assets/any/web.assets_backend.min.css HTTP/1.1" 200 - 8 0.013 2.785
2026-02-09 10:50:29,132 1 INFO betopiaerp betopiaerp.addons.base.models.ir_attachment: filestore gc 12 checked, 1 removed 
2026-02-09 10:50:29,134 1 INFO betopiaerp betopiaerp.addons.bus.tests.test_bus_gc: Starting TestBusGC.test_custom_gc_retention_window ... 
2026-02-09 10:50:29,137 1 INFO betopiaerp betopiaerp.models.unlink: User #1 deleted bus.bus records with IDs: [4, 5] 
2026-02-09 10:50:29,164 1 INFO betopiaerp betopiaerp.addons.bus.tests.test_bus_gc: Starting TestBusGC.test_default_gc_retention_window ... 
2026-02-09 10:50:29,167 1 INFO betopiaerp betopiaerp.models.unlink: User #1 deleted bus.bus records with IDs: [4, 5] 
2026-02-09 10:50:29,188 1 INFO betopiaerp betopiaerp.addons.base.models.ir_attachment: filestore gc 0 checked, 0 removed 
2026-02-09 10:50:29,191 1 WARNING betopiaerp betopiaerp.addons.bus.tests.test_close_websocket_after_tour.TestCloseWebsocketAfterTour: websocket-client module is not installed 
2026-02-09 10:50:29,191 1 INFO betopiaerp betopiaerp.tests.suite: skipped setUpClass (betopiaerp.addons.bus.tests.test_close_websocket_after_tour.TestCloseWebsocketAfterTour) : websocket-client module is not installed 
2026-02-09 10:50:29,193 1 INFO betopiaerp betopiaerp.addons.base.models.ir_attachment: filestore gc 0 checked, 0 removed 
2026-02-09 10:50:29,196 1 INFO betopiaerp betopiaerp.addons.bus.tests.test_ir_model: Starting TestGetModelDefinitions.test_access_all_model_fields ... 
2026-02-09 10:50:29,199 1 INFO betopiaerp betopiaerp.addons.bus.tests.test_ir_model: Starting TestGetModelDefinitions.test_access_cr ... 
2026-02-09 10:50:29,202 1 INFO betopiaerp betopiaerp.addons.bus.tests.test_ir_model: Starting TestGetModelDefinitions.test_relational_fields_with_missing_model ... 
2026-02-09 10:50:29,206 1 INFO betopiaerp betopiaerp.addons.base.models.ir_attachment: filestore gc 0 checked, 0 removed 
2026-02-09 10:50:29,208 1 WARNING betopiaerp betopiaerp.addons.bus.tests.test_ir_websocket.TestIrWebsocket: websocket-client module is not installed 
2026-02-09 10:50:29,208 1 INFO betopiaerp betopiaerp.tests.suite: skipped setUpClass (betopiaerp.addons.bus.tests.test_ir_websocket.TestIrWebsocket) : websocket-client module is not installed 
2026-02-09 10:50:29,210 1 INFO betopiaerp betopiaerp.addons.base.models.ir_attachment: filestore gc 0 checked, 0 removed 
2026-02-09 10:50:29,213 1 WARNING betopiaerp betopiaerp.addons.bus.tests.test_websocket_caryall.TestWebsocketCaryall: websocket-client module is not installed 
2026-02-09 10:50:29,213 1 INFO betopiaerp betopiaerp.tests.suite: skipped setUpClass (betopiaerp.addons.bus.tests.test_websocket_caryall.TestWebsocketCaryall) : websocket-client module is not installed 
2026-02-09 10:50:29,215 1 INFO betopiaerp betopiaerp.addons.base.models.ir_attachment: filestore gc 0 checked, 0 removed 
2026-02-09 10:50:29,217 1 WARNING betopiaerp betopiaerp.addons.bus.tests.test_websocket_rate_limiting.TestWebsocketRateLimiting: websocket-client module is not installed 
2026-02-09 10:50:29,218 1 INFO betopiaerp betopiaerp.tests.suite: skipped setUpClass (betopiaerp.addons.bus.tests.test_websocket_rate_limiting.TestWebsocketRateLimiting) : websocket-client module is not installed 
2026-02-09 10:50:29,220 1 INFO betopiaerp betopiaerp.addons.base.models.ir_attachment: filestore gc 0 checked, 0 removed 
2026-02-09 10:50:29,238 1 INFO betopiaerp betopiaerp.addons.web_tour.tests.test_tours: Starting TestTour.test_get_current_tour ... 
2026-02-09 10:50:29,246 1 INFO betopiaerp betopiaerp.addons.web_tour.tests.test_tours: Starting TestTour.test_get_tour_json_by_name ... 
2026-02-09 10:50:29,251 1 INFO betopiaerp betopiaerp.addons.base.models.ir_attachment: filestore gc 0 checked, 0 removed 
2026-02-09 10:50:29,253 1 INFO betopiaerp betopiaerp.addons.web_tour.tests.test_tours: Starting WebTourHttp.test_sanity_automatic ... 
2026-02-09 10:50:29,307 1 WARNING betopiaerp betopiaerp.addons.web_tour.tests.test_tours.WebTourHttp.test_sanity_automatic: websocket-client module is not installed 
2026-02-09 10:50:29,308 1 INFO betopiaerp betopiaerp.addons.web_tour.tests.test_tours: skipped WebTourHttp.test_sanity_automatic : websocket-client module is not installed 
2026-02-09 10:50:29,308 1 INFO betopiaerp betopiaerp.addons.web_tour.tests.test_tours: Starting WebTourHttp.test_sanity_onboarding ... 
2026-02-09 10:50:29,326 1 WARNING betopiaerp betopiaerp.addons.web_tour.tests.test_tours.WebTourHttp.test_sanity_onboarding: websocket-client module is not installed 
2026-02-09 10:50:29,326 1 INFO betopiaerp betopiaerp.addons.web_tour.tests.test_tours: skipped WebTourHttp.test_sanity_onboarding : websocket-client module is not installed 
2026-02-09 10:50:29,329 1 INFO betopiaerp betopiaerp.addons.base.models.ir_attachment: filestore gc 0 checked, 0 removed 
2026-02-09 10:50:29,359 1 INFO betopiaerp betopiaerp.addons.auth_passkey.tests.test_passkey_demo: Starting PasskeyTestTours.test_passkey_backend ... 
2026-02-09 10:50:29,365 1 INFO betopiaerp betopiaerp.addons.auth_passkey.models.auth_passkey_key: Passkey (#34) deleted by __system__ (#1) from n/a 
2026-02-09 10:50:29,366 1 INFO betopiaerp betopiaerp.addons.auth_passkey.models.auth_passkey_key: Passkey (#33) deleted by __system__ (#1) from n/a 
2026-02-09 10:50:29,368 1 INFO betopiaerp betopiaerp.models.unlink: User #1 deleted auth.passkey.key records with IDs: [34, 33] 
2026-02-09 10:50:29,382 1 WARNING betopiaerp betopiaerp.addons.auth_passkey.tests.test_passkey_demo.PasskeyTestTours.test_passkey_backend: websocket-client module is not installed 
2026-02-09 10:50:29,382 1 INFO betopiaerp betopiaerp.addons.auth_passkey.tests.test_passkey_demo: skipped PasskeyTestTours.test_passkey_backend : websocket-client module is not installed 
2026-02-09 10:50:29,383 1 INFO betopiaerp betopiaerp.addons.auth_passkey.tests.test_passkey_demo: Starting PasskeyTestTours.test_passkey_login ... 
2026-02-09 10:50:29,395 1 WARNING betopiaerp betopiaerp.addons.auth_passkey.tests.test_passkey_demo.PasskeyTestTours.test_passkey_login: websocket-client module is not installed 
2026-02-09 10:50:29,395 1 INFO betopiaerp betopiaerp.addons.auth_passkey.tests.test_passkey_demo: skipped PasskeyTestTours.test_passkey_login : websocket-client module is not installed 
2026-02-09 10:50:29,398 1 INFO betopiaerp betopiaerp.addons.base.models.ir_attachment: filestore gc 1 checked, 1 removed 
2026-02-09 10:50:29,422 1 INFO betopiaerp betopiaerp.addons.html_editor.tests.test_controller: Starting TestController.test_01_upload_document ... 
2026-02-09 10:50:29,429 1 INFO betopiaerp betopiaerp.addons.base.models.res_users: Login successful for login:admin from n/a 
2026-02-09 10:50:29,435 1 INFO betopiaerp betopiaerp.addons.base.models.ir_http: Generating routing map for key None 
2026-02-09 10:50:29,451 1 INFO betopiaerp werkzeug: 127.0.0.1 - - [09/Feb/2026 10:50:29] "POST /html_editor/attachment/add_data HTTP/1.1" 200 - 12 0.004 0.013
2026-02-09 10:50:29,456 1 INFO betopiaerp werkzeug: 127.0.0.1 - - [09/Feb/2026 10:50:29] "GET /web/content/4573?unique=7b502c3a1f48c8609ae212cdfb639dee39673f5e&download=true HTTP/1.1" 200 - 3 0.001 0.002
2026-02-09 10:50:29,458 1 INFO betopiaerp betopiaerp.addons.html_editor.tests.test_controller: Starting TestController.test_03_get_image_info ... 
2026-02-09 10:50:29,460 1 INFO betopiaerp betopiaerp.addons.base.models.res_users: Login successful for login:admin from n/a 
2026-02-09 10:50:29,464 1 INFO betopiaerp betopiaerp.addons.base.models.ir_http: Generating routing map for key None 
2026-02-09 10:50:29,480 1 INFO betopiaerp werkzeug: 127.0.0.1 - - [09/Feb/2026 10:50:29] "POST /html_editor/attachment/add_data HTTP/1.1" 200 - 20 0.004 0.012
2026-02-09 10:50:29,484 1 INFO betopiaerp werkzeug: 127.0.0.1 - - [09/Feb/2026 10:50:29] "POST /html_editor/get_image_info HTTP/1.1" 200 - 3 0.000 0.002
2026-02-09 10:50:29,486 1 INFO betopiaerp betopiaerp.addons.html_editor.tests.test_controller: Starting TestController.test_04_admin_attachment ... 
2026-02-09 10:50:29,488 1 INFO betopiaerp betopiaerp.addons.base.models.res_users: Login successful for login:admin_user from n/a 
2026-02-09 10:50:29,492 1 INFO betopiaerp betopiaerp.addons.base.models.ir_http: Generating routing map for key None 
2026-02-09 10:50:29,508 1 INFO betopiaerp werkzeug: 127.0.0.1 - - [09/Feb/2026 10:50:29] "POST /html_editor/attachment/add_data HTTP/1.1" 200 - 20 0.004 0.013
2026-02-09 10:50:29,510 1 INFO betopiaerp betopiaerp.addons.html_editor.tests.test_controller: Starting TestController.test_05_internal_link_preview ... 
2026-02-09 10:50:29,512 1 INFO betopiaerp betopiaerp.addons.base.models.res_users: Login successful for login:admin_user from n/a 
2026-02-09 10:50:29,516 1 INFO betopiaerp betopiaerp.addons.base.models.ir_http: Generating routing map for key None 
2026-02-09 10:50:29,528 1 INFO betopiaerp werkzeug: 127.0.0.1 - - [09/Feb/2026 10:50:29] "POST /html_editor/link_preview_internal HTTP/1.1" 200 - 7 0.002 0.011
2026-02-09 10:50:29,532 1 INFO betopiaerp werkzeug: 127.0.0.1 - - [09/Feb/2026 10:50:29] "POST /html_editor/link_preview_internal HTTP/1.1" 200 - 1 0.000 0.001
2026-02-09 10:50:29,538 1 INFO betopiaerp werkzeug: 127.0.0.1 - - [09/Feb/2026 10:50:29] "POST /html_editor/link_preview_internal HTTP/1.1" 200 - 11 0.001 0.003
2026-02-09 10:50:29,541 1 INFO betopiaerp werkzeug: 127.0.0.1 - - [09/Feb/2026 10:50:29] "POST /html_editor/link_preview_internal HTTP/1.1" 200 - 0 0.000 0.001
2026-02-09 10:50:29,543 1 INFO betopiaerp werkzeug: 127.0.0.1 - - [09/Feb/2026 10:50:29] "POST /html_editor/link_preview_internal HTTP/1.1" 200 - 0 0.000 0.001
2026-02-09 10:50:29,546 1 INFO betopiaerp werkzeug: 127.0.0.1 - - [09/Feb/2026 10:50:29] "POST /html_editor/link_preview_internal HTTP/1.1" 200 - 0 0.000 0.001
2026-02-09 10:50:29,548 1 INFO betopiaerp werkzeug: 127.0.0.1 - - [09/Feb/2026 10:50:29] "POST /html_editor/link_preview_internal HTTP/1.1" 200 - 0 0.000 0.001
2026-02-09 10:50:29,552 1 INFO betopiaerp werkzeug: 127.0.0.1 - - [09/Feb/2026 10:50:29] "POST /html_editor/link_preview_internal HTTP/1.1" 200 - 2 0.000 0.002
2026-02-09 10:50:29,556 1 INFO betopiaerp werkzeug: 127.0.0.1 - - [09/Feb/2026 10:50:29] "POST /html_editor/link_preview_internal HTTP/1.1" 200 - 1 0.000 0.001
2026-02-09 10:50:29,559 1 INFO betopiaerp betopiaerp.addons.base.models.ir_attachment: filestore gc 4 checked, 4 removed 
2026-02-09 10:50:29,560 1 INFO betopiaerp betopiaerp.addons.html_editor.tests.test_diff_utils: Starting TestPatchUtils.test_multiple_revision ... 
2026-02-09 10:50:29,561 1 INFO betopiaerp betopiaerp.addons.html_editor.tests.test_diff_utils: Starting TestPatchUtils.test_new_content_add_line ... 
2026-02-09 10:50:29,561 1 INFO betopiaerp betopiaerp.addons.html_editor.tests.test_diff_utils: Starting TestPatchUtils.test_new_content_is_equal ... 
2026-02-09 10:50:29,562 1 INFO betopiaerp betopiaerp.addons.html_editor.tests.test_diff_utils: Starting TestPatchUtils.test_new_content_is_falsy ... 
2026-02-09 10:50:29,562 1 INFO betopiaerp betopiaerp.addons.html_editor.tests.test_diff_utils: Starting TestPatchUtils.test_new_content_multiple_operation ... 
2026-02-09 10:50:29,562 1 INFO betopiaerp betopiaerp.addons.html_editor.tests.test_diff_utils: Starting TestPatchUtils.test_new_content_remove_line ... 
2026-02-09 10:50:29,563 1 INFO betopiaerp betopiaerp.addons.html_editor.tests.test_diff_utils: Starting TestPatchUtils.test_new_content_replace_line ... 
2026-02-09 10:50:29,563 1 INFO betopiaerp betopiaerp.addons.html_editor.tests.test_diff_utils: Starting TestPatchUtils.test_replace_class_and_content ... 
2026-02-09 10:50:29,563 1 INFO betopiaerp betopiaerp.addons.html_editor.tests.test_diff_utils: Starting TestPatchUtils.test_replace_class_and_deep_content ... 
2026-02-09 10:50:29,564 1 INFO betopiaerp betopiaerp.addons.html_editor.tests.test_diff_utils: Starting TestPatchUtils.test_replace_complex ... 
2026-02-09 10:50:29,564 1 INFO betopiaerp betopiaerp.addons.html_editor.tests.test_diff_utils: Starting TestPatchUtils.test_replace_just_class ... 
2026-02-09 10:50:29,564 1 INFO betopiaerp betopiaerp.addons.html_editor.tests.test_diff_utils: Starting TestPatchUtils.test_replace_nested_divs ... 
2026-02-09 10:50:29,565 1 INFO betopiaerp betopiaerp.addons.html_editor.tests.test_diff_utils: Starting TestPatchUtils.test_replace_tag ... 
2026-02-09 10:50:29,565 1 INFO betopiaerp betopiaerp.addons.html_editor.tests.test_diff_utils: Starting TestPatchUtils.test_replace_tag_multiline ... 
2026-02-09 10:50:29,565 1 INFO betopiaerp betopiaerp.addons.html_editor.tests.test_diff_utils: Starting TestPatchUtils.test_replace_twice_just_class ... 
2026-02-09 10:50:29,566 1 INFO betopiaerp betopiaerp.addons.html_editor.tests.test_diff_utils: Starting TestPatchUtils.test_replace_with_just_class ... 
2026-02-09 10:50:29,566 1 INFO betopiaerp betopiaerp.addons.html_editor.tests.test_diff_utils: Starting TestPatchUtils.test_same_tag_replace_fixer ... 
2026-02-09 10:50:29,566 1 INFO betopiaerp betopiaerp.addons.html_editor.tests.test_diff_utils: Starting TestPatchUtils.test_simple_addition ... 
2026-02-09 10:50:29,566 1 INFO betopiaerp betopiaerp.addons.html_editor.tests.test_diff_utils: Starting TestPatchUtils.test_simple_removal ... 
2026-02-09 10:50:29,569 1 INFO betopiaerp betopiaerp.addons.html_editor.tests.test_modify_image_no_data: Starting TestModifyImageNoData.test_modify_image_no_data ... 
2026-02-09 10:50:29,571 1 INFO betopiaerp betopiaerp.addons.base.models.res_users: Login successful for login:admin from n/a 
2026-02-09 10:50:29,578 1 INFO betopiaerp betopiaerp.addons.base.models.ir_http: Generating routing map for key None 
2026-02-09 10:50:29,596 1 INFO betopiaerp werkzeug: 127.0.0.1 - - [09/Feb/2026 10:50:29] "POST /html_editor/modify_image/4576 HTTP/1.1" 200 - 24 0.005 0.014
2026-02-09 10:50:29,601 1 INFO betopiaerp betopiaerp.addons.base.models.ir_attachment: filestore gc 1 checked, 1 removed 
2026-02-09 10:50:29,601 1 INFO betopiaerp betopiaerp.addons.html_editor.tests.test_tools: Starting TestVideoUtils.test_get_video_source_data ... 
2026-02-09 10:50:29,603 1 INFO betopiaerp betopiaerp.addons.html_editor.tests.test_tools: Starting TestVideoUtils.test_get_video_url_data ... 
2026-02-09 10:50:29,603 1 INFO betopiaerp betopiaerp.addons.html_editor.tests.test_tools: Starting TestVideoUtils.test_player_regexes ... 
2026-02-09 10:50:29,603 1 INFO betopiaerp betopiaerp.addons.html_editor.tests.test_tools: Starting TestVideoUtils.test_valid_video_url ... 
2026-02-09 10:50:29,605 1 INFO betopiaerp betopiaerp.service.server: 409 post-tests in 422.08s, 15013 queries 
2026-02-09 10:50:29,606 1 ERROR betopiaerp betopiaerp.tests.result: 2 failed, 3 error(s) of 1441 tests when loading database 'betopiaerp' 
2026-02-09 10:50:29,606 1 INFO betopiaerp betopiaerp.service.server: Initiating shutdown 
2026-02-09 10:50:29,606 1 INFO betopiaerp betopiaerp.service.server: Hit CTRL-C again or send a second signal to force the shutdown. 
2026-02-09 10:50:30,080 1 INFO betopiaerp betopiaerp.sql_db: ConnectionPool(read/write;used=0/count=0/max=64): Closed 4 connections  
2026-02-09 10:50:30,081 1 INFO betopiaerp betopiaerp.sql_db: ConnectionPool(read-only;used=0/count=0/max=64): Closed 1 connections  
2026-02-09 10:58:00,288 1 WARNING ? betopiaerp.tools.config: missing --http-interface/http_interface, using 0.0.0.0 by default, will change to 127.0.0.1 in 20.0 
2026-02-09 10:58:00,312 1 INFO ? BetopiaERP: BetopiaERP version 19.0 
2026-02-09 10:58:00,312 1 INFO ? BetopiaERP: Using configuration file at /etc/betopiaerp/betopiaerp.conf 
2026-02-09 10:58:00,312 1 INFO ? BetopiaERP: addons paths: _NamespacePath(['/opt/betopiaerp/betopiaerp/addons', '/root/.local/share/BetopiaERP/addons/19.0', '/opt/betopiaerp/addons']) 
2026-02-09 10:58:00,312 1 INFO ? BetopiaERP: database: betopiaerp@db:5432 
2026-02-09 10:58:01,253 1 INFO ? betopiaerp.service.server: HTTP service (werkzeug) running on c9345ae4a05c:8069 
2026-02-09 10:58:01,484 1 INFO betopiaerp betopiaerp.tests.common: Importing test framework 
2026-02-09 10:58:01,525 1 INFO betopiaerp betopiaerp.modules.loading: loading 1 modules... 
2026-02-09 10:58:01,525 1 INFO betopiaerp betopiaerp.modules.loading: Loading module base (1/1) 
2026-02-09 10:58:01,550 1 INFO betopiaerp betopiaerp.registry: module base: creating or updating database tables 
2026-02-09 10:58:01,910 1 INFO betopiaerp betopiaerp.modules.loading: loading base/data/res_bank.xml 
2026-02-09 10:58:01,917 1 INFO betopiaerp betopiaerp.modules.loading: loading base/data/res.lang.csv 
2026-02-09 10:58:01,988 1 INFO betopiaerp betopiaerp.modules.loading: loading base/data/res_lang_data.xml 
2026-02-09 10:58:02,012 1 INFO betopiaerp betopiaerp.modules.loading: loading base/data/res_partner_data.xml 
2026-02-09 10:58:02,025 1 INFO betopiaerp betopiaerp.modules.loading: loading base/data/res_currency_data.xml 
2026-02-09 10:58:02,111 1 INFO betopiaerp betopiaerp.modules.loading: loading base/data/res_company_data.xml 
2026-02-09 10:58:02,119 1 INFO betopiaerp betopiaerp.modules.loading: loading base/data/res_users_data.xml 
2026-02-09 10:58:02,125 1 INFO betopiaerp betopiaerp.modules.loading: loading base/data/report_paperformat_data.xml 
2026-02-09 10:58:02,132 1 INFO betopiaerp betopiaerp.modules.loading: loading base/data/res_country_data.xml 
2026-02-09 10:58:02,209 1 INFO betopiaerp betopiaerp.modules.loading: loading base/data/ir_demo_data.xml 
2026-02-09 10:58:02,228 1 INFO betopiaerp betopiaerp.modules.loading: loading base/security/base_groups.xml 
2026-02-09 10:58:02,293 1 INFO betopiaerp betopiaerp.modules.loading: loading base/security/base_security.xml 
2026-02-09 10:58:02,310 1 INFO betopiaerp betopiaerp.modules.loading: loading base/wizard/wizard_ir_model_menu_create_views.xml 
2026-02-09 10:58:02,323 1 INFO betopiaerp betopiaerp.modules.loading: loading base/views/base_menus.xml 
2026-02-09 10:58:02,365 1 INFO betopiaerp betopiaerp.modules.loading: loading base/views/decimal_precision_views.xml 
2026-02-09 10:58:02,386 1 INFO betopiaerp betopiaerp.modules.loading: loading base/views/res_config_views.xml 
2026-02-09 10:58:02,394 1 INFO betopiaerp betopiaerp.modules.loading: loading base/data/res.country.state.csv 
2026-02-09 10:58:02,634 1 INFO betopiaerp betopiaerp.modules.loading: loading base/views/ir_actions_views.xml 
2026-02-09 10:58:02,764 1 INFO betopiaerp betopiaerp.modules.loading: loading base/views/ir_asset_views.xml 
2026-02-09 10:58:02,788 1 INFO betopiaerp betopiaerp.modules.loading: loading base/views/ir_config_parameter_views.xml 
2026-02-09 10:58:02,811 1 INFO betopiaerp betopiaerp.modules.loading: loading base/views/ir_cron_views.xml 
2026-02-09 10:58:02,877 1 INFO betopiaerp betopiaerp.modules.loading: loading base/views/ir_cron_trigger_views.xml 
2026-02-09 10:58:02,908 1 INFO betopiaerp betopiaerp.modules.loading: loading base/views/ir_filters_views.xml 
2026-02-09 10:58:02,952 1 INFO betopiaerp betopiaerp.modules.loading: loading base/views/ir_mail_server_views.xml 
2026-02-09 10:58:02,993 1 INFO betopiaerp betopiaerp.modules.loading: loading base/views/ir_model_views.xml 
2026-02-09 10:58:03,170 1 INFO betopiaerp betopiaerp.modules.loading: loading base/views/ir_attachment_views.xml 
2026-02-09 10:58:03,205 1 INFO betopiaerp betopiaerp.modules.loading: loading base/views/ir_rule_views.xml 
2026-02-09 10:58:03,267 1 INFO betopiaerp betopiaerp.modules.loading: loading base/views/ir_sequence_views.xml 
2026-02-09 10:58:03,329 1 INFO betopiaerp betopiaerp.modules.loading: loading base/views/ir_ui_menu_views.xml 
2026-02-09 10:58:03,356 1 INFO betopiaerp betopiaerp.modules.loading: loading base/views/ir_ui_view_views.xml 
2026-02-09 10:58:03,399 1 INFO betopiaerp betopiaerp.modules.loading: loading base/views/ir_default_views.xml 
2026-02-09 10:58:03,423 1 INFO betopiaerp betopiaerp.modules.loading: loading base/data/ir_config_parameter_data.xml 
2026-02-09 10:58:03,442 1 INFO betopiaerp betopiaerp.modules.loading: loading base/data/ir_cron_data.xml 
2026-02-09 10:58:03,456 1 INFO betopiaerp betopiaerp.modules.loading: loading base/report/ir_model_report.xml 
2026-02-09 10:58:03,475 1 INFO betopiaerp betopiaerp.modules.loading: loading base/report/ir_model_templates.xml 
2026-02-09 10:58:03,519 1 INFO betopiaerp betopiaerp.modules.loading: loading base/views/ir_logging_views.xml 
2026-02-09 10:58:03,562 1 INFO betopiaerp betopiaerp.modules.loading: loading base/views/ir_qweb_widget_templates.xml 
2026-02-09 10:58:03,581 1 INFO betopiaerp betopiaerp.modules.loading: loading base/views/ir_module_views.xml 
2026-02-09 10:58:03,639 1 INFO betopiaerp betopiaerp.modules.loading: loading base/data/ir_module_category_data.xml 
2026-02-09 10:58:03,678 1 INFO betopiaerp betopiaerp.modules.loading: loading base/data/ir_module_module.xml 
2026-02-09 10:58:03,706 1 INFO betopiaerp betopiaerp.modules.loading: loading base/report/ir_module_reports.xml 
2026-02-09 10:58:03,717 1 INFO betopiaerp betopiaerp.modules.loading: loading base/report/ir_module_report_templates.xml 
2026-02-09 10:58:03,727 1 INFO betopiaerp betopiaerp.modules.loading: loading base/wizard/base_module_update_views.xml 
2026-02-09 10:58:03,771 1 INFO betopiaerp betopiaerp.modules.loading: loading base/wizard/base_language_install_views.xml 
2026-02-09 10:58:03,807 1 INFO betopiaerp betopiaerp.modules.loading: loading base/wizard/base_import_language_views.xml 
2026-02-09 10:58:03,849 1 INFO betopiaerp betopiaerp.modules.loading: loading base/wizard/base_module_upgrade_views.xml 
2026-02-09 10:58:03,902 1 INFO betopiaerp betopiaerp.modules.loading: loading base/wizard/base_module_uninstall_views.xml 
2026-02-09 10:58:03,925 1 INFO betopiaerp betopiaerp.modules.loading: loading base/wizard/base_export_language_views.xml 
2026-02-09 10:58:03,968 1 INFO betopiaerp betopiaerp.modules.loading: loading base/wizard/base_partner_merge_views.xml 
2026-02-09 10:58:04,007 1 INFO betopiaerp betopiaerp.modules.loading: loading base/data/ir_demo_failure_data.xml 
2026-02-09 10:58:04,057 1 INFO betopiaerp betopiaerp.modules.loading: loading base/views/ir_profile_views.xml 
2026-02-09 10:58:04,093 1 INFO betopiaerp betopiaerp.modules.loading: loading base/views/res_company_views.xml 
2026-02-09 10:58:04,122 1 INFO betopiaerp betopiaerp.modules.loading: loading base/views/res_lang_views.xml 
2026-02-09 10:58:04,160 1 INFO betopiaerp betopiaerp.modules.loading: loading base/views/res_partner_views.xml 
2026-02-09 10:58:04,246 1 INFO betopiaerp betopiaerp.modules.loading: loading base/views/res_bank_views.xml 
2026-02-09 10:58:04,301 1 INFO betopiaerp betopiaerp.modules.loading: loading base/views/res_country_views.xml 
2026-02-09 10:58:04,349 1 INFO betopiaerp betopiaerp.modules.loading: loading base/views/res_currency_views.xml 
2026-02-09 10:58:04,391 1 INFO betopiaerp betopiaerp.modules.loading: loading base/views/res_groups_views.xml 
2026-02-09 10:58:04,431 1 INFO betopiaerp betopiaerp.modules.loading: loading base/views/res_users_views.xml 
2026-02-09 10:58:04,528 1 INFO betopiaerp betopiaerp.modules.loading: loading base/views/res_users_apikeys_views.xml 
2026-02-09 10:58:04,552 1 INFO betopiaerp betopiaerp.modules.loading: loading base/views/res_device_views.xml 
2026-02-09 10:58:04,606 1 INFO betopiaerp betopiaerp.modules.loading: loading base/views/res_users_identitycheck_views.xml 
2026-02-09 10:58:04,626 1 INFO betopiaerp betopiaerp.modules.loading: loading base/views/res_config_settings_views.xml 
2026-02-09 10:58:04,637 1 INFO betopiaerp betopiaerp.modules.loading: loading base/views/report_paperformat_views.xml 
2026-02-09 10:58:04,673 1 INFO betopiaerp betopiaerp.modules.loading: loading base/security/ir.model.access.csv 
2026-02-09 10:58:06,643 1 INFO betopiaerp betopiaerp.addons.base.tests.test_acl: Starting TestACL.test_field_crud_restriction ... 
2026-02-09 10:58:06,682 1 INFO betopiaerp betopiaerp.addons.base.tests.test_acl: Starting TestACL.test_field_visibility_restriction ... 
2026-02-09 10:58:06,707 1 INFO betopiaerp betopiaerp.addons.base.tests.test_acl: Starting TestACL.test_fields_browse_restriction ... 
2026-02-09 10:58:06,719 1 INFO betopiaerp betopiaerp.addons.base.tests.test_acl: Starting TestACL.test_get_views_fields ... 
2026-02-09 10:58:06,746 1 INFO betopiaerp betopiaerp.addons.base.tests.test_acl: Starting TestACL.test_m2o_field_create_edit ... 
2026-02-09 10:58:06,767 1 INFO betopiaerp betopiaerp.addons.base.tests.test_acl: Starting TestACL.test_view_create_edit_button ... 
2026-02-09 10:58:06,799 1 INFO betopiaerp betopiaerp.addons.base.models.ir_attachment: filestore gc 7 checked, 1 removed 
2026-02-09 10:58:06,828 1 INFO betopiaerp betopiaerp.addons.base.tests.test_acl: Starting TestIrRule.test_ir_rule ... 
2026-02-09 10:58:06,870 1 INFO betopiaerp betopiaerp.models.unlink: User #1 deleted ir.model.data records with IDs: [7589, 3949, 3938, 3935, 3937, 3936, 3931, 3946, 3930, 3947] 
2026-02-09 10:58:06,870 1 INFO betopiaerp betopiaerp.models.unlink: User #1 deleted ir.rule records with IDs: [1, 17, 18, 7, 2, 8, 6, 9, 20, 35] 
2026-02-09 10:58:06,890 1 INFO betopiaerp betopiaerp.addons.base.models.ir_attachment: filestore gc 1 checked, 1 removed 
2026-02-09 10:58:06,949 1 INFO betopiaerp betopiaerp.addons.base.tests.test_api: Starting TestAPI.test_00_query ... 
2026-02-09 10:58:06,964 1 INFO betopiaerp betopiaerp.addons.base.tests.test_api: Starting TestAPI.test_01_query_offset ... 
2026-02-09 10:58:06,966 1 INFO betopiaerp betopiaerp.addons.base.tests.test_api: Starting TestAPI.test_02_query_limit ... 
2026-02-09 10:58:06,968 1 INFO betopiaerp betopiaerp.addons.base.tests.test_api: Starting TestAPI.test_03_query_offset_limit ... 
2026-02-09 10:58:06,969 1 INFO betopiaerp betopiaerp.addons.base.tests.test_api: Starting TestAPI.test_04_query_count ... 
2026-02-09 10:58:06,970 1 INFO betopiaerp betopiaerp.addons.base.tests.test_api: Starting TestAPI.test_05_immutable ... 
2026-02-09 10:58:06,977 1 INFO betopiaerp betopiaerp.addons.base.tests.test_api: Starting TestAPI.test_06_fields ... 
2026-02-09 10:58:06,984 1 INFO betopiaerp betopiaerp.addons.base.tests.test_api: Starting TestAPI.test_07_null ... 
2026-02-09 10:58:06,986 1 INFO betopiaerp betopiaerp.addons.base.tests.test_api: Starting TestAPI.test_40_new_new ... 
2026-02-09 10:58:06,992 1 INFO betopiaerp betopiaerp.addons.base.tests.test_api: Starting TestAPI.test_45_new_new ... 
2026-02-09 10:58:07,001 1 INFO betopiaerp betopiaerp.addons.base.tests.test_api: Starting TestAPI.test_50_environment ... 
2026-02-09 10:58:07,045 1 INFO betopiaerp betopiaerp.addons.base.tests.test_api: Starting TestAPI.test_60_cache ... 
2026-02-09 10:58:07,089 1 INFO betopiaerp betopiaerp.addons.base.tests.test_api: Starting TestAPI.test_60_prefetch ... 
2026-02-09 10:58:07,092 1 INFO betopiaerp betopiaerp.addons.base.tests.test_api: Starting TestAPI.test_60_prefetch_model ... 
2026-02-09 10:58:07,099 1 INFO betopiaerp betopiaerp.addons.base.tests.test_api: Starting TestAPI.test_60_prefetch_read ... 
2026-02-09 10:58:07,105 1 INFO betopiaerp betopiaerp.addons.base.tests.test_api: Starting TestAPI.test_60_reversed ... 
2026-02-09 10:58:07,107 1 INFO betopiaerp betopiaerp.addons.base.tests.test_api: Starting TestAPI.test_70_one ... 
2026-02-09 10:58:07,109 1 INFO betopiaerp betopiaerp.addons.base.tests.test_api: Starting TestAPI.test_80_contains ... 
2026-02-09 10:58:07,110 1 INFO betopiaerp betopiaerp.addons.base.tests.test_api: Starting TestAPI.test_80_filter ... 
2026-02-09 10:58:07,112 1 INFO betopiaerp betopiaerp.addons.base.tests.test_api: Starting TestAPI.test_80_lazy_contains ... 
2026-02-09 10:58:07,112 1 INFO betopiaerp betopiaerp.addons.base.tests.test_api: Starting TestAPI.test_80_lazy_set_operations ... 
2026-02-09 10:58:07,116 1 INFO betopiaerp betopiaerp.addons.base.tests.test_api: Starting TestAPI.test_80_map ... 
2026-02-09 10:58:07,117 1 INFO betopiaerp betopiaerp.addons.base.tests.test_api: Starting TestAPI.test_80_set_operations ... 
2026-02-09 10:58:07,120 1 INFO betopiaerp betopiaerp.addons.base.tests.test_api: Starting TestAPI.test_80_sorted ... 
2026-02-09 10:58:07,121 1 INFO betopiaerp betopiaerp.addons.base.tests.test_api: Starting TestAPI.test_group_on ... 
2026-02-09 10:58:07,148 1 INFO betopiaerp betopiaerp.addons.base.models.ir_attachment: filestore gc 2 checked, 2 removed 
2026-02-09 10:58:07,149 1 INFO betopiaerp betopiaerp.addons.base.tests.test_avatar_mixin: Starting TestAvatarMixin.test_content_of_generated_partner_avatar ... 
2026-02-09 10:58:07,186 1 INFO betopiaerp betopiaerp.addons.base.tests.test_avatar_mixin: Starting TestAvatarMixin.test_external_partner_has_default_placeholder_image_as_avatar ... 
2026-02-09 10:58:07,214 1 INFO betopiaerp betopiaerp.addons.base.tests.test_avatar_mixin: Starting TestAvatarMixin.test_partner_and_user_have_the_same_avatar ... 
2026-02-09 10:58:07,240 1 INFO betopiaerp betopiaerp.addons.base.tests.test_avatar_mixin: Starting TestAvatarMixin.test_partner_has_avatar_even_if_it_has_no_image ... 
2026-02-09 10:58:07,266 1 INFO betopiaerp betopiaerp.addons.base.tests.test_avatar_mixin: Starting TestAvatarMixin.test_partner_without_name_has_default_placeholder_image_as_avatar ... 
2026-02-09 10:58:07,317 1 INFO betopiaerp betopiaerp.addons.base.models.ir_attachment: filestore gc 1 checked, 1 removed 
2026-02-09 10:58:07,319 1 INFO betopiaerp betopiaerp.addons.base.tests.test_barcode: Starting TestBarcode.test_barcode_check_digit ... 
2026-02-09 10:58:07,321 1 INFO betopiaerp betopiaerp.addons.base.tests.test_barcode: Starting TestBarcode.test_barcode_encoding ... 
2026-02-09 10:58:07,345 1 INFO betopiaerp betopiaerp.addons.base.models.ir_attachment: filestore gc 0 checked, 0 removed 
2026-02-09 10:58:07,346 1 INFO betopiaerp betopiaerp.addons.base.tests.test_base: Starting TestSafeEval.test_01_safe_eval ... 
2026-02-09 10:58:07,347 1 INFO betopiaerp betopiaerp.addons.base.tests.test_base: Starting TestSafeEval.test_02_literal_eval ... 
2026-02-09 10:58:07,347 1 INFO betopiaerp betopiaerp.addons.base.tests.test_base: Starting TestSafeEval.test_03_literal_eval_arithmetic ... 
2026-02-09 10:58:07,347 1 INFO betopiaerp betopiaerp.addons.base.tests.test_base: Starting TestSafeEval.test_04_literal_eval_forbidden ... 
2026-02-09 10:58:07,348 1 INFO betopiaerp betopiaerp.addons.base.tests.test_base: Starting TestSafeEval.test_05_safe_eval_forbiddon ... 
2026-02-09 10:58:07,348 1 INFO betopiaerp betopiaerp.addons.base.tests.test_base: Starting TestSafeEval.test_const ... 
2026-02-09 10:58:07,349 1 INFO betopiaerp betopiaerp.addons.base.tests.test_base: Starting TestSafeEval.test_expr ... 
2026-02-09 10:58:07,349 1 INFO betopiaerp betopiaerp.addons.base.tests.test_base: Starting TestSafeEval.test_expr_eval_opcodes ... 
2026-02-09 10:58:07,350 1 INFO betopiaerp betopiaerp.addons.base.tests.test_base: Starting TestSafeEval.test_runs_top_level_scope ... 
2026-02-09 10:58:07,350 1 INFO betopiaerp betopiaerp.addons.base.tests.test_base: Starting TestSafeEval.test_safe_eval_ctx_mutation ... 
2026-02-09 10:58:07,351 1 INFO betopiaerp betopiaerp.addons.base.tests.test_base: Starting TestSafeEval.test_safe_eval_ctx_no_builtins ... 
2026-02-09 10:58:07,351 1 INFO betopiaerp betopiaerp.addons.base.tests.test_base: Starting TestSafeEval.test_safe_eval_exec_opcodes ... 
2026-02-09 10:58:07,352 1 INFO betopiaerp betopiaerp.addons.base.tests.test_base: Starting TestSafeEval.test_safe_eval_opcodes ... 
2026-02-09 10:58:07,352 1 INFO betopiaerp betopiaerp.addons.base.tests.test_base: Starting TestSafeEval.test_safe_eval_strips ... 
2026-02-09 10:58:07,353 1 INFO betopiaerp betopiaerp.addons.base.tests.test_base: Starting TestParentStore.test_duplicate_children_01 ... 
2026-02-09 10:58:07,371 1 INFO betopiaerp betopiaerp.addons.base.tests.test_base: Starting TestParentStore.test_duplicate_children_02 ... 
2026-02-09 10:58:07,384 1 INFO betopiaerp betopiaerp.addons.base.tests.test_base: Starting TestParentStore.test_duplicate_children_03 ... 
2026-02-09 10:58:07,397 1 INFO betopiaerp betopiaerp.addons.base.tests.test_base: Starting TestParentStore.test_duplicate_parent ... 
2026-02-09 10:58:07,408 1 INFO betopiaerp betopiaerp.addons.base.tests.test_base: Starting TestParentStore.test_missing_child ... 
2026-02-09 10:58:07,474 1 INFO betopiaerp betopiaerp.addons.base.tests.test_base: Starting TestParentStore.test_missing_parent ... 
2026-02-09 10:58:07,500 1 INFO betopiaerp betopiaerp.addons.base.models.ir_attachment: filestore gc 0 checked, 0 removed 
2026-02-09 10:58:07,501 1 INFO betopiaerp betopiaerp.addons.base.tests.test_base: Starting TestGroups.test_apply_groups ... 
2026-02-09 10:58:07,516 1 INFO betopiaerp betopiaerp.addons.base.tests.test_base: Starting TestGroups.test_remove_groups ... 
2026-02-09 10:58:07,588 1 INFO betopiaerp betopiaerp.addons.base.tests.test_base: Starting TestGroups.test_res_group_copy ... 
2026-02-09 10:58:07,597 1 INFO betopiaerp betopiaerp.addons.base.tests.test_base: Starting TestGroups.test_res_group_has_cycle ... 
2026-02-09 10:58:07,611 1 INFO betopiaerp betopiaerp.addons.base.tests.test_base: Starting TestGroups.test_res_groups_fullname_search ... 
2026-02-09 10:58:07,637 1 INFO betopiaerp betopiaerp.addons.base.models.ir_attachment: filestore gc 2 checked, 2 removed 
2026-02-09 10:58:07,638 1 INFO betopiaerp betopiaerp.addons.base.tests.test_basecase: Starting TestSingleTransactionCase.test_00 ... 
2026-02-09 10:58:07,645 1 INFO betopiaerp betopiaerp.addons.base.tests.test_basecase: Starting TestSingleTransactionCase.test_01 ... 
2026-02-09 10:58:07,647 1 INFO betopiaerp betopiaerp.addons.base.tests.test_basecase: Starting TestSingleTransactionCase.test_20a ... 
2026-02-09 10:58:07,649 1 INFO betopiaerp betopiaerp.addons.base.tests.test_basecase: Starting TestSingleTransactionCase.test_20b ... 
2026-02-09 10:58:07,666 1 INFO betopiaerp betopiaerp.addons.base.tests.test_basecase: Starting TestTransactionCase.test_00 ... 
2026-02-09 10:58:07,674 1 INFO betopiaerp betopiaerp.addons.base.tests.test_basecase: Starting TestTransactionCase.test_01 ... 
2026-02-09 10:58:07,675 1 INFO betopiaerp betopiaerp.addons.base.tests.test_basecase: Starting TestTransactionCase.test_20a ... 
2026-02-09 10:58:07,682 1 INFO betopiaerp betopiaerp.addons.base.models.ir_attachment: filestore gc 0 checked, 0 removed 
2026-02-09 10:58:07,711 1 INFO betopiaerp betopiaerp.addons.base.tests.test_cache: Starting TestRecordCache.test_cache ... 
2026-02-09 10:58:07,718 1 INFO betopiaerp betopiaerp.addons.base.tests.test_cache: Starting TestRecordCache.test_memory ... 
2026-02-09 10:58:08,377 1 INFO betopiaerp betopiaerp.addons.base.models.ir_attachment: filestore gc 1 checked, 1 removed 
2026-02-09 10:58:08,379 1 INFO betopiaerp betopiaerp.addons.base.tests.test_cli: Starting TestCommand.test_docstring ... 
2026-02-09 10:58:09,170 1 INFO betopiaerp betopiaerp.addons.base.tests.test_cli: Starting TestCommand.test_help ... 
2026-02-09 10:58:13,673 1 INFO betopiaerp betopiaerp.addons.base.tests.test_cli: Starting TestCommand.test_help_subcommand ... 
2026-02-09 10:58:23,490 1 INFO betopiaerp betopiaerp.addons.base.tests.test_cli: Starting TestCommand.test_shell ... 
2026-02-09 10:58:24,960 1 INFO betopiaerp betopiaerp.addons.base.tests.test_cli: Starting TestCommand.test_unknown_command ... 
2026-02-09 10:58:26,591 1 INFO betopiaerp betopiaerp.addons.base.tests.test_cli: Starting TestCommand.test_upgrade_code_example ... 
2026-02-09 10:59:42,675 1 INFO betopiaerp betopiaerp.addons.base.tests.test_cli: Starting TestCommand.test_upgrade_code_help ... 
2026-02-09 10:59:43,157 1 INFO betopiaerp betopiaerp.addons.base.tests.test_cli: Starting TestCommand.test_upgrade_code_standalone ... 
2026-02-09 10:59:43,235 1 INFO betopiaerp betopiaerp.addons.base.tests.test_cloc: Starting TestClocCustomization.test_cloc_exclude_xml_id ... 
2026-02-09 10:59:43,281 1 INFO betopiaerp betopiaerp.addons.base.tests.test_cloc: Starting TestClocCustomization.test_field_no_xml_id ... 
2026-02-09 10:59:43,306 1 INFO betopiaerp betopiaerp.addons.base.tests.test_cloc: Starting TestClocCustomization.test_ignore_auto_generated_computed_field ... 
2026-02-09 10:59:43,411 1 INFO betopiaerp betopiaerp.addons.base.tests.test_cloc: Starting TestClocCustomization.test_several_xml_id ... 
2026-02-09 10:59:43,437 1 INFO betopiaerp betopiaerp.addons.base.models.ir_attachment: filestore gc 0 checked, 0 removed 
2026-02-09 10:59:43,438 1 INFO betopiaerp betopiaerp.addons.base.tests.test_cloc: Starting TestClocParser.test_parser ... 
2026-02-09 10:59:43,440 1 INFO betopiaerp betopiaerp.addons.base.models.ir_attachment: filestore gc 0 checked, 0 removed 
2026-02-09 10:59:43,441 1 INFO betopiaerp betopiaerp.addons.base.tests.test_config_parameter: Starting TestIrConfigParameter.test_default_parameters ... 
2026-02-09 10:59:43,452 1 INFO betopiaerp betopiaerp.addons.base.models.ir_attachment: filestore gc 0 checked, 0 removed 
2026-02-09 10:59:43,453 1 INFO betopiaerp betopiaerp.addons.base.tests.test_configmanager: Starting TestConfigManager.test_00_setUp ... 
2026-02-09 10:59:43,461 1 INFO betopiaerp betopiaerp.addons.base.tests.test_configmanager: Starting TestConfigManager.test_01_default_config ... 
2026-02-09 10:59:43,470 1 INFO betopiaerp betopiaerp.addons.base.tests.test_configmanager: Starting TestConfigManager.test_02_config_file ... 
2026-02-09 10:59:43,495 1 INFO betopiaerp betopiaerp.addons.base.tests.test_configmanager: Starting TestConfigManager.test_03_save_default_options ... 
2026-02-09 10:59:43,511 1 INFO betopiaerp betopiaerp.addons.base.tests.test_configmanager: Starting TestConfigManager.test_04_BetopiaERP16_config_file ... 
2026-02-09 10:59:43,534 1 INFO betopiaerp betopiaerp.addons.base.tests.test_configmanager: Starting TestConfigManager.test_05_repeat_parse_config ... 
2026-02-09 10:59:43,567 1 INFO betopiaerp betopiaerp.addons.base.tests.test_configmanager: Starting TestConfigManager.test_06_cli ... 
2026-02-09 10:59:43,579 1 INFO betopiaerp betopiaerp.addons.base.tests.test_configmanager: Starting TestConfigManager.test_06_syslog_logfile_exclusive_cli ... 
2026-02-09 10:59:43,608 1 INFO betopiaerp betopiaerp.addons.base.tests.test_configmanager: Starting TestConfigManager.test_07_environ ... 
2026-02-09 10:59:43,625 1 INFO betopiaerp betopiaerp.tools.config: adding missing 'web' to --load/server_wide_modules 
2026-02-09 10:59:43,633 1 INFO betopiaerp betopiaerp.addons.base.tests.test_configmanager: ====================================================================== 
2026-02-09 10:59:43,633 1 ERROR betopiaerp betopiaerp.addons.base.tests.test_configmanager: FAIL: TestConfigManager.test_07_environ
Traceback (most recent call last):
  File "/opt/betopiaerp/betopiaerp/addons/base/tests/test_configmanager.py", line 42, in assertConfigEqual
    self.assertEqual(dict(self.config.options), truth)
  File "/usr/local/lib/python3.12/unittest/case.py", line 885, in assertEqual
    assertion_func(first, second, msg=msg)
  File "/usr/local/lib/python3.12/unittest/case.py", line 1184, in assertDictEqual
    self.fail(self._formatMessage(msg, standardMsg))
AssertionError: {'adm[94 chars]se, 'import_file_maxbytes': 10485760, 'import_[2311 chars] 100} != {'adm[94 chars]se, 'proxy_access_token': '', 'publisher_warra[2310 chars] 100}
  {'addons_path': [],
   'admin_passwd': 'admin',
   'bin_path': '',
   'config': '/opt/betopiaerp/betopiaerp/addons/base/tests/config/empty.conf',
   'csv_internal_sep': ',',
   'data_dir': '/tmp/data-dir',
   'db_app_name': 'envapp',
   'db_host': 'db.localhost',
   'db_maxconn': 42,
   'db_maxconn_gevent': 100,
   'db_name': ['horizon'],
   'db_password': 'Tigrou0073',
   'db_port': 4269,
   'db_replica_host': 'db2.localhost',
   'db_replica_port': 2038,
   'db_sslmode': 'verify-full',
   'db_template': 'backup1706',
   'db_user': 'kiwi',
   'dbfilter': '.*',
   'default_productivity_apps': False,
   'dev_mode': ['xml', 'reload'],
   'email_from': 'admin@example.com',
   'from_filter': '.*',
   'geoip_city_db': '/tmp/city.db',
   'geoip_country_db': '/tmp/country.db',
   'gevent_port': 8012,
   'http_enable': False,
   'http_interface': '10.0.0.254',
   'http_port': 6942,
   'import_file_maxbytes': 10485760,
   'import_file_timeout': 3,
   'import_partial': '',
   'import_url_regex': '^(?:http|https)://',
   'init': {},
   'limit_memory_hard': 1048578,
   'limit_memory_hard_gevent': 1048579,
   'limit_memory_soft': 1048576,
   'limit_memory_soft_gevent': 1048577,
   'limit_request': 100,
   'limit_time_cpu': 60,
   'limit_time_real': 61,
   'limit_time_real_cron': 62,
   'limit_time_worker_cron': 0,
   'list_db': False,
   'load_language': None,
   'log_db': 'logdb',
   'log_db_level': 'debug',
   'log_handler': [':WARNING', 'betopiaerp.tools.config:DEBUG'],
   'log_level': 'debug',
   'logfile': '/tmp/betopiaerp.log',
   'max_cron_threads': 4,
   'osv_memory_count_limit': 71,
   'overwrite_existing_translations': False,
   'pg_path': '/tmp/pg_path',
   'pidfile': '/tmp/pidfile',
   'pre_upgrade_scripts': [],
   'proxy_access_token': '',
   'proxy_mode': True,
   'publisher_warranty_url': 'http://services.betopiaerp.com/publisher-warranty/',
   'reinit': [],
   'reportgz': False,
   'save': False,
   'screencasts': '/tmp/screencasts',
   'screenshots': '/tmp/screenshots',
   'server_wide_modules': ['web', 'base', 'mail'],
   'skip_auto_install': False,
   'smtp_password': 'Tigrou0072',
   'smtp_port': 1299,
   'smtp_server': 'smtp.localhost',
   'smtp_ssl': True,
   'smtp_ssl_certificate_filename': '/tmp/tlscert',
   'smtp_ssl_private_key_filename': '/tmp/tlskey',
   'smtp_user': 'spongebob',
   'stop_after_init': False,
   'syslog': False,
   'test_enable': False,
   'test_file': '',
   'test_tags': None,
   'transient_age_limit': 4.0,
   'unaccent': True,
   'update': {},
   'upgrade_path': [],
   'websocket_keep_alive_timeout': 3600,
   'websocket_rate_limit_burst': 10,
   'websocket_rate_limit_delay': 0.2,
-  'with_demo': False,
?               ^^^^

+  'with_demo': True,
?               ^^^

   'workers': 92,
   'x_sendfile': True}

The above exception was the direct cause of the following exception:

Traceback (most recent call last):
  File "/opt/betopiaerp/betopiaerp/addons/base/tests/test_configmanager.py", line 607, in test_07_environ
    self.assertConfigEqual({
  File "/opt/betopiaerp/betopiaerp/addons/base/tests/test_configmanager.py", line 50, in assertConfigEqual
    raise exc2 from exc1
  File "/opt/betopiaerp/betopiaerp/addons/base/tests/test_configmanager.py", line 46, in assertConfigEqual
    self.assertEqual(self.config.options[k], truth[k], f"{k!r} doesn't match")
AssertionError: False != True : 'with_demo' doesn't match
{'source#0': , 'runtime': , 'command line': , 'environment variable': , 'configuration file': , 'hardcoded default': False}
 
2026-02-09 10:59:43,634 1 INFO betopiaerp betopiaerp.addons.base.tests.test_configmanager: Starting TestConfigManager.test_10_init_update_incompatible_with_multidb ... 
2026-02-09 10:59:43,687 1 INFO betopiaerp betopiaerp.addons.base.tests.test_configmanager: Starting TestConfigManager.test_11_auto_stop_after_init_after_test ... 
2026-02-09 10:59:43,735 1 INFO betopiaerp betopiaerp.addons.base.tests.test_configmanager: Starting TestConfigManager.test_13_empty_db_replica_host ... 
2026-02-09 10:59:43,796 1 INFO betopiaerp betopiaerp.addons.base.models.ir_attachment: filestore gc 0 checked, 0 removed 
2026-02-09 10:59:43,797 1 INFO betopiaerp betopiaerp.addons.base.tests.test_date_utils: Starting TestDateUtils.test_fiscal_year ... 
2026-02-09 10:59:43,798 1 INFO betopiaerp betopiaerp.addons.base.tests.test_date_utils: Starting TestDateUtils.test_localized_timezone ... 
2026-02-09 10:59:43,862 1 INFO betopiaerp betopiaerp.addons.base.tests.test_date_utils: Starting TestDateUtils.test_offset_utils ... 
2026-02-09 10:59:43,864 1 INFO betopiaerp betopiaerp.addons.base.tests.test_date_utils: Starting TestDateUtils.test_parse_date ... 
2026-02-09 10:59:43,865 1 INFO betopiaerp betopiaerp.addons.base.tests.test_date_utils: Starting TestDateUtils.test_parse_date_relative_tz ... 
2026-02-09 10:59:43,874 1 INFO betopiaerp betopiaerp.addons.base.tests.test_date_utils: Starting TestDateUtils.test_parse_date_relative_utc ... 
2026-02-09 10:59:43,891 1 INFO betopiaerp betopiaerp.addons.base.tests.test_date_utils: Starting TestDateUtils.test_parse_iso_date ... 
2026-02-09 10:59:43,893 1 INFO betopiaerp betopiaerp.addons.base.models.ir_attachment: filestore gc 0 checked, 0 removed 
2026-02-09 10:59:43,894 1 INFO betopiaerp betopiaerp.addons.base.tests.test_date_utils: Starting TestDateRangeFunction.test_date_range_with_date ... 
2026-02-09 10:59:43,894 1 INFO betopiaerp betopiaerp.addons.base.tests.test_date_utils: Starting TestDateRangeFunction.test_date_range_with_hour ... 
2026-02-09 10:59:43,895 1 INFO betopiaerp betopiaerp.addons.base.tests.test_date_utils: Starting TestDateRangeFunction.test_date_range_with_inconsistent_datetimes ... 
2026-02-09 10:59:43,896 1 INFO betopiaerp betopiaerp.addons.base.tests.test_date_utils: Starting TestDateRangeFunction.test_date_range_with_mismatching_zones ... 
2026-02-09 10:59:43,896 1 INFO betopiaerp betopiaerp.addons.base.tests.test_date_utils: Starting TestDateRangeFunction.test_date_range_with_naive_datetimes ... 
2026-02-09 10:59:43,896 1 INFO betopiaerp betopiaerp.addons.base.tests.test_date_utils: Starting TestDateRangeFunction.test_date_range_with_timezone_aware_datetimes_other_than_utc ... 
2026-02-09 10:59:43,897 1 INFO betopiaerp betopiaerp.addons.base.tests.test_date_utils: Starting TestDateRangeFunction.test_step_is_positive ... 
2026-02-09 10:59:43,898 1 INFO betopiaerp betopiaerp.addons.base.tests.test_db_cursor: Starting TestRealCursor.test_connection_readonly ... 
2026-02-09 10:59:43,905 1 INFO betopiaerp betopiaerp.addons.base.tests.test_db_cursor: Starting TestRealCursor.test_execute_bad_params ... 
2026-02-09 10:59:43,906 1 INFO betopiaerp betopiaerp.addons.base.tests.test_db_cursor: Starting TestRealCursor.test_multiple_close_call_cursor ... 
2026-02-09 10:59:43,906 1 INFO betopiaerp betopiaerp.addons.base.tests.test_db_cursor: Starting TestRealCursor.test_transaction_isolation_cursor ... 
2026-02-09 10:59:43,907 1 INFO betopiaerp betopiaerp.addons.base.tests.test_db_cursor: Starting TestRealCursor.test_using_closed_cursor ... 
2026-02-09 10:59:43,909 1 INFO betopiaerp betopiaerp.addons.base.tests.test_db_cursor: Starting TestHTTPCursor.test_call_kw_readonly ... 
2026-02-09 10:59:43,913 1 INFO betopiaerp betopiaerp.addons.base.models.res_users: Login successful for login:admin from n/a 
2026-02-09 10:59:43,920 1 INFO betopiaerp betopiaerp.addons.base.models.ir_http: Generating routing map for key None 
2026-02-09 10:59:43,927 1 INFO betopiaerp betopiaerp.tests.common: Skipping signal changes during tests 
2026-02-09 10:59:43,928 1 INFO betopiaerp werkzeug: 127.0.0.1 - - [09/Feb/2026 10:59:43] "POST /web/dataset/call_kw#res.partner.read HTTP/1.1" 200 - 2 0.000 0.008
2026-02-09 10:59:43,931 1 INFO betopiaerp betopiaerp.tests.common: Skipping signal changes during tests 
2026-02-09 10:59:43,931 1 INFO betopiaerp werkzeug: 127.0.0.1 - - [09/Feb/2026 10:59:43] "POST /web/dataset/call_kw#res.partner.write HTTP/1.1" 200 - 0 0.000 0.001
2026-02-09 10:59:43,933 1 INFO betopiaerp betopiaerp.addons.base.tests.test_db_cursor: Starting TestHTTPCursor.test_cursor_keeps_readwriteness ... 
2026-02-09 10:59:43,935 1 INFO betopiaerp betopiaerp.addons.base.models.ir_attachment: filestore gc 0 checked, 0 removed 
2026-02-09 10:59:43,936 1 INFO betopiaerp betopiaerp.addons.base.tests.test_db_cursor: Starting TestTestCursor.test_borrow_connection ... 
2026-02-09 10:59:43,952 1 INFO betopiaerp betopiaerp.addons.base.tests.test_db_cursor: Starting TestTestCursor.test_interleaving ... 
2026-02-09 10:59:43,959 1 INFO betopiaerp betopiaerp.addons.base.tests.test_db_cursor: Starting TestTestCursor.test_single_cursor ... 
2026-02-09 10:59:43,967 1 INFO betopiaerp betopiaerp.addons.base.tests.test_db_cursor: Starting TestTestCursor.test_sub_commit ... 
2026-02-09 10:59:43,976 1 INFO betopiaerp betopiaerp.addons.base.tests.test_db_cursor: Starting TestTestCursor.test_sub_rollback ... 
2026-02-09 10:59:43,985 1 INFO betopiaerp betopiaerp.addons.base.models.ir_attachment: filestore gc 0 checked, 0 removed 
2026-02-09 10:59:43,986 1 INFO betopiaerp betopiaerp.addons.base.tests.test_db_cursor: Starting TestCursorHooks.test_hooks_on_cursor ... 
2026-02-09 10:59:43,987 1 INFO betopiaerp betopiaerp.addons.base.tests.test_db_cursor: Starting TestCursorHooks.test_hooks_on_testcursor ... 
2026-02-09 10:59:43,988 1 INFO betopiaerp betopiaerp.addons.base.models.ir_attachment: filestore gc 0 checked, 0 removed 
2026-02-09 10:59:43,989 1 INFO betopiaerp betopiaerp.addons.base.tests.test_db_cursor: Starting TestCursorHooksTransactionCaseCleanup.test_1_isolation ... 
2026-02-09 10:59:43,990 1 INFO betopiaerp betopiaerp.addons.base.tests.test_db_cursor: Starting TestCursorHooksTransactionCaseCleanup.test_2_isolation ... 
2026-02-09 10:59:43,991 1 INFO betopiaerp betopiaerp.addons.base.tests.test_db_cursor: Starting TestCursorHooksTransactionCaseCleanup.test_3_isolation ... 
2026-02-09 10:59:43,991 1 INFO betopiaerp betopiaerp.addons.base.tests.test_db_cursor: Starting TestCursorHooksTransactionCaseCleanup.test_4_isolation ... 
2026-02-09 10:59:43,992 1 INFO betopiaerp betopiaerp.addons.base.tests.test_db_cursor: Starting TestCursorHooksTransactionCaseCleanup.test_5_isolation ... 
2026-02-09 10:59:43,993 1 INFO betopiaerp betopiaerp.addons.base.models.ir_attachment: filestore gc 0 checked, 0 removed 
2026-02-09 10:59:44,061 1 INFO betopiaerp betopiaerp.addons.base.tests.test_expression: Starting TestExpression.test_00_in_not_in_m2m ... 
2026-02-09 10:59:44,097 1 INFO betopiaerp betopiaerp.addons.base.tests.test_expression: Starting TestExpression.test_05_not_str_m2m ... 
2026-02-09 10:59:44,122 1 INFO betopiaerp betopiaerp.addons.base.tests.test_expression: Starting TestExpression.test_09_hierarchy_filtered_domain ... 
2026-02-09 10:59:44,130 1 INFO betopiaerp betopiaerp.addons.base.tests.test_expression: Starting TestExpression.test_10_eq_lt_gt_lte_gte ... 
2026-02-09 10:59:44,140 1 INFO betopiaerp betopiaerp.addons.base.tests.test_expression: Starting TestExpression.test_10_equivalent_id ... 
2026-02-09 10:59:44,155 1 INFO betopiaerp betopiaerp.addons.base.tests.test_expression: Starting TestExpression.test_10_hierarchy_access ... 
2026-02-09 10:59:44,185 1 INFO betopiaerp betopiaerp.addons.base.tests.test_expression: Starting TestExpression.test_10_hierarchy_in_m2m ... 
2026-02-09 10:59:44,209 1 INFO betopiaerp betopiaerp.addons.base.tests.test_expression: Starting TestExpression.test_15_equivalent_one2many_1 ... 
2026-02-09 10:59:44,347 1 INFO betopiaerp betopiaerp.addons.base.tests.test_expression: Starting TestExpression.test_15_equivalent_one2many_2 ... 
2026-02-09 10:59:44,390 1 INFO betopiaerp betopiaerp.addons.base.tests.test_expression: Starting TestExpression.test_15_hierarchy_ilike ... 
2026-02-09 10:59:44,479 1 INFO betopiaerp betopiaerp.addons.base.tests.test_expression: Starting TestExpression.test_15_m2m_false ... 
2026-02-09 10:59:44,484 1 INFO betopiaerp betopiaerp.addons.base.tests.test_expression: Starting TestExpression.test_15_m2o ... 
2026-02-09 10:59:44,600 1 INFO betopiaerp betopiaerp.addons.base.tests.test_expression: Starting TestExpression.test_15_o2m ... 
2026-02-09 10:59:44,610 1 INFO betopiaerp betopiaerp.addons.base.tests.test_expression: Starting TestExpression.test_15_o2m_subselect ... 
2026-02-09 10:59:44,626 1 INFO betopiaerp betopiaerp.addons.base.tests.test_expression: Starting TestExpression.test_20_expression_parse ... 
2026-02-09 10:59:44,667 1 INFO betopiaerp betopiaerp.addons.base.tests.test_expression: Starting TestExpression.test_30_instantiate_domain ... 
2026-02-09 10:59:44,669 1 INFO betopiaerp betopiaerp.addons.base.tests.test_expression: Starting TestExpression.test_30_normalize_domain ... 
2026-02-09 10:59:44,672 1 INFO betopiaerp betopiaerp.addons.base.tests.test_expression: Starting TestExpression.test_31_backwards_compatible_domain ... 
2026-02-09 10:59:44,674 1 INFO betopiaerp betopiaerp.addons.base.tests.test_expression: Starting TestExpression.test_32_iter_conditions ... 
2026-02-09 10:59:44,675 1 INFO betopiaerp betopiaerp.addons.base.tests.test_expression: Starting TestExpression.test_33_map_conditions ... 
2026-02-09 10:59:44,677 1 INFO betopiaerp betopiaerp.addons.base.tests.test_expression: Starting TestExpression.test_35_negating_thruty_leafs ... 
2026-02-09 10:59:44,678 1 INFO betopiaerp betopiaerp.addons.base.tests.test_expression: Starting TestExpression.test_40_negating_long_expression ... 
2026-02-09 10:59:44,683 1 INFO betopiaerp betopiaerp.addons.base.tests.test_expression: Starting TestExpression.test_40_negating_traversal ... 
2026-02-09 10:59:44,684 1 INFO betopiaerp betopiaerp.addons.base.tests.test_expression: Starting TestExpression.test_accent ... 
2026-02-09 10:59:44,684 1 INFO betopiaerp betopiaerp.addons.base.tests.test_expression: skipped TestExpression.test_accent : unaccent not enabled 
2026-02-09 10:59:44,684 1 INFO betopiaerp betopiaerp.addons.base.tests.test_expression: Starting TestExpression.test_active ... 
2026-02-09 10:59:44,701 1 INFO betopiaerp betopiaerp.addons.base.tests.test_expression: Starting TestExpression.test_combine_conditions ... 
2026-02-09 10:59:44,701 1 INFO betopiaerp betopiaerp.addons.base.tests.test_expression: Starting TestExpression.test_combine_simple_conditions ... 
2026-02-09 10:59:44,702 1 INFO betopiaerp betopiaerp.addons.base.tests.test_expression: Starting TestExpression.test_filtered_domain_any_bypass_access ... 
2026-02-09 10:59:44,707 1 INFO betopiaerp betopiaerp.models.unlink: User #1 deleted ir.model.data records with IDs: [9400, 9399, 9398, 7592, 7590, 7591, 7589, 3954, 3952, 3953, 3949, 3938, 3956, 3955, 3934, 3933, 3939, 3940, 3941, 3935, 3961, 3943, 3945, 3942, 3944, 3937, 3936, 3932, 3931, 3946, 3930, 3947, 3948, 3950, 3951, 3957, 3958, 3959, 3960, 10479, 7480, 7479] 
2026-02-09 10:59:44,707 1 INFO betopiaerp betopiaerp.models.unlink: User #1 deleted ir.rule records with IDs: [33, 34, 21, 22, 1, 17, 23, 24, 25, 18, 19, 7, 2, 3, 30, 31, 28, 29, 8, 13, 14, 15, 16, 32, 6, 10, 11, 12, 26, 27, 4, 5, 42, 9, 20, 35, 36, 37, 38, 40, 39, 41] 
2026-02-09 10:59:44,722 1 INFO betopiaerp betopiaerp.addons.base.tests.test_expression: Starting TestExpression.test_filtered_domain_any_operator ... 
2026-02-09 10:59:44,733 1 INFO betopiaerp betopiaerp.addons.base.tests.test_expression: Starting TestExpression.test_filtered_domain_order ... 
2026-02-09 10:59:44,736 1 INFO betopiaerp betopiaerp.addons.base.tests.test_expression: Starting TestExpression.test_filtered_domain_order2 ... 
2026-02-09 10:59:44,738 1 INFO betopiaerp betopiaerp.addons.base.tests.test_expression: Starting TestExpression.test_in_boolean ... 
2026-02-09 10:59:44,739 1 INFO betopiaerp betopiaerp.addons.base.tests.test_expression: Starting TestExpression.test_in_operator ... 
2026-02-09 10:59:44,742 1 INFO betopiaerp betopiaerp.addons.base.tests.test_expression: Starting TestExpression.test_invalid ... 
2026-02-09 10:59:44,744 1 INFO betopiaerp betopiaerp.addons.base.tests.test_expression: Starting TestExpression.test_like_cast ... 
2026-02-09 10:59:44,763 1 INFO betopiaerp betopiaerp.addons.base.tests.test_expression: Starting TestExpression.test_like_complement_m2o_access ... 
2026-02-09 10:59:44,775 1 INFO betopiaerp betopiaerp.models.unlink: User #1 deleted ir.model.data records with IDs: [9400, 9399, 9398, 7592, 7590, 7591, 7589, 3954, 3952, 3953, 3949, 3938, 3956, 3955, 3934, 3933, 3939, 3940, 3941, 3935, 3961, 3943, 3945, 3942, 3944, 3937, 3936, 3932, 3931, 3946, 3930, 3947, 3948, 3950, 3951, 3957, 3958, 3959, 3960, 10479, 7480, 7479] 
2026-02-09 10:59:44,776 1 INFO betopiaerp betopiaerp.models.unlink: User #1 deleted ir.rule records with IDs: [33, 34, 21, 22, 1, 17, 23, 24, 25, 18, 19, 7, 2, 3, 30, 31, 28, 29, 8, 13, 14, 15, 16, 32, 6, 10, 11, 12, 26, 27, 4, 5, 42, 9, 20, 35, 36, 37, 38, 40, 39, 41] 
2026-02-09 10:59:44,788 1 INFO betopiaerp betopiaerp.addons.base.models.ir_rule: Access Denied by record rules for operation: read on record ids: [3639], uid: 913, model: res.partner 
2026-02-09 10:59:44,792 1 INFO betopiaerp betopiaerp.addons.base.models.ir_rule: Access Denied by record rules for operation: read on record ids: [3639], uid: 913, model: res.partner 
2026-02-09 10:59:44,797 1 INFO betopiaerp betopiaerp.addons.base.models.ir_rule: Access Denied by record rules for operation: read on record ids: [3639], uid: 913, model: res.partner 
2026-02-09 10:59:44,799 1 INFO betopiaerp betopiaerp.addons.base.models.ir_rule: Access Denied by record rules for operation: read on record ids: [3639], uid: 913, model: res.partner 
2026-02-09 10:59:44,801 1 INFO betopiaerp betopiaerp.addons.base.tests.test_expression: Starting TestExpression.test_like_filtered ... 
2026-02-09 10:59:44,812 1 INFO betopiaerp betopiaerp.addons.base.tests.test_expression: Starting TestExpression.test_like_wildcards ... 
2026-02-09 10:59:44,823 1 INFO betopiaerp betopiaerp.addons.base.tests.test_expression: Starting TestExpression.test_lp1071710 ... 
2026-02-09 10:59:44,842 1 INFO betopiaerp betopiaerp.addons.base.tests.test_expression: Starting TestExpression.test_negate_conditions ... 
2026-02-09 10:59:44,843 1 INFO betopiaerp betopiaerp.addons.base.tests.test_expression: Starting TestExpression.test_or_with_implicit_and ... 
2026-02-09 10:59:44,844 1 INFO betopiaerp betopiaerp.addons.base.tests.test_expression: Starting TestExpression.test_proper_combine_unit_leaves ... 
2026-02-09 10:59:44,845 1 INFO betopiaerp betopiaerp.addons.base.tests.test_expression: Starting TestExpression.test_translate_search ... 
2026-02-09 10:59:44,857 1 INFO betopiaerp betopiaerp.addons.base.models.ir_attachment: filestore gc 9 checked, 6 removed 
2026-02-09 10:59:44,858 1 INFO betopiaerp betopiaerp.addons.base.tests.test_expression: Starting TestExpression2.test_long_table_alias ... 
2026-02-09 10:59:44,860 1 INFO betopiaerp betopiaerp.addons.base.models.ir_attachment: filestore gc 0 checked, 0 removed 
2026-02-09 10:59:44,861 1 INFO betopiaerp betopiaerp.addons.base.tests.test_expression: Starting TestBypassAccess.test_bypass_search_access ... 
2026-02-09 10:59:44,934 1 INFO betopiaerp betopiaerp.addons.base.tests.test_expression: Starting TestBypassAccess.test_nullfields ... 
2026-02-09 10:59:44,939 1 INFO betopiaerp betopiaerp.addons.base.models.ir_attachment: filestore gc 0 checked, 0 removed 
2026-02-09 10:59:44,940 1 INFO betopiaerp betopiaerp.addons.base.tests.test_expression: Starting TestQueries.test_access_rules ... 
2026-02-09 10:59:44,956 1 INFO betopiaerp betopiaerp.addons.base.tests.test_expression: Starting TestQueries.test_access_rules_active_test ... 
2026-02-09 10:59:44,977 1 INFO betopiaerp betopiaerp.addons.base.tests.test_expression: Starting TestQueries.test_access_rules_active_test_neg ... 
2026-02-09 10:59:44,983 1 INFO betopiaerp betopiaerp.models.unlink: User #1 deleted ir.model.data records with IDs: [9400, 9399, 9398, 7592, 7590, 7591, 7589, 3954, 3952, 3953, 3949, 3938, 3956, 3955, 3934, 3933, 3939, 3940, 3941, 3935, 3961, 3943, 3945, 3942, 3944, 3937, 3936, 3932, 3931, 3946, 3930, 3947, 3948, 3950, 3951, 3957, 3958, 3959, 3960, 10479, 7480, 7479] 
2026-02-09 10:59:44,983 1 INFO betopiaerp betopiaerp.models.unlink: User #1 deleted ir.rule records with IDs: [33, 34, 21, 22, 1, 17, 23, 24, 25, 18, 19, 7, 2, 3, 30, 31, 28, 29, 8, 13, 14, 15, 16, 32, 6, 10, 11, 12, 26, 27, 4, 5, 42, 9, 20, 35, 36, 37, 38, 40, 39, 41] 
2026-02-09 10:59:44,994 1 INFO betopiaerp betopiaerp.addons.base.tests.test_expression: Starting TestQueries.test_count ... 
2026-02-09 10:59:44,996 1 INFO betopiaerp betopiaerp.addons.base.tests.test_expression: Starting TestQueries.test_count_limit ... 
2026-02-09 10:59:44,998 1 INFO betopiaerp betopiaerp.addons.base.tests.test_expression: Starting TestQueries.test_logic ... 
2026-02-09 10:59:44,999 1 INFO betopiaerp betopiaerp.addons.base.tests.test_expression: Starting TestQueries.test_order ... 
2026-02-09 10:59:45,003 1 INFO betopiaerp betopiaerp.addons.base.tests.test_expression: Starting TestQueries.test_rec_names_search ... 
2026-02-09 10:59:45,006 1 INFO betopiaerp betopiaerp.addons.base.tests.test_expression: Starting TestQueries.test_translated_field ... 
2026-02-09 10:59:45,011 1 INFO betopiaerp betopiaerp.addons.base.models.ir_attachment: filestore gc 0 checked, 0 removed 
2026-02-09 10:59:45,012 1 INFO betopiaerp betopiaerp.addons.base.tests.test_expression: Starting TestMany2one.test_complement_regular ... 
2026-02-09 10:59:45,014 1 INFO betopiaerp betopiaerp.addons.base.tests.test_expression: Starting TestMany2one.test_explicit_subquery ... 
2026-02-09 10:59:45,019 1 INFO betopiaerp betopiaerp.addons.base.tests.test_expression: Starting TestMany2one.test_inherited ... 
2026-02-09 10:59:45,021 1 INFO betopiaerp betopiaerp.addons.base.tests.test_expression: Starting TestMany2one.test_name_search ... 
2026-02-09 10:59:45,023 1 INFO betopiaerp betopiaerp.addons.base.tests.test_expression: Starting TestMany2one.test_name_search_undefined ... 
2026-02-09 10:59:45,026 1 INFO betopiaerp betopiaerp.addons.base.tests.test_expression: Starting TestMany2one.test_regular ... 
2026-02-09 10:59:45,030 1 INFO betopiaerp betopiaerp.addons.base.tests.test_expression: Starting TestMany2one.testbypass_search_access ... 
2026-02-09 10:59:45,038 1 INFO betopiaerp betopiaerp.addons.base.models.ir_attachment: filestore gc 0 checked, 0 removed 
2026-02-09 10:59:45,039 1 INFO betopiaerp betopiaerp.addons.base.tests.test_expression: Starting TestOne2many.test_empty ... 
2026-02-09 10:59:45,048 1 INFO betopiaerp betopiaerp.addons.base.tests.test_expression: Starting TestOne2many.test_name_search ... 
2026-02-09 10:59:45,056 1 INFO betopiaerp betopiaerp.addons.base.tests.test_expression: Starting TestOne2many.test_regular ... 
2026-02-09 10:59:45,066 1 INFO betopiaerp betopiaerp.addons.base.tests.test_expression: Starting TestOne2many.testbypass_search_access ... 
2026-02-09 10:59:45,077 1 INFO betopiaerp betopiaerp.addons.base.tests.test_expression: Starting TestOne2many.testbypass_search_access_mixed ... 
2026-02-09 10:59:45,087 1 INFO betopiaerp betopiaerp.addons.base.models.ir_attachment: filestore gc 0 checked, 0 removed 
2026-02-09 10:59:45,088 1 INFO betopiaerp betopiaerp.addons.base.tests.test_expression: Starting TestMany2many.test_empty ... 
2026-02-09 10:59:45,091 1 INFO betopiaerp betopiaerp.addons.base.tests.test_expression: Starting TestMany2many.test_name_search ... 
2026-02-09 10:59:45,093 1 INFO betopiaerp betopiaerp.addons.base.tests.test_expression: Starting TestMany2many.test_regular ... 
2026-02-09 10:59:45,100 1 INFO betopiaerp betopiaerp.addons.base.tests.test_expression: Starting TestMany2many.test_regular_in_false ... 
2026-02-09 10:59:45,103 1 INFO betopiaerp betopiaerp.addons.base.tests.test_expression: Starting TestMany2many.testbypass_search_access ... 
2026-02-09 10:59:45,105 1 INFO betopiaerp betopiaerp.addons.base.models.ir_attachment: filestore gc 0 checked, 0 removed 
2026-02-09 10:59:45,106 1 INFO betopiaerp betopiaerp.addons.base.tests.test_expression: Starting TestAnyfy.test_and_multiple_many2one_with_subfield ... 
2026-02-09 10:59:45,106 1 INFO betopiaerp betopiaerp.addons.base.tests.test_expression: Starting TestAnyfy.test_and_multiple_one2many_with_subfield ... 
2026-02-09 10:59:45,107 1 INFO betopiaerp betopiaerp.addons.base.tests.test_expression: Starting TestAnyfy.test_not_and_multiple_many2one_field_with_subfield ... 
2026-02-09 10:59:45,108 1 INFO betopiaerp betopiaerp.addons.base.tests.test_expression: Starting TestAnyfy.test_not_and_multiple_one2many_field_with_subfield ... 
2026-02-09 10:59:45,109 1 INFO betopiaerp betopiaerp.addons.base.tests.test_expression: Starting TestAnyfy.test_not_or_multiple_many2one_field_with_subfield ... 
2026-02-09 10:59:45,110 1 INFO betopiaerp betopiaerp.addons.base.tests.test_expression: Starting TestAnyfy.test_not_or_multiple_one2many_field_with_subfield ... 
2026-02-09 10:59:45,110 1 INFO betopiaerp betopiaerp.addons.base.tests.test_expression: Starting TestAnyfy.test_not_single_field ... 
2026-02-09 10:59:45,111 1 INFO betopiaerp betopiaerp.addons.base.tests.test_expression: Starting TestAnyfy.test_not_single_many2one_with_subfield ... 
2026-02-09 10:59:45,112 1 INFO betopiaerp betopiaerp.addons.base.tests.test_expression: Starting TestAnyfy.test_not_single_one2many_with_subfield ... 
2026-02-09 10:59:45,112 1 INFO betopiaerp betopiaerp.addons.base.tests.test_expression: Starting TestAnyfy.test_or_multiple_many2one_with_subfield ... 
2026-02-09 10:59:45,113 1 INFO betopiaerp betopiaerp.addons.base.tests.test_expression: Starting TestAnyfy.test_or_multiple_one2many_with_subfield ... 
2026-02-09 10:59:45,114 1 INFO betopiaerp betopiaerp.addons.base.tests.test_expression: Starting TestAnyfy.test_single_field ... 
2026-02-09 10:59:45,114 1 INFO betopiaerp betopiaerp.addons.base.tests.test_expression: Starting TestAnyfy.test_single_many2one_with_subfield ... 
2026-02-09 10:59:45,115 1 INFO betopiaerp betopiaerp.addons.base.tests.test_expression: Starting TestAnyfy.test_single_one2many_with_subfield ... 
2026-02-09 10:59:45,116 1 INFO betopiaerp betopiaerp.addons.base.tests.test_expression: Starting TestAnyfy.test_true_leaf_as_list ... 
2026-02-09 10:59:45,117 1 INFO betopiaerp betopiaerp.addons.base.models.ir_attachment: filestore gc 0 checked, 0 removed 
2026-02-09 10:59:45,118 1 INFO betopiaerp betopiaerp.addons.base.tests.test_float: Starting TestFloatPrecision.test_amount_to_text_10 ... 
2026-02-09 10:59:45,121 1 INFO betopiaerp betopiaerp.addons.base.tests.test_float: Starting TestFloatPrecision.test_float_split_05 ... 
2026-02-09 10:59:45,123 1 INFO betopiaerp betopiaerp.addons.base.tests.test_float: Starting TestFloatPrecision.test_rounding_02 ... 
2026-02-09 10:59:45,124 1 INFO betopiaerp betopiaerp.addons.base.tests.test_float: Starting TestFloatPrecision.test_rounding_03 ... 
2026-02-09 10:59:45,161 1 INFO betopiaerp betopiaerp.addons.base.tests.test_float: Starting TestFloatPrecision.test_rounding_04 ... 
2026-02-09 10:59:45,165 1 INFO betopiaerp betopiaerp.addons.base.tests.test_float: Starting TestFloatPrecision.test_rounding_invalid ... 
2026-02-09 10:59:45,170 1 INFO betopiaerp betopiaerp.addons.base.models.ir_attachment: filestore gc 0 checked, 0 removed 
2026-02-09 10:59:45,193 1 INFO betopiaerp betopiaerp.addons.base.tests.test_format_address_mixin: Starting TestPartnerFormatAddress.test_address_view ... 
2026-02-09 10:59:45,310 1 INFO betopiaerp betopiaerp.addons.base.tests.test_format_address_mixin: Starting TestPartnerFormatAddress.test_display_name_address_formatting ... 
2026-02-09 10:59:45,317 1 INFO betopiaerp betopiaerp.addons.base.models.ir_attachment: filestore gc 1 checked, 1 removed 
2026-02-09 10:59:45,318 1 INFO betopiaerp betopiaerp.addons.base.tests.test_func: Starting TestFrozendict.test_frozendict_hash ... 
2026-02-09 10:59:45,319 1 INFO betopiaerp betopiaerp.addons.base.tests.test_func: Starting TestFrozendict.test_frozendict_immutable ... 
2026-02-09 10:59:45,319 1 INFO betopiaerp betopiaerp.addons.base.tests.test_func: Starting TestLazy.test_lazy_compare ... 
2026-02-09 10:59:45,320 1 INFO betopiaerp betopiaerp.addons.base.tests.test_groups: Starting TestGroupsObject.test_groups_10_hudge_combine ... 
2026-02-09 10:59:45,321 1 INFO betopiaerp betopiaerp.addons.base.tests.test_groups: Starting TestGroupsObject.test_groups_11_invert_intersect ... 
2026-02-09 10:59:45,325 1 INFO betopiaerp betopiaerp.addons.base.tests.test_groups: Starting TestGroupsObject.test_groups_1_base ... 
2026-02-09 10:59:45,326 1 INFO betopiaerp betopiaerp.addons.base.tests.test_groups: Starting TestGroupsObject.test_groups_2_and ... 
2026-02-09 10:59:45,326 1 INFO betopiaerp betopiaerp.addons.base.tests.test_groups: Starting TestGroupsObject.test_groups_3_or ... 
2026-02-09 10:59:45,326 1 INFO betopiaerp betopiaerp.addons.base.tests.test_groups: Starting TestGroupsObject.test_groups_3_or_and ... 
2026-02-09 10:59:45,327 1 INFO betopiaerp betopiaerp.addons.base.tests.test_groups: Starting TestGroupsObject.test_groups_4_gt_lt ... 
2026-02-09 10:59:45,328 1 INFO betopiaerp betopiaerp.addons.base.tests.test_groups: Starting TestGroupsObject.test_groups_5_invert ... 
2026-02-09 10:59:45,329 1 INFO betopiaerp betopiaerp.addons.base.tests.test_groups: Starting TestGroupsObject.test_groups_6_invert_gt_lt ... 
2026-02-09 10:59:45,329 1 INFO betopiaerp betopiaerp.addons.base.tests.test_groups: Starting TestGroupsObject.test_groups_7_various ... 
2026-02-09 10:59:45,330 1 INFO betopiaerp betopiaerp.addons.base.tests.test_groups: Starting TestGroupsObject.test_groups_8_reduce ... 
2026-02-09 10:59:45,331 1 INFO betopiaerp betopiaerp.addons.base.tests.test_groups: Starting TestGroupsObject.test_groups_9_distinct ... 
2026-02-09 10:59:45,331 1 INFO betopiaerp betopiaerp.addons.base.tests.test_groups: Starting TestGroupsObject.test_groups_key ... 
2026-02-09 10:59:45,332 1 INFO betopiaerp betopiaerp.addons.base.tests.test_groups: Starting TestGroupsObject.test_groups_matches ... 
2026-02-09 10:59:45,333 1 INFO betopiaerp betopiaerp.addons.base.tests.test_groups: Starting TestGroupsObject.test_groups_unknown ... 
2026-02-09 10:59:45,343 1 INFO betopiaerp betopiaerp.addons.base.tests.test_groups: Starting TestGroupsBetopiaERP.test_groups_1_base ... 
2026-02-09 10:59:45,344 1 INFO betopiaerp betopiaerp.addons.base.tests.test_groups: Starting TestGroupsBetopiaERP.test_groups_2_from_commat_separator ... 
2026-02-09 10:59:45,346 1 INFO betopiaerp betopiaerp.addons.base.tests.test_groups: Starting TestGroupsBetopiaERP.test_groups_3_from_ref ... 
2026-02-09 10:59:45,348 1 INFO betopiaerp betopiaerp.addons.base.tests.test_groups: Starting TestGroupsBetopiaERP.test_groups_4_full_empty ... 
2026-02-09 10:59:45,352 1 INFO betopiaerp betopiaerp.addons.base.tests.test_groups: Starting TestGroupsBetopiaERP.test_groups_5_contains_user ... 
2026-02-09 10:59:45,487 1 INFO betopiaerp betopiaerp.addons.base.tests.test_groups: Starting TestGroupsBetopiaERP.test_groups_6_distinct ... 
2026-02-09 10:59:45,547 1 INFO betopiaerp betopiaerp.addons.base.models.ir_attachment: filestore gc 1 checked, 1 removed 
2026-02-09 10:59:45,549 1 INFO betopiaerp betopiaerp.addons.base.tests.test_http_case: Starting TestRequestRemainingNoCookie.test_requests_a ... 
2026-02-09 10:59:45,550 1 INFO ? betopiaerp.addons.base.tests.test_http_case: Waiting for B to start 
2026-02-09 10:59:45,551 1 INFO betopiaerp betopiaerp.addons.base.tests.test_http_case: Starting TestRequestRemainingNoCookie.test_requests_b ... 
2026-02-09 10:59:45,552 1 INFO betopiaerp betopiaerp.addons.base.tests.test_http_case: B started, waiting for A to finish 
2026-02-09 10:59:45,552 1 INFO ? betopiaerp.addons.base.tests.test_http_case: Opening url 
2026-02-09 10:59:45,554 1 INFO ? werkzeug: 127.0.0.1 - - [09/Feb/2026 10:59:45] "GET /web/concurrent HTTP/1.1" 400 - 0 0.000 0.001
2026-02-09 10:59:45,557 1 INFO betopiaerp betopiaerp.addons.base.models.ir_attachment: filestore gc 0 checked, 0 removed 
2026-02-09 10:59:45,559 1 INFO betopiaerp betopiaerp.addons.base.tests.test_http_case: Starting TestRequestRemainingNotEnabled.test_requests_a ... 
2026-02-09 10:59:45,560 1 INFO ? betopiaerp.addons.base.tests.test_http_case: Waiting for B to start 
2026-02-09 10:59:45,560 1 INFO betopiaerp betopiaerp.addons.base.tests.test_http_case: Starting TestRequestRemainingNotEnabled.test_requests_b ... 
2026-02-09 10:59:45,561 1 INFO betopiaerp betopiaerp.addons.base.tests.test_http_case: B started, waiting for A to finish 
2026-02-09 10:59:45,561 1 INFO ? betopiaerp.addons.base.tests.test_http_case: Opening url 
2026-02-09 10:59:45,563 1 INFO ? werkzeug: 127.0.0.1 - - [09/Feb/2026 10:59:45] "GET /web/concurrent HTTP/1.1" 400 - 0 0.000 0.000
2026-02-09 10:59:45,565 1 INFO betopiaerp betopiaerp.addons.base.models.ir_attachment: filestore gc 0 checked, 0 removed 
2026-02-09 10:59:45,568 1 INFO betopiaerp betopiaerp.addons.base.tests.test_http_case: Starting TestRequestRemainingStartDuringNext.test_requests_a ... 
2026-02-09 10:59:45,568 1 INFO ? betopiaerp.addons.base.tests.test_http_case: Waiting for B to start 
2026-02-09 10:59:45,569 1 INFO betopiaerp betopiaerp.addons.base.tests.test_http_case: Starting TestRequestRemainingStartDuringNext.test_requests_b ... 
2026-02-09 10:59:45,569 1 INFO betopiaerp betopiaerp.addons.base.tests.test_http_case: B started, waiting for A to finish 
2026-02-09 10:59:45,569 1 INFO ? betopiaerp.addons.base.tests.test_http_case: Opening url 
2026-02-09 10:59:45,571 1 INFO ? werkzeug: 127.0.0.1 - - [09/Feb/2026 10:59:45] "GET /web/concurrent HTTP/1.1" 400 - 0 0.000 0.000
2026-02-09 10:59:45,574 1 INFO betopiaerp betopiaerp.addons.base.models.ir_attachment: filestore gc 0 checked, 0 removed 
2026-02-09 10:59:45,576 1 INFO betopiaerp betopiaerp.addons.base.tests.test_http_case: Starting TestRequestRemainingAfterFirstCheck.test_requests_a ... 
2026-02-09 10:59:45,577 1 INFO ? betopiaerp.addons.base.tests.test_http_case: Opening url 
2026-02-09 10:59:45,578 1 INFO betopiaerp betopiaerp.addons.base.tests.test_http_case: Starting TestRequestRemainingAfterFirstCheck.test_requests_b ... 
2026-02-09 10:59:45,579 1 INFO betopiaerp betopiaerp.addons.base.tests.test_http_case: B started, waiting for A to finish 
2026-02-09 10:59:45,580 1 INFO ? werkzeug: 127.0.0.1 - - [09/Feb/2026 10:59:45] "GET /web/concurrent HTTP/1.1" 400 - 0 0.000 0.002
2026-02-09 10:59:45,581 1 INFO betopiaerp betopiaerp.addons.base.models.ir_attachment: filestore gc 0 checked, 0 removed 
2026-02-09 10:59:45,582 1 INFO betopiaerp betopiaerp.addons.base.tests.test_i18n: Starting I18nTest.test_format_list ... 
2026-02-09 10:59:45,593 1 INFO betopiaerp betopiaerp.addons.base.tests.test_i18n: Starting I18nTest.test_py_to_js_locale ... 
2026-02-09 10:59:45,595 1 INFO betopiaerp betopiaerp.addons.base.models.ir_attachment: filestore gc 0 checked, 0 removed 
2026-02-09 10:59:45,596 1 INFO betopiaerp betopiaerp.addons.base.tests.test_image: Starting TestImage.test_00_base64_to_image ... 
2026-02-09 10:59:45,651 1 INFO betopiaerp betopiaerp.addons.base.tests.test_image: Starting TestImage.test_01_image_to_base64 ... 
2026-02-09 10:59:45,703 1 INFO betopiaerp betopiaerp.addons.base.tests.test_image: Starting TestImage.test_02_image_fix_orientation ... 
2026-02-09 10:59:45,756 1 INFO betopiaerp betopiaerp.addons.base.tests.test_image: Starting TestImage.test_03_image_fix_orientation_exif ... 
2026-02-09 10:59:45,806 1 INFO betopiaerp betopiaerp.addons.base.tests.test_image: Starting TestImage.test_10_image_process_source ... 
2026-02-09 10:59:45,871 1 INFO betopiaerp betopiaerp.addons.base.tests.test_image: Starting TestImage.test_11_image_process_size ... 
2026-02-09 10:59:45,949 1 INFO betopiaerp betopiaerp.addons.base.tests.test_image: Starting TestImage.test_12_image_process_verify_resolution ... 
2026-02-09 10:59:46,689 1 INFO betopiaerp betopiaerp.addons.base.tests.test_image: Starting TestImage.test_13_image_process_quality ... 
2026-02-09 10:59:46,846 1 INFO betopiaerp betopiaerp.addons.base.tests.test_image: Starting TestImage.test_14_image_process_crop ... 
2026-02-09 10:59:47,301 1 INFO betopiaerp betopiaerp.addons.base.tests.test_image: Starting TestImage.test_15_image_process_colorize ... 
2026-02-09 10:59:47,351 1 INFO betopiaerp betopiaerp.addons.base.tests.test_image: Starting TestImage.test_16_image_process_format ... 
2026-02-09 10:59:47,453 1 INFO betopiaerp betopiaerp.addons.base.tests.test_image: Starting TestImage.test_17_get_webp_size ... 
2026-02-09 10:59:47,507 1 INFO betopiaerp betopiaerp.addons.base.tests.test_image: Starting TestImage.test_20_image_data_uri ... 
2026-02-09 10:59:47,563 1 INFO betopiaerp betopiaerp.addons.base.tests.test_image: Starting TestImage.test_21_image_guess_size_from_field_name ... 
2026-02-09 10:59:47,615 1 INFO betopiaerp betopiaerp.addons.base.tests.test_image: Starting TestImage.test_ptype_image_to_jpeg ... 
2026-02-09 10:59:47,668 1 INFO betopiaerp betopiaerp.addons.base.models.ir_attachment: filestore gc 0 checked, 0 removed 
2026-02-09 10:59:47,670 1 INFO betopiaerp betopiaerp.addons.base.tests.test_init: Starting TestInit.test_import ... 
2026-02-09 10:59:47,724 1 INFO betopiaerp betopiaerp.addons.base.tests.test_init:   betopiaerp.betopiaerp._monkeypatches execution time: 0.017s 
2026-02-09 10:59:47,740 1 INFO betopiaerp betopiaerp.addons.base.tests.test_init:   betopiaerp.betopiaerp._monkeypatches execution time: 0.016s 
2026-02-09 10:59:47,758 1 INFO betopiaerp betopiaerp.addons.base.tests.test_init:   betopiaerp.betopiaerp.addons execution time: 0.017s 
2026-02-09 10:59:47,774 1 INFO betopiaerp betopiaerp.addons.base.tests.test_init:   betopiaerp.betopiaerp.addons execution time: 0.016s 
2026-02-09 10:59:47,790 1 INFO betopiaerp betopiaerp.addons.base.tests.test_init:   betopiaerp.betopiaerp.api execution time: 0.016s 
2026-02-09 10:59:47,809 1 INFO betopiaerp betopiaerp.addons.base.tests.test_init:   betopiaerp.betopiaerp.api execution time: 0.018s 
2026-02-09 10:59:47,825 1 INFO betopiaerp betopiaerp.addons.base.tests.test_init:   betopiaerp.betopiaerp.cli execution time: 0.016s 
2026-02-09 10:59:47,842 1 INFO betopiaerp betopiaerp.addons.base.tests.test_init:   betopiaerp.betopiaerp.cli execution time: 0.017s 
2026-02-09 10:59:47,859 1 INFO betopiaerp betopiaerp.addons.base.tests.test_init:   betopiaerp.betopiaerp.exceptions execution time: 0.017s 
2026-02-09 10:59:47,875 1 INFO betopiaerp betopiaerp.addons.base.tests.test_init:   betopiaerp.betopiaerp.exceptions execution time: 0.015s 
2026-02-09 10:59:47,890 1 INFO betopiaerp betopiaerp.addons.base.tests.test_init:   betopiaerp.betopiaerp.fields execution time: 0.015s 
2026-02-09 10:59:47,907 1 INFO betopiaerp betopiaerp.addons.base.tests.test_init:   betopiaerp.betopiaerp.fields execution time: 0.016s 
2026-02-09 10:59:47,924 1 INFO betopiaerp betopiaerp.addons.base.tests.test_init:   betopiaerp.betopiaerp.http execution time: 0.017s 
2026-02-09 10:59:47,942 1 INFO betopiaerp betopiaerp.addons.base.tests.test_init:   betopiaerp.betopiaerp.http execution time: 0.018s 
2026-02-09 10:59:47,960 1 INFO betopiaerp betopiaerp.addons.base.tests.test_init:   betopiaerp.betopiaerp.init execution time: 0.018s 
2026-02-09 10:59:47,976 1 INFO betopiaerp betopiaerp.addons.base.tests.test_init:   betopiaerp.betopiaerp.init execution time: 0.016s 
2026-02-09 10:59:47,993 1 INFO betopiaerp betopiaerp.addons.base.tests.test_init:   betopiaerp.betopiaerp.loglevels execution time: 0.016s 
2026-02-09 10:59:48,009 1 INFO betopiaerp betopiaerp.addons.base.tests.test_init:   betopiaerp.betopiaerp.loglevels execution time: 0.016s 
2026-02-09 10:59:48,025 1 INFO betopiaerp betopiaerp.addons.base.tests.test_init:   betopiaerp.betopiaerp.models execution time: 0.016s 
2026-02-09 10:59:48,041 1 INFO betopiaerp betopiaerp.addons.base.tests.test_init:   betopiaerp.betopiaerp.models execution time: 0.015s 
2026-02-09 10:59:48,057 1 INFO betopiaerp betopiaerp.addons.base.tests.test_init:   betopiaerp.betopiaerp.modules execution time: 0.015s 
2026-02-09 10:59:48,073 1 INFO betopiaerp betopiaerp.addons.base.tests.test_init:   betopiaerp.betopiaerp.modules execution time: 0.016s 
2026-02-09 10:59:48,089 1 INFO betopiaerp betopiaerp.addons.base.tests.test_init:   betopiaerp.betopiaerp.netsvc execution time: 0.016s 
2026-02-09 10:59:48,106 1 INFO betopiaerp betopiaerp.addons.base.tests.test_init:   betopiaerp.betopiaerp.netsvc execution time: 0.017s 
2026-02-09 10:59:48,122 1 INFO betopiaerp betopiaerp.addons.base.tests.test_init:   betopiaerp.betopiaerp.orm execution time: 0.016s 
2026-02-09 10:59:48,138 1 INFO betopiaerp betopiaerp.addons.base.tests.test_init:   betopiaerp.betopiaerp.orm execution time: 0.015s 
2026-02-09 10:59:48,155 1 INFO betopiaerp betopiaerp.addons.base.tests.test_init:   betopiaerp.betopiaerp.osv execution time: 0.017s 
2026-02-09 10:59:48,171 1 INFO betopiaerp betopiaerp.addons.base.tests.test_init:   betopiaerp.betopiaerp.osv execution time: 0.016s 
2026-02-09 10:59:48,187 1 INFO betopiaerp betopiaerp.addons.base.tests.test_init:   betopiaerp.betopiaerp.release execution time: 0.016s 
2026-02-09 10:59:48,203 1 INFO betopiaerp betopiaerp.addons.base.tests.test_init:   betopiaerp.betopiaerp.release execution time: 0.016s 
2026-02-09 10:59:48,219 1 INFO betopiaerp betopiaerp.addons.base.tests.test_init:   betopiaerp.betopiaerp.service execution time: 0.015s 
2026-02-09 10:59:48,235 1 INFO betopiaerp betopiaerp.addons.base.tests.test_init:   betopiaerp.betopiaerp.service execution time: 0.015s 
2026-02-09 10:59:48,252 1 INFO betopiaerp betopiaerp.addons.base.tests.test_init:   betopiaerp.betopiaerp.sql_db execution time: 0.017s 
2026-02-09 10:59:48,271 1 INFO betopiaerp betopiaerp.addons.base.tests.test_init:   betopiaerp.betopiaerp.sql_db execution time: 0.018s 
2026-02-09 10:59:48,288 1 INFO betopiaerp betopiaerp.addons.base.tests.test_init:   betopiaerp.betopiaerp.tests execution time: 0.016s 
2026-02-09 10:59:48,303 1 INFO betopiaerp betopiaerp.addons.base.tests.test_init:   betopiaerp.betopiaerp.tests execution time: 0.015s 
2026-02-09 10:59:48,319 1 INFO betopiaerp betopiaerp.addons.base.tests.test_init:   betopiaerp.betopiaerp.tools execution time: 0.016s 
2026-02-09 10:59:48,335 1 INFO betopiaerp betopiaerp.addons.base.tests.test_init:   betopiaerp.betopiaerp.tools execution time: 0.016s 
2026-02-09 10:59:48,351 1 INFO betopiaerp betopiaerp.addons.base.tests.test_init:   betopiaerp.betopiaerp.upgrade execution time: 0.016s 
2026-02-09 10:59:48,369 1 INFO betopiaerp betopiaerp.addons.base.tests.test_init:   betopiaerp.betopiaerp.upgrade execution time: 0.017s 
2026-02-09 10:59:48,385 1 INFO betopiaerp betopiaerp.addons.base.tests.test_init:   betopiaerp.betopiaerp.upgrade_code execution time: 0.016s 
2026-02-09 10:59:48,401 1 INFO betopiaerp betopiaerp.addons.base.tests.test_init:   betopiaerp.betopiaerp.upgrade_code execution time: 0.016s 
2026-02-09 10:59:48,921 1 INFO betopiaerp betopiaerp.addons.base.tests.test_init:   betopiaerp.cli.cloc execution time: 0.520s 
2026-02-09 10:59:49,398 1 INFO betopiaerp betopiaerp.addons.base.tests.test_init:   betopiaerp.cli.command execution time: 0.476s 
2026-02-09 10:59:50,025 1 INFO betopiaerp betopiaerp.addons.base.tests.test_init:   betopiaerp.cli.db execution time: 0.626s 
2026-02-09 10:59:50,580 1 INFO betopiaerp betopiaerp.addons.base.tests.test_init:   betopiaerp.cli.deploy execution time: 0.555s 
2026-02-09 10:59:51,061 1 INFO betopiaerp betopiaerp.addons.base.tests.test_init:   betopiaerp.cli.help execution time: 0.481s 
2026-02-09 10:59:51,600 1 INFO betopiaerp betopiaerp.addons.base.tests.test_init:   betopiaerp.cli.i18n execution time: 0.538s 
2026-02-09 10:59:52,104 1 INFO betopiaerp betopiaerp.addons.base.tests.test_init:   betopiaerp.cli.module execution time: 0.504s 
2026-02-09 10:59:52,599 1 INFO betopiaerp betopiaerp.addons.base.tests.test_init:   betopiaerp.cli.neutralize execution time: 0.494s 
2026-02-09 10:59:53,083 1 INFO betopiaerp betopiaerp.addons.base.tests.test_init:   betopiaerp.cli.obfuscate execution time: 0.483s 
2026-02-09 10:59:53,616 1 INFO betopiaerp betopiaerp.addons.base.tests.test_init:   betopiaerp.cli.populate execution time: 0.532s 
2026-02-09 10:59:54,097 1 INFO betopiaerp betopiaerp.addons.base.tests.test_init:   betopiaerp.cli.scaffold execution time: 0.481s 
2026-02-09 10:59:54,734 1 INFO betopiaerp betopiaerp.addons.base.tests.test_init:   betopiaerp.cli.server execution time: 0.636s 
2026-02-09 10:59:55,343 1 INFO betopiaerp betopiaerp.addons.base.tests.test_init:   betopiaerp.cli.shell execution time: 0.609s 
2026-02-09 10:59:55,946 1 INFO betopiaerp betopiaerp.addons.base.tests.test_init:   betopiaerp.cli.start execution time: 0.602s 
2026-02-09 10:59:56,469 1 INFO betopiaerp betopiaerp.addons.base.tests.test_init:   betopiaerp.cli.templates execution time: 0.522s 
2026-02-09 10:59:56,946 1 INFO betopiaerp betopiaerp.addons.base.tests.test_init:   betopiaerp.cli.upgrade_code execution time: 0.477s 
2026-02-09 10:59:56,947 1 INFO betopiaerp betopiaerp.addons.base.tests.test_intervals: Starting TestIntervals.test_difference ... 
2026-02-09 10:59:56,948 1 INFO betopiaerp betopiaerp.addons.base.tests.test_intervals: Starting TestIntervals.test_intersection ... 
2026-02-09 10:59:56,949 1 INFO betopiaerp betopiaerp.addons.base.tests.test_intervals: Starting TestIntervals.test_keep_distinct ... 
2026-02-09 10:59:56,950 1 INFO betopiaerp betopiaerp.addons.base.tests.test_intervals: Starting TestIntervals.test_union ... 
2026-02-09 10:59:56,951 1 INFO betopiaerp betopiaerp.addons.base.models.ir_attachment: filestore gc 0 checked, 0 removed 
2026-02-09 10:59:56,952 1 INFO betopiaerp betopiaerp.addons.base.tests.test_intervals: Starting TestUtils.test_intervals_intersections ... 
2026-02-09 10:59:56,953 1 INFO betopiaerp betopiaerp.addons.base.tests.test_intervals: Starting TestUtils.test_intervals_inversion ... 
2026-02-09 10:59:56,954 1 INFO betopiaerp betopiaerp.addons.base.models.ir_attachment: filestore gc 0 checked, 0 removed 
2026-02-09 10:59:56,955 1 INFO betopiaerp betopiaerp.addons.base.tests.test_intervals: Starting TestKeepDistinctIntervals.test_difference ... 
2026-02-09 10:59:56,956 1 INFO betopiaerp betopiaerp.addons.base.tests.test_intervals: Starting TestKeepDistinctIntervals.test_intersection ... 
2026-02-09 10:59:56,957 1 INFO betopiaerp betopiaerp.addons.base.tests.test_intervals: Starting TestKeepDistinctIntervals.test_union ... 
2026-02-09 10:59:56,958 1 INFO betopiaerp betopiaerp.addons.base.models.ir_attachment: filestore gc 0 checked, 0 removed 
2026-02-09 10:59:56,986 1 INFO betopiaerp betopiaerp.addons.base.tests.test_ir_actions: Starting TestServerActions.test_00_action ... 
2026-02-09 10:59:57,006 1 INFO betopiaerp betopiaerp.addons.base.tests.test_ir_actions: Starting TestServerActions.test_00_server_action ... 
2026-02-09 10:59:57,021 1 INFO betopiaerp betopiaerp.addons.base.tests.test_ir_actions: Starting TestServerActions.test_10_code ... 
2026-02-09 10:59:57,036 1 INFO betopiaerp betopiaerp.addons.base.tests.test_ir_actions: Starting TestServerActions.test_20_crud_create ... 
2026-02-09 10:59:57,049 1 INFO betopiaerp betopiaerp.addons.base.tests.test_ir_actions: Starting TestServerActions.test_20_crud_create_link_many2many ... 
2026-02-09 10:59:57,063 1 INFO betopiaerp betopiaerp.addons.base.tests.test_ir_actions: Starting TestServerActions.test_20_crud_create_link_many2one ... 
2026-02-09 10:59:57,080 1 INFO betopiaerp betopiaerp.addons.base.tests.test_ir_actions: Starting TestServerActions.test_20_crud_create_link_one2many ... 
2026-02-09 10:59:57,097 1 INFO betopiaerp betopiaerp.addons.base.tests.test_ir_actions: Starting TestServerActions.test_25_crud_copy ... 
2026-02-09 10:59:57,118 1 INFO betopiaerp betopiaerp.addons.base.tests.test_ir_actions: Starting TestServerActions.test_25_crud_copy_link_many2many ... 
2026-02-09 10:59:57,138 1 INFO betopiaerp betopiaerp.addons.base.tests.test_ir_actions: Starting TestServerActions.test_25_crud_copy_link_many2one ... 
2026-02-09 10:59:57,157 1 INFO betopiaerp betopiaerp.addons.base.tests.test_ir_actions: Starting TestServerActions.test_25_crud_copy_link_one2many ... 
2026-02-09 10:59:57,177 1 INFO betopiaerp betopiaerp.addons.base.tests.test_ir_actions: Starting TestServerActions.test_30_crud_write ... 
2026-02-09 10:59:57,192 1 INFO betopiaerp betopiaerp.addons.base.tests.test_ir_actions: Starting TestServerActions.test_31_crud_write_html ... 
2026-02-09 10:59:57,204 1 INFO betopiaerp betopiaerp.addons.base.tests.test_ir_actions: Starting TestServerActions.test_35_crud_write_selection ... 
2026-02-09 10:59:57,221 1 INFO betopiaerp betopiaerp.addons.base.tests.test_ir_actions: Starting TestServerActions.test_36_crud_write_m2m_ops ... 
2026-02-09 10:59:57,244 1 INFO betopiaerp betopiaerp.addons.base.tests.test_ir_actions: Starting TestServerActions.test_37_field_path_traversal ... 
2026-02-09 10:59:57,266 1 INFO betopiaerp betopiaerp.addons.base.tests.test_ir_actions: Starting TestServerActions.test_39_boolean_update ... 
2026-02-09 10:59:57,282 1 INFO betopiaerp betopiaerp.addons.base.tests.test_ir_actions: Starting TestServerActions.test_40_multi ... 
2026-02-09 10:59:57,310 1 INFO betopiaerp betopiaerp.addons.base.tests.test_ir_actions: Starting TestServerActions.test_50_groups ... 
2026-02-09 10:59:57,339 1 INFO betopiaerp betopiaerp.addons.base.tests.test_ir_actions: Starting TestServerActions.test_60_sort ... 
2026-02-09 10:59:57,355 1 INFO betopiaerp betopiaerp.addons.base.tests.test_ir_actions: Starting TestServerActions.test_70_copy_action ... 
2026-02-09 10:59:57,372 1 INFO betopiaerp betopiaerp.addons.base.tests.test_ir_actions: Starting TestServerActions.test_80_permission ... 
2026-02-09 10:59:57,390 1 INFO betopiaerp betopiaerp.addons.base.tests.test_ir_actions: Starting TestServerActions.test_90_convert_to_float ... 
2026-02-09 10:59:57,402 1 INFO betopiaerp betopiaerp.addons.base.tests.test_ir_actions: Starting TestServerActions.test_90_webhook ... 
2026-02-09 10:59:57,415 1 INFO betopiaerp betopiaerp.addons.base.tests.test_ir_actions: Starting TestServerActions.test_object_write_equation ... 
2026-02-09 10:59:57,438 1 INFO betopiaerp betopiaerp.addons.base.models.ir_attachment: filestore gc 1 checked, 1 removed 
2026-02-09 10:59:57,439 1 INFO betopiaerp betopiaerp.addons.base.tests.test_ir_actions: Starting TestCustomFields.test_create_binary ... 
2026-02-09 10:59:57,484 1 INFO betopiaerp betopiaerp.addons.base.tests.test_ir_actions: Starting TestCustomFields.test_create_custom ... 
2026-02-09 10:59:57,487 1 INFO betopiaerp betopiaerp.addons.base.tests.test_ir_actions: Starting TestCustomFields.test_create_unique ... 
2026-02-09 10:59:57,532 1 INFO betopiaerp betopiaerp.addons.base.tests.test_ir_actions: Starting TestCustomFields.test_create_valid ... 
2026-02-09 10:59:57,543 1 INFO betopiaerp betopiaerp.addons.base.tests.test_ir_actions: Starting TestCustomFields.test_related_field ... 
2026-02-09 10:59:57,651 1 INFO betopiaerp betopiaerp.addons.base.tests.test_ir_actions: Starting TestCustomFields.test_relation_of_a_custom_field ... 
2026-02-09 10:59:57,702 1 INFO betopiaerp betopiaerp.addons.base.tests.test_ir_actions: Starting TestCustomFields.test_remove_with_view ... 
2026-02-09 10:59:57,776 1 INFO betopiaerp betopiaerp.addons.base.tests.test_ir_actions: Starting TestCustomFields.test_remove_without_view ... 
2026-02-09 10:59:57,826 1 INFO betopiaerp betopiaerp.models.unlink: User #1 deleted ir.model.fields records with IDs: [2737, 2739] 
2026-02-09 10:59:57,859 1 INFO betopiaerp betopiaerp.addons.base.tests.test_ir_actions: Starting TestCustomFields.test_rename_custom ... 
2026-02-09 10:59:57,927 1 INFO betopiaerp betopiaerp.models.unlink: User #1 deleted ir.model.fields records with IDs: [2742] 
2026-02-09 10:59:57,943 1 INFO betopiaerp betopiaerp.addons.base.tests.test_ir_actions: Starting TestCustomFields.test_rename_unique ... 
2026-02-09 10:59:58,042 1 INFO betopiaerp betopiaerp.models.unlink: User #1 deleted ir.model.fields records with IDs: [2748] 
2026-02-09 10:59:58,059 1 INFO betopiaerp betopiaerp.addons.base.tests.test_ir_actions: Starting TestCustomFields.test_rename_valid ... 
2026-02-09 10:59:58,127 1 INFO betopiaerp betopiaerp.models.unlink: User #1 deleted ir.model.fields records with IDs: [2751] 
2026-02-09 10:59:58,147 1 INFO betopiaerp betopiaerp.addons.base.tests.test_ir_actions: Starting TestCustomFields.test_rename_with_view ... 
2026-02-09 10:59:58,221 1 INFO betopiaerp betopiaerp.addons.base.tests.test_ir_actions: Starting TestCustomFields.test_rename_without_view ... 
2026-02-09 10:59:58,293 1 INFO betopiaerp betopiaerp.models.unlink: User #1 deleted ir.model.fields records with IDs: [2757] 
2026-02-09 10:59:58,331 1 INFO betopiaerp betopiaerp.addons.base.tests.test_ir_actions: Starting TestCustomFields.test_selection ... 
2026-02-09 10:59:58,383 1 INFO betopiaerp betopiaerp.models.unlink: User #1 deleted ir.model.fields.selection records with IDs: [886] 
2026-02-09 10:59:58,413 1 INFO betopiaerp betopiaerp.addons.base.tests.test_ir_actions: Starting TestCustomFields.test_unlink_base ... 
2026-02-09 10:59:58,431 1 INFO betopiaerp betopiaerp.models.unlink: User #1 deleted ir.model.data records with IDs: [1844, 2138] 
2026-02-09 10:59:58,431 1 INFO betopiaerp betopiaerp.models.unlink: User #1 deleted ir.model.fields records with IDs: [1013, 1307] 
2026-02-09 10:59:58,455 1 INFO betopiaerp betopiaerp.addons.base.tests.test_ir_actions: Starting TestCustomFields.test_unlink_inherited_custom ... 
2026-02-09 10:59:58,514 1 INFO betopiaerp betopiaerp.models.unlink: User #1 deleted ir.model.fields records with IDs: [2762, 2764] 
2026-02-09 10:59:58,550 1 INFO betopiaerp betopiaerp.addons.base.tests.test_ir_actions: Starting TestCustomFields.test_unlink_with_dependant ... 
2026-02-09 10:59:58,617 1 INFO betopiaerp betopiaerp.models.unlink: User #1 deleted ir.model.fields records with IDs: [2765, 2767, 2768] 
2026-02-09 10:59:58,633 1 INFO betopiaerp betopiaerp.addons.base.tests.test_ir_actions: Starting TestCustomFields.test_unlink_with_inverse ... 
2026-02-09 10:59:58,697 1 INFO betopiaerp betopiaerp.models.unlink: User #1 deleted ir.model.fields records with IDs: [2770, 2774, 2772] 
2026-02-09 10:59:58,714 1 INFO betopiaerp betopiaerp.addons.base.models.ir_attachment: filestore gc 0 checked, 0 removed 
2026-02-09 10:59:58,742 1 INFO betopiaerp betopiaerp.addons.base.tests.test_ir_attachment: Starting TestIrAttachment.test_01_store_in_db ... 
2026-02-09 10:59:58,749 1 INFO betopiaerp betopiaerp.addons.base.tests.test_ir_attachment: Starting TestIrAttachment.test_02_store_on_disk ... 
2026-02-09 10:59:58,752 1 INFO betopiaerp betopiaerp.addons.base.tests.test_ir_attachment: Starting TestIrAttachment.test_03_no_duplication ... 
2026-02-09 10:59:58,754 1 INFO betopiaerp betopiaerp.addons.base.tests.test_ir_attachment: Starting TestIrAttachment.test_04_keep_file ... 
2026-02-09 10:59:58,758 1 INFO betopiaerp betopiaerp.models.unlink: User #1 deleted ir.attachment records with IDs: [4689] 
2026-02-09 10:59:58,759 1 INFO betopiaerp betopiaerp.addons.base.tests.test_ir_attachment: Starting TestIrAttachment.test_05_change_data_change_file ... 
2026-02-09 10:59:58,762 1 INFO betopiaerp betopiaerp.addons.base.tests.test_ir_attachment: Starting TestIrAttachment.test_07_write_mimetype ... 
2026-02-09 10:59:58,765 1 INFO betopiaerp betopiaerp.addons.base.models.ir_attachment: Post processing ignored : This file could not be decoded as an image file. 
2026-02-09 10:59:58,772 1 INFO betopiaerp betopiaerp.addons.base.tests.test_ir_attachment: Starting TestIrAttachment.test_08_neuter_xml_mimetype ... 
2026-02-09 10:59:58,781 1 INFO betopiaerp betopiaerp.addons.base.tests.test_ir_attachment: Starting TestIrAttachment.test_09_dont_neuter_xml_mimetype_for_admin ... 
2026-02-09 10:59:58,784 1 INFO betopiaerp betopiaerp.addons.base.tests.test_ir_attachment: Starting TestIrAttachment.test_10_image_autoresize ... 
2026-02-09 10:59:59,122 1 INFO betopiaerp betopiaerp.models.unlink: User #1 deleted ir.config_parameter records with IDs: [274, 275] 
2026-02-09 10:59:59,508 1 INFO betopiaerp betopiaerp.addons.base.tests.test_ir_attachment: Starting TestIrAttachment.test_11_copy ... 
2026-02-09 10:59:59,513 1 INFO betopiaerp betopiaerp.addons.base.tests.test_ir_attachment: Starting TestIrAttachment.test_12_gc ... 
2026-02-09 10:59:59,518 1 INFO betopiaerp betopiaerp.models.unlink: User #1 deleted ir.attachment records with IDs: [4701] 
2026-02-09 10:59:59,519 1 INFO betopiaerp betopiaerp.addons.base.models.ir_attachment: filestore gc 10 checked, 9 removed 
2026-02-09 10:59:59,519 1 INFO betopiaerp betopiaerp.addons.base.tests.test_ir_attachment: Starting TestIrAttachment.test_13_rollback ... 
2026-02-09 10:59:59,523 1 INFO betopiaerp betopiaerp.addons.base.models.ir_attachment: filestore gc 1 checked, 1 removed 
2026-02-09 10:59:59,524 1 INFO betopiaerp betopiaerp.addons.base.tests.test_ir_attachment: Starting TestIrAttachment.test_14_invalid_mimetype_with_correct_file_extension_no_post_processing ... 
2026-02-09 10:59:59,525 1 INFO betopiaerp betopiaerp.addons.base.models.ir_attachment: Post processing ignored : Empty source, SVG, or WEBP 
2026-02-09 10:59:59,528 1 INFO betopiaerp betopiaerp.addons.base.tests.test_ir_attachment: Starting TestIrAttachment.test_15_read_bin_size_doesnt_read_datas ... 
2026-02-09 10:59:59,532 1 INFO betopiaerp betopiaerp.addons.base.models.ir_attachment: filestore gc 1 checked, 1 removed 
2026-02-09 10:59:59,562 1 INFO betopiaerp betopiaerp.addons.base.tests.test_ir_attachment: Starting TestPermissions.test_basic_modifications ... 
2026-02-09 10:59:59,586 1 INFO betopiaerp betopiaerp.addons.base.tests.test_ir_attachment: Starting TestPermissions.test_cross_record_copies ... 
2026-02-09 10:59:59,598 1 INFO betopiaerp betopiaerp.addons.base.models.ir_model: Access Denied by ACLs for operation: write, uid: 925, model: res.users.apikeys.description 
2026-02-09 10:59:59,625 1 INFO betopiaerp betopiaerp.addons.base.tests.test_ir_attachment: Starting TestPermissions.test_field_read_permission ... 
2026-02-09 10:59:59,653 1 INFO betopiaerp betopiaerp.addons.base.tests.test_ir_attachment: Starting TestPermissions.test_read_permission ... 
2026-02-09 10:59:59,669 1 INFO betopiaerp betopiaerp.addons.base.models.ir_rule: Access Denied by record rules for operation: read on record ids: [4719], uid: 925, model: ir.attachment 
2026-02-09 10:59:59,674 1 INFO betopiaerp betopiaerp.addons.base.models.ir_rule: Access Denied by record rules for operation: read on record ids: [4719], uid: 925, model: ir.attachment 
2026-02-09 10:59:59,676 1 INFO betopiaerp betopiaerp.addons.base.models.ir_rule: Access Denied by record rules for operation: read on record ids: [4719], uid: 925, model: ir.attachment 
2026-02-09 10:59:59,678 1 INFO betopiaerp betopiaerp.addons.base.models.ir_rule: Access Denied by record rules for operation: read on record ids: [4719], uid: 925, model: ir.attachment 
2026-02-09 10:59:59,684 1 INFO betopiaerp betopiaerp.addons.base.models.ir_rule: Access Denied by record rules for operation: read on record ids: [4719], uid: 925, model: ir.attachment 
2026-02-09 10:59:59,688 1 INFO betopiaerp betopiaerp.addons.base.models.ir_rule: Access Denied by record rules for operation: read on record ids: [4719], uid: 925, model: ir.attachment 
2026-02-09 10:59:59,690 1 INFO betopiaerp betopiaerp.addons.base.models.ir_rule: Access Denied by record rules for operation: read on record ids: [4719], uid: 925, model: ir.attachment 
2026-02-09 10:59:59,692 1 INFO betopiaerp betopiaerp.addons.base.models.ir_rule: Access Denied by record rules for operation: read on record ids: [4719], uid: 925, model: ir.attachment 
2026-02-09 10:59:59,699 1 INFO betopiaerp betopiaerp.addons.base.models.ir_rule: Access Denied by record rules for operation: read on record ids: [4721], uid: 925, model: ir.attachment 
2026-02-09 10:59:59,703 1 INFO betopiaerp betopiaerp.addons.base.models.ir_rule: Access Denied by record rules for operation: read on record ids: [4721], uid: 925, model: ir.attachment 
2026-02-09 10:59:59,706 1 INFO betopiaerp betopiaerp.addons.base.models.ir_rule: Access Denied by record rules for operation: read on record ids: [4721], uid: 925, model: ir.attachment 
2026-02-09 10:59:59,708 1 INFO betopiaerp betopiaerp.addons.base.models.ir_rule: Access Denied by record rules for operation: read on record ids: [4721], uid: 925, model: ir.attachment 
2026-02-09 10:59:59,714 1 INFO betopiaerp betopiaerp.addons.base.tests.test_ir_attachment: Starting TestPermissions.test_with_write_permissions ... 
2026-02-09 10:59:59,731 1 INFO betopiaerp betopiaerp.models.unlink: User #925 deleted ir.attachment records with IDs: [4724] 
2026-02-09 10:59:59,731 1 INFO betopiaerp betopiaerp.addons.base.tests.test_ir_attachment: Starting TestPermissions.test_write_create_url_binary_attachment ... 
2026-02-09 10:59:59,749 1 INFO betopiaerp betopiaerp.addons.base.tests.test_ir_attachment: Starting TestPermissions.test_write_error ... 
2026-02-09 10:59:59,759 1 INFO betopiaerp betopiaerp.addons.base.models.ir_attachment: _file_write writing /proc/dummy_test 
2026-02-09 10:59:59,762 1 INFO betopiaerp betopiaerp.addons.base.models.ir_attachment: filestore gc 3 checked, 3 removed 
2026-02-09 10:59:59,763 1 INFO betopiaerp betopiaerp.addons.base.tests.test_ir_cron: Starting TestIrCron.test_acquire_processed_job ... 
2026-02-09 10:59:59,763 1 INFO betopiaerp betopiaerp.addons.base.tests.test_ir_cron: Starting TestIrCron.test_cron_commit_progress ... 
2026-02-09 10:59:59,763 1 INFO betopiaerp betopiaerp.addons.base.tests.test_ir_cron: Starting TestIrCron.test_cron_deactivate ... 
2026-02-09 10:59:59,763 1 INFO betopiaerp betopiaerp.addons.base.models.ir_cron: Job 'Dummy cron for TestIrCron b2N-JKZEvbM' (58) starting 
2026-02-09 10:59:59,763 1 INFO betopiaerp betopiaerp.tests.common: Skipping signal changes during tests 
2026-02-09 10:59:59,763 1 INFO betopiaerp betopiaerp.addons.base.models.ir_cron: Job 'Dummy cron for TestIrCron b2N-JKZEvbM' (58) fully done (#loop 1; done 1; remaining 0; duration 0.00s) 
2026-02-09 10:59:59,763 1 INFO betopiaerp betopiaerp.addons.base.tests.test_ir_cron: Starting TestIrCron.test_cron_direct_trigger ... 
2026-02-09 10:59:59,763 1 INFO betopiaerp betopiaerp.addons.base.models.ir_cron: Job 'Dummy cron for TestIrCron zG269KGwF1o' (58) starting 
2026-02-09 10:59:59,763 1 INFO betopiaerp betopiaerp.tests.common: Skipping signal changes during tests 
2026-02-09 10:59:59,763 1 INFO betopiaerp betopiaerp.addons.base.models.ir_cron: Job 'Dummy cron for TestIrCron zG269KGwF1o' (58) fully done (#loop 1; done 0; remaining 0; duration 0.00s) 
2026-02-09 10:59:59,763 1 INFO betopiaerp betopiaerp.addons.base.tests.test_ir_cron: Starting TestIrCron.test_cron_direct_trigger_exception ... 
2026-02-09 10:59:59,763 1 INFO betopiaerp betopiaerp.addons.base.tests.test_ir_cron: Starting TestIrCron.test_cron_failed_increase ... 
2026-02-09 10:59:59,763 1 INFO betopiaerp betopiaerp.addons.base.tests.test_ir_cron: Starting TestIrCron.test_cron_keep_future_triggers ... 
2026-02-09 10:59:59,763 1 INFO betopiaerp betopiaerp.addons.base.tests.test_ir_cron: Starting TestIrCron.test_cron_no_job_ready ... 
2026-02-09 10:59:59,763 1 INFO betopiaerp betopiaerp.addons.base.tests.test_ir_cron: Starting TestIrCron.test_cron_process_job ... 
2026-02-09 10:59:59,763 1 INFO betopiaerp betopiaerp.tests.common: Skipping signal changes during tests 
2026-02-09 10:59:59,763 1 INFO betopiaerp betopiaerp.tests.common: Skipping signal changes during tests 
2026-02-09 11:00:00,763 1 INFO betopiaerp betopiaerp.tests.common: Skipping signal changes during tests 
2026-02-09 11:00:01,763 1 INFO betopiaerp betopiaerp.tests.common: Skipping signal changes during tests 
2026-02-09 11:00:02,763 1 INFO betopiaerp betopiaerp.tests.common: Skipping signal changes during tests 
2026-02-09 11:00:03,763 1 INFO betopiaerp betopiaerp.tests.common: Skipping signal changes during tests 
2026-02-09 11:00:04,763 1 INFO betopiaerp betopiaerp.tests.common: Skipping signal changes during tests 
2026-02-09 11:00:05,763 1 INFO betopiaerp betopiaerp.tests.common: Skipping signal changes during tests 
2026-02-09 11:00:06,763 1 INFO betopiaerp betopiaerp.tests.common: Skipping signal changes during tests 
2026-02-09 11:00:07,763 1 INFO betopiaerp betopiaerp.tests.common: Skipping signal changes during tests 
2026-02-09 11:00:08,763 1 INFO betopiaerp betopiaerp.tests.common: Skipping signal changes during tests 
2026-02-09 11:00:09,763 1 INFO betopiaerp betopiaerp.tests.common: Skipping signal changes during tests 
2026-02-09 11:00:10,763 1 INFO betopiaerp betopiaerp.tests.common: Skipping signal changes during tests 
2026-02-09 11:00:11,763 1 INFO betopiaerp betopiaerp.tests.common: Skipping signal changes during tests 
2026-02-09 11:00:12,763 1 INFO betopiaerp betopiaerp.tests.common: Skipping signal changes during tests 
2026-02-09 11:00:13,763 1 INFO betopiaerp betopiaerp.tests.common: Skipping signal changes during tests 
2026-02-09 11:00:14,763 1 INFO betopiaerp betopiaerp.tests.common: Skipping signal changes during tests 
2026-02-09 11:00:15,763 1 INFO betopiaerp betopiaerp.tests.common: Skipping signal changes during tests 
2026-02-09 11:00:16,763 1 INFO betopiaerp betopiaerp.tests.common: Skipping signal changes during tests 
2026-02-09 11:00:17,763 1 INFO betopiaerp betopiaerp.tests.common: Skipping signal changes during tests 
2026-02-09 11:00:18,763 1 INFO betopiaerp betopiaerp.tests.common: Skipping signal changes during tests 
2026-02-09 11:00:19,763 1 INFO betopiaerp betopiaerp.tests.common: Skipping signal changes during tests 
2026-02-09 11:00:19,763 1 INFO betopiaerp betopiaerp.tests.common: Skipping signal changes during tests 
2026-02-09 11:00:19,763 1 INFO betopiaerp betopiaerp.tests.common: Skipping signal changes during tests 
2026-02-09 11:00:19,763 1 INFO betopiaerp betopiaerp.tests.common: Skipping signal changes during tests 
2026-02-09 11:00:19,763 1 INFO betopiaerp betopiaerp.tests.common: Skipping signal changes during tests 
2026-02-09 11:00:19,763 1 INFO betopiaerp betopiaerp.tests.common: Skipping signal changes during tests 
2026-02-09 11:00:19,763 1 INFO betopiaerp betopiaerp.tests.common: Skipping signal changes during tests 
2026-02-09 11:00:19,763 1 INFO betopiaerp betopiaerp.tests.common: Skipping signal changes during tests 
2026-02-09 11:00:19,763 1 INFO betopiaerp betopiaerp.tests.common: Skipping signal changes during tests 
2026-02-09 11:00:19,763 1 INFO betopiaerp betopiaerp.tests.common: Skipping signal changes during tests 
2026-02-09 11:00:19,763 1 INFO betopiaerp betopiaerp.tests.common: Skipping signal changes during tests 
2026-02-09 11:00:29,763 1 INFO betopiaerp betopiaerp.tests.common: Skipping signal changes during tests 
2026-02-09 11:00:29,763 1 INFO betopiaerp betopiaerp.tests.common: Skipping signal changes during tests 
2026-02-09 11:00:29,763 1 INFO betopiaerp betopiaerp.addons.base.tests.test_ir_cron: Starting TestIrCron.test_cron_process_jobs_locked ... 
2026-02-09 11:00:29,763 1 INFO betopiaerp betopiaerp.addons.base.tests.test_ir_cron: Starting TestIrCron.test_cron_process_jobs_simple ... 
2026-02-09 11:00:29,763 1 INFO betopiaerp betopiaerp.addons.base.tests.test_ir_cron: Starting TestIrCron.test_cron_process_jobs_status_failed ... 
2026-02-09 11:00:29,763 1 INFO betopiaerp betopiaerp.addons.base.tests.test_ir_cron: Starting TestIrCron.test_cron_process_jobs_status_partial ... 
2026-02-09 11:00:29,763 1 INFO betopiaerp betopiaerp.addons.base.tests.test_ir_cron: Starting TestIrCron.test_cron_ready_by_nextcall ... 
2026-02-09 11:00:29,763 1 INFO betopiaerp betopiaerp.addons.base.tests.test_ir_cron: Starting TestIrCron.test_cron_ready_by_trigger ... 
2026-02-09 11:00:29,763 1 INFO betopiaerp betopiaerp.addons.base.tests.test_ir_cron: Starting TestIrCron.test_cron_ready_jobs_order ... 
2026-02-09 11:00:29,763 1 INFO betopiaerp betopiaerp.addons.base.tests.test_ir_cron: Starting TestIrCron.test_cron_retrigger ... 
2026-02-09 11:00:29,763 1 INFO betopiaerp betopiaerp.addons.base.models.ir_cron: Job 'Dummy cron for TestIrCron HavZd9eEIX8' (58) starting 
2026-02-09 11:00:31,763 1 INFO betopiaerp betopiaerp.tests.common: Skipping signal changes during tests 
2026-02-09 11:00:33,763 1 INFO betopiaerp betopiaerp.tests.common: Skipping signal changes during tests 
2026-02-09 11:00:35,763 1 INFO betopiaerp betopiaerp.tests.common: Skipping signal changes during tests 
2026-02-09 11:00:37,763 1 INFO betopiaerp betopiaerp.tests.common: Skipping signal changes during tests 
2026-02-09 11:00:39,763 1 INFO betopiaerp betopiaerp.tests.common: Skipping signal changes during tests 
2026-02-09 11:00:41,763 1 INFO betopiaerp betopiaerp.tests.common: Skipping signal changes during tests 
2026-02-09 11:00:43,763 1 INFO betopiaerp betopiaerp.tests.common: Skipping signal changes during tests 
2026-02-09 11:00:45,763 1 INFO betopiaerp betopiaerp.tests.common: Skipping signal changes during tests 
2026-02-09 11:00:47,763 1 INFO betopiaerp betopiaerp.tests.common: Skipping signal changes during tests 
2026-02-09 11:00:49,763 1 INFO betopiaerp betopiaerp.tests.common: Skipping signal changes during tests 
2026-02-09 11:00:49,763 1 INFO betopiaerp betopiaerp.addons.base.models.ir_cron: Job 'Dummy cron for TestIrCron HavZd9eEIX8' (58) partially done (#loop 10; done 1; remaining 21; duration 20.00s) 
2026-02-09 11:00:49,763 1 INFO betopiaerp betopiaerp.addons.base.models.ir_cron: Job 'Dummy cron for TestIrCron HavZd9eEIX8' (58) starting 
2026-02-09 11:00:50,263 1 INFO betopiaerp betopiaerp.tests.common: Skipping signal changes during tests 
2026-02-09 11:00:50,763 1 INFO betopiaerp betopiaerp.tests.common: Skipping signal changes during tests 
2026-02-09 11:00:51,263 1 INFO betopiaerp betopiaerp.tests.common: Skipping signal changes during tests 
2026-02-09 11:00:51,763 1 INFO betopiaerp betopiaerp.tests.common: Skipping signal changes during tests 
2026-02-09 11:00:52,263 1 INFO betopiaerp betopiaerp.tests.common: Skipping signal changes during tests 
2026-02-09 11:00:52,763 1 INFO betopiaerp betopiaerp.tests.common: Skipping signal changes during tests 
2026-02-09 11:00:53,263 1 INFO betopiaerp betopiaerp.tests.common: Skipping signal changes during tests 
2026-02-09 11:00:53,763 1 INFO betopiaerp betopiaerp.tests.common: Skipping signal changes during tests 
2026-02-09 11:00:54,263 1 INFO betopiaerp betopiaerp.tests.common: Skipping signal changes during tests 
2026-02-09 11:00:54,763 1 INFO betopiaerp betopiaerp.tests.common: Skipping signal changes during tests 
2026-02-09 11:00:55,263 1 INFO betopiaerp betopiaerp.tests.common: Skipping signal changes during tests 
2026-02-09 11:00:55,763 1 INFO betopiaerp betopiaerp.tests.common: Skipping signal changes during tests 
2026-02-09 11:00:56,263 1 INFO betopiaerp betopiaerp.tests.common: Skipping signal changes during tests 
2026-02-09 11:00:56,763 1 INFO betopiaerp betopiaerp.tests.common: Skipping signal changes during tests 
2026-02-09 11:00:57,263 1 INFO betopiaerp betopiaerp.tests.common: Skipping signal changes during tests 
2026-02-09 11:00:57,763 1 INFO betopiaerp betopiaerp.tests.common: Skipping signal changes during tests 
2026-02-09 11:00:58,263 1 INFO betopiaerp betopiaerp.tests.common: Skipping signal changes during tests 
2026-02-09 11:00:58,763 1 INFO betopiaerp betopiaerp.tests.common: Skipping signal changes during tests 
2026-02-09 11:00:59,263 1 INFO betopiaerp betopiaerp.tests.common: Skipping signal changes during tests 
2026-02-09 11:00:59,763 1 INFO betopiaerp betopiaerp.tests.common: Skipping signal changes during tests 
2026-02-09 11:00:59,763 1 INFO betopiaerp betopiaerp.addons.base.models.ir_cron: Job 'Dummy cron for TestIrCron HavZd9eEIX8' (58) partially done (#loop 20; done 1; remaining 1; duration 10.00s) 
2026-02-09 11:00:59,763 1 INFO betopiaerp betopiaerp.addons.base.models.ir_cron: Job 'Dummy cron for TestIrCron HavZd9eEIX8' (58) starting 
2026-02-09 11:01:00,263 1 INFO betopiaerp betopiaerp.tests.common: Skipping signal changes during tests 
2026-02-09 11:01:00,263 1 INFO betopiaerp betopiaerp.addons.base.models.ir_cron: Job 'Dummy cron for TestIrCron HavZd9eEIX8' (58) fully done (#loop 1; done 1; remaining 0; duration 0.50s) 
2026-02-09 11:01:00,263 1 INFO betopiaerp betopiaerp.addons.base.tests.test_ir_cron: Starting TestIrCron.test_cron_skip_unactive_triggers ... 
2026-02-09 11:01:00,263 1 INFO betopiaerp betopiaerp.addons.base.tests.test_ir_cron: Starting TestIrCron.test_cron_timeout_failure ... 
2026-02-09 11:01:00,263 1 INFO betopiaerp betopiaerp.addons.base.models.ir_cron: Job 'Dummy cron for TestIrCron QtIOifgA4s8' (58) starting 
2026-02-09 11:01:00,263 1 INFO betopiaerp betopiaerp.tests.common: Skipping signal changes during tests 
2026-02-09 11:01:00,263 1 INFO betopiaerp betopiaerp.addons.base.models.ir_cron: Job 'Dummy cron for TestIrCron QtIOifgA4s8' (58) fully done (#loop 1; done 0; remaining 0; duration 0.00s) 
2026-02-09 11:01:00,263 1 INFO betopiaerp betopiaerp.addons.base.tests.test_ir_cron: Starting TestIrCron.test_cron_timeout_success ... 
2026-02-09 11:01:00,263 1 INFO betopiaerp betopiaerp.addons.base.models.ir_cron: Job 'Dummy cron for TestIrCron sMicCC7s3hU' (58) starting 
2026-02-09 11:01:00,263 1 INFO betopiaerp betopiaerp.tests.common: Skipping signal changes during tests 
2026-02-09 11:01:00,263 1 INFO betopiaerp betopiaerp.addons.base.models.ir_cron: Job 'Dummy cron for TestIrCron sMicCC7s3hU' (58) fully done (#loop 1; done 0; remaining 0; duration 0.00s) 
2026-02-09 11:01:00,263 1 INFO betopiaerp betopiaerp.addons.base.tests.test_ir_cron: Starting TestIrCron.test_cron_unactive_never_ready ... 
2026-02-09 11:00:00,683 1 INFO betopiaerp betopiaerp.addons.base.models.ir_attachment: filestore gc 0 checked, 0 removed 
2026-02-09 11:00:00,684 1 INFO betopiaerp betopiaerp.addons.base.tests.test_ir_cron: Starting TestIrCronUser.test_cron_archived_admin_user ... 
2026-02-09 11:00:00,773 1 INFO betopiaerp betopiaerp.addons.base.models.ir_attachment: filestore gc 1 checked, 1 removed 
2026-02-09 11:00:00,774 1 INFO betopiaerp betopiaerp.addons.base.tests.test_ir_default: Starting TestIrDefault.test_conditions ... 
2026-02-09 11:00:00,778 1 INFO betopiaerp betopiaerp.models.unlink: User #1 deleted ir.default records with IDs: [1] 
2026-02-09 11:00:00,786 1 INFO betopiaerp betopiaerp.models.unlink: User #1 deleted ir.default records with IDs: [56] 
2026-02-09 11:00:00,792 1 INFO betopiaerp betopiaerp.addons.base.tests.test_ir_default: Starting TestIrDefault.test_defaults ... 
2026-02-09 11:00:00,898 1 INFO betopiaerp betopiaerp.models.unlink: User #1 deleted ir.default records with IDs: [1] 
2026-02-09 11:00:00,915 1 INFO betopiaerp betopiaerp.addons.base.tests.test_ir_default: Starting TestIrDefault.test_invalid ... 
2026-02-09 11:00:00,917 1 INFO betopiaerp betopiaerp.addons.base.tests.test_ir_default: Starting TestIrDefault.test_json_format_invalid ... 
2026-02-09 11:00:00,921 1 INFO betopiaerp betopiaerp.addons.base.tests.test_ir_default: Starting TestIrDefault.test_multi_company_defaults ... 
2026-02-09 11:00:01,078 1 INFO betopiaerp betopiaerp.addons.base.tests.test_ir_default: Starting TestIrDefault.test_removal ... 
2026-02-09 11:00:01,080 1 INFO betopiaerp betopiaerp.models.unlink: User #1 deleted ir.default records with IDs: [1] 
2026-02-09 11:00:01,089 1 INFO betopiaerp betopiaerp.models.unlink: User #1 deleted ir.default records with IDs: [65] 
2026-02-09 11:00:01,090 1 INFO betopiaerp betopiaerp.models.unlink: User #1 deleted res.country records with IDs: [484] 
2026-02-09 11:00:01,092 1 INFO betopiaerp betopiaerp.addons.base.models.ir_attachment: filestore gc 2 checked, 2 removed 
2026-02-09 11:00:01,124 1 INFO betopiaerp betopiaerp.addons.base.tests.test_ir_embedded_actions: Starting TestEmbeddedActionsBase.test_can_delete_custom_embedded_action ... 
2026-02-09 11:00:01,135 1 INFO betopiaerp betopiaerp.models.unlink: User #1 deleted ir.embedded.actions records with IDs: [63] 
2026-02-09 11:00:01,135 1 INFO betopiaerp betopiaerp.addons.base.tests.test_ir_embedded_actions: Starting TestEmbeddedActionsBase.test_cannot_delete_default_embedded_action ... 
2026-02-09 11:00:01,136 1 INFO betopiaerp betopiaerp.addons.base.tests.test_ir_embedded_actions: Starting TestEmbeddedActionsBase.test_create_embedded_action_with_action_and_python_method ... 
2026-02-09 11:00:01,138 1 INFO betopiaerp betopiaerp.addons.base.tests.test_ir_embedded_actions: Starting TestEmbeddedActionsBase.test_domain_on_embedded_action ... 
2026-02-09 11:00:01,148 1 INFO betopiaerp betopiaerp.addons.base.tests.test_ir_embedded_actions: Starting TestEmbeddedActionsBase.test_groups_on_embedded_action ... 
2026-02-09 11:00:01,174 1 INFO betopiaerp betopiaerp.addons.base.tests.test_ir_embedded_actions: Starting TestEmbeddedActionsBase.test_parent_has_embedded_actions ... 
2026-02-09 11:00:01,182 1 INFO betopiaerp betopiaerp.addons.base.models.ir_attachment: filestore gc 1 checked, 1 removed 
2026-02-09 11:00:01,212 1 INFO betopiaerp betopiaerp.addons.base.tests.test_ir_filters: Starting TestGetFilters.test_global_filters ... 
2026-02-09 11:00:01,232 1 INFO betopiaerp betopiaerp.addons.base.tests.test_ir_filters: Starting TestGetFilters.test_no_third_party_filters ... 
2026-02-09 11:00:01,250 1 INFO betopiaerp betopiaerp.addons.base.tests.test_ir_filters: Starting TestGetFilters.test_own_filters ... 
2026-02-09 11:00:01,269 1 INFO betopiaerp betopiaerp.addons.base.models.ir_attachment: filestore gc 1 checked, 1 removed 
2026-02-09 11:00:01,299 1 INFO betopiaerp betopiaerp.addons.base.tests.test_ir_filters: Starting TestEmbeddedFilters.test_global_filters_with_embedded_action ... 
2026-02-09 11:00:01,326 1 INFO betopiaerp betopiaerp.addons.base.tests.test_ir_filters: Starting TestEmbeddedFilters.test_global_filters_with_no_embedded_action ... 
2026-02-09 11:00:01,341 1 INFO betopiaerp betopiaerp.addons.base.models.ir_attachment: filestore gc 1 checked, 1 removed 
2026-02-09 11:00:01,343 1 INFO betopiaerp betopiaerp.addons.base.tests.test_ir_mail_server: Starting EmailConfigCase.test_default_email_from ... 
2026-02-09 11:00:01,346 1 INFO betopiaerp betopiaerp.addons.base.models.ir_attachment: filestore gc 0 checked, 0 removed 
2026-02-09 11:00:01,351 1 INFO betopiaerp betopiaerp.addons.base.tests.test_ir_mail_server: Starting TestIrMailServer.test_assert_base_values ... 
2026-02-09 11:00:01,352 1 INFO betopiaerp betopiaerp.addons.base.tests.test_ir_mail_server: Starting TestIrMailServer.test_bpo_34424_35805 ... 
2026-02-09 11:00:01,355 1 INFO betopiaerp betopiaerp.addons.base.tests.test_ir_mail_server: Starting TestIrMailServer.test_content_alternative_correct_order ... 
2026-02-09 11:00:01,360 1 INFO betopiaerp betopiaerp.addons.base.tests.test_ir_mail_server: Starting TestIrMailServer.test_content_mail_body ... 
2026-02-09 11:00:01,369 1 INFO betopiaerp betopiaerp.addons.base.tests.test_ir_mail_server: Starting TestIrMailServer.test_eml_attachment_encoding ... 
2026-02-09 11:00:01,371 1 INFO betopiaerp betopiaerp.addons.base.tests.test_ir_mail_server: Starting TestIrMailServer.test_eml_message_serialization_with_non_ascii ... 
2026-02-09 11:00:01,373 1 INFO betopiaerp betopiaerp.addons.base.tests.test_ir_mail_server: Starting TestIrMailServer.test_mail_server_auth_cert_requires_tls ... 
2026-02-09 11:00:01,376 1 INFO betopiaerp betopiaerp.addons.base.tests.test_ir_mail_server: Starting TestIrMailServer.test_mail_server_config_bin ... 
2026-02-09 11:00:01,410 1 INFO betopiaerp betopiaerp.addons.base.tests.test_ir_mail_server: Starting TestIrMailServer.test_mail_server_config_cli ... 
2026-02-09 11:00:01,422 1 INFO betopiaerp betopiaerp.addons.base.tests.test_ir_mail_server: Starting TestIrMailServer.test_mail_server_get_test_email_from ... 
2026-02-09 11:00:01,435 1 INFO betopiaerp betopiaerp.addons.base.tests.test_ir_mail_server: Starting TestIrMailServer.test_mail_server_match_from_filter ... 
2026-02-09 11:00:01,436 1 INFO betopiaerp betopiaerp.addons.base.tests.test_ir_mail_server: Starting TestIrMailServer.test_mail_server_priorities ... 
2026-02-09 11:00:01,439 1 INFO betopiaerp betopiaerp.addons.base.tests.test_ir_mail_server: Starting TestIrMailServer.test_mail_server_send_email ... 
2026-02-09 11:00:01,470 1 INFO betopiaerp betopiaerp.addons.base.tests.test_ir_mail_server: Starting TestIrMailServer.test_mail_server_send_email_IDNA ... 
2026-02-09 11:00:01,474 1 INFO betopiaerp betopiaerp.addons.base.tests.test_ir_mail_server: Starting TestIrMailServer.test_mail_server_send_email_context_force ... 
2026-02-09 11:00:01,486 1 INFO betopiaerp betopiaerp.addons.base.models.ir_attachment: filestore gc 0 checked, 0 removed 
2026-02-09 11:00:01,488 1 INFO betopiaerp betopiaerp.addons.base.tests.test_ir_mail_server_smtpd: Starting TestIrMailServerSMTPD.test_authentication_certificate_matrix ... 
2026-02-09 11:00:01,488 1 INFO betopiaerp betopiaerp.addons.base.tests.test_ir_mail_server_smtpd: skipped TestIrMailServerSMTPD.test_authentication_certificate_matrix : aiosmtpd couldn't be imported 
2026-02-09 11:00:01,488 1 INFO betopiaerp betopiaerp.addons.base.tests.test_ir_mail_server_smtpd: Starting TestIrMailServerSMTPD.test_authentication_login_matrix ... 
2026-02-09 11:00:01,489 1 INFO betopiaerp betopiaerp.addons.base.tests.test_ir_mail_server_smtpd: skipped TestIrMailServerSMTPD.test_authentication_login_matrix : aiosmtpd couldn't be imported 
2026-02-09 11:00:01,489 1 INFO betopiaerp betopiaerp.addons.base.tests.test_ir_mail_server_smtpd: Starting TestIrMailServerSMTPD.test_encryption_matrix ... 
2026-02-09 11:00:01,489 1 INFO betopiaerp betopiaerp.addons.base.tests.test_ir_mail_server_smtpd: skipped TestIrMailServerSMTPD.test_encryption_matrix : aiosmtpd couldn't be imported 
2026-02-09 11:00:01,490 1 INFO betopiaerp betopiaerp.addons.base.tests.test_ir_mail_server_smtpd: Starting TestIrMailServerSMTPD.test_man_in_the_middle_matrix ... 
2026-02-09 11:00:01,490 1 INFO betopiaerp betopiaerp.addons.base.tests.test_ir_mail_server_smtpd: skipped TestIrMailServerSMTPD.test_man_in_the_middle_matrix : aiosmtpd couldn't be imported 
2026-02-09 11:00:01,491 1 INFO betopiaerp betopiaerp.addons.base.tests.test_ir_model: Starting TestXMLID.test_create ... 
2026-02-09 11:00:01,502 1 INFO betopiaerp betopiaerp.addons.base.tests.test_ir_model: Starting TestXMLID.test_create_external_id_with_space ... 
2026-02-09 11:00:01,507 1 INFO betopiaerp betopiaerp.addons.base.tests.test_ir_model: Starting TestXMLID.test_create_inherits ... 
2026-02-09 11:00:01,530 1 INFO betopiaerp betopiaerp.addons.base.tests.test_ir_model: Starting TestXMLID.test_create_noupdate ... 
2026-02-09 11:00:01,535 1 INFO betopiaerp betopiaerp.addons.base.tests.test_ir_model: Starting TestXMLID.test_create_noupdate_multi ... 
2026-02-09 11:00:01,540 1 INFO betopiaerp betopiaerp.addons.base.tests.test_ir_model: Starting TestXMLID.test_create_order ... 
2026-02-09 11:00:01,546 1 INFO betopiaerp betopiaerp.addons.base.tests.test_ir_model: Starting TestXMLID.test_create_xmlids ... 
2026-02-09 11:00:01,573 1 INFO betopiaerp betopiaerp.addons.base.tests.test_ir_model: Starting TestXMLID.test_recreate ... 
2026-02-09 11:00:01,581 1 INFO betopiaerp betopiaerp.models.unlink: User #1 deleted ir.model.data records with IDs: [74327] 
2026-02-09 11:00:01,581 1 INFO betopiaerp betopiaerp.models.unlink: User #1 deleted res.partner.category records with IDs: [678] 
2026-02-09 11:00:01,584 1 INFO betopiaerp betopiaerp.addons.base.tests.test_ir_model: Starting TestXMLID.test_update_xmlid ... 
2026-02-09 11:00:01,591 1 INFO betopiaerp betopiaerp.addons.base.models.ir_attachment: filestore gc 2 checked, 2 removed 
2026-02-09 11:00:01,592 1 INFO betopiaerp betopiaerp.addons.base.tests.test_ir_model: Starting TestEvalContext.test_module_usage ... 
2026-02-09 11:00:01,647 1 INFO betopiaerp betopiaerp.addons.base.models.ir_attachment: filestore gc 0 checked, 0 removed 
2026-02-09 11:00:01,648 1 INFO betopiaerp betopiaerp.addons.base.tests.test_ir_model: Starting TestIrModelInherit.test_inherit ... 
2026-02-09 11:00:01,650 1 INFO betopiaerp betopiaerp.addons.base.tests.test_ir_model: Starting TestIrModelInherit.test_inherits ... 
2026-02-09 11:00:01,654 1 INFO betopiaerp betopiaerp.addons.base.models.ir_attachment: filestore gc 0 checked, 0 removed 
2026-02-09 11:00:01,655 1 INFO betopiaerp betopiaerp.addons.base.tests.test_ir_module: Starting IrModuleCase.test_missing_module_icon ... 
2026-02-09 11:00:01,669 1 INFO betopiaerp betopiaerp.addons.base.tests.test_ir_module: Starting IrModuleCase.test_module_wrong_icon ... 
2026-02-09 11:00:01,675 1 INFO betopiaerp betopiaerp.addons.base.tests.test_ir_module: Starting IrModuleCase.test_new_module_icon ... 
2026-02-09 11:00:01,677 1 INFO betopiaerp betopiaerp.addons.base.models.ir_attachment: filestore gc 0 checked, 0 removed 
2026-02-09 11:00:01,678 1 INFO betopiaerp betopiaerp.addons.base.tests.test_ir_module_category: Starting TestModuleCategory.test_parent_circular_dependencies ... 
2026-02-09 11:00:01,689 1 INFO betopiaerp betopiaerp.addons.base.models.ir_attachment: filestore gc 0 checked, 0 removed 
2026-02-09 11:00:01,690 1 INFO betopiaerp betopiaerp.addons.base.tests.test_ir_sequence: Starting TestIrSequenceStandard.test_ir_sequence_create ... 
2026-02-09 11:00:01,694 1 INFO betopiaerp betopiaerp.addons.base.tests.test_ir_sequence: Starting TestIrSequenceStandard.test_ir_sequence_draw ... 
2026-02-09 11:00:01,698 1 INFO betopiaerp betopiaerp.addons.base.tests.test_ir_sequence: Starting TestIrSequenceStandard.test_ir_sequence_draw_twice ... 
2026-02-09 11:00:01,705 1 INFO betopiaerp betopiaerp.addons.base.tests.test_ir_sequence: Starting TestIrSequenceStandard.test_ir_sequence_search ... 
2026-02-09 11:00:01,708 1 INFO betopiaerp betopiaerp.models.unlink: User #1 deleted ir.sequence records with IDs: [76] 
2026-02-09 11:00:01,711 1 INFO betopiaerp betopiaerp.addons.base.tests.test_ir_sequence: Starting TestIrSequenceNoGap.test_ir_sequence_create_no_gap ... 
2026-02-09 11:00:01,713 1 INFO betopiaerp betopiaerp.addons.base.tests.test_ir_sequence: Starting TestIrSequenceNoGap.test_ir_sequence_draw_no_gap ... 
2026-02-09 11:00:01,717 1 INFO betopiaerp betopiaerp.addons.base.tests.test_ir_sequence: Starting TestIrSequenceNoGap.test_ir_sequence_draw_twice_no_gap ... 
2026-02-09 11:00:01,727 1 INFO betopiaerp betopiaerp.models.unlink: User #1 deleted ir.sequence records with IDs: [77] 
2026-02-09 11:00:01,729 1 INFO betopiaerp betopiaerp.addons.base.tests.test_ir_sequence: Starting TestIrSequenceChangeImplementation.test_ir_sequence_1_create ... 
2026-02-09 11:00:01,732 1 INFO betopiaerp betopiaerp.addons.base.tests.test_ir_sequence: Starting TestIrSequenceChangeImplementation.test_ir_sequence_2_write ... 
2026-02-09 11:00:01,737 1 INFO betopiaerp betopiaerp.addons.base.tests.test_ir_sequence: Starting TestIrSequenceChangeImplementation.test_ir_sequence_3_unlink ... 
2026-02-09 11:00:01,739 1 INFO betopiaerp betopiaerp.models.unlink: User #1 deleted ir.sequence records with IDs: [78, 79] 
2026-02-09 11:00:01,744 1 INFO betopiaerp betopiaerp.addons.base.tests.test_ir_sequence: Starting TestIrSequenceGenerate.test_ir_sequence_create ... 
2026-02-09 11:00:01,756 1 INFO betopiaerp betopiaerp.addons.base.tests.test_ir_sequence: Starting TestIrSequenceGenerate.test_ir_sequence_create_no_gap ... 
2026-02-09 11:00:01,774 1 INFO betopiaerp betopiaerp.addons.base.tests.test_ir_sequence: Starting TestIrSequenceGenerate.test_ir_sequence_interpolation_dict ... 
2026-02-09 11:00:01,779 1 INFO betopiaerp betopiaerp.addons.base.tests.test_ir_sequence: Starting TestIrSequenceGenerate.test_ir_sequence_iso_directives ... 
2026-02-09 11:00:01,784 1 INFO betopiaerp betopiaerp.addons.base.tests.test_ir_sequence: Starting TestIrSequenceGenerate.test_ir_sequence_prefix ... 
2026-02-09 11:00:01,790 1 INFO betopiaerp betopiaerp.addons.base.tests.test_ir_sequence: Starting TestIrSequenceGenerate.test_ir_sequence_suffix ... 
2026-02-09 11:00:01,798 1 INFO betopiaerp betopiaerp.models.unlink: User #1 deleted ir.sequence records with IDs: [80, 81, 82, 83, 84, 85] 
2026-02-09 11:00:01,800 1 INFO betopiaerp betopiaerp.addons.base.tests.test_ir_sequence: Starting TestIrSequenceInit.test_00 ... 
2026-02-09 11:00:01,806 1 INFO betopiaerp betopiaerp.addons.base.models.ir_attachment: filestore gc 0 checked, 0 removed 
2026-02-09 11:00:01,807 1 INFO betopiaerp betopiaerp.addons.base.tests.test_ir_sequence_date_range: Starting TestIrSequenceDateRangeStandard.test_ir_sequence_date_range_1_create ... 
2026-02-09 11:00:01,809 1 INFO betopiaerp betopiaerp.addons.base.tests.test_ir_sequence_date_range: Starting TestIrSequenceDateRangeStandard.test_ir_sequence_date_range_2_change_dates ... 
2026-02-09 11:00:01,822 1 INFO betopiaerp betopiaerp.addons.base.tests.test_ir_sequence_date_range: Starting TestIrSequenceDateRangeStandard.test_ir_sequence_date_range_3_unlink ... 
2026-02-09 11:00:01,825 1 INFO betopiaerp betopiaerp.models.unlink: User #1 deleted ir.sequence records with IDs: [87] 
2026-02-09 11:00:01,826 1 INFO betopiaerp betopiaerp.addons.base.tests.test_ir_sequence_date_range: Starting TestIrSequenceDateRangeNoGap.test_ir_sequence_date_range_1_create_no_gap ... 
2026-02-09 11:00:01,829 1 INFO betopiaerp betopiaerp.addons.base.tests.test_ir_sequence_date_range: Starting TestIrSequenceDateRangeNoGap.test_ir_sequence_date_range_2_change_dates ... 
2026-02-09 11:00:01,840 1 INFO betopiaerp betopiaerp.addons.base.tests.test_ir_sequence_date_range: Starting TestIrSequenceDateRangeNoGap.test_ir_sequence_date_range_3_unlink ... 
2026-02-09 11:00:01,843 1 INFO betopiaerp betopiaerp.models.unlink: User #1 deleted ir.sequence records with IDs: [88] 
2026-02-09 11:00:01,844 1 INFO betopiaerp betopiaerp.addons.base.tests.test_ir_sequence_date_range: Starting TestIrSequenceDateRangeChangeImplementation.test_ir_sequence_date_range_1_create ... 
2026-02-09 11:00:01,846 1 INFO betopiaerp betopiaerp.addons.base.tests.test_ir_sequence_date_range: Starting TestIrSequenceDateRangeChangeImplementation.test_ir_sequence_date_range_2_use ... 
2026-02-09 11:00:01,874 1 INFO betopiaerp betopiaerp.addons.base.tests.test_ir_sequence_date_range: Starting TestIrSequenceDateRangeChangeImplementation.test_ir_sequence_date_range_3_write ... 
2026-02-09 11:00:01,877 1 INFO betopiaerp betopiaerp.addons.base.tests.test_ir_sequence_date_range: Starting TestIrSequenceDateRangeChangeImplementation.test_ir_sequence_date_range_4_unlink ... 
2026-02-09 11:00:01,879 1 INFO betopiaerp betopiaerp.models.unlink: User #1 deleted ir.sequence records with IDs: [89, 90] 
2026-02-09 11:00:01,880 1 INFO betopiaerp betopiaerp.addons.base.tests.test_mail: Starting TestSanitizer.test_abrupt_close ... 
2026-02-09 11:00:01,881 1 INFO betopiaerp betopiaerp.addons.base.tests.test_mail: Starting TestSanitizer.test_abrut_malformed ... 
2026-02-09 11:00:01,882 1 INFO betopiaerp betopiaerp.addons.base.tests.test_mail: Starting TestSanitizer.test_basic_sanitizer ... 
2026-02-09 11:00:01,883 1 INFO betopiaerp betopiaerp.addons.base.tests.test_mail: Starting TestSanitizer.test_cid_with_at ... 
2026-02-09 11:00:01,883 1 INFO betopiaerp betopiaerp.addons.base.tests.test_mail: Starting TestSanitizer.test_comment_malformed ... 
2026-02-09 11:00:01,884 1 INFO betopiaerp betopiaerp.addons.base.tests.test_mail: Starting TestSanitizer.test_comment_multiline ... 
2026-02-09 11:00:01,884 1 INFO betopiaerp betopiaerp.addons.base.tests.test_mail: Starting TestSanitizer.test_edi_source ... 
2026-02-09 11:00:01,886 1 INFO betopiaerp betopiaerp.addons.base.tests.test_mail: Starting TestSanitizer.test_evil_malicious_code ... 
2026-02-09 11:00:01,889 1 INFO betopiaerp betopiaerp.addons.base.tests.test_mail: Starting TestSanitizer.test_html ... 
2026-02-09 11:00:01,890 1 INFO betopiaerp betopiaerp.addons.base.tests.test_mail: Starting TestSanitizer.test_misc ... 
2026-02-09 11:00:01,890 1 INFO betopiaerp betopiaerp.addons.base.tests.test_mail: Starting TestSanitizer.test_outlook_mail_sanitize ... 
2026-02-09 11:00:01,891 1 INFO betopiaerp betopiaerp.addons.base.tests.test_mail: Starting TestSanitizer.test_quote_basic_text ... 
2026-02-09 11:00:01,892 1 INFO betopiaerp betopiaerp.addons.base.tests.test_mail: Starting TestSanitizer.test_quote_blockquote ... 
2026-02-09 11:00:01,892 1 INFO betopiaerp betopiaerp.addons.base.tests.test_mail: Starting TestSanitizer.test_quote_bugs ... 
2026-02-09 11:00:01,893 1 INFO betopiaerp betopiaerp.addons.base.tests.test_mail: Starting TestSanitizer.test_quote_gmail ... 
2026-02-09 11:00:01,894 1 INFO betopiaerp betopiaerp.addons.base.tests.test_mail: Starting TestSanitizer.test_quote_hotmail_html ... 
2026-02-09 11:00:01,895 1 INFO betopiaerp betopiaerp.addons.base.tests.test_mail: Starting TestSanitizer.test_quote_outlook_html ... 
2026-02-09 11:00:01,896 1 INFO betopiaerp betopiaerp.addons.base.tests.test_mail: Starting TestSanitizer.test_quote_signature ... 
2026-02-09 11:00:01,897 1 INFO betopiaerp betopiaerp.addons.base.tests.test_mail: Starting TestSanitizer.test_quote_signature_container_propagation ... 
2026-02-09 11:00:01,898 1 INFO betopiaerp betopiaerp.addons.base.tests.test_mail: Starting TestSanitizer.test_quote_text ... 
2026-02-09 11:00:01,898 1 INFO betopiaerp betopiaerp.addons.base.tests.test_mail: Starting TestSanitizer.test_quote_thunderbird ... 
2026-02-09 11:00:01,899 1 INFO betopiaerp betopiaerp.addons.base.tests.test_mail: Starting TestSanitizer.test_quote_thunderbird_html ... 
2026-02-09 11:00:01,900 1 INFO betopiaerp betopiaerp.addons.base.tests.test_mail: Starting TestSanitizer.test_quote_yahoo_html ... 
2026-02-09 11:00:01,900 1 INFO betopiaerp betopiaerp.addons.base.tests.test_mail: Starting TestSanitizer.test_sanitize_unescape_emails ... 
2026-02-09 11:00:01,901 1 INFO betopiaerp betopiaerp.addons.base.tests.test_mail: Starting TestSanitizer.test_style_class ... 
2026-02-09 11:00:01,902 1 INFO betopiaerp betopiaerp.addons.base.tests.test_mail: Starting TestSanitizer.test_style_class_only ... 
2026-02-09 11:00:01,902 1 INFO betopiaerp betopiaerp.addons.base.tests.test_mail: Starting TestSanitizer.test_style_parsing ... 
2026-02-09 11:00:01,903 1 INFO betopiaerp betopiaerp.addons.base.tests.test_mail: Starting TestHtmlTools.test_append_to_html ... 
2026-02-09 11:00:01,904 1 INFO betopiaerp betopiaerp.addons.base.tests.test_mail: Starting TestHtmlTools.test_html_html_to_inner_content ... 
2026-02-09 11:00:01,905 1 INFO betopiaerp betopiaerp.addons.base.tests.test_mail: Starting TestHtmlTools.test_is_html_empty ... 
2026-02-09 11:00:01,906 1 INFO betopiaerp betopiaerp.addons.base.tests.test_mail: Starting TestHtmlTools.test_nl2br_enclose ... 
2026-02-09 11:00:01,906 1 INFO betopiaerp betopiaerp.addons.base.tests.test_mail: Starting TestHtmlTools.test_plaintext2html ... 
2026-02-09 11:00:01,906 1 INFO betopiaerp betopiaerp.addons.base.tests.test_mail: Starting TestHtmlTools.test_prepend_html_content ... 
2026-02-09 11:00:01,907 1 INFO betopiaerp betopiaerp.addons.base.tests.test_mail: Starting TestEmailTools.test_email_anonymize ... 
2026-02-09 11:00:01,907 1 INFO betopiaerp betopiaerp.addons.base.tests.test_mail: Starting TestEmailTools.test_email_domain_normalize ... 
2026-02-09 11:00:01,907 1 INFO betopiaerp betopiaerp.addons.base.tests.test_mail: Starting TestEmailTools.test_email_formataddr ... 
2026-02-09 11:00:01,908 1 INFO betopiaerp betopiaerp.addons.base.tests.test_mail: Starting TestEmailTools.test_email_normalize ... 
2026-02-09 11:00:01,908 1 INFO betopiaerp betopiaerp.addons.base.tests.test_mail: Starting TestEmailTools.test_email_re ... 
2026-02-09 11:00:01,909 1 INFO betopiaerp betopiaerp.addons.base.tests.test_mail: Starting TestEmailTools.test_email_split ... 
2026-02-09 11:00:01,909 1 INFO betopiaerp betopiaerp.addons.base.tests.test_mail: Starting TestEmailTools.test_email_split_and_format ... 
2026-02-09 11:00:01,910 1 INFO betopiaerp betopiaerp.addons.base.tests.test_mail: Starting TestEmailTools.test_email_split_tuples ... 
2026-02-09 11:00:01,911 1 INFO betopiaerp betopiaerp.addons.base.tests.test_mail: Starting TestEmailTools.test_extract_rfc2822_addresses ... 
2026-02-09 11:00:01,911 1 INFO betopiaerp betopiaerp.addons.base.tests.test_mail: Starting TestEmailTools.test_single_email_re ... 
2026-02-09 11:00:01,912 1 INFO betopiaerp betopiaerp.addons.base.tests.test_mail: Starting TestMailTools.test_html2plaintext ... 
2026-02-09 11:00:01,913 1 INFO betopiaerp betopiaerp.addons.base.tests.test_menu: Starting TestMenu.test_00_menu_deletion ... 
2026-02-09 11:00:01,925 1 INFO betopiaerp betopiaerp.models.unlink: User #1 deleted ir.ui.menu records with IDs: [100] 
2026-02-09 11:00:01,927 1 INFO betopiaerp betopiaerp.addons.base.models.ir_attachment: filestore gc 0 checked, 0 removed 
2026-02-09 11:00:01,928 1 INFO betopiaerp betopiaerp.addons.base.tests.test_mimetypes: Starting test_guess_mimetype.test_default_mimetype ... 
2026-02-09 11:00:01,928 1 INFO betopiaerp betopiaerp.addons.base.tests.test_mimetypes: Starting test_guess_mimetype.test_default_mimetype_empty ... 
2026-02-09 11:00:01,928 1 INFO betopiaerp betopiaerp.addons.base.tests.test_mimetypes: Starting test_guess_mimetype.test_mimetype_bmp ... 
2026-02-09 11:00:01,929 1 INFO betopiaerp betopiaerp.addons.base.tests.test_mimetypes: Starting test_guess_mimetype.test_mimetype_fix_extension ... 
2026-02-09 11:00:01,929 1 WARNING betopiaerp betopiaerp.tools.mimetypes: File 'sheet.xlsx' has an unknown extension for mimetype 'application/vnd.openxmlformats-officedocument.spreadsheetml.sheet' 
2026-02-09 11:00:01,930 1 INFO betopiaerp betopiaerp.addons.base.tests.test_mimetypes: Starting test_guess_mimetype.test_mimetype_get_extension ... 
2026-02-09 11:00:01,930 1 INFO betopiaerp betopiaerp.addons.base.tests.test_mimetypes: Starting test_guess_mimetype.test_mimetype_gif ... 
2026-02-09 11:00:01,930 1 INFO betopiaerp betopiaerp.addons.base.tests.test_mimetypes: Starting test_guess_mimetype.test_mimetype_jpg ... 
2026-02-09 11:00:01,930 1 INFO betopiaerp betopiaerp.addons.base.tests.test_mimetypes: Starting test_guess_mimetype.test_mimetype_octet_stream ... 
2026-02-09 11:00:01,931 1 INFO betopiaerp betopiaerp.addons.base.tests.test_mimetypes: Starting test_guess_mimetype.test_mimetype_png ... 
2026-02-09 11:00:01,931 1 INFO betopiaerp betopiaerp.addons.base.tests.test_mimetypes: Starting test_guess_mimetype.test_mimetype_svg ... 
2026-02-09 11:00:01,931 1 INFO betopiaerp betopiaerp.addons.base.tests.test_mimetypes: Starting test_guess_mimetype.test_mimetype_txt ... 
2026-02-09 11:00:01,931 1 INFO betopiaerp betopiaerp.addons.base.tests.test_mimetypes: Starting test_guess_mimetype.test_mimetype_webp ... 
2026-02-09 11:00:01,932 1 INFO betopiaerp betopiaerp.addons.base.tests.test_mimetypes: Starting test_guess_mimetype.test_mimetype_xml ... 
2026-02-09 11:00:01,932 1 INFO betopiaerp betopiaerp.addons.base.tests.test_mimetypes: Starting test_guess_mimetype.test_mimetype_zip ... 
2026-02-09 11:00:01,933 1 INFO betopiaerp betopiaerp.addons.base.tests.test_misc: Starting TestMergeSequences.test_merge_sequences ... 
2026-02-09 11:00:01,934 1 INFO betopiaerp betopiaerp.addons.base.tests.test_misc: Starting TestFormatLangDate.test_00_accepted_types ... 
2026-02-09 11:00:01,940 1 INFO betopiaerp betopiaerp.addons.base.tests.test_misc: Starting TestFormatLangDate.test_01_code_and_format ... 
2026-02-09 11:00:01,950 1 INFO betopiaerp betopiaerp.addons.base.tests.test_misc: Starting TestFormatLangDate.test_02_tz ... 
2026-02-09 11:00:01,956 1 INFO betopiaerp betopiaerp.addons.base.models.ir_attachment: filestore gc 0 checked, 0 removed 
2026-02-09 11:00:01,957 1 INFO betopiaerp betopiaerp.addons.base.tests.test_misc: Starting TestCallbacks.test_aggregate ... 
2026-02-09 11:00:01,957 1 INFO betopiaerp betopiaerp.addons.base.tests.test_misc: Starting TestCallbacks.test_callback ... 
2026-02-09 11:00:01,958 1 INFO betopiaerp betopiaerp.addons.base.tests.test_misc: Starting TestCallbacks.test_reentrant ... 
2026-02-09 11:00:01,958 1 INFO betopiaerp betopiaerp.addons.base.tests.test_misc: Starting TestRemoveAccents.test_empty_string ... 
2026-02-09 11:00:01,958 1 INFO betopiaerp betopiaerp.addons.base.tests.test_misc: Starting TestRemoveAccents.test_latin ... 
2026-02-09 11:00:01,960 1 INFO betopiaerp betopiaerp.addons.base.tests.test_misc: Starting TestRemoveAccents.test_non_latin ... 
2026-02-09 11:00:01,960 1 INFO betopiaerp betopiaerp.addons.base.tests.test_misc: Starting TestAddonsFileAccess.test_file_open ... 
2026-02-09 11:00:01,983 1 INFO betopiaerp betopiaerp.addons.base.tests.test_misc: Starting TestAddonsFileAccess.test_file_path ... 
2026-02-09 11:00:01,995 1 INFO betopiaerp betopiaerp.addons.base.tests.test_misc: Starting TestDictTools.test_readonly_dict ... 
2026-02-09 11:00:01,996 1 INFO betopiaerp betopiaerp.addons.base.tests.test_misc: Starting TestFormatLang.test_currency_object ... 
2026-02-09 11:00:02,012 1 INFO betopiaerp betopiaerp.addons.base.tests.test_misc: Starting TestFormatLang.test_decimal_precision ... 
2026-02-09 11:00:02,016 1 INFO betopiaerp betopiaerp.addons.base.tests.test_misc: Starting TestFormatLang.test_decimal_precision_and_currency_object ... 
2026-02-09 11:00:02,029 1 INFO betopiaerp betopiaerp.addons.base.tests.test_misc: Starting TestFormatLang.test_format_decimal_point_without_grouping ... 
2026-02-09 11:00:02,034 1 INFO betopiaerp betopiaerp.addons.base.tests.test_misc: Starting TestFormatLang.test_grouping ... 
2026-02-09 11:00:02,037 1 INFO betopiaerp betopiaerp.addons.base.tests.test_misc: Starting TestFormatLang.test_rounding_method ... 
2026-02-09 11:00:02,040 1 INFO betopiaerp betopiaerp.addons.base.tests.test_misc: Starting TestFormatLang.test_rounding_method_and_rounding_unit ... 
2026-02-09 11:00:02,044 1 INFO betopiaerp betopiaerp.addons.base.tests.test_misc: Starting TestFormatLang.test_rounding_unit ... 
2026-02-09 11:00:02,047 1 INFO betopiaerp betopiaerp.addons.base.tests.test_misc: Starting TestFormatLang.test_value_and_digits ... 
2026-02-09 11:00:02,051 1 INFO betopiaerp betopiaerp.addons.base.models.ir_attachment: filestore gc 0 checked, 0 removed 
2026-02-09 11:00:02,051 1 INFO betopiaerp betopiaerp.addons.base.tests.test_misc: Starting TestUrlValidate.test_url_validate ... 
2026-02-09 11:00:02,052 1 INFO betopiaerp betopiaerp.addons.base.tests.test_misc: Starting TestUrlJoin.test_absolute_url_raises ... 
2026-02-09 11:00:02,052 1 INFO betopiaerp betopiaerp.addons.base.tests.test_misc: Starting TestUrlJoin.test_allow_query_override ... 
2026-02-09 11:00:02,053 1 INFO betopiaerp betopiaerp.addons.base.tests.test_misc: Starting TestUrlJoin.test_base_has_no_path ... 
2026-02-09 11:00:02,053 1 INFO betopiaerp betopiaerp.addons.base.tests.test_misc: Starting TestUrlJoin.test_basic_relative_path ... 
2026-02-09 11:00:02,054 1 INFO betopiaerp betopiaerp.addons.base.tests.test_misc: Starting TestUrlJoin.test_dot_segments_not_allowed ... 
2026-02-09 11:00:02,054 1 INFO betopiaerp betopiaerp.addons.base.tests.test_misc: Starting TestUrlJoin.test_empty_base_string ... 
2026-02-09 11:00:02,054 1 INFO betopiaerp betopiaerp.addons.base.tests.test_misc: Starting TestUrlJoin.test_extra_trailing_slash ... 
2026-02-09 11:00:02,055 1 INFO betopiaerp betopiaerp.addons.base.tests.test_misc: Starting TestUrlJoin.test_leading_and_trailing_slashes ... 
2026-02-09 11:00:02,055 1 INFO betopiaerp betopiaerp.addons.base.tests.test_misc: Starting TestUrlJoin.test_not_string_fails ... 
2026-02-09 11:00:02,055 1 INFO betopiaerp betopiaerp.addons.base.tests.test_misc: Starting TestUrlJoin.test_only_extra_fragments ... 
2026-02-09 11:00:02,056 1 INFO betopiaerp betopiaerp.addons.base.tests.test_misc: Starting TestUrlJoin.test_path_normalization ... 
2026-02-09 11:00:02,056 1 INFO betopiaerp betopiaerp.addons.base.tests.test_misc: Starting TestUrlJoin.test_percent_encoding ... 
2026-02-09 11:00:02,056 1 INFO betopiaerp betopiaerp.addons.base.tests.test_misc: Starting TestUrlJoin.test_query_keeps_base_by_default ... 
2026-02-09 11:00:02,056 1 INFO betopiaerp betopiaerp.addons.base.tests.test_misc: Starting TestUrlJoin.test_whitespaces ... 
2026-02-09 11:00:02,057 1 INFO betopiaerp betopiaerp.addons.base.tests.test_misc: Starting TestMiscToken.test_None_payload ... 
2026-02-09 11:00:02,058 1 INFO betopiaerp betopiaerp.addons.base.tests.test_misc: Starting TestMiscToken.test_expired_token ... 
2026-02-09 11:00:02,059 1 INFO betopiaerp betopiaerp.addons.base.tests.test_misc: Starting TestMiscToken.test_list_payload ... 
2026-02-09 11:00:02,060 1 INFO betopiaerp betopiaerp.addons.base.tests.test_misc: Starting TestMiscToken.test_long_payload ... 
2026-02-09 11:00:02,061 1 INFO betopiaerp betopiaerp.addons.base.tests.test_misc: Starting TestMiscToken.test_modified_payload ... 
2026-02-09 11:00:02,062 1 INFO betopiaerp betopiaerp.addons.base.models.ir_attachment: filestore gc 0 checked, 0 removed 
2026-02-09 11:00:02,074 1 INFO betopiaerp betopiaerp.addons.base.tests.test_misc: Starting TestFormatAmountFunction.test_trailing_false_on_number_having_no_trailing_zeroes ... 
2026-02-09 11:00:02,078 1 INFO betopiaerp betopiaerp.addons.base.tests.test_misc: Starting TestFormatAmountFunction.test_trailing_false_on_number_having_trailing_zeroes ... 
2026-02-09 11:00:02,082 1 INFO betopiaerp betopiaerp.addons.base.tests.test_misc: Starting TestFormatAmountFunction.test_trailing_false_on_number_having_trailing_zeroes_with_kilikili_language ... 
2026-02-09 11:00:02,084 1 INFO betopiaerp betopiaerp.addons.base.tests.test_misc: Starting TestFormatAmountFunction.test_trailing_true_on_number_having_no_trailing_zeroes ... 
2026-02-09 11:00:02,088 1 INFO betopiaerp betopiaerp.addons.base.tests.test_misc: Starting TestFormatAmountFunction.test_trailing_zeroes_true_on_number_having_trailing_zeroes ... 
2026-02-09 11:00:02,092 1 INFO betopiaerp betopiaerp.addons.base.models.ir_attachment: filestore gc 0 checked, 0 removed 
2026-02-09 11:00:02,093 1 INFO betopiaerp betopiaerp.addons.base.tests.test_module: Starting TestModuleManifest.test_change_manifest ... 
2026-02-09 11:00:02,094 1 INFO betopiaerp betopiaerp.addons.base.tests.test_module: Starting TestModuleManifest.test_default_manifest ... 
2026-02-09 11:00:02,095 1 INFO betopiaerp betopiaerp.addons.base.tests.test_module: Starting TestModuleManifest.test_missing_license ... 
2026-02-09 11:00:02,096 1 INFO betopiaerp betopiaerp.addons.base.tests.test_module: Starting TestModuleManifest.test_missing_manifest ... 
2026-02-09 11:00:02,097 1 INFO betopiaerp betopiaerp.addons.base.tests.test_module_graph: Starting TestGraph.test_graph_order_1 ... 
2026-02-09 11:00:02,099 1 INFO betopiaerp betopiaerp.addons.base.tests.test_module_graph: Starting TestGraph.test_graph_order_2 ... 
2026-02-09 11:00:02,100 1 INFO betopiaerp betopiaerp.addons.base.tests.test_module_graph: Starting TestGraph.test_graph_order_3 ... 
2026-02-09 11:00:02,102 1 INFO betopiaerp betopiaerp.addons.base.tests.test_module_graph: Starting TestGraph.test_graph_order_with_test_modules ... 
2026-02-09 11:00:02,104 1 INFO betopiaerp betopiaerp.addons.base.tests.test_num2words_ar: Starting TestNum2WordsAr.test_decimal_multiple_of_thousands ... 
2026-02-09 11:00:02,105 1 INFO betopiaerp betopiaerp.addons.base.tests.test_num2words_ar: Starting TestNum2WordsAr.test_multiple_of_thousands ... 
2026-02-09 11:00:02,107 1 INFO betopiaerp betopiaerp.addons.base.models.ir_attachment: filestore gc 0 checked, 0 removed 
2026-02-09 11:00:02,107 1 INFO betopiaerp betopiaerp.addons.base.tests.test_orm: Starting TestORM.test_access_deleted_records ... 
2026-02-09 11:00:02,141 1 INFO betopiaerp betopiaerp.addons.base.tests.test_orm: Starting TestORM.test_access_filtered_records ... 
2026-02-09 11:00:02,185 1 INFO betopiaerp betopiaerp.addons.base.models.ir_model: Access Denied by ACLs for operation: unlink, uid: 937, model: res.partner 
2026-02-09 11:00:02,195 1 INFO betopiaerp betopiaerp.addons.base.models.ir_model: Access Denied by ACLs for operation: unlink, uid: 937, model: res.partner 
2026-02-09 11:00:02,196 1 INFO betopiaerp betopiaerp.addons.base.tests.test_orm: Starting TestORM.test_access_partial_deletion ... 
2026-02-09 11:00:02,211 1 INFO betopiaerp betopiaerp.addons.base.tests.test_orm: Starting TestORM.test_create_multi ... 
2026-02-09 11:00:02,216 1 INFO betopiaerp betopiaerp.addons.base.tests.test_orm: Starting TestORM.test_exists ... 
2026-02-09 11:00:02,217 1 INFO betopiaerp betopiaerp.addons.base.tests.test_orm: Starting TestORM.test_lock_for_update ... 
2026-02-09 11:00:02,227 1 INFO betopiaerp betopiaerp.models.unlink: User #1 deleted res.partner records with IDs: [3823] 
2026-02-09 11:00:02,229 1 INFO betopiaerp betopiaerp.addons.base.tests.test_orm: Starting TestORM.test_m2m_store_trigger ... 
2026-02-09 11:00:02,254 1 INFO betopiaerp betopiaerp.addons.base.tests.test_orm: Starting TestORM.test_read ... 
2026-02-09 11:00:02,262 1 INFO betopiaerp betopiaerp.addons.base.tests.test_orm: Starting TestORM.test_search_read ... 
2026-02-09 11:00:02,290 1 INFO betopiaerp betopiaerp.addons.base.tests.test_orm: Starting TestORM.test_try_lock_for_update ... 
2026-02-09 11:00:02,294 1 INFO betopiaerp betopiaerp.addons.base.tests.test_orm: Starting TestORM.test_write_duplicate ... 
2026-02-09 11:00:02,300 1 INFO betopiaerp betopiaerp.addons.base.models.ir_attachment: filestore gc 1 checked, 1 removed 
2026-02-09 11:00:02,300 1 INFO betopiaerp betopiaerp.addons.base.tests.test_orm: Starting TestInherits.test_copy ... 
2026-02-09 11:00:02,338 1 INFO betopiaerp betopiaerp.addons.base.tests.test_orm: Starting TestInherits.test_copy_with_ancestor ... 
2026-02-09 11:00:02,379 1 INFO betopiaerp betopiaerp.addons.base.tests.test_orm: Starting TestInherits.test_create ... 
2026-02-09 11:00:02,399 1 INFO betopiaerp betopiaerp.addons.base.tests.test_orm: Starting TestInherits.test_create_with_ancestor ... 
2026-02-09 11:00:02,418 1 INFO betopiaerp betopiaerp.addons.base.tests.test_orm: Starting TestInherits.test_default ... 
2026-02-09 11:00:02,420 1 INFO betopiaerp betopiaerp.addons.base.tests.test_orm: Starting TestInherits.test_read ... 
2026-02-09 11:00:02,452 1 INFO betopiaerp betopiaerp.addons.base.tests.test_orm: Starting TestInherits.test_write_date ... 
2026-02-09 11:00:02,461 1 INFO betopiaerp betopiaerp.addons.base.models.ir_attachment: filestore gc 3 checked, 3 removed 
2026-02-09 11:00:02,462 1 INFO betopiaerp betopiaerp.addons.base.tests.test_pdf: Starting TestPdf.test_BetopiaERP_pdf_file_reader ... 
2026-02-09 11:00:02,466 1 INFO betopiaerp betopiaerp.addons.base.tests.test_pdf: Starting TestPdf.test_BetopiaERP_pdf_file_reader_with_owner_encryption ... 
2026-02-09 11:00:02,478 1 INFO betopiaerp betopiaerp.addons.base.tests.test_pdf: Starting TestPdf.test_BetopiaERP_pdf_file_writer ... 
2026-02-09 11:00:02,482 1 INFO betopiaerp betopiaerp.addons.base.tests.test_pdf: Starting TestPdf.test_branded_file_writer ... 
2026-02-09 11:00:02,485 1 INFO betopiaerp betopiaerp.addons.base.tests.test_pdf: Starting TestPdf.test_merge_pdf ... 
2026-02-09 11:00:02,488 1 INFO betopiaerp betopiaerp.addons.base.tests.test_pdf: Starting TestPdf.test_reshaping_arabic_text ... 
2026-02-09 11:00:02,491 1 INFO betopiaerp betopiaerp.addons.base.tests.test_pdf: Starting TestPdf.test_reshaping_non_arabic_text ... 
2026-02-09 11:00:02,494 1 INFO betopiaerp betopiaerp.addons.base.models.ir_attachment: filestore gc 0 checked, 0 removed 
2026-02-09 11:00:02,495 1 INFO betopiaerp betopiaerp.addons.base.tests.test_query: Starting QueryTestCase.test_basic_query ... 
2026-02-09 11:00:02,495 1 INFO betopiaerp betopiaerp.addons.base.tests.test_query: Starting QueryTestCase.test_empty_set_result_ids ... 
2026-02-09 11:00:02,496 1 INFO betopiaerp betopiaerp.addons.base.tests.test_query: Starting QueryTestCase.test_long_aliases ... 
2026-02-09 11:00:02,496 1 INFO betopiaerp betopiaerp.addons.base.tests.test_query: Starting QueryTestCase.test_mixed_query_chained_explicit_implicit_joins ... 
2026-02-09 11:00:02,496 1 INFO betopiaerp betopiaerp.addons.base.tests.test_query: Starting QueryTestCase.test_query_chained_explicit_joins ... 
2026-02-09 11:00:02,497 1 INFO betopiaerp betopiaerp.addons.base.tests.test_query: Starting QueryTestCase.test_raise_missing_lhs ... 
2026-02-09 11:00:02,497 1 INFO betopiaerp betopiaerp.addons.base.tests.test_query: Starting QueryTestCase.test_set_result_ids ... 
2026-02-09 11:00:02,497 1 INFO betopiaerp betopiaerp.addons.base.tests.test_query: Starting QueryTestCase.test_table_expression ... 
2026-02-09 11:00:02,498 1 INFO betopiaerp betopiaerp.addons.base.tests.test_query: Starting TestQuery.test_auto ... 
2026-02-09 11:00:02,501 1 INFO betopiaerp betopiaerp.addons.base.tests.test_query: Starting TestQuery.test_records_as_query ... 
2026-02-09 11:00:02,503 1 INFO betopiaerp betopiaerp.addons.base.models.ir_attachment: filestore gc 0 checked, 0 removed 
2026-02-09 11:00:02,503 1 INFO betopiaerp betopiaerp.addons.base.tests.test_qweb_field: Starting TestQwebFieldTime.test_time_value_to_html ... 
2026-02-09 11:00:02,513 1 INFO betopiaerp betopiaerp.addons.base.models.ir_attachment: filestore gc 0 checked, 0 removed 
2026-02-09 11:00:02,514 1 INFO betopiaerp betopiaerp.addons.base.tests.test_qweb_field: Starting TestQwebFieldInteger.test_integer_value_to_html ... 
2026-02-09 11:00:02,523 1 INFO betopiaerp betopiaerp.addons.base.models.ir_attachment: filestore gc 0 checked, 0 removed 
2026-02-09 11:00:02,524 1 INFO betopiaerp betopiaerp.addons.base.tests.test_qweb_field: Starting TestQwebFieldFloatConverter.test_float_value_to_html_no_precision ... 
2026-02-09 11:00:02,529 1 INFO betopiaerp betopiaerp.addons.base.tests.test_qweb_field: Starting TestQwebFieldFloatConverter.test_float_value_to_html_with_min_precision ... 
2026-02-09 11:00:02,532 1 INFO betopiaerp betopiaerp.addons.base.tests.test_qweb_field: Starting TestQwebFieldFloatConverter.test_float_value_to_html_with_precision ... 
2026-02-09 11:00:02,535 1 INFO betopiaerp betopiaerp.addons.base.tests.test_qweb_field: Starting TestQwebFieldFloatConverter.test_float_value_to_html_with_precision_and_min_precision ... 
2026-02-09 11:00:02,539 1 INFO betopiaerp betopiaerp.addons.base.models.ir_attachment: filestore gc 0 checked, 0 removed 
2026-02-09 11:00:02,543 1 INFO betopiaerp betopiaerp.addons.base.tests.test_qweb_field: Starting TestQwebFieldContact.test_value_to_html_with_website_and_phone ... 
2026-02-09 11:00:02,563 1 INFO betopiaerp betopiaerp.addons.base.tests.test_qweb_field: Starting TestQwebFieldContact.test_value_to_html_without_phone ... 
2026-02-09 11:00:02,583 1 INFO betopiaerp betopiaerp.addons.base.models.ir_attachment: filestore gc 0 checked, 0 removed 
2026-02-09 11:00:02,584 1 INFO betopiaerp betopiaerp.addons.base.tests.test_qweb_field: Starting TestQwebFieldOne2Many.test_one2many_empty ... 
2026-02-09 11:00:02,589 1 INFO betopiaerp betopiaerp.addons.base.tests.test_qweb_field: Starting TestQwebFieldOne2Many.test_one2many_with_values ... 
2026-02-09 11:00:02,600 1 INFO betopiaerp betopiaerp.addons.base.models.ir_attachment: filestore gc 0 checked, 0 removed 
2026-02-09 11:00:02,601 1 INFO betopiaerp betopiaerp.addons.base.tests.test_qweb_field: Starting TestQwebFieldMany2Many.test_many2many_empty ... 
2026-02-09 11:00:02,615 1 INFO betopiaerp betopiaerp.addons.base.tests.test_qweb_field: Starting TestQwebFieldMany2Many.test_many2many_with_values ... 
2026-02-09 11:00:02,633 1 INFO betopiaerp betopiaerp.addons.base.models.ir_attachment: filestore gc 1 checked, 1 removed 
2026-02-09 11:00:02,634 1 INFO betopiaerp betopiaerp.addons.base.tests.test_qweb_field: Starting TestQwebFieldMany2One.test_many2one_empty ... 
2026-02-09 11:00:02,637 1 INFO betopiaerp betopiaerp.addons.base.tests.test_qweb_field: Starting TestQwebFieldMany2One.test_many2one_with_value ... 
2026-02-09 11:00:02,643 1 INFO betopiaerp betopiaerp.addons.base.models.ir_attachment: filestore gc 0 checked, 0 removed 
2026-02-09 11:00:02,644 1 INFO betopiaerp betopiaerp.addons.base.tests.test_res_company: Starting TestCompany.test_check_active ... 
2026-02-09 11:00:02,723 1 INFO betopiaerp betopiaerp.addons.base.tests.test_res_company: Starting TestCompany.test_create_branch_with_default_parent_id ... 
2026-02-09 11:00:02,777 1 INFO betopiaerp betopiaerp.addons.base.tests.test_res_company: Starting TestCompany.test_logo_check ... 
2026-02-09 11:00:02,839 1 INFO betopiaerp betopiaerp.models.unlink: User #1 deleted ir.attachment records with IDs: [4829] 
2026-02-09 11:00:02,851 1 INFO betopiaerp betopiaerp.addons.base.models.ir_attachment: filestore gc 3 checked, 2 removed 
2026-02-09 11:00:02,853 1 INFO betopiaerp betopiaerp.addons.base.tests.test_res_config: Starting TestResConfig.test_00_get_option_path ... 
2026-02-09 11:00:02,856 1 INFO betopiaerp betopiaerp.addons.base.tests.test_res_config: Starting TestResConfig.test_10_get_option_name ... 
2026-02-09 11:00:02,860 1 INFO betopiaerp betopiaerp.addons.base.tests.test_res_config: Starting TestResConfig.test_20_get_config_warning ... 
2026-02-09 11:00:02,865 1 INFO betopiaerp betopiaerp.addons.base.tests.test_res_config: Starting TestResConfig.test_30_get_config_warning_wo_menu ... 
2026-02-09 11:00:02,869 1 INFO betopiaerp betopiaerp.addons.base.tests.test_res_config: Starting TestResConfig.test_40_view_expected_architecture ... 
2026-02-09 11:00:02,886 1 INFO betopiaerp betopiaerp.addons.base.tests.test_res_config: Starting TestResConfig.test_50_view_expected_architecture_t_node_groups ... 
2026-02-09 11:00:02,902 1 INFO betopiaerp betopiaerp.addons.base.models.ir_attachment: filestore gc 0 checked, 0 removed 
2026-02-09 11:00:02,902 1 INFO betopiaerp betopiaerp.addons.base.tests.test_res_currency: Starting TestResCurrency.test_currency_cache ... 
2026-02-09 11:00:02,922 1 INFO betopiaerp betopiaerp.addons.base.tests.test_res_currency: Starting TestResCurrency.test_res_currency_name_search ... 
2026-02-09 11:00:02,935 1 INFO betopiaerp betopiaerp.addons.base.tests.test_res_currency: Starting TestResCurrency.test_view_company_rate_label ... 
2026-02-09 11:00:03,051 1 INFO betopiaerp betopiaerp.addons.base.models.ir_attachment: filestore gc 0 checked, 0 removed 
2026-02-09 11:00:03,052 1 INFO betopiaerp betopiaerp.addons.base.tests.test_res_lang: Starting test_res_lang.test_00_intersperse ... 
2026-02-09 11:00:03,053 1 INFO betopiaerp betopiaerp.addons.base.tests.test_res_lang: Starting test_res_lang.test_get_data ... 
2026-02-09 11:00:04,206 1 INFO betopiaerp betopiaerp.addons.base.tests.test_res_lang: Query count less than expected for user __system__: 0 < 2 in test_get_data at base/tests/test_res_lang.py:100 
2026-02-09 11:00:04,208 1 INFO betopiaerp betopiaerp.addons.base.tests.test_res_lang: Starting test_res_lang.test_inactive_users_lang_deactivation ... 
2026-02-09 11:00:04,236 1 INFO betopiaerp betopiaerp.addons.base.tests.test_res_lang: Starting test_res_lang.test_lang_url_code_shortening ... 
2026-02-09 11:00:04,250 1 INFO betopiaerp betopiaerp.addons.base.models.ir_attachment: filestore gc 1 checked, 1 removed 
2026-02-09 11:00:04,276 1 INFO betopiaerp betopiaerp.addons.base.tests.test_res_partner: Starting TestPartner.test_archive_internal_partners ... 
2026-02-09 11:00:04,305 1 INFO betopiaerp betopiaerp.addons.base.tests.test_res_partner: Starting TestPartner.test_display_name_translation ... 
2026-02-09 11:00:04,309 1 INFO betopiaerp betopiaerp.addons.base.models.ir_module: module base: loading translation file /opt/betopiaerp/betopiaerp/addons/base/i18n/fr.po for language fr_FR 
2026-02-09 11:00:05,132 1 INFO betopiaerp betopiaerp.addons.base.tests.test_res_partner: Starting TestPartner.test_email_formatted ... 
2026-02-09 11:00:05,150 1 INFO betopiaerp betopiaerp.addons.base.tests.test_res_partner: Starting TestPartner.test_find_or_create ... 
2026-02-09 11:00:05,166 1 INFO betopiaerp betopiaerp.addons.base.tests.test_res_partner: Starting TestPartner.test_is_public ... 
2026-02-09 11:00:05,172 1 INFO betopiaerp betopiaerp.addons.base.tests.test_res_partner: Starting TestPartner.test_lang_computation_code ... 
2026-02-09 11:00:05,189 1 INFO betopiaerp betopiaerp.addons.base.tests.test_res_partner: Starting TestPartner.test_main_user_id ... 
2026-02-09 11:00:05,217 1 INFO betopiaerp betopiaerp.addons.base.tests.test_res_partner: Starting TestPartner.test_name_create ... 
2026-02-09 11:00:05,228 1 INFO betopiaerp betopiaerp.addons.base.tests.test_res_partner: Starting TestPartner.test_name_search ... 
2026-02-09 11:00:05,237 1 INFO betopiaerp betopiaerp.addons.base.tests.test_res_partner: Starting TestPartner.test_name_search_with_user ... 
2026-02-09 11:00:05,266 1 INFO betopiaerp betopiaerp.addons.base.models.ir_rule: Access Denied by record rules for operation: read on record ids: [3883], uid: 3, model: res.partner 
2026-02-09 11:00:05,272 1 INFO betopiaerp betopiaerp.addons.base.tests.test_res_partner: Starting TestPartner.test_partner_merge_wizard_dst_partner_id ... 
2026-02-09 11:00:05,278 1 INFO betopiaerp betopiaerp.addons.base.models.ir_attachment: filestore gc 4 checked, 4 removed 
2026-02-09 11:00:05,300 1 INFO betopiaerp betopiaerp.addons.base.tests.test_res_partner: Starting TestPartnerAddressCompany.test_accessibility_of_company_partner_from_branch ... 
2026-02-09 11:00:05,382 1 INFO betopiaerp betopiaerp.addons.base.tests.test_res_partner: Starting TestPartnerAddressCompany.test_address ... 
2026-02-09 11:00:05,423 1 INFO betopiaerp betopiaerp.addons.base.tests.test_res_partner: Starting TestPartnerAddressCompany.test_address_first_contact_sync ... 
2026-02-09 11:00:05,454 1 INFO betopiaerp betopiaerp.addons.base.tests.test_res_partner: Starting TestPartnerAddressCompany.test_address_get ... 
2026-02-09 11:00:05,474 1 INFO betopiaerp betopiaerp.addons.base.tests.test_res_partner: Starting TestPartnerAddressCompany.test_address_parent_company_creation ... 
2026-02-09 11:00:05,492 1 INFO betopiaerp betopiaerp.addons.base.tests.test_res_partner: Starting TestPartnerAddressCompany.test_commercial_field_sync ... 
2026-02-09 11:00:05,518 1 INFO betopiaerp betopiaerp.addons.base.tests.test_res_partner: Starting TestPartnerAddressCompany.test_commercial_field_sync_reset ... 
2026-02-09 11:00:05,526 1 INFO betopiaerp betopiaerp.addons.base.tests.test_res_partner: Starting TestPartnerAddressCompany.test_commercial_partner_nullcompany ... 
2026-02-09 11:00:05,544 1 INFO betopiaerp betopiaerp.addons.base.tests.test_res_partner: Starting TestPartnerAddressCompany.test_company_change_propagation ... 
2026-02-09 11:00:05,666 1 INFO betopiaerp betopiaerp.addons.base.tests.test_res_partner: Starting TestPartnerAddressCompany.test_company_dependent_commercial_sync ... 
2026-02-09 11:00:05,769 1 INFO betopiaerp betopiaerp.addons.base.tests.test_res_partner: Starting TestPartnerAddressCompany.test_company_dependent_commercial_sync_falsy_fields ... 
2026-02-09 11:00:05,831 1 INFO betopiaerp betopiaerp.addons.base.tests.test_res_partner: Starting TestPartnerAddressCompany.test_display_address_missing_key ... 
2026-02-09 11:00:05,836 1 INFO betopiaerp betopiaerp.addons.base.tests.test_res_partner: Starting TestPartnerAddressCompany.test_display_name ... 
2026-02-09 11:00:05,845 1 INFO betopiaerp betopiaerp.addons.base.models.ir_attachment: filestore gc 3 checked, 3 removed 
2026-02-09 11:00:05,846 1 INFO betopiaerp betopiaerp.addons.base.tests.test_res_partner: Starting TestPartnerRecursion.test_100_res_partner_recursion ... 
2026-02-09 11:00:05,855 1 INFO betopiaerp betopiaerp.addons.base.tests.test_res_partner: Starting TestPartnerRecursion.test_101_res_partner_recursion ... 
2026-02-09 11:00:05,868 1 INFO betopiaerp betopiaerp.addons.base.tests.test_res_partner: Starting TestPartnerRecursion.test_102_res_partner_recursion ... 
2026-02-09 11:00:05,882 1 INFO betopiaerp betopiaerp.addons.base.tests.test_res_partner: Starting TestPartnerRecursion.test_103_res_partner_recursion ... 
2026-02-09 11:00:05,892 1 INFO betopiaerp betopiaerp.addons.base.tests.test_res_partner: Starting TestPartnerRecursion.test_104_res_partner_recursion_indirect_cycle ... 
2026-02-09 11:00:05,907 1 INFO betopiaerp betopiaerp.addons.base.tests.test_res_partner: Starting TestPartnerRecursion.test_105_res_partner_recursion ... 
2026-02-09 11:00:05,918 1 INFO betopiaerp betopiaerp.addons.base.tests.test_res_partner: Starting TestPartnerRecursion.test_110_res_partner_recursion_multi_update ... 
2026-02-09 11:00:05,925 1 INFO betopiaerp betopiaerp.addons.base.tests.test_res_partner: Starting TestPartnerRecursion.test_111_res_partner_recursion_infinite_loop ... 
2026-02-09 11:00:05,943 1 INFO betopiaerp betopiaerp.addons.base.models.ir_attachment: filestore gc 0 checked, 0 removed 
2026-02-09 11:00:05,944 1 INFO betopiaerp betopiaerp.addons.base.tests.test_res_partner: Starting TestPartnerCategory.test_name_search ... 
2026-02-09 11:00:05,948 1 INFO betopiaerp betopiaerp.addons.base.models.ir_attachment: filestore gc 0 checked, 0 removed 
2026-02-09 11:00:05,967 1 INFO betopiaerp betopiaerp.addons.base.tests.test_res_partner_bank: Starting TestResPartnerBank.test_sanitized_acc_number ... 
2026-02-09 11:00:05,977 1 INFO betopiaerp betopiaerp.addons.base.models.ir_attachment: filestore gc 1 checked, 1 removed 
2026-02-09 11:00:05,978 1 INFO betopiaerp betopiaerp.addons.base.tests.test_res_partner_merge: Starting TestMergePartner.test_merge_partners_with_duplicate_bank_accounts ... 
2026-02-09 11:00:05,991 1 INFO betopiaerp betopiaerp.addons.base.partner.merge: dst_partner: 3983 
2026-02-09 11:00:06,023 1 INFO betopiaerp betopiaerp.addons.base.partner.merge: (uid = 1) merged the partners [3982, 3984] with 3983 
2026-02-09 11:00:06,028 1 INFO betopiaerp betopiaerp.models.unlink: User #1 deleted res.partner records with IDs: [3982, 3984] 
2026-02-09 11:00:06,030 1 INFO betopiaerp betopiaerp.addons.base.tests.test_res_partner_merge: Starting TestMergePartner.test_merge_partners_with_duplicate_bank_accounts_with_destination ... 
2026-02-09 11:00:06,041 1 INFO betopiaerp betopiaerp.addons.base.partner.merge: dst_partner: 3985 
2026-02-09 11:00:06,070 1 INFO betopiaerp betopiaerp.addons.base.partner.merge: (uid = 1) merged the partners [3987] with 3985 
2026-02-09 11:00:06,074 1 INFO betopiaerp betopiaerp.models.unlink: User #1 deleted res.partner records with IDs: [3987] 
2026-02-09 11:00:06,076 1 INFO betopiaerp betopiaerp.addons.base.tests.test_res_partner_merge: Starting TestMergePartner.test_merge_partners_with_peon_user ... 
2026-02-09 11:00:06,109 1 INFO betopiaerp betopiaerp.addons.base.models.ir_model: Access Denied by ACLs for operation: write, uid: 961, model: res.partner.bank 
2026-02-09 11:00:06,122 1 INFO betopiaerp betopiaerp.addons.base.partner.merge: dst_partner: 3989 
2026-02-09 11:00:06,158 1 INFO betopiaerp betopiaerp.addons.base.partner.merge: (uid = 961) merged the partners [3988, 3990] with 3989 
2026-02-09 11:00:06,163 1 INFO betopiaerp betopiaerp.models.unlink: User #961 deleted res.partner records with IDs: [3988, 3990] 
2026-02-09 11:00:06,165 1 INFO betopiaerp betopiaerp.addons.base.tests.test_res_partner_merge: Starting TestMergePartner.test_merge_partners_with_references ... 
2026-02-09 11:00:06,175 1 INFO betopiaerp betopiaerp.addons.base.partner.merge: dst_partner: 3992 
2026-02-09 11:00:06,199 1 INFO betopiaerp betopiaerp.addons.base.partner.merge: (uid = 1) merged the partners [3993] with 3992 
2026-02-09 11:00:06,203 1 INFO betopiaerp betopiaerp.models.unlink: User #1 deleted res.partner records with IDs: [3993] 
2026-02-09 11:00:06,205 1 INFO betopiaerp betopiaerp.addons.base.tests.test_res_partner_merge: Starting TestMergePartner.test_merge_partners_with_unique_bank_accounts ... 
2026-02-09 11:00:06,216 1 INFO betopiaerp betopiaerp.addons.base.partner.merge: dst_partner: 3995 
2026-02-09 11:00:06,239 1 INFO betopiaerp betopiaerp.addons.base.partner.merge: (uid = 1) merged the partners [3996] with 3995 
2026-02-09 11:00:06,243 1 INFO betopiaerp betopiaerp.models.unlink: User #1 deleted res.partner records with IDs: [3996] 
2026-02-09 11:00:06,245 1 INFO betopiaerp betopiaerp.addons.base.tests.test_res_partner_merge: Starting TestMergePartner.test_merge_partners_without_bank_accounts ... 
2026-02-09 11:00:06,257 1 INFO betopiaerp betopiaerp.addons.base.partner.merge: dst_partner: 4001 
2026-02-09 11:00:06,283 1 INFO betopiaerp betopiaerp.addons.base.partner.merge: (uid = 1) merged the partners [4002] with 4001 
2026-02-09 11:00:06,292 1 INFO betopiaerp betopiaerp.models.unlink: User #1 deleted res.partner records with IDs: [4002] 
2026-02-09 11:00:06,297 1 INFO betopiaerp betopiaerp.addons.base.models.ir_attachment: filestore gc 1 checked, 1 removed 
2026-02-09 11:00:06,337 1 INFO betopiaerp betopiaerp.addons.base.tests.test_res_users: Starting TestUsers.test_change_user_company ... 
2026-02-09 11:00:06,486 1 INFO betopiaerp betopiaerp.addons.base.tests.test_res_users: Starting TestUsers.test_context_get_lang ... 
2026-02-09 11:00:06,508 1 INFO betopiaerp betopiaerp.addons.base.tests.test_res_users: Starting TestUsers.test_deactivate_portal_users_access ... 
2026-02-09 11:00:06,512 1 INFO betopiaerp betopiaerp.addons.base.tests.test_res_users: Starting TestUsers.test_deactivate_portal_users_archive_and_remove ... 
2026-02-09 11:00:06,529 1 INFO betopiaerp betopiaerp.addons.base.models.res_users: Account deletion asked for "portal_user" (#967) from n/a. Archive the user and remove login information. 
2026-02-09 11:00:06,530 1 INFO betopiaerp betopiaerp.addons.base.models.res_users: Account deletion asked for "portal_user_2" (#968) from n/a. Archive the user and remove login information. 
2026-02-09 11:00:06,543 1 INFO betopiaerp betopiaerp.addons.base.models.ir_cron: Job 'Base: Portal Users Deletion' (2) starting 
2026-02-09 11:00:06,565 1 INFO betopiaerp betopiaerp.models.unlink: User #1 deleted res.users records with IDs: [967] 
2026-02-09 11:00:06,572 1 INFO betopiaerp betopiaerp.models.unlink: User #1 deleted res.partner records with IDs: [4010] 
2026-02-09 11:00:06,579 1 INFO betopiaerp betopiaerp.tests.common: Skipping signal changes during tests 
2026-02-09 11:00:06,581 1 INFO betopiaerp betopiaerp.addons.base.models.ir_cron: Job 'Base: Portal Users Deletion' (2) fully done (#loop 1; done 2; remaining 0; duration 0.04s) 
2026-02-09 11:00:06,583 1 INFO betopiaerp betopiaerp.addons.base.tests.test_res_users: Starting TestUsers.test_delete_public_user ... 
2026-02-09 11:00:06,587 1 INFO betopiaerp betopiaerp.addons.base.tests.test_res_users: Starting TestUsers.test_name_search ... 
2026-02-09 11:00:06,618 1 INFO betopiaerp betopiaerp.addons.base.tests.test_res_users: Starting TestUsers.test_session_non_existing_user ... 
2026-02-09 11:00:06,619 1 INFO betopiaerp betopiaerp.addons.base.tests.test_res_users: Starting TestUsers.test_user_home_action_restriction ... 
2026-02-09 11:00:06,642 1 INFO betopiaerp betopiaerp.addons.base.tests.test_res_users: Starting TestUsers.test_user_partner ... 
2026-02-09 11:00:06,730 1 INFO betopiaerp betopiaerp.addons.base.tests.test_res_users: Starting TestUsers.test_user_self_update ... 
2026-02-09 11:00:06,748 1 INFO betopiaerp betopiaerp.addons.base.models.ir_attachment: filestore gc 8 checked, 8 removed 
2026-02-09 11:00:06,749 1 INFO betopiaerp betopiaerp.addons.base.tests.test_res_users: Starting TestUsersTweaks.test_superuser ... 
2026-02-09 11:00:06,753 1 INFO betopiaerp betopiaerp.addons.base.models.ir_attachment: filestore gc 0 checked, 0 removed 
2026-02-09 11:00:06,754 1 INFO betopiaerp betopiaerp.addons.base.tests.test_search: Starting test_search.test_00_search_order ... 
2026-02-09 11:00:06,782 1 INFO betopiaerp betopiaerp.addons.base.tests.test_search: Starting test_search.test_10_inherits_m2order ... 
2026-02-09 11:00:06,833 1 INFO betopiaerp betopiaerp.addons.base.tests.test_search: Starting test_search.test_11_indirect_inherits_m2o_order ... 
2026-02-09 11:00:06,869 1 INFO betopiaerp betopiaerp.addons.base.tests.test_search: Starting test_search.test_12_m2o_order_loop_self ... 
2026-02-09 11:00:06,874 1 INFO betopiaerp betopiaerp.addons.base.tests.test_search: Starting test_search.test_13_m2o_order_loop_multi ... 
2026-02-09 11:00:06,937 1 INFO betopiaerp betopiaerp.addons.base.tests.test_search: Starting test_search.test_20_x_active ... 
2026-02-09 11:00:06,990 1 INFO betopiaerp betopiaerp.addons.base.tests.test_search: Starting test_search.test_21_search_count ... 
2026-02-09 11:00:06,999 1 INFO betopiaerp betopiaerp.addons.base.tests.test_search: Starting test_search.test_22_like_folding ... 
2026-02-09 11:00:07,002 1 INFO betopiaerp betopiaerp.addons.base.models.ir_attachment: filestore gc 9 checked, 9 removed 
2026-02-09 11:00:07,252 1 INFO betopiaerp betopiaerp.addons.base.tests.test_signature: Starting TestSignature.test_BetopiaERP_pdf_signer ... 
2026-02-09 11:00:07,268 1 INFO betopiaerp betopiaerp.addons.base.models.ir_attachment: filestore gc 0 checked, 0 removed 
2026-02-09 11:00:07,269 1 INFO betopiaerp betopiaerp.addons.base.tests.test_split_table: Starting TestSplitTable.test_split_table ... 
2026-02-09 11:00:07,291 1 INFO betopiaerp betopiaerp.addons.base.models.ir_attachment: filestore gc 0 checked, 0 removed 
2026-02-09 11:00:07,292 1 INFO betopiaerp betopiaerp.addons.base.tests.test_sql: Starting TestSQL.test_complex_sql ... 
2026-02-09 11:00:07,292 1 INFO betopiaerp betopiaerp.addons.base.tests.test_sql: Starting TestSQL.test_escape_percent ... 
2026-02-09 11:00:07,292 1 INFO betopiaerp betopiaerp.addons.base.tests.test_sql: Starting TestSQL.test_sql_bool ... 
2026-02-09 11:00:07,293 1 INFO betopiaerp betopiaerp.addons.base.tests.test_sql: Starting TestSQL.test_sql_empty ... 
2026-02-09 11:00:07,293 1 INFO betopiaerp betopiaerp.addons.base.tests.test_sql: Starting TestSQL.test_sql_equality ... 
2026-02-09 11:00:07,293 1 INFO betopiaerp betopiaerp.addons.base.tests.test_sql: Starting TestSQL.test_sql_hash ... 
2026-02-09 11:00:07,293 1 INFO betopiaerp betopiaerp.addons.base.tests.test_sql: Starting TestSQL.test_sql_idempotence ... 
2026-02-09 11:00:07,294 1 INFO betopiaerp betopiaerp.addons.base.tests.test_sql: Starting TestSQL.test_sql_identifier ... 
2026-02-09 11:00:07,294 1 INFO betopiaerp betopiaerp.addons.base.tests.test_sql: Starting TestSQL.test_sql_join ... 
2026-02-09 11:00:07,294 1 INFO betopiaerp betopiaerp.addons.base.tests.test_sql: Starting TestSQL.test_sql_with_literal_parameters ... 
2026-02-09 11:00:07,295 1 INFO betopiaerp betopiaerp.addons.base.tests.test_sql: Starting TestSQL.test_sql_with_named_parameters ... 
2026-02-09 11:00:07,295 1 INFO betopiaerp betopiaerp.addons.base.tests.test_sql: Starting TestSQL.test_sql_with_no_parameter ... 
2026-02-09 11:00:07,295 1 INFO betopiaerp betopiaerp.addons.base.tests.test_sql: Starting TestSQL.test_sql_with_sql_parameters ... 
2026-02-09 11:00:07,295 1 INFO betopiaerp betopiaerp.addons.base.tests.test_sql: Starting TestSQL.test_sql_with_wrong_pattern ... 
2026-02-09 11:00:07,296 1 INFO betopiaerp betopiaerp.addons.base.tests.test_sql: Starting TestSqlTools.test_add_constraint ... 
2026-02-09 11:00:07,299 1 INFO betopiaerp betopiaerp.addons.base.tests.test_sql: Starting TestSqlTools.test_add_index ... 
2026-02-09 11:00:07,304 1 INFO betopiaerp betopiaerp.addons.base.tests.test_sql: Starting TestSqlTools.test_add_index_escape ... 
2026-02-09 11:00:07,309 1 INFO betopiaerp betopiaerp.addons.base.models.ir_attachment: filestore gc 0 checked, 0 removed 
2026-02-09 11:00:07,310 1 INFO betopiaerp betopiaerp.addons.base.tests.test_test_retry: Starting TestRetry.test_log_levels ... 
2026-02-09 11:00:07,310 1 INFO betopiaerp betopiaerp.addons.base.tests.test_test_retry: test info 
2026-02-09 11:00:07,310 1 INFO betopiaerp betopiaerp.addons.base.tests.test_test_retry: Starting TestRetry.test_retry_success ... 
2026-02-09 11:00:07,311 1 INFO betopiaerp betopiaerp.addons.base.tests.test_test_retry: Starting TestRetryTraceback.test_retry_traceback_success ... 
2026-02-09 11:00:07,311 1 INFO betopiaerp betopiaerp.addons.base.tests.test_test_retry: Starting TestRetryTracebackArg.test_retry_traceback_args_success ... 
2026-02-09 11:00:07,312 1 INFO betopiaerp betopiaerp.addons.base.tests.test_test_retry: Starting TestRetryRollbackedCursor.test_broken_cursor ... 
2026-02-09 11:00:07,313 1 INFO betopiaerp betopiaerp.addons.base.models.ir_attachment: filestore gc 0 checked, 0 removed 
2026-02-09 11:00:07,314 1 INFO betopiaerp betopiaerp.addons.base.tests.test_test_retry: Starting TestRetryCommitedCursor.test_broken_cursor ... 
2026-02-09 11:00:07,316 1 INFO betopiaerp betopiaerp.addons.base.models.ir_attachment: filestore gc 0 checked, 0 removed 
2026-02-09 11:00:07,316 1 INFO betopiaerp betopiaerp.addons.base.tests.test_test_retry: Starting TestRetryRollbackedCursorError.test_broken_cursor ... 
2026-02-09 11:00:07,318 1 INFO betopiaerp betopiaerp.addons.base.models.ir_attachment: filestore gc 0 checked, 0 removed 
2026-02-09 11:00:07,318 1 INFO betopiaerp betopiaerp.addons.base.tests.test_test_retry: Starting TestRetryCommitedCursorError.test_broken_cursor ... 
2026-02-09 11:00:07,320 1 INFO betopiaerp betopiaerp.addons.base.models.ir_attachment: filestore gc 0 checked, 0 removed 
2026-02-09 11:00:07,321 1 INFO betopiaerp betopiaerp.addons.base.tests.test_test_retry: Starting TestRetrySubtest.test_retry_subtest_success_all ... 
2026-02-09 11:00:07,321 1 INFO betopiaerp betopiaerp.addons.base.tests.test_test_retry: Starting TestRetrySubtest.test_retry_subtest_success_one ... 
2026-02-09 11:00:07,321 1 INFO betopiaerp betopiaerp.addons.base.tests.test_test_suite: Starting TestTestSuite.test_test_suite ... 
2026-02-09 11:00:07,322 1 INFO betopiaerp betopiaerp.addons.base.tests.test_test_suite: Starting TestRunnerLogging.test_assertQueryCount ... 
2026-02-09 11:00:07,341 1 INFO betopiaerp betopiaerp.addons.base.tests.test_test_suite: Starting TestRunnerLogging.test_assertQueryCount_with_decorators ... 
2026-02-09 11:00:07,360 1 INFO betopiaerp betopiaerp.addons.base.tests.test_test_suite: Starting TestRunnerLogging.test_call_stack ... 
2026-02-09 11:00:07,362 1 INFO betopiaerp betopiaerp.addons.base.tests.test_test_suite: Starting TestRunnerLogging.test_call_stack_context_manager ... 
2026-02-09 11:00:07,365 1 INFO betopiaerp betopiaerp.addons.base.tests.test_test_suite: Starting TestRunnerLogging.test_call_stack_subtest ... 
2026-02-09 11:00:07,368 1 INFO betopiaerp betopiaerp.addons.base.tests.test_test_suite: Starting TestRunnerLogging.test_handle_error ... 
2026-02-09 11:00:07,371 1 INFO betopiaerp betopiaerp.addons.base.tests.test_test_suite: Starting TestRunnerLogging.test_has_add_error ... 
2026-02-09 11:00:07,372 1 INFO betopiaerp betopiaerp.addons.base.tests.test_test_suite: Starting TestRunnerLogging.test_raise ... 
2026-02-09 11:00:07,374 1 INFO betopiaerp betopiaerp.addons.base.tests.test_test_suite: Starting TestRunnerLogging.test_raise_subtest ... 
2026-02-09 11:00:07,377 1 INFO betopiaerp betopiaerp.addons.base.tests.test_test_suite: Starting TestRunnerLogging.test_reraise ... 
2026-02-09 11:00:07,379 1 INFO betopiaerp betopiaerp.addons.base.tests.test_test_suite: Starting TestRunnerLogging.test_subtest_sub_call ... 
2026-02-09 11:00:07,381 1 INFO betopiaerp betopiaerp.addons.base.tests.test_test_suite: Starting TestRunnerLogging.test_traverse_contextmanager ... 
2026-02-09 11:00:07,383 1 INFO betopiaerp betopiaerp.addons.base.tests.test_test_suite: Starting TestRunnerLogging.test_with_decorators ... 
2026-02-09 11:00:07,388 1 INFO betopiaerp betopiaerp.addons.base.models.ir_attachment: filestore gc 0 checked, 0 removed 
2026-02-09 11:00:07,389 1 INFO betopiaerp betopiaerp.addons.base.tests.test_test_suite: Starting TestRunnerLoggingSetup.test_raises_setup ... 
2026-02-09 11:00:07,395 1 INFO betopiaerp betopiaerp.addons.base.models.ir_attachment: filestore gc 0 checked, 0 removed 
2026-02-09 11:00:07,395 1 INFO betopiaerp betopiaerp.addons.base.tests.test_test_suite: Starting TestRunnerLoggingTeardown.test_raises_teardown ... 
2026-02-09 11:00:07,405 1 INFO betopiaerp betopiaerp.addons.base.models.ir_attachment: filestore gc 0 checked, 0 removed 
2026-02-09 11:00:07,406 1 INFO betopiaerp betopiaerp.addons.base.tests.test_test_suite: Starting TestSubtests.test_nested_subtests ... 
2026-02-09 11:00:07,406 1 INFO betopiaerp betopiaerp.tests.suite: skipped setUpClass (betopiaerp.addons.base.tests.test_test_suite.TestClassSetup) : Skip this class 
2026-02-09 11:00:07,407 1 INFO betopiaerp betopiaerp.addons.base.tests.test_test_suite: Starting TestClassTeardown.test_method ... 
2026-02-09 11:00:07,407 1 INFO betopiaerp betopiaerp.tests.suite: skipped tearDownClass (betopiaerp.addons.base.tests.test_test_suite.TestClassTeardown) : Skip this class 
2026-02-09 11:00:07,407 1 INFO betopiaerp betopiaerp.addons.base.tests.test_test_suite: Starting Test01ClassCleanups.test_dummy ... 
2026-02-09 11:00:07,407 1 INFO betopiaerp betopiaerp.addons.base.tests.test_test_suite: Starting Test02ClassCleanupsCheck.test_classcleanups ... 
2026-02-09 11:00:07,408 1 INFO betopiaerp betopiaerp.addons.base.tests.test_test_suite: Starting TestSkipMethof.test_skip_method ... 
2026-02-09 11:00:07,408 1 INFO betopiaerp betopiaerp.addons.base.tests.test_test_suite: skipped TestSkipMethof.test_skip_method :  
2026-02-09 11:00:07,408 1 INFO betopiaerp betopiaerp.addons.base.tests.test_test_suite: Starting TestRegistryRLock.test_registry_rlock_count ... 
2026-02-09 11:00:07,409 1 INFO betopiaerp betopiaerp.addons.base.tests.test_tests_tags: Starting TestSetTags.test_inheritance ... 
2026-02-09 11:00:07,410 1 INFO betopiaerp betopiaerp.addons.base.tests.test_tests_tags: Starting TestSetTags.test_parental_advisory ... 
2026-02-09 11:00:07,410 1 INFO betopiaerp betopiaerp.addons.base.tests.test_tests_tags: Starting TestSetTags.test_set_tags_empty ... 
2026-02-09 11:00:07,411 1 INFO betopiaerp betopiaerp.addons.base.tests.test_tests_tags: Starting TestSetTags.test_set_tags_multiple_tags ... 
2026-02-09 11:00:07,412 1 INFO betopiaerp betopiaerp.addons.base.tests.test_tests_tags: Starting TestSetTags.test_set_tags_not_decorated ... 
2026-02-09 11:00:07,413 1 INFO betopiaerp betopiaerp.addons.base.tests.test_tests_tags: Starting TestSetTags.test_set_tags_single_tag ... 
2026-02-09 11:00:07,413 1 INFO betopiaerp betopiaerp.addons.base.tests.test_tests_tags: Starting TestSetTags.test_untagging ... 
2026-02-09 11:00:07,415 1 INFO betopiaerp betopiaerp.addons.base.models.ir_attachment: filestore gc 0 checked, 0 removed 
2026-02-09 11:00:07,416 1 INFO betopiaerp betopiaerp.addons.base.tests.test_tests_tags: Starting TestSelector.test_selector_parser ... 
2026-02-09 11:00:07,418 1 INFO betopiaerp betopiaerp.addons.base.models.ir_attachment: filestore gc 0 checked, 0 removed 
2026-02-09 11:00:07,419 1 INFO betopiaerp betopiaerp.addons.base.tests.test_tests_tags: Starting TestSelectorSelection.test_negative_parameters_translate ... 
2026-02-09 11:00:07,419 1 INFO betopiaerp betopiaerp.addons.base.tests.test_tests_tags: Starting TestSelectorSelection.test_selector_parser_parameters ... 
2026-02-09 11:00:07,420 1 INFO betopiaerp betopiaerp.addons.base.tests.test_tests_tags: Starting TestSelectorSelection.test_selector_selection ... 
2026-02-09 11:00:07,422 1 INFO betopiaerp betopiaerp.addons.base.models.ir_attachment: filestore gc 0 checked, 0 removed 
2026-02-09 11:00:07,422 1 INFO betopiaerp betopiaerp.addons.base.tests.test_tests_tags: Starting TestTestClass.test_canonical_tag ... 
2026-02-09 11:00:07,423 1 INFO betopiaerp betopiaerp.addons.base.tests.test_transactions: Starting TestTransactionEnvs.test_transation_envs_ordered ... 
2026-02-09 11:00:07,424 1 INFO betopiaerp betopiaerp.addons.base.tests.test_transactions: Starting TestTransactionEnvs.test_transation_envs_weakrefs ... 
2026-02-09 11:00:07,425 1 INFO betopiaerp betopiaerp.addons.base.tests.test_transactions: Starting TestTransactionEnvs.test_transation_envs_weakrefs_call ... 
2026-02-09 11:00:07,426 1 INFO betopiaerp betopiaerp.addons.base.tests.test_transactions: Starting TestTransactionEnvs.test_transation_envs_weakrefs_return ... 
2026-02-09 11:00:07,430 1 INFO betopiaerp betopiaerp.addons.base.models.ir_attachment: filestore gc 0 checked, 0 removed 
2026-02-09 11:00:07,430 1 INFO betopiaerp betopiaerp.addons.base.tests.test_translate: Starting TranslationToolsTestCase.test_quote_unquote ... 
2026-02-09 11:00:07,431 1 INFO betopiaerp betopiaerp.addons.base.tests.test_translate: Starting TranslationToolsTestCase.test_translate_html ... 
2026-02-09 11:00:07,432 1 INFO betopiaerp betopiaerp.addons.base.tests.test_translate: Starting TranslationToolsTestCase.test_translate_html_i ... 
2026-02-09 11:00:07,433 1 INFO betopiaerp betopiaerp.addons.base.tests.test_translate: Starting TranslationToolsTestCase.test_translate_html_nbsp ... 
2026-02-09 11:00:07,433 1 INFO betopiaerp betopiaerp.addons.base.tests.test_translate: Starting TranslationToolsTestCase.test_translate_xml_a ... 
2026-02-09 11:00:07,434 1 INFO betopiaerp betopiaerp.addons.base.tests.test_translate: Starting TranslationToolsTestCase.test_translate_xml_attribute ... 
2026-02-09 11:00:07,435 1 INFO betopiaerp betopiaerp.addons.base.tests.test_translate: Starting TranslationToolsTestCase.test_translate_xml_base ... 
2026-02-09 11:00:07,435 1 INFO betopiaerp betopiaerp.addons.base.tests.test_translate: Starting TranslationToolsTestCase.test_translate_xml_fstring ... 
2026-02-09 11:00:07,436 1 INFO betopiaerp betopiaerp.addons.base.tests.test_translate: Starting TranslationToolsTestCase.test_translate_xml_illegal_translations ... 
2026-02-09 11:00:07,437 1 INFO betopiaerp betopiaerp.addons.base.tests.test_translate: Starting TranslationToolsTestCase.test_translate_xml_inline1 ... 
2026-02-09 11:00:07,438 1 INFO betopiaerp betopiaerp.addons.base.tests.test_translate: Starting TranslationToolsTestCase.test_translate_xml_inline2 ... 
2026-02-09 11:00:07,438 1 INFO betopiaerp betopiaerp.addons.base.tests.test_translate: Starting TranslationToolsTestCase.test_translate_xml_inline3 ... 
2026-02-09 11:00:07,439 1 INFO betopiaerp betopiaerp.addons.base.tests.test_translate: Starting TranslationToolsTestCase.test_translate_xml_inline4 ... 
2026-02-09 11:00:07,439 1 INFO betopiaerp betopiaerp.addons.base.tests.test_translate: Starting TranslationToolsTestCase.test_translate_xml_inline5 ... 
2026-02-09 11:00:07,439 1 INFO betopiaerp betopiaerp.addons.base.tests.test_translate: Starting TranslationToolsTestCase.test_translate_xml_invalid_translations ... 
2026-02-09 11:00:07,440 1 INFO betopiaerp betopiaerp.addons.base.tests.test_translate: Starting TranslationToolsTestCase.test_translate_xml_off ... 
2026-02-09 11:00:07,440 1 INFO betopiaerp betopiaerp.addons.base.tests.test_translate: Starting TranslationToolsTestCase.test_translate_xml_t ... 
2026-02-09 11:00:07,440 1 INFO betopiaerp betopiaerp.addons.base.tests.test_translate: Starting TranslationToolsTestCase.test_translate_xml_text ... 
2026-02-09 11:00:07,441 1 INFO betopiaerp betopiaerp.addons.base.tests.test_translate: Starting TranslationToolsTestCase.test_translate_xml_text_entity ... 
2026-02-09 11:00:07,441 1 INFO betopiaerp betopiaerp.addons.base.tests.test_translate: Starting TranslationToolsTestCase.test_translate_xml_unicode ... 
2026-02-09 11:00:07,441 1 INFO betopiaerp betopiaerp.addons.base.tests.test_translate: Starting TranslationToolsTestCase.test_translate_xml_with_namespace ... 
2026-02-09 11:00:07,442 1 INFO betopiaerp betopiaerp.addons.base.tests.test_translate: Starting TestLanguageInstall.test_language_install ... 
2026-02-09 11:00:07,452 1 INFO betopiaerp betopiaerp.addons.base.models.ir_attachment: filestore gc 0 checked, 0 removed 
2026-02-09 11:00:07,456 1 INFO betopiaerp betopiaerp.tools.translate: loading translation file for language fr_FR 
2026-02-09 11:00:07,458 1 INFO betopiaerp betopiaerp.tools.translate: translations are loaded successfully 
2026-02-09 11:00:07,459 1 INFO betopiaerp betopiaerp.addons.base.tests.test_translate: Starting TestTranslation.test_101_create_translated_record ... 
2026-02-09 11:00:07,460 1 INFO betopiaerp betopiaerp.addons.base.tests.test_translate: Starting TestTranslation.test_101_translation_read ... 
2026-02-09 11:00:07,477 1 INFO betopiaerp betopiaerp.models.unlink: User #1 deleted ir.default records with IDs: [1] 
2026-02-09 11:00:07,479 1 INFO betopiaerp betopiaerp.addons.base.tests.test_translate: Starting TestTranslation.test_102_duplicate_record ... 
2026-02-09 11:00:07,483 1 INFO betopiaerp betopiaerp.addons.base.tests.test_translate: Starting TestTranslation.test_103_duplicate_record_fr ... 
2026-02-09 11:00:07,486 1 INFO betopiaerp betopiaerp.addons.base.tests.test_translate: Starting TestTranslation.test_104_orderby_translated_field ... 
2026-02-09 11:00:07,490 1 INFO betopiaerp betopiaerp.addons.base.tests.test_translate: Starting TestTranslation.test_105_duplicate_record_multi_no_en ... 
2026-02-09 11:00:07,503 1 INFO betopiaerp betopiaerp.models.unlink: User #1 deleted ir.default records with IDs: [1] 
2026-02-09 11:00:07,510 1 INFO betopiaerp betopiaerp.addons.base.tests.test_translate: Starting TestTranslation.test_107_duplicate_record_en ... 
2026-02-09 11:00:07,514 1 INFO betopiaerp betopiaerp.addons.base.tests.test_translate: Starting TestTranslation.test_108_search_en ... 
2026-02-09 11:00:07,516 1 INFO betopiaerp betopiaerp.addons.base.tests.test_translate: Starting TestTranslation.test_109_search_fr ... 
2026-02-09 11:00:07,519 1 INFO betopiaerp betopiaerp.addons.base.tests.test_translate: Starting TestTranslation.test_110_search_es ... 
2026-02-09 11:00:07,523 1 INFO betopiaerp betopiaerp.addons.base.tests.test_translate: Starting TestTranslation.test_111_prefetch_langs ... 
2026-02-09 11:00:07,535 1 INFO betopiaerp betopiaerp.models.unlink: User #1 deleted ir.default records with IDs: [1] 
2026-02-09 11:00:07,539 1 INFO betopiaerp betopiaerp.addons.base.models.ir_attachment: filestore gc 0 checked, 0 removed 
2026-02-09 11:00:07,542 1 INFO betopiaerp betopiaerp.addons.base.tests.test_translate: Starting TestTranslationWrite.test_00 ... 
2026-02-09 11:00:07,549 1 INFO betopiaerp betopiaerp.addons.base.tests.test_translate: Starting TestTranslationWrite.test_01_invalid_lang ... 
2026-02-09 11:00:07,559 1 INFO betopiaerp betopiaerp.addons.base.tests.test_translate: Starting TestTranslationWrite.test_03_fr_single ... 
2026-02-09 11:00:07,569 1 INFO betopiaerp betopiaerp.models.unlink: User #1 deleted ir.default records with IDs: [1] 
2026-02-09 11:00:07,571 1 INFO betopiaerp betopiaerp.addons.base.tests.test_translate: Starting TestTranslationWrite.test_04_fr_multi ... 
2026-02-09 11:00:07,574 1 INFO betopiaerp betopiaerp.tools.translate: loading translation file for language fr_FR 
2026-02-09 11:00:07,575 1 INFO betopiaerp betopiaerp.tools.translate: translations are loaded successfully 
2026-02-09 11:00:07,576 1 INFO betopiaerp betopiaerp.addons.base.tests.test_translate: Starting TestTranslationWrite.test_04_fr_multi_no_en ... 
2026-02-09 11:00:07,588 1 INFO betopiaerp betopiaerp.models.unlink: User #1 deleted ir.default records with IDs: [1] 
2026-02-09 11:00:07,592 1 INFO betopiaerp betopiaerp.addons.base.tests.test_translate: Starting TestTranslationWrite.test_05_remove_multi_false ... 
2026-02-09 11:00:07,595 1 INFO betopiaerp betopiaerp.addons.base.tests.test_translate: Starting TestTranslationWrite.test_create_empty_false ... 
2026-02-09 11:00:07,603 1 INFO betopiaerp betopiaerp.addons.base.tests.test_translate: Starting TestTranslationWrite.test_field_selection ... 
2026-02-09 11:00:07,617 1 INFO betopiaerp betopiaerp.addons.base.tests.test_translate: Starting TestTranslationWrite.test_load_views ... 
2026-02-09 11:00:07,621 1 INFO betopiaerp betopiaerp.tools.translate: loading translation file for language fr_FR 
2026-02-09 11:00:07,626 1 INFO betopiaerp betopiaerp.tools.translate: translations are loaded successfully 
2026-02-09 11:00:07,658 1 INFO betopiaerp betopiaerp.addons.base.tests.test_translate: Starting TestTranslationWrite.test_update_field_translations ... 
2026-02-09 11:00:07,668 1 INFO betopiaerp betopiaerp.addons.base.tests.test_translate: Starting TestTranslationWrite.test_update_field_translations_for_empty ... 
2026-02-09 11:00:07,679 1 INFO betopiaerp betopiaerp.addons.base.tests.test_translate: Starting TestTranslationWrite.test_write_empty_and_value ... 
2026-02-09 11:00:07,704 1 INFO betopiaerp betopiaerp.addons.base.models.ir_attachment: filestore gc 0 checked, 0 removed 
2026-02-09 11:00:07,710 1 INFO betopiaerp betopiaerp.addons.base.tests.test_translate: Starting TestXMLTranslation.test_cache_consistency ... 
2026-02-09 11:00:07,722 1 INFO betopiaerp betopiaerp.addons.base.tests.test_translate: Starting TestXMLTranslation.test_copy ... 
2026-02-09 11:00:07,746 1 INFO betopiaerp betopiaerp.addons.base.tests.test_translate: Starting TestXMLTranslation.test_delay_translations ... 
2026-02-09 11:00:07,763 1 INFO betopiaerp betopiaerp.addons.base.tests.test_translate: Starting TestXMLTranslation.test_delay_translations_no_term ... 
2026-02-09 11:00:07,776 1 INFO betopiaerp betopiaerp.addons.base.tests.test_translate: Starting TestXMLTranslation.test_spaces ... 
2026-02-09 11:00:07,783 1 INFO betopiaerp betopiaerp.addons.base.tests.test_translate: Starting TestXMLTranslation.test_sync ... 
2026-02-09 11:00:07,800 1 INFO betopiaerp betopiaerp.addons.base.tests.test_translate: Starting TestXMLTranslation.test_sync_text_to_xml ... 
2026-02-09 11:00:07,812 1 INFO betopiaerp betopiaerp.addons.base.tests.test_translate: Starting TestXMLTranslation.test_sync_xml ... 
2026-02-09 11:00:07,829 1 INFO betopiaerp betopiaerp.addons.base.tests.test_translate: Starting TestXMLTranslation.test_sync_xml_attribute ... 
2026-02-09 11:00:07,842 1 INFO betopiaerp betopiaerp.addons.base.tests.test_translate: Starting TestXMLTranslation.test_sync_xml_close_terms ... 
2026-02-09 11:00:07,854 1 INFO betopiaerp betopiaerp.addons.base.tests.test_translate: Starting TestXMLTranslation.test_sync_xml_collision ... 
2026-02-09 11:00:07,871 1 INFO betopiaerp betopiaerp.addons.base.tests.test_translate: Starting TestXMLTranslation.test_sync_xml_inline_modifiers ... 
2026-02-09 11:00:07,887 1 INFO betopiaerp betopiaerp.addons.base.tests.test_translate: Starting TestXMLTranslation.test_sync_xml_no_en ... 
2026-02-09 11:00:07,904 1 INFO betopiaerp betopiaerp.models.unlink: User #1 deleted ir.default records with IDs: [1] 
2026-02-09 11:00:07,911 1 INFO betopiaerp betopiaerp.addons.base.tests.test_translate: Starting TestXMLTranslation.test_sync_xml_upgrade ... 
2026-02-09 11:00:07,944 1 INFO betopiaerp betopiaerp.addons.base.tests.test_translate: Starting TestXMLTranslation.test_t_call_no_normal_attribute_translation ... 
2026-02-09 11:00:07,960 1 INFO betopiaerp betopiaerp.addons.base.tests.test_translate: Starting TestXMLTranslation.test_update_field_translations ... 
2026-02-09 11:00:07,977 1 INFO betopiaerp betopiaerp.addons.base.tests.test_translate: Starting TestXMLTranslation.test_update_field_translations_empty_str ... 
2026-02-09 11:00:07,987 1 INFO betopiaerp betopiaerp.addons.base.tests.test_translate: Starting TestXMLTranslation.test_update_field_translations_partially ... 
2026-02-09 11:00:07,998 1 INFO betopiaerp betopiaerp.addons.base.tests.test_translate: Starting TestXMLTranslation.test_update_field_translations_source_lang ... 
2026-02-09 11:00:08,009 1 INFO betopiaerp betopiaerp.addons.base.tests.test_translate: Starting TestXMLTranslation.test_update_field_translations_typofix ... 
2026-02-09 11:00:08,026 1 INFO betopiaerp betopiaerp.addons.base.models.ir_attachment: filestore gc 0 checked, 0 removed 
2026-02-09 11:00:08,038 1 INFO betopiaerp betopiaerp.addons.base.tests.test_translate: Starting TestXMLDuplicateTranslations.test_copy ... 
2026-02-09 11:00:08,047 1 INFO betopiaerp betopiaerp.addons.base.tests.test_translate: Starting TestXMLDuplicateTranslations.test_get_field_translations ... 
2026-02-09 11:00:08,050 1 INFO betopiaerp betopiaerp.addons.base.tests.test_translate: Starting TestXMLDuplicateTranslations.test_update_field_translations_again ... 
2026-02-09 11:00:08,060 1 INFO betopiaerp betopiaerp.addons.base.tests.test_translate: Starting TestXMLDuplicateTranslations.test_update_field_translations_result ... 
2026-02-09 11:00:08,063 1 INFO betopiaerp betopiaerp.addons.base.tests.test_translate: Starting TestXMLDuplicateTranslations.test_write ... 
2026-02-09 11:00:08,075 1 INFO betopiaerp betopiaerp.addons.base.models.ir_attachment: filestore gc 0 checked, 0 removed 
2026-02-09 11:00:08,076 1 INFO betopiaerp betopiaerp.addons.base.tests.test_translate: Starting TestHTMLTranslation.test_delay_translations_no_term ... 
2026-02-09 11:00:08,143 1 INFO betopiaerp betopiaerp.addons.base.tests.test_translate: Starting TestHTMLTranslation.test_write_non_existing ... 
2026-02-09 11:00:08,147 1 INFO betopiaerp betopiaerp.addons.base.models.ir_attachment: filestore gc 0 checked, 0 removed 
2026-02-09 11:00:08,147 1 INFO betopiaerp betopiaerp.addons.base.tests.test_translate: Starting TestTranslationTrigramIndexPatterns.test_pattern_conversion ... 
2026-02-09 11:00:08,148 1 INFO betopiaerp betopiaerp.addons.base.tests.test_translate: Starting TestTranslationTrigramIndexPatterns.test_value_conversion ... 
2026-02-09 11:00:08,149 1 INFO betopiaerp betopiaerp.addons.base.tests.test_tz: Starting TestTZ.test_cannot_set_deprecated_timezone ... 
2026-02-09 11:00:08,152 1 INFO betopiaerp betopiaerp.addons.base.tests.test_tz: Starting TestTZ.test_dont_adapt_available_tz ... 
2026-02-09 11:00:08,153 1 INFO betopiaerp betopiaerp.addons.base.tests.test_tz: Starting TestTZ.test_partner_with_old_tz ... 
2026-02-09 11:00:08,158 1 INFO betopiaerp betopiaerp.addons.base.tests.test_tz: Starting TestTZ.test_tz_legacy ... 
2026-02-09 11:00:08,182 1 INFO betopiaerp betopiaerp.addons.base.models.ir_attachment: filestore gc 0 checked, 0 removed 
2026-02-09 11:00:08,183 1 INFO betopiaerp betopiaerp.addons.base.tests.test_user_has_group: Starting TestHasGroup.test_demote_user ... 
2026-02-09 11:00:08,231 1 INFO betopiaerp betopiaerp.addons.base.tests.test_user_has_group: Starting TestHasGroup.test_env_uid ... 
2026-02-09 11:00:08,246 1 INFO betopiaerp betopiaerp.addons.base.tests.test_user_has_group: Starting TestHasGroup.test_has_group_cleared_cache_on_write ... 
2026-02-09 11:00:08,264 1 INFO betopiaerp betopiaerp.addons.base.tests.test_user_has_group: Starting TestHasGroup.test_has_group_with_new_id ... 
2026-02-09 11:00:08,281 1 INFO betopiaerp betopiaerp.addons.base.tests.test_user_has_group: Starting TestHasGroup.test_implied_groups ... 
2026-02-09 11:00:08,336 1 INFO betopiaerp betopiaerp.addons.base.tests.test_user_has_group: Starting TestHasGroup.test_other_user ... 
2026-02-09 11:00:08,370 1 INFO betopiaerp betopiaerp.addons.base.tests.test_user_has_group: Starting TestHasGroup.test_portal_creation ... 
2026-02-09 11:00:08,426 1 INFO betopiaerp betopiaerp.models.unlink: User #1 deleted res.users records with IDs: [998] 
2026-02-09 11:00:08,457 1 INFO betopiaerp betopiaerp.addons.base.tests.test_user_has_group: Starting TestHasGroup.test_portal_write ... 
2026-02-09 11:00:08,505 1 INFO betopiaerp betopiaerp.addons.base.tests.test_user_has_group: Starting TestHasGroup.test_record ... 
2026-02-09 11:00:08,523 1 INFO betopiaerp betopiaerp.addons.base.tests.test_user_has_group: Starting TestHasGroup.test_two_user_types ... 
2026-02-09 11:00:08,586 1 INFO betopiaerp betopiaerp.addons.base.tests.test_user_has_group: Starting TestHasGroup.test_two_user_types_implied_groups ... 
2026-02-09 11:00:08,632 1 INFO betopiaerp betopiaerp.models: Prepare computation of res.users.x_group_names 
2026-02-09 11:00:08,654 1 INFO betopiaerp betopiaerp.models: Prepare computation of res.groups.x_user_names 
2026-02-09 11:00:08,709 1 INFO betopiaerp betopiaerp.addons.base.models.ir_attachment: filestore gc 3 checked, 3 removed 
2026-02-09 11:00:08,710 1 INFO betopiaerp betopiaerp.addons.base.tests.test_views: Starting ViewXMLID.test_model_data_id ... 
2026-02-09 11:00:08,714 1 INFO betopiaerp betopiaerp.addons.base.models.ir_attachment: filestore gc 0 checked, 0 removed 
2026-02-09 11:00:08,714 1 INFO betopiaerp betopiaerp.addons.base.tests.test_views: Starting TestNodeLocator.test_attribute_filter ... 
2026-02-09 11:00:08,715 1 INFO betopiaerp betopiaerp.addons.base.tests.test_views: Starting TestNodeLocator.test_attribute_mismatch ... 
2026-02-09 11:00:08,716 1 INFO betopiaerp betopiaerp.addons.base.tests.test_views: Starting TestNodeLocator.test_match_field ... 
2026-02-09 11:00:08,716 1 INFO betopiaerp betopiaerp.addons.base.tests.test_views: Starting TestNodeLocator.test_match_other ... 
2026-02-09 11:00:08,717 1 INFO betopiaerp betopiaerp.addons.base.tests.test_views: Starting TestNodeLocator.test_match_xpath ... 
2026-02-09 11:00:08,718 1 INFO betopiaerp betopiaerp.addons.base.tests.test_views: Starting TestNodeLocator.test_no_match_field ... 
2026-02-09 11:00:08,718 1 INFO betopiaerp betopiaerp.addons.base.tests.test_views: Starting TestNodeLocator.test_no_match_other ... 
2026-02-09 11:00:08,719 1 INFO betopiaerp betopiaerp.addons.base.tests.test_views: Starting TestNodeLocator.test_no_match_xpath ... 
2026-02-09 11:00:08,719 1 INFO betopiaerp betopiaerp.addons.base.tests.test_views: Starting TestNodeLocator.test_version_mismatch ... 
2026-02-09 11:00:08,721 1 INFO betopiaerp betopiaerp.addons.base.models.ir_attachment: filestore gc 0 checked, 0 removed 
2026-02-09 11:00:08,751 1 INFO betopiaerp betopiaerp.addons.base.tests.test_views: Starting TestViewInheritance.test_broken_hierarchy_locators ... 
2026-02-09 11:00:08,795 1 INFO betopiaerp betopiaerp.addons.base.tests.test_views: Starting TestViewInheritance.test_default_view ... 
2026-02-09 11:00:08,832 1 INFO betopiaerp betopiaerp.addons.base.tests.test_views: Starting TestViewInheritance.test_get_combined_arch_query_count ... 
2026-02-09 11:00:08,893 1 INFO betopiaerp betopiaerp.addons.base.tests.test_views: Query count less than expected for user __system__: 2 < 3 in test_get_combined_arch_query_count at base/tests/test_views.py:317 
2026-02-09 11:00:08,894 1 INFO betopiaerp betopiaerp.addons.base.tests.test_views: Starting TestViewInheritance.test_get_inheriting_views ... 
2026-02-09 11:00:08,933 1 INFO betopiaerp betopiaerp.addons.base.tests.test_views: Starting TestViewInheritance.test_invalid_locators ... 
2026-02-09 11:00:08,974 1 INFO betopiaerp betopiaerp.addons.base.tests.test_views: Starting TestViewInheritance.test_invalid_locators_with_valid_xpath ... 
2026-02-09 11:00:09,025 1 INFO betopiaerp betopiaerp.addons.base.tests.test_views: Starting TestViewInheritance.test_nested_move_invalid_locator ... 
2026-02-09 11:00:09,074 1 INFO betopiaerp betopiaerp.addons.base.tests.test_views: Starting TestViewInheritance.test_no_arch ... 
2026-02-09 11:00:09,116 1 INFO betopiaerp betopiaerp.addons.base.tests.test_views: Starting TestViewInheritance.test_no_default_view ... 
2026-02-09 11:00:09,154 1 INFO betopiaerp betopiaerp.addons.base.tests.test_views: Starting TestViewInheritance.test_no_recursion ... 
2026-02-09 11:00:09,205 1 INFO betopiaerp betopiaerp.addons.base.tests.test_views: Starting TestViewInheritance.test_view_validate_attrs_groups_query_count ... 
2026-02-09 11:00:09,251 1 INFO betopiaerp betopiaerp.addons.base.tests.test_views: Starting TestViewInheritance.test_view_validate_button_action_query_count ... 
2026-02-09 11:00:09,293 1 INFO betopiaerp betopiaerp.addons.base.tests.test_views: Starting TestViewInheritance.test_write_arch ... 
2026-02-09 11:00:09,340 1 INFO betopiaerp betopiaerp.addons.base.models.ir_attachment: filestore gc 1 checked, 1 removed 
2026-02-09 11:00:09,369 1 INFO betopiaerp betopiaerp.addons.base.tests.test_views: Starting TestApplyInheritanceSpecs.test_delete ... 
2026-02-09 11:00:09,375 1 INFO betopiaerp betopiaerp.addons.base.tests.test_views: Starting TestApplyInheritanceSpecs.test_incorrect_version ... 
2026-02-09 11:00:09,379 1 INFO betopiaerp betopiaerp.addons.base.tests.test_views: Starting TestApplyInheritanceSpecs.test_insert_after ... 
2026-02-09 11:00:09,379 1 INFO betopiaerp betopiaerp.addons.base.tests.test_views: Starting TestApplyInheritanceSpecs.test_insert_before ... 
2026-02-09 11:00:09,380 1 INFO betopiaerp betopiaerp.addons.base.tests.test_views: Starting TestApplyInheritanceSpecs.test_insert_inside ... 
2026-02-09 11:00:09,381 1 INFO betopiaerp betopiaerp.addons.base.tests.test_views: Starting TestApplyInheritanceSpecs.test_invalid_position ... 
2026-02-09 11:00:09,384 1 INFO betopiaerp betopiaerp.addons.base.tests.test_views: Starting TestApplyInheritanceSpecs.test_replace_inner ... 
2026-02-09 11:00:09,385 1 INFO betopiaerp betopiaerp.addons.base.tests.test_views: Starting TestApplyInheritanceSpecs.test_replace_inner_2 ... 
2026-02-09 11:00:09,386 1 INFO betopiaerp betopiaerp.addons.base.tests.test_views: Starting TestApplyInheritanceSpecs.test_replace_outer ... 
2026-02-09 11:00:09,387 1 INFO betopiaerp betopiaerp.addons.base.tests.test_views: Starting TestApplyInheritanceSpecs.test_target_not_found ... 
2026-02-09 11:00:09,391 1 INFO betopiaerp betopiaerp.addons.base.tests.test_views: Starting TestApplyInheritanceSpecs.test_unpack_data ... 
2026-02-09 11:00:09,393 1 INFO betopiaerp betopiaerp.addons.base.models.ir_attachment: filestore gc 1 checked, 1 removed 
2026-02-09 11:00:09,422 1 INFO betopiaerp betopiaerp.addons.base.tests.test_views: Starting TestApplyInheritanceWrapSpecs.test_replace ... 
2026-02-09 11:00:09,429 1 INFO betopiaerp betopiaerp.addons.base.models.ir_attachment: filestore gc 1 checked, 1 removed 
2026-02-09 11:00:09,457 1 INFO betopiaerp betopiaerp.addons.base.tests.test_views: Starting TestApplyInheritanceMoveSpecs.test_incorrect_move_1 ... 
2026-02-09 11:00:09,466 1 INFO betopiaerp betopiaerp.addons.base.tests.test_views: Starting TestApplyInheritanceMoveSpecs.test_incorrect_move_2 ... 
2026-02-09 11:00:09,469 1 INFO betopiaerp betopiaerp.addons.base.tests.test_views: Starting TestApplyInheritanceMoveSpecs.test_incorrect_move_3 ... 
2026-02-09 11:00:09,470 1 INFO betopiaerp betopiaerp.addons.base.tests.test_views: Starting TestApplyInheritanceMoveSpecs.test_move_after ... 
2026-02-09 11:00:09,471 1 INFO betopiaerp betopiaerp.addons.base.tests.test_views: Starting TestApplyInheritanceMoveSpecs.test_move_before ... 
2026-02-09 11:00:09,472 1 INFO betopiaerp betopiaerp.addons.base.tests.test_views: Starting TestApplyInheritanceMoveSpecs.test_move_inside ... 
2026-02-09 11:00:09,473 1 INFO betopiaerp betopiaerp.addons.base.tests.test_views: Starting TestApplyInheritanceMoveSpecs.test_move_replace ... 
2026-02-09 11:00:09,474 1 INFO betopiaerp betopiaerp.addons.base.tests.test_views: Starting TestApplyInheritanceMoveSpecs.test_move_with_other_1 ... 
2026-02-09 11:00:09,475 1 INFO betopiaerp betopiaerp.addons.base.tests.test_views: Starting TestApplyInheritanceMoveSpecs.test_move_with_other_2 ... 
2026-02-09 11:00:09,476 1 INFO betopiaerp betopiaerp.addons.base.tests.test_views: Starting TestApplyInheritanceMoveSpecs.test_move_with_tail ... 
2026-02-09 11:00:09,479 1 INFO betopiaerp betopiaerp.addons.base.models.ir_attachment: filestore gc 1 checked, 1 removed 
2026-02-09 11:00:09,504 1 INFO betopiaerp betopiaerp.addons.base.tests.test_views: Starting TestNoModel.test_create_view_nomodel ... 
2026-02-09 11:00:09,511 1 INFO betopiaerp betopiaerp.addons.base.tests.test_views: Starting TestNoModel.test_qweb_translation ... 
2026-02-09 11:00:09,519 1 INFO betopiaerp betopiaerp.addons.base.models.ir_attachment: filestore gc 1 checked, 1 removed 
2026-02-09 11:00:09,542 1 INFO betopiaerp betopiaerp.addons.base.tests.test_views: Starting TestTemplating.test_branding_attribute_groups ... 
2026-02-09 11:00:09,549 1 INFO betopiaerp betopiaerp.addons.base.tests.test_views: Starting TestTemplating.test_branding_distribute_inner ... 
2026-02-09 11:00:09,554 1 INFO betopiaerp betopiaerp.addons.base.tests.test_views: Starting TestTemplating.test_branding_inherit ... 
2026-02-09 11:00:09,559 1 INFO betopiaerp betopiaerp.addons.base.tests.test_views: Starting TestTemplating.test_branding_inherit_multi_replace_node ... 
2026-02-09 11:00:09,566 1 INFO betopiaerp betopiaerp.addons.base.tests.test_views: Starting TestTemplating.test_branding_inherit_multi_replace_node2 ... 
2026-02-09 11:00:09,574 1 INFO betopiaerp betopiaerp.addons.base.tests.test_views: Starting TestTemplating.test_branding_inherit_remove_added_from_inheritance ... 
2026-02-09 11:00:09,582 1 INFO betopiaerp betopiaerp.addons.base.tests.test_views: Starting TestTemplating.test_branding_inherit_remove_node ... 
2026-02-09 11:00:09,588 1 INFO betopiaerp betopiaerp.addons.base.tests.test_views: Starting TestTemplating.test_branding_inherit_remove_node2 ... 
2026-02-09 11:00:09,593 1 INFO betopiaerp betopiaerp.addons.base.tests.test_views: Starting TestTemplating.test_branding_inherit_remove_node_processing_instruction ... 
2026-02-09 11:00:09,599 1 INFO betopiaerp betopiaerp.addons.base.tests.test_views: Starting TestTemplating.test_branding_inherit_replace_node ... 
2026-02-09 11:00:09,605 1 INFO betopiaerp betopiaerp.addons.base.tests.test_views: Starting TestTemplating.test_branding_inherit_replace_node2 ... 
2026-02-09 11:00:09,611 1 INFO betopiaerp betopiaerp.addons.base.tests.test_views: Starting TestTemplating.test_branding_inherit_top_t_field ... 
2026-02-09 11:00:09,619 1 INFO betopiaerp betopiaerp.addons.base.tests.test_views: Starting TestTemplating.test_branding_primary_inherit ... 
2026-02-09 11:00:09,625 1 INFO betopiaerp betopiaerp.addons.base.tests.test_views: Starting TestTemplating.test_branding_remove_add_text ... 
2026-02-09 11:00:09,631 1 INFO betopiaerp betopiaerp.addons.base.tests.test_views: Starting TestTemplating.test_branding_t0 ... 
2026-02-09 11:00:09,637 1 INFO betopiaerp betopiaerp.addons.base.tests.test_views: Starting TestTemplating.test_call_no_branding ... 
2026-02-09 11:00:09,641 1 INFO betopiaerp betopiaerp.addons.base.tests.test_views: Starting TestTemplating.test_esc_no_branding ... 
2026-02-09 11:00:09,645 1 INFO betopiaerp betopiaerp.addons.base.tests.test_views: Starting TestTemplating.test_ignore_unbrand ... 
2026-02-09 11:00:09,652 1 INFO betopiaerp betopiaerp.addons.base.models.ir_attachment: filestore gc 1 checked, 1 removed 
2026-02-09 11:00:09,657 1 INFO betopiaerp betopiaerp.addons.base.models.ir_module: module base: loading translation file /opt/betopiaerp/betopiaerp/addons/base/i18n/fr.po for language fr_FR 
2026-02-09 11:00:10,230 1 INFO betopiaerp betopiaerp.addons.base.models.ir_module: module base: loading translation file /opt/betopiaerp/betopiaerp/addons/base/i18n/nl.po for language nl_NL 
2026-02-09 11:00:11,067 1 INFO betopiaerp betopiaerp.addons.base.tests.test_views: Starting TestViewTranslations.test_cache_consistency ... 
2026-02-09 11:00:11,077 1 INFO betopiaerp betopiaerp.addons.base.tests.test_views: Starting TestViewTranslations.test_no_groups_for_inherited ... 
2026-02-09 11:00:11,089 1 INFO betopiaerp betopiaerp.addons.base.tests.test_views: Starting TestViewTranslations.test_sync ... 
2026-02-09 11:00:11,105 1 INFO betopiaerp betopiaerp.addons.base.tests.test_views: Starting TestViewTranslations.test_sync_update ... 
2026-02-09 11:00:11,116 1 INFO betopiaerp betopiaerp.addons.base.tests.test_views: Starting TestViewTranslations.test_sync_xml ... 
2026-02-09 11:00:11,131 1 INFO betopiaerp betopiaerp.addons.base.models.ir_attachment: filestore gc 0 checked, 0 removed 
2026-02-09 11:00:11,154 1 INFO betopiaerp betopiaerp.addons.base.tests.test_views: Starting ViewModeField.testChangeInheritOfPrimary ... 
2026-02-09 11:00:11,166 1 INFO betopiaerp betopiaerp.addons.base.tests.test_views: Starting ViewModeField.testDefaultExtensionToPrimary ... 
2026-02-09 11:00:11,171 1 INFO betopiaerp betopiaerp.addons.base.tests.test_views: Starting ViewModeField.testInheritPrimaryToExtension ... 
2026-02-09 11:00:11,175 1 INFO betopiaerp betopiaerp.addons.base.tests.test_views: Starting ViewModeField.testModeExplicit ... 
2026-02-09 11:00:11,181 1 INFO betopiaerp betopiaerp.addons.base.tests.test_views: Starting ViewModeField.testModeImplicitValue ... 
2026-02-09 11:00:11,188 1 INFO betopiaerp betopiaerp.addons.base.tests.test_views: Starting ViewModeField.testPurePrimaryToExtension ... 
2026-02-09 11:00:11,192 1 INFO betopiaerp betopiaerp.addons.base.models.ir_attachment: filestore gc 1 checked, 1 removed 
2026-02-09 11:00:11,218 1 INFO betopiaerp betopiaerp.addons.base.tests.test_views: Starting TestDefaultView.testDefaultViewBase ... 
2026-02-09 11:00:11,232 1 INFO betopiaerp betopiaerp.addons.base.tests.test_views: Starting TestDefaultView.testDefaultViewPrimary ... 
2026-02-09 11:00:11,240 1 INFO betopiaerp betopiaerp.addons.base.models.ir_attachment: filestore gc 1 checked, 1 removed 
2026-02-09 11:00:11,264 1 INFO betopiaerp betopiaerp.addons.base.tests.test_views: Starting TestViewCombined.test_basic_read ... 
2026-02-09 11:00:11,290 1 INFO betopiaerp betopiaerp.addons.base.tests.test_views: Starting TestViewCombined.test_cross_model_double ... 
2026-02-09 11:00:11,312 1 INFO betopiaerp betopiaerp.addons.base.tests.test_views: Starting TestViewCombined.test_cross_model_simple ... 
2026-02-09 11:00:11,336 1 INFO betopiaerp betopiaerp.addons.base.tests.test_views: Starting TestViewCombined.test_inherit_python_expression ... 
2026-02-09 11:00:11,429 1 INFO betopiaerp betopiaerp.addons.base.tests.test_views: Starting TestViewCombined.test_multi_combine ... 
2026-02-09 11:00:11,464 1 INFO betopiaerp betopiaerp.addons.base.tests.test_views: Starting TestViewCombined.test_multi_combine_with_same_ancestor ... 
2026-02-09 11:00:11,488 1 INFO betopiaerp betopiaerp.addons.base.tests.test_views: Starting TestViewCombined.test_primary_after_extensions ... 
2026-02-09 11:00:11,520 1 INFO betopiaerp betopiaerp.addons.base.tests.test_views: Starting TestViewCombined.test_read_from_child ... 
2026-02-09 11:00:11,543 1 INFO betopiaerp betopiaerp.addons.base.tests.test_views: Starting TestViewCombined.test_read_from_child_primary ... 
2026-02-09 11:00:11,569 1 INFO betopiaerp betopiaerp.addons.base.models.ir_attachment: filestore gc 1 checked, 1 removed 
2026-02-09 11:00:11,591 1 INFO betopiaerp betopiaerp.addons.base.tests.test_views: Starting TestOptionalViews.test_applied ... 
2026-02-09 11:00:11,605 1 INFO betopiaerp betopiaerp.addons.base.tests.test_views: Starting TestOptionalViews.test_applied_state_toggle ... 
2026-02-09 11:00:11,623 1 INFO betopiaerp betopiaerp.addons.base.models.ir_attachment: filestore gc 1 checked, 1 removed 
2026-02-09 11:00:11,624 1 INFO betopiaerp betopiaerp.addons.base.tests.test_views: Starting TestXPathExtentions.test_hasclass ... 
2026-02-09 11:00:11,647 1 INFO betopiaerp betopiaerp.addons.base.tests.test_views: Starting TestQWebRender.test_render ... 
2026-02-09 11:00:11,667 1 INFO betopiaerp betopiaerp.addons.base.models.ir_attachment: filestore gc 1 checked, 1 removed 
2026-02-09 11:00:11,668 1 INFO betopiaerp betopiaerp.addons.base.tests.test_views: Starting TestValidationTools.test_get_expression_identities ... 
2026-02-09 11:00:11,692 1 INFO betopiaerp betopiaerp.addons.base.tests.test_views: Starting TestAccessRights.test_access ... 
2026-02-09 11:00:11,698 1 INFO betopiaerp betopiaerp.addons.base.models.ir_model: Access Denied by ACLs for operation: read, uid: 1019, model: ir.ui.view 
2026-02-09 11:00:11,713 1 INFO betopiaerp betopiaerp.addons.base.models.ir_model: Access Denied by ACLs for operation: read, uid: 1019, model: ir.ui.view 
2026-02-09 11:00:11,716 1 INFO betopiaerp betopiaerp.addons.base.models.ir_attachment: filestore gc 1 checked, 1 removed 
2026-02-09 11:00:11,717 1 INFO betopiaerp betopiaerp.addons.base.tests.test_views: Starting CompRegexTest.test_comp_regex ... 
2026-02-09 11:00:11,718 1 INFO betopiaerp betopiaerp.addons.base.models.ir_attachment: filestore gc 0 checked, 0 removed 
2026-02-09 11:00:11,740 1 INFO betopiaerp betopiaerp.addons.base.tests.test_views: Starting ViewModifiers.test_01_modifiers ... 
2026-02-09 11:00:11,746 1 INFO betopiaerp betopiaerp.addons.base.tests.test_views: Starting ViewModifiers.test_03_modifier_attribute_is_boolean ... 
2026-02-09 11:00:11,757 1 INFO betopiaerp betopiaerp.addons.base.tests.test_views: Starting ViewModifiers.test_04_modifier_attribute_using_context ... 
2026-02-09 11:00:11,765 1 INFO betopiaerp betopiaerp.addons.base.tests.test_views: Starting ViewModifiers.test_05_modifier_attribute_priority ... 
2026-02-09 11:00:11,774 1 INFO betopiaerp betopiaerp.addons.base.tests.test_views: Starting ViewModifiers.test_10_raise_for_old_attributes ... 
2026-02-09 11:00:11,784 1 INFO betopiaerp betopiaerp.addons.base.tests.test_views: Starting ViewModifiers.test_11_attrs_field ... 
2026-02-09 11:00:11,796 1 INFO betopiaerp betopiaerp.addons.base.tests.test_views: Starting ViewModifiers.test_12_invalid_syntax ... 
2026-02-09 11:00:11,808 1 INFO betopiaerp betopiaerp.addons.base.tests.test_views: Starting ViewModifiers.test_13_attrs_states_invisible_to_modifier ... 
2026-02-09 11:00:11,818 1 INFO betopiaerp betopiaerp.addons.base.tests.test_views: Starting ViewModifiers.test_14_attrs_subfield ... 
2026-02-09 11:00:11,839 1 INFO betopiaerp betopiaerp.addons.base.tests.test_views: Starting ViewModifiers.test_15_attrs_subfield_with_parent ... 
2026-02-09 11:00:11,860 1 INFO betopiaerp betopiaerp.addons.base.tests.test_views: Starting ViewModifiers.test_16_attrs_groups_behavior ... 
2026-02-09 11:00:11,878 1 INFO betopiaerp betopiaerp.addons.base.tests.test_views: Starting ViewModifiers.test_17_attrs_groups_validation ... 
2026-02-09 11:00:12,022 1 INFO betopiaerp betopiaerp.addons.base.tests.test_views: Starting ViewModifiers.test_18_test_missing_group ... 
2026-02-09 11:00:12,032 1 INFO betopiaerp betopiaerp.models.unlink: User #1 deleted ir.model.data records with IDs: [74376] 
2026-02-09 11:00:12,035 1 INFO betopiaerp betopiaerp.models.unlink: User #1 deleted res.groups records with IDs: [425] 
2026-02-09 11:00:12,049 1 INFO betopiaerp betopiaerp.addons.base.tests.test_views: Starting ViewModifiers.test_create_inherit_view_with_xpath_without_expr ... 
2026-02-09 11:00:12,056 1 INFO betopiaerp betopiaerp.addons.base.models.ir_attachment: filestore gc 1 checked, 1 removed 
2026-02-09 11:00:12,057 1 INFO betopiaerp betopiaerp.modules.loading: Module base loaded in 130.53s (incl. 125.47s test), 5355 queries (+25044 test, +5355 other) 
2026-02-09 11:00:12,057 1 ERROR betopiaerp betopiaerp.modules.loading: Module base: 1 failures, 0 errors of 956 tests 
2026-02-09 11:00:12,057 1 INFO betopiaerp betopiaerp.modules.loading: 1 modules loaded in 130.53s, 5355 queries (+30399 extra) 
2026-02-09 11:00:12,059 1 INFO betopiaerp betopiaerp.modules.loading: updating modules list 
2026-02-09 11:00:12,060 1 INFO betopiaerp betopiaerp.addons.base.models.ir_module: ALLOW access to module.update_list on [] to user __system__ #1 via n/a 
2026-02-09 11:00:16,093 1 INFO betopiaerp betopiaerp.addons.base.models.ir_module: ALLOW access to module.button_upgrade on ['Base'] to user __system__ #1 via n/a 
2026-02-09 11:00:16,094 1 INFO betopiaerp betopiaerp.addons.base.models.ir_module: ALLOW access to module.update_list on ['Base'] to user __system__ #1 via n/a 
2026-02-09 11:00:18,771 1 INFO betopiaerp betopiaerp.addons.base.models.ir_module: ALLOW access to module.button_install on [] to user __system__ #1 via n/a 
2026-02-09 11:00:18,855 1 INFO betopiaerp betopiaerp.modules.loading: loading 14 modules... 
2026-02-09 11:00:18,855 1 INFO betopiaerp betopiaerp.modules.loading: Loading module rpc (2/14) 
2026-02-09 11:00:18,918 1 INFO betopiaerp betopiaerp.addons.rpc.tests.test_xmlrpc: Starting TestExternalAPI.test_call_kw ... 
2026-02-09 11:00:18,941 1 INFO betopiaerp betopiaerp.addons.base.models.ir_attachment: filestore gc 1 checked, 1 removed 
2026-02-09 11:00:18,942 1 INFO betopiaerp betopiaerp.modules.loading: Module rpc loaded in 0.09s (incl. 0.05s test), 11 queries (+58 test, +11 other) 
2026-02-09 11:00:18,942 1 INFO betopiaerp betopiaerp.modules.loading: Loading module web (3/14) 
2026-02-09 11:00:18,965 1 INFO betopiaerp betopiaerp.registry: module web: creating or updating database tables 
2026-02-09 11:00:19,306 1 INFO betopiaerp betopiaerp.modules.loading: loading web/security/ir.model.access.csv 
2026-02-09 11:00:19,313 1 INFO betopiaerp betopiaerp.modules.loading: loading web/security/web_security.xml 
2026-02-09 11:00:19,320 1 INFO betopiaerp betopiaerp.modules.loading: loading web/views/webclient_templates.xml 
2026-02-09 11:00:19,386 1 INFO betopiaerp betopiaerp.modules.loading: loading web/views/report_templates.xml 
2026-02-09 11:00:19,478 1 INFO betopiaerp betopiaerp.modules.loading: loading web/views/base_document_layout_views.xml 
2026-02-09 11:00:19,493 1 INFO betopiaerp betopiaerp.modules.loading: loading web/views/partner_view.xml 
2026-02-09 11:00:19,502 1 INFO betopiaerp betopiaerp.modules.loading: loading web/views/speedscope_template.xml 
2026-02-09 11:00:19,511 1 INFO betopiaerp betopiaerp.modules.loading: loading web/views/memory_template.xml 
2026-02-09 11:00:19,521 1 INFO betopiaerp betopiaerp.modules.loading: loading web/views/speedscope_config_wizard.xml 
2026-02-09 11:00:19,530 1 INFO betopiaerp betopiaerp.modules.loading: loading web/views/neutralize_views.xml 
2026-02-09 11:00:19,543 1 INFO betopiaerp betopiaerp.modules.loading: loading web/views/ir_ui_view_views.xml 
2026-02-09 11:00:19,558 1 INFO betopiaerp betopiaerp.modules.loading: loading web/data/ir_attachment.xml 
2026-02-09 11:00:19,564 1 INFO betopiaerp betopiaerp.modules.loading: loading web/data/report_layout.xml 
2026-02-09 11:00:19,862 1 INFO betopiaerp betopiaerp.addons.web.tests.test_db_manager: Starting TestDatabaseManager.test_database_manager ... 
2026-02-09 11:00:19,880 1 INFO betopiaerp betopiaerp.addons.base.models.ir_attachment: filestore gc 1 checked, 0 removed 
2026-02-09 11:00:19,885 1 INFO betopiaerp betopiaerp.addons.web.tests.test_health: Starting TestWebController.test_health ... 
2026-02-09 11:00:19,887 1 INFO betopiaerp betopiaerp.addons.base.models.ir_http: Generating routing map for key None 
2026-02-09 11:00:19,896 1 INFO betopiaerp betopiaerp.tests.common: Skipping signal changes during tests 
2026-02-09 11:00:19,896 1 INFO betopiaerp werkzeug: 127.0.0.1 - - [09/Feb/2026 11:00:19] "GET /web/health HTTP/1.1" 200 - 3 0.001 0.008
2026-02-09 11:00:19,898 1 INFO betopiaerp betopiaerp.addons.web.tests.test_health: Starting TestWebController.test_health_db_server_status ... 
2026-02-09 11:00:19,900 1 INFO betopiaerp betopiaerp.addons.base.models.ir_http: Generating routing map for key None 
2026-02-09 11:00:19,912 1 INFO betopiaerp betopiaerp.tests.common: Skipping signal changes during tests 
2026-02-09 11:00:19,913 1 INFO betopiaerp werkzeug: 127.0.0.1 - - [09/Feb/2026 11:00:19] "GET /web/health?db_server_status=1 HTTP/1.1" 200 - 3 0.001 0.013
2026-02-09 11:00:19,916 1 INFO betopiaerp betopiaerp.tests.common: Skipping signal changes during tests 
2026-02-09 11:00:19,916 1 INFO betopiaerp werkzeug: 127.0.0.1 - - [09/Feb/2026 11:00:19] "GET /web/health?db_server_status=1 HTTP/1.1" 500 - 0 0.000 0.001
2026-02-09 11:00:19,935 1 INFO betopiaerp betopiaerp.addons.base.models.ir_attachment: filestore gc 0 checked, 0 removed 
2026-02-09 11:00:20,000 1 INFO betopiaerp betopiaerp.addons.web.tests.test_ir_model: Starting TestIrModel.test_group_expansion ... 
2026-02-09 11:00:20,021 1 INFO betopiaerp betopiaerp.addons.web.tests.test_ir_model: Starting TestIrModel.test_invalid_field_domain ... 
2026-02-09 11:00:20,057 1 INFO betopiaerp betopiaerp.addons.web.tests.test_ir_model: Starting TestIrModel.test_model_fold_search ... 
2026-02-09 11:00:20,080 1 INFO betopiaerp betopiaerp.addons.web.tests.test_ir_model: Starting TestIrModel.test_model_order_constraint ... 
2026-02-09 11:00:20,167 1 INFO betopiaerp betopiaerp.addons.web.tests.test_ir_model: Starting TestIrModel.test_model_order_search ... 
2026-02-09 11:00:20,221 1 INFO betopiaerp betopiaerp.addons.web.tests.test_ir_model: Starting TestIrModel.test_monetary_currency_field ... 
2026-02-09 11:00:20,286 1 INFO betopiaerp betopiaerp.addons.web.tests.test_ir_model: Starting TestIrModel.test_rec_name_deletion ... 
2026-02-09 11:00:20,315 1 INFO betopiaerp betopiaerp.models.unlink: User #1 deleted ir.model.fields records with IDs: [2794] 
2026-02-09 11:00:20,343 1 INFO betopiaerp betopiaerp.addons.base.models.ir_attachment: filestore gc 0 checked, 0 removed 
2026-02-09 11:00:20,345 1 INFO betopiaerp betopiaerp.addons.web.tests.test_ir_qweb: Starting TestIrQweb.test_image_field ... 
2026-02-09 11:00:20,361 1 INFO betopiaerp betopiaerp.addons.web.tests.test_ir_qweb: Starting TestIrQweb.test_image_field_webp ... 
2026-02-09 11:00:20,373 1 INFO betopiaerp betopiaerp.addons.web.tests.test_ir_qweb: Starting TestIrQweb.test_image_svg ... 
2026-02-09 11:00:20,399 1 INFO betopiaerp betopiaerp.addons.base.models.ir_attachment: filestore gc 3 checked, 3 removed 
2026-02-09 11:00:20,404 1 INFO betopiaerp betopiaerp.addons.web.tests.test_load_menus: Starting LoadMenusTests.test_load_menus ... 
2026-02-09 11:00:20,411 1 INFO betopiaerp betopiaerp.addons.base.models.res_users: Login successful for login:admin from n/a 
2026-02-09 11:00:20,418 1 INFO betopiaerp betopiaerp.addons.base.models.ir_http: Generating routing map for key None 
2026-02-09 11:00:20,436 1 INFO betopiaerp betopiaerp.tests.common: Skipping signal changes during tests 
2026-02-09 11:00:20,437 1 INFO betopiaerp werkzeug: 127.0.0.1 - - [09/Feb/2026 11:00:20] "GET /web/webclient/load_menus HTTP/1.1" 200 - 18 0.005 0.015
2026-02-09 11:00:20,466 1 INFO betopiaerp betopiaerp.addons.base.models.ir_attachment: filestore gc 0 checked, 0 removed 
2026-02-09 11:00:20,509 1 INFO betopiaerp betopiaerp.addons.web.tests.test_login: Starting TestWebLogin.test_web_login ... 
2026-02-09 11:00:20,517 1 INFO betopiaerp betopiaerp.addons.base.models.ir_http: Generating routing map for key None 
2026-02-09 11:00:20,526 1 INFO betopiaerp betopiaerp.addons.base.models.res_users: Login successful for login:internal_user from 127.0.0.1 
2026-02-09 11:00:20,529 1 INFO betopiaerp betopiaerp.tests.common: Skipping signal changes during tests 
2026-02-09 11:00:20,530 1 INFO betopiaerp werkzeug: 127.0.0.1 - - [09/Feb/2026 11:00:20] "POST /web/login HTTP/1.1" 303 - 16 0.003 0.010
2026-02-09 11:00:20,533 1 INFO betopiaerp betopiaerp.addons.base.models.res_device: User 1022 inserts device log (3JLvsj2Q63X6A374RNAcb4IHhXPeStAsRg6yoOodjl) 
2026-02-09 11:00:29,947 1 INFO betopiaerp betopiaerp.tests.common: Skipping signal changes during tests 
2026-02-09 11:00:29,948 1 INFO betopiaerp werkzeug: 127.0.0.1 - - [09/Feb/2026 11:00:29] "GET /BetopiaERP HTTP/1.1" 200 - 44 0.011 9.406
2026-02-09 11:00:29,951 1 INFO betopiaerp betopiaerp.tests.common: Skipping signal changes during tests 
2026-02-09 11:00:29,951 1 INFO betopiaerp werkzeug: 127.0.0.1 - - [09/Feb/2026 11:00:29] "POST /web/session/check HTTP/1.1" 200 - 0 0.000 0.001
2026-02-09 11:00:29,953 1 INFO betopiaerp betopiaerp.addons.web.tests.test_login: Starting TestWebLogin.test_web_login_bad_xhr ... 
2026-02-09 11:00:29,955 1 INFO betopiaerp betopiaerp.addons.base.models.ir_http: Generating routing map for key None 
2026-02-09 11:00:29,960 1 INFO betopiaerp betopiaerp.http: Session expired 
2026-02-09 11:00:29,961 1 INFO betopiaerp werkzeug: 127.0.0.1 - - [09/Feb/2026 11:00:29] "GET /web/login_successful HTTP/1.1" 303 - 1 0.000 0.006
2026-02-09 11:00:29,968 1 INFO betopiaerp betopiaerp.addons.base.models.res_users: Login successful for login:internal_user from 127.0.0.1 
2026-02-09 11:00:29,974 1 INFO betopiaerp betopiaerp.tests.common: Skipping signal changes during tests 
2026-02-09 11:00:29,974 1 INFO betopiaerp werkzeug: 127.0.0.1 - - [09/Feb/2026 11:00:29] "POST /web/login HTTP/1.1" 303 - 22 0.005 0.007
2026-02-09 11:00:29,978 1 INFO betopiaerp betopiaerp.addons.base.models.res_device: User 1022 inserts device log (Cz1GqWX72SV1JNPjgxm4V0qwOBd4BGbs_M3Q4tZLy7) 
2026-02-09 11:00:39,499 1 INFO betopiaerp betopiaerp.tests.common: Skipping signal changes during tests 
2026-02-09 11:00:39,500 1 INFO betopiaerp werkzeug: 127.0.0.1 - - [09/Feb/2026 11:00:39] "GET /BetopiaERP HTTP/1.1" 200 - 44 0.011 9.512
2026-02-09 11:00:39,501 1 INFO betopiaerp betopiaerp.addons.web.tests.test_login: Starting TestWebLogin.test_web_login_external ... 
2026-02-09 11:00:39,504 1 INFO betopiaerp betopiaerp.addons.base.models.ir_http: Generating routing map for key None 
2026-02-09 11:00:39,512 1 INFO betopiaerp betopiaerp.addons.base.models.res_users: Login successful for login:portal_user from 127.0.0.1 
2026-02-09 11:00:39,517 1 INFO betopiaerp betopiaerp.tests.common: Skipping signal changes during tests 
2026-02-09 11:00:39,518 1 INFO betopiaerp werkzeug: 127.0.0.1 - - [09/Feb/2026 11:00:39] "POST /web/login HTTP/1.1" 303 - 23 0.004 0.010
2026-02-09 11:00:39,521 1 INFO betopiaerp betopiaerp.addons.base.models.res_device: User 1023 inserts device log (DGtdbtsAf2aRdGwgRebpa_86A6DCAt0K61JQ_WrazK) 
2026-02-09 11:00:43,429 1 INFO betopiaerp betopiaerp.tests.common: Skipping signal changes during tests 
2026-02-09 11:00:43,429 1 INFO betopiaerp werkzeug: 127.0.0.1 - - [09/Feb/2026 11:00:43] "GET /web/login_successful HTTP/1.1" 200 - 36 0.008 3.901
2026-02-09 11:00:43,449 1 INFO betopiaerp betopiaerp.addons.base.models.ir_attachment: filestore gc 1 checked, 1 removed 
2026-02-09 11:00:43,470 1 INFO betopiaerp betopiaerp.addons.web.tests.test_partner: Starting TestPartnerPrivate.test_access_onchange ... 
2026-02-09 11:00:43,476 1 INFO betopiaerp betopiaerp.addons.base.models.ir_model: Access Denied by ACLs for operation: write, uid: 1024, model: res.partner 
2026-02-09 11:00:43,498 1 INFO betopiaerp betopiaerp.addons.base.models.ir_attachment: filestore gc 0 checked, 0 removed 
2026-02-09 11:00:43,503 1 INFO betopiaerp betopiaerp.addons.web.tests.test_pivot_export: Starting TestPivotExport.test_export_xlsx_with_empty_data ... 
2026-02-09 11:00:43,506 1 INFO betopiaerp betopiaerp.addons.base.models.res_users: Login successful for login:admin from n/a 
2026-02-09 11:00:43,512 1 INFO betopiaerp betopiaerp.addons.base.models.ir_http: Generating routing map for key None 
2026-02-09 11:00:43,531 1 INFO betopiaerp werkzeug: 127.0.0.1 - - [09/Feb/2026 11:00:43] "POST /web/pivot/export_xlsx HTTP/1.1" 422 - 2 0.000 0.019
2026-02-09 11:00:43,532 1 INFO betopiaerp betopiaerp.addons.web.tests.test_pivot_export: Starting TestPivotExport.test_export_xlsx_with_integer_column ... 
2026-02-09 11:00:43,535 1 INFO betopiaerp betopiaerp.addons.base.models.res_users: Login successful for login:admin from n/a 
2026-02-09 11:00:43,539 1 INFO betopiaerp betopiaerp.addons.base.models.ir_http: Generating routing map for key None 
2026-02-09 11:00:43,545 1 INFO betopiaerp betopiaerp.tests.common: Skipping signal changes during tests 
2026-02-09 11:00:43,545 1 INFO betopiaerp werkzeug: 127.0.0.1 - - [09/Feb/2026 11:00:43] "POST /web/pivot/export_xlsx HTTP/1.1" 200 - 2 0.000 0.006
2026-02-09 11:00:43,564 1 INFO betopiaerp betopiaerp.addons.base.models.ir_attachment: filestore gc 0 checked, 0 removed 
2026-02-09 11:00:43,569 1 INFO betopiaerp betopiaerp.addons.web.tests.test_reports: Starting TestReports.test_report_error_cleanup ... 
2026-02-09 11:00:43,580 1 INFO betopiaerp betopiaerp.addons.base.models.res_users: Login successful for login:admin from 127.0.0.1 
2026-02-09 11:00:45,664 1 INFO betopiaerp betopiaerp.addons.web.tests.test_reports: Starting TestReports.test_report_session_cookie ... 
2026-02-09 11:00:45,675 1 INFO betopiaerp betopiaerp.addons.base.models.res_users: Login successful for login:admin from 127.0.0.1 
2026-02-09 11:00:47,764 1 INFO betopiaerp betopiaerp.addons.base.models.ir_http: Generating routing map for key None 
2026-02-09 11:00:47,776 1 INFO betopiaerp betopiaerp.addons.base.models.assetsbundle: Generating a new asset bundle attachment /web/assets/e4caaae/web.report_assets_pdf.autoprefixed.min.css (id:5099) 
2026-02-09 11:00:47,778 1 INFO betopiaerp betopiaerp.tests.common: Skipping signal changes during tests 
2026-02-09 11:00:47,778 1 INFO betopiaerp werkzeug: 127.0.0.1 - - [09/Feb/2026 11:00:47] "GET /web/assets/e4caaae/web.report_assets_pdf.autoprefixed.min.css HTTP/1.1" 200 - 9 0.002 0.013
2026-02-09 11:00:49,780 1 INFO betopiaerp betopiaerp.addons.base.models.assetsbundle: Generating a new asset bundle attachment /web/assets/185a108/web.report_assets_common.autoprefixed.min.css (id:5100) 
2026-02-09 11:00:49,783 1 INFO betopiaerp betopiaerp.tests.common: Skipping signal changes during tests 
2026-02-09 11:00:49,784 1 INFO betopiaerp werkzeug: 127.0.0.1 - - [09/Feb/2026 11:00:49] "GET /web/assets/185a108/web.report_assets_common.autoprefixed.min.css HTTP/1.1" 200 - 9 0.007 2.012
2026-02-09 11:00:49,796 1 INFO betopiaerp betopiaerp.tests.common: Skipping signal changes during tests 
2026-02-09 11:00:49,797 1 INFO betopiaerp werkzeug: 127.0.0.1 - - [09/Feb/2026 11:00:49] "GET /web/image/5098 HTTP/1.1" 200 - 21 0.006 2.027
2026-02-09 11:00:49,811 1 INFO ? werkzeug: 127.0.0.1 - - [09/Feb/2026 11:00:49] "GET /web/static/fonts/lato/Lato-Bol-webfont.woff HTTP/1.1" 200 - 0 0.000 0.006
2026-02-09 11:00:49,812 1 INFO ? werkzeug: 127.0.0.1 - - [09/Feb/2026 11:00:49] "GET /web/static/fonts/lato/Lato-Reg-webfont.woff HTTP/1.1" 200 - 0 0.000 0.008
2026-02-09 11:00:49,812 1 INFO ? werkzeug: 127.0.0.1 - - [09/Feb/2026 11:00:49] "GET /web/static/fonts/lato/Lato-Lig-webfont.woff HTTP/1.1" 200 - 0 0.000 0.007
2026-02-09 11:00:49,812 1 INFO ? werkzeug: 127.0.0.1 - - [09/Feb/2026 11:00:49] "GET /web/static/fonts/lato/Lato-Hai-webfont.woff HTTP/1.1" 200 - 0 0.000 0.008
2026-02-09 11:00:49,812 1 INFO ? werkzeug: 127.0.0.1 - - [09/Feb/2026 11:00:49] "GET /web/static/fonts/lato/Lato-Bla-webfont.woff HTTP/1.1" 200 - 0 0.000 0.006
2026-02-09 11:00:50,844 1 INFO betopiaerp betopiaerp.addons.base.models.ir_actions_report: The PDF report has been generated for model: res.partner, records [2]. 
2026-02-09 11:00:50,881 1 INFO betopiaerp betopiaerp.tests.common: Skipping signal changes during tests 
2026-02-09 11:00:50,882 1 INFO betopiaerp werkzeug: 127.0.0.1 - - [09/Feb/2026 11:00:50] "GET /web/assets/e4caaae/web.report_assets_pdf.autoprefixed.min.css HTTP/1.1" 200 - 3 0.001 0.004
2026-02-09 11:00:50,885 1 INFO betopiaerp betopiaerp.tests.common: Skipping signal changes during tests 
2026-02-09 11:00:50,885 1 INFO betopiaerp werkzeug: 127.0.0.1 - - [09/Feb/2026 11:00:50] "GET /web/assets/185a108/web.report_assets_common.autoprefixed.min.css HTTP/1.1" 200 - 3 0.001 0.007
2026-02-09 11:00:50,888 1 INFO betopiaerp betopiaerp.addons.base.models.ir_model: Access Denied by ACLs for operation: read, uid: 3, model: ir.attachment 
2026-02-09 11:00:50,896 1 INFO betopiaerp betopiaerp.tests.common: Skipping signal changes during tests 
2026-02-09 11:00:50,897 1 INFO betopiaerp werkzeug: 127.0.0.1 - - [09/Feb/2026 11:00:50] "GET /web/image/5098 HTTP/1.1" 200 - 12 0.002 0.015
2026-02-09 11:00:50,916 1 INFO ? werkzeug: 127.0.0.1 - - [09/Feb/2026 11:00:50] "GET /web/static/fonts/lato/Lato-Reg-webfont.woff HTTP/1.1" 200 - 0 0.000 0.008
2026-02-09 11:00:50,916 1 INFO ? werkzeug: 127.0.0.1 - - [09/Feb/2026 11:00:50] "GET /web/static/fonts/lato/Lato-Lig-webfont.woff HTTP/1.1" 200 - 0 0.000 0.007
2026-02-09 11:00:50,916 1 INFO ? werkzeug: 127.0.0.1 - - [09/Feb/2026 11:00:50] "GET /web/static/fonts/lato/Lato-Hai-webfont.woff HTTP/1.1" 200 - 0 0.000 0.007
2026-02-09 11:00:50,917 1 INFO ? werkzeug: 127.0.0.1 - - [09/Feb/2026 11:00:50] "GET /web/static/fonts/lato/Lato-Bla-webfont.woff HTTP/1.1" 200 - 0 0.000 0.005
2026-02-09 11:00:50,917 1 INFO ? werkzeug: 127.0.0.1 - - [09/Feb/2026 11:00:50] "GET /web/static/fonts/lato/Lato-Bol-webfont.woff HTTP/1.1" 200 - 0 0.000 0.007
2026-02-09 11:00:51,945 1 INFO betopiaerp betopiaerp.addons.base.models.ir_actions_report: The PDF report has been generated for model: res.partner, records [2]. 
2026-02-09 11:00:51,965 1 INFO betopiaerp betopiaerp.addons.base.models.ir_attachment: filestore gc 3 checked, 2 removed 
2026-02-09 11:00:51,966 1 INFO betopiaerp betopiaerp.addons.web.tests.test_res_partner_properties: Starting TestWebProperties.test_get_properties_base_definition ... 
2026-02-09 11:00:51,987 1 INFO betopiaerp betopiaerp.addons.base.models.ir_attachment: filestore gc 0 checked, 0 removed 
2026-02-09 11:00:52,028 1 INFO betopiaerp betopiaerp.addons.web.tests.test_res_users: Starting TestResUsers.test_change_password ... 
2026-02-09 11:00:52,064 1 INFO betopiaerp betopiaerp.addons.base.models.res_users: Password change for 'user_internal' (#1031) by '__system__' (#1) from n/a 
2026-02-09 11:00:52,065 1 INFO betopiaerp betopiaerp.addons.web.tests.test_res_users: Starting TestResUsers.test_name_search ... 
2026-02-09 11:00:52,107 1 INFO betopiaerp betopiaerp.addons.base.models.ir_attachment: filestore gc 7 checked, 7 removed 
2026-02-09 11:00:52,130 1 INFO betopiaerp betopiaerp.addons.web.tests.test_res_users_settings: Starting TestResUsersSettings.test_fields_validity_embedded_action_settings ... 
2026-02-09 11:00:52,137 1 INFO betopiaerp betopiaerp.addons.web.tests.test_res_users_settings: Starting TestResUsersSettings.test_set_and_get_embedded_action_settings ... 
2026-02-09 11:00:52,158 1 INFO betopiaerp betopiaerp.addons.base.models.ir_attachment: filestore gc 1 checked, 1 removed 
2026-02-09 11:00:52,159 1 INFO betopiaerp betopiaerp.addons.web.tests.test_router: Starting TestWebRouter.test_router_get_action_exist ... 
2026-02-09 11:00:52,162 1 INFO betopiaerp betopiaerp.addons.web.tests.test_router: Starting TestWebRouter.test_router_get_action_missing ... 
2026-02-09 11:00:52,164 1 INFO betopiaerp betopiaerp.addons.web.tests.test_router: Starting TestWebRouter.test_router_get_action_triples_exist ... 
2026-02-09 11:00:52,171 1 INFO betopiaerp betopiaerp.addons.web.tests.test_router: Starting TestWebRouter.test_router_get_action_triples_missing ... 
2026-02-09 11:00:52,194 1 INFO betopiaerp betopiaerp.addons.base.models.ir_attachment: filestore gc 0 checked, 0 removed 
2026-02-09 11:00:52,509 1 INFO betopiaerp betopiaerp.addons.web.tests.test_session_info: Starting TestSessionInfo.test_session_info ... 
2026-02-09 11:00:52,513 1 INFO betopiaerp betopiaerp.addons.base.models.res_users: Login successful for login:session from n/a 
2026-02-09 11:00:52,517 1 INFO betopiaerp betopiaerp.addons.base.models.ir_http: Generating routing map for key None 
2026-02-09 11:00:52,537 1 INFO betopiaerp betopiaerp.tests.common: Skipping signal changes during tests 
2026-02-09 11:00:52,537 1 INFO betopiaerp werkzeug: 127.0.0.1 - - [09/Feb/2026 11:00:52] "POST /web/session/get_session_info HTTP/1.1" 200 - 26 0.005 0.016
2026-02-09 11:00:52,541 1 INFO betopiaerp betopiaerp.addons.web.tests.test_session_info: Starting TestSessionInfo.test_session_modules ... 
2026-02-09 11:00:52,545 1 INFO betopiaerp betopiaerp.addons.base.models.res_users: Login successful for login:session from n/a 
2026-02-09 11:00:52,552 1 INFO betopiaerp betopiaerp.addons.base.models.ir_http: Generating routing map for key None 
2026-02-09 11:00:52,558 1 INFO betopiaerp betopiaerp.tests.common: Skipping signal changes during tests 
2026-02-09 11:00:52,559 1 INFO betopiaerp werkzeug: 127.0.0.1 - - [09/Feb/2026 11:00:52] "POST /web/session/modules HTTP/1.1" 200 - 2 0.001 0.007
2026-02-09 11:00:52,580 1 INFO betopiaerp betopiaerp.addons.base.models.ir_attachment: filestore gc 1 checked, 1 removed 
2026-02-09 11:00:52,599 1 INFO betopiaerp betopiaerp.addons.web.tests.test_translate: Starting TestTranslationOverride.test_web_override_translations ... 
2026-02-09 11:00:52,622 1 INFO betopiaerp betopiaerp.addons.base.models.ir_attachment: filestore gc 0 checked, 0 removed 
2026-02-09 11:00:52,626 1 INFO betopiaerp betopiaerp.addons.web.tests.test_web_redirect: Starting TestWebRedirect.test_web_route_redirect_param ... 
2026-02-09 11:00:52,628 1 INFO betopiaerp betopiaerp.addons.base.models.ir_http: Generating routing map for key None 
2026-02-09 11:00:52,637 1 INFO betopiaerp betopiaerp.tests.common: Skipping signal changes during tests 
2026-02-09 11:00:52,637 1 INFO betopiaerp werkzeug: 127.0.0.1 - - [09/Feb/2026 11:00:52] "GET /BetopiaERP/action-887?cids=1 HTTP/1.1" 303 - 4 0.001 0.008
2026-02-09 11:00:56,517 1 INFO betopiaerp betopiaerp.tests.common: Skipping signal changes during tests 
2026-02-09 11:00:56,517 1 INFO betopiaerp werkzeug: 127.0.0.1 - - [09/Feb/2026 11:00:56] "GET /web/login?redirect=/BetopiaERP/action-887?cids%3D1 HTTP/1.1" 200 - 47 0.010 3.869
2026-02-09 11:00:56,519 1 INFO betopiaerp betopiaerp.addons.web.tests.test_web_redirect: Starting TestWebRedirect.test_web_route_redirect_param_legacy ... 
2026-02-09 11:00:56,521 1 INFO betopiaerp betopiaerp.addons.base.models.ir_http: Generating routing map for key None 
2026-02-09 11:00:56,526 1 INFO betopiaerp betopiaerp.tests.common: Skipping signal changes during tests 
2026-02-09 11:00:56,527 1 INFO betopiaerp werkzeug: 127.0.0.1 - - [09/Feb/2026 11:00:56] "GET /web HTTP/1.1" 303 - 4 0.001 0.006
2026-02-09 11:01:00,451 1 INFO betopiaerp betopiaerp.tests.common: Skipping signal changes during tests 
2026-02-09 11:01:00,452 1 INFO betopiaerp werkzeug: 127.0.0.1 - - [09/Feb/2026 11:01:00] "GET /web/login?redirect=/web? HTTP/1.1" 200 - 47 0.011 3.912
2026-02-09 11:01:00,479 1 INFO betopiaerp betopiaerp.addons.base.models.ir_attachment: filestore gc 0 checked, 0 removed 
2026-02-09 11:01:00,479 1 INFO betopiaerp betopiaerp.modules.loading: Module web loaded in 41.54s (incl. 40.62s test), 1415 queries (+1882 test, +1415 other) 
2026-02-09 11:01:00,480 1 INFO betopiaerp betopiaerp.modules.loading: Loading module api_doc (4/14) 
2026-02-09 11:01:00,541 1 INFO betopiaerp betopiaerp.registry: module api_doc: creating or updating database tables 
2026-02-09 11:01:00,562 1 INFO betopiaerp betopiaerp.modules.loading: loading api_doc/security/res_groups.xml 
2026-02-09 11:01:00,579 1 INFO betopiaerp betopiaerp.modules.loading: loading api_doc/views/docclient.xml 
2026-02-09 11:01:00,633 1 INFO betopiaerp betopiaerp.modules.loading: Module api_doc loaded in 0.15s, 69 queries (+69 other) 
2026-02-09 11:01:00,634 1 INFO betopiaerp betopiaerp.modules.loading: Loading module auth_totp (5/14) 
2026-02-09 11:01:00,702 1 INFO betopiaerp betopiaerp.registry: module auth_totp: creating or updating database tables 
2026-02-09 11:01:00,727 1 INFO betopiaerp betopiaerp.modules.loading: loading auth_totp/security/security.xml 
2026-02-09 11:01:00,746 1 INFO betopiaerp betopiaerp.modules.loading: loading auth_totp/security/ir.model.access.csv 
2026-02-09 11:01:00,752 1 INFO betopiaerp betopiaerp.modules.loading: loading auth_totp/data/ir_action_data.xml 
2026-02-09 11:01:00,762 1 INFO betopiaerp betopiaerp.modules.loading: loading auth_totp/views/res_users_views.xml 
2026-02-09 11:01:00,797 1 INFO betopiaerp betopiaerp.modules.loading: loading auth_totp/views/templates.xml 
2026-02-09 11:01:00,808 1 INFO betopiaerp betopiaerp.modules.loading: loading auth_totp/wizard/auth_totp_wizard_views.xml 
2026-02-09 11:01:00,868 1 INFO betopiaerp betopiaerp.modules.loading: Module auth_totp loaded in 0.23s, 210 queries (+210 other) 
2026-02-09 11:01:00,868 1 INFO betopiaerp betopiaerp.modules.loading: Loading module base_import (6/14) 
2026-02-09 11:01:00,926 1 INFO betopiaerp betopiaerp.registry: module base_import: creating or updating database tables 
2026-02-09 11:01:01,263 1 INFO betopiaerp betopiaerp.modules.loading: loading base_import/security/ir.model.access.csv 
2026-02-09 11:01:01,284 1 INFO betopiaerp betopiaerp.modules.loading: Module base_import loaded in 0.42s, 935 queries (+935 other) 
2026-02-09 11:01:01,284 1 INFO betopiaerp betopiaerp.modules.loading: Loading module base_import_module (7/14) 
2026-02-09 11:01:01,347 1 INFO betopiaerp betopiaerp.registry: module base_import_module: creating or updating database tables 
2026-02-09 11:01:01,374 1 INFO betopiaerp betopiaerp.modules.loading: loading base_import_module/security/ir.model.access.csv 
2026-02-09 11:01:01,379 1 INFO betopiaerp betopiaerp.modules.loading: loading base_import_module/views/base_import_module_view.xml 
2026-02-09 11:01:01,399 1 INFO betopiaerp betopiaerp.modules.loading: loading base_import_module/views/ir_module_views.xml 
2026-02-09 11:01:01,497 1 INFO betopiaerp betopiaerp.addons.base_import_module.tests.test_cloc: Starting TestClocFields.test_count_attachment_imported_module ... 
2026-02-09 11:01:01,521 1 INFO betopiaerp betopiaerp.addons.base_import_module.models.ir_module: Successfully imported module 'test_imported_module' 
2026-02-09 11:01:01,524 1 INFO betopiaerp betopiaerp.addons.base_import_module.tests.test_cloc: Starting TestClocFields.test_count_qweb_imported_module ... 
2026-02-09 11:01:01,544 1 INFO betopiaerp betopiaerp.addons.base_import_module.tests.test_cloc: Starting TestClocFields.test_exclude_attachment_imported_module ... 
2026-02-09 11:01:01,573 1 INFO betopiaerp betopiaerp.addons.base_import_module.models.ir_module: Successfully imported module 'test_imported_module' 
2026-02-09 11:01:01,578 1 INFO betopiaerp betopiaerp.addons.base_import_module.tests.test_cloc: Starting TestClocFields.test_exclude_cloc_imported_module ... 
2026-02-09 11:01:01,593 1 INFO betopiaerp betopiaerp.addons.base_import_module.models.ir_module: module test_imported_module: loading data/test.xml 
2026-02-09 11:01:01,618 1 INFO betopiaerp betopiaerp.addons.base_import_module.models.ir_module: Successfully imported module 'test_imported_module' 
2026-02-09 11:01:01,625 1 INFO betopiaerp betopiaerp.addons.base_import_module.models.ir_module: module test_imported_module: loading data/test.xml 
2026-02-09 11:01:01,649 1 INFO betopiaerp betopiaerp.addons.base_import_module.models.ir_module: Successfully imported module 'test_imported_module' 
2026-02-09 11:01:01,652 1 INFO betopiaerp betopiaerp.addons.base.models.ir_module: ALLOW access to module.module_uninstall on ['test_imported_module'] to user __system__ #1 via n/a 
2026-02-09 11:01:01,654 1 INFO betopiaerp betopiaerp.addons.base.models.ir_model: Deleting ir.asset(111, 110, 109) 
2026-02-09 11:01:01,659 1 INFO betopiaerp betopiaerp.models.unlink: User #1 deleted ir.model.data records with IDs: [76497, 76498, 76499] 
2026-02-09 11:01:01,660 1 INFO betopiaerp betopiaerp.models.unlink: User #1 deleted ir.asset records with IDs: [111, 110, 109] 
2026-02-09 11:01:01,661 1 INFO betopiaerp betopiaerp.addons.base.models.ir_model: Deleting ir.attachment(5184, 5183, 5182) 
2026-02-09 11:01:01,663 1 INFO betopiaerp betopiaerp.models.unlink: User #1 deleted ir.model.data records with IDs: [76494, 76496, 76492] 
2026-02-09 11:01:01,667 1 INFO betopiaerp betopiaerp.models.unlink: User #1 deleted ir.model.data records with IDs: [76493, 76495, 76491] 
2026-02-09 11:01:01,667 1 INFO betopiaerp betopiaerp.models.unlink: User #1 deleted ir.attachment records with IDs: [5184, 5183, 5182] 
2026-02-09 11:01:01,668 1 INFO betopiaerp betopiaerp.addons.base.models.ir_model: Deleting ir.ui.view(5231,) 
2026-02-09 11:01:01,670 1 INFO betopiaerp betopiaerp.models.unlink: User #1 deleted ir.model.data records with IDs: [76489] 
2026-02-09 11:01:01,674 1 INFO betopiaerp betopiaerp.models.unlink: User #1 deleted ir.model.data records with IDs: [76487] 
2026-02-09 11:01:01,675 1 INFO betopiaerp betopiaerp.models.unlink: User #1 deleted ir.ui.view records with IDs: [5231] 
2026-02-09 11:01:01,677 1 INFO betopiaerp betopiaerp.addons.base.models.ir_model: ir.model.data could not be deleted ([]) 
2026-02-09 11:01:01,679 1 INFO betopiaerp betopiaerp.models.unlink: User #1 deleted ir.model.data records with IDs: [76499, 76498, 76497, 76495, 76493, 76491, 76487] 
2026-02-09 11:01:01,680 1 INFO betopiaerp betopiaerp.addons.base_import_module.models.ir_module: deleting imported modules upon uninstallation: test_imported_module 
2026-02-09 11:01:01,684 1 INFO betopiaerp betopiaerp.models.unlink: User #1 deleted ir.model.data records with IDs: [76486] 
2026-02-09 11:01:01,684 1 INFO betopiaerp betopiaerp.models.unlink: User #1 deleted ir.module.module records with IDs: [770] 
2026-02-09 11:01:01,687 1 INFO betopiaerp betopiaerp.addons.base_import_module.tests.test_cloc: Starting TestClocFields.test_exclude_qweb ... 
2026-02-09 11:01:01,695 1 INFO betopiaerp betopiaerp.addons.base_import_module.tests.test_cloc: Starting TestClocFields.test_fields_from_import_module ... 
2026-02-09 11:01:01,726 1 INFO betopiaerp betopiaerp.addons.base_import_module.tests.test_cloc: Starting TestClocFields.test_fields_from_studio ... 
2026-02-09 11:01:01,787 1 INFO betopiaerp betopiaerp.addons.base_import_module.tests.test_cloc: Starting TestClocFields.test_fields_module_name ... 
2026-02-09 11:01:01,854 1 INFO betopiaerp betopiaerp.addons.base.models.ir_attachment: filestore gc 3 checked, 3 removed 
2026-02-09 11:01:01,855 1 INFO betopiaerp betopiaerp.modules.loading: Module base_import_module loaded in 0.57s (incl. 0.36s test), 184 queries (+615 test, +184 other) 
2026-02-09 11:01:01,855 1 INFO betopiaerp betopiaerp.modules.loading: Loading module base_setup (8/14) 
2026-02-09 11:01:01,933 1 INFO betopiaerp betopiaerp.registry: module base_setup: creating or updating database tables 
2026-02-09 11:01:01,969 1 INFO betopiaerp betopiaerp.modules.loading: loading base_setup/data/base_setup_data.xml 
2026-02-09 11:01:01,977 1 INFO betopiaerp betopiaerp.modules.loading: loading base_setup/views/res_config_settings_views.xml 
2026-02-09 11:01:02,023 1 INFO betopiaerp betopiaerp.modules.loading: loading base_setup/views/res_partner_views.xml 
2026-02-09 11:01:02,108 1 INFO betopiaerp betopiaerp.addons.base_setup.tests.test_default_group: Starting TestResConfig.test_create_user_default_user_groups ... 
2026-02-09 11:01:02,333 1 INFO betopiaerp betopiaerp.addons.base.models.ir_attachment: filestore gc 2 checked, 2 removed 
2026-02-09 11:01:02,335 1 INFO betopiaerp betopiaerp.addons.base_setup.tests.test_res_config: Starting TestResConfig.test_install ... 
2026-02-09 11:01:02,430 1 INFO betopiaerp betopiaerp.addons.base_setup.tests.test_res_config: Starting TestResConfig.test_multi_company_res_config_group ... 
2026-02-09 11:01:02,666 1 INFO betopiaerp betopiaerp.addons.base_setup.tests.test_res_config: Starting TestResConfig.test_no_install ... 
2026-02-09 11:01:02,774 1 INFO betopiaerp betopiaerp.addons.base.models.ir_attachment: filestore gc 2 checked, 2 removed 
2026-02-09 11:01:02,775 1 INFO betopiaerp betopiaerp.modules.loading: Module base_setup loaded in 0.92s (incl. 0.67s test), 144 queries (+745 test, +144 other) 
2026-02-09 11:01:02,775 1 INFO betopiaerp betopiaerp.modules.loading: Loading module bus (9/14) 
2026-02-09 11:01:02,910 1 INFO betopiaerp betopiaerp.registry: module bus: creating or updating database tables 
2026-02-09 11:01:02,975 1 INFO betopiaerp betopiaerp.modules.loading: loading bus/security/ir.model.access.csv 
2026-02-09 11:01:03,073 1 INFO betopiaerp betopiaerp.addons.bus.tests.test_health: Starting TestBusController.test_health ... 
2026-02-09 11:01:03,075 1 INFO betopiaerp betopiaerp.addons.base.models.ir_http: Generating routing map for key None 
2026-02-09 11:01:03,085 1 INFO betopiaerp betopiaerp.tests.common: Skipping signal changes during tests 
2026-02-09 11:01:03,085 1 INFO betopiaerp werkzeug: 127.0.0.1 - - [09/Feb/2026 11:01:03] "GET /websocket/health HTTP/1.1" 200 - 3 0.001 0.010
2026-02-09 11:01:03,109 1 INFO betopiaerp betopiaerp.addons.base.models.ir_attachment: filestore gc 0 checked, 0 removed 
2026-02-09 11:01:03,110 1 INFO betopiaerp betopiaerp.addons.bus.tests.test_notify: Starting NotifyTests.test_get_notify_payloads ... 
2026-02-09 11:01:03,113 1 INFO betopiaerp betopiaerp.addons.bus.tests.test_notify: Starting NotifyTests.test_postcommit ... 
2026-02-09 11:01:03,125 1 INFO betopiaerp betopiaerp.models.unlink: User #1 deleted bus.bus records with IDs: [4, 5] 
2026-02-09 11:01:03,153 1 INFO betopiaerp betopiaerp.addons.base.models.ir_attachment: filestore gc 0 checked, 0 removed 
2026-02-09 11:01:03,184 1 INFO betopiaerp betopiaerp.addons.bus.tests.test_websocket_controller: Starting TestWebsocketController.test_websocket_peek ... 
2026-02-09 11:01:03,191 1 INFO betopiaerp betopiaerp.addons.base.models.ir_http: Generating routing map for key None 
2026-02-09 11:01:03,202 1 INFO betopiaerp betopiaerp.tests.common: Skipping signal changes during tests 
2026-02-09 11:01:03,202 1 INFO betopiaerp werkzeug: 127.0.0.1 - - [09/Feb/2026 11:01:03] "POST /websocket/peek_notifications HTTP/1.1" 200 - 9 0.002 0.011
2026-02-09 11:01:03,207 1 INFO betopiaerp betopiaerp.tests.common: Skipping signal changes during tests 
2026-02-09 11:01:03,207 1 INFO betopiaerp werkzeug: 127.0.0.1 - - [09/Feb/2026 11:01:03] "POST /websocket/peek_notifications HTTP/1.1" 200 - 4 0.001 0.002
2026-02-09 11:01:03,208 1 INFO betopiaerp betopiaerp.addons.bus.tests.test_websocket_controller: Starting TestWebsocketController.test_websocket_peek_session_expired_login ... 
2026-02-09 11:01:03,210 1 INFO betopiaerp betopiaerp.addons.base.models.ir_http: Generating routing map for key None 
2026-02-09 11:01:03,220 1 INFO betopiaerp betopiaerp.tests.common: Skipping signal changes during tests 
2026-02-09 11:01:03,220 1 INFO betopiaerp werkzeug: 127.0.0.1 - - [09/Feb/2026 11:01:03] "POST /websocket/peek_notifications HTTP/1.1" 200 - 15 0.002 0.008
2026-02-09 11:01:03,223 1 INFO betopiaerp betopiaerp.addons.base.models.res_users: Login successful for login:admin from n/a 
2026-02-09 11:01:03,240 1 INFO betopiaerp betopiaerp.http:  
2026-02-09 11:01:03,241 1 INFO betopiaerp werkzeug: 127.0.0.1 - - [09/Feb/2026 11:01:03] "POST /websocket/peek_notifications HTTP/1.1" 200 - 0 0.000 0.015
2026-02-09 11:01:03,242 1 INFO betopiaerp betopiaerp.addons.bus.tests.test_websocket_controller: Starting TestWebsocketController.test_websocket_peek_session_expired_logout ... 
2026-02-09 11:01:03,245 1 INFO betopiaerp betopiaerp.addons.base.models.res_users: Login successful for login:demo from n/a 
2026-02-09 11:01:03,250 1 INFO betopiaerp betopiaerp.addons.base.models.ir_http: Generating routing map for key None 
2026-02-09 11:01:03,260 1 INFO betopiaerp betopiaerp.tests.common: Skipping signal changes during tests 
2026-02-09 11:01:03,261 1 INFO betopiaerp werkzeug: 127.0.0.1 - - [09/Feb/2026 11:01:03] "POST /websocket/peek_notifications HTTP/1.1" 200 - 12 0.002 0.010
2026-02-09 11:01:03,264 1 INFO betopiaerp betopiaerp.tests.common: Skipping signal changes during tests 
2026-02-09 11:01:03,264 1 INFO betopiaerp werkzeug: 127.0.0.1 - - [09/Feb/2026 11:01:03] "GET /web/session/logout HTTP/1.1" 303 - 0 0.000 0.002
2026-02-09 11:01:03,267 1 INFO betopiaerp betopiaerp.tests.common: Skipping signal changes during tests 
2026-02-09 11:01:03,267 1 INFO betopiaerp werkzeug: 127.0.0.1 - - [09/Feb/2026 11:01:03] "GET /BetopiaERP HTTP/1.1" 303 - 0 0.000 0.001
2026-02-09 11:01:07,210 1 INFO betopiaerp betopiaerp.tests.common: Skipping signal changes during tests 
2026-02-09 11:01:07,210 1 INFO betopiaerp werkzeug: 127.0.0.1 - - [09/Feb/2026 11:01:07] "GET /web/login?redirect=/BetopiaERP? HTTP/1.1" 200 - 41 0.009 3.932
2026-02-09 11:01:07,217 1 INFO betopiaerp betopiaerp.http:  
2026-02-09 11:01:07,218 1 INFO betopiaerp werkzeug: 127.0.0.1 - - [09/Feb/2026 11:01:07] "POST /websocket/peek_notifications HTTP/1.1" 200 - 1 0.000 0.005
2026-02-09 11:01:07,237 1 INFO betopiaerp betopiaerp.addons.base.models.ir_attachment: filestore gc 1 checked, 1 removed 
2026-02-09 11:01:07,238 1 INFO betopiaerp betopiaerp.modules.loading: Module bus loaded in 4.46s (incl. 4.17s test), 142 queries (+221 test, +142 other) 
2026-02-09 11:01:07,238 1 INFO betopiaerp betopiaerp.modules.loading: Loading module web_tour (10/14) 
2026-02-09 11:01:07,274 1 INFO betopiaerp betopiaerp.registry: module web_tour: creating or updating database tables 
2026-02-09 11:01:07,300 1 INFO betopiaerp betopiaerp.modules.loading: loading web_tour/security/ir.model.access.csv 
2026-02-09 11:01:07,308 1 INFO betopiaerp betopiaerp.modules.loading: loading web_tour/views/tour_views.xml 
2026-02-09 11:01:07,372 1 INFO betopiaerp betopiaerp.modules.loading: Module web_tour loaded in 0.13s, 143 queries (+143 other) 
2026-02-09 11:01:07,372 1 INFO betopiaerp betopiaerp.modules.loading: Loading module auth_passkey (11/14) 
2026-02-09 11:01:07,808 1 INFO betopiaerp betopiaerp.registry: module auth_passkey: creating or updating database tables 
2026-02-09 11:01:07,836 1 INFO betopiaerp betopiaerp.modules.loading: loading auth_passkey/views/auth_passkey_key_views.xml 
2026-02-09 11:01:07,856 1 INFO betopiaerp betopiaerp.modules.loading: loading auth_passkey/views/auth_passkey_login_templates.xml 
2026-02-09 11:01:07,878 1 INFO betopiaerp betopiaerp.modules.loading: loading auth_passkey/views/res_users_identitycheck_views.xml 
2026-02-09 11:01:07,894 1 INFO betopiaerp betopiaerp.modules.loading: loading auth_passkey/views/res_users_views.xml 
2026-02-09 11:01:07,926 1 INFO betopiaerp betopiaerp.modules.loading: loading auth_passkey/security/ir.model.access.csv 
2026-02-09 11:01:07,938 1 INFO betopiaerp betopiaerp.modules.loading: loading auth_passkey/security/security.xml 
2026-02-09 11:01:08,018 1 INFO betopiaerp betopiaerp.addons.auth_passkey.tests.test_passkey_demo: Starting PasskeyTest.test_authentication ... 
2026-02-09 11:01:08,027 1 INFO betopiaerp betopiaerp.addons.base.models.ir_http: Generating routing map for key None 
2026-02-09 11:01:12,152 1 INFO betopiaerp betopiaerp.tests.common: Skipping signal changes during tests 
2026-02-09 11:01:12,152 1 INFO betopiaerp werkzeug: 127.0.0.1 - - [09/Feb/2026 11:01:12] "GET /web/login HTTP/1.1" 200 - 47 0.012 4.114
2026-02-09 11:01:12,157 1 INFO betopiaerp betopiaerp.tests.common: Skipping signal changes during tests 
2026-02-09 11:01:12,157 1 INFO betopiaerp werkzeug: 127.0.0.1 - - [09/Feb/2026 11:01:12] "POST /auth/passkey/start-auth HTTP/1.1" 200 - 2 0.000 0.002
2026-02-09 11:01:12,167 1 INFO betopiaerp betopiaerp.addons.base.models.res_users: Login successful for login:admin from 127.0.0.1 
2026-02-09 11:01:12,175 1 INFO betopiaerp betopiaerp.tests.common: Skipping signal changes during tests 
2026-02-09 11:01:12,175 1 INFO betopiaerp werkzeug: 127.0.0.1 - - [09/Feb/2026 11:01:12] "POST /web/login HTTP/1.1" 303 - 27 0.006 0.010
2026-02-09 11:01:12,179 1 INFO betopiaerp betopiaerp.addons.base.models.res_device: User 2 inserts device log (R5KGbCpL_aRYG8zNvZDFZQXcZ_qhZfNgw0fQgNPuoN) 
2026-02-09 11:01:22,390 1 INFO betopiaerp betopiaerp.tests.common: Skipping signal changes during tests 
2026-02-09 11:01:22,391 1 INFO betopiaerp werkzeug: 127.0.0.1 - - [09/Feb/2026 11:01:22] "GET /BetopiaERP HTTP/1.1" 200 - 52 0.012 10.201
2026-02-09 11:01:22,396 1 INFO betopiaerp betopiaerp.tests.common: Skipping signal changes during tests 
2026-02-09 11:01:22,397 1 INFO betopiaerp werkzeug: 127.0.0.1 - - [09/Feb/2026 11:01:22] "GET /web/login HTTP/1.1" 200 - 1 0.000 0.003
2026-02-09 11:01:22,402 1 INFO betopiaerp betopiaerp.addons.base.models.res_users: Login failed for login:admin from 127.0.0.1 
2026-02-09 11:01:22,404 1 INFO betopiaerp betopiaerp.tests.common: Skipping signal changes during tests 
2026-02-09 11:01:22,404 1 INFO betopiaerp werkzeug: 127.0.0.1 - - [09/Feb/2026 11:01:22] "POST /web/login HTTP/1.1" 200 - 8 0.001 0.004
2026-02-09 11:01:22,413 1 INFO betopiaerp betopiaerp.tests.common: Skipping signal changes during tests 
2026-02-09 11:01:22,413 1 INFO betopiaerp werkzeug: 127.0.0.1 - - [09/Feb/2026 11:01:22] "GET /web/login HTTP/1.1" 200 - 10 0.002 0.004
2026-02-09 11:01:22,417 1 INFO betopiaerp betopiaerp.tests.common: Skipping signal changes during tests 
2026-02-09 11:01:22,417 1 INFO betopiaerp werkzeug: 127.0.0.1 - - [09/Feb/2026 11:01:22] "POST /auth/passkey/start-auth HTTP/1.1" 200 - 2 0.000 0.002
2026-02-09 11:01:22,423 1 INFO betopiaerp betopiaerp.addons.base.models.res_users: Login successful for login:admin from 127.0.0.1 
2026-02-09 11:01:22,431 1 INFO betopiaerp betopiaerp.tests.common: Skipping signal changes during tests 
2026-02-09 11:01:22,431 1 INFO betopiaerp werkzeug: 127.0.0.1 - - [09/Feb/2026 11:01:22] "POST /web/login HTTP/1.1" 303 - 26 0.005 0.007
2026-02-09 11:01:22,448 1 INFO betopiaerp betopiaerp.tests.common: Skipping signal changes during tests 
2026-02-09 11:01:22,448 1 INFO betopiaerp werkzeug: 127.0.0.1 - - [09/Feb/2026 11:01:22] "GET /BetopiaERP HTTP/1.1" 200 - 26 0.005 0.010
2026-02-09 11:01:22,453 1 INFO betopiaerp betopiaerp.tests.common: Skipping signal changes during tests 
2026-02-09 11:01:22,453 1 INFO betopiaerp werkzeug: 127.0.0.1 - - [09/Feb/2026 11:01:22] "GET /web/login HTTP/1.1" 200 - 1 0.000 0.002
2026-02-09 11:01:22,457 1 INFO betopiaerp betopiaerp.addons.base.models.res_users: Login failed for login:admin from 127.0.0.1 
2026-02-09 11:01:22,459 1 INFO betopiaerp betopiaerp.tests.common: Skipping signal changes during tests 
2026-02-09 11:01:22,460 1 INFO betopiaerp werkzeug: 127.0.0.1 - - [09/Feb/2026 11:01:22] "POST /web/login HTTP/1.1" 200 - 8 0.001 0.004
2026-02-09 11:01:22,469 1 INFO betopiaerp betopiaerp.tests.common: Skipping signal changes during tests 
2026-02-09 11:01:22,470 1 INFO betopiaerp werkzeug: 127.0.0.1 - - [09/Feb/2026 11:01:22] "GET /web/login HTTP/1.1" 200 - 10 0.002 0.004
2026-02-09 11:01:22,473 1 INFO betopiaerp betopiaerp.tests.common: Skipping signal changes during tests 
2026-02-09 11:01:22,474 1 INFO betopiaerp werkzeug: 127.0.0.1 - - [09/Feb/2026 11:01:22] "POST /auth/passkey/start-auth HTTP/1.1" 200 - 2 0.000 0.002
2026-02-09 11:01:22,480 1 INFO betopiaerp betopiaerp.addons.base.models.res_users: Login successful for login:demo from 127.0.0.1 
2026-02-09 11:01:22,484 1 INFO betopiaerp betopiaerp.tests.common: Skipping signal changes during tests 
2026-02-09 11:01:22,484 1 INFO betopiaerp werkzeug: 127.0.0.1 - - [09/Feb/2026 11:01:22] "POST /web/login HTTP/1.1" 303 - 14 0.003 0.006
2026-02-09 11:01:22,498 1 INFO betopiaerp betopiaerp.tests.common: Skipping signal changes during tests 
2026-02-09 11:01:22,498 1 INFO betopiaerp werkzeug: 127.0.0.1 - - [09/Feb/2026 11:01:22] "GET /BetopiaERP HTTP/1.1" 200 - 17 0.004 0.009
2026-02-09 11:01:22,502 1 INFO betopiaerp betopiaerp.tests.common: Skipping signal changes during tests 
2026-02-09 11:01:22,503 1 INFO betopiaerp werkzeug: 127.0.0.1 - - [09/Feb/2026 11:01:22] "GET /web/login HTTP/1.1" 200 - 1 0.000 0.002
2026-02-09 11:01:22,508 1 INFO betopiaerp betopiaerp.addons.base.models.res_users: Login failed for login:demo from 127.0.0.1 
2026-02-09 11:01:22,509 1 INFO betopiaerp betopiaerp.tests.common: Skipping signal changes during tests 
2026-02-09 11:01:22,510 1 INFO betopiaerp werkzeug: 127.0.0.1 - - [09/Feb/2026 11:01:22] "POST /web/login HTTP/1.1" 200 - 6 0.001 0.004
2026-02-09 11:01:22,512 1 INFO betopiaerp betopiaerp.addons.auth_passkey.tests.test_passkey_demo: Starting PasskeyTest.test_check_identity ... 
2026-02-09 11:01:22,516 1 INFO betopiaerp betopiaerp.addons.base.models.res_users: Login successful for login:admin from n/a 
2026-02-09 11:01:22,520 1 INFO betopiaerp betopiaerp.addons.base.models.ir_http: Generating routing map for key None 
2026-02-09 11:01:22,528 1 INFO betopiaerp betopiaerp.tests.common: Skipping signal changes during tests 
2026-02-09 11:01:22,528 1 INFO betopiaerp werkzeug: 127.0.0.1 - - [09/Feb/2026 11:01:22] "POST /web/dataset/call_kw#res.users.api_key_wizard HTTP/1.1" 200 - 6 0.001 0.008
2026-02-09 11:01:22,532 1 INFO betopiaerp betopiaerp.tests.common: Skipping signal changes during tests 
2026-02-09 11:01:22,532 1 INFO betopiaerp werkzeug: 127.0.0.1 - - [09/Feb/2026 11:01:22] "POST /auth/passkey/start-auth HTTP/1.1" 200 - 2 0.000 0.002
2026-02-09 11:01:22,543 1 INFO betopiaerp betopiaerp.tests.common: Skipping signal changes during tests 
2026-02-09 11:01:22,543 1 INFO betopiaerp werkzeug: 127.0.0.1 - - [09/Feb/2026 11:01:22] "POST /web/dataset/call_kw#res.users.identitycheck.run_check HTTP/1.1" 200 - 19 0.003 0.006
2026-02-09 11:01:22,565 1 INFO betopiaerp werkzeug: 127.0.0.1 - - [09/Feb/2026 11:01:22] "POST /web/dataset/call_kw#res.users.identitycheck.run_check HTTP/1.1" 200 - 4 0.000 0.019
2026-02-09 11:01:22,569 1 INFO betopiaerp betopiaerp.tests.common: Skipping signal changes during tests 
2026-02-09 11:01:22,569 1 INFO betopiaerp werkzeug: 127.0.0.1 - - [09/Feb/2026 11:01:22] "POST /auth/passkey/start-auth HTTP/1.1" 200 - 0 0.000 0.002
2026-02-09 11:01:22,589 1 INFO betopiaerp werkzeug: 127.0.0.1 - - [09/Feb/2026 11:01:22] "POST /web/dataset/call_kw#res.users.identitycheck.run_check HTTP/1.1" 200 - 4 0.001 0.017
2026-02-09 11:01:22,595 1 INFO betopiaerp betopiaerp.tests.common: Skipping signal changes during tests 
2026-02-09 11:01:22,595 1 INFO betopiaerp werkzeug: 127.0.0.1 - - [09/Feb/2026 11:01:22] "POST /auth/passkey/start-auth HTTP/1.1" 200 - 0 0.000 0.002
2026-02-09 11:01:22,608 1 INFO betopiaerp werkzeug: 127.0.0.1 - - [09/Feb/2026 11:01:22] "POST /web/dataset/call_kw#res.users.identitycheck.run_check HTTP/1.1" 200 - 4 0.001 0.010
2026-02-09 11:01:22,613 1 INFO betopiaerp betopiaerp.addons.base.models.res_users: Login successful for login:admin from n/a 
2026-02-09 11:01:22,617 1 INFO betopiaerp betopiaerp.tests.common: Skipping signal changes during tests 
2026-02-09 11:01:22,618 1 INFO betopiaerp werkzeug: 127.0.0.1 - - [09/Feb/2026 11:01:22] "POST /web/dataset/call_kw#res.users.api_key_wizard HTTP/1.1" 200 - 3 0.000 0.002
2026-02-09 11:01:22,621 1 INFO betopiaerp betopiaerp.tests.common: Skipping signal changes during tests 
2026-02-09 11:01:22,621 1 INFO betopiaerp werkzeug: 127.0.0.1 - - [09/Feb/2026 11:01:22] "POST /auth/passkey/start-auth HTTP/1.1" 200 - 0 0.000 0.002
2026-02-09 11:01:22,626 1 INFO betopiaerp betopiaerp.tests.common: Skipping signal changes during tests 
2026-02-09 11:01:22,627 1 INFO betopiaerp werkzeug: 127.0.0.1 - - [09/Feb/2026 11:01:22] "POST /web/dataset/call_kw#res.users.identitycheck.run_check HTTP/1.1" 200 - 6 0.001 0.003
2026-02-09 11:01:22,639 1 INFO betopiaerp werkzeug: 127.0.0.1 - - [09/Feb/2026 11:01:22] "POST /web/dataset/call_kw#res.users.identitycheck.run_check HTTP/1.1" 200 - 4 0.001 0.010
2026-02-09 11:01:22,642 1 INFO betopiaerp betopiaerp.tests.common: Skipping signal changes during tests 
2026-02-09 11:01:22,643 1 INFO betopiaerp werkzeug: 127.0.0.1 - - [09/Feb/2026 11:01:22] "POST /auth/passkey/start-auth HTTP/1.1" 200 - 0 0.000 0.001
2026-02-09 11:01:22,655 1 INFO betopiaerp werkzeug: 127.0.0.1 - - [09/Feb/2026 11:01:22] "POST /web/dataset/call_kw#res.users.identitycheck.run_check HTTP/1.1" 200 - 4 0.001 0.009
2026-02-09 11:01:22,658 1 INFO betopiaerp betopiaerp.tests.common: Skipping signal changes during tests 
2026-02-09 11:01:22,658 1 INFO betopiaerp werkzeug: 127.0.0.1 - - [09/Feb/2026 11:01:22] "POST /auth/passkey/start-auth HTTP/1.1" 200 - 0 0.000 0.001
2026-02-09 11:01:22,670 1 INFO betopiaerp werkzeug: 127.0.0.1 - - [09/Feb/2026 11:01:22] "POST /web/dataset/call_kw#res.users.identitycheck.run_check HTTP/1.1" 200 - 4 0.001 0.009
2026-02-09 11:01:22,675 1 INFO betopiaerp betopiaerp.addons.base.models.res_users: Login successful for login:demo from n/a 
2026-02-09 11:01:22,682 1 INFO betopiaerp betopiaerp.tests.common: Skipping signal changes during tests 
2026-02-09 11:01:22,682 1 INFO betopiaerp werkzeug: 127.0.0.1 - - [09/Feb/2026 11:01:22] "POST /web/dataset/call_kw#res.users.api_key_wizard HTTP/1.1" 200 - 6 0.001 0.002
2026-02-09 11:01:22,685 1 INFO betopiaerp betopiaerp.tests.common: Skipping signal changes during tests 
2026-02-09 11:01:22,686 1 INFO betopiaerp werkzeug: 127.0.0.1 - - [09/Feb/2026 11:01:22] "POST /auth/passkey/start-auth HTTP/1.1" 200 - 2 0.000 0.002
2026-02-09 11:01:22,695 1 INFO betopiaerp betopiaerp.tests.common: Skipping signal changes during tests 
2026-02-09 11:01:22,696 1 INFO betopiaerp werkzeug: 127.0.0.1 - - [09/Feb/2026 11:01:22] "POST /web/dataset/call_kw#res.users.identitycheck.run_check HTTP/1.1" 200 - 13 0.003 0.006
2026-02-09 11:01:22,709 1 INFO betopiaerp werkzeug: 127.0.0.1 - - [09/Feb/2026 11:01:22] "POST /web/dataset/call_kw#res.users.identitycheck.run_check HTTP/1.1" 200 - 4 0.001 0.010
2026-02-09 11:01:22,713 1 INFO betopiaerp betopiaerp.tests.common: Skipping signal changes during tests 
2026-02-09 11:01:22,713 1 INFO betopiaerp werkzeug: 127.0.0.1 - - [09/Feb/2026 11:01:22] "POST /auth/passkey/start-auth HTTP/1.1" 200 - 0 0.000 0.001
2026-02-09 11:01:22,718 1 INFO betopiaerp betopiaerp.tests.common: Skipping signal changes during tests 
2026-02-09 11:01:22,719 1 INFO betopiaerp werkzeug: 127.0.0.1 - - [09/Feb/2026 11:01:22] "POST /web/dataset/call_kw#res.users.identitycheck.run_check HTTP/1.1" 200 - 6 0.001 0.003
2026-02-09 11:01:22,722 1 INFO betopiaerp betopiaerp.tests.common: Skipping signal changes during tests 
2026-02-09 11:01:22,722 1 INFO betopiaerp werkzeug: 127.0.0.1 - - [09/Feb/2026 11:01:22] "POST /auth/passkey/start-auth HTTP/1.1" 200 - 0 0.000 0.001
2026-02-09 11:01:22,734 1 INFO betopiaerp werkzeug: 127.0.0.1 - - [09/Feb/2026 11:01:22] "POST /web/dataset/call_kw#res.users.identitycheck.run_check HTTP/1.1" 200 - 4 0.001 0.009
2026-02-09 11:01:22,735 1 INFO betopiaerp betopiaerp.addons.auth_passkey.tests.test_passkey_demo: Starting PasskeyTest.test_check_user_verification ... 
2026-02-09 11:01:22,738 1 INFO betopiaerp betopiaerp.addons.base.models.ir_http: Generating routing map for key None 
2026-02-09 11:01:26,920 1 INFO betopiaerp betopiaerp.tests.common: Skipping signal changes during tests 
2026-02-09 11:01:26,921 1 INFO betopiaerp werkzeug: 127.0.0.1 - - [09/Feb/2026 11:01:26] "GET /web/login HTTP/1.1" 200 - 53 0.011 4.172
2026-02-09 11:01:26,925 1 INFO betopiaerp betopiaerp.tests.common: Skipping signal changes during tests 
2026-02-09 11:01:26,926 1 INFO betopiaerp werkzeug: 127.0.0.1 - - [09/Feb/2026 11:01:26] "POST /auth/passkey/start-auth HTTP/1.1" 200 - 2 0.000 0.002
2026-02-09 11:01:26,931 1 INFO betopiaerp betopiaerp.addons.base.models.res_users: Login failed for login:demo from 127.0.0.1 
2026-02-09 11:01:26,933 1 INFO betopiaerp betopiaerp.tests.common: Skipping signal changes during tests 
2026-02-09 11:01:26,933 1 INFO betopiaerp werkzeug: 127.0.0.1 - - [09/Feb/2026 11:01:26] "POST /web/login HTTP/1.1" 200 - 9 0.001 0.004
2026-02-09 11:01:26,937 1 INFO betopiaerp betopiaerp.tests.common: Skipping signal changes during tests 
2026-02-09 11:01:26,938 1 INFO betopiaerp werkzeug: 127.0.0.1 - - [09/Feb/2026 11:01:26] "GET /web/login HTTP/1.1" 200 - 2 0.000 0.002
2026-02-09 11:01:26,941 1 INFO betopiaerp betopiaerp.tests.common: Skipping signal changes during tests 
2026-02-09 11:01:26,941 1 INFO betopiaerp werkzeug: 127.0.0.1 - - [09/Feb/2026 11:01:26] "POST /auth/passkey/start-auth HTTP/1.1" 200 - 1 0.000 0.002
2026-02-09 11:01:26,949 1 INFO betopiaerp betopiaerp.addons.base.models.res_users: Login successful for login:demo from 127.0.0.1 
2026-02-09 11:01:26,954 1 INFO betopiaerp betopiaerp.tests.common: Skipping signal changes during tests 
2026-02-09 11:01:26,954 1 INFO betopiaerp werkzeug: 127.0.0.1 - - [09/Feb/2026 11:01:26] "POST /web/login HTTP/1.1" 303 - 14 0.004 0.007
2026-02-09 11:01:26,958 1 INFO betopiaerp betopiaerp.addons.base.models.res_device: User 1040 inserts device log (3d4hK4zBswMn41iNajIbLxJR9f_4soeGHg2R0wM5hK) 
2026-02-09 11:01:36,956 1 INFO betopiaerp betopiaerp.tests.common: Skipping signal changes during tests 
2026-02-09 11:01:36,957 1 INFO betopiaerp werkzeug: 127.0.0.1 - - [09/Feb/2026 11:01:36] "GET /BetopiaERP HTTP/1.1" 200 - 43 0.011 9.989
2026-02-09 11:01:36,959 1 INFO betopiaerp betopiaerp.addons.auth_passkey.tests.test_passkey_demo: Starting PasskeyTest.test_registration ... 
2026-02-09 11:01:36,962 1 INFO betopiaerp betopiaerp.addons.auth_passkey.models.auth_passkey_key: Passkey (#38) deleted by __system__ (#1) from n/a 
2026-02-09 11:01:36,962 1 INFO betopiaerp betopiaerp.addons.auth_passkey.models.auth_passkey_key: Passkey (#37) deleted by __system__ (#1) from n/a 
2026-02-09 11:01:36,964 1 INFO betopiaerp betopiaerp.models.unlink: User #1 deleted auth.passkey.key records with IDs: [38, 37] 
2026-02-09 11:01:36,967 1 INFO betopiaerp betopiaerp.addons.base.models.res_users: Login successful for login:admin from n/a 
2026-02-09 11:01:36,971 1 INFO betopiaerp betopiaerp.addons.base.models.ir_http: Generating routing map for key None 
2026-02-09 11:01:36,977 1 INFO betopiaerp betopiaerp.tests.common: Skipping signal changes during tests 
2026-02-09 11:01:36,978 1 INFO betopiaerp werkzeug: 127.0.0.1 - - [09/Feb/2026 11:01:36] "POST /web/dataset/call_kw#res.users.action_create_passkey HTTP/1.1" 200 - 6 0.001 0.006
2026-02-09 11:01:37,291 1 INFO betopiaerp betopiaerp.tests.common: Skipping signal changes during tests 
2026-02-09 11:01:37,292 1 INFO betopiaerp werkzeug: 127.0.0.1 - - [09/Feb/2026 11:01:37] "POST /web/dataset/call_kw#res.users.identitycheck.run_check HTTP/1.1" 200 - 20 0.004 0.308
2026-02-09 11:01:37,301 1 INFO betopiaerp betopiaerp.tests.common: Skipping signal changes during tests 
2026-02-09 11:01:37,302 1 INFO betopiaerp werkzeug: 127.0.0.1 - - [09/Feb/2026 11:01:37] "POST /web/dataset/call_kw#auth.passkey.key.create.create HTTP/1.1" 200 - 10 0.003 0.004
2026-02-09 11:01:37,311 1 INFO betopiaerp betopiaerp.addons.auth_passkey.models.auth_passkey_key: Passkey (#41) created by admin (#2) from 127.0.0.1 
2026-02-09 11:01:37,313 1 INFO betopiaerp betopiaerp.tests.common: Skipping signal changes during tests 
2026-02-09 11:01:37,314 1 INFO betopiaerp werkzeug: 127.0.0.1 - - [09/Feb/2026 11:01:37] "POST /web/dataset/call_kw#auth.passkey.key.create.make_key HTTP/1.1" 200 - 13 0.004 0.006
2026-02-09 11:01:37,336 1 INFO betopiaerp betopiaerp.addons.base.models.ir_attachment: filestore gc 1 checked, 1 removed 
2026-02-09 11:01:37,337 1 INFO betopiaerp betopiaerp.modules.loading: Module auth_passkey loaded in 29.96s (incl. 29.35s test), 219 queries (+699 test, +219 other) 
2026-02-09 11:01:37,338 1 INFO betopiaerp betopiaerp.modules.loading: Loading module html_editor (12/14) 
2026-02-09 11:01:38,162 1 INFO betopiaerp betopiaerp.registry: module html_editor: creating or updating database tables 
2026-02-09 11:01:38,503 1 INFO betopiaerp betopiaerp.modules.loading: loading html_editor/security/ir.model.access.csv 
2026-02-09 11:01:38,564 1 INFO betopiaerp betopiaerp.addons.html_editor.tests.test_converter: Starting TestHTMLToText.test_br ... 
2026-02-09 11:01:38,565 1 INFO betopiaerp betopiaerp.addons.html_editor.tests.test_converter: Starting TestHTMLToText.test_div ... 
2026-02-09 11:01:38,565 1 INFO betopiaerp betopiaerp.addons.html_editor.tests.test_converter: Starting TestHTMLToText.test_inline ... 
2026-02-09 11:01:38,565 1 INFO betopiaerp betopiaerp.addons.html_editor.tests.test_converter: Starting TestHTMLToText.test_other_block ... 
2026-02-09 11:01:38,566 1 INFO betopiaerp betopiaerp.addons.html_editor.tests.test_converter: Starting TestHTMLToText.test_p ... 
2026-02-09 11:01:38,566 1 INFO betopiaerp betopiaerp.addons.html_editor.tests.test_converter: Starting TestHTMLToText.test_rawstring ... 
2026-02-09 11:01:38,566 1 INFO betopiaerp betopiaerp.addons.html_editor.tests.test_converter: Starting TestHTMLToText.test_whitespace ... 
2026-02-09 11:01:38,568 1 INFO betopiaerp betopiaerp.addons.html_editor.tests.test_converter: Starting TestConvertBack.test_char ... 
2026-02-09 11:01:38,573 1 INFO betopiaerp betopiaerp.addons.html_editor.tests.test_converter: Starting TestConvertBack.test_float ... 
2026-02-09 11:01:38,580 1 INFO betopiaerp betopiaerp.addons.html_editor.tests.test_converter: Starting TestConvertBack.test_integer ... 
2026-02-09 11:01:38,586 1 INFO betopiaerp betopiaerp.addons.html_editor.tests.test_converter: Starting TestConvertBack.test_m2o ... 
2026-02-09 11:01:38,590 1 INFO betopiaerp betopiaerp.addons.html_editor.tests.test_converter: Starting TestConvertBack.test_numeric ... 
2026-02-09 11:01:38,595 1 INFO betopiaerp betopiaerp.addons.html_editor.tests.test_converter: Starting TestConvertBack.test_selection_str ... 
2026-02-09 11:01:38,598 1 INFO betopiaerp betopiaerp.addons.html_editor.tests.test_converter: Starting TestConvertBack.test_text ... 
2026-02-09 11:01:38,620 1 INFO betopiaerp betopiaerp.addons.base.models.ir_attachment: filestore gc 0 checked, 0 removed 
2026-02-09 11:01:38,621 1 INFO betopiaerp betopiaerp.addons.html_editor.tests.test_views: Starting TestViews.test_find_available_name ... 
2026-02-09 11:01:38,629 1 INFO betopiaerp betopiaerp.addons.html_editor.tests.test_views: Starting TestViews.test_infinite_inherit_loop ... 
2026-02-09 11:01:38,635 1 INFO betopiaerp betopiaerp.addons.html_editor.tests.test_views: Starting TestViews.test_oe_structure_as_inherited_view ... 
2026-02-09 11:01:38,664 1 INFO betopiaerp betopiaerp.addons.base.models.ir_attachment: filestore gc 0 checked, 0 removed 
2026-02-09 11:01:38,665 1 INFO betopiaerp betopiaerp.modules.loading: Module html_editor loaded in 1.33s (incl. 0.10s test), 1004 queries (+106 test, +1004 other) 
2026-02-09 11:01:38,666 1 INFO betopiaerp betopiaerp.modules.loading: Loading module iap (13/14) 
2026-02-09 11:01:38,669 1 INFO betopiaerp betopiaerp.registry: module iap: creating or updating database tables 
2026-02-09 11:01:38,691 1 INFO betopiaerp betopiaerp.modules.loading: loading iap/data/services.xml 
2026-02-09 11:01:38,698 1 INFO betopiaerp betopiaerp.modules.loading: loading iap/security/ir.model.access.csv 
2026-02-09 11:01:38,705 1 INFO betopiaerp betopiaerp.modules.loading: loading iap/security/ir_rule.xml 
2026-02-09 11:01:38,712 1 INFO betopiaerp betopiaerp.modules.loading: loading iap/views/iap_views.xml 
2026-02-09 11:01:38,733 1 INFO betopiaerp betopiaerp.modules.loading: loading iap/views/res_config_settings.xml 
2026-02-09 11:01:38,873 1 INFO betopiaerp betopiaerp.addons.iap.tests.test_iap: Starting TestIAP.test_get_iap_account ... 
2026-02-09 11:01:38,889 1 INFO betopiaerp betopiaerp.models: Access Denied by ACLs for operation: read, uid: 1041, model: iap.account, field: account_token 
2026-02-09 11:01:38,922 1 INFO betopiaerp betopiaerp.addons.base.models.ir_attachment: filestore gc 1 checked, 1 removed 
2026-02-09 11:01:38,923 1 INFO betopiaerp betopiaerp.modules.loading: Module iap loaded in 0.26s (incl. 0.08s test), 158 queries (+103 test, +158 other) 
2026-02-09 11:01:38,924 1 INFO betopiaerp betopiaerp.modules.loading: Loading module web_unsplash (14/14) 
2026-02-09 11:01:38,982 1 INFO betopiaerp betopiaerp.registry: module web_unsplash: creating or updating database tables 
2026-02-09 11:01:39,018 1 INFO betopiaerp betopiaerp.modules.loading: loading web_unsplash/views/res_config_settings_view.xml 
2026-02-09 11:01:39,064 1 INFO betopiaerp betopiaerp.modules.loading: Module web_unsplash loaded in 0.14s, 111 queries (+111 other) 
2026-02-09 11:01:39,064 1 INFO betopiaerp betopiaerp.modules.loading: 14 modules loaded in 80.21s, 4745 queries (+9174 extra) 
2026-02-09 11:01:39,260 1 ERROR betopiaerp betopiaerp.modules.loading: At least one test failed when loading the modules. 
2026-02-09 11:01:39,265 1 INFO betopiaerp betopiaerp.registry: Registry changed, signaling through the database 
2026-02-09 11:01:39,266 1 INFO betopiaerp betopiaerp.registry: Registry loaded in 218.012s 
2026-02-09 11:01:39,266 1 INFO betopiaerp betopiaerp.service.server: Starting post tests 
2026-02-09 11:01:39,309 1 INFO betopiaerp betopiaerp.addons.base.models.ir_qweb: Pregenerating assets bundles 
2026-02-09 11:02:05,577 1 INFO betopiaerp betopiaerp.addons.base.models.ir_qweb: JS Assets bundles generated in 26.265074014663696 seconds 
2026-02-09 11:02:23,267 1 INFO betopiaerp betopiaerp.addons.base.models.assetsbundle: Generating a new asset bundle attachment /web/assets/2f42870/web.report_assets_common.min.css (id:5247) 
2026-02-09 11:02:23,268 1 INFO betopiaerp betopiaerp.addons.base.models.assetsbundle: Deleting attachments [4232] (matching /web/assets/_______/web.report_assets_common.min.css) because it was replaced with /web/assets/2f42870/web.report_assets_common.min.css 
2026-02-09 11:02:23,270 1 INFO betopiaerp betopiaerp.addons.base.models.ir_qweb: CSS Assets bundles generated in 17.693416357040405 seconds 
2026-02-09 11:02:23,273 1 INFO betopiaerp betopiaerp.addons.base.tests.test_cloc: Starting TestClocStdNoCusto.test_no_custo_install ... 
2026-02-09 11:02:23,277 1 INFO betopiaerp betopiaerp.addons.base.models.ir_attachment: filestore gc 1 checked, 0 removed 
2026-02-09 11:02:23,278 1 INFO betopiaerp betopiaerp.addons.base.tests.test_deprecation: Starting TestModelDeprecations.test_model_attributes ... 
2026-02-09 11:02:23,281 1 INFO betopiaerp betopiaerp.addons.base.tests.test_deprecation: Starting TestModelDeprecations.test_name_get ... 
2026-02-09 11:02:23,285 1 INFO betopiaerp betopiaerp.addons.base.models.ir_attachment: filestore gc 0 checked, 0 removed 
2026-02-09 11:02:23,286 1 INFO betopiaerp betopiaerp.addons.base.tests.test_display_name: Starting TestEveryModel.test_computed_fields_without_dependencies ... 
2026-02-09 11:02:23,330 1 INFO betopiaerp betopiaerp.addons.base.tests.test_display_name: Starting TestEveryModel.test_display_name_new_record ... 
2026-02-09 11:02:23,410 1 INFO betopiaerp betopiaerp.addons.base.tests.test_display_name: Starting TestEveryModel.test_form_new_record ... 
2026-02-09 11:02:23,798 1 INFO betopiaerp betopiaerp.addons.base.models.ir_attachment: filestore gc 0 checked, 0 removed 
2026-02-09 11:02:23,799 1 INFO betopiaerp betopiaerp.addons.base.tests.test_form_create: Starting TestFormCreate.test_create_res_bank ... 
2026-02-09 11:02:23,808 1 INFO betopiaerp betopiaerp.addons.base.tests.test_form_create: Starting TestFormCreate.test_create_res_company ... 
2026-02-09 11:02:23,914 1 INFO betopiaerp betopiaerp.addons.base.tests.test_form_create: Starting TestFormCreate.test_create_res_country ... 
2026-02-09 11:02:23,928 1 INFO betopiaerp betopiaerp.addons.base.tests.test_form_create: Starting TestFormCreate.test_create_res_group ... 
2026-02-09 11:02:23,963 1 INFO betopiaerp betopiaerp.addons.base.tests.test_form_create: Starting TestFormCreate.test_create_res_lang ... 
2026-02-09 11:02:23,976 1 INFO betopiaerp betopiaerp.addons.base.tests.test_form_create: Starting TestFormCreate.test_create_res_partner ... 
2026-02-09 11:02:24,019 1 INFO betopiaerp betopiaerp.addons.base.tests.test_form_create: Starting TestFormCreate.test_create_res_users ... 
2026-02-09 11:02:24,070 1 INFO betopiaerp betopiaerp.addons.base.models.ir_attachment: filestore gc 1 checked, 1 removed 
2026-02-09 11:02:24,072 1 INFO betopiaerp betopiaerp.addons.base.tests.test_http_case: Starting TestHttpCase.test_console_error_object ... 
2026-02-09 11:02:24,089 1 INFO betopiaerp betopiaerp.addons.base.tests.test_http_case: skipped TestHttpCase.test_console_error_object : websocket-client module is not installed 
2026-02-09 11:02:24,089 1 INFO betopiaerp betopiaerp.addons.base.tests.test_http_case: Starting TestHttpCase.test_console_error_string ... 
2026-02-09 11:02:24,100 1 INFO betopiaerp betopiaerp.addons.base.tests.test_http_case: skipped TestHttpCase.test_console_error_string : websocket-client module is not installed 
2026-02-09 11:02:24,101 1 INFO betopiaerp betopiaerp.addons.base.tests.test_http_case: Starting TestHttpCase.test_console_log_object ... 
2026-02-09 11:02:24,111 1 INFO betopiaerp betopiaerp.addons.base.tests.test_http_case: skipped TestHttpCase.test_console_log_object : websocket-client module is not installed 
2026-02-09 11:02:24,113 1 INFO betopiaerp betopiaerp.addons.base.models.ir_attachment: filestore gc 0 checked, 0 removed 
2026-02-09 11:02:24,115 1 INFO betopiaerp betopiaerp.addons.base.tests.test_http_case: Starting TestRunbotLog.test_runbot_js_log ... 
2026-02-09 11:02:24,125 1 INFO betopiaerp betopiaerp.addons.base.tests.test_http_case: skipped TestRunbotLog.test_runbot_js_log : websocket-client module is not installed 
2026-02-09 11:02:24,127 1 INFO betopiaerp betopiaerp.addons.base.models.ir_attachment: filestore gc 0 checked, 0 removed 
2026-02-09 11:02:24,130 1 INFO betopiaerp betopiaerp.addons.base.tests.test_http_case: Starting TestChromeBrowser.test_screencasts ... 
2026-02-09 11:02:24,130 1 WARNING betopiaerp betopiaerp.addons.base.tests.test_http_case.TestChromeBrowser.test_screencasts: websocket-client module is not installed 
2026-02-09 11:02:24,131 1 INFO betopiaerp betopiaerp.addons.base.tests.test_http_case: skipped TestChromeBrowser.test_screencasts : websocket-client module is not installed 
2026-02-09 11:02:24,133 1 INFO betopiaerp betopiaerp.addons.base.models.ir_attachment: filestore gc 0 checked, 0 removed 
2026-02-09 11:02:24,135 1 INFO betopiaerp betopiaerp.addons.base.tests.test_http_case: Starting TestChromeBrowserOddDimensions.test_screencasts ... 
2026-02-09 11:02:24,136 1 WARNING betopiaerp betopiaerp.addons.base.tests.test_http_case.TestChromeBrowserOddDimensions.test_screencasts: websocket-client module is not installed 
2026-02-09 11:02:24,136 1 INFO betopiaerp betopiaerp.addons.base.tests.test_http_case: skipped TestChromeBrowserOddDimensions.test_screencasts : websocket-client module is not installed 
2026-02-09 11:02:24,138 1 INFO betopiaerp betopiaerp.addons.base.models.ir_attachment: filestore gc 0 checked, 0 removed 
2026-02-09 11:02:24,139 1 INFO betopiaerp betopiaerp.addons.base.tests.test_import_files: Starting TestImportFiles.test_import_contacts_template_xls ... 
2026-02-09 11:02:24,140 1 INFO betopiaerp betopiaerp.addons.base.tests.test_import_files: skipped TestImportFiles.test_import_contacts_template_xls : Needs demo data to be able to import those files 
2026-02-09 11:02:24,142 1 INFO betopiaerp betopiaerp.addons.base.models.ir_attachment: filestore gc 0 checked, 0 removed 
2026-02-09 11:02:24,142 1 INFO betopiaerp betopiaerp.addons.base.tests.test_ir_actions: Starting TestCustomFieldsPostInstall.test_add_field_valid ... 
2026-02-09 11:02:24,183 1 INFO betopiaerp betopiaerp.registry: Invalidating all model caches from _callCleanup /opt/betopiaerp/betopiaerp/tests/case.py:190 
2026-02-09 11:02:24,204 1 INFO betopiaerp betopiaerp.addons.base.models.ir_attachment: filestore gc 0 checked, 0 removed 
2026-02-09 11:02:24,205 1 INFO betopiaerp betopiaerp.addons.base.tests.test_ir_asset: Starting TestAsset.test_asset_tag ... 
2026-02-09 11:02:24,233 1 INFO betopiaerp betopiaerp.addons.base.models.ir_attachment: filestore gc 0 checked, 0 removed 
2026-02-09 11:02:24,234 1 INFO betopiaerp betopiaerp.addons.base.tests.test_ir_filters: Starting TestAllFilters.test_filters ... 
2026-02-09 11:02:24,236 1 INFO betopiaerp betopiaerp.addons.base.models.ir_attachment: filestore gc 0 checked, 0 removed 
2026-02-09 11:02:24,237 1 INFO betopiaerp betopiaerp.addons.base.tests.test_ir_http: Starting TestIrHttpPerformances.test_routing_map_performance ... 
2026-02-09 11:02:24,238 1 INFO betopiaerp betopiaerp.addons.base.models.ir_http: Generating routing map for key None 
2026-02-09 11:02:24,248 1 INFO betopiaerp betopiaerp.addons.base.tests.test_ir_http: Routing map web generated in 0.010s 
2026-02-09 11:02:24,248 1 INFO betopiaerp betopiaerp.addons.base.models.ir_http: Generating routing map for key 1 
2026-02-09 11:02:24,254 1 INFO betopiaerp betopiaerp.addons.base.tests.test_ir_http: Routing map website1 generated in 0.006s 
2026-02-09 11:02:24,256 1 INFO betopiaerp betopiaerp.addons.base.models.ir_attachment: filestore gc 0 checked, 0 removed 
2026-02-09 11:02:24,258 1 INFO betopiaerp betopiaerp.addons.base.tests.test_ir_model: Starting TestIrModelEdition.test_delete_manual_models_with_base_fields ... 
2026-02-09 11:02:24,348 1 INFO betopiaerp betopiaerp.models.unlink: User #1 deleted ir.model records with IDs: [267, 269] 
2026-02-09 11:02:24,399 1 INFO betopiaerp betopiaerp.addons.base.tests.test_ir_model: Starting TestIrModelEdition.test_ir_model_fields_name_create ... 
2026-02-09 11:02:24,428 1 INFO betopiaerp betopiaerp.addons.base.tests.test_ir_model: Starting TestIrModelEdition.test_new_ir_model_fields_related ... 
2026-02-09 11:02:24,536 1 INFO betopiaerp betopiaerp.addons.base.models.ir_attachment: filestore gc 0 checked, 0 removed 
2026-02-09 11:02:24,542 1 INFO betopiaerp betopiaerp.addons.base.tests.test_ir_model: Starting TestIrModelFieldsTranslation.test_ir_model_fields_translation ... 
2026-02-09 11:02:24,562 1 WARNING betopiaerp betopiaerp.addons.base.tests.test_ir_model.TestIrModelFieldsTranslation.test_ir_model_fields_translation: websocket-client module is not installed 
2026-02-09 11:02:24,562 1 INFO betopiaerp betopiaerp.addons.base.tests.test_ir_model: skipped TestIrModelFieldsTranslation.test_ir_model_fields_translation : websocket-client module is not installed 
2026-02-09 11:02:24,564 1 INFO betopiaerp betopiaerp.addons.base.models.ir_attachment: filestore gc 0 checked, 0 removed 
2026-02-09 11:02:24,565 1 INFO betopiaerp betopiaerp.addons.base.tests.test_neutralize: Starting TestNeutralize.test_10_neutralize ... 
2026-02-09 11:02:24,580 1 INFO betopiaerp betopiaerp.addons.base.models.ir_attachment: filestore gc 0 checked, 0 removed 
2026-02-09 11:02:24,581 1 INFO betopiaerp betopiaerp.addons.base.tests.test_orm: Starting TestCompanyDependent.test_orm_ondelete_restrict ... 
2026-02-09 11:02:24,583 1 INFO betopiaerp betopiaerp.addons.base.models.ir_attachment: filestore gc 0 checked, 0 removed 
2026-02-09 11:02:24,584 1 INFO betopiaerp betopiaerp.tests.common: Auto retry disabled for test_invalidation (betopiaerp.addons.base.tests.test_ormcache.TestOrmCache.test_invalidation) 
2026-02-09 11:02:24,584 1 INFO betopiaerp betopiaerp.addons.base.tests.test_ormcache: Starting TestOrmCache.test_invalidation ... 
2026-02-09 11:02:24,585 1 INFO betopiaerp betopiaerp.tests.common: Auto retry disabled for test_invalidation_thread_local (betopiaerp.addons.base.tests.test_ormcache.TestOrmCache.test_invalidation_thread_local) 
2026-02-09 11:02:24,585 1 INFO betopiaerp betopiaerp.addons.base.tests.test_ormcache: Starting TestOrmCache.test_invalidation_thread_local ... 
2026-02-09 11:02:24,587 1 INFO betopiaerp betopiaerp.tests.common: Auto retry disabled for test_ormcache (betopiaerp.addons.base.tests.test_ormcache.TestOrmCache.test_ormcache) 
2026-02-09 11:02:24,587 1 INFO betopiaerp betopiaerp.addons.base.tests.test_ormcache: Starting TestOrmCache.test_ormcache ... 
2026-02-09 11:02:24,588 1 INFO betopiaerp betopiaerp.tests.common: Auto retry disabled for test_signaling_01_multiple (betopiaerp.addons.base.tests.test_ormcache.TestOrmCache.test_signaling_01_multiple) 
2026-02-09 11:02:24,589 1 INFO betopiaerp betopiaerp.addons.base.tests.test_ormcache: Starting TestOrmCache.test_signaling_01_multiple ... 
2026-02-09 11:02:24,593 1 INFO betopiaerp betopiaerp.tests.common: Auto retry disabled for test_signaling_01_single (betopiaerp.addons.base.tests.test_ormcache.TestOrmCache.test_signaling_01_single) 
2026-02-09 11:02:24,594 1 INFO betopiaerp betopiaerp.addons.base.tests.test_ormcache: Starting TestOrmCache.test_signaling_01_single ... 
2026-02-09 11:02:24,597 1 INFO betopiaerp betopiaerp.tests.common: Auto retry disabled for test_signaling_gc (betopiaerp.addons.base.tests.test_ormcache.TestOrmCache.test_signaling_gc) 
2026-02-09 11:02:24,597 1 INFO betopiaerp betopiaerp.addons.base.tests.test_ormcache: Starting TestOrmCache.test_signaling_gc ... 
2026-02-09 11:02:24,605 1 INFO betopiaerp betopiaerp.addons.base.models.ir_attachment: filestore gc 0 checked, 0 removed 
2026-02-09 11:02:24,606 1 INFO betopiaerp betopiaerp.addons.base.tests.test_overrides: Starting TestOverrides.test_creates ... 
2026-02-09 11:02:24,612 1 INFO betopiaerp betopiaerp.addons.base.tests.test_overrides: Starting TestOverrides.test_default_get ... 
2026-02-09 11:02:24,637 1 INFO betopiaerp betopiaerp.addons.base.tests.test_overrides: Starting TestOverrides.test_unlink ... 
2026-02-09 11:02:24,662 1 INFO betopiaerp betopiaerp.addons.base.tests.test_overrides: Starting TestOverrides.test_writes ... 
2026-02-09 11:02:24,686 1 INFO betopiaerp betopiaerp.addons.base.models.ir_attachment: filestore gc 0 checked, 0 removed 
2026-02-09 11:02:24,691 1 INFO betopiaerp betopiaerp.addons.base.tests.test_profiler: Starting TestProfileAccess.test_admin_has_access ... 
2026-02-09 11:02:24,692 1 INFO betopiaerp betopiaerp.addons.base.tests.test_profiler: Starting TestProfileAccess.test_user_no_access ... 
2026-02-09 11:02:24,722 1 INFO betopiaerp betopiaerp.addons.base.models.ir_model: Access Denied by ACLs for operation: read, uid: 1043, model: ir.profile 
2026-02-09 11:02:24,726 1 INFO betopiaerp betopiaerp.addons.base.models.ir_model: Access Denied by ACLs for operation: read, uid: 1043, model: ir.profile 
2026-02-09 11:02:24,730 1 INFO betopiaerp betopiaerp.addons.base.models.ir_attachment: filestore gc 1 checked, 1 removed 
2026-02-09 11:02:24,731 1 INFO betopiaerp betopiaerp.addons.base.tests.test_profiler: Starting TestSpeedscope.test_convert_empty ... 
2026-02-09 11:02:24,731 1 INFO betopiaerp betopiaerp.addons.base.tests.test_profiler: Starting TestSpeedscope.test_converts_context ... 
2026-02-09 11:02:24,731 1 INFO betopiaerp betopiaerp.addons.base.tests.test_profiler: Starting TestSpeedscope.test_converts_context_lower ... 
2026-02-09 11:02:24,732 1 INFO betopiaerp betopiaerp.addons.base.tests.test_profiler: Starting TestSpeedscope.test_converts_context_nested ... 
2026-02-09 11:02:24,732 1 INFO betopiaerp betopiaerp.addons.base.tests.test_profiler: Starting TestSpeedscope.test_converts_init_stack_trace ... 
2026-02-09 11:02:24,732 1 INFO betopiaerp betopiaerp.addons.base.tests.test_profiler: Starting TestSpeedscope.test_converts_no_context ... 
2026-02-09 11:02:24,733 1 INFO betopiaerp betopiaerp.addons.base.tests.test_profiler: Starting TestSpeedscope.test_converts_profile_no_end ... 
2026-02-09 11:02:24,733 1 INFO betopiaerp betopiaerp.addons.base.tests.test_profiler: Starting TestSpeedscope.test_converts_profile_simple ... 
2026-02-09 11:02:24,733 1 INFO betopiaerp betopiaerp.addons.base.tests.test_profiler: Starting TestSpeedscope.test_end_priority ... 
2026-02-09 11:02:24,734 1 INFO betopiaerp betopiaerp.addons.base.tests.test_profiler: Starting TestSpeedscope.test_following_queries_dont_merge ... 
2026-02-09 11:02:24,735 1 INFO betopiaerp betopiaerp.addons.base.tests.test_profiler: Starting TestProfiling.test_default_recorders ... 
2026-02-09 11:02:24,807 1 INFO betopiaerp betopiaerp.addons.base.tests.test_profiler: Starting TestProfiling.test_default_values ... 
2026-02-09 11:02:24,808 1 INFO betopiaerp betopiaerp.addons.base.tests.test_profiler: Starting TestProfiling.test_env_profiler_database ... 
2026-02-09 11:02:24,808 1 INFO betopiaerp betopiaerp.addons.base.tests.test_profiler: Starting TestProfiling.test_env_profiler_description ... 
2026-02-09 11:02:24,822 1 INFO betopiaerp betopiaerp.addons.base.tests.test_profiler: Starting TestProfiling.test_execution_context_nested ... 
2026-02-09 11:02:24,837 1 INFO betopiaerp betopiaerp.addons.base.tests.test_profiler: Starting TestProfiling.test_execution_context_save ... 
2026-02-09 11:02:24,853 1 INFO betopiaerp betopiaerp.addons.base.tests.test_profiler: Starting TestProfiling.test_profiler_return ... 
2026-02-09 11:02:24,869 1 INFO betopiaerp betopiaerp.tools.profiler: ir_profile 30 (2026-02-09 11:02:24 test_profiler_return) created 
2026-02-09 11:02:24,870 1 INFO betopiaerp betopiaerp.addons.base.tests.test_profiler: Starting TestProfiling.test_qweb_recorder ... 
2026-02-09 11:02:24,919 1 INFO betopiaerp betopiaerp.addons.base.models.ir_attachment: filestore gc 0 checked, 0 removed 
2026-02-09 11:02:24,920 1 INFO betopiaerp betopiaerp.addons.base.tests.test_qweb: Starting TestQWebTField.test_default_value ... 
2026-02-09 11:02:24,925 1 INFO betopiaerp betopiaerp.addons.base.tests.test_qweb: Starting TestQWebTField.test_i18n ... 
2026-02-09 11:02:24,984 1 INFO betopiaerp betopiaerp.addons.base.tests.test_qweb: Starting TestQWebTField.test_no_value_no_default_value ... 
2026-02-09 11:02:24,989 1 INFO betopiaerp betopiaerp.addons.base.tests.test_qweb: Starting TestQWebTField.test_reject_crummy_tags ... 
2026-02-09 11:02:25,002 1 INFO betopiaerp betopiaerp.addons.base.tests.test_qweb: Starting TestQWebTField.test_reject_t_tag ... 
2026-02-09 11:02:25,006 1 INFO betopiaerp betopiaerp.addons.base.tests.test_qweb: Starting TestQWebTField.test_render_t_options ... 
2026-02-09 11:02:25,015 1 INFO betopiaerp betopiaerp.addons.base.tests.test_qweb: Starting TestQWebTField.test_trivial ... 
2026-02-09 11:02:25,074 1 INFO betopiaerp betopiaerp.addons.base.tests.test_qweb: Starting TestQWebTField.test_xss_breakout ... 
2026-02-09 11:02:25,080 1 INFO betopiaerp betopiaerp.addons.base.models.ir_attachment: filestore gc 0 checked, 0 removed 
2026-02-09 11:02:25,081 1 INFO betopiaerp betopiaerp.addons.base.tests.test_qweb: Starting TestQWebNS.test_render_dynamic_xml_with_code_error ... 
2026-02-09 11:02:25,088 1 INFO betopiaerp betopiaerp.addons.base.tests.test_qweb: Starting TestQWebNS.test_render_dynamic_xml_with_namespace_2 ... 
2026-02-09 11:02:25,093 1 INFO betopiaerp betopiaerp.addons.base.tests.test_qweb: Starting TestQWebNS.test_render_dynamic_xml_with_namespace_t_attf ... 
2026-02-09 11:02:25,098 1 INFO betopiaerp betopiaerp.addons.base.tests.test_qweb: Starting TestQWebNS.test_render_dynamic_xml_with_namespace_t_attf_with_useless_distributed_namespace ... 
2026-02-09 11:02:25,103 1 INFO betopiaerp betopiaerp.addons.base.tests.test_qweb: Starting TestQWebNS.test_render_dynamic_xml_with_namespace_t_esc ... 
2026-02-09 11:02:25,107 1 INFO betopiaerp betopiaerp.addons.base.tests.test_qweb: Starting TestQWebNS.test_render_dynamic_xml_with_namespace_t_esc_with_useless_distributed_namespace ... 
2026-02-09 11:02:25,111 1 INFO betopiaerp betopiaerp.addons.base.tests.test_qweb: Starting TestQWebNS.test_render_dynamic_xml_with_namespaced_attributes ... 
2026-02-09 11:02:25,115 1 INFO betopiaerp betopiaerp.addons.base.tests.test_qweb: Starting TestQWebNS.test_render_static_xml_with_extension ... 
2026-02-09 11:02:25,122 1 INFO betopiaerp betopiaerp.addons.base.tests.test_qweb: Starting TestQWebNS.test_render_static_xml_with_namespace ... 
2026-02-09 11:02:25,127 1 INFO betopiaerp betopiaerp.addons.base.tests.test_qweb: Starting TestQWebNS.test_render_static_xml_with_namespace_2 ... 
2026-02-09 11:02:25,133 1 INFO betopiaerp betopiaerp.addons.base.tests.test_qweb: Starting TestQWebNS.test_render_static_xml_with_namespace_3 ... 
2026-02-09 11:02:25,137 1 INFO betopiaerp betopiaerp.addons.base.tests.test_qweb: Starting TestQWebNS.test_render_static_xml_with_namespace_dynamic ... 
2026-02-09 11:02:25,142 1 INFO betopiaerp betopiaerp.addons.base.tests.test_qweb: Starting TestQWebNS.test_render_static_xml_with_namespace_dynamic_2 ... 
2026-02-09 11:02:25,149 1 INFO betopiaerp betopiaerp.addons.base.tests.test_qweb: Starting TestQWebNS.test_render_static_xml_with_namespaced_attributes ... 
2026-02-09 11:02:25,153 1 INFO betopiaerp betopiaerp.addons.base.tests.test_qweb: Starting TestQWebNS.test_render_static_xml_with_t_call ... 
2026-02-09 11:02:25,162 1 INFO betopiaerp betopiaerp.addons.base.tests.test_qweb: Starting TestQWebNS.test_render_static_xml_with_useless_distributed_namespace ... 
2026-02-09 11:02:25,167 1 INFO betopiaerp betopiaerp.addons.base.tests.test_qweb: Starting TestQWebNS.test_render_static_xml_with_void_element ... 
2026-02-09 11:02:25,173 1 INFO betopiaerp betopiaerp.addons.base.models.ir_attachment: filestore gc 0 checked, 0 removed 
2026-02-09 11:02:25,173 1 INFO betopiaerp betopiaerp.addons.base.tests.test_qweb: Starting TestQWebBasic.test_att_escaping_1 ... 
2026-02-09 11:02:25,179 1 INFO betopiaerp betopiaerp.addons.base.tests.test_qweb: Starting TestQWebBasic.test_att_escaping_2 ... 
2026-02-09 11:02:25,185 1 INFO betopiaerp betopiaerp.addons.base.tests.test_qweb: Starting TestQWebBasic.test_att_no_propagation_1 ... 
2026-02-09 11:02:25,191 1 INFO betopiaerp betopiaerp.addons.base.tests.test_qweb: Starting TestQWebBasic.test_att_no_propagation_2 ... 
2026-02-09 11:02:25,197 1 INFO betopiaerp betopiaerp.addons.base.tests.test_qweb: Starting TestQWebBasic.test_attf_escaping_1 ... 
2026-02-09 11:02:25,202 1 INFO betopiaerp betopiaerp.addons.base.tests.test_qweb: Starting TestQWebBasic.test_attf_escaping_2 ... 
2026-02-09 11:02:25,207 1 INFO betopiaerp betopiaerp.addons.base.tests.test_qweb: Starting TestQWebBasic.test_attf_escaping_3 ... 
2026-02-09 11:02:25,212 1 INFO betopiaerp betopiaerp.addons.base.tests.test_qweb: Starting TestQWebBasic.test_call_call_0 ... 
2026-02-09 11:02:25,225 1 INFO betopiaerp betopiaerp.addons.base.tests.test_qweb: Starting TestQWebBasic.test_call_error ... 
2026-02-09 11:02:25,240 1 INFO betopiaerp betopiaerp.addons.base.tests.test_qweb: Starting TestQWebBasic.test_call_foreach_call ... 
2026-02-09 11:02:25,250 1 INFO betopiaerp betopiaerp.addons.base.tests.test_qweb: Starting TestQWebBasic.test_call_infinite_recursion ... 
2026-02-09 11:02:25,262 1 INFO betopiaerp betopiaerp.addons.base.tests.test_qweb: Starting TestQWebBasic.test_call_set ... 
2026-02-09 11:02:25,274 1 INFO betopiaerp betopiaerp.addons.base.tests.test_qweb: Starting TestQWebBasic.test_compile_expr ... 
2026-02-09 11:02:25,280 1 INFO betopiaerp betopiaerp.addons.base.tests.test_qweb: Starting TestQWebBasic.test_compile_expr_security ... 
2026-02-09 11:02:25,292 1 INFO betopiaerp betopiaerp.addons.base.tests.test_qweb: Starting TestQWebBasic.test_error_message_1 ... 
2026-02-09 11:02:25,300 1 INFO betopiaerp betopiaerp.addons.base.tests.test_qweb: Starting TestQWebBasic.test_error_message_10 ... 
2026-02-09 11:02:25,313 1 INFO betopiaerp betopiaerp.addons.base.tests.test_qweb: Starting TestQWebBasic.test_error_message_11 ... 
2026-02-09 11:02:25,338 1 INFO betopiaerp betopiaerp.addons.base.tests.test_qweb: Starting TestQWebBasic.test_error_message_12 ... 
2026-02-09 11:02:25,356 1 INFO betopiaerp betopiaerp.addons.base.tests.test_qweb: Starting TestQWebBasic.test_error_message_13 ... 
2026-02-09 11:02:25,369 1 INFO betopiaerp betopiaerp.addons.base.tests.test_qweb: Starting TestQWebBasic.test_error_message_14 ... 
2026-02-09 11:02:25,382 1 INFO betopiaerp betopiaerp.addons.base.tests.test_qweb: Starting TestQWebBasic.test_error_message_2 ... 
2026-02-09 11:02:25,398 1 INFO betopiaerp betopiaerp.addons.base.tests.test_qweb: Starting TestQWebBasic.test_error_message_3 ... 
2026-02-09 11:02:25,411 1 INFO betopiaerp betopiaerp.addons.base.tests.test_qweb: Starting TestQWebBasic.test_error_message_4 ... 
2026-02-09 11:02:25,431 1 INFO betopiaerp betopiaerp.addons.base.tests.test_qweb: Starting TestQWebBasic.test_error_message_5 ... 
2026-02-09 11:02:25,436 1 INFO betopiaerp betopiaerp.addons.base.tests.test_qweb: Starting TestQWebBasic.test_error_message_6 ... 
2026-02-09 11:02:25,444 1 INFO betopiaerp betopiaerp.addons.base.tests.test_qweb: Starting TestQWebBasic.test_error_message_7 ... 
2026-02-09 11:02:25,449 1 INFO betopiaerp betopiaerp.addons.base.tests.test_qweb: Starting TestQWebBasic.test_error_message_8 ... 
2026-02-09 11:02:25,456 1 INFO betopiaerp betopiaerp.addons.base.tests.test_qweb: Starting TestQWebBasic.test_error_message_9 ... 
2026-02-09 11:02:25,470 1 INFO betopiaerp betopiaerp.addons.base.tests.test_qweb: Starting TestQWebBasic.test_esc_markup ... 
2026-02-09 11:02:25,477 1 INFO betopiaerp betopiaerp.addons.base.tests.test_qweb: Starting TestQWebBasic.test_foreach_as_error_1 ... 
2026-02-09 11:02:25,490 1 INFO betopiaerp betopiaerp.addons.base.tests.test_qweb: Starting TestQWebBasic.test_foreach_as_error_2 ... 
2026-02-09 11:02:25,502 1 INFO betopiaerp betopiaerp.addons.base.tests.test_qweb: Starting TestQWebBasic.test_foreach_as_error_3 ... 
2026-02-09 11:02:25,519 1 INFO betopiaerp betopiaerp.addons.base.tests.test_qweb: Starting TestQWebBasic.test_foreach_iter_dict ... 
2026-02-09 11:02:25,526 1 INFO betopiaerp betopiaerp.addons.base.tests.test_qweb: Starting TestQWebBasic.test_foreach_iter_list ... 
2026-02-09 11:02:25,531 1 INFO betopiaerp betopiaerp.addons.base.tests.test_qweb: Starting TestQWebBasic.test_if_comment ... 
2026-02-09 11:02:25,537 1 INFO betopiaerp betopiaerp.addons.base.tests.test_qweb: Starting TestQWebBasic.test_if_from_body ... 
2026-02-09 11:02:25,542 1 INFO betopiaerp betopiaerp.addons.base.tests.test_qweb: Starting TestQWebBasic.test_if_spaces ... 
2026-02-09 11:02:25,546 1 INFO betopiaerp betopiaerp.addons.base.tests.test_qweb: Starting TestQWebBasic.test_out ... 
2026-02-09 11:02:25,550 1 INFO betopiaerp betopiaerp.addons.base.tests.test_qweb: Starting TestQWebBasic.test_out_default_value ... 
2026-02-09 11:02:25,555 1 INFO betopiaerp betopiaerp.addons.base.tests.test_qweb: Starting TestQWebBasic.test_out_escape_text ... 
2026-02-09 11:02:25,560 1 INFO betopiaerp betopiaerp.addons.base.tests.test_qweb: Starting TestQWebBasic.test_out_format_1 ... 
2026-02-09 11:02:25,565 1 INFO betopiaerp betopiaerp.addons.base.tests.test_qweb: Starting TestQWebBasic.test_out_format_2 ... 
2026-02-09 11:02:25,570 1 INFO betopiaerp betopiaerp.addons.base.tests.test_qweb: Starting TestQWebBasic.test_out_format_3 ... 
2026-02-09 11:02:25,575 1 INFO betopiaerp betopiaerp.addons.base.tests.test_qweb: Starting TestQWebBasic.test_out_format_4 ... 
2026-02-09 11:02:25,580 1 INFO betopiaerp betopiaerp.addons.base.tests.test_qweb: Starting TestQWebBasic.test_out_format_5 ... 
2026-02-09 11:02:25,585 1 INFO betopiaerp betopiaerp.addons.base.tests.test_qweb: Starting TestQWebBasic.test_out_format_6 ... 
2026-02-09 11:02:25,589 1 INFO betopiaerp betopiaerp.addons.base.tests.test_qweb: Starting TestQWebBasic.test_out_format_7 ... 
2026-02-09 11:02:25,594 1 INFO betopiaerp betopiaerp.addons.base.tests.test_qweb: Starting TestQWebBasic.test_out_format_8 ... 
2026-02-09 11:02:25,599 1 INFO betopiaerp betopiaerp.addons.base.tests.test_qweb: Starting TestQWebBasic.test_out_format_9 ... 
2026-02-09 11:02:25,604 1 INFO betopiaerp betopiaerp.addons.base.tests.test_qweb: Starting TestQWebBasic.test_out_json ... 
2026-02-09 11:02:25,609 1 INFO betopiaerp betopiaerp.addons.base.tests.test_qweb: Starting TestQWebBasic.test_out_markup ... 
2026-02-09 11:02:25,613 1 INFO betopiaerp betopiaerp.addons.base.tests.test_qweb: Starting TestQWebBasic.test_render_barcode ... 
2026-02-09 11:02:25,708 1 INFO betopiaerp betopiaerp.addons.base.tests.test_qweb: ====================================================================== 
2026-02-09 11:02:25,708 1 ERROR betopiaerp betopiaerp.addons.base.tests.test_qweb: ERROR: TestQWebBasic.test_render_barcode
Traceback (most recent call last):
  File "/usr/local/lib/python3.12/site-packages/reportlab/graphics/renderPM.py", line 43, in _getPMBackend
    import rlPyCairo as M
ModuleNotFoundError: No module named 'rlPyCairo'

During handling of the above exception, another exception occurred:

Traceback (most recent call last):
  File "/usr/local/lib/python3.12/site-packages/reportlab/graphics/renderPM.py", line 46, in _getPMBackend
    import _rl_renderPM as M
ModuleNotFoundError: No module named '_rl_renderPM'

During handling of the above exception, another exception occurred:

Traceback (most recent call last):
  File "/opt/betopiaerp/betopiaerp/addons/base/tests/test_qweb.py", line 2054, in test_render_barcode
    rendered = self.env['ir.qweb']._render(view.id, values={'partner': partner}).strip()
               ^^^^^^^^^^^^^^^^^^^^^^^^^^^^^^^^^^^^^^^^^^^^^^^^^^^^^^^^^^^^^^^^^
  File "/opt/betopiaerp/betopiaerp/addons/base/models/ir_qweb.py", line 728, in _render
    return Markup(''.join(iterator))
                  ^^^^^^^^^^^^^^^^^
  File "/opt/betopiaerp/betopiaerp/addons/base/models/ir_qweb.py", line 756, in _render_iterall
    for item in frame.iterator:
                ^^^^^^^^^^^^^^
  File "<5324>", line 61, in template_gen_key_b6b354_5324
  File "<5324>", line 17, in template_gen_key_b6b354_5324_content
  File "/opt/betopiaerp/betopiaerp/addons/base/models/ir_qweb.py", line 2740, in _get_field
    content = converter.record_to_html(record, field_name, field_options)
              ^^^^^^^^^^^^^^^^^^^^^^^^^^^^^^^^^^^^^^^^^^^^^^^^^^^^^^^^^^^
  File "/opt/betopiaerp/betopiaerp/addons/base/models/ir_qweb_fields.py", line 171, in record_to_html
    return False if value is False else self.value_to_html(value, options=options)
                                        ^^^^^^^^^^^^^^^^^^^^^^^^^^^^^^^^^^^^^^^^^^
  File "/opt/betopiaerp/betopiaerp/addons/base/models/ir_qweb_fields.py", line 804, in value_to_html
    barcode = self.env['ir.actions.report'].barcode(
              ^^^^^^^^^^^^^^^^^^^^^^^^^^^^^^^^^^^^^^
  File "/opt/betopiaerp/betopiaerp/addons/base/models/ir_actions_report.py", line 745, in barcode
    return barcode.asString('png')
           ^^^^^^^^^^^^^^^^^^^^^^^
  File "/usr/local/lib/python3.12/site-packages/reportlab/graphics/shapes.py", line 803, in asString
    return renderPM.drawToString(self, fmt=format,showBoundary=getattr(self,'showBorder',
           ^^^^^^^^^^^^^^^^^^^^^^^^^^^^^^^^^^^^^^^^^^^^^^^^^^^^^^^^^^^^^^^^^^^^^^^^^^^^^^
  File "/usr/local/lib/python3.12/site-packages/reportlab/graphics/renderPM.py", line 721, in drawToString
    drawToFile(d,s,fmt=fmt, dpi=dpi, bg=bg, configPIL=configPIL,backend=backend)
  File "/usr/local/lib/python3.12/site-packages/reportlab/graphics/renderPM.py", line 716, in drawToFile
    c = drawToPMCanvas(d, dpi=dpi, bg=bg, configPIL=configPIL, showBoundary=showBoundary,backend=backend)
        ^^^^^^^^^^^^^^^^^^^^^^^^^^^^^^^^^^^^^^^^^^^^^^^^^^^^^^^^^^^^^^^^^^^^^^^^^^^^^^^^^^^^^^^^^^^^^^^^^
  File "/usr/local/lib/python3.12/site-packages/reportlab/graphics/renderPM.py", line 701, in drawToPMCanvas
    c = PMCanvas(d.width, d.height, dpi=dpi, bg=bg, configPIL=configPIL, backend=backend)
        ^^^^^^^^^^^^^^^^^^^^^^^^^^^^^^^^^^^^^^^^^^^^^^^^^^^^^^^^^^^^^^^^^^^^^^^^^^^^^^^^^
  File "/usr/local/lib/python3.12/site-packages/reportlab/graphics/renderPM.py", line 304, in __init__
    self.__dict__['_gs'] = self._getGState(w,h,bg,backend)
                           ^^^^^^^^^^^^^^^^^^^^^^^^^^^^^^^
  File "/usr/local/lib/python3.12/site-packages/reportlab/graphics/renderPM.py", line 317, in _getGState
    mod = _getPMBackend(backend)
          ^^^^^^^^^^^^^^^^^^^^^^
  File "/usr/local/lib/python3.12/site-packages/reportlab/graphics/renderPM.py", line 48, in _getPMBackend
    raise RenderPMError(f"""cannot import desired renderPM backend {backend}
reportlab.graphics.utils.RenderPMError: cannot import desired renderPM backend rlPyCairo
Seek advice at the users list see
https://pairlist2.pair.net/mailman/listinfo/reportlab-users
 
2026-02-09 11:02:25,709 1 INFO betopiaerp betopiaerp.addons.base.tests.test_qweb: Starting TestQWebBasic.test_render_comment_tail ... 
2026-02-09 11:02:25,716 1 INFO betopiaerp betopiaerp.addons.base.tests.test_qweb: Starting TestQWebBasic.test_render_comments ... 
2026-02-09 11:02:25,723 1 INFO betopiaerp betopiaerp.addons.base.tests.test_qweb: Starting TestQWebBasic.test_render_processing_instructions ... 
2026-02-09 11:02:25,730 1 INFO betopiaerp betopiaerp.addons.base.tests.test_qweb: Starting TestQWebBasic.test_render_t_call_propagates_t_lang ... 
2026-02-09 11:02:25,745 1 INFO betopiaerp betopiaerp.addons.base.tests.test_qweb: Starting TestQWebBasic.test_render_template_from_file ... 
2026-02-09 11:02:25,761 1 INFO betopiaerp betopiaerp.addons.base.tests.test_qweb: Starting TestQWebBasic.test_render_template_from_file_special_cases ... 
2026-02-09 11:02:25,790 1 INFO betopiaerp betopiaerp.addons.base.tests.test_qweb: Starting TestQWebBasic.test_render_widget_contact ... 
2026-02-09 11:02:25,842 1 INFO betopiaerp betopiaerp.addons.base.tests.test_qweb: Starting TestQWebBasic.test_render_widget_duration_fallback ... 
2026-02-09 11:02:25,856 1 INFO betopiaerp betopiaerp.addons.base.tests.test_qweb: Starting TestQWebBasic.test_set_1 ... 
2026-02-09 11:02:25,860 1 INFO betopiaerp betopiaerp.addons.base.tests.test_qweb: Starting TestQWebBasic.test_set_2 ... 
2026-02-09 11:02:25,865 1 INFO betopiaerp betopiaerp.addons.base.tests.test_qweb: Starting TestQWebBasic.test_set_3 ... 
2026-02-09 11:02:25,870 1 INFO betopiaerp betopiaerp.addons.base.tests.test_qweb: Starting TestQWebBasic.test_set_body_1 ... 
2026-02-09 11:02:25,875 1 INFO betopiaerp betopiaerp.addons.base.tests.test_qweb: Starting TestQWebBasic.test_set_body_2 ... 
2026-02-09 11:02:25,880 1 INFO betopiaerp betopiaerp.addons.base.tests.test_qweb: Starting TestQWebBasic.test_set_body_3 ... 
2026-02-09 11:02:25,906 1 INFO betopiaerp betopiaerp.addons.base.tests.test_qweb: Starting TestQWebBasic.test_set_error_1 ... 
2026-02-09 11:02:25,922 1 INFO betopiaerp betopiaerp.addons.base.tests.test_qweb: Starting TestQWebBasic.test_set_error_2 ... 
2026-02-09 11:02:25,938 1 INFO betopiaerp betopiaerp.addons.base.tests.test_qweb: Starting TestQWebBasic.test_space_remove_technical_all ... 
2026-02-09 11:02:25,955 1 INFO betopiaerp betopiaerp.addons.base.tests.test_qweb: Starting TestQWebBasic.test_space_remove_technical_space_t_foreach ... 
2026-02-09 11:02:25,962 1 INFO betopiaerp betopiaerp.addons.base.tests.test_qweb: Starting TestQWebBasic.test_t_foreach_t_call ... 
2026-02-09 11:02:25,970 1 INFO betopiaerp betopiaerp.addons.base.tests.test_qweb: Starting TestQWebBasic.test_void_element ... 
2026-02-09 11:02:25,980 1 INFO betopiaerp betopiaerp.addons.base.models.ir_attachment: filestore gc 1 checked, 1 removed 
2026-02-09 11:02:26,009 1 INFO betopiaerp betopiaerp.addons.base.tests.test_qweb: Starting TestQwebPerformance.test_render_queries ... 
2026-02-09 11:02:26,084 1 INFO betopiaerp betopiaerp.addons.base.models.ir_attachment: filestore gc 1 checked, 1 removed 
2026-02-09 11:02:26,085 1 INFO betopiaerp betopiaerp.addons.base.tests.test_reports: Starting TestReports.test_report_reload_from_attachment ... 
2026-02-09 11:02:28,124 1 INFO betopiaerp betopiaerp.addons.base.models.ir_actions_report: The PDF report has been generated for model: res.partner, records [2]. 
2026-02-09 11:02:28,129 1 INFO betopiaerp betopiaerp.addons.base.models.ir_actions_report: The PDF documents 'test_attach' are now saved in the database 
2026-02-09 11:02:28,130 1 INFO betopiaerp betopiaerp.addons.base.models.ir_actions_report: The PDF report has been generated for model: res.partner, records [2]. 
2026-02-09 11:02:28,132 1 INFO betopiaerp betopiaerp.addons.base.models.ir_actions_report: The PDF report has been generated for model: res.partner, records [2]. 
2026-02-09 11:02:28,134 1 INFO betopiaerp betopiaerp.addons.base.tests.test_reports: Starting TestReports.test_reports ... 
2026-02-09 11:02:28,136 1 INFO betopiaerp betopiaerp.addons.base.tests.test_reports: testing report base.report_irmodeloverview 
2026-02-09 11:02:30,188 1 INFO betopiaerp betopiaerp.addons.base.tests.test_reports: testing report web.preview_externalreport 
2026-02-09 11:02:30,229 1 INFO betopiaerp betopiaerp.addons.base.tests.test_reports: testing report web.preview_internalreport 
2026-02-09 11:02:30,238 1 INFO betopiaerp betopiaerp.addons.base.tests.test_reports: testing report web.preview_layout_report 
2026-02-09 11:02:30,256 1 INFO betopiaerp betopiaerp.addons.base.models.ir_attachment: filestore gc 1 checked, 1 removed 
2026-02-09 11:02:30,257 1 INFO betopiaerp betopiaerp.addons.base.tests.test_reports: Starting TestReportsRendering.test_format_A4 ... 
2026-02-09 11:02:30,257 1 INFO betopiaerp betopiaerp.addons.base.tests.test_reports: skipped TestReportsRendering.test_format_A4 : pdfminer not installed 
2026-02-09 11:02:30,257 1 INFO betopiaerp betopiaerp.addons.base.tests.test_reports: Starting TestReportsRendering.test_format_landscape ... 
2026-02-09 11:02:30,258 1 INFO betopiaerp betopiaerp.addons.base.tests.test_reports: skipped TestReportsRendering.test_format_landscape : pdfminer not installed 
2026-02-09 11:02:30,258 1 INFO betopiaerp betopiaerp.addons.base.tests.test_reports: Starting TestReportsRendering.test_format_letter ... 
2026-02-09 11:02:30,258 1 INFO betopiaerp betopiaerp.addons.base.tests.test_reports: skipped TestReportsRendering.test_format_letter : pdfminer not installed 
2026-02-09 11:02:30,258 1 INFO betopiaerp betopiaerp.addons.base.tests.test_reports: Starting TestReportsRendering.test_layout ... 
2026-02-09 11:02:30,258 1 INFO betopiaerp betopiaerp.addons.base.tests.test_reports: skipped TestReportsRendering.test_layout : pdfminer not installed 
2026-02-09 11:02:30,259 1 INFO betopiaerp betopiaerp.addons.base.tests.test_reports: Starting TestReportsRendering.test_pdf_render_page_overflow ... 
2026-02-09 11:02:30,259 1 INFO betopiaerp betopiaerp.addons.base.tests.test_reports: skipped TestReportsRendering.test_pdf_render_page_overflow : pdfminer not installed 
2026-02-09 11:02:30,259 1 INFO betopiaerp betopiaerp.addons.base.tests.test_reports: Starting TestReportsRendering.test_report_pdf_page_break ... 
2026-02-09 11:02:30,259 1 INFO betopiaerp betopiaerp.addons.base.tests.test_reports: skipped TestReportsRendering.test_report_pdf_page_break : pdfminer not installed 
2026-02-09 11:02:30,259 1 INFO betopiaerp betopiaerp.addons.base.tests.test_reports: Starting TestReportsRendering.test_report_specific_paperformat_args ... 
2026-02-09 11:02:30,259 1 INFO betopiaerp betopiaerp.addons.base.tests.test_reports: skipped TestReportsRendering.test_report_specific_paperformat_args : pdfminer not installed 
2026-02-09 11:02:30,260 1 INFO betopiaerp betopiaerp.addons.base.tests.test_reports: Starting TestReportsRendering.test_thead_tbody_repeat ... 
2026-02-09 11:02:30,260 1 INFO betopiaerp betopiaerp.addons.base.tests.test_reports: skipped TestReportsRendering.test_thead_tbody_repeat : pdfminer not installed 
2026-02-09 11:02:30,270 1 INFO betopiaerp betopiaerp.addons.base.tests.test_reports: Starting TestAggregatePdfReports.test_aggregate_report_with_some_resources_reloaded_from_attachment ... 
2026-02-09 11:02:32,320 1 INFO betopiaerp betopiaerp.addons.base.models.ir_http: Generating routing map for key None 
2026-02-09 11:02:32,336 1 INFO betopiaerp betopiaerp.addons.base.models.assetsbundle: Generating a new asset bundle attachment /web/assets/e4caaae/web.report_assets_pdf.autoprefixed.min.css (id:5281) 
2026-02-09 11:02:32,339 1 INFO betopiaerp werkzeug: 127.0.0.1 - - [09/Feb/2026 11:02:32] "GET /web/assets/e4caaae/web.report_assets_pdf.autoprefixed.min.css HTTP/1.1" 200 - 14 0.003 0.017
2026-02-09 11:02:34,360 1 INFO betopiaerp betopiaerp.addons.base.models.assetsbundle: Generating a new asset bundle attachment /web/assets/db04b56/web.report_assets_common.autoprefixed.min.css (id:5282) 
2026-02-09 11:02:34,363 1 INFO betopiaerp werkzeug: 127.0.0.1 - - [09/Feb/2026 11:02:34] "GET /web/assets/db04b56/web.report_assets_common.autoprefixed.min.css HTTP/1.1" 200 - 10 0.008 2.034
2026-02-09 11:02:34,386 1 INFO ? werkzeug: 127.0.0.1 - - [09/Feb/2026 11:02:34] "GET /web/static/fonts/lato/Lato-Hai-webfont.woff HTTP/1.1" 200 - 0 0.000 0.006
2026-02-09 11:02:34,387 1 INFO ? werkzeug: 127.0.0.1 - - [09/Feb/2026 11:02:34] "GET /web/static/fonts/lato/Lato-Lig-webfont.woff HTTP/1.1" 200 - 0 0.000 0.006
2026-02-09 11:02:34,387 1 INFO ? werkzeug: 127.0.0.1 - - [09/Feb/2026 11:02:34] "GET /web/static/fonts/lato/Lato-Reg-webfont.woff HTTP/1.1" 200 - 0 0.000 0.008
2026-02-09 11:02:34,387 1 INFO ? werkzeug: 127.0.0.1 - - [09/Feb/2026 11:02:34] "GET /web/static/fonts/lato/Lato-Bol-webfont.woff HTTP/1.1" 200 - 0 0.000 0.006
2026-02-09 11:02:34,388 1 INFO ? werkzeug: 127.0.0.1 - - [09/Feb/2026 11:02:34] "GET /web/static/fonts/lato/Lato-Bla-webfont.woff HTTP/1.1" 200 - 0 0.000 0.005
2026-02-09 11:02:35,415 1 INFO betopiaerp betopiaerp.addons.base.models.ir_actions_report: The PDF documents 'Dmitri Prokofich Razumikhin.pdf' are now saved in the database 
2026-02-09 11:02:35,415 1 INFO betopiaerp betopiaerp.addons.base.models.ir_actions_report: The PDF report has been generated for model: res.partner, records [4133]. 
2026-02-09 11:02:35,437 1 INFO betopiaerp betopiaerp.addons.base.tests.test_reports: skipped TestAggregatePdfReports.test_aggregate_report_with_some_resources_reloaded_from_attachment : Unable to convert multiple documents via wkhtmltopdf using unpatched QT 
2026-02-09 11:02:35,438 1 INFO betopiaerp betopiaerp.addons.base.tests.test_reports: Starting TestAggregatePdfReports.test_aggregate_report_with_some_resources_reloaded_from_attachment_with_multiple_page_report ... 
2026-02-09 11:02:37,461 1 INFO betopiaerp betopiaerp.addons.base.models.ir_http: Generating routing map for key None 
2026-02-09 11:02:37,477 1 INFO betopiaerp betopiaerp.addons.base.models.assetsbundle: Generating a new asset bundle attachment /web/assets/e4caaae/web.report_assets_pdf.autoprefixed.min.css (id:5284) 
2026-02-09 11:02:37,479 1 INFO betopiaerp werkzeug: 127.0.0.1 - - [09/Feb/2026 11:02:37] "GET /web/assets/e4caaae/web.report_assets_pdf.autoprefixed.min.css HTTP/1.1" 200 - 14 0.003 0.016
2026-02-09 11:02:39,521 1 INFO betopiaerp betopiaerp.addons.base.models.assetsbundle: Generating a new asset bundle attachment /web/assets/db04b56/web.report_assets_common.autoprefixed.min.css (id:5285) 
2026-02-09 11:02:39,524 1 INFO betopiaerp werkzeug: 127.0.0.1 - - [09/Feb/2026 11:02:39] "GET /web/assets/db04b56/web.report_assets_common.autoprefixed.min.css HTTP/1.1" 200 - 10 0.009 2.054
2026-02-09 11:02:39,553 1 INFO ? werkzeug: 127.0.0.1 - - [09/Feb/2026 11:02:39] "GET /web/static/fonts/lato/Lato-Reg-webfont.woff HTTP/1.1" 200 - 0 0.000 0.008
2026-02-09 11:02:39,553 1 INFO ? werkzeug: 127.0.0.1 - - [09/Feb/2026 11:02:39] "GET /web/static/fonts/lato/Lato-Bol-webfont.woff HTTP/1.1" 200 - 0 0.000 0.006
2026-02-09 11:02:39,554 1 INFO ? werkzeug: 127.0.0.1 - - [09/Feb/2026 11:02:39] "GET /web/static/fonts/lato/Lato-Hai-webfont.woff HTTP/1.1" 200 - 0 0.000 0.007
2026-02-09 11:02:39,554 1 INFO ? werkzeug: 127.0.0.1 - - [09/Feb/2026 11:02:39] "GET /web/static/fonts/lato/Lato-Lig-webfont.woff HTTP/1.1" 200 - 0 0.000 0.008
2026-02-09 11:02:39,554 1 INFO ? werkzeug: 127.0.0.1 - - [09/Feb/2026 11:02:39] "GET /web/static/fonts/lato/Lato-Bla-webfont.woff HTTP/1.1" 200 - 0 0.000 0.006
2026-02-09 11:02:40,782 1 INFO betopiaerp betopiaerp.addons.base.models.ir_actions_report: The PDF documents 'Dmitri Prokofich Razumikhin.pdf' are now saved in the database 
2026-02-09 11:02:40,783 1 INFO betopiaerp betopiaerp.addons.base.models.ir_actions_report: The PDF report has been generated for model: res.partner, records [4133]. 
2026-02-09 11:02:40,807 1 INFO betopiaerp betopiaerp.addons.base.tests.test_reports: skipped TestAggregatePdfReports.test_aggregate_report_with_some_resources_reloaded_from_attachment_with_multiple_page_report : Unable to convert multiple documents via wkhtmltopdf using unpatched QT 
2026-02-09 11:02:40,810 1 INFO betopiaerp betopiaerp.addons.base.models.ir_attachment: filestore gc 3 checked, 3 removed 
2026-02-09 11:02:40,811 1 INFO betopiaerp betopiaerp.addons.base.tests.test_res_config: Starting TestResConfigExecute.test_01_execute_res_config ... 
2026-02-09 11:02:40,812 1 INFO betopiaerp betopiaerp.addons.base.tests.test_res_config: Starting TestResConfigExecute.test_settings_access ... 
2026-02-09 11:02:40,830 1 INFO betopiaerp betopiaerp.addons.base.tests.test_res_config: Testing settings access for group Role / Administrator 
2026-02-09 11:02:40,867 1 INFO betopiaerp betopiaerp.addons.base.models.ir_attachment: filestore gc 1 checked, 1 removed 
2026-02-09 11:02:40,868 1 INFO betopiaerp betopiaerp.addons.base.tests.test_res_country: Starting TestResCountryState.test_find_by_name ... 
2026-02-09 11:02:40,912 1 INFO betopiaerp betopiaerp.addons.base.models.ir_attachment: filestore gc 0 checked, 0 removed 
2026-02-09 11:02:40,913 1 INFO betopiaerp betopiaerp.addons.base.tests.test_res_partner: Starting TestPartnerForm.test_lang_computation_form_view ... 
2026-02-09 11:02:41,016 1 INFO betopiaerp betopiaerp.addons.base.tests.test_res_partner: Starting TestPartnerForm.test_onchange_parent_sync_user ... 
2026-02-09 11:02:41,141 1 INFO betopiaerp betopiaerp.addons.base.models.ir_attachment: filestore gc 1 checked, 1 removed 
2026-02-09 11:02:41,168 1 INFO betopiaerp betopiaerp.addons.base.tests.test_res_users: Starting TestUsers2.test_change_user_login ... 
2026-02-09 11:02:41,204 1 INFO betopiaerp betopiaerp.addons.base.tests.test_res_users: Starting TestUsers2.test_default_groups ... 
2026-02-09 11:02:41,285 1 INFO betopiaerp betopiaerp.addons.base.tests.test_res_users: Starting TestUsers2.test_implied_groups_on_change ... 
2026-02-09 11:02:41,504 1 INFO betopiaerp betopiaerp.addons.base.tests.test_res_users: Starting TestUsers2.test_portal_user_manager_access ... 
2026-02-09 11:02:41,554 1 INFO betopiaerp betopiaerp.addons.base.models.ir_rule: Access Denied by record rules for operation: write on record ids: [1056], uid: 1055, model: res.users 
2026-02-09 11:02:41,571 1 INFO betopiaerp betopiaerp.addons.base.models.ir_rule: Access Denied by record rules for operation: write on record ids: [1056], uid: 1055, model: res.users 
2026-02-09 11:02:41,579 1 INFO betopiaerp betopiaerp.addons.base.models.ir_model: Access Denied by ACLs for operation: write, uid: 1056, model: res.users 
2026-02-09 11:02:41,582 1 INFO betopiaerp betopiaerp.addons.base.models.ir_model: Access Denied by ACLs for operation: write, uid: 1056, model: res.users 
2026-02-09 11:02:41,596 1 INFO betopiaerp betopiaerp.addons.base.models.ir_model: Access Denied by ACLs for operation: write, uid: 1056, model: res.users 
2026-02-09 11:02:41,601 1 INFO betopiaerp betopiaerp.addons.base.tests.test_res_users: Starting TestUsers2.test_selection_groups ... 
2026-02-09 11:02:41,648 1 INFO betopiaerp betopiaerp.addons.base.tests.test_res_users: Starting TestUsers2.test_self_readable_writeable_fields_preferences_form ... 
2026-02-09 11:02:41,708 1 INFO betopiaerp betopiaerp.addons.base.tests.test_res_users: Starting TestUsers2.test_self_writeable_fields ... 
2026-02-09 11:02:41,721 1 INFO betopiaerp betopiaerp.addons.base.tests.test_res_users: Starting TestUsers2.test_view_group_hierarchy ... 
2026-02-09 11:02:41,742 1 INFO betopiaerp betopiaerp.addons.base.tests.test_res_users: Starting TestUsers2.test_write_group_ids_performance ... 
2026-02-09 11:02:41,770 1 INFO betopiaerp betopiaerp.addons.base.tests.test_res_users: Query count less than expected for user __system__: 11 < 24 in test_write_group_ids_performance at base/tests/test_res_users.py:528 
2026-02-09 11:02:41,773 1 INFO betopiaerp betopiaerp.addons.base.models.ir_attachment: filestore gc 6 checked, 6 removed 
2026-02-09 11:02:41,775 1 INFO betopiaerp betopiaerp.addons.base.tests.test_res_users: Starting TestUsersIdentitycheck.test_revoke_all_devices ... 
2026-02-09 11:02:41,780 1 INFO betopiaerp betopiaerp.addons.base.models.res_users: Login successful for login:admin from n/a 
2026-02-09 11:02:41,784 1 INFO betopiaerp betopiaerp.addons.base.models.res_users: Login successful for login:admin from n/a 
2026-02-09 11:02:41,787 1 INFO betopiaerp betopiaerp.addons.base.models.ir_http: Generating routing map for key None 
2026-02-09 11:02:41,794 1 INFO betopiaerp betopiaerp.addons.base.models.res_device: User 2 inserts device log (KpG8mMn-juWrB9FYiU_lO7loOnS1FaSoLGGWSuHWJf) 
2026-02-09 11:02:53,941 1 INFO betopiaerp werkzeug: 127.0.0.1 - - [09/Feb/2026 11:02:53] "GET /web HTTP/1.1" 200 - 66 0.015 12.140
2026-02-09 11:02:53,958 1 INFO betopiaerp betopiaerp.addons.base.models.res_device: User 2 revokes devices (KpG8mMn-juWrB9FYiU_lO7loOnS1FaSoLGGWSuHWJf) 
2026-02-09 11:02:53,961 1 INFO betopiaerp werkzeug: 127.0.0.1 - - [09/Feb/2026 11:02:53] "GET /web HTTP/1.1" 303 - 0 0.000 0.001
2026-02-09 11:02:58,575 1 INFO betopiaerp werkzeug: 127.0.0.1 - - [09/Feb/2026 11:02:58] "GET /web/login?redirect=/web? HTTP/1.1" 200 - 41 0.010 4.602
2026-02-09 11:02:58,579 1 INFO betopiaerp betopiaerp.addons.base.models.ir_attachment: filestore gc 0 checked, 0 removed 
2026-02-09 11:02:58,580 1 INFO betopiaerp betopiaerp.addons.base.tests.test_translate: Starting TestTranslationExport.test_export_translatable_resources ... 
2026-02-09 11:03:18,101 1 INFO betopiaerp betopiaerp.addons.base.models.ir_attachment: filestore gc 0 checked, 0 removed 
2026-02-09 11:03:18,102 1 INFO betopiaerp betopiaerp.addons.base.tests.test_translate: Starting TestLanguageInstallPerformance.test_language_install ... 
2026-02-09 11:03:18,109 1 INFO betopiaerp betopiaerp.addons.base.models.ir_module: module base: loading translation file /opt/betopiaerp/betopiaerp/addons/base/i18n/fr.po for language fr_BE 
2026-02-09 11:03:18,412 1 INFO betopiaerp betopiaerp.addons.base.models.ir_module: module base: loading translation file /opt/betopiaerp/betopiaerp/addons/base/i18n/fr_BE.po for language fr_BE 
2026-02-09 11:03:18,883 1 INFO betopiaerp betopiaerp.addons.base.models.ir_module: module web: loading translation file /opt/betopiaerp/addons/web/i18n/fr.po for language fr_BE 
2026-02-09 11:03:19,056 1 INFO betopiaerp betopiaerp.addons.base.models.ir_module: module api_doc: loading translation file /opt/betopiaerp/addons/api_doc/i18n/fr.po for language fr_BE 
2026-02-09 11:03:19,074 1 INFO betopiaerp betopiaerp.addons.base.models.ir_module: module base_setup: loading translation file /opt/betopiaerp/addons/base_setup/i18n/fr.po for language fr_BE 
2026-02-09 11:03:19,087 1 INFO betopiaerp betopiaerp.addons.base.models.ir_module: module base_setup: loading translation file /opt/betopiaerp/addons/base_setup/i18n/fr_BE.po for language fr_BE 
2026-02-09 11:03:19,104 1 INFO betopiaerp betopiaerp.addons.base.models.ir_module: module auth_passkey: loading translation file /opt/betopiaerp/addons/auth_passkey/i18n/fr.po for language fr_BE 
2026-02-09 11:03:19,127 1 INFO betopiaerp betopiaerp.addons.base.models.ir_module: module auth_totp: loading translation file /opt/betopiaerp/addons/auth_totp/i18n/fr.po for language fr_BE 
2026-02-09 11:03:19,153 1 INFO betopiaerp betopiaerp.addons.base.models.ir_module: module base_import: loading translation file /opt/betopiaerp/addons/base_import/i18n/fr.po for language fr_BE 
2026-02-09 11:03:19,169 1 INFO betopiaerp betopiaerp.addons.base.models.ir_module: module base_import_module: loading translation file /opt/betopiaerp/addons/base_import_module/i18n/fr.po for language fr_BE 
2026-02-09 11:03:19,178 1 INFO betopiaerp betopiaerp.addons.base.models.ir_module: module base_import_module: loading translation file /opt/betopiaerp/addons/base_import_module/i18n/fr_BE.po for language fr_BE 
2026-02-09 11:03:19,197 1 INFO betopiaerp betopiaerp.addons.base.models.ir_module: module bus: loading translation file /opt/betopiaerp/addons/bus/i18n/fr.po for language fr_BE 
2026-02-09 11:03:19,204 1 INFO betopiaerp betopiaerp.addons.base.models.ir_module: module bus: loading translation file /opt/betopiaerp/addons/bus/i18n/fr_BE.po for language fr_BE 
2026-02-09 11:03:19,214 1 INFO betopiaerp betopiaerp.addons.base.models.ir_module: module html_editor: loading translation file /opt/betopiaerp/addons/html_editor/i18n/fr.po for language fr_BE 
2026-02-09 11:03:19,236 1 INFO betopiaerp betopiaerp.addons.base.models.ir_module: module iap: loading translation file /opt/betopiaerp/addons/iap/i18n/fr.po for language fr_BE 
2026-02-09 11:03:19,259 1 INFO betopiaerp betopiaerp.addons.base.models.ir_module: module web_tour: loading translation file /opt/betopiaerp/addons/web_tour/i18n/fr.po for language fr_BE 
2026-02-09 11:03:19,275 1 INFO betopiaerp betopiaerp.addons.base.models.ir_module: module web_unsplash: loading translation file /opt/betopiaerp/addons/web_unsplash/i18n/fr.po for language fr_BE 
2026-02-09 11:03:19,504 1 INFO betopiaerp betopiaerp.tests.stats: installed language fr_BE in 1.401s 
2026-02-09 11:03:19,507 1 INFO betopiaerp betopiaerp.addons.base.models.ir_attachment: filestore gc 0 checked, 0 removed 
2026-02-09 11:03:19,532 1 INFO betopiaerp betopiaerp.addons.base.tests.test_views: Starting TestViews.test_attribute_node_with_no_name ... 
2026-02-09 11:03:19,542 1 INFO betopiaerp betopiaerp.addons.base.tests.test_views: Starting TestViews.test_attrs_groups_behavior ... 
2026-02-09 11:03:19,563 1 INFO betopiaerp betopiaerp.addons.base.tests.test_views: Starting TestViews.test_attrs_groups_validation ... 
2026-02-09 11:03:19,818 1 INFO betopiaerp betopiaerp.addons.base.tests.test_views: Starting TestViews.test_attrs_missing_field ... 
2026-02-09 11:03:19,885 1 INFO betopiaerp betopiaerp.addons.base.tests.test_views: Starting TestViews.test_button ... 
2026-02-09 11:03:19,922 1 INFO betopiaerp betopiaerp.addons.base.tests.test_views: Starting TestViews.test_check_primary_when_update_siblins_inherited_tree ... 
2026-02-09 11:03:19,960 1 INFO betopiaerp betopiaerp.addons.base.tests.test_views: Starting TestViews.test_check_xml_on_reenable ... 
2026-02-09 11:03:19,977 1 INFO betopiaerp betopiaerp.addons.base.tests.test_views: Starting TestViews.test_col_colspan_numerical ... 
2026-02-09 11:03:19,991 1 INFO betopiaerp betopiaerp.addons.base.tests.test_views: Starting TestViews.test_context_in_subsubview_with_parent ... 
2026-02-09 11:03:20,012 1 INFO betopiaerp betopiaerp.addons.base.tests.test_views: Starting TestViews.test_context_in_subview ... 
2026-02-09 11:03:20,031 1 INFO betopiaerp betopiaerp.addons.base.tests.test_views: Starting TestViews.test_context_in_subview_with_parent ... 
2026-02-09 11:03:20,049 1 INFO betopiaerp betopiaerp.addons.base.tests.test_views: Starting TestViews.test_context_in_view ... 
2026-02-09 11:03:20,061 1 INFO betopiaerp betopiaerp.addons.base.tests.test_views: Starting TestViews.test_custom_view_validation ... 
2026-02-09 11:03:20,074 1 INFO betopiaerp betopiaerp.addons.base.tests.test_views: Starting TestViews.test_domain_boolean_case ... 
2026-02-09 11:03:20,091 1 INFO betopiaerp betopiaerp.addons.base.tests.test_views: Starting TestViews.test_domain_field_no_comodel ... 
2026-02-09 11:03:20,099 1 INFO betopiaerp betopiaerp.addons.base.tests.test_views: Starting TestViews.test_domain_field_searchable ... 
2026-02-09 11:03:20,112 1 INFO betopiaerp betopiaerp.addons.base.tests.test_views: Starting TestViews.test_domain_id_case ... 
2026-02-09 11:03:20,118 1 INFO betopiaerp betopiaerp.addons.base.tests.test_views: Starting TestViews.test_domain_in_filter ... 
2026-02-09 11:03:20,135 1 INFO betopiaerp betopiaerp.addons.base.tests.test_views: Starting TestViews.test_domain_in_subview ... 
2026-02-09 11:03:20,151 1 INFO betopiaerp betopiaerp.addons.base.tests.test_views: Starting TestViews.test_domain_in_subview_with_parent ... 
2026-02-09 11:03:20,174 1 INFO betopiaerp betopiaerp.addons.base.tests.test_views: Starting TestViews.test_domain_in_view ... 
2026-02-09 11:03:20,185 1 INFO betopiaerp betopiaerp.addons.base.tests.test_views: Starting TestViews.test_domain_invalid_in_filter ... 
2026-02-09 11:03:20,194 1 INFO betopiaerp betopiaerp.addons.base.tests.test_views: Starting TestViews.test_domain_on_field_in_noneditable_subview ... 
2026-02-09 11:03:20,207 1 INFO betopiaerp betopiaerp.addons.base.tests.test_views: Starting TestViews.test_domain_on_field_in_subview ... 
2026-02-09 11:03:20,224 1 INFO betopiaerp betopiaerp.addons.base.tests.test_views: Starting TestViews.test_domain_on_field_in_subview_with_parent ... 
2026-02-09 11:03:20,248 1 INFO betopiaerp betopiaerp.addons.base.tests.test_views: Starting TestViews.test_domain_on_field_in_view ... 
2026-02-09 11:03:20,259 1 INFO betopiaerp betopiaerp.addons.base.tests.test_views: Starting TestViews.test_domain_on_readonly_field_in_subview ... 
2026-02-09 11:03:20,273 1 INFO betopiaerp betopiaerp.addons.base.tests.test_views: Starting TestViews.test_domain_on_readonly_field_in_view ... 
2026-02-09 11:03:20,281 1 INFO betopiaerp betopiaerp.addons.base.tests.test_views: Starting TestViews.test_domain_unknown_field ... 
2026-02-09 11:03:20,289 1 INFO betopiaerp betopiaerp.addons.base.tests.test_views: Starting TestViews.test_empty_groups_attrib ... 
2026-02-09 11:03:20,299 1 INFO betopiaerp betopiaerp.addons.base.tests.test_views: Starting TestViews.test_for_in_label ... 
2026-02-09 11:03:20,311 1 INFO betopiaerp betopiaerp.addons.base.tests.test_views: Starting TestViews.test_forbidden_data_tooltip_attributes_in_form ... 
2026-02-09 11:03:20,324 1 INFO betopiaerp betopiaerp.addons.base.tests.test_views: Starting TestViews.test_forbidden_data_tooltip_attributes_in_kanban ... 
2026-02-09 11:03:20,342 1 INFO betopiaerp betopiaerp.addons.base.tests.test_views: Starting TestViews.test_forbidden_owl_directives_in_form ... 
2026-02-09 11:03:20,355 1 INFO betopiaerp betopiaerp.addons.base.tests.test_views: Starting TestViews.test_forbidden_owl_directives_in_kanban ... 
2026-02-09 11:03:20,369 1 INFO betopiaerp betopiaerp.addons.base.tests.test_views: Starting TestViews.test_forbidden_use_of___comp___in_kanban ... 
2026-02-09 11:03:20,378 1 INFO betopiaerp betopiaerp.addons.base.tests.test_views: Starting TestViews.test_graph_attributes ... 
2026-02-09 11:03:20,392 1 INFO betopiaerp betopiaerp.addons.base.tests.test_views: Starting TestViews.test_graph_fields ... 
2026-02-09 11:03:20,405 1 INFO betopiaerp betopiaerp.addons.base.tests.test_views: Starting TestViews.test_group_by_in_filter ... 
2026-02-09 11:03:20,415 1 INFO betopiaerp betopiaerp.addons.base.tests.test_views: Starting TestViews.test_groups_field ... 
2026-02-09 11:03:20,425 1 INFO betopiaerp betopiaerp.addons.base.tests.test_views: Starting TestViews.test_invalid_field ... 
2026-02-09 11:03:20,436 1 INFO betopiaerp betopiaerp.addons.base.tests.test_views: Starting TestViews.test_invalid_subfield ... 
2026-02-09 11:03:20,445 1 INFO betopiaerp betopiaerp.addons.base.tests.test_views: Starting TestViews.test_invalid_type ... 
2026-02-09 11:03:20,448 1 INFO betopiaerp betopiaerp.addons.base.tests.test_views: Starting TestViews.test_invisible_groups_with_groups_in_model ... 
2026-02-09 11:03:20,462 1 INFO betopiaerp betopiaerp.addons.base.tests.test_views: Starting TestViews.test_nonexistent_attribute_removal ... 
2026-02-09 11:03:20,470 1 INFO betopiaerp betopiaerp.addons.base.tests.test_views: Starting TestViews.test_partial_validation ... 
2026-02-09 11:03:20,514 1 INFO betopiaerp betopiaerp.addons.base.tests.test_views: Starting TestViews.test_searchpanel ... 
2026-02-09 11:03:20,548 1 INFO betopiaerp betopiaerp.addons.base.tests.test_views: Starting TestViews.test_tree ... 
2026-02-09 11:03:20,564 1 INFO betopiaerp betopiaerp.addons.base.tests.test_views: Starting TestViews.test_tree_groupby ... 
2026-02-09 11:03:20,588 1 INFO betopiaerp betopiaerp.addons.base.tests.test_views: Starting TestViews.test_tree_groupby_many2one ... 
2026-02-09 11:03:20,622 1 INFO betopiaerp betopiaerp.addons.base.tests.test_views: Starting TestViews.test_valid_accessibility_icon_text ... 
2026-02-09 11:03:20,652 1 INFO betopiaerp betopiaerp.addons.base.tests.test_views: Starting TestViews.test_valid_alerts ... 
2026-02-09 11:03:20,666 1 INFO betopiaerp betopiaerp.addons.base.tests.test_views: Starting TestViews.test_valid_alternative_image_text ... 
2026-02-09 11:03:20,676 1 INFO betopiaerp betopiaerp.addons.base.tests.test_views: Starting TestViews.test_valid_dialog ... 
2026-02-09 11:03:20,696 1 INFO betopiaerp betopiaerp.addons.base.tests.test_views: Starting TestViews.test_valid_focusable_button ... 
2026-02-09 11:03:20,724 1 INFO betopiaerp betopiaerp.addons.base.tests.test_views: Starting TestViews.test_valid_prohibited_none_role ... 
2026-02-09 11:03:20,734 1 INFO betopiaerp betopiaerp.addons.base.tests.test_views: Starting TestViews.test_valid_simili_button ... 
2026-02-09 11:03:20,743 1 INFO betopiaerp betopiaerp.addons.base.tests.test_views: Starting TestViews.test_valid_simili_dropdown ... 
2026-02-09 11:03:20,752 1 INFO betopiaerp betopiaerp.addons.base.tests.test_views: Starting TestViews.test_valid_simili_progressbar ... 
2026-02-09 11:03:20,767 1 INFO betopiaerp betopiaerp.addons.base.tests.test_views: Starting TestViews.test_valid_simili_tab ... 
2026-02-09 11:03:20,779 1 INFO betopiaerp betopiaerp.addons.base.tests.test_views: Starting TestViews.test_valid_simili_tablist ... 
2026-02-09 11:03:20,787 1 INFO betopiaerp betopiaerp.addons.base.tests.test_views: Starting TestViews.test_valid_simili_tabpanel ... 
2026-02-09 11:03:20,795 1 INFO betopiaerp betopiaerp.addons.base.tests.test_views: Starting TestViews.test_view_inheritance ... 
2026-02-09 11:03:20,808 1 INFO betopiaerp betopiaerp.addons.base.tests.test_views: Starting TestViews.test_view_inheritance_divergent_models ... 
2026-02-09 11:03:20,823 1 INFO betopiaerp betopiaerp.addons.base.tests.test_views: Starting TestViews.test_view_inheritance_text_after ... 
2026-02-09 11:03:20,835 1 INFO betopiaerp betopiaerp.addons.base.tests.test_views: Starting TestViews.test_view_inheritance_text_before ... 
2026-02-09 11:03:20,845 1 INFO betopiaerp betopiaerp.addons.base.tests.test_views: Starting TestViews.test_view_inheritance_text_inside ... 
2026-02-09 11:03:20,857 1 INFO betopiaerp betopiaerp.addons.base.tests.test_views: Starting TestViews.test_view_ref ... 
2026-02-09 11:03:20,873 1 INFO betopiaerp betopiaerp.addons.base.tests.test_views: Starting TestViews.test_view_root_node_matches_view_type ... 
2026-02-09 11:03:20,884 1 INFO betopiaerp betopiaerp.addons.base.tests.test_views: Starting TestViews.test_xml_editor_rejects_encoding_declaration ... 
2026-02-09 11:03:20,900 1 INFO betopiaerp betopiaerp.addons.base.models.ir_attachment: filestore gc 2 checked, 2 removed 
2026-02-09 11:03:20,901 1 INFO betopiaerp betopiaerp.addons.base.tests.test_views: Starting TestDebugger.test_t_debug_in_qweb_based_views ... 
2026-02-09 11:03:20,904 1 INFO betopiaerp betopiaerp.addons.base.models.ir_attachment: filestore gc 0 checked, 0 removed 
2026-02-09 11:03:20,933 1 INFO betopiaerp betopiaerp.addons.base.tests.test_views: Starting TestInvisibleField.test_uncommented_invisible_field ... 
2026-02-09 11:03:20,944 1 INFO betopiaerp betopiaerp.addons.base.tests.test_views: Please indicate why the always invisible fields are present in the view, or remove the field tag.
Addons: 'base_setup'   Views: ['res_config_settings_view_form']
Addons: 'base_import_module'   Views: ['view_base_module_import']
Addons: 'web'   Views: ['view_base_document_layout']
Addons: 'auth_totp'   Views: ['view_totp_form', 'view_totp_field'] 
2026-02-09 11:03:20,947 1 INFO betopiaerp betopiaerp.addons.base.models.ir_attachment: filestore gc 1 checked, 1 removed 
2026-02-09 11:03:20,949 1 INFO betopiaerp betopiaerp.addons.rpc.tests.test_xmlrpc: Starting TestXMLRPC.test_01_xmlrpc_login ... 
2026-02-09 11:03:20,951 1 INFO betopiaerp betopiaerp.addons.base.models.ir_http: Generating routing map for key None 
2026-02-09 11:03:21,268 1 INFO None betopiaerp.addons.base.models.res_users: Login successful for login:admin from n/a 
2026-02-09 11:03:21,270 1 INFO None werkzeug: 127.0.0.1 - - [09/Feb/2026 11:03:21] "POST /xmlrpc/2/common HTTP/1.1" 200 - 10 0.003 0.315
2026-02-09 11:03:21,271 1 INFO betopiaerp betopiaerp.addons.rpc.tests.test_xmlrpc: Starting TestXMLRPC.test_jsonrpc_name_search ... 
2026-02-09 11:03:21,273 1 INFO betopiaerp betopiaerp.addons.base.models.ir_http: Generating routing map for key None 
2026-02-09 11:03:21,605 1 INFO betopiaerp werkzeug: 127.0.0.1 - - [09/Feb/2026 11:03:21] "POST /jsonrpc#res.partner.name_search HTTP/1.1" 200 - 23 0.006 0.326
2026-02-09 11:03:21,607 1 INFO betopiaerp betopiaerp.addons.rpc.tests.test_xmlrpc: Starting TestXMLRPC.test_jsonrpc_read_group ... 
2026-02-09 11:03:21,609 1 INFO betopiaerp betopiaerp.addons.base.models.ir_http: Generating routing map for key None 
2026-02-09 11:03:21,941 1 INFO betopiaerp werkzeug: 127.0.0.1 - - [09/Feb/2026 11:03:21] "POST /jsonrpc#res.partner.formatted_read_group HTTP/1.1" 200 - 22 0.006 0.327
2026-02-09 11:03:21,943 1 INFO betopiaerp betopiaerp.addons.rpc.tests.test_xmlrpc: Starting TestXMLRPC.test_xmlrpc_attachment_raw ... 
2026-02-09 11:03:21,948 1 INFO betopiaerp betopiaerp.addons.base.models.ir_http: Generating routing map for key None 
2026-02-09 11:03:22,268 1 INFO betopiaerp werkzeug: 127.0.0.1 - - [09/Feb/2026 11:03:22] "POST /xmlrpc/2/object#ir.attachment.read HTTP/1.1" 200 - 18 0.004 0.317
2026-02-09 11:03:22,269 1 INFO betopiaerp betopiaerp.addons.rpc.tests.test_xmlrpc: Starting TestXMLRPC.test_xmlrpc_datetime ... 
2026-02-09 11:03:22,273 1 INFO betopiaerp betopiaerp.addons.base.models.ir_http: Generating routing map for key None 
2026-02-09 11:03:22,599 1 INFO betopiaerp werkzeug: 127.0.0.1 - - [09/Feb/2026 11:03:22] "POST /xmlrpc/2/object#res.device.log.create HTTP/1.1" 200 - 22 0.006 0.321
2026-02-09 11:03:22,606 1 INFO betopiaerp werkzeug: 127.0.0.1 - - [09/Feb/2026 11:03:22] "POST /xmlrpc/2/object#res.device.log.read HTTP/1.1" 200 - 7 0.002 0.003
2026-02-09 11:03:22,607 1 INFO betopiaerp betopiaerp.addons.rpc.tests.test_xmlrpc: Starting TestXMLRPC.test_xmlrpc_defaultdict_marshalling ... 
2026-02-09 11:03:22,609 1 INFO betopiaerp betopiaerp.addons.base.models.ir_http: Generating routing map for key None 
2026-02-09 11:03:22,948 1 INFO betopiaerp werkzeug: 127.0.0.1 - - [09/Feb/2026 11:03:22] "POST /xmlrpc/2/object#res.users.context_get HTTP/1.1" 200 - 7 0.001 0.338
2026-02-09 11:03:22,949 1 INFO betopiaerp betopiaerp.addons.rpc.tests.test_xmlrpc: Starting TestXMLRPC.test_xmlrpc_frozendict_marshalling ... 
2026-02-09 11:03:22,958 1 INFO betopiaerp betopiaerp.addons.base.models.ir_http: Generating routing map for key None 
2026-02-09 11:03:23,278 1 INFO betopiaerp werkzeug: 127.0.0.1 - - [09/Feb/2026 11:03:23] "POST /xmlrpc/2/object#res.users.context_get HTTP/1.1" 200 - 9 0.002 0.318
2026-02-09 11:03:23,280 1 INFO betopiaerp betopiaerp.addons.rpc.tests.test_xmlrpc: Starting TestXMLRPC.test_xmlrpc_html_field ... 
2026-02-09 11:03:23,306 1 INFO betopiaerp betopiaerp.addons.base.models.ir_http: Generating routing map for key None 
2026-02-09 11:03:23,633 1 INFO betopiaerp werkzeug: 127.0.0.1 - - [09/Feb/2026 11:03:23] "POST /xmlrpc/2/object#res.users.read HTTP/1.1" 200 - 19 0.006 0.321
2026-02-09 11:03:23,634 1 INFO betopiaerp betopiaerp.addons.rpc.tests.test_xmlrpc: Starting TestXMLRPC.test_xmlrpc_ir_model_search ... 
2026-02-09 11:03:23,636 1 INFO betopiaerp betopiaerp.addons.base.models.ir_http: Generating routing map for key None 
2026-02-09 11:03:23,953 1 INFO betopiaerp werkzeug: 127.0.0.1 - - [09/Feb/2026 11:03:23] "POST /xmlrpc/2/object#ir.model.search HTTP/1.1" 200 - 17 0.004 0.313
2026-02-09 11:03:23,956 1 INFO betopiaerp werkzeug: 127.0.0.1 - - [09/Feb/2026 11:03:23] "POST /xmlrpc/2/object#ir.model.search HTTP/1.1" 200 - 1 0.000 0.001
2026-02-09 11:03:23,958 1 INFO betopiaerp betopiaerp.addons.rpc.tests.test_xmlrpc: Starting TestXMLRPC.test_xmlrpc_name_search ... 
2026-02-09 11:03:23,960 1 INFO betopiaerp betopiaerp.addons.base.models.ir_http: Generating routing map for key None 
2026-02-09 11:03:24,281 1 INFO betopiaerp werkzeug: 127.0.0.1 - - [09/Feb/2026 11:03:24] "POST /xmlrpc/2/object#res.partner.name_search HTTP/1.1" 200 - 23 0.005 0.316
2026-02-09 11:03:24,282 1 INFO betopiaerp betopiaerp.addons.rpc.tests.test_xmlrpc: Starting TestXMLRPC.test_xmlrpc_read_group ... 
2026-02-09 11:03:24,284 1 INFO betopiaerp betopiaerp.addons.base.models.ir_http: Generating routing map for key None 
2026-02-09 11:03:24,630 1 INFO betopiaerp werkzeug: 127.0.0.1 - - [09/Feb/2026 11:03:24] "POST /xmlrpc/2/object#res.partner.formatted_read_group HTTP/1.1" 200 - 22 0.004 0.342
2026-02-09 11:03:24,632 1 INFO betopiaerp betopiaerp.addons.rpc.tests.test_xmlrpc: Starting TestXMLRPC.test_xmlrpc_remove_control_characters ... 
2026-02-09 11:03:24,655 1 INFO betopiaerp betopiaerp.addons.base.models.ir_http: Generating routing map for key None 
2026-02-09 11:03:24,995 1 INFO betopiaerp werkzeug: 127.0.0.1 - - [09/Feb/2026 11:03:24] "POST /xmlrpc/2/object#res.users.read HTTP/1.1" 200 - 20 0.006 0.334
2026-02-09 11:03:24,999 1 INFO betopiaerp betopiaerp.addons.base.models.ir_attachment: filestore gc 3 checked, 3 removed 
2026-02-09 11:03:25,023 1 INFO betopiaerp betopiaerp.addons.rpc.tests.test_xmlrpc: Starting TestAPIKeys.test_delete ... 
2026-02-09 11:03:25,037 1 INFO betopiaerp betopiaerp.addons.base.models.res_users: Users API Keys generated: scope: <None> for 'byl' (#1064) from localhost 
2026-02-09 11:03:25,040 1 INFO betopiaerp betopiaerp.models.unlink: User #1064 deleted res.users.apikeys.description records with IDs: [31] 
2026-02-09 11:03:25,052 1 INFO betopiaerp betopiaerp.addons.base.models.res_users: Users API Keys generated: scope: <None> for 'byl' (#1064) from localhost 
2026-02-09 11:03:25,056 1 INFO betopiaerp betopiaerp.models.unlink: User #1064 deleted res.users.apikeys.description records with IDs: [32] 
2026-02-09 11:03:25,064 1 INFO betopiaerp betopiaerp.addons.base.models.res_users: Users API Keys generated: scope: <None> for 'byl' (#1064) from localhost 
2026-02-09 11:03:25,067 1 INFO betopiaerp betopiaerp.models.unlink: User #1064 deleted res.users.apikeys.description records with IDs: [33] 
2026-02-09 11:03:25,073 1 INFO betopiaerp betopiaerp.addons.base.models.res_users: API key(s) removed: scope: <[False]> for 'byl' (#1064) from localhost 
2026-02-09 11:03:25,075 1 INFO betopiaerp betopiaerp.models.unlink: User #1064 deleted res.users.apikeys records with IDs: [29] 
2026-02-09 11:03:25,081 1 INFO betopiaerp betopiaerp.addons.base.models.res_users: API key(s) removed: scope: <[False]> for 'admin' (#2) from localhost 
2026-02-09 11:03:25,083 1 INFO betopiaerp betopiaerp.models.unlink: User #2 deleted res.users.apikeys records with IDs: [30] 
2026-02-09 11:03:25,104 1 INFO betopiaerp betopiaerp.addons.base.models.ir_rule: Access Denied by record rules for operation: read on record ids: [31], uid: 1065, model: res.users.apikeys 
2026-02-09 11:03:25,109 1 INFO betopiaerp betopiaerp.addons.base.models.ir_rule: Access Denied by record rules for operation: read on record ids: [31], uid: 1065, model: res.users.apikeys 
2026-02-09 11:03:25,113 1 INFO betopiaerp betopiaerp.addons.rpc.tests.test_xmlrpc: Starting TestAPIKeys.test_disabled ... 
2026-02-09 11:03:25,131 1 INFO betopiaerp betopiaerp.addons.base.models.res_users: Users API Keys generated: scope: <None> for 'byl' (#1064) from localhost 
2026-02-09 11:03:25,134 1 INFO betopiaerp betopiaerp.models.unlink: User #1064 deleted res.users.apikeys.description records with IDs: [34] 
2026-02-09 11:03:25,145 1 INFO betopiaerp betopiaerp.addons.rpc.tests.test_xmlrpc: Starting TestAPIKeys.test_key ... 
2026-02-09 11:03:25,160 1 INFO betopiaerp betopiaerp.addons.base.models.res_users: Users API Keys generated: scope: <None> for 'byl' (#1064) from localhost 
2026-02-09 11:03:25,163 1 INFO betopiaerp betopiaerp.models.unlink: User #1064 deleted res.users.apikeys.description records with IDs: [35] 
2026-02-09 11:03:25,171 1 INFO betopiaerp betopiaerp.addons.base.models.res_users: Login successful for login:byl from localhost 
2026-02-09 11:03:25,179 1 INFO betopiaerp betopiaerp.addons.base.models.res_users: Login successful for login:byl from localhost 
2026-02-09 11:03:25,186 1 INFO betopiaerp betopiaerp.tests.common: Simulating signal changes during tests 
2026-02-09 11:03:25,189 1 INFO betopiaerp betopiaerp.addons.rpc.tests.test_xmlrpc: Starting TestAPIKeys.test_trivial ... 
2026-02-09 11:03:25,194 1 INFO betopiaerp betopiaerp.addons.base.models.res_users: Login successful for login:byl from localhost 
2026-02-09 11:03:25,202 1 INFO betopiaerp betopiaerp.tests.common: Simulating signal changes during tests 
2026-02-09 11:03:25,204 1 INFO betopiaerp betopiaerp.addons.rpc.tests.test_xmlrpc: Starting TestAPIKeys.test_wrongpw ... 
2026-02-09 11:03:25,206 1 INFO betopiaerp betopiaerp.addons.base.models.res_users: Login failed for login:byl from localhost 
2026-02-09 11:03:25,213 1 INFO betopiaerp betopiaerp.addons.base.models.ir_attachment: filestore gc 2 checked, 2 removed 
2026-02-09 11:03:25,248 1 INFO betopiaerp betopiaerp.addons.web.tests.test_action: Starting TestLoadBreadcrumbs.test_breadcrumbs_action_with_res_model ... 
2026-02-09 11:03:25,253 1 INFO betopiaerp betopiaerp.addons.base.models.res_users: Login successful for login:admin from n/a 
2026-02-09 11:03:25,259 1 INFO betopiaerp betopiaerp.addons.base.models.ir_http: Generating routing map for key None 
2026-02-09 11:03:25,272 1 INFO betopiaerp werkzeug: 127.0.0.1 - - [09/Feb/2026 11:03:25] "POST /web/action/load_breadcrumbs HTTP/1.1" 200 - 7 0.001 0.012
2026-02-09 11:03:25,290 1 INFO betopiaerp werkzeug: 127.0.0.1 - - [09/Feb/2026 11:03:25] "POST /web/action/load_breadcrumbs HTTP/1.1" 200 - 17 0.005 0.010
2026-02-09 11:03:25,292 1 INFO betopiaerp betopiaerp.addons.web.tests.test_action: Starting TestLoadBreadcrumbs.test_breadcrumbs_client_action ... 
2026-02-09 11:03:25,294 1 INFO betopiaerp betopiaerp.addons.base.models.res_users: Login successful for login:admin from n/a 
2026-02-09 11:03:25,299 1 INFO betopiaerp betopiaerp.addons.base.models.ir_http: Generating routing map for key None 
2026-02-09 11:03:25,362 1 INFO betopiaerp werkzeug: 127.0.0.1 - - [09/Feb/2026 11:03:25] "POST /web/action/load_breadcrumbs HTTP/1.1" 200 - 7 0.001 0.062
2026-02-09 11:03:25,363 1 INFO betopiaerp betopiaerp.addons.web.tests.test_action: Starting TestLoadBreadcrumbs.test_breadcrumbs_client_action_multirecord ... 
2026-02-09 11:03:25,366 1 INFO betopiaerp betopiaerp.addons.base.models.res_users: Login successful for login:admin from n/a 
2026-02-09 11:03:25,371 1 INFO betopiaerp betopiaerp.addons.base.models.ir_http: Generating routing map for key None 
2026-02-09 11:03:25,394 1 INFO betopiaerp werkzeug: 127.0.0.1 - - [09/Feb/2026 11:03:25] "POST /web/action/load_breadcrumbs HTTP/1.1" 200 - 25 0.006 0.018
2026-02-09 11:03:25,396 1 INFO betopiaerp betopiaerp.addons.web.tests.test_action: Starting TestLoadBreadcrumbs.test_breadcrumbs_empty_action ... 
2026-02-09 11:03:25,399 1 INFO betopiaerp betopiaerp.addons.base.models.res_users: Login successful for login:admin from n/a 
2026-02-09 11:03:25,404 1 INFO betopiaerp betopiaerp.addons.base.models.ir_http: Generating routing map for key None 
2026-02-09 11:03:25,412 1 INFO betopiaerp werkzeug: 127.0.0.1 - - [09/Feb/2026 11:03:25] "POST /web/action/load_breadcrumbs HTTP/1.1" 200 - 2 0.000 0.009
2026-02-09 11:03:25,414 1 INFO betopiaerp betopiaerp.addons.web.tests.test_action: Starting TestLoadBreadcrumbs.test_breadcrumbs_get_model ... 
2026-02-09 11:03:25,417 1 INFO betopiaerp betopiaerp.addons.base.models.res_users: Login successful for login:admin from n/a 
2026-02-09 11:03:25,421 1 INFO betopiaerp betopiaerp.addons.base.models.ir_http: Generating routing map for key None 
2026-02-09 11:03:25,435 1 INFO betopiaerp werkzeug: 127.0.0.1 - - [09/Feb/2026 11:03:25] "POST /web/action/load_breadcrumbs HTTP/1.1" 200 - 2 0.001 0.014
2026-02-09 11:03:25,453 1 INFO betopiaerp werkzeug: 127.0.0.1 - - [09/Feb/2026 11:03:25] "POST /web/action/load_breadcrumbs HTTP/1.1" 200 - 19 0.006 0.010
2026-02-09 11:03:25,456 1 INFO betopiaerp betopiaerp.addons.web.tests.test_action: Starting TestLoadBreadcrumbs.test_breadcrumbs_no_action_nor_model ... 
2026-02-09 11:03:25,458 1 INFO betopiaerp betopiaerp.addons.base.models.res_users: Login successful for login:admin from n/a 
2026-02-09 11:03:25,463 1 INFO betopiaerp betopiaerp.addons.base.models.ir_http: Generating routing map for key None 
2026-02-09 11:03:25,475 1 INFO betopiaerp werkzeug: 127.0.0.1 - - [09/Feb/2026 11:03:25] "POST /web/action/load_breadcrumbs HTTP/1.1" 200 - 2 0.000 0.012
2026-02-09 11:03:25,476 1 INFO betopiaerp betopiaerp.addons.web.tests.test_action: Starting TestLoadBreadcrumbs.test_breadcrumbs_server_action_path ... 
2026-02-09 11:03:25,479 1 INFO betopiaerp betopiaerp.addons.base.models.res_users: Login successful for login:admin from n/a 
2026-02-09 11:03:25,484 1 INFO betopiaerp betopiaerp.addons.base.models.ir_http: Generating routing map for key None 
2026-02-09 11:03:25,505 1 INFO betopiaerp werkzeug: 127.0.0.1 - - [09/Feb/2026 11:03:25] "POST /web/action/load_breadcrumbs HTTP/1.1" 200 - 31 0.006 0.016
2026-02-09 11:03:25,507 1 INFO betopiaerp betopiaerp.addons.web.tests.test_action: Starting TestLoadBreadcrumbs.test_breadcrumbs_server_action_without_res_model ... 
2026-02-09 11:03:25,509 1 INFO betopiaerp betopiaerp.addons.base.models.res_users: Login successful for login:admin from n/a 
2026-02-09 11:03:25,514 1 INFO betopiaerp betopiaerp.addons.base.models.ir_http: Generating routing map for key None 
2026-02-09 11:03:25,536 1 INFO betopiaerp werkzeug: 127.0.0.1 - - [09/Feb/2026 11:03:25] "POST /web/action/load_breadcrumbs HTTP/1.1" 200 - 31 0.006 0.017
2026-02-09 11:03:25,538 1 INFO betopiaerp betopiaerp.addons.web.tests.test_action: Starting TestLoadBreadcrumbs.test_breadcrumbs_window_action ... 
2026-02-09 11:03:25,542 1 INFO betopiaerp betopiaerp.addons.base.models.res_users: Login successful for login:admin from n/a 
2026-02-09 11:03:25,549 1 INFO betopiaerp betopiaerp.addons.base.models.ir_http: Generating routing map for key None 
2026-02-09 11:03:25,566 1 INFO betopiaerp werkzeug: 127.0.0.1 - - [09/Feb/2026 11:03:25] "POST /web/action/load_breadcrumbs HTTP/1.1" 200 - 18 0.004 0.014
2026-02-09 11:03:25,569 1 INFO betopiaerp betopiaerp.addons.base.models.ir_attachment: filestore gc 0 checked, 0 removed 
2026-02-09 11:03:25,570 1 INFO betopiaerp betopiaerp.addons.web.tests.test_assets: Starting TestLogsAssetsGenerateTime.test_logs_assets_check_time ... 
2026-02-09 11:03:26,563 1 INFO betopiaerp betopiaerp.addons.web.tests.test_assets: Bundle 'web._assets_core.css' checked in 0.99s 
2026-02-09 11:03:27,507 1 INFO betopiaerp betopiaerp.addons.web.tests.test_assets: Bundle 'web._assets_core.js' checked in 0.94s 
2026-02-09 11:03:34,372 1 INFO betopiaerp betopiaerp.addons.web.tests.test_assets: Bundle 'web.assets_unit_tests_setup.css' checked in 6.86s 
2026-02-09 11:03:34,375 1 INFO betopiaerp betopiaerp.addons.web.tests.test_assets: Bundle 'web.assets_unit_tests_setup.js' checked in 0.00s 
2026-02-09 11:03:34,407 1 INFO betopiaerp betopiaerp.addons.web.tests.test_assets: Bundle 'web.assets_frontend_minimal.css' checked in 0.03s 
2026-02-09 11:03:34,407 1 INFO betopiaerp betopiaerp.addons.web.tests.test_assets: Bundle 'web.assets_frontend_minimal.js' checked in 0.00s 
2026-02-09 11:03:34,422 1 INFO betopiaerp betopiaerp.addons.web.tests.test_assets: Bundle 'html_editor.assets_history_diff.css' checked in 0.01s 
2026-02-09 11:03:34,429 1 INFO betopiaerp betopiaerp.addons.web.tests.test_assets: Bundle 'html_editor.assets_history_diff.js' checked in 0.01s 
2026-02-09 11:03:34,434 1 INFO betopiaerp betopiaerp.addons.web.tests.test_assets: Bundle 'web.assets_emoji.css' checked in 0.00s 
2026-02-09 11:03:34,563 1 INFO betopiaerp betopiaerp.addons.web.tests.test_assets: Bundle 'web.assets_emoji.js' checked in 0.13s 
2026-02-09 11:03:34,570 1 INFO betopiaerp betopiaerp.addons.web.tests.test_assets: Bundle 'web.assets_unit_tests_setup_ui.css' checked in 0.01s 
2026-02-09 11:03:34,591 1 INFO betopiaerp betopiaerp.addons.web.tests.test_assets: Bundle 'web.assets_unit_tests_setup_ui.js' checked in 0.02s 
2026-02-09 11:03:34,621 1 INFO betopiaerp betopiaerp.addons.web.tests.test_assets: Bundle 'web_tour.automatic.css' checked in 0.03s 
2026-02-09 11:03:34,694 1 INFO betopiaerp betopiaerp.addons.web.tests.test_assets: Bundle 'web_tour.automatic.js' checked in 0.07s 
2026-02-09 11:03:35,784 1 INFO betopiaerp betopiaerp.addons.web.tests.test_assets: Bundle 'web._assets_bootstrap_frontend.css' checked in 1.09s 
2026-02-09 11:03:35,784 1 INFO betopiaerp betopiaerp.addons.web.tests.test_assets: Bundle 'web._assets_bootstrap_frontend.js' checked in 0.00s 
2026-02-09 11:03:36,881 1 INFO betopiaerp betopiaerp.addons.web.tests.test_assets: Bundle 'web._assets_bootstrap.css' checked in 1.10s 
2026-02-09 11:03:36,881 1 INFO betopiaerp betopiaerp.addons.web.tests.test_assets: Bundle 'web._assets_bootstrap.js' checked in 0.00s 
2026-02-09 11:03:37,907 1 INFO betopiaerp betopiaerp.addons.web.tests.test_assets: Bundle 'api_doc.assets.css' checked in 1.03s 
2026-02-09 11:03:37,909 1 INFO betopiaerp betopiaerp.addons.web.tests.test_assets: Bundle 'api_doc.assets.js' checked in 0.00s 
2026-02-09 11:03:39,236 1 INFO betopiaerp betopiaerp.addons.web.tests.test_assets: Bundle 'web.assets_unit_tests.css' checked in 1.33s 
2026-02-09 11:03:39,238 1 INFO betopiaerp betopiaerp.addons.web.tests.test_assets: Bundle 'web.assets_unit_tests.js' checked in 0.00s 
2026-02-09 11:03:39,279 1 INFO betopiaerp betopiaerp.addons.web.tests.test_assets: Bundle 'web_tour.recorder.css' checked in 0.04s 
2026-02-09 11:03:39,350 1 INFO betopiaerp betopiaerp.addons.web.tests.test_assets: Bundle 'web_tour.recorder.js' checked in 0.07s 
2026-02-09 11:03:40,951 1 INFO betopiaerp betopiaerp.addons.web.tests.test_assets: Bundle 'web.assets_backend_lazy.css' checked in 1.60s 
2026-02-09 11:03:41,024 1 INFO betopiaerp betopiaerp.addons.web.tests.test_assets: Bundle 'web.assets_backend_lazy.js' checked in 0.07s 
2026-02-09 11:03:41,108 1 INFO betopiaerp betopiaerp.addons.web.tests.test_assets: Bundle 'web.assets_tests.css' checked in 0.08s 
2026-02-09 11:03:41,108 1 INFO betopiaerp betopiaerp.addons.web.tests.test_assets: Bundle 'web.assets_tests.js' checked in 0.00s 
2026-02-09 11:03:41,126 1 INFO betopiaerp betopiaerp.addons.web.tests.test_assets: Bundle 'web_tour.common.css' checked in 0.02s 
2026-02-09 11:03:41,180 1 INFO betopiaerp betopiaerp.addons.web.tests.test_assets: Bundle 'web_tour.common.js' checked in 0.05s 
2026-02-09 11:03:42,769 1 INFO betopiaerp betopiaerp.addons.web.tests.test_assets: Bundle 'web.assets_backend_lazy_dark.css' checked in 1.59s 
2026-02-09 11:03:42,837 1 INFO betopiaerp betopiaerp.addons.web.tests.test_assets: Bundle 'web.assets_backend_lazy_dark.js' checked in 0.07s 
2026-02-09 11:03:43,801 1 INFO betopiaerp betopiaerp.addons.web.tests.test_assets: Bundle 'web._assets_primary_variables.css' checked in 0.96s 
2026-02-09 11:03:43,801 1 INFO betopiaerp betopiaerp.addons.web.tests.test_assets: Bundle 'web._assets_primary_variables.js' checked in 0.00s 
2026-02-09 11:03:43,919 1 INFO betopiaerp betopiaerp.addons.web.tests.test_assets: Bundle 'web.qunit_suite_tests.css' checked in 0.12s 
2026-02-09 11:03:43,920 1 INFO betopiaerp betopiaerp.addons.web.tests.test_assets: Bundle 'web.qunit_suite_tests.js' checked in 0.00s 
2026-02-09 11:03:44,109 1 INFO betopiaerp betopiaerp.addons.web.tests.test_assets: Bundle 'html_editor.assets_readonly.css' checked in 0.19s 
2026-02-09 11:03:44,272 1 INFO betopiaerp betopiaerp.addons.web.tests.test_assets: Bundle 'html_editor.assets_readonly.js' checked in 0.16s 
2026-02-09 11:03:44,278 1 INFO betopiaerp betopiaerp.addons.web.tests.test_assets: Bundle 'web.report_assets_pdf.css' checked in 0.01s 
2026-02-09 11:03:44,278 1 INFO betopiaerp betopiaerp.addons.web.tests.test_assets: Bundle 'web.report_assets_pdf.js' checked in 0.00s 
2026-02-09 11:03:44,291 1 INFO betopiaerp betopiaerp.addons.web.tests.test_assets: Bundle 'bus.websocket_worker_assets.css' checked in 0.01s 
2026-02-09 11:03:44,315 1 INFO betopiaerp betopiaerp.addons.web.tests.test_assets: Bundle 'bus.websocket_worker_assets.js' checked in 0.02s 
2026-02-09 11:03:50,998 1 INFO betopiaerp betopiaerp.addons.web.tests.test_assets: Bundle 'web.tests_assets.css' checked in 6.68s 
2026-02-09 11:03:51,001 1 INFO betopiaerp betopiaerp.addons.web.tests.test_assets: Bundle 'web.tests_assets.js' checked in 0.00s 
2026-02-09 11:03:52,432 1 INFO betopiaerp betopiaerp.addons.web.tests.test_assets: Bundle 'web._assets_helpers.css' checked in 1.43s 
2026-02-09 11:03:52,432 1 INFO betopiaerp betopiaerp.addons.web.tests.test_assets: Bundle 'web._assets_helpers.js' checked in 0.00s 
2026-02-09 11:03:52,438 1 INFO betopiaerp betopiaerp.addons.web.tests.test_assets: Bundle 'web.chartjs_lib.css' checked in 0.01s 
2026-02-09 11:03:52,513 1 INFO betopiaerp betopiaerp.addons.web.tests.test_assets: Bundle 'web.chartjs_lib.js' checked in 0.07s 
2026-02-09 11:03:54,741 1 INFO betopiaerp betopiaerp.addons.web.tests.test_assets: Bundle 'web.assets_frontend_lazy.css' checked in 2.23s 
2026-02-09 11:03:54,744 1 INFO betopiaerp betopiaerp.addons.web.tests.test_assets: Bundle 'web.assets_frontend_lazy.js' checked in 0.00s 
2026-02-09 11:04:01,229 1 INFO betopiaerp betopiaerp.addons.web.tests.test_assets: Bundle 'web.assets_web_print.css' checked in 6.48s 
2026-02-09 11:04:04,871 1 INFO betopiaerp betopiaerp.addons.web.tests.test_assets: Bundle 'web.assets_web_print.js' checked in 3.64s 
2026-02-09 11:04:06,194 1 INFO betopiaerp betopiaerp.addons.web.tests.test_assets: Bundle 'html_editor.assets_editor.css' checked in 1.32s 
2026-02-09 11:04:07,160 1 INFO betopiaerp betopiaerp.addons.web.tests.test_assets: Bundle 'html_editor.assets_editor.js' checked in 0.96s 
2026-02-09 11:04:07,255 1 INFO betopiaerp betopiaerp.addons.web.tests.test_assets: Bundle 'html_editor.assets_media_dialog.css' checked in 0.09s 
2026-02-09 11:04:07,340 1 INFO betopiaerp betopiaerp.addons.web.tests.test_assets: Bundle 'html_editor.assets_media_dialog.js' checked in 0.08s 
2026-02-09 11:04:07,355 1 INFO betopiaerp betopiaerp.addons.web.tests.test_assets: Bundle 'html_editor.assets_prism_dark.css' checked in 0.01s 
2026-02-09 11:04:07,365 1 INFO betopiaerp betopiaerp.addons.web.tests.test_assets: Bundle 'html_editor.assets_prism_dark.js' checked in 0.01s 
2026-02-09 11:04:12,970 1 INFO betopiaerp betopiaerp.addons.web.tests.test_assets: Bundle 'web.assets_web.css' checked in 5.60s 
2026-02-09 11:04:12,972 1 INFO betopiaerp betopiaerp.addons.web.tests.test_assets: Bundle 'web.assets_web.js' checked in 0.00s 
2026-02-09 11:04:12,997 1 INFO betopiaerp betopiaerp.addons.web.tests.test_assets: Bundle 'web_tour.interactive.css' checked in 0.02s 
2026-02-09 11:04:13,056 1 INFO betopiaerp betopiaerp.addons.web.tests.test_assets: Bundle 'web_tour.interactive.js' checked in 0.06s 
2026-02-09 11:04:13,079 1 INFO betopiaerp betopiaerp.addons.web.tests.test_assets: Bundle 'web._assets_secondary_variables.css' checked in 0.02s 
2026-02-09 11:04:13,080 1 INFO betopiaerp betopiaerp.addons.web.tests.test_assets: Bundle 'web._assets_secondary_variables.js' checked in 0.00s 
2026-02-09 11:04:13,093 1 INFO betopiaerp betopiaerp.addons.web.tests.test_assets: Bundle 'html_editor.assets_prism.css' checked in 0.01s 
2026-02-09 11:04:13,104 1 INFO betopiaerp betopiaerp.addons.web.tests.test_assets: Bundle 'html_editor.assets_prism.js' checked in 0.01s 
2026-02-09 11:04:13,131 1 INFO betopiaerp betopiaerp.addons.web.tests.test_assets: Bundle 'web.ace_lib.css' checked in 0.03s 
2026-02-09 11:04:13,259 1 INFO betopiaerp betopiaerp.addons.web.tests.test_assets: Bundle 'web.ace_lib.js' checked in 0.13s 
2026-02-09 11:04:13,298 1 INFO betopiaerp betopiaerp.addons.web.tests.test_assets: Bundle 'web._assets_backend_helpers.css' checked in 0.04s 
2026-02-09 11:04:13,298 1 INFO betopiaerp betopiaerp.addons.web.tests.test_assets: Bundle 'web._assets_backend_helpers.js' checked in 0.00s 
2026-02-09 11:04:13,306 1 INFO betopiaerp betopiaerp.addons.web.tests.test_assets: Bundle 'web._assets_jquery.css' checked in 0.01s 
2026-02-09 11:04:13,352 1 INFO betopiaerp betopiaerp.addons.web.tests.test_assets: Bundle 'web._assets_jquery.js' checked in 0.05s 
2026-02-09 11:04:13,356 1 INFO betopiaerp betopiaerp.addons.web.tests.test_assets: Bundle 'web.assets_clickbot.css' checked in 0.00s 
2026-02-09 11:04:13,364 1 INFO betopiaerp betopiaerp.addons.web.tests.test_assets: Bundle 'web.assets_clickbot.js' checked in 0.01s 
2026-02-09 11:04:13,378 1 INFO betopiaerp betopiaerp.addons.web.tests.test_assets: Bundle 'html_editor.assets_image_cropper.css' checked in 0.01s 
2026-02-09 11:04:13,397 1 INFO betopiaerp betopiaerp.addons.web.tests.test_assets: Bundle 'html_editor.assets_image_cropper.js' checked in 0.02s 
2026-02-09 11:04:13,481 1 INFO betopiaerp betopiaerp.addons.web.tests.test_assets: Bundle 'web.__assets_tests_call__.css' checked in 0.08s 
2026-02-09 11:04:13,482 1 INFO betopiaerp betopiaerp.addons.web.tests.test_assets: Bundle 'web.__assets_tests_call__.js' checked in 0.00s 
2026-02-09 11:04:21,974 1 INFO betopiaerp betopiaerp.addons.web.tests.test_assets: Bundle 'web.assets_backend.css' checked in 8.49s 
2026-02-09 11:04:25,643 1 INFO betopiaerp betopiaerp.addons.web.tests.test_assets: Bundle 'web.assets_backend.js' checked in 3.67s 
2026-02-09 11:04:27,638 1 INFO betopiaerp betopiaerp.addons.web.tests.test_assets: Bundle 'web.report_assets_common.css' checked in 1.99s 
2026-02-09 11:04:27,639 1 INFO betopiaerp betopiaerp.addons.web.tests.test_assets: Bundle 'web.report_assets_common.js' checked in 0.00s 
2026-02-09 11:04:27,664 1 INFO betopiaerp betopiaerp.addons.web.tests.test_assets: Bundle 'web._assets_frontend_helpers.css' checked in 0.02s 
2026-02-09 11:04:27,664 1 INFO betopiaerp betopiaerp.addons.web.tests.test_assets: Bundle 'web._assets_frontend_helpers.js' checked in 0.00s 
2026-02-09 11:04:27,686 1 INFO betopiaerp betopiaerp.addons.web.tests.test_assets: Bundle 'web.fullcalendar_lib.css' checked in 0.02s 
2026-02-09 11:04:27,780 1 INFO betopiaerp betopiaerp.addons.web.tests.test_assets: Bundle 'web.fullcalendar_lib.js' checked in 0.09s 
2026-02-09 11:04:30,014 1 INFO betopiaerp betopiaerp.addons.web.tests.test_assets: Bundle 'web.assets_frontend.css' checked in 2.23s 
2026-02-09 11:04:31,501 1 INFO betopiaerp betopiaerp.addons.web.tests.test_assets: Bundle 'web.assets_frontend.js' checked in 1.49s 
2026-02-09 11:04:38,164 1 INFO betopiaerp betopiaerp.addons.web.tests.test_assets: Bundle 'web.assets_web_dark.css' checked in 6.66s 
2026-02-09 11:04:41,872 1 INFO betopiaerp betopiaerp.addons.web.tests.test_assets: Bundle 'web.assets_web_dark.js' checked in 3.71s 
2026-02-09 11:04:42,953 1 INFO betopiaerp betopiaerp.addons.web.tests.test_assets: Bundle 'web._assets_bootstrap_backend.css' checked in 1.08s 
2026-02-09 11:04:42,953 1 INFO betopiaerp betopiaerp.addons.web.tests.test_assets: Bundle 'web._assets_bootstrap_backend.js' checked in 0.00s 
2026-02-09 11:04:42,953 1 INFO betopiaerp betopiaerp.addons.web.tests.test_assets: All bundle checked in 77.38s 
2026-02-09 11:04:42,955 1 INFO betopiaerp betopiaerp.addons.web.tests.test_assets: Starting TestLogsAssetsGenerateTime.test_logs_assets_generate_time ... 
2026-02-09 11:04:42,961 1 INFO betopiaerp betopiaerp.models.unlink: User #1 deleted ir.attachment records with IDs: [5247, 708, 707, 705, 704, 703, 702, 701, 700, 699, 698, 697, 696, 695, 694, 693, 692, 691, 690, 689, 688, 687, 686, 685, 684, 683, 15] 
2026-02-09 11:06:40,214 1 INFO betopiaerp betopiaerp.addons.web.tests.test_assets: Bundle 'web._assets_core.css' generated in 0.94s 
2026-02-09 11:06:40,215 1 INFO betopiaerp betopiaerp.addons.web.tests.test_assets: Bundle 'web._assets_core.js' generated in 0.97s 
2026-02-09 11:06:40,215 1 INFO betopiaerp betopiaerp.addons.web.tests.test_assets: Bundle 'web.assets_unit_tests_setup.css' generated in 9.62s 
2026-02-09 11:06:40,215 1 INFO betopiaerp betopiaerp.addons.web.tests.test_assets: Bundle 'web.assets_unit_tests_setup.js' generated in 4.10s 
2026-02-09 11:06:40,215 1 INFO betopiaerp betopiaerp.addons.web.tests.test_assets: Bundle 'web.assets_frontend_minimal.css' generated in 0.04s 
2026-02-09 11:06:40,216 1 INFO betopiaerp betopiaerp.addons.web.tests.test_assets: Bundle 'web.assets_frontend_minimal.js' generated in 0.03s 
2026-02-09 11:06:40,216 1 INFO betopiaerp betopiaerp.addons.web.tests.test_assets: Bundle 'html_editor.assets_history_diff.css' generated in 0.01s 
2026-02-09 11:06:40,216 1 INFO betopiaerp betopiaerp.addons.web.tests.test_assets: Bundle 'html_editor.assets_history_diff.js' generated in 0.01s 
2026-02-09 11:06:40,216 1 INFO betopiaerp betopiaerp.addons.web.tests.test_assets: Bundle 'web.assets_emoji.css' generated in 0.00s 
2026-02-09 11:06:40,216 1 INFO betopiaerp betopiaerp.addons.web.tests.test_assets: Bundle 'web.assets_emoji.js' generated in 0.11s 
2026-02-09 11:06:40,217 1 INFO betopiaerp betopiaerp.addons.web.tests.test_assets: Bundle 'web.assets_unit_tests_setup_ui.css' generated in 0.01s 
2026-02-09 11:06:40,217 1 INFO betopiaerp betopiaerp.addons.web.tests.test_assets: Bundle 'web.assets_unit_tests_setup_ui.js' generated in 0.02s 
2026-02-09 11:06:40,217 1 INFO betopiaerp betopiaerp.addons.web.tests.test_assets: Bundle 'web_tour.automatic.css' generated in 0.03s 
2026-02-09 11:06:40,217 1 INFO betopiaerp betopiaerp.addons.web.tests.test_assets: Bundle 'web_tour.automatic.js' generated in 0.07s 
2026-02-09 11:06:40,217 1 INFO betopiaerp betopiaerp.addons.web.tests.test_assets: Bundle 'web._assets_bootstrap_frontend.css' generated in 1.08s 
2026-02-09 11:06:40,218 1 INFO betopiaerp betopiaerp.addons.web.tests.test_assets: Bundle 'web._assets_bootstrap_frontend.js' generated in 0.00s 
2026-02-09 11:06:40,218 1 INFO betopiaerp betopiaerp.addons.web.tests.test_assets: Bundle 'web._assets_bootstrap.css' generated in 1.10s 
2026-02-09 11:06:40,218 1 INFO betopiaerp betopiaerp.addons.web.tests.test_assets: Bundle 'web._assets_bootstrap.js' generated in 0.00s 
2026-02-09 11:06:40,218 1 INFO betopiaerp betopiaerp.addons.web.tests.test_assets: Bundle 'api_doc.assets.css' generated in 2.89s 
2026-02-09 11:06:40,218 1 INFO betopiaerp betopiaerp.addons.web.tests.test_assets: Bundle 'api_doc.assets.js' generated in 0.15s 
2026-02-09 11:06:40,219 1 INFO betopiaerp betopiaerp.addons.web.tests.test_assets: Bundle 'web.assets_unit_tests.css' generated in 1.31s 
2026-02-09 11:06:40,219 1 INFO betopiaerp betopiaerp.addons.web.tests.test_assets: Bundle 'web.assets_unit_tests.js' generated in 3.41s 
2026-02-09 11:06:40,219 1 INFO betopiaerp betopiaerp.addons.web.tests.test_assets: Bundle 'web_tour.recorder.css' generated in 0.04s 
2026-02-09 11:06:40,219 1 INFO betopiaerp betopiaerp.addons.web.tests.test_assets: Bundle 'web_tour.recorder.js' generated in 0.07s 
2026-02-09 11:06:40,219 1 INFO betopiaerp betopiaerp.addons.web.tests.test_assets: Bundle 'web.assets_backend_lazy.css' generated in 1.61s 
2026-02-09 11:06:40,220 1 INFO betopiaerp betopiaerp.addons.web.tests.test_assets: Bundle 'web.assets_backend_lazy.js' generated in 0.10s 
2026-02-09 11:06:40,220 1 INFO betopiaerp betopiaerp.addons.web.tests.test_assets: Bundle 'web.assets_tests.css' generated in 0.10s 
2026-02-09 11:06:40,220 1 INFO betopiaerp betopiaerp.addons.web.tests.test_assets: Bundle 'web.assets_tests.js' generated in 0.13s 
2026-02-09 11:06:40,220 1 INFO betopiaerp betopiaerp.addons.web.tests.test_assets: Bundle 'web_tour.common.css' generated in 0.02s 
2026-02-09 11:06:40,220 1 INFO betopiaerp betopiaerp.addons.web.tests.test_assets: Bundle 'web_tour.common.js' generated in 0.05s 
2026-02-09 11:06:40,221 1 INFO betopiaerp betopiaerp.addons.web.tests.test_assets: Bundle 'web.assets_backend_lazy_dark.css' generated in 1.60s 
2026-02-09 11:06:40,221 1 INFO betopiaerp betopiaerp.addons.web.tests.test_assets: Bundle 'web.assets_backend_lazy_dark.js' generated in 0.07s 
2026-02-09 11:06:40,221 1 INFO betopiaerp betopiaerp.addons.web.tests.test_assets: Bundle 'web._assets_primary_variables.css' generated in 0.93s 
2026-02-09 11:06:40,221 1 INFO betopiaerp betopiaerp.addons.web.tests.test_assets: Bundle 'web._assets_primary_variables.js' generated in 0.00s 
2026-02-09 11:06:40,221 1 INFO betopiaerp betopiaerp.addons.web.tests.test_assets: Bundle 'web.qunit_suite_tests.css' generated in 0.12s 
2026-02-09 11:06:40,222 1 INFO betopiaerp betopiaerp.addons.web.tests.test_assets: Bundle 'web.qunit_suite_tests.js' generated in 0.05s 
2026-02-09 11:06:40,222 1 INFO betopiaerp betopiaerp.addons.web.tests.test_assets: Bundle 'html_editor.assets_readonly.css' generated in 0.18s 
2026-02-09 11:06:40,222 1 INFO betopiaerp betopiaerp.addons.web.tests.test_assets: Bundle 'html_editor.assets_readonly.js' generated in 0.15s 
2026-02-09 11:06:40,222 1 INFO betopiaerp betopiaerp.addons.web.tests.test_assets: Bundle 'web.report_assets_pdf.css' generated in 0.01s 
2026-02-09 11:06:40,222 1 INFO betopiaerp betopiaerp.addons.web.tests.test_assets: Bundle 'web.report_assets_pdf.js' generated in 0.00s 
2026-02-09 11:06:40,223 1 INFO betopiaerp betopiaerp.addons.web.tests.test_assets: Bundle 'bus.websocket_worker_assets.css' generated in 0.01s 
2026-02-09 11:06:40,223 1 INFO betopiaerp betopiaerp.addons.web.tests.test_assets: Bundle 'bus.websocket_worker_assets.js' generated in 0.02s 
2026-02-09 11:06:40,223 1 INFO betopiaerp betopiaerp.addons.web.tests.test_assets: Bundle 'web.tests_assets.css' generated in 9.47s 
2026-02-09 11:06:40,223 1 INFO betopiaerp betopiaerp.addons.web.tests.test_assets: Bundle 'web.tests_assets.js' generated in 4.36s 
2026-02-09 11:06:40,223 1 INFO betopiaerp betopiaerp.addons.web.tests.test_assets: Bundle 'web._assets_helpers.css' generated in 1.41s 
2026-02-09 11:06:40,224 1 INFO betopiaerp betopiaerp.addons.web.tests.test_assets: Bundle 'web._assets_helpers.js' generated in 0.00s 
2026-02-09 11:06:40,224 1 INFO betopiaerp betopiaerp.addons.web.tests.test_assets: Bundle 'web.chartjs_lib.css' generated in 0.01s 
2026-02-09 11:06:40,224 1 INFO betopiaerp betopiaerp.addons.web.tests.test_assets: Bundle 'web.chartjs_lib.js' generated in 0.07s 
2026-02-09 11:06:40,225 1 INFO betopiaerp betopiaerp.addons.web.tests.test_assets: Bundle 'web.assets_frontend_lazy.css' generated in 4.56s 
2026-02-09 11:06:40,225 1 INFO betopiaerp betopiaerp.addons.web.tests.test_assets: Bundle 'web.assets_frontend_lazy.js' generated in 1.48s 
2026-02-09 11:06:40,225 1 INFO betopiaerp betopiaerp.addons.web.tests.test_assets: Bundle 'web.assets_web_print.css' generated in 9.29s 
2026-02-09 11:06:40,226 1 INFO betopiaerp betopiaerp.addons.web.tests.test_assets: Bundle 'web.assets_web_print.js' generated in 3.64s 
2026-02-09 11:06:40,226 1 INFO betopiaerp betopiaerp.addons.web.tests.test_assets: Bundle 'html_editor.assets_editor.css' generated in 1.20s 
2026-02-09 11:06:40,226 1 INFO betopiaerp betopiaerp.addons.web.tests.test_assets: Bundle 'html_editor.assets_editor.js' generated in 0.86s 
2026-02-09 11:06:40,226 1 INFO betopiaerp betopiaerp.addons.web.tests.test_assets: Bundle 'html_editor.assets_media_dialog.css' generated in 0.09s 
2026-02-09 11:06:40,227 1 INFO betopiaerp betopiaerp.addons.web.tests.test_assets: Bundle 'html_editor.assets_media_dialog.js' generated in 0.09s 
2026-02-09 11:06:40,227 1 INFO betopiaerp betopiaerp.addons.web.tests.test_assets: Bundle 'html_editor.assets_prism_dark.css' generated in 0.02s 
2026-02-09 11:06:40,227 1 INFO betopiaerp betopiaerp.addons.web.tests.test_assets: Bundle 'html_editor.assets_prism_dark.js' generated in 0.01s 
2026-02-09 11:06:40,227 1 INFO betopiaerp betopiaerp.addons.web.tests.test_assets: Bundle 'web.assets_web.css' generated in 8.39s 
2026-02-09 11:06:40,227 1 INFO betopiaerp betopiaerp.addons.web.tests.test_assets: Bundle 'web.assets_web.js' generated in 3.73s 
2026-02-09 11:06:40,228 1 INFO betopiaerp betopiaerp.addons.web.tests.test_assets: Bundle 'web_tour.interactive.css' generated in 0.02s 
2026-02-09 11:06:40,228 1 INFO betopiaerp betopiaerp.addons.web.tests.test_assets: Bundle 'web_tour.interactive.js' generated in 0.06s 
2026-02-09 11:06:40,228 1 INFO betopiaerp betopiaerp.addons.web.tests.test_assets: Bundle 'web._assets_secondary_variables.css' generated in 0.02s 
2026-02-09 11:06:40,228 1 INFO betopiaerp betopiaerp.addons.web.tests.test_assets: Bundle 'web._assets_secondary_variables.js' generated in 0.00s 
2026-02-09 11:06:40,228 1 INFO betopiaerp betopiaerp.addons.web.tests.test_assets: Bundle 'html_editor.assets_prism.css' generated in 0.02s 
2026-02-09 11:06:40,229 1 INFO betopiaerp betopiaerp.addons.web.tests.test_assets: Bundle 'html_editor.assets_prism.js' generated in 0.01s 
2026-02-09 11:06:40,229 1 INFO betopiaerp betopiaerp.addons.web.tests.test_assets: Bundle 'web.ace_lib.css' generated in 0.02s 
2026-02-09 11:06:40,229 1 INFO betopiaerp betopiaerp.addons.web.tests.test_assets: Bundle 'web.ace_lib.js' generated in 0.11s 
2026-02-09 11:06:40,229 1 INFO betopiaerp betopiaerp.addons.web.tests.test_assets: Bundle 'web._assets_backend_helpers.css' generated in 0.03s 
2026-02-09 11:06:40,229 1 INFO betopiaerp betopiaerp.addons.web.tests.test_assets: Bundle 'web._assets_backend_helpers.js' generated in 0.00s 
2026-02-09 11:06:40,230 1 INFO betopiaerp betopiaerp.addons.web.tests.test_assets: Bundle 'web._assets_jquery.css' generated in 0.01s 
2026-02-09 11:06:40,230 1 INFO betopiaerp betopiaerp.addons.web.tests.test_assets: Bundle 'web._assets_jquery.js' generated in 0.04s 
2026-02-09 11:06:40,230 1 INFO betopiaerp betopiaerp.addons.web.tests.test_assets: Bundle 'web.assets_clickbot.css' generated in 0.00s 
2026-02-09 11:06:40,230 1 INFO betopiaerp betopiaerp.addons.web.tests.test_assets: Bundle 'web.assets_clickbot.js' generated in 0.01s 
2026-02-09 11:06:40,230 1 INFO betopiaerp betopiaerp.addons.web.tests.test_assets: Bundle 'html_editor.assets_image_cropper.css' generated in 0.01s 
2026-02-09 11:06:40,231 1 INFO betopiaerp betopiaerp.addons.web.tests.test_assets: Bundle 'html_editor.assets_image_cropper.js' generated in 0.02s 
2026-02-09 11:06:40,231 1 INFO betopiaerp betopiaerp.addons.web.tests.test_assets: Bundle 'web.__assets_tests_call__.css' generated in 0.09s 
2026-02-09 11:06:40,231 1 INFO betopiaerp betopiaerp.addons.web.tests.test_assets: Bundle 'web.__assets_tests_call__.js' generated in 0.13s 
2026-02-09 11:06:40,231 1 INFO betopiaerp betopiaerp.addons.web.tests.test_assets: Bundle 'web.assets_backend.css' generated in 8.59s 
2026-02-09 11:06:40,231 1 INFO betopiaerp betopiaerp.addons.web.tests.test_assets: Bundle 'web.assets_backend.js' generated in 3.72s 
2026-02-09 11:06:40,232 1 INFO betopiaerp betopiaerp.addons.web.tests.test_assets: Bundle 'web.report_assets_common.css' generated in 4.01s 
2026-02-09 11:06:40,232 1 INFO betopiaerp betopiaerp.addons.web.tests.test_assets: Bundle 'web.report_assets_common.js' generated in 0.09s 
2026-02-09 11:06:40,232 1 INFO betopiaerp betopiaerp.addons.web.tests.test_assets: Bundle 'web._assets_frontend_helpers.css' generated in 0.02s 
2026-02-09 11:06:40,232 1 INFO betopiaerp betopiaerp.addons.web.tests.test_assets: Bundle 'web._assets_frontend_helpers.js' generated in 0.00s 
2026-02-09 11:06:40,232 1 INFO betopiaerp betopiaerp.addons.web.tests.test_assets: Bundle 'web.fullcalendar_lib.css' generated in 0.02s 
2026-02-09 11:06:40,233 1 INFO betopiaerp betopiaerp.addons.web.tests.test_assets: Bundle 'web.fullcalendar_lib.js' generated in 0.08s 
2026-02-09 11:06:40,233 1 INFO betopiaerp betopiaerp.addons.web.tests.test_assets: Bundle 'web.assets_frontend.css' generated in 4.46s 
2026-02-09 11:06:40,233 1 INFO betopiaerp betopiaerp.addons.web.tests.test_assets: Bundle 'web.assets_frontend.js' generated in 1.48s 
2026-02-09 11:06:40,233 1 INFO betopiaerp betopiaerp.addons.web.tests.test_assets: Bundle 'web.assets_web_dark.css' generated in 9.55s 
2026-02-09 11:06:40,234 1 INFO betopiaerp betopiaerp.addons.web.tests.test_assets: Bundle 'web.assets_web_dark.js' generated in 3.75s 
2026-02-09 11:06:40,234 1 INFO betopiaerp betopiaerp.addons.web.tests.test_assets: Bundle 'web._assets_bootstrap_backend.css' generated in 1.06s 
2026-02-09 11:06:40,234 1 INFO betopiaerp betopiaerp.addons.web.tests.test_assets: Bundle 'web._assets_bootstrap_backend.js' generated in 0.00s 
2026-02-09 11:06:40,241 1 INFO betopiaerp betopiaerp.addons.base.models.ir_attachment: filestore gc 62 checked, 42 removed 
2026-02-09 11:06:40,244 1 INFO betopiaerp betopiaerp.addons.web.tests.test_assets: Starting TestLoad.test_assets_already_exists ... 
2026-02-09 11:06:40,246 1 INFO betopiaerp betopiaerp.addons.base.models.res_users: Login successful for login:admin from n/a 
2026-02-09 11:06:40,251 1 INFO betopiaerp betopiaerp.addons.base.models.ir_http: Generating routing map for key None 
2026-02-09 11:06:52,580 1 INFO betopiaerp werkzeug: 127.0.0.1 - - [09/Feb/2026 11:06:52] "GET /BetopiaERP HTTP/1.1" 200 - 65 0.015 12.315
2026-02-09 11:06:52,583 1 INFO betopiaerp werkzeug: 127.0.0.1 - - [09/Feb/2026 11:06:52] "GET / HTTP/1.1" 303 - 0 0.000 0.001
2026-02-09 11:06:52,590 1 INFO betopiaerp werkzeug: 127.0.0.1 - - [09/Feb/2026 11:06:52] "GET /BetopiaERP HTTP/1.1" 200 - 8 0.001 0.004
2026-02-09 11:06:52,594 1 INFO betopiaerp betopiaerp.addons.base.models.ir_attachment: filestore gc 0 checked, 0 removed 
2026-02-09 11:06:54,852 1 INFO betopiaerp betopiaerp.addons.web.tests.test_assets: Starting TestWebAssetsCursors.test_web_binary_keep_cursor_ro ... 
2026-02-09 11:06:54,856 1 INFO betopiaerp betopiaerp.models.unlink: User #1 deleted ir.attachment records with IDs: [5247, 708, 707, 705, 704, 703, 702, 701, 700, 699, 698, 697, 696, 695, 694, 693, 692, 691, 690, 689, 688, 687, 686, 685, 684, 683, 15] 
2026-02-09 11:06:54,858 1 INFO betopiaerp betopiaerp.addons.base.models.ir_http: Generating routing map for key None 
2026-02-09 11:06:57,164 1 INFO betopiaerp betopiaerp.addons.base.models.assetsbundle: Generating a new asset bundle attachment /web/assets/f02ade9/web.assets_frontend.min.css (id:5475) 
2026-02-09 11:06:57,168 1 INFO betopiaerp werkzeug: 127.0.0.1 - - [09/Feb/2026 11:06:57] "GET /web/assets/f02ade9/web.assets_frontend.min.css HTTP/1.1" 200 - 16 0.010 2.300
2026-02-09 11:06:57,175 1 INFO betopiaerp werkzeug: 127.0.0.1 - - [09/Feb/2026 11:06:57] "GET /web/assets/f02ade9/web.assets_frontend.min.css HTTP/1.1" 200 - 3 0.001 0.002
2026-02-09 11:06:57,178 1 INFO betopiaerp betopiaerp.addons.web.tests.test_assets: Starting TestWebAssetsCursors.test_web_binary_keep_cursor_rw ... 
2026-02-09 11:06:57,182 1 INFO betopiaerp betopiaerp.models.unlink: User #1 deleted ir.attachment records with IDs: [5247, 708, 707, 705, 704, 703, 702, 701, 700, 699, 698, 697, 696, 695, 694, 693, 692, 691, 690, 689, 688, 687, 686, 685, 684, 683, 15] 
2026-02-09 11:06:57,184 1 INFO betopiaerp betopiaerp.addons.base.models.ir_http: Generating routing map for key None 
2026-02-09 11:07:01,745 1 INFO betopiaerp betopiaerp.addons.base.models.assetsbundle: Generating a new asset bundle attachment /web/assets/f02ade9/web.assets_frontend.min.css (id:5476) 
2026-02-09 11:07:01,747 1 INFO betopiaerp werkzeug: 127.0.0.1 - - [09/Feb/2026 11:07:01] "GET /web/assets/f02ade9/web.assets_frontend.min.css HTTP/1.1" 200 - 25 0.014 4.550
2026-02-09 11:07:01,765 1 INFO betopiaerp betopiaerp.addons.base.models.ir_attachment: filestore gc 20 checked, 0 removed 
2026-02-09 11:07:01,766 1 INFO betopiaerp betopiaerp.addons.web.tests.test_base_document_layout: Starting TestBaseDocumentLayout.test_company_colors_and_logo_change_logo ... 
2026-02-09 11:07:05,872 1 INFO betopiaerp betopiaerp.addons.web.tests.test_base_document_layout: Starting TestBaseDocumentLayout.test_company_colors_change_logo ... 
2026-02-09 11:07:05,884 1 INFO betopiaerp betopiaerp.models.unlink: User #1 deleted ir.attachment records with IDs: [4] 
2026-02-09 11:07:05,917 1 INFO betopiaerp betopiaerp.models.unlink: User #1 deleted ir.attachment records with IDs: [8] 
2026-02-09 11:07:05,918 1 INFO betopiaerp betopiaerp.models.unlink: User #1 deleted ir.attachment records with IDs: [7] 
2026-02-09 11:07:05,920 1 INFO betopiaerp betopiaerp.models.unlink: User #1 deleted ir.attachment records with IDs: [6] 
2026-02-09 11:07:05,921 1 INFO betopiaerp betopiaerp.models.unlink: User #1 deleted ir.attachment records with IDs: [5] 
2026-02-09 11:07:10,073 1 INFO betopiaerp betopiaerp.addons.web.tests.test_base_document_layout: Starting TestBaseDocumentLayout.test_company_colors_reset_colors ... 
2026-02-09 11:07:14,147 1 INFO betopiaerp betopiaerp.addons.web.tests.test_base_document_layout: Starting TestBaseDocumentLayout.test_company_details_blank_lines ... 
2026-02-09 11:07:14,160 1 INFO betopiaerp betopiaerp.addons.web.tests.test_base_document_layout: Starting TestBaseDocumentLayout.test_company_no_color_but_logo_change_logo ... 
2026-02-09 11:07:18,287 1 INFO betopiaerp betopiaerp.addons.web.tests.test_base_document_layout: Starting TestBaseDocumentLayout.test_company_no_color_change_logo ... 
2026-02-09 11:07:18,296 1 INFO betopiaerp betopiaerp.models.unlink: User #1 deleted ir.attachment records with IDs: [4] 
2026-02-09 11:07:18,329 1 INFO betopiaerp betopiaerp.models.unlink: User #1 deleted ir.attachment records with IDs: [8] 
2026-02-09 11:07:18,330 1 INFO betopiaerp betopiaerp.models.unlink: User #1 deleted ir.attachment records with IDs: [7] 
2026-02-09 11:07:18,332 1 INFO betopiaerp betopiaerp.models.unlink: User #1 deleted ir.attachment records with IDs: [6] 
2026-02-09 11:07:18,333 1 INFO betopiaerp betopiaerp.models.unlink: User #1 deleted ir.attachment records with IDs: [5] 
2026-02-09 11:07:22,314 1 INFO betopiaerp betopiaerp.addons.web.tests.test_base_document_layout: Starting TestBaseDocumentLayout.test_parse_company_colors_grayscale ... 
2026-02-09 11:07:26,342 1 INFO betopiaerp betopiaerp.addons.base.models.ir_attachment: filestore gc 19 checked, 15 removed 
2026-02-09 11:07:26,345 1 INFO betopiaerp betopiaerp.addons.web.tests.test_click_everywhere: Starting TestMenusAdminLight.test_01_click_apps_menus_as_admin ... 
2026-02-09 11:07:27,709 1 WARNING betopiaerp betopiaerp.addons.web.tests.test_click_everywhere.TestMenusAdminLight.test_01_click_apps_menus_as_admin: websocket-client module is not installed 
2026-02-09 11:07:27,709 1 INFO betopiaerp betopiaerp.addons.web.tests.test_click_everywhere: skipped TestMenusAdminLight.test_01_click_apps_menus_as_admin : websocket-client module is not installed 
2026-02-09 11:07:27,712 1 INFO betopiaerp betopiaerp.addons.base.models.ir_attachment: filestore gc 0 checked, 0 removed 
2026-02-09 11:07:27,736 1 INFO betopiaerp betopiaerp.addons.web.tests.test_click_everywhere: Starting TestMenusDemoLight.test_01_click_apps_menus_as_demo ... 
2026-02-09 11:07:27,752 1 WARNING betopiaerp betopiaerp.addons.web.tests.test_click_everywhere.TestMenusDemoLight.test_01_click_apps_menus_as_demo: websocket-client module is not installed 
2026-02-09 11:07:27,752 1 INFO betopiaerp betopiaerp.addons.web.tests.test_click_everywhere: skipped TestMenusDemoLight.test_01_click_apps_menus_as_demo : websocket-client module is not installed 
2026-02-09 11:07:27,755 1 INFO betopiaerp betopiaerp.addons.base.models.ir_attachment: filestore gc 1 checked, 1 removed 
2026-02-09 11:07:27,790 1 INFO betopiaerp betopiaerp.addons.web.tests.test_domain: Starting DomainTest.test_domain_validate ... 
2026-02-09 11:07:27,799 1 INFO betopiaerp betopiaerp.addons.base.models.res_users: Login successful for login:demo from n/a 
2026-02-09 11:07:27,804 1 INFO betopiaerp betopiaerp.addons.base.models.ir_http: Generating routing map for key None 
2026-02-09 11:07:27,820 1 INFO betopiaerp werkzeug: 127.0.0.1 - - [09/Feb/2026 11:07:27] "POST /web/domain/validate HTTP/1.1" 200 - 2 0.000 0.016
2026-02-09 11:07:27,824 1 INFO betopiaerp werkzeug: 127.0.0.1 - - [09/Feb/2026 11:07:27] "POST /web/domain/validate HTTP/1.1" 200 - 1 0.000 0.001
2026-02-09 11:07:27,828 1 INFO betopiaerp werkzeug: 127.0.0.1 - - [09/Feb/2026 11:07:27] "POST /web/domain/validate HTTP/1.1" 200 - 1 0.000 0.001
2026-02-09 11:07:27,831 1 INFO betopiaerp werkzeug: 127.0.0.1 - - [09/Feb/2026 11:07:27] "POST /web/domain/validate HTTP/1.1" 200 - 0 0.000 0.001
2026-02-09 11:07:27,834 1 INFO betopiaerp betopiaerp.addons.base.models.ir_attachment: filestore gc 1 checked, 1 removed 
2026-02-09 11:07:27,837 1 INFO betopiaerp betopiaerp.addons.web.tests.test_favorite: Starting TestFavorite.test_favorite_management ... 
2026-02-09 11:07:27,853 1 WARNING betopiaerp betopiaerp.addons.web.tests.test_favorite.TestFavorite.test_favorite_management: websocket-client module is not installed 
2026-02-09 11:07:27,853 1 INFO betopiaerp betopiaerp.addons.web.tests.test_favorite: skipped TestFavorite.test_favorite_management : websocket-client module is not installed 
2026-02-09 11:07:27,856 1 INFO betopiaerp betopiaerp.addons.base.models.ir_attachment: filestore gc 0 checked, 0 removed 
2026-02-09 11:07:27,859 1 INFO betopiaerp betopiaerp.addons.web.tests.test_image: Starting TestImage.test_01_content_image_resize_placeholder ... 
2026-02-09 11:07:27,861 1 INFO betopiaerp betopiaerp.addons.base.models.ir_http: Generating routing map for key None 
2026-02-09 11:07:27,886 1 INFO betopiaerp werkzeug: 127.0.0.1 - - [09/Feb/2026 11:07:27] "GET /web/image/0/200x150 HTTP/1.1" 200 - 10 0.002 0.024
2026-02-09 11:07:27,905 1 INFO betopiaerp werkzeug: 127.0.0.1 - - [09/Feb/2026 11:07:27] "GET /web/image/fake/0/image_128 HTTP/1.1" 200 - 4 0.001 0.016
2026-02-09 11:07:27,920 1 INFO betopiaerp werkzeug: 127.0.0.1 - - [09/Feb/2026 11:07:27] "GET /web/image/fake/0/image_256 HTTP/1.1" 200 - 4 0.001 0.010
2026-02-09 11:07:27,932 1 INFO betopiaerp werkzeug: 127.0.0.1 - - [09/Feb/2026 11:07:27] "GET /web/image/fake/0/image_1024 HTTP/1.1" 200 - 4 0.001 0.009
2026-02-09 11:07:27,941 1 INFO betopiaerp werkzeug: 127.0.0.1 - - [09/Feb/2026 11:07:27] "GET /web/image/fake/0/image_no_size HTTP/1.1" 200 - 4 0.001 0.007
2026-02-09 11:07:27,942 1 INFO betopiaerp betopiaerp.addons.web.tests.test_image: Starting TestImage.test_02_content_image_Etag_304 ... 
2026-02-09 11:07:27,947 1 INFO betopiaerp betopiaerp.addons.base.models.ir_http: Generating routing map for key None 
2026-02-09 11:07:28,002 1 INFO betopiaerp werkzeug: 127.0.0.1 - - [09/Feb/2026 11:07:28] "GET /web/image/5492 HTTP/1.1" 200 - 9 0.002 0.053
2026-02-09 11:07:28,007 1 INFO betopiaerp werkzeug: 127.0.0.1 - - [09/Feb/2026 11:07:28] "GET /web/image/5492 HTTP/1.1" 304 - 4 0.000 0.002
2026-02-09 11:07:28,008 1 INFO betopiaerp betopiaerp.addons.web.tests.test_image: Starting TestImage.test_03_web_content_filename ... 
2026-02-09 11:07:28,012 1 INFO betopiaerp betopiaerp.addons.base.models.ir_http: Generating routing map for key None 
2026-02-09 11:07:28,024 1 INFO betopiaerp werkzeug: 127.0.0.1 - - [09/Feb/2026 11:07:28] "GET /web/image/5493/0x0/?download=true HTTP/1.1" 200 - 9 0.002 0.011
2026-02-09 11:07:28,029 1 INFO betopiaerp werkzeug: 127.0.0.1 - - [09/Feb/2026 11:07:28] "GET /web/image/5493/0x0/custom?download=true HTTP/1.1" 200 - 4 0.001 0.002
2026-02-09 11:07:28,033 1 INFO betopiaerp werkzeug: 127.0.0.1 - - [09/Feb/2026 11:07:28] "GET /web/image/5493/0x0/custom.png?download=true HTTP/1.1" 200 - 4 0.001 0.002
2026-02-09 11:07:28,034 1 INFO betopiaerp betopiaerp.addons.web.tests.test_image: Starting TestImage.test_04_web_content_filename_secure ... 
2026-02-09 11:07:28,038 1 INFO betopiaerp betopiaerp.addons.base.models.ir_http: Generating routing map for key None 
2026-02-09 11:07:28,049 1 INFO betopiaerp werkzeug: 127.0.0.1 - - [09/Feb/2026 11:07:28] "GET /web/image/5494 HTTP/1.1" 200 - 9 0.001 0.009
2026-02-09 11:07:28,053 1 INFO betopiaerp werkzeug: 127.0.0.1 - - [09/Feb/2026 11:07:28] "GET /web/image/5494/custom_invalid_name%0Ais-ok.gif HTTP/1.1" 200 - 4 0.001 0.002
2026-02-09 11:07:28,057 1 INFO betopiaerp werkzeug: 127.0.0.1 - - [09/Feb/2026 11:07:28] "GET /web/image/5494/%0D%0A HTTP/1.1" 200 - 4 0.000 0.002
2026-02-09 11:07:28,061 1 INFO betopiaerp werkzeug: 127.0.0.1 - - [09/Feb/2026 11:07:28] "GET /web/image/5494/你好 HTTP/1.1" 200 - 4 0.000 0.002
2026-02-09 11:07:28,065 1 INFO betopiaerp werkzeug: 127.0.0.1 - - [09/Feb/2026 11:07:28] "GET /web/image/5494/面图.gif HTTP/1.1" 200 - 4 0.000 0.002
2026-02-09 11:07:28,069 1 INFO betopiaerp werkzeug: 127.0.0.1 - - [09/Feb/2026 11:07:28] "GET /web/image/5494/hindi_नमस्ते.gif HTTP/1.1" 200 - 4 0.000 0.002
2026-02-09 11:07:28,073 1 INFO betopiaerp werkzeug: 127.0.0.1 - - [09/Feb/2026 11:07:28] "GET /web/image/5494/arabic_مرحبا HTTP/1.1" 200 - 4 0.000 0.002
2026-02-09 11:07:28,077 1 INFO betopiaerp werkzeug: 127.0.0.1 - - [09/Feb/2026 11:07:28] "GET /web/image/5494/4wzb_!!63148-0-t1.jpg_360x1Q75.jpg_.webp HTTP/1.1" 200 - 4 0.000 0.002
2026-02-09 11:07:28,078 1 INFO betopiaerp betopiaerp.addons.web.tests.test_image: Starting TestImage.test_05_web_image_access_token ... 
2026-02-09 11:07:28,082 1 INFO betopiaerp betopiaerp.addons.base.models.ir_http: Generating routing map for key None 
2026-02-09 11:07:28,094 1 INFO betopiaerp betopiaerp.addons.base.models.ir_model: Access Denied by ACLs for operation: read, uid: 3, model: ir.attachment 
2026-02-09 11:07:28,103 1 INFO betopiaerp werkzeug: 127.0.0.1 - - [09/Feb/2026 11:07:28] "GET /web/image/5495 HTTP/1.1" 200 - 23 0.003 0.018
2026-02-09 11:07:28,114 1 INFO betopiaerp werkzeug: 127.0.0.1 - - [09/Feb/2026 11:07:28] "GET /web/image/5495?access_token=invalid_token HTTP/1.1" 200 - 7 0.001 0.008
2026-02-09 11:07:28,125 1 INFO betopiaerp werkzeug: 127.0.0.1 - - [09/Feb/2026 11:07:28] "GET /web/image/5495?access_token=3c9497def2683d18a8c57e9614fa4aa99c67c5b1adb270104a5f457b9acb4d9ao0x69aa1af0 HTTP/1.1" 200 - 6 0.001 0.008
2026-02-09 11:07:28,130 1 INFO betopiaerp werkzeug: 127.0.0.1 - - [09/Feb/2026 11:07:28] "GET /web/image/5495?access_token=9d07a9d3c9e1201676c36a649ea63897e80465104729c9d8d9fb8201c5519ca3o0x69aa1af0 HTTP/1.1" 200 - 3 0.000 0.002
2026-03-06 00:08:15,000 1 INFO betopiaerp werkzeug: 127.0.0.1 - - [06/Mar/2026 00:08:15] "GET /web/image/5495?access_token=9d07a9d3c9e1201676c36a649ea63897e80465104729c9d8d9fb8201c5519ca3o0x69aa1af0 HTTP/1.1" 200 - 3 0.001 0.002
2026-03-06 00:08:16,000 1 INFO betopiaerp werkzeug: 127.0.0.1 - - [06/Mar/2026 00:08:16] "GET /web/image/5495?access_token=9d07a9d3c9e1201676c36a649ea63897e80465104729c9d8d9fb8201c5519ca3o0x69aa1af0 HTTP/1.1" 200 - 6 0.001 0.010
2026-02-09 11:07:28,697 1 INFO betopiaerp betopiaerp.addons.web.tests.test_image: Starting TestImage.test_06_web_image_attachment_access ... 
2026-02-09 11:07:28,728 1 INFO betopiaerp betopiaerp.addons.base.models.ir_http: Generating routing map for key None 
2026-02-09 11:07:28,739 1 INFO betopiaerp betopiaerp.addons.base.models.ir_model: Access Denied by ACLs for operation: read, uid: 3, model: ir.attachment 
2026-02-09 11:07:28,747 1 INFO betopiaerp werkzeug: 127.0.0.1 - - [09/Feb/2026 11:07:28] "GET /web/image/5497 HTTP/1.1" 200 - 16 0.002 0.017
2026-02-09 11:07:28,753 1 INFO betopiaerp werkzeug: 127.0.0.1 - - [09/Feb/2026 11:07:28] "GET /web/image/5497?access_token=38302d6f-c196-4e7d-aa27-3588249ca8be HTTP/1.1" 200 - 5 0.001 0.002
2026-02-09 11:07:28,757 1 INFO betopiaerp werkzeug: 127.0.0.1 - - [09/Feb/2026 11:07:28] "GET /web/image/5497?access_token=a2961bab62838db6d2940d3b2e31ee854b1828f3d64a72f9ace0b55455e6ea86o0x69aa1c3c HTTP/1.1" 200 - 3 0.000 0.002
2026-02-09 11:07:28,760 1 INFO betopiaerp betopiaerp.addons.base.models.res_users: Login successful for login:portal_user from n/a 
2026-02-09 11:07:28,766 1 INFO betopiaerp betopiaerp.addons.base.models.ir_model: Access Denied by ACLs for operation: read, uid: 1068, model: ir.attachment 
2026-02-09 11:07:28,775 1 INFO betopiaerp werkzeug: 127.0.0.1 - - [09/Feb/2026 11:07:28] "GET /web/image/5497 HTTP/1.1" 200 - 8 0.002 0.010
2026-02-09 11:07:28,778 1 INFO betopiaerp betopiaerp.addons.base.models.res_users: Login successful for login:portal_user from n/a 
2026-02-09 11:07:28,783 1 INFO betopiaerp werkzeug: 127.0.0.1 - - [09/Feb/2026 11:07:28] "GET /web/image/5497?access_token=38302d6f-c196-4e7d-aa27-3588249ca8be HTTP/1.1" 200 - 3 0.000 0.002
2026-02-09 11:07:28,786 1 INFO betopiaerp betopiaerp.addons.base.models.res_users: Login successful for login:portal_user from n/a 
2026-02-09 11:07:28,790 1 INFO betopiaerp werkzeug: 127.0.0.1 - - [09/Feb/2026 11:07:28] "GET /web/image/5497?access_token=a2961bab62838db6d2940d3b2e31ee854b1828f3d64a72f9ace0b55455e6ea86o0x69aa1c3c HTTP/1.1" 200 - 2 0.000 0.002
2026-02-09 11:07:28,793 1 INFO betopiaerp betopiaerp.addons.base.models.res_users: Login successful for login:internal_user from n/a 
2026-02-09 11:07:28,808 1 INFO betopiaerp werkzeug: 127.0.0.1 - - [09/Feb/2026 11:07:28] "GET /web/image/5497 HTTP/1.1" 200 - 15 0.002 0.010
2026-02-09 11:07:28,811 1 INFO betopiaerp betopiaerp.addons.base.models.res_users: Login successful for login:internal_user from n/a 
2026-02-09 11:07:28,816 1 INFO betopiaerp werkzeug: 127.0.0.1 - - [09/Feb/2026 11:07:28] "GET /web/image/5497?access_token=38302d6f-c196-4e7d-aa27-3588249ca8be HTTP/1.1" 200 - 3 0.000 0.002
2026-02-09 11:07:28,818 1 INFO betopiaerp betopiaerp.addons.base.models.res_users: Login successful for login:internal_user from n/a 
2026-02-09 11:07:28,823 1 INFO betopiaerp werkzeug: 127.0.0.1 - - [09/Feb/2026 11:07:28] "GET /web/image/5497?access_token=a2961bab62838db6d2940d3b2e31ee854b1828f3d64a72f9ace0b55455e6ea86o0x69aa1c3c HTTP/1.1" 200 - 2 0.000 0.002
2026-02-09 11:07:28,827 1 INFO betopiaerp betopiaerp.addons.base.models.ir_model: Access Denied by ACLs for operation: read, uid: 3, model: ir.attachment 
2026-02-09 11:07:28,835 1 INFO betopiaerp werkzeug: 127.0.0.1 - - [09/Feb/2026 11:07:28] "GET /web/image/5498 HTTP/1.1" 200 - 8 0.001 0.008
2026-02-09 11:07:28,840 1 INFO betopiaerp werkzeug: 127.0.0.1 - - [09/Feb/2026 11:07:28] "GET /web/image/5498?access_token=8605cada-d59e-4be9-8847-ee2eea42a70e HTTP/1.1" 200 - 4 0.001 0.002
2026-02-09 11:07:28,845 1 INFO betopiaerp werkzeug: 127.0.0.1 - - [09/Feb/2026 11:07:28] "GET /web/image/5498?access_token=c7ad38c7a4856c957579ee11e40ac5df82164cc172247b5463e044160dc3037ao0x69aa1ce2 HTTP/1.1" 200 - 3 0.000 0.002
2026-02-09 11:07:28,847 1 INFO betopiaerp betopiaerp.addons.base.models.res_users: Login successful for login:portal_user from n/a 
2026-02-09 11:07:28,851 1 INFO betopiaerp betopiaerp.addons.base.models.ir_model: Access Denied by ACLs for operation: read, uid: 1068, model: ir.attachment 
2026-02-09 11:07:28,860 1 INFO betopiaerp werkzeug: 127.0.0.1 - - [09/Feb/2026 11:07:28] "GET /web/image/5498 HTTP/1.1" 200 - 7 0.001 0.009
2026-02-09 11:07:28,863 1 INFO betopiaerp betopiaerp.addons.base.models.res_users: Login successful for login:portal_user from n/a 
2026-02-09 11:07:28,867 1 INFO betopiaerp werkzeug: 127.0.0.1 - - [09/Feb/2026 11:07:28] "GET /web/image/5498?access_token=8605cada-d59e-4be9-8847-ee2eea42a70e HTTP/1.1" 200 - 3 0.000 0.002
2026-02-09 11:07:28,870 1 INFO betopiaerp betopiaerp.addons.base.models.res_users: Login successful for login:portal_user from n/a 
2026-02-09 11:07:28,874 1 INFO betopiaerp werkzeug: 127.0.0.1 - - [09/Feb/2026 11:07:28] "GET /web/image/5498?access_token=c7ad38c7a4856c957579ee11e40ac5df82164cc172247b5463e044160dc3037ao0x69aa1ce2 HTTP/1.1" 200 - 2 0.000 0.001
2026-02-09 11:07:28,876 1 INFO betopiaerp betopiaerp.addons.base.models.res_users: Login successful for login:internal_user from n/a 
2026-02-09 11:07:28,884 1 INFO betopiaerp werkzeug: 127.0.0.1 - - [09/Feb/2026 11:07:28] "GET /web/image/5498 HTTP/1.1" 200 - 11 0.002 0.004
2026-02-09 11:07:28,887 1 INFO betopiaerp betopiaerp.addons.base.models.res_users: Login successful for login:internal_user from n/a 
2026-02-09 11:07:28,891 1 INFO betopiaerp werkzeug: 127.0.0.1 - - [09/Feb/2026 11:07:28] "GET /web/image/5498?access_token=8605cada-d59e-4be9-8847-ee2eea42a70e HTTP/1.1" 200 - 3 0.000 0.002
2026-02-09 11:07:28,894 1 INFO betopiaerp betopiaerp.addons.base.models.res_users: Login successful for login:internal_user from n/a 
2026-02-09 11:07:28,898 1 INFO betopiaerp werkzeug: 127.0.0.1 - - [09/Feb/2026 11:07:28] "GET /web/image/5498?access_token=c7ad38c7a4856c957579ee11e40ac5df82164cc172247b5463e044160dc3037ao0x69aa1ce2 HTTP/1.1" 200 - 2 0.000 0.002
2026-02-09 11:07:28,902 1 INFO betopiaerp betopiaerp.addons.base.models.ir_model: Access Denied by ACLs for operation: read, uid: 3, model: ir.attachment 
2026-02-09 11:07:28,910 1 INFO betopiaerp werkzeug: 127.0.0.1 - - [09/Feb/2026 11:07:28] "GET /web/image/5499 HTTP/1.1" 200 - 8 0.001 0.008
2026-02-09 11:07:28,915 1 INFO betopiaerp werkzeug: 127.0.0.1 - - [09/Feb/2026 11:07:28] "GET /web/image/5499?access_token=785c0f44-91f1-4ee4-af18-f1655668cce8 HTTP/1.1" 200 - 4 0.001 0.002
2026-02-09 11:07:28,920 1 INFO betopiaerp werkzeug: 127.0.0.1 - - [09/Feb/2026 11:07:28] "GET /web/image/5499?access_token=fffac22db65cdde7960cfd47e6bf1781112a17d1c15877ffb55b6adbece76a3co0x69aa1d88 HTTP/1.1" 200 - 3 0.000 0.002
2026-02-09 11:07:28,922 1 INFO betopiaerp betopiaerp.addons.base.models.res_users: Login successful for login:portal_user from n/a 
2026-02-09 11:07:28,925 1 INFO betopiaerp betopiaerp.addons.base.models.ir_model: Access Denied by ACLs for operation: read, uid: 1068, model: ir.attachment 
2026-02-09 11:07:28,933 1 INFO betopiaerp werkzeug: 127.0.0.1 - - [09/Feb/2026 11:07:28] "GET /web/image/5499 HTTP/1.1" 200 - 7 0.001 0.008
2026-02-09 11:07:28,936 1 INFO betopiaerp betopiaerp.addons.base.models.res_users: Login successful for login:portal_user from n/a 
2026-02-09 11:07:28,940 1 INFO betopiaerp werkzeug: 127.0.0.1 - - [09/Feb/2026 11:07:28] "GET /web/image/5499?access_token=785c0f44-91f1-4ee4-af18-f1655668cce8 HTTP/1.1" 200 - 3 0.000 0.002
2026-02-09 11:07:28,943 1 INFO betopiaerp betopiaerp.addons.base.models.res_users: Login successful for login:portal_user from n/a 
2026-02-09 11:07:28,947 1 INFO betopiaerp werkzeug: 127.0.0.1 - - [09/Feb/2026 11:07:28] "GET /web/image/5499?access_token=fffac22db65cdde7960cfd47e6bf1781112a17d1c15877ffb55b6adbece76a3co0x69aa1d88 HTTP/1.1" 200 - 2 0.000 0.002
2026-02-09 11:07:28,950 1 INFO betopiaerp betopiaerp.addons.base.models.res_users: Login successful for login:internal_user from n/a 
2026-02-09 11:07:28,960 1 INFO betopiaerp werkzeug: 127.0.0.1 - - [09/Feb/2026 11:07:28] "GET /web/image/5499 HTTP/1.1" 200 - 6 0.001 0.008
2026-02-09 11:07:28,963 1 INFO betopiaerp betopiaerp.addons.base.models.res_users: Login successful for login:internal_user from n/a 
2026-02-09 11:07:28,968 1 INFO betopiaerp werkzeug: 127.0.0.1 - - [09/Feb/2026 11:07:28] "GET /web/image/5499?access_token=785c0f44-91f1-4ee4-af18-f1655668cce8 HTTP/1.1" 200 - 3 0.000 0.002
2026-02-09 11:07:28,970 1 INFO betopiaerp betopiaerp.addons.base.models.res_users: Login successful for login:internal_user from n/a 
2026-02-09 11:07:28,974 1 INFO betopiaerp werkzeug: 127.0.0.1 - - [09/Feb/2026 11:07:28] "GET /web/image/5499?access_token=fffac22db65cdde7960cfd47e6bf1781112a17d1c15877ffb55b6adbece76a3co0x69aa1d88 HTTP/1.1" 200 - 2 0.000 0.002
2026-02-09 11:07:28,979 1 INFO betopiaerp werkzeug: 127.0.0.1 - - [09/Feb/2026 11:07:28] "GET /web/image/5500 HTTP/1.1" 200 - 4 0.001 0.002
2026-02-09 11:07:28,985 1 INFO betopiaerp werkzeug: 127.0.0.1 - - [09/Feb/2026 11:07:28] "GET /web/image/5500?access_token=ab209fc6-0743-4a2a-9ac8-e55fed999a53 HTTP/1.1" 200 - 4 0.000 0.002
2026-02-09 11:07:28,990 1 INFO betopiaerp werkzeug: 127.0.0.1 - - [09/Feb/2026 11:07:28] "GET /web/image/5500?access_token=a6fa4a3a2aa02468a38adfcce468ae4d4da1b5d496eaa31a6ca780c3e8c0ade3o0x69aa11ff HTTP/1.1" 200 - 3 0.000 0.002
2026-02-09 11:07:28,992 1 INFO betopiaerp betopiaerp.addons.base.models.res_users: Login successful for login:portal_user from n/a 
2026-02-09 11:07:28,997 1 INFO betopiaerp werkzeug: 127.0.0.1 - - [09/Feb/2026 11:07:28] "GET /web/image/5500 HTTP/1.1" 200 - 3 0.001 0.002
2026-02-09 11:07:28,999 1 INFO betopiaerp betopiaerp.addons.base.models.res_users: Login successful for login:portal_user from n/a 
2026-02-09 11:07:29,004 1 INFO betopiaerp werkzeug: 127.0.0.1 - - [09/Feb/2026 11:07:29] "GET /web/image/5500?access_token=ab209fc6-0743-4a2a-9ac8-e55fed999a53 HTTP/1.1" 200 - 3 0.000 0.002
2026-02-09 11:07:29,007 1 INFO betopiaerp betopiaerp.addons.base.models.res_users: Login successful for login:portal_user from n/a 
2026-02-09 11:07:29,011 1 INFO betopiaerp werkzeug: 127.0.0.1 - - [09/Feb/2026 11:07:29] "GET /web/image/5500?access_token=a6fa4a3a2aa02468a38adfcce468ae4d4da1b5d496eaa31a6ca780c3e8c0ade3o0x69aa11ff HTTP/1.1" 200 - 2 0.000 0.002
2026-02-09 11:07:29,014 1 INFO betopiaerp betopiaerp.addons.base.models.res_users: Login successful for login:internal_user from n/a 
2026-02-09 11:07:29,018 1 INFO betopiaerp werkzeug: 127.0.0.1 - - [09/Feb/2026 11:07:29] "GET /web/image/5500 HTTP/1.1" 200 - 3 0.000 0.002
2026-02-09 11:07:29,020 1 INFO betopiaerp betopiaerp.addons.base.models.res_users: Login successful for login:internal_user from n/a 
2026-02-09 11:07:29,025 1 INFO betopiaerp werkzeug: 127.0.0.1 - - [09/Feb/2026 11:07:29] "GET /web/image/5500?access_token=ab209fc6-0743-4a2a-9ac8-e55fed999a53 HTTP/1.1" 200 - 3 0.000 0.002
2026-02-09 11:07:29,027 1 INFO betopiaerp betopiaerp.addons.base.models.res_users: Login successful for login:internal_user from n/a 
2026-02-09 11:07:29,031 1 INFO betopiaerp werkzeug: 127.0.0.1 - - [09/Feb/2026 11:07:29] "GET /web/image/5500?access_token=a6fa4a3a2aa02468a38adfcce468ae4d4da1b5d496eaa31a6ca780c3e8c0ade3o0x69aa11ff HTTP/1.1" 200 - 2 0.000 0.001
2026-02-09 11:07:29,035 1 INFO betopiaerp betopiaerp.addons.base.models.ir_attachment: filestore gc 2 checked, 2 removed 
2026-02-09 11:07:29,066 1 INFO betopiaerp betopiaerp.addons.web.tests.test_ir_model: Starting IrModelAccessTest.test_display_name_for ... 
2026-02-09 11:07:29,077 1 INFO betopiaerp betopiaerp.addons.base.models.ir_attachment: filestore gc 1 checked, 1 removed 
2026-02-09 11:07:29,079 1 INFO betopiaerp betopiaerp.addons.web.tests.test_js: Starting QunitCommon.test_get_qunit_regex ... 
2026-02-09 11:07:29,082 1 INFO betopiaerp betopiaerp.addons.base.models.ir_attachment: filestore gc 0 checked, 0 removed 
2026-02-09 11:07:29,084 1 INFO betopiaerp betopiaerp.addons.web.tests.test_js: Starting HOOTCommon.test_generate_hoot_hash ... 
2026-02-09 11:07:29,085 1 INFO betopiaerp betopiaerp.addons.web.tests.test_js: Starting HOOTCommon.test_get_hoot_filter ... 
2026-02-09 11:07:29,087 1 INFO betopiaerp betopiaerp.addons.base.models.ir_attachment: filestore gc 0 checked, 0 removed 
2026-02-09 11:07:29,089 1 INFO betopiaerp betopiaerp.addons.web.tests.test_js: Starting WebSuite.test_check_suite ... 
2026-02-09 11:07:31,417 1 INFO betopiaerp betopiaerp.tests.common: Auto retry disabled for test_hoot (betopiaerp.addons.web.tests.test_js.WebSuite.test_hoot) 
2026-02-09 11:07:31,418 1 INFO betopiaerp betopiaerp.addons.web.tests.test_js: Starting WebSuite.test_hoot ... 
2026-02-09 11:07:31,431 1 WARNING betopiaerp betopiaerp.addons.web.tests.test_js.WebSuite.test_hoot: websocket-client module is not installed 
2026-02-09 11:07:31,431 1 INFO betopiaerp betopiaerp.addons.web.tests.test_js: skipped WebSuite.test_hoot : websocket-client module is not installed 
2026-02-09 11:07:31,432 1 INFO betopiaerp betopiaerp.tests.common: Auto retry disabled for test_qunit_desktop (betopiaerp.addons.web.tests.test_js.WebSuite.test_qunit_desktop) 
2026-02-09 11:07:31,432 1 INFO betopiaerp betopiaerp.addons.web.tests.test_js: Starting WebSuite.test_qunit_desktop ... 
2026-02-09 11:07:31,442 1 WARNING betopiaerp betopiaerp.addons.web.tests.test_js.WebSuite.test_qunit_desktop: websocket-client module is not installed 
2026-02-09 11:07:31,442 1 INFO betopiaerp betopiaerp.addons.web.tests.test_js: skipped WebSuite.test_qunit_desktop : websocket-client module is not installed 
2026-02-09 11:07:31,443 1 INFO betopiaerp betopiaerp.tests.common: Auto retry disabled for test_unit_desktop (betopiaerp.addons.web.tests.test_js.WebSuite.test_unit_desktop) 
2026-02-09 11:07:31,443 1 INFO betopiaerp betopiaerp.addons.web.tests.test_js: Starting WebSuite.test_unit_desktop ... 
2026-02-09 11:07:31,454 1 WARNING betopiaerp betopiaerp.addons.web.tests.test_js.WebSuite.test_unit_desktop: websocket-client module is not installed 
2026-02-09 11:07:31,454 1 INFO betopiaerp betopiaerp.addons.web.tests.test_js: skipped WebSuite.test_unit_desktop : websocket-client module is not installed 
2026-02-09 11:07:31,456 1 INFO betopiaerp betopiaerp.addons.base.models.ir_attachment: filestore gc 0 checked, 0 removed 
2026-02-09 11:07:31,459 1 INFO betopiaerp betopiaerp.tests.common: Auto retry disabled for test_unit_mobile (betopiaerp.addons.web.tests.test_js.MobileWebSuite.test_unit_mobile) 
2026-02-09 11:07:31,459 1 INFO betopiaerp betopiaerp.addons.web.tests.test_js: Starting MobileWebSuite.test_unit_mobile ... 
2026-02-09 11:07:31,469 1 WARNING betopiaerp betopiaerp.addons.web.tests.test_js.MobileWebSuite.test_unit_mobile: websocket-client module is not installed 
2026-02-09 11:07:31,469 1 INFO betopiaerp betopiaerp.addons.web.tests.test_js: skipped MobileWebSuite.test_unit_mobile : websocket-client module is not installed 
2026-02-09 11:07:31,471 1 INFO betopiaerp betopiaerp.addons.base.models.ir_attachment: filestore gc 0 checked, 0 removed 
2026-02-09 11:07:31,499 1 INFO betopiaerp betopiaerp.addons.web.tests.test_login: Starting TestUserSwitch.test_user_switch ... 
2026-02-09 11:07:31,517 1 WARNING betopiaerp betopiaerp.addons.web.tests.test_login.TestUserSwitch.test_user_switch: websocket-client module is not installed 
2026-02-09 11:07:31,517 1 INFO betopiaerp betopiaerp.addons.web.tests.test_login: skipped TestUserSwitch.test_user_switch : websocket-client module is not installed 
2026-02-09 11:07:31,520 1 INFO betopiaerp betopiaerp.addons.base.models.ir_attachment: filestore gc 1 checked, 1 removed 
2026-02-09 11:07:31,522 1 INFO betopiaerp betopiaerp.addons.web.tests.test_partner: Starting TestPartnerVCard.test_check_partner_access_for_user ... 
2026-02-09 11:07:31,532 1 INFO betopiaerp betopiaerp.addons.base.models.res_users: Login successful for login:admin from n/a 
2026-02-09 11:07:31,551 1 INFO betopiaerp betopiaerp.addons.base.models.res_users: Login successful for login:testuser from n/a 
2026-02-09 11:07:31,555 1 INFO betopiaerp betopiaerp.addons.base.models.ir_http: Generating routing map for key None 
2026-02-09 11:07:31,569 1 INFO betopiaerp betopiaerp.addons.base.models.ir_rule: Access Denied by record rules for operation: read on record ids: [4173, 4174], uid: 1074, model: res.partner 
2026-02-09 11:07:31,573 1 INFO betopiaerp betopiaerp.addons.base.models.ir_rule: Access Denied by record rules for operation: read on record ids: [4173], uid: 1074, model: res.partner 
2026-02-09 11:07:31,575 1 INFO betopiaerp werkzeug: 127.0.0.1 - - [09/Feb/2026 11:07:31] "GET /web/partner/vcard?partner_ids=4173,4174 HTTP/1.1" 403 - 25 0.004 0.016
2026-02-09 11:07:31,576 1 INFO betopiaerp betopiaerp.addons.web.tests.test_partner: Starting TestPartnerVCard.test_fetch_multiple_partners_vcard ... 
2026-02-09 11:07:31,587 1 INFO betopiaerp betopiaerp.addons.base.models.res_users: Login successful for login:admin from n/a 
2026-02-09 11:07:31,592 1 INFO betopiaerp betopiaerp.addons.base.models.ir_http: Generating routing map for key None 
2026-02-09 11:07:31,612 1 INFO betopiaerp werkzeug: 127.0.0.1 - - [09/Feb/2026 11:07:31] "GET /web/partner/vcard?partner_ids=4177,4178 HTTP/1.1" 200 - 24 0.004 0.017
2026-02-09 11:07:31,619 1 INFO betopiaerp betopiaerp.addons.web.tests.test_partner: Starting TestPartnerVCard.test_fetch_single_partner_vcard ... 
2026-02-09 11:07:31,629 1 INFO betopiaerp betopiaerp.addons.base.models.res_users: Login successful for login:admin from n/a 
2026-02-09 11:07:31,633 1 INFO betopiaerp betopiaerp.addons.base.models.ir_http: Generating routing map for key None 
2026-02-09 11:07:31,654 1 INFO betopiaerp werkzeug: 127.0.0.1 - - [09/Feb/2026 11:07:31] "GET /web_enterprise/partner/4180/vcard HTTP/1.1" 200 - 24 0.006 0.016
2026-02-09 11:07:31,659 1 INFO betopiaerp betopiaerp.addons.web.tests.test_partner: Starting TestPartnerVCard.test_fetch_single_partner_vcard_without_name ... 
2026-02-09 11:07:31,670 1 INFO betopiaerp betopiaerp.addons.base.models.res_users: Login successful for login:admin from n/a 
2026-02-09 11:07:31,675 1 INFO betopiaerp betopiaerp.addons.base.models.ir_http: Generating routing map for key None 
2026-02-09 11:07:31,698 1 INFO betopiaerp werkzeug: 127.0.0.1 - - [09/Feb/2026 11:07:31] "GET /web/partner/vcard?partner_ids=4185 HTTP/1.1" 200 - 22 0.006 0.018
2026-02-09 11:07:31,701 1 INFO betopiaerp betopiaerp.addons.web.tests.test_partner: Starting TestPartnerVCard.test_not_exist_partner_vcard ... 
2026-02-09 11:07:31,701 1 INFO betopiaerp betopiaerp.addons.web.tests.test_partner: skipped TestPartnerVCard.test_not_exist_partner_vcard :  
2026-02-09 11:07:31,704 1 INFO betopiaerp betopiaerp.addons.base.models.ir_attachment: filestore gc 0 checked, 0 removed 
2026-02-09 11:07:31,785 1 INFO betopiaerp betopiaerp.addons.web.tests.test_perf_load_menu: Starting TestPerfSessionInfo.test_load_menus_perf ... 
2026-02-09 11:07:31,790 1 INFO betopiaerp betopiaerp.registry: Invalidating all model caches from test_load_menus_perf /opt/betopiaerp/addons/web/tests/test_perf_load_menu.py:71 
2026-02-09 11:07:31,809 1 INFO betopiaerp betopiaerp.addons.web.tests.test_perf_load_menu: Query count less than expected for user session: 14 < 57 in test_load_menus_perf at web/tests/test_perf_load_menu.py:76 
2026-02-09 11:07:31,820 1 INFO betopiaerp betopiaerp.addons.web.tests.test_perf_load_menu: Query count less than expected for user session: 0 < 1 in test_load_menus_perf at web/tests/test_perf_load_menu.py:83 
2026-02-09 11:07:31,821 1 INFO betopiaerp betopiaerp.addons.web.tests.test_perf_load_menu: Starting TestPerfSessionInfo.test_load_web_menus_perf ... 
2026-02-09 11:07:31,821 1 INFO betopiaerp betopiaerp.registry: Invalidating all model caches from test_load_web_menus_perf /opt/betopiaerp/addons/web/tests/test_perf_load_menu.py:55 
2026-02-09 11:07:31,837 1 INFO betopiaerp betopiaerp.addons.web.tests.test_perf_load_menu: Query count less than expected for user session: 14 < 57 in test_load_web_menus_perf at web/tests/test_perf_load_menu.py:60 
2026-02-09 11:07:31,847 1 INFO betopiaerp betopiaerp.addons.web.tests.test_perf_load_menu: Query count less than expected for user session: 0 < 1 in test_load_web_menus_perf at web/tests/test_perf_load_menu.py:67 
2026-02-09 11:07:31,848 1 INFO betopiaerp betopiaerp.addons.web.tests.test_perf_load_menu: Starting TestPerfSessionInfo.test_performance_session_info ... 
2026-02-09 11:07:31,851 1 INFO betopiaerp betopiaerp.addons.base.models.res_users: Login successful for login:session from n/a 
2026-02-09 11:07:31,854 1 INFO betopiaerp betopiaerp.registry: Invalidating all model caches from test_performance_session_info /opt/betopiaerp/addons/web/tests/test_perf_load_menu.py:33 
2026-02-09 11:07:31,856 1 INFO betopiaerp betopiaerp.addons.base.models.ir_http: Generating routing map for key None 
2026-02-09 11:07:31,880 1 INFO betopiaerp werkzeug: 127.0.0.1 - - [09/Feb/2026 11:07:31] "POST /web/session/get_session_info HTTP/1.1" 200 - 35 0.006 0.018
2026-02-09 11:07:31,892 1 INFO betopiaerp betopiaerp.addons.web.tests.test_perf_load_menu: Query count less than expected for user session: 35 < 122 in test_performance_session_info at web/tests/test_perf_load_menu.py:37 
2026-02-09 11:07:31,899 1 INFO betopiaerp werkzeug: 127.0.0.1 - - [09/Feb/2026 11:07:31] "POST /web/session/get_session_info HTTP/1.1" 200 - 6 0.001 0.004
2026-02-09 11:07:31,910 1 INFO betopiaerp betopiaerp.addons.web.tests.test_perf_load_menu: Query count less than expected for user session: 6 < 32 in test_performance_session_info at web/tests/test_perf_load_menu.py:47 
2026-02-09 11:07:31,911 1 INFO betopiaerp betopiaerp.addons.web.tests.test_perf_load_menu: Starting TestPerfSessionInfo.test_visible_menu_ids ... 
2026-02-09 11:07:31,911 1 INFO betopiaerp betopiaerp.registry: Invalidating all model caches from test_visible_menu_ids /opt/betopiaerp/addons/web/tests/test_perf_load_menu.py:87 
2026-02-09 11:07:31,926 1 INFO betopiaerp betopiaerp.addons.web.tests.test_perf_load_menu: Query count less than expected for user session: 13 < 21 in test_visible_menu_ids at web/tests/test_perf_load_menu.py:92 
2026-02-09 11:07:31,930 1 INFO betopiaerp betopiaerp.addons.base.models.ir_attachment: filestore gc 1 checked, 1 removed 
2026-02-09 11:07:31,932 1 INFO betopiaerp betopiaerp.addons.web.tests.test_profiler: Starting TestProfilingWeb.test_profile_test_tool ... 
2026-02-09 11:07:31,935 1 INFO betopiaerp betopiaerp.addons.base.models.ir_http: Generating routing map for key None 
2026-02-09 11:07:31,978 1 INFO betopiaerp betopiaerp.tools.profiler: ir_profile 31 (2026-02-09 11:07:31 test_profile_test_tool) created 
2026-02-09 11:07:31,979 1 INFO betopiaerp werkzeug: 127.0.0.1 - - [09/Feb/2026 11:07:31] "GET /web HTTP/1.1" 303 - 5 0.002 0.043
2026-02-09 11:07:37,368 1 INFO betopiaerp betopiaerp.tools.profiler: ir_profile 32 (2026-02-09 11:07:31 test_profile_test_tool) created 
2026-02-09 11:07:37,369 1 INFO betopiaerp werkzeug: 127.0.0.1 - - [09/Feb/2026 11:07:37] "GET /web/login?redirect=/web? HTTP/1.1" 200 - 52 0.440 4.948
2026-02-09 11:07:37,532 1 INFO betopiaerp betopiaerp.tools.profiler: ir_profile 33 (2026-02-09 11:07:31 test_profile_test_tool) created 
2026-02-09 11:07:37,535 1 INFO betopiaerp betopiaerp.addons.web.tests.test_profiler: Starting TestProfilingWeb.test_profiling_enabled ... 
2026-02-09 11:07:37,538 1 INFO betopiaerp betopiaerp.addons.base.models.res_users: Login successful for login:admin from n/a 
2026-02-09 11:07:37,544 1 INFO betopiaerp betopiaerp.addons.base.models.ir_http: Generating routing map for key None 
2026-02-09 11:07:37,561 1 INFO betopiaerp betopiaerp.addons.base.models.ir_profile: User Administrator started profiling 
2026-02-09 11:07:37,565 1 INFO betopiaerp werkzeug: 127.0.0.1 - - [09/Feb/2026 11:07:37] "POST /web/dataset/call_kw/ir.profile/set_profiling#ir.profile.set_profiling HTTP/1.1" 200 - 16 0.003 0.018
2026-02-09 11:07:37,572 1 INFO betopiaerp betopiaerp.addons.base.models.ir_profile: User Administrator started profiling 
2026-02-09 11:07:37,573 1 INFO betopiaerp werkzeug: 127.0.0.1 - - [09/Feb/2026 11:07:37] "POST /web/dataset/call_kw/ir.profile/set_profiling#ir.profile.set_profiling HTTP/1.1" 200 - 9 0.001 0.003
2026-02-09 11:07:42,346 1 INFO betopiaerp betopiaerp.tools.profiler: ir_profile 34 (2026-02-09 11:07:37 Administrator) created 
2026-02-09 11:07:42,346 1 INFO betopiaerp werkzeug: 127.0.0.1 - - [09/Feb/2026 11:07:42] "GET /web/login HTTP/1.1" 200 - 44 0.011 4.760
2026-02-09 11:07:42,351 1 INFO betopiaerp betopiaerp.addons.base.models.ir_attachment: filestore gc 0 checked, 0 removed 
2026-02-09 11:07:42,353 1 INFO betopiaerp betopiaerp.addons.web.tests.test_profiler: Starting TestProfilingModes.test_profile_collectors ... 
2026-02-09 11:07:42,357 1 INFO betopiaerp betopiaerp.addons.base.models.res_users: Login successful for login:admin from n/a 
2026-02-09 11:07:42,362 1 INFO betopiaerp betopiaerp.addons.base.models.ir_http: Generating routing map for key None 
2026-02-09 11:07:42,371 1 INFO betopiaerp werkzeug: 127.0.0.1 - - [09/Feb/2026 11:07:42] "POST /web/dataset/call_kw/ir.profile/set_profiling#ir.profile.set_profiling HTTP/1.1" 200 - 2 0.000 0.009
2026-02-09 11:07:42,375 1 INFO betopiaerp betopiaerp.addons.base.models.ir_profile: User Administrator started profiling 
2026-02-09 11:07:42,376 1 INFO betopiaerp werkzeug: 127.0.0.1 - - [09/Feb/2026 11:07:42] "POST /web/dataset/call_kw/ir.profile/set_profiling#ir.profile.set_profiling HTTP/1.1" 200 - 4 0.001 0.003
2026-02-09 11:07:42,379 1 INFO betopiaerp werkzeug: 127.0.0.1 - - [09/Feb/2026 11:07:42] "POST /web/dataset/call_kw/ir.profile/set_profiling#ir.profile.set_profiling HTTP/1.1" 200 - 0 0.000 0.001
2026-02-09 11:07:42,382 1 INFO betopiaerp werkzeug: 127.0.0.1 - - [09/Feb/2026 11:07:42] "POST /web/dataset/call_kw/ir.profile/set_profiling#ir.profile.set_profiling HTTP/1.1" 200 - 0 0.000 0.001
2026-02-09 11:07:42,387 1 INFO betopiaerp betopiaerp.addons.base.models.ir_profile: User Administrator started profiling 
2026-02-09 11:07:42,388 1 INFO betopiaerp werkzeug: 127.0.0.1 - - [09/Feb/2026 11:07:42] "POST /web/dataset/call_kw/ir.profile/set_profiling#ir.profile.set_profiling HTTP/1.1" 200 - 2 0.000 0.003
2026-02-09 11:07:42,391 1 INFO betopiaerp betopiaerp.addons.base.models.ir_attachment: filestore gc 0 checked, 0 removed 
2026-02-09 11:07:42,393 1 INFO betopiaerp betopiaerp.addons.web.tests.test_profiler: Starting TestProfilingPublic.test_public_user_profiling ... 
2026-02-09 11:07:42,397 1 INFO betopiaerp betopiaerp.addons.base.models.ir_http: Generating routing map for key None 
2026-02-09 11:07:42,408 1 INFO betopiaerp betopiaerp.addons.base.models.ir_profile: User Public user started profiling 
2026-02-09 11:07:42,411 1 INFO betopiaerp werkzeug: 127.0.0.1 - - [09/Feb/2026 11:07:42] "GET /web/set_profiling?profile=1 HTTP/1.1" 500 - 16 0.002 0.012
2026-02-09 11:07:42,418 1 INFO betopiaerp betopiaerp.addons.base.models.ir_profile: User Public user started profiling 
2026-02-09 11:07:42,419 1 INFO betopiaerp werkzeug: 127.0.0.1 - - [09/Feb/2026 11:07:42] "GET /web/set_profiling?profile=1 HTTP/1.1" 200 - 9 0.001 0.003
2026-02-09 11:07:47,615 1 INFO betopiaerp betopiaerp.tools.profiler: ir_profile 35 (2026-02-09 11:07:42 Public user) created 
2026-02-09 11:07:47,616 1 INFO betopiaerp werkzeug: 127.0.0.1 - - [09/Feb/2026 11:07:47] "GET /web/login HTTP/1.1" 200 - 45 0.393 4.802
2026-02-09 11:07:47,622 1 INFO betopiaerp betopiaerp.addons.base.models.ir_attachment: filestore gc 0 checked, 0 removed 
2026-02-09 11:07:47,650 1 INFO betopiaerp betopiaerp.addons.web.tests.test_res_users: Starting TestUserSettings.test_user_group_settings ... 
2026-02-09 11:07:47,669 1 WARNING betopiaerp betopiaerp.addons.web.tests.test_res_users.TestUserSettings.test_user_group_settings: websocket-client module is not installed 
2026-02-09 11:07:47,670 1 INFO betopiaerp betopiaerp.addons.web.tests.test_res_users: skipped TestUserSettings.test_user_group_settings : websocket-client module is not installed 
2026-02-09 11:07:47,673 1 INFO betopiaerp betopiaerp.addons.base.models.ir_attachment: filestore gc 1 checked, 1 removed 
2026-02-09 11:07:47,674 1 INFO betopiaerp betopiaerp.addons.web.tests.test_web_search_read: Starting TestWebSearchRead.test_unity_web_search_read ... 
2026-02-09 11:07:47,677 1 INFO betopiaerp betopiaerp.addons.web.tests.test_web_search_read: Starting TestWebSearchRead.test_web_name_search ... 
2026-02-09 11:07:47,681 1 INFO betopiaerp betopiaerp.addons.base.models.ir_attachment: filestore gc 0 checked, 0 removed 
2026-02-09 11:07:47,707 1 INFO betopiaerp betopiaerp.addons.web.tests.test_webmanifest: Starting WebManifestRoutesTest.test_apple_touch_icon ... 
2026-02-09 11:07:47,714 1 INFO betopiaerp betopiaerp.addons.base.models.res_users: Login successful for login:demo from n/a 
2026-02-09 11:07:47,725 1 INFO ? werkzeug: 127.0.0.1 - - [09/Feb/2026 11:07:47] "GET /web/static/img/BetopiaERP-icon-ios.png HTTP/1.1" 200 - 0 0.000 0.006
2026-02-09 11:07:47,728 1 INFO betopiaerp betopiaerp.addons.base.models.ir_http: Generating routing map for key None 
2026-02-09 11:08:00,061 1 INFO betopiaerp werkzeug: 127.0.0.1 - - [09/Feb/2026 11:08:00] "GET /BetopiaERP HTTP/1.1" 200 - 55 0.013 12.321
2026-02-09 11:08:00,063 1 INFO betopiaerp betopiaerp.addons.web.tests.test_webmanifest: Starting WebManifestRoutesTest.test_offline_url ... 
2026-02-09 11:08:00,065 1 INFO betopiaerp betopiaerp.addons.base.models.ir_http: Generating routing map for key None 
2026-02-09 11:08:00,086 1 INFO betopiaerp werkzeug: 127.0.0.1 - - [09/Feb/2026 11:08:00] "GET /BetopiaERP/offline HTTP/1.1" 200 - 12 0.003 0.019
2026-02-09 11:08:00,088 1 INFO betopiaerp betopiaerp.addons.web.tests.test_webmanifest: Starting WebManifestRoutesTest.test_serviceworker ... 
2026-02-09 11:08:00,090 1 INFO betopiaerp betopiaerp.addons.base.models.ir_http: Generating routing map for key None 
2026-02-09 11:08:00,101 1 INFO betopiaerp werkzeug: 127.0.0.1 - - [09/Feb/2026 11:08:00] "GET /web/service-worker.js HTTP/1.1" 200 - 6 0.001 0.011
2026-02-09 11:08:00,103 1 INFO betopiaerp betopiaerp.addons.web.tests.test_webmanifest: Starting WebManifestRoutesTest.test_webmanifest ... 
2026-02-09 11:08:00,105 1 INFO betopiaerp betopiaerp.addons.base.models.res_users: Login successful for login:admin from n/a 
2026-02-09 11:08:00,110 1 INFO betopiaerp betopiaerp.addons.base.models.ir_http: Generating routing map for key None 
2026-02-09 11:08:00,125 1 INFO betopiaerp werkzeug: 127.0.0.1 - - [09/Feb/2026 11:08:00] "GET /web/manifest.webmanifest HTTP/1.1" 200 - 19 0.003 0.012
2026-02-09 11:08:00,126 1 INFO betopiaerp betopiaerp.addons.web.tests.test_webmanifest: Starting WebManifestRoutesTest.test_webmanifest_scoped ... 
2026-02-09 11:08:00,128 1 INFO betopiaerp betopiaerp.addons.base.models.ir_http: Generating routing map for key None 
2026-02-09 11:08:00,139 1 INFO betopiaerp werkzeug: 127.0.0.1 - - [09/Feb/2026 11:08:00] "GET /web/manifest.scoped_app_manifest?app_id=test&path=/test&app_name=Test HTTP/1.1" 200 - 6 0.001 0.010
2026-02-09 11:08:00,140 1 INFO betopiaerp betopiaerp.addons.web.tests.test_webmanifest: Starting WebManifestRoutesTest.test_webmanifest_unauthenticated ... 
2026-02-09 11:08:00,142 1 INFO betopiaerp betopiaerp.addons.base.models.ir_http: Generating routing map for key None 
2026-02-09 11:08:00,155 1 INFO betopiaerp betopiaerp.addons.base.models.ir_model: Access Denied by ACLs for operation: read, uid: 3, model: ir.module.module 
2026-02-09 11:08:00,157 1 INFO betopiaerp werkzeug: 127.0.0.1 - - [09/Feb/2026 11:08:00] "GET /web/manifest.webmanifest HTTP/1.1" 200 - 18 0.003 0.012
2026-02-09 11:08:00,160 1 INFO betopiaerp betopiaerp.addons.base.models.ir_attachment: filestore gc 1 checked, 1 removed 
2026-02-09 11:08:00,190 1 INFO betopiaerp betopiaerp.addons.api_doc.tests.test_doc: Starting TestDoc.test_doc_access ... 
2026-02-09 11:08:00,206 1 INFO betopiaerp betopiaerp.addons.base.models.res_users: Login successful for login:test_doc_access from n/a 
2026-02-09 11:08:00,211 1 INFO betopiaerp betopiaerp.addons.base.models.ir_http: Generating routing map for key None 
2026-02-09 11:08:00,220 1 INFO betopiaerp werkzeug: 127.0.0.1 - - [09/Feb/2026 11:08:00] "GET /doc HTTP/1.1" 403 - 5 0.001 0.009
2026-02-09 11:08:00,231 1 INFO betopiaerp werkzeug: 127.0.0.1 - - [09/Feb/2026 11:08:00] "GET /doc/index.json HTTP/1.1" 403 - 2 0.000 0.008
2026-02-09 11:08:00,238 1 INFO betopiaerp werkzeug: 127.0.0.1 - - [09/Feb/2026 11:08:00] "GET /doc/res.company.json HTTP/1.1" 403 - 2 0.000 0.005
2026-02-09 11:08:00,239 1 INFO betopiaerp betopiaerp.addons.api_doc.tests.test_doc: Starting TestDoc.test_doc_cache ... 
2026-02-09 11:08:00,242 1 INFO betopiaerp betopiaerp.addons.base.models.res_users: Login successful for login:demo from n/a 
2026-02-09 11:08:00,246 1 INFO betopiaerp betopiaerp.addons.base.models.ir_http: Generating routing map for key None 
2026-02-09 11:08:00,306 1 INFO betopiaerp betopiaerp.addons.api_doc.controllers.api_doc: new index attachment: BetopiaERP-doc-index-8-2888673e6705bcfeb2a9d11b774b9898e68071b76c35ee5873ac21a4e22e212a.json 
2026-02-09 11:08:00,308 1 INFO betopiaerp werkzeug: 127.0.0.1 - - [09/Feb/2026 11:08:00] "GET /doc/index.json HTTP/1.1" 200 - 26 0.011 0.051
2026-02-09 11:08:00,313 1 INFO betopiaerp werkzeug: 127.0.0.1 - - [09/Feb/2026 11:08:00] "GET /doc/index.json HTTP/1.1" 304 - 2 0.001 0.002
2026-02-09 11:08:00,316 1 INFO betopiaerp betopiaerp.addons.base.models.res_users: Login successful for login:admin from n/a 
2026-02-09 11:08:00,399 1 INFO betopiaerp betopiaerp.addons.api_doc.controllers.api_doc: new index attachment: BetopiaERP-doc-index-8-8fdc305272c32882d0de814be3e1a6473f69878966c90e24ee416f324d1b242b.json 
2026-02-09 11:08:00,400 1 INFO betopiaerp werkzeug: 127.0.0.1 - - [09/Feb/2026 11:08:00] "GET /doc/index.json HTTP/1.1" 200 - 15 0.010 0.071
2026-02-09 11:08:00,403 1 INFO betopiaerp betopiaerp.addons.api_doc.tests.test_doc: Starting TestDoc.test_doc_index_bearer ... 
2026-02-09 11:08:00,413 1 INFO betopiaerp betopiaerp.addons.base.models.res_users: Users API Keys generated: scope: <rpc> for 'demo' (#1078) from n/a 
2026-02-09 11:08:00,414 1 INFO betopiaerp betopiaerp.addons.base.models.ir_http: Generating routing map for key None 
2026-02-09 11:08:00,486 1 INFO betopiaerp betopiaerp.addons.api_doc.controllers.api_doc: new index attachment: BetopiaERP-doc-index-8-2888673e6705bcfeb2a9d11b774b9898e68071b76c35ee5873ac21a4e22e212a.json 
2026-02-09 11:08:00,488 1 INFO betopiaerp werkzeug: 127.0.0.1 - - [09/Feb/2026 11:08:00] "GET /doc-bearer/index.json HTTP/1.1" 200 - 23 0.013 0.061
2026-02-09 11:08:00,491 1 INFO betopiaerp betopiaerp.addons.api_doc.tests.test_doc: Starting TestDoc.test_doc_index_user ... 
2026-02-09 11:08:00,494 1 INFO betopiaerp betopiaerp.addons.base.models.res_users: Login successful for login:demo from n/a 
2026-02-09 11:08:00,499 1 INFO betopiaerp betopiaerp.addons.base.models.ir_http: Generating routing map for key None 
2026-02-09 11:08:00,559 1 INFO betopiaerp betopiaerp.addons.api_doc.controllers.api_doc: new index attachment: BetopiaERP-doc-index-8-2888673e6705bcfeb2a9d11b774b9898e68071b76c35ee5873ac21a4e22e212a.json 
2026-02-09 11:08:00,560 1 INFO betopiaerp werkzeug: 127.0.0.1 - - [09/Feb/2026 11:08:00] "GET /doc/index.json HTTP/1.1" 200 - 26 0.010 0.051
2026-02-09 11:08:00,563 1 INFO betopiaerp betopiaerp.addons.api_doc.tests.test_doc: Starting TestDoc.test_doc_model_bearer ... 
2026-02-09 11:08:00,571 1 INFO betopiaerp betopiaerp.addons.base.models.res_users: Users API Keys generated: scope: <rpc> for 'demo' (#1078) from n/a 
2026-02-09 11:08:00,572 1 INFO betopiaerp betopiaerp.addons.base.models.ir_http: Generating routing map for key None 
2026-02-09 11:08:00,746 1 INFO betopiaerp werkzeug: 127.0.0.1 - - [09/Feb/2026 11:08:00] "GET /doc-bearer/res.partner.json HTTP/1.1" 200 - 17 0.004 0.170
2026-02-09 11:08:00,749 1 INFO betopiaerp betopiaerp.addons.api_doc.tests.test_doc: Starting TestDoc.test_doc_model_user ... 
2026-02-09 11:08:00,753 1 INFO betopiaerp betopiaerp.addons.base.models.res_users: Login successful for login:demo from n/a 
2026-02-09 11:08:00,761 1 INFO betopiaerp betopiaerp.addons.base.models.ir_http: Generating routing map for key None 
2026-02-09 11:08:00,973 1 INFO betopiaerp werkzeug: 127.0.0.1 - - [09/Feb/2026 11:08:00] "GET /doc/res.partner.json HTTP/1.1" 200 - 20 0.007 0.206
2026-02-09 11:08:00,975 1 INFO betopiaerp betopiaerp.addons.api_doc.tests.test_doc: Starting TestDoc.test_doc_web_client ... 
2026-02-09 11:08:00,979 1 INFO betopiaerp betopiaerp.addons.base.models.res_users: Login successful for login:demo from n/a 
2026-02-09 11:08:00,983 1 INFO betopiaerp betopiaerp.addons.base.models.ir_http: Generating routing map for key None 
2026-02-09 11:08:02,003 1 INFO betopiaerp werkzeug: 127.0.0.1 - - [09/Feb/2026 11:08:02] "GET /doc HTTP/1.1" 200 - 20 0.005 1.015
2026-02-09 11:08:02,004 1 INFO betopiaerp betopiaerp.addons.api_doc.tests.test_doc: Starting TestDoc.test_ghost_model_robustness ... 
2026-02-09 11:08:02,011 1 INFO betopiaerp betopiaerp.addons.base.models.res_users: Login successful for login:demo from n/a 
2026-02-09 11:08:02,016 1 INFO betopiaerp betopiaerp.addons.base.models.ir_http: Generating routing map for key None 
2026-02-09 11:08:02,076 1 INFO betopiaerp betopiaerp.addons.api_doc.controllers.api_doc: new index attachment: BetopiaERP-doc-index-8-2888673e6705bcfeb2a9d11b774b9898e68071b76c35ee5873ac21a4e22e212a.json 
2026-02-09 11:08:02,077 1 INFO betopiaerp werkzeug: 127.0.0.1 - - [09/Feb/2026 11:08:02] "GET /doc/index.json HTTP/1.1" 200 - 26 0.012 0.051
2026-02-09 11:08:02,079 1 INFO betopiaerp betopiaerp.addons.api_doc.tests.test_doc: Starting TestDoc.test_parse_signature ... 
2026-02-09 11:08:02,098 1 INFO betopiaerp betopiaerp.addons.base.models.ir_attachment: filestore gc 4 checked, 4 removed 
2026-02-09 11:08:02,118 1 INFO betopiaerp betopiaerp.addons.auth_totp.tests.test_apikeys: Starting TestAPIKeys.test_addremove ... 
2026-02-09 11:08:02,137 1 WARNING betopiaerp betopiaerp.addons.auth_totp.tests.test_apikeys.TestAPIKeys.test_addremove: websocket-client module is not installed 
2026-02-09 11:08:02,138 1 INFO betopiaerp betopiaerp.addons.auth_totp.tests.test_apikeys: skipped TestAPIKeys.test_addremove : websocket-client module is not installed 
2026-02-09 11:08:02,139 1 INFO betopiaerp betopiaerp.addons.auth_totp.tests.test_apikeys: Starting TestAPIKeys.test_apikeys_totp ... 
2026-02-09 11:08:02,151 1 WARNING betopiaerp betopiaerp.addons.auth_totp.tests.test_apikeys.TestAPIKeys.test_apikeys_totp: websocket-client module is not installed 
2026-02-09 11:08:02,151 1 INFO betopiaerp betopiaerp.addons.auth_totp.tests.test_apikeys: skipped TestAPIKeys.test_apikeys_totp : websocket-client module is not installed 
2026-02-09 11:08:02,154 1 INFO betopiaerp betopiaerp.addons.base.models.ir_attachment: filestore gc 1 checked, 1 removed 
2026-02-09 11:08:02,173 1 INFO betopiaerp betopiaerp.addons.auth_totp.tests.test_totp: Starting TestTOTP.test_totp ... 
2026-02-09 11:08:02,191 1 WARNING betopiaerp betopiaerp.addons.auth_totp.tests.test_totp.TestTOTP.test_totp: websocket-client module is not installed 
2026-02-09 11:08:02,191 1 INFO betopiaerp betopiaerp.addons.auth_totp.tests.test_totp: skipped TestTOTP.test_totp : websocket-client module is not installed 
2026-02-09 11:08:02,192 1 INFO betopiaerp betopiaerp.addons.auth_totp.tests.test_totp: Starting TestTOTP.test_totp_administration ... 
2026-02-09 11:08:02,203 1 WARNING betopiaerp betopiaerp.addons.auth_totp.tests.test_totp.TestTOTP.test_totp_administration: websocket-client module is not installed 
2026-02-09 11:08:02,203 1 INFO betopiaerp betopiaerp.addons.auth_totp.tests.test_totp: skipped TestTOTP.test_totp_administration : websocket-client module is not installed 
2026-02-09 11:08:02,204 1 INFO betopiaerp betopiaerp.addons.auth_totp.tests.test_totp: Starting TestTOTP.test_totp_authenticate ... 
2026-02-09 11:08:02,218 1 WARNING betopiaerp betopiaerp.addons.auth_totp.tests.test_totp.TestTOTP.test_totp_authenticate: websocket-client module is not installed 
2026-02-09 11:08:02,218 1 INFO betopiaerp betopiaerp.addons.auth_totp.tests.test_totp: skipped TestTOTP.test_totp_authenticate : websocket-client module is not installed 
2026-02-09 11:08:02,221 1 INFO betopiaerp betopiaerp.addons.base.models.ir_attachment: filestore gc 1 checked, 1 removed 
2026-02-09 11:08:02,222 1 INFO betopiaerp betopiaerp.addons.base_import_module.tests.test_import_module: Starting TestImportModule.test_import_and_uninstall_module ... 
2026-02-09 11:08:02,244 1 INFO betopiaerp betopiaerp.addons.base_import_module.models.ir_module: Successfully imported module 'test_module' 
2026-02-09 11:08:02,248 1 INFO betopiaerp betopiaerp.addons.base.models.ir_module: ALLOW access to module.module_uninstall on ['Test Module'] to user __system__ #1 via n/a 
2026-02-09 11:08:02,249 1 INFO betopiaerp betopiaerp.addons.base.models.ir_model: Deleting ir.asset(119,) 
2026-02-09 11:08:02,256 1 INFO betopiaerp betopiaerp.models.unlink: User #1 deleted ir.model.data records with IDs: [78504] 
2026-02-09 11:08:02,256 1 INFO betopiaerp betopiaerp.models.unlink: User #1 deleted ir.asset records with IDs: [119] 
2026-02-09 11:08:02,257 1 INFO betopiaerp betopiaerp.addons.base.models.ir_model: Deleting ir.attachment(5560,) 
2026-02-09 11:08:02,262 1 INFO betopiaerp betopiaerp.models.unlink: User #1 deleted ir.model.data records with IDs: [78503] 
2026-02-09 11:08:02,262 1 INFO betopiaerp betopiaerp.models.unlink: User #1 deleted ir.attachment records with IDs: [5560] 
2026-02-09 11:08:02,264 1 INFO betopiaerp betopiaerp.addons.base.models.ir_model: ir.model.data could not be deleted ([]) 
2026-02-09 11:08:02,266 1 INFO betopiaerp betopiaerp.models.unlink: User #1 deleted ir.model.data records with IDs: [78504, 78503] 
2026-02-09 11:08:02,267 1 INFO betopiaerp betopiaerp.addons.base_import_module.models.ir_module: deleting imported modules upon uninstallation: test_module 
2026-02-09 11:08:02,272 1 INFO betopiaerp betopiaerp.models.unlink: User #1 deleted ir.model.data records with IDs: [78502] 
2026-02-09 11:08:02,273 1 INFO betopiaerp betopiaerp.models.unlink: User #1 deleted ir.module.module records with IDs: [775] 
2026-02-09 11:08:02,274 1 INFO betopiaerp betopiaerp.addons.base_import_module.tests.test_import_module: Starting TestImportModule.test_import_and_update_module ... 
2026-02-09 11:08:02,313 1 INFO betopiaerp betopiaerp.addons.base_import_module.models.ir_module: Successfully imported module 'test_module' 
2026-02-09 11:08:02,332 1 INFO betopiaerp betopiaerp.addons.base_import_module.models.ir_module: Successfully imported module 'test_module' 
2026-02-09 11:08:02,334 1 INFO betopiaerp betopiaerp.addons.base_import_module.tests.test_import_module: Starting TestImportModule.test_import_modules_with_dependencies ... 
2026-02-09 11:08:02,349 1 INFO betopiaerp betopiaerp.addons.base_import_module.models.ir_module: module foo: loading partner.xml 
2026-02-09 11:08:02,358 1 INFO betopiaerp betopiaerp.addons.base_import_module.models.ir_module: Successfully imported module 'foo' 
2026-02-09 11:08:02,367 1 INFO betopiaerp betopiaerp.addons.base_import_module.models.ir_module: Successfully imported module 'bar' 
2026-02-09 11:08:02,374 1 INFO betopiaerp betopiaerp.addons.base_import_module.models.ir_module: module baz: loading partner.xml 
2026-02-09 11:08:02,382 1 INFO betopiaerp betopiaerp.addons.base_import_module.models.ir_module: Successfully imported module 'baz' 
2026-02-09 11:08:02,384 1 INFO betopiaerp betopiaerp.addons.base_import_module.tests.test_import_module: Starting TestImportModule.test_import_wrong_dependencies ... 
2026-02-09 11:08:02,402 1 INFO betopiaerp betopiaerp.addons.base_import_module.tests.test_import_module: Starting TestImportModule.test_import_zip ... 
2026-02-09 11:08:14,853 1 INFO betopiaerp betopiaerp.addons.base_import_module.tests.test_import_module: Starting TestImportModule.test_import_zip_data_not_in_manifest ... 
2026-02-09 11:08:14,868 1 INFO betopiaerp betopiaerp.addons.base_import_module.models.ir_module: module foo: loading foo.xml 
2026-02-09 11:08:14,878 1 INFO betopiaerp betopiaerp.addons.base_import_module.models.ir_module: Successfully imported module 'foo' 
2026-02-09 11:08:14,880 1 INFO betopiaerp betopiaerp.addons.base_import_module.tests.test_import_module: Starting TestImportModule.test_import_zip_extract_only_useful ... 
2026-02-09 11:08:14,894 1 INFO betopiaerp betopiaerp.addons.base_import_module.models.ir_module: module foo: loading data.xml 
2026-02-09 11:08:14,902 1 INFO betopiaerp betopiaerp.addons.base_import_module.models.ir_module: module foo: skip unsupported file res.partner.xls 
2026-02-09 11:08:14,908 1 INFO betopiaerp betopiaerp.addons.base_import_module.models.ir_module: Successfully imported module 'foo' 
2026-02-09 11:08:14,909 1 INFO betopiaerp betopiaerp.addons.base_import_module.tests.test_import_module: Starting TestImportModule.test_import_zip_ignore_unexpected_data_extension ... 
2026-02-09 11:08:14,927 1 INFO betopiaerp betopiaerp.addons.base_import_module.tests.test_import_module: Starting TestImportModule.test_import_zip_invalid_data ... 
2026-02-09 11:08:14,966 1 INFO betopiaerp betopiaerp.addons.base_import_module.tests.test_import_module: Starting TestImportModule.test_import_zip_invalid_manifest ... 
2026-02-09 11:08:14,970 1 INFO betopiaerp betopiaerp.addons.base_import_module.tests.test_import_module: Starting TestImportModule.test_import_zip_wildcard_assets ... 
2026-02-09 11:08:14,990 1 INFO betopiaerp betopiaerp.addons.base_import_module.tests.test_import_module: Starting TestImportModule.test_multiple_file_open_temporary_directory ... 
2026-02-09 11:08:14,995 1 INFO betopiaerp betopiaerp.addons.base.models.ir_attachment: filestore gc 8 checked, 8 removed 
2026-02-09 11:08:14,998 1 INFO betopiaerp betopiaerp.addons.base_import_module.tests.test_import_module: Starting TestImportModuleHttp.test_check_zip_dependencies ... 
2026-02-09 11:08:15,015 1 INFO betopiaerp betopiaerp.addons.base_import_module.tests.test_import_module: Starting TestImportModuleHttp.test_import_module_assets_http ... 
2026-02-09 11:08:15,034 1 INFO betopiaerp betopiaerp.addons.base_import_module.models.ir_module: Successfully imported module 'foo' 
2026-02-09 11:08:15,037 1 INFO betopiaerp betopiaerp.addons.base.models.ir_http: Generating routing map for key None 
2026-02-09 11:08:15,048 1 INFO betopiaerp werkzeug: 127.0.0.1 - - [09/Feb/2026 11:08:15] "GET /foo/static/src/js/test.js HTTP/1.1" 200 - 5 0.001 0.010
2026-02-09 11:08:15,049 1 INFO betopiaerp betopiaerp.addons.base_import_module.tests.test_import_module: Starting TestImportModuleHttp.test_import_module_field_file ... 
2026-02-09 11:08:15,065 1 INFO betopiaerp betopiaerp.addons.base_import_module.models.ir_module: module foo: loading data.xml 
2026-02-09 11:08:15,075 1 INFO betopiaerp betopiaerp.addons.base.models.ir_attachment: Post processing ignored : This file could not be decoded as an image file. 
2026-02-09 11:08:15,078 1 INFO betopiaerp betopiaerp.addons.base_import_module.models.ir_module: Successfully imported module 'foo' 
2026-02-09 11:08:15,081 1 INFO betopiaerp betopiaerp.addons.base.models.ir_http: Generating routing map for key None 
2026-02-09 11:08:15,090 1 INFO betopiaerp werkzeug: 127.0.0.1 - - [09/Feb/2026 11:08:15] "GET /foo/static/src/img/content/logo.png HTTP/1.1" 200 - 5 0.001 0.008
2026-02-09 11:08:15,091 1 INFO betopiaerp betopiaerp.addons.base_import_module.tests.test_import_module: Starting TestImportModuleHttp.test_import_module_icon ... 
2026-02-09 11:08:15,109 1 INFO betopiaerp betopiaerp.addons.base_import_module.models.ir_module: Successfully imported module 'bar' 
2026-02-09 11:08:15,117 1 INFO betopiaerp betopiaerp.addons.base.models.ir_attachment: Post processing ignored : This file could not be decoded as an image file. 
2026-02-09 11:08:15,121 1 INFO betopiaerp betopiaerp.addons.base_import_module.models.ir_module: Successfully imported module 'foo' 
2026-02-09 11:08:15,125 1 INFO betopiaerp betopiaerp.addons.base.models.ir_http: Generating routing map for key None 
2026-02-09 11:08:15,133 1 INFO betopiaerp werkzeug: 127.0.0.1 - - [09/Feb/2026 11:08:15] "GET /foo/static/description/icon.png HTTP/1.1" 200 - 5 0.001 0.008
2026-02-09 11:08:15,143 1 INFO betopiaerp betopiaerp.addons.base.models.ir_attachment: filestore gc 3 checked, 3 removed 
2026-02-09 11:08:15,145 1 INFO betopiaerp betopiaerp.addons.bus.tests.test_assetsbundle: Starting BusWebTests.test_bundle_sends_bus ... 
2026-02-09 11:08:15,148 1 INFO betopiaerp betopiaerp.models.unlink: User #1 deleted ir.attachment records with IDs: [704, 703, 702, 701, 700, 699, 698, 697, 690, 689, 688, 687, 686, 685, 15] 
2026-02-09 11:08:15,150 1 INFO betopiaerp betopiaerp.addons.base.models.ir_http: Generating routing map for key None 
2026-02-09 11:08:24,391 1 INFO betopiaerp betopiaerp.addons.base.models.assetsbundle: Generating a new asset bundle attachment /web/assets/79c07a3/web.assets_web.min.js (id:5574) 
2026-02-09 11:08:24,393 1 INFO betopiaerp werkzeug: 127.0.0.1 - - [09/Feb/2026 11:08:24] "GET /web/assets/any/web.assets_web.min.js HTTP/1.1" 200 - 28 0.007 9.237
2026-02-09 11:08:27,239 1 INFO betopiaerp betopiaerp.addons.base.models.assetsbundle: Generating a new asset bundle attachment /web/assets/8d9a021/web.assets_web.min.css (id:5575) 
2026-02-09 11:08:27,242 1 INFO betopiaerp werkzeug: 127.0.0.1 - - [09/Feb/2026 11:08:27] "GET /web/assets/any/web.assets_web.min.css HTTP/1.1" 200 - 8 0.016 2.802
2026-02-09 11:08:36,606 1 INFO betopiaerp betopiaerp.addons.base.models.assetsbundle: Generating a new asset bundle attachment /web/assets/5587ac6/web.assets_backend.min.js (id:5576) 
2026-02-09 11:08:36,608 1 INFO betopiaerp werkzeug: 127.0.0.1 - - [09/Feb/2026 11:08:36] "GET /web/assets/any/web.assets_backend.min.js HTTP/1.1" 200 - 19 0.005 9.345
2026-02-09 11:08:39,499 1 INFO betopiaerp betopiaerp.addons.base.models.assetsbundle: Generating a new asset bundle attachment /web/assets/8d9a021/web.assets_backend.min.css (id:5577) 
2026-02-09 11:08:39,502 1 INFO betopiaerp werkzeug: 127.0.0.1 - - [09/Feb/2026 11:08:39] "GET /web/assets/any/web.assets_backend.min.css HTTP/1.1" 200 - 8 0.013 2.852
2026-02-09 11:08:39,511 1 INFO betopiaerp betopiaerp.addons.base.models.ir_attachment: filestore gc 12 checked, 1 removed 
2026-02-09 11:08:39,514 1 INFO betopiaerp betopiaerp.addons.bus.tests.test_bus_gc: Starting TestBusGC.test_custom_gc_retention_window ... 
2026-02-09 11:08:39,516 1 INFO betopiaerp betopiaerp.models.unlink: User #1 deleted bus.bus records with IDs: [4, 5] 
2026-02-09 11:08:39,538 1 INFO betopiaerp betopiaerp.addons.bus.tests.test_bus_gc: Starting TestBusGC.test_default_gc_retention_window ... 
2026-02-09 11:08:39,541 1 INFO betopiaerp betopiaerp.models.unlink: User #1 deleted bus.bus records with IDs: [4, 5] 
2026-02-09 11:08:39,565 1 INFO betopiaerp betopiaerp.addons.base.models.ir_attachment: filestore gc 0 checked, 0 removed 
2026-02-09 11:08:39,568 1 WARNING betopiaerp betopiaerp.addons.bus.tests.test_close_websocket_after_tour.TestCloseWebsocketAfterTour: websocket-client module is not installed 
2026-02-09 11:08:39,568 1 INFO betopiaerp betopiaerp.tests.suite: skipped setUpClass (betopiaerp.addons.bus.tests.test_close_websocket_after_tour.TestCloseWebsocketAfterTour) : websocket-client module is not installed 
2026-02-09 11:08:39,570 1 INFO betopiaerp betopiaerp.addons.base.models.ir_attachment: filestore gc 0 checked, 0 removed 
2026-02-09 11:08:39,572 1 INFO betopiaerp betopiaerp.addons.bus.tests.test_ir_model: Starting TestGetModelDefinitions.test_access_all_model_fields ... 
2026-02-09 11:08:39,575 1 INFO betopiaerp betopiaerp.addons.bus.tests.test_ir_model: Starting TestGetModelDefinitions.test_access_cr ... 
2026-02-09 11:08:39,578 1 INFO betopiaerp betopiaerp.addons.bus.tests.test_ir_model: Starting TestGetModelDefinitions.test_relational_fields_with_missing_model ... 
2026-02-09 11:08:39,583 1 INFO betopiaerp betopiaerp.addons.base.models.ir_attachment: filestore gc 0 checked, 0 removed 
2026-02-09 11:08:39,585 1 WARNING betopiaerp betopiaerp.addons.bus.tests.test_ir_websocket.TestIrWebsocket: websocket-client module is not installed 
2026-02-09 11:08:39,585 1 INFO betopiaerp betopiaerp.tests.suite: skipped setUpClass (betopiaerp.addons.bus.tests.test_ir_websocket.TestIrWebsocket) : websocket-client module is not installed 
2026-02-09 11:08:39,587 1 INFO betopiaerp betopiaerp.addons.base.models.ir_attachment: filestore gc 0 checked, 0 removed 
2026-02-09 11:08:39,589 1 WARNING betopiaerp betopiaerp.addons.bus.tests.test_websocket_caryall.TestWebsocketCaryall: websocket-client module is not installed 
2026-02-09 11:08:39,589 1 INFO betopiaerp betopiaerp.tests.suite: skipped setUpClass (betopiaerp.addons.bus.tests.test_websocket_caryall.TestWebsocketCaryall) : websocket-client module is not installed 
2026-02-09 11:08:39,592 1 INFO betopiaerp betopiaerp.addons.base.models.ir_attachment: filestore gc 0 checked, 0 removed 
2026-02-09 11:08:39,595 1 WARNING betopiaerp betopiaerp.addons.bus.tests.test_websocket_rate_limiting.TestWebsocketRateLimiting: websocket-client module is not installed 
2026-02-09 11:08:39,595 1 INFO betopiaerp betopiaerp.tests.suite: skipped setUpClass (betopiaerp.addons.bus.tests.test_websocket_rate_limiting.TestWebsocketRateLimiting) : websocket-client module is not installed 
2026-02-09 11:08:39,597 1 INFO betopiaerp betopiaerp.addons.base.models.ir_attachment: filestore gc 0 checked, 0 removed 
2026-02-09 11:08:39,613 1 INFO betopiaerp betopiaerp.addons.web_tour.tests.test_tours: Starting TestTour.test_get_current_tour ... 
2026-02-09 11:08:39,620 1 INFO betopiaerp betopiaerp.addons.web_tour.tests.test_tours: Starting TestTour.test_get_tour_json_by_name ... 
2026-02-09 11:08:39,624 1 INFO betopiaerp betopiaerp.addons.base.models.ir_attachment: filestore gc 0 checked, 0 removed 
2026-02-09 11:08:39,626 1 INFO betopiaerp betopiaerp.addons.web_tour.tests.test_tours: Starting WebTourHttp.test_sanity_automatic ... 
2026-02-09 11:08:39,675 1 WARNING betopiaerp betopiaerp.addons.web_tour.tests.test_tours.WebTourHttp.test_sanity_automatic: websocket-client module is not installed 
2026-02-09 11:08:39,675 1 INFO betopiaerp betopiaerp.addons.web_tour.tests.test_tours: skipped WebTourHttp.test_sanity_automatic : websocket-client module is not installed 
2026-02-09 11:08:39,676 1 INFO betopiaerp betopiaerp.addons.web_tour.tests.test_tours: Starting WebTourHttp.test_sanity_onboarding ... 
2026-02-09 11:08:39,693 1 WARNING betopiaerp betopiaerp.addons.web_tour.tests.test_tours.WebTourHttp.test_sanity_onboarding: websocket-client module is not installed 
2026-02-09 11:08:39,693 1 INFO betopiaerp betopiaerp.addons.web_tour.tests.test_tours: skipped WebTourHttp.test_sanity_onboarding : websocket-client module is not installed 
2026-02-09 11:08:39,697 1 INFO betopiaerp betopiaerp.addons.base.models.ir_attachment: filestore gc 0 checked, 0 removed 
2026-02-09 11:08:39,722 1 INFO betopiaerp betopiaerp.addons.auth_passkey.tests.test_passkey_demo: Starting PasskeyTestTours.test_passkey_backend ... 
2026-02-09 11:08:39,728 1 INFO betopiaerp betopiaerp.addons.auth_passkey.models.auth_passkey_key: Passkey (#43) deleted by __system__ (#1) from n/a 
2026-02-09 11:08:39,729 1 INFO betopiaerp betopiaerp.addons.auth_passkey.models.auth_passkey_key: Passkey (#42) deleted by __system__ (#1) from n/a 
2026-02-09 11:08:39,731 1 INFO betopiaerp betopiaerp.models.unlink: User #1 deleted auth.passkey.key records with IDs: [43, 42] 
2026-02-09 11:08:39,746 1 WARNING betopiaerp betopiaerp.addons.auth_passkey.tests.test_passkey_demo.PasskeyTestTours.test_passkey_backend: websocket-client module is not installed 
2026-02-09 11:08:39,747 1 INFO betopiaerp betopiaerp.addons.auth_passkey.tests.test_passkey_demo: skipped PasskeyTestTours.test_passkey_backend : websocket-client module is not installed 
2026-02-09 11:08:39,747 1 INFO betopiaerp betopiaerp.addons.auth_passkey.tests.test_passkey_demo: Starting PasskeyTestTours.test_passkey_login ... 
2026-02-09 11:08:39,762 1 WARNING betopiaerp betopiaerp.addons.auth_passkey.tests.test_passkey_demo.PasskeyTestTours.test_passkey_login: websocket-client module is not installed 
2026-02-09 11:08:39,763 1 INFO betopiaerp betopiaerp.addons.auth_passkey.tests.test_passkey_demo: skipped PasskeyTestTours.test_passkey_login : websocket-client module is not installed 
2026-02-09 11:08:39,766 1 INFO betopiaerp betopiaerp.addons.base.models.ir_attachment: filestore gc 1 checked, 1 removed 
2026-02-09 11:08:39,791 1 INFO betopiaerp betopiaerp.addons.html_editor.tests.test_controller: Starting TestController.test_01_upload_document ... 
2026-02-09 11:08:39,798 1 INFO betopiaerp betopiaerp.addons.base.models.res_users: Login successful for login:admin from n/a 
2026-02-09 11:08:39,803 1 INFO betopiaerp betopiaerp.addons.base.models.ir_http: Generating routing map for key None 
2026-02-09 11:08:39,817 1 INFO betopiaerp werkzeug: 127.0.0.1 - - [09/Feb/2026 11:08:39] "POST /html_editor/attachment/add_data HTTP/1.1" 200 - 12 0.003 0.012
2026-02-09 11:08:39,821 1 INFO betopiaerp werkzeug: 127.0.0.1 - - [09/Feb/2026 11:08:39] "GET /web/content/5588?unique=7b502c3a1f48c8609ae212cdfb639dee39673f5e&download=true HTTP/1.1" 200 - 3 0.000 0.002
2026-02-09 11:08:39,823 1 INFO betopiaerp betopiaerp.addons.html_editor.tests.test_controller: Starting TestController.test_03_get_image_info ... 
2026-02-09 11:08:39,825 1 INFO betopiaerp betopiaerp.addons.base.models.res_users: Login successful for login:admin from n/a 
2026-02-09 11:08:39,829 1 INFO betopiaerp betopiaerp.addons.base.models.ir_http: Generating routing map for key None 
2026-02-09 11:08:39,844 1 INFO betopiaerp werkzeug: 127.0.0.1 - - [09/Feb/2026 11:08:39] "POST /html_editor/attachment/add_data HTTP/1.1" 200 - 20 0.004 0.011
2026-02-09 11:08:39,849 1 INFO betopiaerp werkzeug: 127.0.0.1 - - [09/Feb/2026 11:08:39] "POST /html_editor/get_image_info HTTP/1.1" 200 - 3 0.000 0.002
2026-02-09 11:08:39,850 1 INFO betopiaerp betopiaerp.addons.html_editor.tests.test_controller: Starting TestController.test_04_admin_attachment ... 
2026-02-09 11:08:39,852 1 INFO betopiaerp betopiaerp.addons.base.models.res_users: Login successful for login:admin_user from n/a 
2026-02-09 11:08:39,856 1 INFO betopiaerp betopiaerp.addons.base.models.ir_http: Generating routing map for key None 
2026-02-09 11:08:39,873 1 INFO betopiaerp werkzeug: 127.0.0.1 - - [09/Feb/2026 11:08:39] "POST /html_editor/attachment/add_data HTTP/1.1" 200 - 20 0.004 0.013
2026-02-09 11:08:39,875 1 INFO betopiaerp betopiaerp.addons.html_editor.tests.test_controller: Starting TestController.test_05_internal_link_preview ... 
2026-02-09 11:08:39,877 1 INFO betopiaerp betopiaerp.addons.base.models.res_users: Login successful for login:admin_user from n/a 
2026-02-09 11:08:39,882 1 INFO betopiaerp betopiaerp.addons.base.models.ir_http: Generating routing map for key None 
2026-02-09 11:08:39,893 1 INFO betopiaerp werkzeug: 127.0.0.1 - - [09/Feb/2026 11:08:39] "POST /html_editor/link_preview_internal HTTP/1.1" 200 - 7 0.001 0.010
2026-02-09 11:08:39,896 1 INFO betopiaerp werkzeug: 127.0.0.1 - - [09/Feb/2026 11:08:39] "POST /html_editor/link_preview_internal HTTP/1.1" 200 - 1 0.000 0.001
2026-02-09 11:08:39,902 1 INFO betopiaerp werkzeug: 127.0.0.1 - - [09/Feb/2026 11:08:39] "POST /html_editor/link_preview_internal HTTP/1.1" 200 - 11 0.001 0.003
2026-02-09 11:08:39,904 1 INFO betopiaerp werkzeug: 127.0.0.1 - - [09/Feb/2026 11:08:39] "POST /html_editor/link_preview_internal HTTP/1.1" 200 - 0 0.000 0.001
2026-02-09 11:08:39,907 1 INFO betopiaerp werkzeug: 127.0.0.1 - - [09/Feb/2026 11:08:39] "POST /html_editor/link_preview_internal HTTP/1.1" 200 - 0 0.000 0.001
2026-02-09 11:08:39,909 1 INFO betopiaerp werkzeug: 127.0.0.1 - - [09/Feb/2026 11:08:39] "POST /html_editor/link_preview_internal HTTP/1.1" 200 - 0 0.000 0.001
2026-02-09 11:08:39,912 1 INFO betopiaerp werkzeug: 127.0.0.1 - - [09/Feb/2026 11:08:39] "POST /html_editor/link_preview_internal HTTP/1.1" 200 - 0 0.000 0.001
2026-02-09 11:08:39,916 1 INFO betopiaerp werkzeug: 127.0.0.1 - - [09/Feb/2026 11:08:39] "POST /html_editor/link_preview_internal HTTP/1.1" 200 - 2 0.000 0.002
2026-02-09 11:08:39,920 1 INFO betopiaerp werkzeug: 127.0.0.1 - - [09/Feb/2026 11:08:39] "POST /html_editor/link_preview_internal HTTP/1.1" 200 - 1 0.000 0.001
2026-02-09 11:08:39,923 1 INFO betopiaerp betopiaerp.addons.base.models.ir_attachment: filestore gc 4 checked, 4 removed 
2026-02-09 11:08:39,924 1 INFO betopiaerp betopiaerp.addons.html_editor.tests.test_diff_utils: Starting TestPatchUtils.test_multiple_revision ... 
2026-02-09 11:08:39,924 1 INFO betopiaerp betopiaerp.addons.html_editor.tests.test_diff_utils: Starting TestPatchUtils.test_new_content_add_line ... 
2026-02-09 11:08:39,925 1 INFO betopiaerp betopiaerp.addons.html_editor.tests.test_diff_utils: Starting TestPatchUtils.test_new_content_is_equal ... 
2026-02-09 11:08:39,925 1 INFO betopiaerp betopiaerp.addons.html_editor.tests.test_diff_utils: Starting TestPatchUtils.test_new_content_is_falsy ... 
2026-02-09 11:08:39,926 1 INFO betopiaerp betopiaerp.addons.html_editor.tests.test_diff_utils: Starting TestPatchUtils.test_new_content_multiple_operation ... 
2026-02-09 11:08:39,926 1 INFO betopiaerp betopiaerp.addons.html_editor.tests.test_diff_utils: Starting TestPatchUtils.test_new_content_remove_line ... 
2026-02-09 11:08:39,927 1 INFO betopiaerp betopiaerp.addons.html_editor.tests.test_diff_utils: Starting TestPatchUtils.test_new_content_replace_line ... 
2026-02-09 11:08:39,927 1 INFO betopiaerp betopiaerp.addons.html_editor.tests.test_diff_utils: Starting TestPatchUtils.test_replace_class_and_content ... 
2026-02-09 11:08:39,927 1 INFO betopiaerp betopiaerp.addons.html_editor.tests.test_diff_utils: Starting TestPatchUtils.test_replace_class_and_deep_content ... 
2026-02-09 11:08:39,928 1 INFO betopiaerp betopiaerp.addons.html_editor.tests.test_diff_utils: Starting TestPatchUtils.test_replace_complex ... 
2026-02-09 11:08:39,928 1 INFO betopiaerp betopiaerp.addons.html_editor.tests.test_diff_utils: Starting TestPatchUtils.test_replace_just_class ... 
2026-02-09 11:08:39,928 1 INFO betopiaerp betopiaerp.addons.html_editor.tests.test_diff_utils: Starting TestPatchUtils.test_replace_nested_divs ... 
2026-02-09 11:08:39,929 1 INFO betopiaerp betopiaerp.addons.html_editor.tests.test_diff_utils: Starting TestPatchUtils.test_replace_tag ... 
2026-02-09 11:08:39,929 1 INFO betopiaerp betopiaerp.addons.html_editor.tests.test_diff_utils: Starting TestPatchUtils.test_replace_tag_multiline ... 
2026-02-09 11:08:39,929 1 INFO betopiaerp betopiaerp.addons.html_editor.tests.test_diff_utils: Starting TestPatchUtils.test_replace_twice_just_class ... 
2026-02-09 11:08:39,930 1 INFO betopiaerp betopiaerp.addons.html_editor.tests.test_diff_utils: Starting TestPatchUtils.test_replace_with_just_class ... 
2026-02-09 11:08:39,930 1 INFO betopiaerp betopiaerp.addons.html_editor.tests.test_diff_utils: Starting TestPatchUtils.test_same_tag_replace_fixer ... 
2026-02-09 11:08:39,930 1 INFO betopiaerp betopiaerp.addons.html_editor.tests.test_diff_utils: Starting TestPatchUtils.test_simple_addition ... 
2026-02-09 11:08:39,931 1 INFO betopiaerp betopiaerp.addons.html_editor.tests.test_diff_utils: Starting TestPatchUtils.test_simple_removal ... 
2026-02-09 11:08:39,933 1 INFO betopiaerp betopiaerp.addons.html_editor.tests.test_modify_image_no_data: Starting TestModifyImageNoData.test_modify_image_no_data ... 
2026-02-09 11:08:39,936 1 INFO betopiaerp betopiaerp.addons.base.models.res_users: Login successful for login:admin from n/a 
2026-02-09 11:08:39,941 1 INFO betopiaerp betopiaerp.addons.base.models.ir_http: Generating routing map for key None 
2026-02-09 11:08:39,959 1 INFO betopiaerp werkzeug: 127.0.0.1 - - [09/Feb/2026 11:08:39] "POST /html_editor/modify_image/5591 HTTP/1.1" 200 - 24 0.005 0.014
2026-02-09 11:08:39,964 1 INFO betopiaerp betopiaerp.addons.base.models.ir_attachment: filestore gc 1 checked, 1 removed 
2026-02-09 11:08:39,964 1 INFO betopiaerp betopiaerp.addons.html_editor.tests.test_tools: Starting TestVideoUtils.test_get_video_source_data ... 
2026-02-09 11:08:39,966 1 INFO betopiaerp betopiaerp.addons.html_editor.tests.test_tools: Starting TestVideoUtils.test_get_video_url_data ... 
2026-02-09 11:08:39,966 1 INFO betopiaerp betopiaerp.addons.html_editor.tests.test_tools: Starting TestVideoUtils.test_player_regexes ... 
2026-02-09 11:08:39,966 1 INFO betopiaerp betopiaerp.addons.html_editor.tests.test_tools: Starting TestVideoUtils.test_valid_video_url ... 
2026-02-09 11:08:39,967 1 INFO betopiaerp betopiaerp.service.server: 409 post-tests in 420.70s, 15013 queries 
2026-02-09 11:08:39,968 1 ERROR betopiaerp betopiaerp.tests.result: 1 failed, 1 error(s) of 1442 tests when loading database 'betopiaerp' 
2026-02-09 11:08:39,968 1 INFO betopiaerp betopiaerp.service.server: Initiating shutdown 
2026-02-09 11:08:39,968 1 INFO betopiaerp betopiaerp.service.server: Hit CTRL-C again or send a second signal to force the shutdown. 
2026-02-09 11:08:40,449 1 INFO betopiaerp betopiaerp.sql_db: ConnectionPool(read/write;used=0/count=0/max=64): Closed 4 connections  
2026-02-09 11:08:40,450 1 INFO betopiaerp betopiaerp.sql_db: ConnectionPool(read-only;used=0/count=0/max=64): Closed 1 connections  
2026-02-09 11:15:00,786 1 WARNING ? betopiaerp.tools.config: missing --http-interface/http_interface, using 0.0.0.0 by default, will change to 127.0.0.1 in 20.0 
2026-02-09 11:15:00,790 1 INFO ? BetopiaERP: BetopiaERP version 19.0 
2026-02-09 11:15:00,790 1 INFO ? BetopiaERP: Using configuration file at /etc/betopiaerp/betopiaerp.conf 
2026-02-09 11:15:00,790 1 INFO ? BetopiaERP: addons paths: _NamespacePath(['/opt/betopiaerp/betopiaerp/addons', '/root/.local/share/BetopiaERP/addons/19.0', '/opt/betopiaerp/addons']) 
2026-02-09 11:15:00,790 1 INFO ? BetopiaERP: database: betopiaerp@db:5432 
2026-02-09 11:15:01,733 1 INFO ? betopiaerp.service.server: HTTP service (werkzeug) running on 74fcfc865276:8069 
2026-02-09 11:15:01,842 1 INFO betopiaerp betopiaerp.tests.common: Importing test framework 
2026-02-09 11:15:01,914 1 INFO betopiaerp betopiaerp.modules.loading: loading 1 modules... 
2026-02-09 11:15:01,915 1 INFO betopiaerp betopiaerp.modules.loading: Loading module base (1/1) 
2026-02-09 11:15:01,935 1 INFO betopiaerp betopiaerp.registry: module base: creating or updating database tables 
2026-02-09 11:15:02,268 1 INFO betopiaerp betopiaerp.modules.loading: loading base/data/res_bank.xml 
2026-02-09 11:15:02,274 1 INFO betopiaerp betopiaerp.modules.loading: loading base/data/res.lang.csv 
2026-02-09 11:15:02,345 1 INFO betopiaerp betopiaerp.modules.loading: loading base/data/res_lang_data.xml 
2026-02-09 11:15:02,372 1 INFO betopiaerp betopiaerp.modules.loading: loading base/data/res_partner_data.xml 
2026-02-09 11:15:02,389 1 INFO betopiaerp betopiaerp.modules.loading: loading base/data/res_currency_data.xml 
2026-02-09 11:15:02,439 1 INFO betopiaerp betopiaerp.modules.loading: loading base/data/res_company_data.xml 
2026-02-09 11:15:02,445 1 INFO betopiaerp betopiaerp.modules.loading: loading base/data/res_users_data.xml 
2026-02-09 11:15:02,452 1 INFO betopiaerp betopiaerp.modules.loading: loading base/data/report_paperformat_data.xml 
2026-02-09 11:15:02,457 1 INFO betopiaerp betopiaerp.modules.loading: loading base/data/res_country_data.xml 
2026-02-09 11:15:02,571 1 INFO betopiaerp betopiaerp.modules.loading: loading base/data/ir_demo_data.xml 
2026-02-09 11:15:02,587 1 INFO betopiaerp betopiaerp.modules.loading: loading base/security/base_groups.xml 
2026-02-09 11:15:02,652 1 INFO betopiaerp betopiaerp.modules.loading: loading base/security/base_security.xml 
2026-02-09 11:15:02,667 1 INFO betopiaerp betopiaerp.modules.loading: loading base/wizard/wizard_ir_model_menu_create_views.xml 
2026-02-09 11:15:02,678 1 INFO betopiaerp betopiaerp.modules.loading: loading base/views/base_menus.xml 
2026-02-09 11:15:02,720 1 INFO betopiaerp betopiaerp.modules.loading: loading base/views/decimal_precision_views.xml 
2026-02-09 11:15:02,740 1 INFO betopiaerp betopiaerp.modules.loading: loading base/views/res_config_views.xml 
2026-02-09 11:15:02,750 1 INFO betopiaerp betopiaerp.modules.loading: loading base/data/res.country.state.csv 
2026-02-09 11:15:02,973 1 INFO betopiaerp betopiaerp.modules.loading: loading base/views/ir_actions_views.xml 
2026-02-09 11:15:03,144 1 INFO betopiaerp betopiaerp.modules.loading: loading base/views/ir_asset_views.xml 
2026-02-09 11:15:03,168 1 INFO betopiaerp betopiaerp.modules.loading: loading base/views/ir_config_parameter_views.xml 
2026-02-09 11:15:03,187 1 INFO betopiaerp betopiaerp.modules.loading: loading base/views/ir_cron_views.xml 
2026-02-09 11:15:03,220 1 INFO betopiaerp betopiaerp.modules.loading: loading base/views/ir_cron_trigger_views.xml 
2026-02-09 11:15:03,238 1 INFO betopiaerp betopiaerp.modules.loading: loading base/views/ir_filters_views.xml 
2026-02-09 11:15:03,265 1 INFO betopiaerp betopiaerp.modules.loading: loading base/views/ir_mail_server_views.xml 
2026-02-09 11:15:03,290 1 INFO betopiaerp betopiaerp.modules.loading: loading base/views/ir_model_views.xml 
2026-02-09 11:15:03,415 1 INFO betopiaerp betopiaerp.modules.loading: loading base/views/ir_attachment_views.xml 
2026-02-09 11:15:03,437 1 INFO betopiaerp betopiaerp.modules.loading: loading base/views/ir_rule_views.xml 
2026-02-09 11:15:03,463 1 INFO betopiaerp betopiaerp.modules.loading: loading base/views/ir_sequence_views.xml 
2026-02-09 11:15:03,484 1 INFO betopiaerp betopiaerp.modules.loading: loading base/views/ir_ui_menu_views.xml 
2026-02-09 11:15:03,506 1 INFO betopiaerp betopiaerp.modules.loading: loading base/views/ir_ui_view_views.xml 
2026-02-09 11:15:03,547 1 INFO betopiaerp betopiaerp.modules.loading: loading base/views/ir_default_views.xml 
2026-02-09 11:15:03,570 1 INFO betopiaerp betopiaerp.modules.loading: loading base/data/ir_config_parameter_data.xml 
2026-02-09 11:15:03,576 1 INFO betopiaerp betopiaerp.modules.loading: loading base/data/ir_cron_data.xml 
2026-02-09 11:15:03,594 1 INFO betopiaerp betopiaerp.modules.loading: loading base/report/ir_model_report.xml 
2026-02-09 11:15:03,601 1 INFO betopiaerp betopiaerp.modules.loading: loading base/report/ir_model_templates.xml 
2026-02-09 11:15:03,613 1 INFO betopiaerp betopiaerp.modules.loading: loading base/views/ir_logging_views.xml 
2026-02-09 11:15:03,637 1 INFO betopiaerp betopiaerp.modules.loading: loading base/views/ir_qweb_widget_templates.xml 
2026-02-09 11:15:03,658 1 INFO betopiaerp betopiaerp.modules.loading: loading base/views/ir_module_views.xml 
2026-02-09 11:15:03,703 1 INFO betopiaerp betopiaerp.modules.loading: loading base/data/ir_module_category_data.xml 
2026-02-09 11:15:03,726 1 INFO betopiaerp betopiaerp.modules.loading: loading base/data/ir_module_module.xml 
2026-02-09 11:15:03,744 1 INFO betopiaerp betopiaerp.modules.loading: loading base/report/ir_module_reports.xml 
2026-02-09 11:15:03,750 1 INFO betopiaerp betopiaerp.modules.loading: loading base/report/ir_module_report_templates.xml 
2026-02-09 11:15:03,759 1 INFO betopiaerp betopiaerp.modules.loading: loading base/wizard/base_module_update_views.xml 
2026-02-09 11:15:03,773 1 INFO betopiaerp betopiaerp.modules.loading: loading base/wizard/base_language_install_views.xml 
2026-02-09 11:15:03,788 1 INFO betopiaerp betopiaerp.modules.loading: loading base/wizard/base_import_language_views.xml 
2026-02-09 11:15:03,800 1 INFO betopiaerp betopiaerp.modules.loading: loading base/wizard/base_module_upgrade_views.xml 
2026-02-09 11:15:03,819 1 INFO betopiaerp betopiaerp.modules.loading: loading base/wizard/base_module_uninstall_views.xml 
2026-02-09 11:15:03,830 1 INFO betopiaerp betopiaerp.modules.loading: loading base/wizard/base_export_language_views.xml 
2026-02-09 11:15:03,844 1 INFO betopiaerp betopiaerp.modules.loading: loading base/wizard/base_partner_merge_views.xml 
2026-02-09 11:15:03,862 1 INFO betopiaerp betopiaerp.modules.loading: loading base/data/ir_demo_failure_data.xml 
2026-02-09 11:15:03,881 1 INFO betopiaerp betopiaerp.modules.loading: loading base/views/ir_profile_views.xml 
2026-02-09 11:15:03,905 1 INFO betopiaerp betopiaerp.modules.loading: loading base/views/res_company_views.xml 
2026-02-09 11:15:03,932 1 INFO betopiaerp betopiaerp.modules.loading: loading base/views/res_lang_views.xml 
2026-02-09 11:15:03,959 1 INFO betopiaerp betopiaerp.modules.loading: loading base/views/res_partner_views.xml 
2026-02-09 11:15:04,031 1 INFO betopiaerp betopiaerp.modules.loading: loading base/views/res_bank_views.xml 
2026-02-09 11:15:04,064 1 INFO betopiaerp betopiaerp.modules.loading: loading base/views/res_country_views.xml 
2026-02-09 11:15:04,106 1 INFO betopiaerp betopiaerp.modules.loading: loading base/views/res_currency_views.xml 
2026-02-09 11:15:04,147 1 INFO betopiaerp betopiaerp.modules.loading: loading base/views/res_groups_views.xml 
2026-02-09 11:15:04,184 1 INFO betopiaerp betopiaerp.modules.loading: loading base/views/res_users_views.xml 
2026-02-09 11:15:04,267 1 INFO betopiaerp betopiaerp.modules.loading: loading base/views/res_users_apikeys_views.xml 
2026-02-09 11:15:04,277 1 INFO betopiaerp betopiaerp.modules.loading: loading base/views/res_device_views.xml 
2026-02-09 11:15:04,296 1 INFO betopiaerp betopiaerp.modules.loading: loading base/views/res_users_identitycheck_views.xml 
2026-02-09 11:15:04,306 1 INFO betopiaerp betopiaerp.modules.loading: loading base/views/res_config_settings_views.xml 
2026-02-09 11:15:04,317 1 INFO betopiaerp betopiaerp.modules.loading: loading base/views/report_paperformat_views.xml 
2026-02-09 11:15:04,340 1 INFO betopiaerp betopiaerp.modules.loading: loading base/security/ir.model.access.csv 
2026-02-09 11:15:05,471 1 INFO betopiaerp betopiaerp.addons.base.tests.test_acl: Starting TestACL.test_field_crud_restriction ... 
2026-02-09 11:15:05,512 1 INFO betopiaerp betopiaerp.addons.base.tests.test_acl: Starting TestACL.test_field_visibility_restriction ... 
2026-02-09 11:15:05,540 1 INFO betopiaerp betopiaerp.addons.base.tests.test_acl: Starting TestACL.test_fields_browse_restriction ... 
2026-02-09 11:15:05,551 1 INFO betopiaerp betopiaerp.addons.base.tests.test_acl: Starting TestACL.test_get_views_fields ... 
2026-02-09 11:15:05,579 1 INFO betopiaerp betopiaerp.addons.base.tests.test_acl: Starting TestACL.test_m2o_field_create_edit ... 
2026-02-09 11:15:05,600 1 INFO betopiaerp betopiaerp.addons.base.tests.test_acl: Starting TestACL.test_view_create_edit_button ... 
2026-02-09 11:15:05,636 1 INFO betopiaerp betopiaerp.addons.base.models.ir_attachment: filestore gc 7 checked, 1 removed 
2026-02-09 11:15:05,670 1 INFO betopiaerp betopiaerp.addons.base.tests.test_acl: Starting TestIrRule.test_ir_rule ... 
2026-02-09 11:15:05,714 1 INFO betopiaerp betopiaerp.models.unlink: User #1 deleted ir.model.data records with IDs: [7589, 3949, 3938, 3935, 3937, 3936, 3931, 3946, 3930, 3947] 
2026-02-09 11:15:05,714 1 INFO betopiaerp betopiaerp.models.unlink: User #1 deleted ir.rule records with IDs: [1, 17, 18, 7, 2, 8, 6, 9, 20, 35] 
2026-02-09 11:15:05,733 1 INFO betopiaerp betopiaerp.addons.base.models.ir_attachment: filestore gc 1 checked, 1 removed 
2026-02-09 11:15:05,788 1 INFO betopiaerp betopiaerp.addons.base.tests.test_api: Starting TestAPI.test_00_query ... 
2026-02-09 11:15:05,795 1 INFO betopiaerp betopiaerp.addons.base.tests.test_api: Starting TestAPI.test_01_query_offset ... 
2026-02-09 11:15:05,797 1 INFO betopiaerp betopiaerp.addons.base.tests.test_api: Starting TestAPI.test_02_query_limit ... 
2026-02-09 11:15:05,798 1 INFO betopiaerp betopiaerp.addons.base.tests.test_api: Starting TestAPI.test_03_query_offset_limit ... 
2026-02-09 11:15:05,800 1 INFO betopiaerp betopiaerp.addons.base.tests.test_api: Starting TestAPI.test_04_query_count ... 
2026-02-09 11:15:05,801 1 INFO betopiaerp betopiaerp.addons.base.tests.test_api: Starting TestAPI.test_05_immutable ... 
2026-02-09 11:15:05,806 1 INFO betopiaerp betopiaerp.addons.base.tests.test_api: Starting TestAPI.test_06_fields ... 
2026-02-09 11:15:05,812 1 INFO betopiaerp betopiaerp.addons.base.tests.test_api: Starting TestAPI.test_07_null ... 
2026-02-09 11:15:05,813 1 INFO betopiaerp betopiaerp.addons.base.tests.test_api: Starting TestAPI.test_40_new_new ... 
2026-02-09 11:15:05,819 1 INFO betopiaerp betopiaerp.addons.base.tests.test_api: Starting TestAPI.test_45_new_new ... 
2026-02-09 11:15:05,826 1 INFO betopiaerp betopiaerp.addons.base.tests.test_api: Starting TestAPI.test_50_environment ... 
2026-02-09 11:15:05,865 1 INFO betopiaerp betopiaerp.addons.base.tests.test_api: Starting TestAPI.test_60_cache ... 
2026-02-09 11:15:05,910 1 INFO betopiaerp betopiaerp.addons.base.tests.test_api: Starting TestAPI.test_60_prefetch ... 
2026-02-09 11:15:05,912 1 INFO betopiaerp betopiaerp.addons.base.tests.test_api: Starting TestAPI.test_60_prefetch_model ... 
2026-02-09 11:15:05,919 1 INFO betopiaerp betopiaerp.addons.base.tests.test_api: Starting TestAPI.test_60_prefetch_read ... 
2026-02-09 11:15:05,927 1 INFO betopiaerp betopiaerp.addons.base.tests.test_api: Starting TestAPI.test_60_reversed ... 
2026-02-09 11:15:05,929 1 INFO betopiaerp betopiaerp.addons.base.tests.test_api: Starting TestAPI.test_70_one ... 
2026-02-09 11:15:05,930 1 INFO betopiaerp betopiaerp.addons.base.tests.test_api: Starting TestAPI.test_80_contains ... 
2026-02-09 11:15:05,931 1 INFO betopiaerp betopiaerp.addons.base.tests.test_api: Starting TestAPI.test_80_filter ... 
2026-02-09 11:15:05,933 1 INFO betopiaerp betopiaerp.addons.base.tests.test_api: Starting TestAPI.test_80_lazy_contains ... 
2026-02-09 11:15:05,934 1 INFO betopiaerp betopiaerp.addons.base.tests.test_api: Starting TestAPI.test_80_lazy_set_operations ... 
2026-02-09 11:15:05,937 1 INFO betopiaerp betopiaerp.addons.base.tests.test_api: Starting TestAPI.test_80_map ... 
2026-02-09 11:15:05,939 1 INFO betopiaerp betopiaerp.addons.base.tests.test_api: Starting TestAPI.test_80_set_operations ... 
2026-02-09 11:15:05,941 1 INFO betopiaerp betopiaerp.addons.base.tests.test_api: Starting TestAPI.test_80_sorted ... 
2026-02-09 11:15:05,943 1 INFO betopiaerp betopiaerp.addons.base.tests.test_api: Starting TestAPI.test_group_on ... 
2026-02-09 11:15:05,969 1 INFO betopiaerp betopiaerp.addons.base.models.ir_attachment: filestore gc 2 checked, 2 removed 
2026-02-09 11:15:05,970 1 INFO betopiaerp betopiaerp.addons.base.tests.test_avatar_mixin: Starting TestAvatarMixin.test_content_of_generated_partner_avatar ... 
2026-02-09 11:15:06,003 1 INFO betopiaerp betopiaerp.addons.base.tests.test_avatar_mixin: Starting TestAvatarMixin.test_external_partner_has_default_placeholder_image_as_avatar ... 
2026-02-09 11:15:06,028 1 INFO betopiaerp betopiaerp.addons.base.tests.test_avatar_mixin: Starting TestAvatarMixin.test_partner_and_user_have_the_same_avatar ... 
2026-02-09 11:15:06,051 1 INFO betopiaerp betopiaerp.addons.base.tests.test_avatar_mixin: Starting TestAvatarMixin.test_partner_has_avatar_even_if_it_has_no_image ... 
2026-02-09 11:15:06,086 1 INFO betopiaerp betopiaerp.addons.base.tests.test_avatar_mixin: Starting TestAvatarMixin.test_partner_without_name_has_default_placeholder_image_as_avatar ... 
2026-02-09 11:15:06,130 1 INFO betopiaerp betopiaerp.addons.base.models.ir_attachment: filestore gc 1 checked, 1 removed 
2026-02-09 11:15:06,131 1 INFO betopiaerp betopiaerp.addons.base.tests.test_barcode: Starting TestBarcode.test_barcode_check_digit ... 
2026-02-09 11:15:06,132 1 INFO betopiaerp betopiaerp.addons.base.tests.test_barcode: Starting TestBarcode.test_barcode_encoding ... 
2026-02-09 11:15:06,147 1 INFO betopiaerp betopiaerp.addons.base.models.ir_attachment: filestore gc 0 checked, 0 removed 
2026-02-09 11:15:06,148 1 INFO betopiaerp betopiaerp.addons.base.tests.test_base: Starting TestSafeEval.test_01_safe_eval ... 
2026-02-09 11:15:06,148 1 INFO betopiaerp betopiaerp.addons.base.tests.test_base: Starting TestSafeEval.test_02_literal_eval ... 
2026-02-09 11:15:06,149 1 INFO betopiaerp betopiaerp.addons.base.tests.test_base: Starting TestSafeEval.test_03_literal_eval_arithmetic ... 
2026-02-09 11:15:06,149 1 INFO betopiaerp betopiaerp.addons.base.tests.test_base: Starting TestSafeEval.test_04_literal_eval_forbidden ... 
2026-02-09 11:15:06,149 1 INFO betopiaerp betopiaerp.addons.base.tests.test_base: Starting TestSafeEval.test_05_safe_eval_forbiddon ... 
2026-02-09 11:15:06,150 1 INFO betopiaerp betopiaerp.addons.base.tests.test_base: Starting TestSafeEval.test_const ... 
2026-02-09 11:15:06,150 1 INFO betopiaerp betopiaerp.addons.base.tests.test_base: Starting TestSafeEval.test_expr ... 
2026-02-09 11:15:06,150 1 INFO betopiaerp betopiaerp.addons.base.tests.test_base: Starting TestSafeEval.test_expr_eval_opcodes ... 
2026-02-09 11:15:06,151 1 INFO betopiaerp betopiaerp.addons.base.tests.test_base: Starting TestSafeEval.test_runs_top_level_scope ... 
2026-02-09 11:15:06,151 1 INFO betopiaerp betopiaerp.addons.base.tests.test_base: Starting TestSafeEval.test_safe_eval_ctx_mutation ... 
2026-02-09 11:15:06,151 1 INFO betopiaerp betopiaerp.addons.base.tests.test_base: Starting TestSafeEval.test_safe_eval_ctx_no_builtins ... 
2026-02-09 11:15:06,152 1 INFO betopiaerp betopiaerp.addons.base.tests.test_base: Starting TestSafeEval.test_safe_eval_exec_opcodes ... 
2026-02-09 11:15:06,152 1 INFO betopiaerp betopiaerp.addons.base.tests.test_base: Starting TestSafeEval.test_safe_eval_opcodes ... 
2026-02-09 11:15:06,153 1 INFO betopiaerp betopiaerp.addons.base.tests.test_base: Starting TestSafeEval.test_safe_eval_strips ... 
2026-02-09 11:15:06,154 1 INFO betopiaerp betopiaerp.addons.base.tests.test_base: Starting TestParentStore.test_duplicate_children_01 ... 
2026-02-09 11:15:06,171 1 INFO betopiaerp betopiaerp.addons.base.tests.test_base: Starting TestParentStore.test_duplicate_children_02 ... 
2026-02-09 11:15:06,186 1 INFO betopiaerp betopiaerp.addons.base.tests.test_base: Starting TestParentStore.test_duplicate_children_03 ... 
2026-02-09 11:15:06,200 1 INFO betopiaerp betopiaerp.addons.base.tests.test_base: Starting TestParentStore.test_duplicate_parent ... 
2026-02-09 11:15:06,209 1 INFO betopiaerp betopiaerp.addons.base.tests.test_base: Starting TestParentStore.test_missing_child ... 
2026-02-09 11:15:06,254 1 INFO betopiaerp betopiaerp.addons.base.tests.test_base: Starting TestParentStore.test_missing_parent ... 
2026-02-09 11:15:06,280 1 INFO betopiaerp betopiaerp.addons.base.models.ir_attachment: filestore gc 0 checked, 0 removed 
2026-02-09 11:15:06,280 1 INFO betopiaerp betopiaerp.addons.base.tests.test_base: Starting TestGroups.test_apply_groups ... 
2026-02-09 11:15:06,298 1 INFO betopiaerp betopiaerp.addons.base.tests.test_base: Starting TestGroups.test_remove_groups ... 
2026-02-09 11:15:06,379 1 INFO betopiaerp betopiaerp.addons.base.tests.test_base: Starting TestGroups.test_res_group_copy ... 
2026-02-09 11:15:06,389 1 INFO betopiaerp betopiaerp.addons.base.tests.test_base: Starting TestGroups.test_res_group_has_cycle ... 
2026-02-09 11:15:06,406 1 INFO betopiaerp betopiaerp.addons.base.tests.test_base: Starting TestGroups.test_res_groups_fullname_search ... 
2026-02-09 11:15:06,434 1 INFO betopiaerp betopiaerp.addons.base.models.ir_attachment: filestore gc 2 checked, 2 removed 
2026-02-09 11:15:06,435 1 INFO betopiaerp betopiaerp.addons.base.tests.test_basecase: Starting TestSingleTransactionCase.test_00 ... 
2026-02-09 11:15:06,442 1 INFO betopiaerp betopiaerp.addons.base.tests.test_basecase: Starting TestSingleTransactionCase.test_01 ... 
2026-02-09 11:15:06,444 1 INFO betopiaerp betopiaerp.addons.base.tests.test_basecase: Starting TestSingleTransactionCase.test_20a ... 
2026-02-09 11:15:06,446 1 INFO betopiaerp betopiaerp.addons.base.tests.test_basecase: Starting TestSingleTransactionCase.test_20b ... 
2026-02-09 11:15:06,463 1 INFO betopiaerp betopiaerp.addons.base.tests.test_basecase: Starting TestTransactionCase.test_00 ... 
2026-02-09 11:15:06,471 1 INFO betopiaerp betopiaerp.addons.base.tests.test_basecase: Starting TestTransactionCase.test_01 ... 
2026-02-09 11:15:06,472 1 INFO betopiaerp betopiaerp.addons.base.tests.test_basecase: Starting TestTransactionCase.test_20a ... 
2026-02-09 11:15:06,478 1 INFO betopiaerp betopiaerp.addons.base.models.ir_attachment: filestore gc 0 checked, 0 removed 
2026-02-09 11:15:06,504 1 INFO betopiaerp betopiaerp.addons.base.tests.test_cache: Starting TestRecordCache.test_cache ... 
2026-02-09 11:15:06,513 1 INFO betopiaerp betopiaerp.addons.base.tests.test_cache: Starting TestRecordCache.test_memory ... 
2026-02-09 11:15:07,158 1 INFO betopiaerp betopiaerp.addons.base.models.ir_attachment: filestore gc 1 checked, 1 removed 
2026-02-09 11:15:07,160 1 INFO betopiaerp betopiaerp.addons.base.tests.test_cli: Starting TestCommand.test_docstring ... 
2026-02-09 11:15:07,894 1 INFO betopiaerp betopiaerp.addons.base.tests.test_cli: Starting TestCommand.test_help ... 
2026-02-09 11:15:12,201 1 INFO betopiaerp betopiaerp.addons.base.tests.test_cli: Starting TestCommand.test_help_subcommand ... 
2026-02-09 11:15:21,994 1 INFO betopiaerp betopiaerp.addons.base.tests.test_cli: Starting TestCommand.test_shell ... 
2026-02-09 11:15:23,462 1 INFO betopiaerp betopiaerp.addons.base.tests.test_cli: Starting TestCommand.test_unknown_command ... 
2026-02-09 11:15:25,024 1 INFO betopiaerp betopiaerp.addons.base.tests.test_cli: Starting TestCommand.test_upgrade_code_example ... 
2026-02-09 11:16:42,209 1 INFO betopiaerp betopiaerp.addons.base.tests.test_cli: Starting TestCommand.test_upgrade_code_help ... 
2026-02-09 11:16:42,690 1 INFO betopiaerp betopiaerp.addons.base.tests.test_cli: Starting TestCommand.test_upgrade_code_standalone ... 
2026-02-09 11:16:42,766 1 INFO betopiaerp betopiaerp.addons.base.tests.test_cloc: Starting TestClocCustomization.test_cloc_exclude_xml_id ... 
2026-02-09 11:16:42,809 1 INFO betopiaerp betopiaerp.addons.base.tests.test_cloc: Starting TestClocCustomization.test_field_no_xml_id ... 
2026-02-09 11:16:42,835 1 INFO betopiaerp betopiaerp.addons.base.tests.test_cloc: Starting TestClocCustomization.test_ignore_auto_generated_computed_field ... 
2026-02-09 11:16:42,938 1 INFO betopiaerp betopiaerp.addons.base.tests.test_cloc: Starting TestClocCustomization.test_several_xml_id ... 
2026-02-09 11:16:42,960 1 INFO betopiaerp betopiaerp.addons.base.models.ir_attachment: filestore gc 0 checked, 0 removed 
2026-02-09 11:16:42,961 1 INFO betopiaerp betopiaerp.addons.base.tests.test_cloc: Starting TestClocParser.test_parser ... 
2026-02-09 11:16:42,964 1 INFO betopiaerp betopiaerp.addons.base.models.ir_attachment: filestore gc 0 checked, 0 removed 
2026-02-09 11:16:42,965 1 INFO betopiaerp betopiaerp.addons.base.tests.test_config_parameter: Starting TestIrConfigParameter.test_default_parameters ... 
2026-02-09 11:16:42,976 1 INFO betopiaerp betopiaerp.addons.base.models.ir_attachment: filestore gc 0 checked, 0 removed 
2026-02-09 11:16:42,977 1 INFO betopiaerp betopiaerp.addons.base.tests.test_configmanager: Starting TestConfigManager.test_00_setUp ... 
2026-02-09 11:16:42,987 1 INFO betopiaerp betopiaerp.addons.base.tests.test_configmanager: Starting TestConfigManager.test_01_default_config ... 
2026-02-09 11:16:42,999 1 INFO betopiaerp betopiaerp.addons.base.tests.test_configmanager: Starting TestConfigManager.test_02_config_file ... 
2026-02-09 11:16:43,028 1 INFO betopiaerp betopiaerp.addons.base.tests.test_configmanager: Starting TestConfigManager.test_03_save_default_options ... 
2026-02-09 11:16:43,046 1 INFO betopiaerp betopiaerp.addons.base.tests.test_configmanager: Starting TestConfigManager.test_04_BetopiaERP16_config_file ... 
2026-02-09 11:16:43,069 1 INFO betopiaerp betopiaerp.addons.base.tests.test_configmanager: Starting TestConfigManager.test_05_repeat_parse_config ... 
2026-02-09 11:16:43,097 1 INFO betopiaerp betopiaerp.addons.base.tests.test_configmanager: Starting TestConfigManager.test_06_cli ... 
2026-02-09 11:16:43,111 1 INFO betopiaerp betopiaerp.addons.base.tests.test_configmanager: Starting TestConfigManager.test_06_syslog_logfile_exclusive_cli ... 
2026-02-09 11:16:43,144 1 INFO betopiaerp betopiaerp.addons.base.tests.test_configmanager: Starting TestConfigManager.test_07_environ ... 
2026-02-09 11:16:43,161 1 INFO betopiaerp betopiaerp.tools.config: adding missing 'web' to --load/server_wide_modules 
2026-02-09 11:16:43,162 1 INFO betopiaerp betopiaerp.addons.base.tests.test_configmanager: Starting TestConfigManager.test_10_init_update_incompatible_with_multidb ... 
2026-02-09 11:16:43,223 1 INFO betopiaerp betopiaerp.addons.base.tests.test_configmanager: Starting TestConfigManager.test_11_auto_stop_after_init_after_test ... 
2026-02-09 11:16:43,270 1 INFO betopiaerp betopiaerp.addons.base.tests.test_configmanager: Starting TestConfigManager.test_13_empty_db_replica_host ... 
2026-02-09 11:16:43,332 1 INFO betopiaerp betopiaerp.addons.base.models.ir_attachment: filestore gc 0 checked, 0 removed 
2026-02-09 11:16:43,333 1 INFO betopiaerp betopiaerp.addons.base.tests.test_date_utils: Starting TestDateUtils.test_fiscal_year ... 
2026-02-09 11:16:43,334 1 INFO betopiaerp betopiaerp.addons.base.tests.test_date_utils: Starting TestDateUtils.test_localized_timezone ... 
2026-02-09 11:16:43,391 1 INFO betopiaerp betopiaerp.addons.base.tests.test_date_utils: Starting TestDateUtils.test_offset_utils ... 
2026-02-09 11:16:43,394 1 INFO betopiaerp betopiaerp.addons.base.tests.test_date_utils: Starting TestDateUtils.test_parse_date ... 
2026-02-09 11:16:43,395 1 INFO betopiaerp betopiaerp.addons.base.tests.test_date_utils: Starting TestDateUtils.test_parse_date_relative_tz ... 
2026-02-09 11:16:43,404 1 INFO betopiaerp betopiaerp.addons.base.tests.test_date_utils: Starting TestDateUtils.test_parse_date_relative_utc ... 
2026-02-09 11:16:43,422 1 INFO betopiaerp betopiaerp.addons.base.tests.test_date_utils: Starting TestDateUtils.test_parse_iso_date ... 
2026-02-09 11:16:43,425 1 INFO betopiaerp betopiaerp.addons.base.models.ir_attachment: filestore gc 0 checked, 0 removed 
2026-02-09 11:16:43,426 1 INFO betopiaerp betopiaerp.addons.base.tests.test_date_utils: Starting TestDateRangeFunction.test_date_range_with_date ... 
2026-02-09 11:16:43,426 1 INFO betopiaerp betopiaerp.addons.base.tests.test_date_utils: Starting TestDateRangeFunction.test_date_range_with_hour ... 
2026-02-09 11:16:43,427 1 INFO betopiaerp betopiaerp.addons.base.tests.test_date_utils: Starting TestDateRangeFunction.test_date_range_with_inconsistent_datetimes ... 
2026-02-09 11:16:43,428 1 INFO betopiaerp betopiaerp.addons.base.tests.test_date_utils: Starting TestDateRangeFunction.test_date_range_with_mismatching_zones ... 
2026-02-09 11:16:43,428 1 INFO betopiaerp betopiaerp.addons.base.tests.test_date_utils: Starting TestDateRangeFunction.test_date_range_with_naive_datetimes ... 
2026-02-09 11:16:43,429 1 INFO betopiaerp betopiaerp.addons.base.tests.test_date_utils: Starting TestDateRangeFunction.test_date_range_with_timezone_aware_datetimes_other_than_utc ... 
2026-02-09 11:16:43,430 1 INFO betopiaerp betopiaerp.addons.base.tests.test_date_utils: Starting TestDateRangeFunction.test_step_is_positive ... 
2026-02-09 11:16:43,430 1 INFO betopiaerp betopiaerp.addons.base.tests.test_db_cursor: Starting TestRealCursor.test_connection_readonly ... 
2026-02-09 11:16:43,439 1 INFO betopiaerp betopiaerp.addons.base.tests.test_db_cursor: Starting TestRealCursor.test_execute_bad_params ... 
2026-02-09 11:16:43,439 1 INFO betopiaerp betopiaerp.addons.base.tests.test_db_cursor: Starting TestRealCursor.test_multiple_close_call_cursor ... 
2026-02-09 11:16:43,440 1 INFO betopiaerp betopiaerp.addons.base.tests.test_db_cursor: Starting TestRealCursor.test_transaction_isolation_cursor ... 
2026-02-09 11:16:43,440 1 INFO betopiaerp betopiaerp.addons.base.tests.test_db_cursor: Starting TestRealCursor.test_using_closed_cursor ... 
2026-02-09 11:16:43,443 1 INFO betopiaerp betopiaerp.addons.base.tests.test_db_cursor: Starting TestHTTPCursor.test_call_kw_readonly ... 
2026-02-09 11:16:43,447 1 INFO betopiaerp betopiaerp.addons.base.models.res_users: Login successful for login:admin from n/a 
2026-02-09 11:16:43,456 1 INFO betopiaerp betopiaerp.addons.base.models.ir_http: Generating routing map for key None 
2026-02-09 11:16:43,464 1 INFO betopiaerp betopiaerp.tests.common: Skipping signal changes during tests 
2026-02-09 11:16:43,465 1 INFO betopiaerp werkzeug: 127.0.0.1 - - [09/Feb/2026 11:16:43] "POST /web/dataset/call_kw#res.partner.read HTTP/1.1" 200 - 2 0.000 0.009
2026-02-09 11:16:43,468 1 INFO betopiaerp betopiaerp.tests.common: Skipping signal changes during tests 
2026-02-09 11:16:43,469 1 INFO betopiaerp werkzeug: 127.0.0.1 - - [09/Feb/2026 11:16:43] "POST /web/dataset/call_kw#res.partner.write HTTP/1.1" 200 - 0 0.000 0.001
2026-02-09 11:16:43,470 1 INFO betopiaerp betopiaerp.addons.base.tests.test_db_cursor: Starting TestHTTPCursor.test_cursor_keeps_readwriteness ... 
2026-02-09 11:16:43,472 1 INFO betopiaerp betopiaerp.addons.base.models.ir_attachment: filestore gc 0 checked, 0 removed 
2026-02-09 11:16:43,473 1 INFO betopiaerp betopiaerp.addons.base.tests.test_db_cursor: Starting TestTestCursor.test_borrow_connection ... 
2026-02-09 11:16:43,491 1 INFO betopiaerp betopiaerp.addons.base.tests.test_db_cursor: Starting TestTestCursor.test_interleaving ... 
2026-02-09 11:16:43,498 1 INFO betopiaerp betopiaerp.addons.base.tests.test_db_cursor: Starting TestTestCursor.test_single_cursor ... 
2026-02-09 11:16:43,507 1 INFO betopiaerp betopiaerp.addons.base.tests.test_db_cursor: Starting TestTestCursor.test_sub_commit ... 
2026-02-09 11:16:43,517 1 INFO betopiaerp betopiaerp.addons.base.tests.test_db_cursor: Starting TestTestCursor.test_sub_rollback ... 
2026-02-09 11:16:43,527 1 INFO betopiaerp betopiaerp.addons.base.models.ir_attachment: filestore gc 0 checked, 0 removed 
2026-02-09 11:16:43,528 1 INFO betopiaerp betopiaerp.addons.base.tests.test_db_cursor: Starting TestCursorHooks.test_hooks_on_cursor ... 
2026-02-09 11:16:43,529 1 INFO betopiaerp betopiaerp.addons.base.tests.test_db_cursor: Starting TestCursorHooks.test_hooks_on_testcursor ... 
2026-02-09 11:16:43,530 1 INFO betopiaerp betopiaerp.addons.base.models.ir_attachment: filestore gc 0 checked, 0 removed 
2026-02-09 11:16:43,531 1 INFO betopiaerp betopiaerp.addons.base.tests.test_db_cursor: Starting TestCursorHooksTransactionCaseCleanup.test_1_isolation ... 
2026-02-09 11:16:43,532 1 INFO betopiaerp betopiaerp.addons.base.tests.test_db_cursor: Starting TestCursorHooksTransactionCaseCleanup.test_2_isolation ... 
2026-02-09 11:16:43,532 1 INFO betopiaerp betopiaerp.addons.base.tests.test_db_cursor: Starting TestCursorHooksTransactionCaseCleanup.test_3_isolation ... 
2026-02-09 11:16:43,533 1 INFO betopiaerp betopiaerp.addons.base.tests.test_db_cursor: Starting TestCursorHooksTransactionCaseCleanup.test_4_isolation ... 
2026-02-09 11:16:43,533 1 INFO betopiaerp betopiaerp.addons.base.tests.test_db_cursor: Starting TestCursorHooksTransactionCaseCleanup.test_5_isolation ... 
2026-02-09 11:16:43,534 1 INFO betopiaerp betopiaerp.addons.base.models.ir_attachment: filestore gc 0 checked, 0 removed 
2026-02-09 11:16:43,606 1 INFO betopiaerp betopiaerp.addons.base.tests.test_expression: Starting TestExpression.test_00_in_not_in_m2m ... 
2026-02-09 11:16:43,643 1 INFO betopiaerp betopiaerp.addons.base.tests.test_expression: Starting TestExpression.test_05_not_str_m2m ... 
2026-02-09 11:16:43,674 1 INFO betopiaerp betopiaerp.addons.base.tests.test_expression: Starting TestExpression.test_09_hierarchy_filtered_domain ... 
2026-02-09 11:16:43,682 1 INFO betopiaerp betopiaerp.addons.base.tests.test_expression: Starting TestExpression.test_10_eq_lt_gt_lte_gte ... 
2026-02-09 11:16:43,689 1 INFO betopiaerp betopiaerp.addons.base.tests.test_expression: Starting TestExpression.test_10_equivalent_id ... 
2026-02-09 11:16:43,705 1 INFO betopiaerp betopiaerp.addons.base.tests.test_expression: Starting TestExpression.test_10_hierarchy_access ... 
2026-02-09 11:16:43,735 1 INFO betopiaerp betopiaerp.addons.base.tests.test_expression: Starting TestExpression.test_10_hierarchy_in_m2m ... 
2026-02-09 11:16:43,757 1 INFO betopiaerp betopiaerp.addons.base.tests.test_expression: Starting TestExpression.test_15_equivalent_one2many_1 ... 
2026-02-09 11:16:43,895 1 INFO betopiaerp betopiaerp.addons.base.tests.test_expression: Starting TestExpression.test_15_equivalent_one2many_2 ... 
2026-02-09 11:16:43,922 1 INFO betopiaerp betopiaerp.addons.base.tests.test_expression: Starting TestExpression.test_15_hierarchy_ilike ... 
2026-02-09 11:16:43,997 1 INFO betopiaerp betopiaerp.addons.base.tests.test_expression: Starting TestExpression.test_15_m2m_false ... 
2026-02-09 11:16:44,002 1 INFO betopiaerp betopiaerp.addons.base.tests.test_expression: Starting TestExpression.test_15_m2o ... 
2026-02-09 11:16:44,110 1 INFO betopiaerp betopiaerp.addons.base.tests.test_expression: Starting TestExpression.test_15_o2m ... 
2026-02-09 11:16:44,120 1 INFO betopiaerp betopiaerp.addons.base.tests.test_expression: Starting TestExpression.test_15_o2m_subselect ... 
2026-02-09 11:16:44,140 1 INFO betopiaerp betopiaerp.addons.base.tests.test_expression: Starting TestExpression.test_20_expression_parse ... 
2026-02-09 11:16:44,177 1 INFO betopiaerp betopiaerp.addons.base.tests.test_expression: Starting TestExpression.test_30_instantiate_domain ... 
2026-02-09 11:16:44,180 1 INFO betopiaerp betopiaerp.addons.base.tests.test_expression: Starting TestExpression.test_30_normalize_domain ... 
2026-02-09 11:16:44,182 1 INFO betopiaerp betopiaerp.addons.base.tests.test_expression: Starting TestExpression.test_31_backwards_compatible_domain ... 
2026-02-09 11:16:44,184 1 INFO betopiaerp betopiaerp.addons.base.tests.test_expression: Starting TestExpression.test_32_iter_conditions ... 
2026-02-09 11:16:44,184 1 INFO betopiaerp betopiaerp.addons.base.tests.test_expression: Starting TestExpression.test_33_map_conditions ... 
2026-02-09 11:16:44,185 1 INFO betopiaerp betopiaerp.addons.base.tests.test_expression: Starting TestExpression.test_35_negating_thruty_leafs ... 
2026-02-09 11:16:44,186 1 INFO betopiaerp betopiaerp.addons.base.tests.test_expression: Starting TestExpression.test_40_negating_long_expression ... 
2026-02-09 11:16:44,192 1 INFO betopiaerp betopiaerp.addons.base.tests.test_expression: Starting TestExpression.test_40_negating_traversal ... 
2026-02-09 11:16:44,193 1 INFO betopiaerp betopiaerp.addons.base.tests.test_expression: Starting TestExpression.test_accent ... 
2026-02-09 11:16:44,194 1 INFO betopiaerp betopiaerp.addons.base.tests.test_expression: skipped TestExpression.test_accent : unaccent not enabled 
2026-02-09 11:16:44,194 1 INFO betopiaerp betopiaerp.addons.base.tests.test_expression: Starting TestExpression.test_active ... 
2026-02-09 11:16:44,212 1 INFO betopiaerp betopiaerp.addons.base.tests.test_expression: Starting TestExpression.test_combine_conditions ... 
2026-02-09 11:16:44,213 1 INFO betopiaerp betopiaerp.addons.base.tests.test_expression: Starting TestExpression.test_combine_simple_conditions ... 
2026-02-09 11:16:44,214 1 INFO betopiaerp betopiaerp.addons.base.tests.test_expression: Starting TestExpression.test_filtered_domain_any_bypass_access ... 
2026-02-09 11:16:44,220 1 INFO betopiaerp betopiaerp.models.unlink: User #1 deleted ir.model.data records with IDs: [9400, 9399, 9398, 7592, 7590, 7591, 7589, 3954, 3952, 3953, 3949, 3938, 3956, 3955, 3934, 3933, 3939, 3940, 3941, 3935, 3961, 3943, 3945, 3942, 3944, 3937, 3936, 3932, 3931, 3946, 3930, 3947, 3948, 3950, 3951, 3957, 3958, 3959, 3960, 10479, 7480, 7479] 
2026-02-09 11:16:44,220 1 INFO betopiaerp betopiaerp.models.unlink: User #1 deleted ir.rule records with IDs: [33, 34, 21, 22, 1, 17, 23, 24, 25, 18, 19, 7, 2, 3, 30, 31, 28, 29, 8, 13, 14, 15, 16, 32, 6, 10, 11, 12, 26, 27, 4, 5, 42, 9, 20, 35, 36, 37, 38, 40, 39, 41] 
2026-02-09 11:16:44,236 1 INFO betopiaerp betopiaerp.addons.base.tests.test_expression: Starting TestExpression.test_filtered_domain_any_operator ... 
2026-02-09 11:16:44,247 1 INFO betopiaerp betopiaerp.addons.base.tests.test_expression: Starting TestExpression.test_filtered_domain_order ... 
2026-02-09 11:16:44,250 1 INFO betopiaerp betopiaerp.addons.base.tests.test_expression: Starting TestExpression.test_filtered_domain_order2 ... 
2026-02-09 11:16:44,252 1 INFO betopiaerp betopiaerp.addons.base.tests.test_expression: Starting TestExpression.test_in_boolean ... 
2026-02-09 11:16:44,253 1 INFO betopiaerp betopiaerp.addons.base.tests.test_expression: Starting TestExpression.test_in_operator ... 
2026-02-09 11:16:44,256 1 INFO betopiaerp betopiaerp.addons.base.tests.test_expression: Starting TestExpression.test_invalid ... 
2026-02-09 11:16:44,258 1 INFO betopiaerp betopiaerp.addons.base.tests.test_expression: Starting TestExpression.test_like_cast ... 
2026-02-09 11:16:44,275 1 INFO betopiaerp betopiaerp.addons.base.tests.test_expression: Starting TestExpression.test_like_complement_m2o_access ... 
2026-02-09 11:16:44,287 1 INFO betopiaerp betopiaerp.models.unlink: User #1 deleted ir.model.data records with IDs: [9400, 9399, 9398, 7592, 7590, 7591, 7589, 3954, 3952, 3953, 3949, 3938, 3956, 3955, 3934, 3933, 3939, 3940, 3941, 3935, 3961, 3943, 3945, 3942, 3944, 3937, 3936, 3932, 3931, 3946, 3930, 3947, 3948, 3950, 3951, 3957, 3958, 3959, 3960, 10479, 7480, 7479] 
2026-02-09 11:16:44,287 1 INFO betopiaerp betopiaerp.models.unlink: User #1 deleted ir.rule records with IDs: [33, 34, 21, 22, 1, 17, 23, 24, 25, 18, 19, 7, 2, 3, 30, 31, 28, 29, 8, 13, 14, 15, 16, 32, 6, 10, 11, 12, 26, 27, 4, 5, 42, 9, 20, 35, 36, 37, 38, 40, 39, 41] 
2026-02-09 11:16:44,300 1 INFO betopiaerp betopiaerp.addons.base.models.ir_rule: Access Denied by record rules for operation: read on record ids: [4360], uid: 1104, model: res.partner 
2026-02-09 11:16:44,304 1 INFO betopiaerp betopiaerp.addons.base.models.ir_rule: Access Denied by record rules for operation: read on record ids: [4360], uid: 1104, model: res.partner 
2026-02-09 11:16:44,308 1 INFO betopiaerp betopiaerp.addons.base.models.ir_rule: Access Denied by record rules for operation: read on record ids: [4360], uid: 1104, model: res.partner 
2026-02-09 11:16:44,310 1 INFO betopiaerp betopiaerp.addons.base.models.ir_rule: Access Denied by record rules for operation: read on record ids: [4360], uid: 1104, model: res.partner 
2026-02-09 11:16:44,311 1 INFO betopiaerp betopiaerp.addons.base.tests.test_expression: Starting TestExpression.test_like_filtered ... 
2026-02-09 11:16:44,327 1 INFO betopiaerp betopiaerp.addons.base.tests.test_expression: Starting TestExpression.test_like_wildcards ... 
2026-02-09 11:16:44,338 1 INFO betopiaerp betopiaerp.addons.base.tests.test_expression: Starting TestExpression.test_lp1071710 ... 
2026-02-09 11:16:44,357 1 INFO betopiaerp betopiaerp.addons.base.tests.test_expression: Starting TestExpression.test_negate_conditions ... 
2026-02-09 11:16:44,358 1 INFO betopiaerp betopiaerp.addons.base.tests.test_expression: Starting TestExpression.test_or_with_implicit_and ... 
2026-02-09 11:16:44,359 1 INFO betopiaerp betopiaerp.addons.base.tests.test_expression: Starting TestExpression.test_proper_combine_unit_leaves ... 
2026-02-09 11:16:44,359 1 INFO betopiaerp betopiaerp.addons.base.tests.test_expression: Starting TestExpression.test_translate_search ... 
2026-02-09 11:16:44,374 1 INFO betopiaerp betopiaerp.addons.base.models.ir_attachment: filestore gc 9 checked, 6 removed 
2026-02-09 11:16:44,375 1 INFO betopiaerp betopiaerp.addons.base.tests.test_expression: Starting TestExpression2.test_long_table_alias ... 
2026-02-09 11:16:44,378 1 INFO betopiaerp betopiaerp.addons.base.models.ir_attachment: filestore gc 0 checked, 0 removed 
2026-02-09 11:16:44,380 1 INFO betopiaerp betopiaerp.addons.base.tests.test_expression: Starting TestBypassAccess.test_bypass_search_access ... 
2026-02-09 11:16:44,464 1 INFO betopiaerp betopiaerp.addons.base.tests.test_expression: Starting TestBypassAccess.test_nullfields ... 
2026-02-09 11:16:44,470 1 INFO betopiaerp betopiaerp.addons.base.models.ir_attachment: filestore gc 0 checked, 0 removed 
2026-02-09 11:16:44,471 1 INFO betopiaerp betopiaerp.addons.base.tests.test_expression: Starting TestQueries.test_access_rules ... 
2026-02-09 11:16:44,488 1 INFO betopiaerp betopiaerp.addons.base.tests.test_expression: Starting TestQueries.test_access_rules_active_test ... 
2026-02-09 11:16:44,507 1 INFO betopiaerp betopiaerp.addons.base.tests.test_expression: Starting TestQueries.test_access_rules_active_test_neg ... 
2026-02-09 11:16:44,514 1 INFO betopiaerp betopiaerp.models.unlink: User #1 deleted ir.model.data records with IDs: [9400, 9399, 9398, 7592, 7590, 7591, 7589, 3954, 3952, 3953, 3949, 3938, 3956, 3955, 3934, 3933, 3939, 3940, 3941, 3935, 3961, 3943, 3945, 3942, 3944, 3937, 3936, 3932, 3931, 3946, 3930, 3947, 3948, 3950, 3951, 3957, 3958, 3959, 3960, 10479, 7480, 7479] 
2026-02-09 11:16:44,514 1 INFO betopiaerp betopiaerp.models.unlink: User #1 deleted ir.rule records with IDs: [33, 34, 21, 22, 1, 17, 23, 24, 25, 18, 19, 7, 2, 3, 30, 31, 28, 29, 8, 13, 14, 15, 16, 32, 6, 10, 11, 12, 26, 27, 4, 5, 42, 9, 20, 35, 36, 37, 38, 40, 39, 41] 
2026-02-09 11:16:44,523 1 INFO betopiaerp betopiaerp.addons.base.tests.test_expression: Starting TestQueries.test_count ... 
2026-02-09 11:16:44,525 1 INFO betopiaerp betopiaerp.addons.base.tests.test_expression: Starting TestQueries.test_count_limit ... 
2026-02-09 11:16:44,526 1 INFO betopiaerp betopiaerp.addons.base.tests.test_expression: Starting TestQueries.test_logic ... 
2026-02-09 11:16:44,528 1 INFO betopiaerp betopiaerp.addons.base.tests.test_expression: Starting TestQueries.test_order ... 
2026-02-09 11:16:44,531 1 INFO betopiaerp betopiaerp.addons.base.tests.test_expression: Starting TestQueries.test_rec_names_search ... 
2026-02-09 11:16:44,535 1 INFO betopiaerp betopiaerp.addons.base.tests.test_expression: Starting TestQueries.test_translated_field ... 
2026-02-09 11:16:44,540 1 INFO betopiaerp betopiaerp.addons.base.models.ir_attachment: filestore gc 0 checked, 0 removed 
2026-02-09 11:16:44,541 1 INFO betopiaerp betopiaerp.addons.base.tests.test_expression: Starting TestMany2one.test_complement_regular ... 
2026-02-09 11:16:44,543 1 INFO betopiaerp betopiaerp.addons.base.tests.test_expression: Starting TestMany2one.test_explicit_subquery ... 
2026-02-09 11:16:44,550 1 INFO betopiaerp betopiaerp.addons.base.tests.test_expression: Starting TestMany2one.test_inherited ... 
2026-02-09 11:16:44,553 1 INFO betopiaerp betopiaerp.addons.base.tests.test_expression: Starting TestMany2one.test_name_search ... 
2026-02-09 11:16:44,556 1 INFO betopiaerp betopiaerp.addons.base.tests.test_expression: Starting TestMany2one.test_name_search_undefined ... 
2026-02-09 11:16:44,559 1 INFO betopiaerp betopiaerp.addons.base.tests.test_expression: Starting TestMany2one.test_regular ... 
2026-02-09 11:16:44,565 1 INFO betopiaerp betopiaerp.addons.base.tests.test_expression: Starting TestMany2one.testbypass_search_access ... 
2026-02-09 11:16:44,573 1 INFO betopiaerp betopiaerp.addons.base.models.ir_attachment: filestore gc 0 checked, 0 removed 
2026-02-09 11:16:44,574 1 INFO betopiaerp betopiaerp.addons.base.tests.test_expression: Starting TestOne2many.test_empty ... 
2026-02-09 11:16:44,582 1 INFO betopiaerp betopiaerp.addons.base.tests.test_expression: Starting TestOne2many.test_name_search ... 
2026-02-09 11:16:44,590 1 INFO betopiaerp betopiaerp.addons.base.tests.test_expression: Starting TestOne2many.test_regular ... 
2026-02-09 11:16:44,600 1 INFO betopiaerp betopiaerp.addons.base.tests.test_expression: Starting TestOne2many.testbypass_search_access ... 
2026-02-09 11:16:44,612 1 INFO betopiaerp betopiaerp.addons.base.tests.test_expression: Starting TestOne2many.testbypass_search_access_mixed ... 
2026-02-09 11:16:44,622 1 INFO betopiaerp betopiaerp.addons.base.models.ir_attachment: filestore gc 0 checked, 0 removed 
2026-02-09 11:16:44,623 1 INFO betopiaerp betopiaerp.addons.base.tests.test_expression: Starting TestMany2many.test_empty ... 
2026-02-09 11:16:44,625 1 INFO betopiaerp betopiaerp.addons.base.tests.test_expression: Starting TestMany2many.test_name_search ... 
2026-02-09 11:16:44,627 1 INFO betopiaerp betopiaerp.addons.base.tests.test_expression: Starting TestMany2many.test_regular ... 
2026-02-09 11:16:44,635 1 INFO betopiaerp betopiaerp.addons.base.tests.test_expression: Starting TestMany2many.test_regular_in_false ... 
2026-02-09 11:16:44,638 1 INFO betopiaerp betopiaerp.addons.base.tests.test_expression: Starting TestMany2many.testbypass_search_access ... 
2026-02-09 11:16:44,640 1 INFO betopiaerp betopiaerp.addons.base.models.ir_attachment: filestore gc 0 checked, 0 removed 
2026-02-09 11:16:44,641 1 INFO betopiaerp betopiaerp.addons.base.tests.test_expression: Starting TestAnyfy.test_and_multiple_many2one_with_subfield ... 
2026-02-09 11:16:44,642 1 INFO betopiaerp betopiaerp.addons.base.tests.test_expression: Starting TestAnyfy.test_and_multiple_one2many_with_subfield ... 
2026-02-09 11:16:44,643 1 INFO betopiaerp betopiaerp.addons.base.tests.test_expression: Starting TestAnyfy.test_not_and_multiple_many2one_field_with_subfield ... 
2026-02-09 11:16:44,644 1 INFO betopiaerp betopiaerp.addons.base.tests.test_expression: Starting TestAnyfy.test_not_and_multiple_one2many_field_with_subfield ... 
2026-02-09 11:16:44,644 1 INFO betopiaerp betopiaerp.addons.base.tests.test_expression: Starting TestAnyfy.test_not_or_multiple_many2one_field_with_subfield ... 
2026-02-09 11:16:44,645 1 INFO betopiaerp betopiaerp.addons.base.tests.test_expression: Starting TestAnyfy.test_not_or_multiple_one2many_field_with_subfield ... 
2026-02-09 11:16:44,647 1 INFO betopiaerp betopiaerp.addons.base.tests.test_expression: Starting TestAnyfy.test_not_single_field ... 
2026-02-09 11:16:44,648 1 INFO betopiaerp betopiaerp.addons.base.tests.test_expression: Starting TestAnyfy.test_not_single_many2one_with_subfield ... 
2026-02-09 11:16:44,648 1 INFO betopiaerp betopiaerp.addons.base.tests.test_expression: Starting TestAnyfy.test_not_single_one2many_with_subfield ... 
2026-02-09 11:16:44,649 1 INFO betopiaerp betopiaerp.addons.base.tests.test_expression: Starting TestAnyfy.test_or_multiple_many2one_with_subfield ... 
2026-02-09 11:16:44,650 1 INFO betopiaerp betopiaerp.addons.base.tests.test_expression: Starting TestAnyfy.test_or_multiple_one2many_with_subfield ... 
2026-02-09 11:16:44,651 1 INFO betopiaerp betopiaerp.addons.base.tests.test_expression: Starting TestAnyfy.test_single_field ... 
2026-02-09 11:16:44,651 1 INFO betopiaerp betopiaerp.addons.base.tests.test_expression: Starting TestAnyfy.test_single_many2one_with_subfield ... 
2026-02-09 11:16:44,652 1 INFO betopiaerp betopiaerp.addons.base.tests.test_expression: Starting TestAnyfy.test_single_one2many_with_subfield ... 
2026-02-09 11:16:44,653 1 INFO betopiaerp betopiaerp.addons.base.tests.test_expression: Starting TestAnyfy.test_true_leaf_as_list ... 
2026-02-09 11:16:44,654 1 INFO betopiaerp betopiaerp.addons.base.models.ir_attachment: filestore gc 0 checked, 0 removed 
2026-02-09 11:16:44,655 1 INFO betopiaerp betopiaerp.addons.base.tests.test_float: Starting TestFloatPrecision.test_amount_to_text_10 ... 
2026-02-09 11:16:44,659 1 INFO betopiaerp betopiaerp.addons.base.tests.test_float: Starting TestFloatPrecision.test_float_split_05 ... 
2026-02-09 11:16:44,660 1 INFO betopiaerp betopiaerp.addons.base.tests.test_float: Starting TestFloatPrecision.test_rounding_02 ... 
2026-02-09 11:16:44,663 1 INFO betopiaerp betopiaerp.addons.base.tests.test_float: Starting TestFloatPrecision.test_rounding_03 ... 
2026-02-09 11:16:44,707 1 INFO betopiaerp betopiaerp.addons.base.tests.test_float: Starting TestFloatPrecision.test_rounding_04 ... 
2026-02-09 11:16:44,711 1 INFO betopiaerp betopiaerp.addons.base.tests.test_float: Starting TestFloatPrecision.test_rounding_invalid ... 
2026-02-09 11:16:44,715 1 INFO betopiaerp betopiaerp.addons.base.models.ir_attachment: filestore gc 0 checked, 0 removed 
2026-02-09 11:16:44,738 1 INFO betopiaerp betopiaerp.addons.base.tests.test_format_address_mixin: Starting TestPartnerFormatAddress.test_address_view ... 
2026-02-09 11:16:44,865 1 INFO betopiaerp betopiaerp.addons.base.tests.test_format_address_mixin: Starting TestPartnerFormatAddress.test_display_name_address_formatting ... 
2026-02-09 11:16:44,872 1 INFO betopiaerp betopiaerp.addons.base.models.ir_attachment: filestore gc 1 checked, 1 removed 
2026-02-09 11:16:44,873 1 INFO betopiaerp betopiaerp.addons.base.tests.test_func: Starting TestFrozendict.test_frozendict_hash ... 
2026-02-09 11:16:44,873 1 INFO betopiaerp betopiaerp.addons.base.tests.test_func: Starting TestFrozendict.test_frozendict_immutable ... 
2026-02-09 11:16:44,874 1 INFO betopiaerp betopiaerp.addons.base.tests.test_func: Starting TestLazy.test_lazy_compare ... 
2026-02-09 11:16:44,874 1 INFO betopiaerp betopiaerp.addons.base.tests.test_groups: Starting TestGroupsObject.test_groups_10_hudge_combine ... 
2026-02-09 11:16:44,876 1 INFO betopiaerp betopiaerp.addons.base.tests.test_groups: Starting TestGroupsObject.test_groups_11_invert_intersect ... 
2026-02-09 11:16:44,880 1 INFO betopiaerp betopiaerp.addons.base.tests.test_groups: Starting TestGroupsObject.test_groups_1_base ... 
2026-02-09 11:16:44,881 1 INFO betopiaerp betopiaerp.addons.base.tests.test_groups: Starting TestGroupsObject.test_groups_2_and ... 
2026-02-09 11:16:44,881 1 INFO betopiaerp betopiaerp.addons.base.tests.test_groups: Starting TestGroupsObject.test_groups_3_or ... 
2026-02-09 11:16:44,882 1 INFO betopiaerp betopiaerp.addons.base.tests.test_groups: Starting TestGroupsObject.test_groups_3_or_and ... 
2026-02-09 11:16:44,882 1 INFO betopiaerp betopiaerp.addons.base.tests.test_groups: Starting TestGroupsObject.test_groups_4_gt_lt ... 
2026-02-09 11:16:44,883 1 INFO betopiaerp betopiaerp.addons.base.tests.test_groups: Starting TestGroupsObject.test_groups_5_invert ... 
2026-02-09 11:16:44,884 1 INFO betopiaerp betopiaerp.addons.base.tests.test_groups: Starting TestGroupsObject.test_groups_6_invert_gt_lt ... 
2026-02-09 11:16:44,885 1 INFO betopiaerp betopiaerp.addons.base.tests.test_groups: Starting TestGroupsObject.test_groups_7_various ... 
2026-02-09 11:16:44,885 1 INFO betopiaerp betopiaerp.addons.base.tests.test_groups: Starting TestGroupsObject.test_groups_8_reduce ... 
2026-02-09 11:16:44,886 1 INFO betopiaerp betopiaerp.addons.base.tests.test_groups: Starting TestGroupsObject.test_groups_9_distinct ... 
2026-02-09 11:16:44,886 1 INFO betopiaerp betopiaerp.addons.base.tests.test_groups: Starting TestGroupsObject.test_groups_key ... 
2026-02-09 11:16:44,887 1 INFO betopiaerp betopiaerp.addons.base.tests.test_groups: Starting TestGroupsObject.test_groups_matches ... 
2026-02-09 11:16:44,888 1 INFO betopiaerp betopiaerp.addons.base.tests.test_groups: Starting TestGroupsObject.test_groups_unknown ... 
2026-02-09 11:16:44,896 1 INFO betopiaerp betopiaerp.addons.base.tests.test_groups: Starting TestGroupsBetopiaERP.test_groups_1_base ... 
2026-02-09 11:16:44,897 1 INFO betopiaerp betopiaerp.addons.base.tests.test_groups: Starting TestGroupsBetopiaERP.test_groups_2_from_commat_separator ... 
2026-02-09 11:16:44,899 1 INFO betopiaerp betopiaerp.addons.base.tests.test_groups: Starting TestGroupsBetopiaERP.test_groups_3_from_ref ... 
2026-02-09 11:16:44,901 1 INFO betopiaerp betopiaerp.addons.base.tests.test_groups: Starting TestGroupsBetopiaERP.test_groups_4_full_empty ... 
2026-02-09 11:16:44,904 1 INFO betopiaerp betopiaerp.addons.base.tests.test_groups: Starting TestGroupsBetopiaERP.test_groups_5_contains_user ... 
2026-02-09 11:16:45,029 1 INFO betopiaerp betopiaerp.addons.base.tests.test_groups: Starting TestGroupsBetopiaERP.test_groups_6_distinct ... 
2026-02-09 11:16:45,110 1 INFO betopiaerp betopiaerp.addons.base.models.ir_attachment: filestore gc 1 checked, 1 removed 
2026-02-09 11:16:45,113 1 INFO betopiaerp betopiaerp.addons.base.tests.test_http_case: Starting TestRequestRemainingNoCookie.test_requests_a ... 
2026-02-09 11:16:45,114 1 INFO ? betopiaerp.addons.base.tests.test_http_case: Waiting for B to start 
2026-02-09 11:16:45,115 1 INFO betopiaerp betopiaerp.addons.base.tests.test_http_case: Starting TestRequestRemainingNoCookie.test_requests_b ... 
2026-02-09 11:16:45,116 1 INFO betopiaerp betopiaerp.addons.base.tests.test_http_case: B started, waiting for A to finish 
2026-02-09 11:16:45,116 1 INFO ? betopiaerp.addons.base.tests.test_http_case: Opening url 
2026-02-09 11:16:45,119 1 INFO ? werkzeug: 127.0.0.1 - - [09/Feb/2026 11:16:45] "GET /web/concurrent HTTP/1.1" 400 - 0 0.000 0.001
2026-02-09 11:16:45,122 1 INFO betopiaerp betopiaerp.addons.base.models.ir_attachment: filestore gc 0 checked, 0 removed 
2026-02-09 11:16:45,126 1 INFO betopiaerp betopiaerp.addons.base.tests.test_http_case: Starting TestRequestRemainingNotEnabled.test_requests_a ... 
2026-02-09 11:16:45,127 1 INFO ? betopiaerp.addons.base.tests.test_http_case: Waiting for B to start 
2026-02-09 11:16:45,128 1 INFO betopiaerp betopiaerp.addons.base.tests.test_http_case: Starting TestRequestRemainingNotEnabled.test_requests_b ... 
2026-02-09 11:16:45,129 1 INFO betopiaerp betopiaerp.addons.base.tests.test_http_case: B started, waiting for A to finish 
2026-02-09 11:16:45,129 1 INFO ? betopiaerp.addons.base.tests.test_http_case: Opening url 
2026-02-09 11:16:45,131 1 INFO ? werkzeug: 127.0.0.1 - - [09/Feb/2026 11:16:45] "GET /web/concurrent HTTP/1.1" 400 - 0 0.000 0.000
2026-02-09 11:16:45,134 1 INFO betopiaerp betopiaerp.addons.base.models.ir_attachment: filestore gc 0 checked, 0 removed 
2026-02-09 11:16:45,136 1 INFO betopiaerp betopiaerp.addons.base.tests.test_http_case: Starting TestRequestRemainingStartDuringNext.test_requests_a ... 
2026-02-09 11:16:45,137 1 INFO ? betopiaerp.addons.base.tests.test_http_case: Waiting for B to start 
2026-02-09 11:16:45,138 1 INFO betopiaerp betopiaerp.addons.base.tests.test_http_case: Starting TestRequestRemainingStartDuringNext.test_requests_b ... 
2026-02-09 11:16:45,138 1 INFO betopiaerp betopiaerp.addons.base.tests.test_http_case: B started, waiting for A to finish 
2026-02-09 11:16:45,138 1 INFO ? betopiaerp.addons.base.tests.test_http_case: Opening url 
2026-02-09 11:16:45,141 1 INFO ? werkzeug: 127.0.0.1 - - [09/Feb/2026 11:16:45] "GET /web/concurrent HTTP/1.1" 400 - 0 0.000 0.000
2026-02-09 11:16:45,144 1 INFO betopiaerp betopiaerp.addons.base.models.ir_attachment: filestore gc 0 checked, 0 removed 
2026-02-09 11:16:45,146 1 INFO betopiaerp betopiaerp.addons.base.tests.test_http_case: Starting TestRequestRemainingAfterFirstCheck.test_requests_a ... 
2026-02-09 11:16:45,147 1 INFO ? betopiaerp.addons.base.tests.test_http_case: Opening url 
2026-02-09 11:16:45,149 1 INFO betopiaerp betopiaerp.addons.base.tests.test_http_case: Starting TestRequestRemainingAfterFirstCheck.test_requests_b ... 
2026-02-09 11:16:45,150 1 INFO betopiaerp betopiaerp.addons.base.tests.test_http_case: B started, waiting for A to finish 
2026-02-09 11:16:45,150 1 INFO ? werkzeug: 127.0.0.1 - - [09/Feb/2026 11:16:45] "GET /web/concurrent HTTP/1.1" 400 - 0 0.000 0.002
2026-02-09 11:16:45,153 1 INFO betopiaerp betopiaerp.addons.base.models.ir_attachment: filestore gc 0 checked, 0 removed 
2026-02-09 11:16:45,154 1 INFO betopiaerp betopiaerp.addons.base.tests.test_i18n: Starting I18nTest.test_format_list ... 
2026-02-09 11:16:45,165 1 INFO betopiaerp betopiaerp.addons.base.tests.test_i18n: Starting I18nTest.test_py_to_js_locale ... 
2026-02-09 11:16:45,167 1 INFO betopiaerp betopiaerp.addons.base.models.ir_attachment: filestore gc 0 checked, 0 removed 
2026-02-09 11:16:45,168 1 INFO betopiaerp betopiaerp.addons.base.tests.test_image: Starting TestImage.test_00_base64_to_image ... 
2026-02-09 11:16:45,227 1 INFO betopiaerp betopiaerp.addons.base.tests.test_image: Starting TestImage.test_01_image_to_base64 ... 
2026-02-09 11:16:45,280 1 INFO betopiaerp betopiaerp.addons.base.tests.test_image: Starting TestImage.test_02_image_fix_orientation ... 
2026-02-09 11:16:45,334 1 INFO betopiaerp betopiaerp.addons.base.tests.test_image: Starting TestImage.test_03_image_fix_orientation_exif ... 
2026-02-09 11:16:45,385 1 INFO betopiaerp betopiaerp.addons.base.tests.test_image: Starting TestImage.test_10_image_process_source ... 
2026-02-09 11:16:45,450 1 INFO betopiaerp betopiaerp.addons.base.tests.test_image: Starting TestImage.test_11_image_process_size ... 
2026-02-09 11:16:45,527 1 INFO betopiaerp betopiaerp.addons.base.tests.test_image: Starting TestImage.test_12_image_process_verify_resolution ... 
2026-02-09 11:16:46,312 1 INFO betopiaerp betopiaerp.addons.base.tests.test_image: Starting TestImage.test_13_image_process_quality ... 
2026-02-09 11:16:46,470 1 INFO betopiaerp betopiaerp.addons.base.tests.test_image: Starting TestImage.test_14_image_process_crop ... 
2026-02-09 11:16:46,935 1 INFO betopiaerp betopiaerp.addons.base.tests.test_image: Starting TestImage.test_15_image_process_colorize ... 
2026-02-09 11:16:46,986 1 INFO betopiaerp betopiaerp.addons.base.tests.test_image: Starting TestImage.test_16_image_process_format ... 
2026-02-09 11:16:47,097 1 INFO betopiaerp betopiaerp.addons.base.tests.test_image: Starting TestImage.test_17_get_webp_size ... 
2026-02-09 11:16:47,162 1 INFO betopiaerp betopiaerp.addons.base.tests.test_image: Starting TestImage.test_20_image_data_uri ... 
2026-02-09 11:16:47,217 1 INFO betopiaerp betopiaerp.addons.base.tests.test_image: Starting TestImage.test_21_image_guess_size_from_field_name ... 
2026-02-09 11:16:47,268 1 INFO betopiaerp betopiaerp.addons.base.tests.test_image: Starting TestImage.test_ptype_image_to_jpeg ... 
2026-02-09 11:16:47,321 1 INFO betopiaerp betopiaerp.addons.base.models.ir_attachment: filestore gc 0 checked, 0 removed 
2026-02-09 11:16:47,322 1 INFO betopiaerp betopiaerp.addons.base.tests.test_init: Starting TestInit.test_import ... 
2026-02-09 11:16:47,379 1 INFO betopiaerp betopiaerp.addons.base.tests.test_init:   betopiaerp.betopiaerp._monkeypatches execution time: 0.017s 
2026-02-09 11:16:47,396 1 INFO betopiaerp betopiaerp.addons.base.tests.test_init:   betopiaerp.betopiaerp._monkeypatches execution time: 0.017s 
2026-02-09 11:16:47,412 1 INFO betopiaerp betopiaerp.addons.base.tests.test_init:   betopiaerp.betopiaerp.addons execution time: 0.016s 
2026-02-09 11:16:47,428 1 INFO betopiaerp betopiaerp.addons.base.tests.test_init:   betopiaerp.betopiaerp.addons execution time: 0.015s 
2026-02-09 11:16:47,444 1 INFO betopiaerp betopiaerp.addons.base.tests.test_init:   betopiaerp.betopiaerp.api execution time: 0.016s 
2026-02-09 11:16:47,462 1 INFO betopiaerp betopiaerp.addons.base.tests.test_init:   betopiaerp.betopiaerp.api execution time: 0.018s 
2026-02-09 11:16:47,479 1 INFO betopiaerp betopiaerp.addons.base.tests.test_init:   betopiaerp.betopiaerp.cli execution time: 0.017s 
2026-02-09 11:16:47,495 1 INFO betopiaerp betopiaerp.addons.base.tests.test_init:   betopiaerp.betopiaerp.cli execution time: 0.016s 
2026-02-09 11:16:47,512 1 INFO betopiaerp betopiaerp.addons.base.tests.test_init:   betopiaerp.betopiaerp.exceptions execution time: 0.016s 
2026-02-09 11:16:47,529 1 INFO betopiaerp betopiaerp.addons.base.tests.test_init:   betopiaerp.betopiaerp.exceptions execution time: 0.016s 
2026-02-09 11:16:47,546 1 INFO betopiaerp betopiaerp.addons.base.tests.test_init:   betopiaerp.betopiaerp.fields execution time: 0.016s 
2026-02-09 11:16:47,562 1 INFO betopiaerp betopiaerp.addons.base.tests.test_init:   betopiaerp.betopiaerp.fields execution time: 0.015s 
2026-02-09 11:16:47,578 1 INFO betopiaerp betopiaerp.addons.base.tests.test_init:   betopiaerp.betopiaerp.http execution time: 0.016s 
2026-02-09 11:16:47,594 1 INFO betopiaerp betopiaerp.addons.base.tests.test_init:   betopiaerp.betopiaerp.http execution time: 0.016s 
2026-02-09 11:16:47,610 1 INFO betopiaerp betopiaerp.addons.base.tests.test_init:   betopiaerp.betopiaerp.init execution time: 0.015s 
2026-02-09 11:16:47,627 1 INFO betopiaerp betopiaerp.addons.base.tests.test_init:   betopiaerp.betopiaerp.init execution time: 0.017s 
2026-02-09 11:16:47,643 1 INFO betopiaerp betopiaerp.addons.base.tests.test_init:   betopiaerp.betopiaerp.loglevels execution time: 0.016s 
2026-02-09 11:16:47,659 1 INFO betopiaerp betopiaerp.addons.base.tests.test_init:   betopiaerp.betopiaerp.loglevels execution time: 0.016s 
2026-02-09 11:16:47,676 1 INFO betopiaerp betopiaerp.addons.base.tests.test_init:   betopiaerp.betopiaerp.models execution time: 0.017s 
2026-02-09 11:16:47,694 1 INFO betopiaerp betopiaerp.addons.base.tests.test_init:   betopiaerp.betopiaerp.models execution time: 0.018s 
2026-02-09 11:16:47,714 1 INFO betopiaerp betopiaerp.addons.base.tests.test_init:   betopiaerp.betopiaerp.modules execution time: 0.019s 
2026-02-09 11:16:47,731 1 INFO betopiaerp betopiaerp.addons.base.tests.test_init:   betopiaerp.betopiaerp.modules execution time: 0.016s 
2026-02-09 11:16:47,748 1 INFO betopiaerp betopiaerp.addons.base.tests.test_init:   betopiaerp.betopiaerp.netsvc execution time: 0.017s 
2026-02-09 11:16:47,765 1 INFO betopiaerp betopiaerp.addons.base.tests.test_init:   betopiaerp.betopiaerp.netsvc execution time: 0.017s 
2026-02-09 11:16:47,782 1 INFO betopiaerp betopiaerp.addons.base.tests.test_init:   betopiaerp.betopiaerp.orm execution time: 0.016s 
2026-02-09 11:16:47,798 1 INFO betopiaerp betopiaerp.addons.base.tests.test_init:   betopiaerp.betopiaerp.orm execution time: 0.015s 
2026-02-09 11:16:47,814 1 INFO betopiaerp betopiaerp.addons.base.tests.test_init:   betopiaerp.betopiaerp.osv execution time: 0.016s 
2026-02-09 11:16:47,832 1 INFO betopiaerp betopiaerp.addons.base.tests.test_init:   betopiaerp.betopiaerp.osv execution time: 0.017s 
2026-02-09 11:16:47,851 1 INFO betopiaerp betopiaerp.addons.base.tests.test_init:   betopiaerp.betopiaerp.release execution time: 0.019s 
2026-02-09 11:16:47,868 1 INFO betopiaerp betopiaerp.addons.base.tests.test_init:   betopiaerp.betopiaerp.release execution time: 0.016s 
2026-02-09 11:16:47,884 1 INFO betopiaerp betopiaerp.addons.base.tests.test_init:   betopiaerp.betopiaerp.service execution time: 0.016s 
2026-02-09 11:16:47,901 1 INFO betopiaerp betopiaerp.addons.base.tests.test_init:   betopiaerp.betopiaerp.service execution time: 0.016s 
2026-02-09 11:16:47,919 1 INFO betopiaerp betopiaerp.addons.base.tests.test_init:   betopiaerp.betopiaerp.sql_db execution time: 0.018s 
2026-02-09 11:16:47,937 1 INFO betopiaerp betopiaerp.addons.base.tests.test_init:   betopiaerp.betopiaerp.sql_db execution time: 0.018s 
2026-02-09 11:16:47,956 1 INFO betopiaerp betopiaerp.addons.base.tests.test_init:   betopiaerp.betopiaerp.tests execution time: 0.019s 
2026-02-09 11:16:47,973 1 INFO betopiaerp betopiaerp.addons.base.tests.test_init:   betopiaerp.betopiaerp.tests execution time: 0.016s 
2026-02-09 11:16:47,989 1 INFO betopiaerp betopiaerp.addons.base.tests.test_init:   betopiaerp.betopiaerp.tools execution time: 0.016s 
2026-02-09 11:16:48,006 1 INFO betopiaerp betopiaerp.addons.base.tests.test_init:   betopiaerp.betopiaerp.tools execution time: 0.016s 
2026-02-09 11:16:48,022 1 INFO betopiaerp betopiaerp.addons.base.tests.test_init:   betopiaerp.betopiaerp.upgrade execution time: 0.016s 
2026-02-09 11:16:48,038 1 INFO betopiaerp betopiaerp.addons.base.tests.test_init:   betopiaerp.betopiaerp.upgrade execution time: 0.015s 
2026-02-09 11:16:48,057 1 INFO betopiaerp betopiaerp.addons.base.tests.test_init:   betopiaerp.betopiaerp.upgrade_code execution time: 0.018s 
2026-02-09 11:16:48,073 1 INFO betopiaerp betopiaerp.addons.base.tests.test_init:   betopiaerp.betopiaerp.upgrade_code execution time: 0.016s 
2026-02-09 11:16:48,565 1 INFO betopiaerp betopiaerp.addons.base.tests.test_init:   betopiaerp.cli.cloc execution time: 0.492s 
2026-02-09 11:16:49,062 1 INFO betopiaerp betopiaerp.addons.base.tests.test_init:   betopiaerp.cli.command execution time: 0.496s 
2026-02-09 11:16:49,718 1 INFO betopiaerp betopiaerp.addons.base.tests.test_init:   betopiaerp.cli.db execution time: 0.655s 
2026-02-09 11:16:50,252 1 INFO betopiaerp betopiaerp.addons.base.tests.test_init:   betopiaerp.cli.deploy execution time: 0.533s 
2026-02-09 11:16:50,740 1 INFO betopiaerp betopiaerp.addons.base.tests.test_init:   betopiaerp.cli.help execution time: 0.488s 
2026-02-09 11:16:51,307 1 INFO betopiaerp betopiaerp.addons.base.tests.test_init:   betopiaerp.cli.i18n execution time: 0.567s 
2026-02-09 11:16:51,822 1 INFO betopiaerp betopiaerp.addons.base.tests.test_init:   betopiaerp.cli.module execution time: 0.514s 
2026-02-09 11:16:52,326 1 INFO betopiaerp betopiaerp.addons.base.tests.test_init:   betopiaerp.cli.neutralize execution time: 0.504s 
2026-02-09 11:16:52,822 1 INFO betopiaerp betopiaerp.addons.base.tests.test_init:   betopiaerp.cli.obfuscate execution time: 0.495s 
2026-02-09 11:16:53,384 1 INFO betopiaerp betopiaerp.addons.base.tests.test_init:   betopiaerp.cli.populate execution time: 0.562s 
2026-02-09 11:16:53,874 1 INFO betopiaerp betopiaerp.addons.base.tests.test_init:   betopiaerp.cli.scaffold execution time: 0.490s 
2026-02-09 11:16:54,473 1 INFO betopiaerp betopiaerp.addons.base.tests.test_init:   betopiaerp.cli.server execution time: 0.598s 
2026-02-09 11:16:55,098 1 INFO betopiaerp betopiaerp.addons.base.tests.test_init:   betopiaerp.cli.shell execution time: 0.625s 
2026-02-09 11:16:55,723 1 INFO betopiaerp betopiaerp.addons.base.tests.test_init:   betopiaerp.cli.start execution time: 0.624s 
2026-02-09 11:16:56,210 1 INFO betopiaerp betopiaerp.addons.base.tests.test_init:   betopiaerp.cli.templates execution time: 0.486s 
2026-02-09 11:16:56,694 1 INFO betopiaerp betopiaerp.addons.base.tests.test_init:   betopiaerp.cli.upgrade_code execution time: 0.484s 
2026-02-09 11:16:56,696 1 INFO betopiaerp betopiaerp.addons.base.tests.test_intervals: Starting TestIntervals.test_difference ... 
2026-02-09 11:16:56,697 1 INFO betopiaerp betopiaerp.addons.base.tests.test_intervals: Starting TestIntervals.test_intersection ... 
2026-02-09 11:16:56,698 1 INFO betopiaerp betopiaerp.addons.base.tests.test_intervals: Starting TestIntervals.test_keep_distinct ... 
2026-02-09 11:16:56,699 1 INFO betopiaerp betopiaerp.addons.base.tests.test_intervals: Starting TestIntervals.test_union ... 
2026-02-09 11:16:56,700 1 INFO betopiaerp betopiaerp.addons.base.models.ir_attachment: filestore gc 0 checked, 0 removed 
2026-02-09 11:16:56,701 1 INFO betopiaerp betopiaerp.addons.base.tests.test_intervals: Starting TestUtils.test_intervals_intersections ... 
2026-02-09 11:16:56,702 1 INFO betopiaerp betopiaerp.addons.base.tests.test_intervals: Starting TestUtils.test_intervals_inversion ... 
2026-02-09 11:16:56,703 1 INFO betopiaerp betopiaerp.addons.base.models.ir_attachment: filestore gc 0 checked, 0 removed 
2026-02-09 11:16:56,704 1 INFO betopiaerp betopiaerp.addons.base.tests.test_intervals: Starting TestKeepDistinctIntervals.test_difference ... 
2026-02-09 11:16:56,705 1 INFO betopiaerp betopiaerp.addons.base.tests.test_intervals: Starting TestKeepDistinctIntervals.test_intersection ... 
2026-02-09 11:16:56,706 1 INFO betopiaerp betopiaerp.addons.base.tests.test_intervals: Starting TestKeepDistinctIntervals.test_union ... 
2026-02-09 11:16:56,707 1 INFO betopiaerp betopiaerp.addons.base.models.ir_attachment: filestore gc 0 checked, 0 removed 
2026-02-09 11:16:56,736 1 INFO betopiaerp betopiaerp.addons.base.tests.test_ir_actions: Starting TestServerActions.test_00_action ... 
2026-02-09 11:16:56,756 1 INFO betopiaerp betopiaerp.addons.base.tests.test_ir_actions: Starting TestServerActions.test_00_server_action ... 
2026-02-09 11:16:56,770 1 INFO betopiaerp betopiaerp.addons.base.tests.test_ir_actions: Starting TestServerActions.test_10_code ... 
2026-02-09 11:16:56,789 1 INFO betopiaerp betopiaerp.addons.base.tests.test_ir_actions: Starting TestServerActions.test_20_crud_create ... 
2026-02-09 11:16:56,806 1 INFO betopiaerp betopiaerp.addons.base.tests.test_ir_actions: Starting TestServerActions.test_20_crud_create_link_many2many ... 
2026-02-09 11:16:56,824 1 INFO betopiaerp betopiaerp.addons.base.tests.test_ir_actions: Starting TestServerActions.test_20_crud_create_link_many2one ... 
2026-02-09 11:16:56,846 1 INFO betopiaerp betopiaerp.addons.base.tests.test_ir_actions: Starting TestServerActions.test_20_crud_create_link_one2many ... 
2026-02-09 11:16:56,867 1 INFO betopiaerp betopiaerp.addons.base.tests.test_ir_actions: Starting TestServerActions.test_25_crud_copy ... 
2026-02-09 11:16:56,885 1 INFO betopiaerp betopiaerp.addons.base.tests.test_ir_actions: Starting TestServerActions.test_25_crud_copy_link_many2many ... 
2026-02-09 11:16:56,903 1 INFO betopiaerp betopiaerp.addons.base.tests.test_ir_actions: Starting TestServerActions.test_25_crud_copy_link_many2one ... 
2026-02-09 11:16:56,922 1 INFO betopiaerp betopiaerp.addons.base.tests.test_ir_actions: Starting TestServerActions.test_25_crud_copy_link_one2many ... 
2026-02-09 11:16:56,941 1 INFO betopiaerp betopiaerp.addons.base.tests.test_ir_actions: Starting TestServerActions.test_30_crud_write ... 
2026-02-09 11:16:56,955 1 INFO betopiaerp betopiaerp.addons.base.tests.test_ir_actions: Starting TestServerActions.test_31_crud_write_html ... 
2026-02-09 11:16:56,971 1 INFO betopiaerp betopiaerp.addons.base.tests.test_ir_actions: Starting TestServerActions.test_35_crud_write_selection ... 
2026-02-09 11:16:56,989 1 INFO betopiaerp betopiaerp.addons.base.tests.test_ir_actions: Starting TestServerActions.test_36_crud_write_m2m_ops ... 
2026-02-09 11:16:57,010 1 INFO betopiaerp betopiaerp.addons.base.tests.test_ir_actions: Starting TestServerActions.test_37_field_path_traversal ... 
2026-02-09 11:16:57,029 1 INFO betopiaerp betopiaerp.addons.base.tests.test_ir_actions: Starting TestServerActions.test_39_boolean_update ... 
2026-02-09 11:16:57,043 1 INFO betopiaerp betopiaerp.addons.base.tests.test_ir_actions: Starting TestServerActions.test_40_multi ... 
2026-02-09 11:16:57,079 1 INFO betopiaerp betopiaerp.addons.base.tests.test_ir_actions: Starting TestServerActions.test_50_groups ... 
2026-02-09 11:16:57,124 1 INFO betopiaerp betopiaerp.addons.base.tests.test_ir_actions: Starting TestServerActions.test_60_sort ... 
2026-02-09 11:16:57,153 1 INFO betopiaerp betopiaerp.addons.base.tests.test_ir_actions: Starting TestServerActions.test_70_copy_action ... 
2026-02-09 11:16:57,175 1 INFO betopiaerp betopiaerp.addons.base.tests.test_ir_actions: Starting TestServerActions.test_80_permission ... 
2026-02-09 11:16:57,197 1 INFO betopiaerp betopiaerp.addons.base.tests.test_ir_actions: Starting TestServerActions.test_90_convert_to_float ... 
2026-02-09 11:16:57,210 1 INFO betopiaerp betopiaerp.addons.base.tests.test_ir_actions: Starting TestServerActions.test_90_webhook ... 
2026-02-09 11:16:57,223 1 INFO betopiaerp betopiaerp.addons.base.tests.test_ir_actions: Starting TestServerActions.test_object_write_equation ... 
2026-02-09 11:16:57,240 1 INFO betopiaerp betopiaerp.addons.base.models.ir_attachment: filestore gc 1 checked, 1 removed 
2026-02-09 11:16:57,241 1 INFO betopiaerp betopiaerp.addons.base.tests.test_ir_actions: Starting TestCustomFields.test_create_binary ... 
2026-02-09 11:16:57,287 1 INFO betopiaerp betopiaerp.addons.base.tests.test_ir_actions: Starting TestCustomFields.test_create_custom ... 
2026-02-09 11:16:57,292 1 INFO betopiaerp betopiaerp.addons.base.tests.test_ir_actions: Starting TestCustomFields.test_create_unique ... 
2026-02-09 11:16:57,337 1 INFO betopiaerp betopiaerp.addons.base.tests.test_ir_actions: Starting TestCustomFields.test_create_valid ... 
2026-02-09 11:16:57,347 1 INFO betopiaerp betopiaerp.addons.base.tests.test_ir_actions: Starting TestCustomFields.test_related_field ... 
2026-02-09 11:16:57,462 1 INFO betopiaerp betopiaerp.addons.base.tests.test_ir_actions: Starting TestCustomFields.test_relation_of_a_custom_field ... 
2026-02-09 11:16:57,516 1 INFO betopiaerp betopiaerp.addons.base.tests.test_ir_actions: Starting TestCustomFields.test_remove_with_view ... 
2026-02-09 11:16:57,594 1 INFO betopiaerp betopiaerp.addons.base.tests.test_ir_actions: Starting TestCustomFields.test_remove_without_view ... 
2026-02-09 11:16:57,644 1 INFO betopiaerp betopiaerp.models.unlink: User #1 deleted ir.model.fields records with IDs: [2933, 2935] 
2026-02-09 11:16:57,681 1 INFO betopiaerp betopiaerp.addons.base.tests.test_ir_actions: Starting TestCustomFields.test_rename_custom ... 
2026-02-09 11:16:57,754 1 INFO betopiaerp betopiaerp.models.unlink: User #1 deleted ir.model.fields records with IDs: [2938] 
2026-02-09 11:16:57,771 1 INFO betopiaerp betopiaerp.addons.base.tests.test_ir_actions: Starting TestCustomFields.test_rename_unique ... 
2026-02-09 11:16:57,873 1 INFO betopiaerp betopiaerp.models.unlink: User #1 deleted ir.model.fields records with IDs: [2944] 
2026-02-09 11:16:57,890 1 INFO betopiaerp betopiaerp.addons.base.tests.test_ir_actions: Starting TestCustomFields.test_rename_valid ... 
2026-02-09 11:16:57,957 1 INFO betopiaerp betopiaerp.models.unlink: User #1 deleted ir.model.fields records with IDs: [2947] 
2026-02-09 11:16:57,976 1 INFO betopiaerp betopiaerp.addons.base.tests.test_ir_actions: Starting TestCustomFields.test_rename_with_view ... 
2026-02-09 11:16:58,053 1 INFO betopiaerp betopiaerp.addons.base.tests.test_ir_actions: Starting TestCustomFields.test_rename_without_view ... 
2026-02-09 11:16:58,125 1 INFO betopiaerp betopiaerp.models.unlink: User #1 deleted ir.model.fields records with IDs: [2953] 
2026-02-09 11:16:58,168 1 INFO betopiaerp betopiaerp.addons.base.tests.test_ir_actions: Starting TestCustomFields.test_selection ... 
2026-02-09 11:16:58,216 1 INFO betopiaerp betopiaerp.models.unlink: User #1 deleted ir.model.fields.selection records with IDs: [889] 
2026-02-09 11:16:58,245 1 INFO betopiaerp betopiaerp.addons.base.tests.test_ir_actions: Starting TestCustomFields.test_unlink_base ... 
2026-02-09 11:16:58,263 1 INFO betopiaerp betopiaerp.models.unlink: User #1 deleted ir.model.data records with IDs: [1844, 2138] 
2026-02-09 11:16:58,264 1 INFO betopiaerp betopiaerp.models.unlink: User #1 deleted ir.model.fields records with IDs: [1013, 1307] 
2026-02-09 11:16:58,280 1 INFO betopiaerp betopiaerp.addons.base.tests.test_ir_actions: Starting TestCustomFields.test_unlink_inherited_custom ... 
2026-02-09 11:16:58,337 1 INFO betopiaerp betopiaerp.models.unlink: User #1 deleted ir.model.fields records with IDs: [2958, 2960] 
2026-02-09 11:16:58,375 1 INFO betopiaerp betopiaerp.addons.base.tests.test_ir_actions: Starting TestCustomFields.test_unlink_with_dependant ... 
2026-02-09 11:16:58,444 1 INFO betopiaerp betopiaerp.models.unlink: User #1 deleted ir.model.fields records with IDs: [2961, 2963, 2964] 
2026-02-09 11:16:58,461 1 INFO betopiaerp betopiaerp.addons.base.tests.test_ir_actions: Starting TestCustomFields.test_unlink_with_inverse ... 
2026-02-09 11:16:58,519 1 INFO betopiaerp betopiaerp.models.unlink: User #1 deleted ir.model.fields records with IDs: [2966, 2970, 2968] 
2026-02-09 11:16:58,536 1 INFO betopiaerp betopiaerp.addons.base.models.ir_attachment: filestore gc 0 checked, 0 removed 
2026-02-09 11:16:58,570 1 INFO betopiaerp betopiaerp.addons.base.tests.test_ir_attachment: Starting TestIrAttachment.test_01_store_in_db ... 
2026-02-09 11:16:58,581 1 INFO betopiaerp betopiaerp.addons.base.tests.test_ir_attachment: Starting TestIrAttachment.test_02_store_on_disk ... 
2026-02-09 11:16:58,583 1 INFO betopiaerp betopiaerp.addons.base.tests.test_ir_attachment: Starting TestIrAttachment.test_03_no_duplication ... 
2026-02-09 11:16:58,586 1 INFO betopiaerp betopiaerp.addons.base.tests.test_ir_attachment: Starting TestIrAttachment.test_04_keep_file ... 
2026-02-09 11:16:58,589 1 INFO betopiaerp betopiaerp.models.unlink: User #1 deleted ir.attachment records with IDs: [5704] 
2026-02-09 11:16:58,590 1 INFO betopiaerp betopiaerp.addons.base.tests.test_ir_attachment: Starting TestIrAttachment.test_05_change_data_change_file ... 
2026-02-09 11:16:58,593 1 INFO betopiaerp betopiaerp.addons.base.tests.test_ir_attachment: Starting TestIrAttachment.test_07_write_mimetype ... 
2026-02-09 11:16:58,595 1 INFO betopiaerp betopiaerp.addons.base.models.ir_attachment: Post processing ignored : This file could not be decoded as an image file. 
2026-02-09 11:16:58,602 1 INFO betopiaerp betopiaerp.addons.base.tests.test_ir_attachment: Starting TestIrAttachment.test_08_neuter_xml_mimetype ... 
2026-02-09 11:16:58,609 1 INFO betopiaerp betopiaerp.addons.base.tests.test_ir_attachment: Starting TestIrAttachment.test_09_dont_neuter_xml_mimetype_for_admin ... 
2026-02-09 11:16:58,612 1 INFO betopiaerp betopiaerp.addons.base.tests.test_ir_attachment: Starting TestIrAttachment.test_10_image_autoresize ... 
2026-02-09 11:16:58,954 1 INFO betopiaerp betopiaerp.models.unlink: User #1 deleted ir.config_parameter records with IDs: [329, 330] 
2026-02-09 11:16:59,352 1 INFO betopiaerp betopiaerp.addons.base.tests.test_ir_attachment: Starting TestIrAttachment.test_11_copy ... 
2026-02-09 11:16:59,357 1 INFO betopiaerp betopiaerp.addons.base.tests.test_ir_attachment: Starting TestIrAttachment.test_12_gc ... 
2026-02-09 11:16:59,360 1 INFO betopiaerp betopiaerp.models.unlink: User #1 deleted ir.attachment records with IDs: [5716] 
2026-02-09 11:16:59,361 1 INFO betopiaerp betopiaerp.addons.base.models.ir_attachment: filestore gc 10 checked, 9 removed 
2026-02-09 11:16:59,362 1 INFO betopiaerp betopiaerp.addons.base.tests.test_ir_attachment: Starting TestIrAttachment.test_13_rollback ... 
2026-02-09 11:16:59,365 1 INFO betopiaerp betopiaerp.addons.base.models.ir_attachment: filestore gc 1 checked, 1 removed 
2026-02-09 11:16:59,365 1 INFO betopiaerp betopiaerp.addons.base.tests.test_ir_attachment: Starting TestIrAttachment.test_14_invalid_mimetype_with_correct_file_extension_no_post_processing ... 
2026-02-09 11:16:59,366 1 INFO betopiaerp betopiaerp.addons.base.models.ir_attachment: Post processing ignored : Empty source, SVG, or WEBP 
2026-02-09 11:16:59,369 1 INFO betopiaerp betopiaerp.addons.base.tests.test_ir_attachment: Starting TestIrAttachment.test_15_read_bin_size_doesnt_read_datas ... 
2026-02-09 11:16:59,373 1 INFO betopiaerp betopiaerp.addons.base.models.ir_attachment: filestore gc 1 checked, 1 removed 
2026-02-09 11:16:59,399 1 INFO betopiaerp betopiaerp.addons.base.tests.test_ir_attachment: Starting TestPermissions.test_basic_modifications ... 
2026-02-09 11:16:59,426 1 INFO betopiaerp betopiaerp.addons.base.tests.test_ir_attachment: Starting TestPermissions.test_cross_record_copies ... 
2026-02-09 11:16:59,440 1 INFO betopiaerp betopiaerp.addons.base.models.ir_model: Access Denied by ACLs for operation: write, uid: 1116, model: res.users.apikeys.description 
2026-02-09 11:16:59,467 1 INFO betopiaerp betopiaerp.addons.base.tests.test_ir_attachment: Starting TestPermissions.test_field_read_permission ... 
2026-02-09 11:16:59,495 1 INFO betopiaerp betopiaerp.addons.base.tests.test_ir_attachment: Starting TestPermissions.test_read_permission ... 
2026-02-09 11:16:59,510 1 INFO betopiaerp betopiaerp.addons.base.models.ir_rule: Access Denied by record rules for operation: read on record ids: [5734], uid: 1116, model: ir.attachment 
2026-02-09 11:16:59,514 1 INFO betopiaerp betopiaerp.addons.base.models.ir_rule: Access Denied by record rules for operation: read on record ids: [5734], uid: 1116, model: ir.attachment 
2026-02-09 11:16:59,516 1 INFO betopiaerp betopiaerp.addons.base.models.ir_rule: Access Denied by record rules for operation: read on record ids: [5734], uid: 1116, model: ir.attachment 
2026-02-09 11:16:59,518 1 INFO betopiaerp betopiaerp.addons.base.models.ir_rule: Access Denied by record rules for operation: read on record ids: [5734], uid: 1116, model: ir.attachment 
2026-02-09 11:16:59,523 1 INFO betopiaerp betopiaerp.addons.base.models.ir_rule: Access Denied by record rules for operation: read on record ids: [5734], uid: 1116, model: ir.attachment 
2026-02-09 11:16:59,527 1 INFO betopiaerp betopiaerp.addons.base.models.ir_rule: Access Denied by record rules for operation: read on record ids: [5734], uid: 1116, model: ir.attachment 
2026-02-09 11:16:59,530 1 INFO betopiaerp betopiaerp.addons.base.models.ir_rule: Access Denied by record rules for operation: read on record ids: [5734], uid: 1116, model: ir.attachment 
2026-02-09 11:16:59,532 1 INFO betopiaerp betopiaerp.addons.base.models.ir_rule: Access Denied by record rules for operation: read on record ids: [5734], uid: 1116, model: ir.attachment 
2026-02-09 11:16:59,539 1 INFO betopiaerp betopiaerp.addons.base.models.ir_rule: Access Denied by record rules for operation: read on record ids: [5736], uid: 1116, model: ir.attachment 
2026-02-09 11:16:59,543 1 INFO betopiaerp betopiaerp.addons.base.models.ir_rule: Access Denied by record rules for operation: read on record ids: [5736], uid: 1116, model: ir.attachment 
2026-02-09 11:16:59,546 1 INFO betopiaerp betopiaerp.addons.base.models.ir_rule: Access Denied by record rules for operation: read on record ids: [5736], uid: 1116, model: ir.attachment 
2026-02-09 11:16:59,548 1 INFO betopiaerp betopiaerp.addons.base.models.ir_rule: Access Denied by record rules for operation: read on record ids: [5736], uid: 1116, model: ir.attachment 
2026-02-09 11:16:59,556 1 INFO betopiaerp betopiaerp.addons.base.tests.test_ir_attachment: Starting TestPermissions.test_with_write_permissions ... 
2026-02-09 11:16:59,575 1 INFO betopiaerp betopiaerp.models.unlink: User #1116 deleted ir.attachment records with IDs: [5739] 
2026-02-09 11:16:59,576 1 INFO betopiaerp betopiaerp.addons.base.tests.test_ir_attachment: Starting TestPermissions.test_write_create_url_binary_attachment ... 
2026-02-09 11:16:59,595 1 INFO betopiaerp betopiaerp.addons.base.tests.test_ir_attachment: Starting TestPermissions.test_write_error ... 
2026-02-09 11:16:59,606 1 INFO betopiaerp betopiaerp.addons.base.models.ir_attachment: _file_write writing /proc/dummy_test 
2026-02-09 11:16:59,609 1 INFO betopiaerp betopiaerp.addons.base.models.ir_attachment: filestore gc 3 checked, 3 removed 
2026-02-09 11:16:59,610 1 INFO betopiaerp betopiaerp.addons.base.tests.test_ir_cron: Starting TestIrCron.test_acquire_processed_job ... 
2026-02-09 11:16:59,610 1 INFO betopiaerp betopiaerp.addons.base.tests.test_ir_cron: Starting TestIrCron.test_cron_commit_progress ... 
2026-02-09 11:16:59,610 1 INFO betopiaerp betopiaerp.addons.base.tests.test_ir_cron: Starting TestIrCron.test_cron_deactivate ... 
2026-02-09 11:16:59,610 1 INFO betopiaerp betopiaerp.addons.base.models.ir_cron: Job 'Dummy cron for TestIrCron 5k4e1m0NKdo' (69) starting 
2026-02-09 11:16:59,610 1 INFO betopiaerp betopiaerp.tests.common: Skipping signal changes during tests 
2026-02-09 11:16:59,610 1 INFO betopiaerp betopiaerp.addons.base.models.ir_cron: Job 'Dummy cron for TestIrCron 5k4e1m0NKdo' (69) fully done (#loop 1; done 1; remaining 0; duration 0.00s) 
2026-02-09 11:16:59,610 1 INFO betopiaerp betopiaerp.addons.base.tests.test_ir_cron: Starting TestIrCron.test_cron_direct_trigger ... 
2026-02-09 11:16:59,610 1 INFO betopiaerp betopiaerp.addons.base.models.ir_cron: Job 'Dummy cron for TestIrCron 2wHolu5mCiU' (69) starting 
2026-02-09 11:16:59,610 1 INFO betopiaerp betopiaerp.tests.common: Skipping signal changes during tests 
2026-02-09 11:16:59,610 1 INFO betopiaerp betopiaerp.addons.base.models.ir_cron: Job 'Dummy cron for TestIrCron 2wHolu5mCiU' (69) fully done (#loop 1; done 0; remaining 0; duration 0.00s) 
2026-02-09 11:16:59,610 1 INFO betopiaerp betopiaerp.addons.base.tests.test_ir_cron: Starting TestIrCron.test_cron_direct_trigger_exception ... 
2026-02-09 11:16:59,610 1 INFO betopiaerp betopiaerp.addons.base.tests.test_ir_cron: Starting TestIrCron.test_cron_failed_increase ... 
2026-02-09 11:16:59,610 1 INFO betopiaerp betopiaerp.addons.base.tests.test_ir_cron: Starting TestIrCron.test_cron_keep_future_triggers ... 
2026-02-09 11:16:59,610 1 INFO betopiaerp betopiaerp.addons.base.tests.test_ir_cron: Starting TestIrCron.test_cron_no_job_ready ... 
2026-02-09 11:16:59,610 1 INFO betopiaerp betopiaerp.addons.base.tests.test_ir_cron: Starting TestIrCron.test_cron_process_job ... 
2026-02-09 11:16:59,610 1 INFO betopiaerp betopiaerp.tests.common: Skipping signal changes during tests 
2026-02-09 11:16:59,610 1 INFO betopiaerp betopiaerp.tests.common: Skipping signal changes during tests 
2026-02-09 11:17:00,610 1 INFO betopiaerp betopiaerp.tests.common: Skipping signal changes during tests 
2026-02-09 11:17:01,610 1 INFO betopiaerp betopiaerp.tests.common: Skipping signal changes during tests 
2026-02-09 11:17:02,610 1 INFO betopiaerp betopiaerp.tests.common: Skipping signal changes during tests 
2026-02-09 11:17:03,610 1 INFO betopiaerp betopiaerp.tests.common: Skipping signal changes during tests 
2026-02-09 11:17:04,610 1 INFO betopiaerp betopiaerp.tests.common: Skipping signal changes during tests 
2026-02-09 11:17:05,610 1 INFO betopiaerp betopiaerp.tests.common: Skipping signal changes during tests 
2026-02-09 11:17:06,610 1 INFO betopiaerp betopiaerp.tests.common: Skipping signal changes during tests 
2026-02-09 11:17:07,610 1 INFO betopiaerp betopiaerp.tests.common: Skipping signal changes during tests 
2026-02-09 11:17:08,610 1 INFO betopiaerp betopiaerp.tests.common: Skipping signal changes during tests 
2026-02-09 11:17:09,610 1 INFO betopiaerp betopiaerp.tests.common: Skipping signal changes during tests 
2026-02-09 11:17:10,610 1 INFO betopiaerp betopiaerp.tests.common: Skipping signal changes during tests 
2026-02-09 11:17:11,610 1 INFO betopiaerp betopiaerp.tests.common: Skipping signal changes during tests 
2026-02-09 11:17:12,610 1 INFO betopiaerp betopiaerp.tests.common: Skipping signal changes during tests 
2026-02-09 11:17:13,610 1 INFO betopiaerp betopiaerp.tests.common: Skipping signal changes during tests 
2026-02-09 11:17:14,610 1 INFO betopiaerp betopiaerp.tests.common: Skipping signal changes during tests 
2026-02-09 11:17:15,610 1 INFO betopiaerp betopiaerp.tests.common: Skipping signal changes during tests 
2026-02-09 11:17:16,610 1 INFO betopiaerp betopiaerp.tests.common: Skipping signal changes during tests 
2026-02-09 11:17:17,610 1 INFO betopiaerp betopiaerp.tests.common: Skipping signal changes during tests 
2026-02-09 11:17:18,610 1 INFO betopiaerp betopiaerp.tests.common: Skipping signal changes during tests 
2026-02-09 11:17:19,610 1 INFO betopiaerp betopiaerp.tests.common: Skipping signal changes during tests 
2026-02-09 11:17:19,610 1 INFO betopiaerp betopiaerp.tests.common: Skipping signal changes during tests 
2026-02-09 11:17:19,610 1 INFO betopiaerp betopiaerp.tests.common: Skipping signal changes during tests 
2026-02-09 11:17:19,610 1 INFO betopiaerp betopiaerp.tests.common: Skipping signal changes during tests 
2026-02-09 11:17:19,610 1 INFO betopiaerp betopiaerp.tests.common: Skipping signal changes during tests 
2026-02-09 11:17:19,610 1 INFO betopiaerp betopiaerp.tests.common: Skipping signal changes during tests 
2026-02-09 11:17:19,610 1 INFO betopiaerp betopiaerp.tests.common: Skipping signal changes during tests 
2026-02-09 11:17:19,610 1 INFO betopiaerp betopiaerp.tests.common: Skipping signal changes during tests 
2026-02-09 11:17:19,610 1 INFO betopiaerp betopiaerp.tests.common: Skipping signal changes during tests 
2026-02-09 11:17:19,610 1 INFO betopiaerp betopiaerp.tests.common: Skipping signal changes during tests 
2026-02-09 11:17:19,610 1 INFO betopiaerp betopiaerp.tests.common: Skipping signal changes during tests 
2026-02-09 11:17:29,610 1 INFO betopiaerp betopiaerp.tests.common: Skipping signal changes during tests 
2026-02-09 11:17:29,610 1 INFO betopiaerp betopiaerp.tests.common: Skipping signal changes during tests 
2026-02-09 11:17:29,610 1 INFO betopiaerp betopiaerp.addons.base.tests.test_ir_cron: Starting TestIrCron.test_cron_process_jobs_locked ... 
2026-02-09 11:17:29,610 1 INFO betopiaerp betopiaerp.addons.base.tests.test_ir_cron: Starting TestIrCron.test_cron_process_jobs_simple ... 
2026-02-09 11:17:29,610 1 INFO betopiaerp betopiaerp.addons.base.tests.test_ir_cron: Starting TestIrCron.test_cron_process_jobs_status_failed ... 
2026-02-09 11:17:29,610 1 INFO betopiaerp betopiaerp.addons.base.tests.test_ir_cron: Starting TestIrCron.test_cron_process_jobs_status_partial ... 
2026-02-09 11:17:29,610 1 INFO betopiaerp betopiaerp.addons.base.tests.test_ir_cron: Starting TestIrCron.test_cron_ready_by_nextcall ... 
2026-02-09 11:17:29,610 1 INFO betopiaerp betopiaerp.addons.base.tests.test_ir_cron: Starting TestIrCron.test_cron_ready_by_trigger ... 
2026-02-09 11:17:29,610 1 INFO betopiaerp betopiaerp.addons.base.tests.test_ir_cron: Starting TestIrCron.test_cron_ready_jobs_order ... 
2026-02-09 11:17:29,610 1 INFO betopiaerp betopiaerp.addons.base.tests.test_ir_cron: Starting TestIrCron.test_cron_retrigger ... 
2026-02-09 11:17:29,610 1 INFO betopiaerp betopiaerp.addons.base.models.ir_cron: Job 'Dummy cron for TestIrCron 4TFTNO7RDLg' (69) starting 
2026-02-09 11:17:31,610 1 INFO betopiaerp betopiaerp.tests.common: Skipping signal changes during tests 
2026-02-09 11:17:33,610 1 INFO betopiaerp betopiaerp.tests.common: Skipping signal changes during tests 
2026-02-09 11:17:35,610 1 INFO betopiaerp betopiaerp.tests.common: Skipping signal changes during tests 
2026-02-09 11:17:37,610 1 INFO betopiaerp betopiaerp.tests.common: Skipping signal changes during tests 
2026-02-09 11:17:39,610 1 INFO betopiaerp betopiaerp.tests.common: Skipping signal changes during tests 
2026-02-09 11:17:41,610 1 INFO betopiaerp betopiaerp.tests.common: Skipping signal changes during tests 
2026-02-09 11:17:43,610 1 INFO betopiaerp betopiaerp.tests.common: Skipping signal changes during tests 
2026-02-09 11:17:45,610 1 INFO betopiaerp betopiaerp.tests.common: Skipping signal changes during tests 
2026-02-09 11:17:47,610 1 INFO betopiaerp betopiaerp.tests.common: Skipping signal changes during tests 
2026-02-09 11:17:49,610 1 INFO betopiaerp betopiaerp.tests.common: Skipping signal changes during tests 
2026-02-09 11:17:49,610 1 INFO betopiaerp betopiaerp.addons.base.models.ir_cron: Job 'Dummy cron for TestIrCron 4TFTNO7RDLg' (69) partially done (#loop 10; done 1; remaining 21; duration 20.00s) 
2026-02-09 11:17:49,610 1 INFO betopiaerp betopiaerp.addons.base.models.ir_cron: Job 'Dummy cron for TestIrCron 4TFTNO7RDLg' (69) starting 
2026-02-09 11:17:50,110 1 INFO betopiaerp betopiaerp.tests.common: Skipping signal changes during tests 
2026-02-09 11:17:50,610 1 INFO betopiaerp betopiaerp.tests.common: Skipping signal changes during tests 
2026-02-09 11:17:51,110 1 INFO betopiaerp betopiaerp.tests.common: Skipping signal changes during tests 
2026-02-09 11:17:51,610 1 INFO betopiaerp betopiaerp.tests.common: Skipping signal changes during tests 
2026-02-09 11:17:52,110 1 INFO betopiaerp betopiaerp.tests.common: Skipping signal changes during tests 
2026-02-09 11:17:52,610 1 INFO betopiaerp betopiaerp.tests.common: Skipping signal changes during tests 
2026-02-09 11:17:53,110 1 INFO betopiaerp betopiaerp.tests.common: Skipping signal changes during tests 
2026-02-09 11:17:53,610 1 INFO betopiaerp betopiaerp.tests.common: Skipping signal changes during tests 
2026-02-09 11:17:54,110 1 INFO betopiaerp betopiaerp.tests.common: Skipping signal changes during tests 
2026-02-09 11:17:54,610 1 INFO betopiaerp betopiaerp.tests.common: Skipping signal changes during tests 
2026-02-09 11:17:55,110 1 INFO betopiaerp betopiaerp.tests.common: Skipping signal changes during tests 
2026-02-09 11:17:55,610 1 INFO betopiaerp betopiaerp.tests.common: Skipping signal changes during tests 
2026-02-09 11:17:56,110 1 INFO betopiaerp betopiaerp.tests.common: Skipping signal changes during tests 
2026-02-09 11:17:56,610 1 INFO betopiaerp betopiaerp.tests.common: Skipping signal changes during tests 
2026-02-09 11:17:57,110 1 INFO betopiaerp betopiaerp.tests.common: Skipping signal changes during tests 
2026-02-09 11:17:57,610 1 INFO betopiaerp betopiaerp.tests.common: Skipping signal changes during tests 
2026-02-09 11:17:58,110 1 INFO betopiaerp betopiaerp.tests.common: Skipping signal changes during tests 
2026-02-09 11:17:58,610 1 INFO betopiaerp betopiaerp.tests.common: Skipping signal changes during tests 
2026-02-09 11:17:59,110 1 INFO betopiaerp betopiaerp.tests.common: Skipping signal changes during tests 
2026-02-09 11:17:59,610 1 INFO betopiaerp betopiaerp.tests.common: Skipping signal changes during tests 
2026-02-09 11:17:59,610 1 INFO betopiaerp betopiaerp.addons.base.models.ir_cron: Job 'Dummy cron for TestIrCron 4TFTNO7RDLg' (69) partially done (#loop 20; done 1; remaining 1; duration 10.00s) 
2026-02-09 11:17:59,610 1 INFO betopiaerp betopiaerp.addons.base.models.ir_cron: Job 'Dummy cron for TestIrCron 4TFTNO7RDLg' (69) starting 
2026-02-09 11:18:00,110 1 INFO betopiaerp betopiaerp.tests.common: Skipping signal changes during tests 
2026-02-09 11:18:00,110 1 INFO betopiaerp betopiaerp.addons.base.models.ir_cron: Job 'Dummy cron for TestIrCron 4TFTNO7RDLg' (69) fully done (#loop 1; done 1; remaining 0; duration 0.50s) 
2026-02-09 11:18:00,110 1 INFO betopiaerp betopiaerp.addons.base.tests.test_ir_cron: Starting TestIrCron.test_cron_skip_unactive_triggers ... 
2026-02-09 11:18:00,110 1 INFO betopiaerp betopiaerp.addons.base.tests.test_ir_cron: Starting TestIrCron.test_cron_timeout_failure ... 
2026-02-09 11:18:00,110 1 INFO betopiaerp betopiaerp.addons.base.models.ir_cron: Job 'Dummy cron for TestIrCron R5qrUKwidtw' (69) starting 
2026-02-09 11:18:00,110 1 INFO betopiaerp betopiaerp.tests.common: Skipping signal changes during tests 
2026-02-09 11:18:00,110 1 INFO betopiaerp betopiaerp.addons.base.models.ir_cron: Job 'Dummy cron for TestIrCron R5qrUKwidtw' (69) fully done (#loop 1; done 0; remaining 0; duration 0.00s) 
2026-02-09 11:18:00,110 1 INFO betopiaerp betopiaerp.addons.base.tests.test_ir_cron: Starting TestIrCron.test_cron_timeout_success ... 
2026-02-09 11:18:00,110 1 INFO betopiaerp betopiaerp.addons.base.models.ir_cron: Job 'Dummy cron for TestIrCron aRXKuW8whi4' (69) starting 
2026-02-09 11:18:00,110 1 INFO betopiaerp betopiaerp.tests.common: Skipping signal changes during tests 
2026-02-09 11:18:00,110 1 INFO betopiaerp betopiaerp.addons.base.models.ir_cron: Job 'Dummy cron for TestIrCron aRXKuW8whi4' (69) fully done (#loop 1; done 0; remaining 0; duration 0.00s) 
2026-02-09 11:18:00,110 1 INFO betopiaerp betopiaerp.addons.base.tests.test_ir_cron: Starting TestIrCron.test_cron_unactive_never_ready ... 
2026-02-09 11:17:00,488 1 INFO betopiaerp betopiaerp.addons.base.models.ir_attachment: filestore gc 0 checked, 0 removed 
2026-02-09 11:17:00,489 1 INFO betopiaerp betopiaerp.addons.base.tests.test_ir_cron: Starting TestIrCronUser.test_cron_archived_admin_user ... 
2026-02-09 11:17:00,560 1 INFO betopiaerp betopiaerp.addons.base.models.ir_attachment: filestore gc 1 checked, 1 removed 
2026-02-09 11:17:00,561 1 INFO betopiaerp betopiaerp.addons.base.tests.test_ir_default: Starting TestIrDefault.test_conditions ... 
2026-02-09 11:17:00,563 1 INFO betopiaerp betopiaerp.models.unlink: User #1 deleted ir.default records with IDs: [1] 
2026-02-09 11:17:00,569 1 INFO betopiaerp betopiaerp.models.unlink: User #1 deleted ir.default records with IDs: [67] 
2026-02-09 11:17:00,574 1 INFO betopiaerp betopiaerp.addons.base.tests.test_ir_default: Starting TestIrDefault.test_defaults ... 
2026-02-09 11:17:00,661 1 INFO betopiaerp betopiaerp.models.unlink: User #1 deleted ir.default records with IDs: [1] 
2026-02-09 11:17:00,674 1 INFO betopiaerp betopiaerp.addons.base.tests.test_ir_default: Starting TestIrDefault.test_invalid ... 
2026-02-09 11:17:00,676 1 INFO betopiaerp betopiaerp.addons.base.tests.test_ir_default: Starting TestIrDefault.test_json_format_invalid ... 
2026-02-09 11:17:00,681 1 INFO betopiaerp betopiaerp.addons.base.tests.test_ir_default: Starting TestIrDefault.test_multi_company_defaults ... 
2026-02-09 11:17:00,817 1 INFO betopiaerp betopiaerp.addons.base.tests.test_ir_default: Starting TestIrDefault.test_removal ... 
2026-02-09 11:17:00,820 1 INFO betopiaerp betopiaerp.models.unlink: User #1 deleted ir.default records with IDs: [1] 
2026-02-09 11:17:00,827 1 INFO betopiaerp betopiaerp.models.unlink: User #1 deleted ir.default records with IDs: [76] 
2026-02-09 11:17:00,827 1 INFO betopiaerp betopiaerp.models.unlink: User #1 deleted res.country records with IDs: [526] 
2026-02-09 11:17:00,829 1 INFO betopiaerp betopiaerp.addons.base.models.ir_attachment: filestore gc 2 checked, 2 removed 
2026-02-09 11:17:00,860 1 INFO betopiaerp betopiaerp.addons.base.tests.test_ir_embedded_actions: Starting TestEmbeddedActionsBase.test_can_delete_custom_embedded_action ... 
2026-02-09 11:17:00,868 1 INFO betopiaerp betopiaerp.models.unlink: User #1 deleted ir.embedded.actions records with IDs: [75] 
2026-02-09 11:17:00,869 1 INFO betopiaerp betopiaerp.addons.base.tests.test_ir_embedded_actions: Starting TestEmbeddedActionsBase.test_cannot_delete_default_embedded_action ... 
2026-02-09 11:17:00,870 1 INFO betopiaerp betopiaerp.addons.base.tests.test_ir_embedded_actions: Starting TestEmbeddedActionsBase.test_create_embedded_action_with_action_and_python_method ... 
2026-02-09 11:17:00,872 1 INFO betopiaerp betopiaerp.addons.base.tests.test_ir_embedded_actions: Starting TestEmbeddedActionsBase.test_domain_on_embedded_action ... 
2026-02-09 11:17:00,880 1 INFO betopiaerp betopiaerp.addons.base.tests.test_ir_embedded_actions: Starting TestEmbeddedActionsBase.test_groups_on_embedded_action ... 
2026-02-09 11:17:00,903 1 INFO betopiaerp betopiaerp.addons.base.tests.test_ir_embedded_actions: Starting TestEmbeddedActionsBase.test_parent_has_embedded_actions ... 
2026-02-09 11:17:00,908 1 INFO betopiaerp betopiaerp.addons.base.models.ir_attachment: filestore gc 1 checked, 1 removed 
2026-02-09 11:17:00,933 1 INFO betopiaerp betopiaerp.addons.base.tests.test_ir_filters: Starting TestGetFilters.test_global_filters ... 
2026-02-09 11:17:00,948 1 INFO betopiaerp betopiaerp.addons.base.tests.test_ir_filters: Starting TestGetFilters.test_no_third_party_filters ... 
2026-02-09 11:17:00,962 1 INFO betopiaerp betopiaerp.addons.base.tests.test_ir_filters: Starting TestGetFilters.test_own_filters ... 
2026-02-09 11:17:00,977 1 INFO betopiaerp betopiaerp.addons.base.models.ir_attachment: filestore gc 1 checked, 1 removed 
2026-02-09 11:17:01,000 1 INFO betopiaerp betopiaerp.addons.base.tests.test_ir_filters: Starting TestEmbeddedFilters.test_global_filters_with_embedded_action ... 
2026-02-09 11:17:01,025 1 INFO betopiaerp betopiaerp.addons.base.tests.test_ir_filters: Starting TestEmbeddedFilters.test_global_filters_with_no_embedded_action ... 
2026-02-09 11:17:01,039 1 INFO betopiaerp betopiaerp.addons.base.models.ir_attachment: filestore gc 1 checked, 1 removed 
2026-02-09 11:17:01,040 1 INFO betopiaerp betopiaerp.addons.base.tests.test_ir_mail_server: Starting EmailConfigCase.test_default_email_from ... 
2026-02-09 11:17:01,043 1 INFO betopiaerp betopiaerp.addons.base.models.ir_attachment: filestore gc 0 checked, 0 removed 
2026-02-09 11:17:01,046 1 INFO betopiaerp betopiaerp.addons.base.tests.test_ir_mail_server: Starting TestIrMailServer.test_assert_base_values ... 
2026-02-09 11:17:01,046 1 INFO betopiaerp betopiaerp.addons.base.tests.test_ir_mail_server: Starting TestIrMailServer.test_bpo_34424_35805 ... 
2026-02-09 11:17:01,048 1 INFO betopiaerp betopiaerp.addons.base.tests.test_ir_mail_server: Starting TestIrMailServer.test_content_alternative_correct_order ... 
2026-02-09 11:17:01,053 1 INFO betopiaerp betopiaerp.addons.base.tests.test_ir_mail_server: Starting TestIrMailServer.test_content_mail_body ... 
2026-02-09 11:17:01,059 1 INFO betopiaerp betopiaerp.addons.base.tests.test_ir_mail_server: Starting TestIrMailServer.test_eml_attachment_encoding ... 
2026-02-09 11:17:01,061 1 INFO betopiaerp betopiaerp.addons.base.tests.test_ir_mail_server: Starting TestIrMailServer.test_eml_message_serialization_with_non_ascii ... 
2026-02-09 11:17:01,063 1 INFO betopiaerp betopiaerp.addons.base.tests.test_ir_mail_server: Starting TestIrMailServer.test_mail_server_auth_cert_requires_tls ... 
2026-02-09 11:17:01,065 1 INFO betopiaerp betopiaerp.addons.base.tests.test_ir_mail_server: Starting TestIrMailServer.test_mail_server_config_bin ... 
2026-02-09 11:17:01,093 1 INFO betopiaerp betopiaerp.addons.base.tests.test_ir_mail_server: Starting TestIrMailServer.test_mail_server_config_cli ... 
2026-02-09 11:17:01,105 1 INFO betopiaerp betopiaerp.addons.base.tests.test_ir_mail_server: Starting TestIrMailServer.test_mail_server_get_test_email_from ... 
2026-02-09 11:17:01,120 1 INFO betopiaerp betopiaerp.addons.base.tests.test_ir_mail_server: Starting TestIrMailServer.test_mail_server_match_from_filter ... 
2026-02-09 11:17:01,122 1 INFO betopiaerp betopiaerp.addons.base.tests.test_ir_mail_server: Starting TestIrMailServer.test_mail_server_priorities ... 
2026-02-09 11:17:01,125 1 INFO betopiaerp betopiaerp.addons.base.tests.test_ir_mail_server: Starting TestIrMailServer.test_mail_server_send_email ... 
2026-02-09 11:17:01,160 1 INFO betopiaerp betopiaerp.addons.base.tests.test_ir_mail_server: Starting TestIrMailServer.test_mail_server_send_email_IDNA ... 
2026-02-09 11:17:01,165 1 INFO betopiaerp betopiaerp.addons.base.tests.test_ir_mail_server: Starting TestIrMailServer.test_mail_server_send_email_context_force ... 
2026-02-09 11:17:01,177 1 INFO betopiaerp betopiaerp.addons.base.models.ir_attachment: filestore gc 0 checked, 0 removed 
2026-02-09 11:17:01,178 1 INFO betopiaerp betopiaerp.addons.base.tests.test_ir_mail_server_smtpd: Starting TestIrMailServerSMTPD.test_authentication_certificate_matrix ... 
2026-02-09 11:17:01,179 1 INFO betopiaerp betopiaerp.addons.base.tests.test_ir_mail_server_smtpd: skipped TestIrMailServerSMTPD.test_authentication_certificate_matrix : aiosmtpd couldn't be imported 
2026-02-09 11:17:01,179 1 INFO betopiaerp betopiaerp.addons.base.tests.test_ir_mail_server_smtpd: Starting TestIrMailServerSMTPD.test_authentication_login_matrix ... 
2026-02-09 11:17:01,179 1 INFO betopiaerp betopiaerp.addons.base.tests.test_ir_mail_server_smtpd: skipped TestIrMailServerSMTPD.test_authentication_login_matrix : aiosmtpd couldn't be imported 
2026-02-09 11:17:01,180 1 INFO betopiaerp betopiaerp.addons.base.tests.test_ir_mail_server_smtpd: Starting TestIrMailServerSMTPD.test_encryption_matrix ... 
2026-02-09 11:17:01,180 1 INFO betopiaerp betopiaerp.addons.base.tests.test_ir_mail_server_smtpd: skipped TestIrMailServerSMTPD.test_encryption_matrix : aiosmtpd couldn't be imported 
2026-02-09 11:17:01,180 1 INFO betopiaerp betopiaerp.addons.base.tests.test_ir_mail_server_smtpd: Starting TestIrMailServerSMTPD.test_man_in_the_middle_matrix ... 
2026-02-09 11:17:01,181 1 INFO betopiaerp betopiaerp.addons.base.tests.test_ir_mail_server_smtpd: skipped TestIrMailServerSMTPD.test_man_in_the_middle_matrix : aiosmtpd couldn't be imported 
2026-02-09 11:17:01,182 1 INFO betopiaerp betopiaerp.addons.base.tests.test_ir_model: Starting TestXMLID.test_create ... 
2026-02-09 11:17:01,191 1 INFO betopiaerp betopiaerp.addons.base.tests.test_ir_model: Starting TestXMLID.test_create_external_id_with_space ... 
2026-02-09 11:17:01,196 1 INFO betopiaerp betopiaerp.addons.base.tests.test_ir_model: Starting TestXMLID.test_create_inherits ... 
2026-02-09 11:17:01,218 1 INFO betopiaerp betopiaerp.addons.base.tests.test_ir_model: Starting TestXMLID.test_create_noupdate ... 
2026-02-09 11:17:01,223 1 INFO betopiaerp betopiaerp.addons.base.tests.test_ir_model: Starting TestXMLID.test_create_noupdate_multi ... 
2026-02-09 11:17:01,228 1 INFO betopiaerp betopiaerp.addons.base.tests.test_ir_model: Starting TestXMLID.test_create_order ... 
2026-02-09 11:17:01,233 1 INFO betopiaerp betopiaerp.addons.base.tests.test_ir_model: Starting TestXMLID.test_create_xmlids ... 
2026-02-09 11:17:01,257 1 INFO betopiaerp betopiaerp.addons.base.tests.test_ir_model: Starting TestXMLID.test_recreate ... 
2026-02-09 11:17:01,262 1 INFO betopiaerp betopiaerp.models.unlink: User #1 deleted ir.model.data records with IDs: [83955] 
2026-02-09 11:17:01,262 1 INFO betopiaerp betopiaerp.models.unlink: User #1 deleted res.partner.category records with IDs: [794] 
2026-02-09 11:17:01,265 1 INFO betopiaerp betopiaerp.addons.base.tests.test_ir_model: Starting TestXMLID.test_update_xmlid ... 
2026-02-09 11:17:01,269 1 INFO betopiaerp betopiaerp.addons.base.models.ir_attachment: filestore gc 2 checked, 2 removed 
2026-02-09 11:17:01,270 1 INFO betopiaerp betopiaerp.addons.base.tests.test_ir_model: Starting TestEvalContext.test_module_usage ... 
2026-02-09 11:17:01,322 1 INFO betopiaerp betopiaerp.addons.base.models.ir_attachment: filestore gc 0 checked, 0 removed 
2026-02-09 11:17:01,324 1 INFO betopiaerp betopiaerp.addons.base.tests.test_ir_model: Starting TestIrModelInherit.test_inherit ... 
2026-02-09 11:17:01,325 1 INFO betopiaerp betopiaerp.addons.base.tests.test_ir_model: Starting TestIrModelInherit.test_inherits ... 
2026-02-09 11:17:01,328 1 INFO betopiaerp betopiaerp.addons.base.models.ir_attachment: filestore gc 0 checked, 0 removed 
2026-02-09 11:17:01,329 1 INFO betopiaerp betopiaerp.addons.base.tests.test_ir_module: Starting IrModuleCase.test_missing_module_icon ... 
2026-02-09 11:17:01,341 1 INFO betopiaerp betopiaerp.addons.base.tests.test_ir_module: Starting IrModuleCase.test_module_wrong_icon ... 
2026-02-09 11:17:01,346 1 INFO betopiaerp betopiaerp.addons.base.tests.test_ir_module: Starting IrModuleCase.test_new_module_icon ... 
2026-02-09 11:17:01,347 1 INFO betopiaerp betopiaerp.addons.base.models.ir_attachment: filestore gc 0 checked, 0 removed 
2026-02-09 11:17:01,348 1 INFO betopiaerp betopiaerp.addons.base.tests.test_ir_module_category: Starting TestModuleCategory.test_parent_circular_dependencies ... 
2026-02-09 11:17:01,356 1 INFO betopiaerp betopiaerp.addons.base.models.ir_attachment: filestore gc 0 checked, 0 removed 
2026-02-09 11:17:01,356 1 INFO betopiaerp betopiaerp.addons.base.tests.test_ir_sequence: Starting TestIrSequenceStandard.test_ir_sequence_create ... 
2026-02-09 11:17:01,360 1 INFO betopiaerp betopiaerp.addons.base.tests.test_ir_sequence: Starting TestIrSequenceStandard.test_ir_sequence_draw ... 
2026-02-09 11:17:01,363 1 INFO betopiaerp betopiaerp.addons.base.tests.test_ir_sequence: Starting TestIrSequenceStandard.test_ir_sequence_draw_twice ... 
2026-02-09 11:17:01,369 1 INFO betopiaerp betopiaerp.addons.base.tests.test_ir_sequence: Starting TestIrSequenceStandard.test_ir_sequence_search ... 
2026-02-09 11:17:01,373 1 INFO betopiaerp betopiaerp.models.unlink: User #1 deleted ir.sequence records with IDs: [91] 
2026-02-09 11:17:01,375 1 INFO betopiaerp betopiaerp.addons.base.tests.test_ir_sequence: Starting TestIrSequenceNoGap.test_ir_sequence_create_no_gap ... 
2026-02-09 11:17:01,377 1 INFO betopiaerp betopiaerp.addons.base.tests.test_ir_sequence: Starting TestIrSequenceNoGap.test_ir_sequence_draw_no_gap ... 
2026-02-09 11:17:01,380 1 INFO betopiaerp betopiaerp.addons.base.tests.test_ir_sequence: Starting TestIrSequenceNoGap.test_ir_sequence_draw_twice_no_gap ... 
2026-02-09 11:17:01,387 1 INFO betopiaerp betopiaerp.models.unlink: User #1 deleted ir.sequence records with IDs: [92] 
2026-02-09 11:17:01,389 1 INFO betopiaerp betopiaerp.addons.base.tests.test_ir_sequence: Starting TestIrSequenceChangeImplementation.test_ir_sequence_1_create ... 
2026-02-09 11:17:01,392 1 INFO betopiaerp betopiaerp.addons.base.tests.test_ir_sequence: Starting TestIrSequenceChangeImplementation.test_ir_sequence_2_write ... 
2026-02-09 11:17:01,396 1 INFO betopiaerp betopiaerp.addons.base.tests.test_ir_sequence: Starting TestIrSequenceChangeImplementation.test_ir_sequence_3_unlink ... 
2026-02-09 11:17:01,398 1 INFO betopiaerp betopiaerp.models.unlink: User #1 deleted ir.sequence records with IDs: [93, 94] 
2026-02-09 11:17:01,401 1 INFO betopiaerp betopiaerp.addons.base.tests.test_ir_sequence: Starting TestIrSequenceGenerate.test_ir_sequence_create ... 
2026-02-09 11:17:01,411 1 INFO betopiaerp betopiaerp.addons.base.tests.test_ir_sequence: Starting TestIrSequenceGenerate.test_ir_sequence_create_no_gap ... 
2026-02-09 11:17:01,425 1 INFO betopiaerp betopiaerp.addons.base.tests.test_ir_sequence: Starting TestIrSequenceGenerate.test_ir_sequence_interpolation_dict ... 
2026-02-09 11:17:01,430 1 INFO betopiaerp betopiaerp.addons.base.tests.test_ir_sequence: Starting TestIrSequenceGenerate.test_ir_sequence_iso_directives ... 
2026-02-09 11:17:01,434 1 INFO betopiaerp betopiaerp.addons.base.tests.test_ir_sequence: Starting TestIrSequenceGenerate.test_ir_sequence_prefix ... 
2026-02-09 11:17:01,439 1 INFO betopiaerp betopiaerp.addons.base.tests.test_ir_sequence: Starting TestIrSequenceGenerate.test_ir_sequence_suffix ... 
2026-02-09 11:17:01,446 1 INFO betopiaerp betopiaerp.models.unlink: User #1 deleted ir.sequence records with IDs: [95, 96, 97, 98, 99, 100] 
2026-02-09 11:17:01,448 1 INFO betopiaerp betopiaerp.addons.base.tests.test_ir_sequence: Starting TestIrSequenceInit.test_00 ... 
2026-02-09 11:17:01,454 1 INFO betopiaerp betopiaerp.addons.base.models.ir_attachment: filestore gc 0 checked, 0 removed 
2026-02-09 11:17:01,455 1 INFO betopiaerp betopiaerp.addons.base.tests.test_ir_sequence_date_range: Starting TestIrSequenceDateRangeStandard.test_ir_sequence_date_range_1_create ... 
2026-02-09 11:17:01,457 1 INFO betopiaerp betopiaerp.addons.base.tests.test_ir_sequence_date_range: Starting TestIrSequenceDateRangeStandard.test_ir_sequence_date_range_2_change_dates ... 
2026-02-09 11:17:01,470 1 INFO betopiaerp betopiaerp.addons.base.tests.test_ir_sequence_date_range: Starting TestIrSequenceDateRangeStandard.test_ir_sequence_date_range_3_unlink ... 
2026-02-09 11:17:01,473 1 INFO betopiaerp betopiaerp.models.unlink: User #1 deleted ir.sequence records with IDs: [102] 
2026-02-09 11:17:01,475 1 INFO betopiaerp betopiaerp.addons.base.tests.test_ir_sequence_date_range: Starting TestIrSequenceDateRangeNoGap.test_ir_sequence_date_range_1_create_no_gap ... 
2026-02-09 11:17:01,477 1 INFO betopiaerp betopiaerp.addons.base.tests.test_ir_sequence_date_range: Starting TestIrSequenceDateRangeNoGap.test_ir_sequence_date_range_2_change_dates ... 
2026-02-09 11:17:01,488 1 INFO betopiaerp betopiaerp.addons.base.tests.test_ir_sequence_date_range: Starting TestIrSequenceDateRangeNoGap.test_ir_sequence_date_range_3_unlink ... 
2026-02-09 11:17:01,491 1 INFO betopiaerp betopiaerp.models.unlink: User #1 deleted ir.sequence records with IDs: [103] 
2026-02-09 11:17:01,492 1 INFO betopiaerp betopiaerp.addons.base.tests.test_ir_sequence_date_range: Starting TestIrSequenceDateRangeChangeImplementation.test_ir_sequence_date_range_1_create ... 
2026-02-09 11:17:01,494 1 INFO betopiaerp betopiaerp.addons.base.tests.test_ir_sequence_date_range: Starting TestIrSequenceDateRangeChangeImplementation.test_ir_sequence_date_range_2_use ... 
2026-02-09 11:17:01,525 1 INFO betopiaerp betopiaerp.addons.base.tests.test_ir_sequence_date_range: Starting TestIrSequenceDateRangeChangeImplementation.test_ir_sequence_date_range_3_write ... 
2026-02-09 11:17:01,528 1 INFO betopiaerp betopiaerp.addons.base.tests.test_ir_sequence_date_range: Starting TestIrSequenceDateRangeChangeImplementation.test_ir_sequence_date_range_4_unlink ... 
2026-02-09 11:17:01,531 1 INFO betopiaerp betopiaerp.models.unlink: User #1 deleted ir.sequence records with IDs: [104, 105] 
2026-02-09 11:17:01,533 1 INFO betopiaerp betopiaerp.addons.base.tests.test_mail: Starting TestSanitizer.test_abrupt_close ... 
2026-02-09 11:17:01,534 1 INFO betopiaerp betopiaerp.addons.base.tests.test_mail: Starting TestSanitizer.test_abrut_malformed ... 
2026-02-09 11:17:01,534 1 INFO betopiaerp betopiaerp.addons.base.tests.test_mail: Starting TestSanitizer.test_basic_sanitizer ... 
2026-02-09 11:17:01,536 1 INFO betopiaerp betopiaerp.addons.base.tests.test_mail: Starting TestSanitizer.test_cid_with_at ... 
2026-02-09 11:17:01,537 1 INFO betopiaerp betopiaerp.addons.base.tests.test_mail: Starting TestSanitizer.test_comment_malformed ... 
2026-02-09 11:17:01,537 1 INFO betopiaerp betopiaerp.addons.base.tests.test_mail: Starting TestSanitizer.test_comment_multiline ... 
2026-02-09 11:17:01,538 1 INFO betopiaerp betopiaerp.addons.base.tests.test_mail: Starting TestSanitizer.test_edi_source ... 
2026-02-09 11:17:01,539 1 INFO betopiaerp betopiaerp.addons.base.tests.test_mail: Starting TestSanitizer.test_evil_malicious_code ... 
2026-02-09 11:17:01,542 1 INFO betopiaerp betopiaerp.addons.base.tests.test_mail: Starting TestSanitizer.test_html ... 
2026-02-09 11:17:01,544 1 INFO betopiaerp betopiaerp.addons.base.tests.test_mail: Starting TestSanitizer.test_misc ... 
2026-02-09 11:17:01,544 1 INFO betopiaerp betopiaerp.addons.base.tests.test_mail: Starting TestSanitizer.test_outlook_mail_sanitize ... 
2026-02-09 11:17:01,545 1 INFO betopiaerp betopiaerp.addons.base.tests.test_mail: Starting TestSanitizer.test_quote_basic_text ... 
2026-02-09 11:17:01,546 1 INFO betopiaerp betopiaerp.addons.base.tests.test_mail: Starting TestSanitizer.test_quote_blockquote ... 
2026-02-09 11:17:01,547 1 INFO betopiaerp betopiaerp.addons.base.tests.test_mail: Starting TestSanitizer.test_quote_bugs ... 
2026-02-09 11:17:01,547 1 INFO betopiaerp betopiaerp.addons.base.tests.test_mail: Starting TestSanitizer.test_quote_gmail ... 
2026-02-09 11:17:01,549 1 INFO betopiaerp betopiaerp.addons.base.tests.test_mail: Starting TestSanitizer.test_quote_hotmail_html ... 
2026-02-09 11:17:01,550 1 INFO betopiaerp betopiaerp.addons.base.tests.test_mail: Starting TestSanitizer.test_quote_outlook_html ... 
2026-02-09 11:17:01,551 1 INFO betopiaerp betopiaerp.addons.base.tests.test_mail: Starting TestSanitizer.test_quote_signature ... 
2026-02-09 11:17:01,551 1 INFO betopiaerp betopiaerp.addons.base.tests.test_mail: Starting TestSanitizer.test_quote_signature_container_propagation ... 
2026-02-09 11:17:01,552 1 INFO betopiaerp betopiaerp.addons.base.tests.test_mail: Starting TestSanitizer.test_quote_text ... 
2026-02-09 11:17:01,553 1 INFO betopiaerp betopiaerp.addons.base.tests.test_mail: Starting TestSanitizer.test_quote_thunderbird ... 
2026-02-09 11:17:01,554 1 INFO betopiaerp betopiaerp.addons.base.tests.test_mail: Starting TestSanitizer.test_quote_thunderbird_html ... 
2026-02-09 11:17:01,555 1 INFO betopiaerp betopiaerp.addons.base.tests.test_mail: Starting TestSanitizer.test_quote_yahoo_html ... 
2026-02-09 11:17:01,556 1 INFO betopiaerp betopiaerp.addons.base.tests.test_mail: Starting TestSanitizer.test_sanitize_unescape_emails ... 
2026-02-09 11:17:01,557 1 INFO betopiaerp betopiaerp.addons.base.tests.test_mail: Starting TestSanitizer.test_style_class ... 
2026-02-09 11:17:01,558 1 INFO betopiaerp betopiaerp.addons.base.tests.test_mail: Starting TestSanitizer.test_style_class_only ... 
2026-02-09 11:17:01,559 1 INFO betopiaerp betopiaerp.addons.base.tests.test_mail: Starting TestSanitizer.test_style_parsing ... 
2026-02-09 11:17:01,560 1 INFO betopiaerp betopiaerp.addons.base.tests.test_mail: Starting TestHtmlTools.test_append_to_html ... 
2026-02-09 11:17:01,561 1 INFO betopiaerp betopiaerp.addons.base.tests.test_mail: Starting TestHtmlTools.test_html_html_to_inner_content ... 
2026-02-09 11:17:01,562 1 INFO betopiaerp betopiaerp.addons.base.tests.test_mail: Starting TestHtmlTools.test_is_html_empty ... 
2026-02-09 11:17:01,562 1 INFO betopiaerp betopiaerp.addons.base.tests.test_mail: Starting TestHtmlTools.test_nl2br_enclose ... 
2026-02-09 11:17:01,563 1 INFO betopiaerp betopiaerp.addons.base.tests.test_mail: Starting TestHtmlTools.test_plaintext2html ... 
2026-02-09 11:17:01,563 1 INFO betopiaerp betopiaerp.addons.base.tests.test_mail: Starting TestHtmlTools.test_prepend_html_content ... 
2026-02-09 11:17:01,564 1 INFO betopiaerp betopiaerp.addons.base.tests.test_mail: Starting TestEmailTools.test_email_anonymize ... 
2026-02-09 11:17:01,564 1 INFO betopiaerp betopiaerp.addons.base.tests.test_mail: Starting TestEmailTools.test_email_domain_normalize ... 
2026-02-09 11:17:01,565 1 INFO betopiaerp betopiaerp.addons.base.tests.test_mail: Starting TestEmailTools.test_email_formataddr ... 
2026-02-09 11:17:01,565 1 INFO betopiaerp betopiaerp.addons.base.tests.test_mail: Starting TestEmailTools.test_email_normalize ... 
2026-02-09 11:17:01,566 1 INFO betopiaerp betopiaerp.addons.base.tests.test_mail: Starting TestEmailTools.test_email_re ... 
2026-02-09 11:17:01,566 1 INFO betopiaerp betopiaerp.addons.base.tests.test_mail: Starting TestEmailTools.test_email_split ... 
2026-02-09 11:17:01,567 1 INFO betopiaerp betopiaerp.addons.base.tests.test_mail: Starting TestEmailTools.test_email_split_and_format ... 
2026-02-09 11:17:01,568 1 INFO betopiaerp betopiaerp.addons.base.tests.test_mail: Starting TestEmailTools.test_email_split_tuples ... 
2026-02-09 11:17:01,569 1 INFO betopiaerp betopiaerp.addons.base.tests.test_mail: Starting TestEmailTools.test_extract_rfc2822_addresses ... 
2026-02-09 11:17:01,569 1 INFO betopiaerp betopiaerp.addons.base.tests.test_mail: Starting TestEmailTools.test_single_email_re ... 
2026-02-09 11:17:01,570 1 INFO betopiaerp betopiaerp.addons.base.tests.test_mail: Starting TestMailTools.test_html2plaintext ... 
2026-02-09 11:17:01,571 1 INFO betopiaerp betopiaerp.addons.base.tests.test_menu: Starting TestMenu.test_00_menu_deletion ... 
2026-02-09 11:17:01,587 1 INFO betopiaerp betopiaerp.models.unlink: User #1 deleted ir.ui.menu records with IDs: [106] 
2026-02-09 11:17:01,590 1 INFO betopiaerp betopiaerp.addons.base.models.ir_attachment: filestore gc 0 checked, 0 removed 
2026-02-09 11:17:01,591 1 INFO betopiaerp betopiaerp.addons.base.tests.test_mimetypes: Starting test_guess_mimetype.test_default_mimetype ... 
2026-02-09 11:17:01,591 1 INFO betopiaerp betopiaerp.addons.base.tests.test_mimetypes: Starting test_guess_mimetype.test_default_mimetype_empty ... 
2026-02-09 11:17:01,592 1 INFO betopiaerp betopiaerp.addons.base.tests.test_mimetypes: Starting test_guess_mimetype.test_mimetype_bmp ... 
2026-02-09 11:17:01,593 1 INFO betopiaerp betopiaerp.addons.base.tests.test_mimetypes: Starting test_guess_mimetype.test_mimetype_fix_extension ... 
2026-02-09 11:17:01,593 1 WARNING betopiaerp betopiaerp.tools.mimetypes: File 'sheet.xlsx' has an unknown extension for mimetype 'application/vnd.openxmlformats-officedocument.spreadsheetml.sheet' 
2026-02-09 11:17:01,594 1 INFO betopiaerp betopiaerp.addons.base.tests.test_mimetypes: Starting test_guess_mimetype.test_mimetype_get_extension ... 
2026-02-09 11:17:01,594 1 INFO betopiaerp betopiaerp.addons.base.tests.test_mimetypes: Starting test_guess_mimetype.test_mimetype_gif ... 
2026-02-09 11:17:01,595 1 INFO betopiaerp betopiaerp.addons.base.tests.test_mimetypes: Starting test_guess_mimetype.test_mimetype_jpg ... 
2026-02-09 11:17:01,595 1 INFO betopiaerp betopiaerp.addons.base.tests.test_mimetypes: Starting test_guess_mimetype.test_mimetype_octet_stream ... 
2026-02-09 11:17:01,595 1 INFO betopiaerp betopiaerp.addons.base.tests.test_mimetypes: Starting test_guess_mimetype.test_mimetype_png ... 
2026-02-09 11:17:01,596 1 INFO betopiaerp betopiaerp.addons.base.tests.test_mimetypes: Starting test_guess_mimetype.test_mimetype_svg ... 
2026-02-09 11:17:01,596 1 INFO betopiaerp betopiaerp.addons.base.tests.test_mimetypes: Starting test_guess_mimetype.test_mimetype_txt ... 
2026-02-09 11:17:01,597 1 INFO betopiaerp betopiaerp.addons.base.tests.test_mimetypes: Starting test_guess_mimetype.test_mimetype_webp ... 
2026-02-09 11:17:01,597 1 INFO betopiaerp betopiaerp.addons.base.tests.test_mimetypes: Starting test_guess_mimetype.test_mimetype_xml ... 
2026-02-09 11:17:01,597 1 INFO betopiaerp betopiaerp.addons.base.tests.test_mimetypes: Starting test_guess_mimetype.test_mimetype_zip ... 
2026-02-09 11:17:01,598 1 INFO betopiaerp betopiaerp.addons.base.tests.test_misc: Starting TestMergeSequences.test_merge_sequences ... 
2026-02-09 11:17:01,599 1 INFO betopiaerp betopiaerp.addons.base.tests.test_misc: Starting TestFormatLangDate.test_00_accepted_types ... 
2026-02-09 11:17:01,607 1 INFO betopiaerp betopiaerp.addons.base.tests.test_misc: Starting TestFormatLangDate.test_01_code_and_format ... 
2026-02-09 11:17:01,621 1 INFO betopiaerp betopiaerp.addons.base.tests.test_misc: Starting TestFormatLangDate.test_02_tz ... 
2026-02-09 11:17:01,629 1 INFO betopiaerp betopiaerp.addons.base.models.ir_attachment: filestore gc 0 checked, 0 removed 
2026-02-09 11:17:01,630 1 INFO betopiaerp betopiaerp.addons.base.tests.test_misc: Starting TestCallbacks.test_aggregate ... 
2026-02-09 11:17:01,630 1 INFO betopiaerp betopiaerp.addons.base.tests.test_misc: Starting TestCallbacks.test_callback ... 
2026-02-09 11:17:01,631 1 INFO betopiaerp betopiaerp.addons.base.tests.test_misc: Starting TestCallbacks.test_reentrant ... 
2026-02-09 11:17:01,631 1 INFO betopiaerp betopiaerp.addons.base.tests.test_misc: Starting TestRemoveAccents.test_empty_string ... 
2026-02-09 11:17:01,632 1 INFO betopiaerp betopiaerp.addons.base.tests.test_misc: Starting TestRemoveAccents.test_latin ... 
2026-02-09 11:17:01,633 1 INFO betopiaerp betopiaerp.addons.base.tests.test_misc: Starting TestRemoveAccents.test_non_latin ... 
2026-02-09 11:17:01,634 1 INFO betopiaerp betopiaerp.addons.base.tests.test_misc: Starting TestAddonsFileAccess.test_file_open ... 
2026-02-09 11:17:01,657 1 INFO betopiaerp betopiaerp.addons.base.tests.test_misc: Starting TestAddonsFileAccess.test_file_path ... 
2026-02-09 11:17:01,668 1 INFO betopiaerp betopiaerp.addons.base.tests.test_misc: Starting TestDictTools.test_readonly_dict ... 
2026-02-09 11:17:01,669 1 INFO betopiaerp betopiaerp.addons.base.tests.test_misc: Starting TestFormatLang.test_currency_object ... 
2026-02-09 11:17:01,685 1 INFO betopiaerp betopiaerp.addons.base.tests.test_misc: Starting TestFormatLang.test_decimal_precision ... 
2026-02-09 11:17:01,689 1 INFO betopiaerp betopiaerp.addons.base.tests.test_misc: Starting TestFormatLang.test_decimal_precision_and_currency_object ... 
2026-02-09 11:17:01,705 1 INFO betopiaerp betopiaerp.addons.base.tests.test_misc: Starting TestFormatLang.test_format_decimal_point_without_grouping ... 
2026-02-09 11:17:01,710 1 INFO betopiaerp betopiaerp.addons.base.tests.test_misc: Starting TestFormatLang.test_grouping ... 
2026-02-09 11:17:01,714 1 INFO betopiaerp betopiaerp.addons.base.tests.test_misc: Starting TestFormatLang.test_rounding_method ... 
2026-02-09 11:17:01,718 1 INFO betopiaerp betopiaerp.addons.base.tests.test_misc: Starting TestFormatLang.test_rounding_method_and_rounding_unit ... 
2026-02-09 11:17:01,722 1 INFO betopiaerp betopiaerp.addons.base.tests.test_misc: Starting TestFormatLang.test_rounding_unit ... 
2026-02-09 11:17:01,725 1 INFO betopiaerp betopiaerp.addons.base.tests.test_misc: Starting TestFormatLang.test_value_and_digits ... 
2026-02-09 11:17:01,730 1 INFO betopiaerp betopiaerp.addons.base.models.ir_attachment: filestore gc 0 checked, 0 removed 
2026-02-09 11:17:01,731 1 INFO betopiaerp betopiaerp.addons.base.tests.test_misc: Starting TestUrlValidate.test_url_validate ... 
2026-02-09 11:17:01,732 1 INFO betopiaerp betopiaerp.addons.base.tests.test_misc: Starting TestUrlJoin.test_absolute_url_raises ... 
2026-02-09 11:17:01,733 1 INFO betopiaerp betopiaerp.addons.base.tests.test_misc: Starting TestUrlJoin.test_allow_query_override ... 
2026-02-09 11:17:01,733 1 INFO betopiaerp betopiaerp.addons.base.tests.test_misc: Starting TestUrlJoin.test_base_has_no_path ... 
2026-02-09 11:17:01,734 1 INFO betopiaerp betopiaerp.addons.base.tests.test_misc: Starting TestUrlJoin.test_basic_relative_path ... 
2026-02-09 11:17:01,735 1 INFO betopiaerp betopiaerp.addons.base.tests.test_misc: Starting TestUrlJoin.test_dot_segments_not_allowed ... 
2026-02-09 11:17:01,735 1 INFO betopiaerp betopiaerp.addons.base.tests.test_misc: Starting TestUrlJoin.test_empty_base_string ... 
2026-02-09 11:17:01,736 1 INFO betopiaerp betopiaerp.addons.base.tests.test_misc: Starting TestUrlJoin.test_extra_trailing_slash ... 
2026-02-09 11:17:01,736 1 INFO betopiaerp betopiaerp.addons.base.tests.test_misc: Starting TestUrlJoin.test_leading_and_trailing_slashes ... 
2026-02-09 11:17:01,736 1 INFO betopiaerp betopiaerp.addons.base.tests.test_misc: Starting TestUrlJoin.test_not_string_fails ... 
2026-02-09 11:17:01,737 1 INFO betopiaerp betopiaerp.addons.base.tests.test_misc: Starting TestUrlJoin.test_only_extra_fragments ... 
2026-02-09 11:17:01,737 1 INFO betopiaerp betopiaerp.addons.base.tests.test_misc: Starting TestUrlJoin.test_path_normalization ... 
2026-02-09 11:17:01,737 1 INFO betopiaerp betopiaerp.addons.base.tests.test_misc: Starting TestUrlJoin.test_percent_encoding ... 
2026-02-09 11:17:01,738 1 INFO betopiaerp betopiaerp.addons.base.tests.test_misc: Starting TestUrlJoin.test_query_keeps_base_by_default ... 
2026-02-09 11:17:01,738 1 INFO betopiaerp betopiaerp.addons.base.tests.test_misc: Starting TestUrlJoin.test_whitespaces ... 
2026-02-09 11:17:01,739 1 INFO betopiaerp betopiaerp.addons.base.tests.test_misc: Starting TestMiscToken.test_None_payload ... 
2026-02-09 11:17:01,740 1 INFO betopiaerp betopiaerp.addons.base.tests.test_misc: Starting TestMiscToken.test_expired_token ... 
2026-02-09 11:17:01,742 1 INFO betopiaerp betopiaerp.addons.base.tests.test_misc: Starting TestMiscToken.test_list_payload ... 
2026-02-09 11:17:01,743 1 INFO betopiaerp betopiaerp.addons.base.tests.test_misc: Starting TestMiscToken.test_long_payload ... 
2026-02-09 11:17:01,744 1 INFO betopiaerp betopiaerp.addons.base.tests.test_misc: Starting TestMiscToken.test_modified_payload ... 
2026-02-09 11:17:01,746 1 INFO betopiaerp betopiaerp.addons.base.models.ir_attachment: filestore gc 0 checked, 0 removed 
2026-02-09 11:17:01,763 1 INFO betopiaerp betopiaerp.addons.base.tests.test_misc: Starting TestFormatAmountFunction.test_trailing_false_on_number_having_no_trailing_zeroes ... 
2026-02-09 11:17:01,768 1 INFO betopiaerp betopiaerp.addons.base.tests.test_misc: Starting TestFormatAmountFunction.test_trailing_false_on_number_having_trailing_zeroes ... 
2026-02-09 11:17:01,774 1 INFO betopiaerp betopiaerp.addons.base.tests.test_misc: Starting TestFormatAmountFunction.test_trailing_false_on_number_having_trailing_zeroes_with_kilikili_language ... 
2026-02-09 11:17:01,778 1 INFO betopiaerp betopiaerp.addons.base.tests.test_misc: Starting TestFormatAmountFunction.test_trailing_true_on_number_having_no_trailing_zeroes ... 
2026-02-09 11:17:01,782 1 INFO betopiaerp betopiaerp.addons.base.tests.test_misc: Starting TestFormatAmountFunction.test_trailing_zeroes_true_on_number_having_trailing_zeroes ... 
2026-02-09 11:17:01,787 1 INFO betopiaerp betopiaerp.addons.base.models.ir_attachment: filestore gc 0 checked, 0 removed 
2026-02-09 11:17:01,788 1 INFO betopiaerp betopiaerp.addons.base.tests.test_module: Starting TestModuleManifest.test_change_manifest ... 
2026-02-09 11:17:01,789 1 INFO betopiaerp betopiaerp.addons.base.tests.test_module: Starting TestModuleManifest.test_default_manifest ... 
2026-02-09 11:17:01,790 1 INFO betopiaerp betopiaerp.addons.base.tests.test_module: Starting TestModuleManifest.test_missing_license ... 
2026-02-09 11:17:01,791 1 INFO betopiaerp betopiaerp.addons.base.tests.test_module: Starting TestModuleManifest.test_missing_manifest ... 
2026-02-09 11:17:01,792 1 INFO betopiaerp betopiaerp.addons.base.tests.test_module_graph: Starting TestGraph.test_graph_order_1 ... 
2026-02-09 11:17:01,795 1 INFO betopiaerp betopiaerp.addons.base.tests.test_module_graph: Starting TestGraph.test_graph_order_2 ... 
2026-02-09 11:17:01,795 1 INFO betopiaerp betopiaerp.addons.base.tests.test_module_graph: Starting TestGraph.test_graph_order_3 ... 
2026-02-09 11:17:01,797 1 INFO betopiaerp betopiaerp.addons.base.tests.test_module_graph: Starting TestGraph.test_graph_order_with_test_modules ... 
2026-02-09 11:17:01,799 1 INFO betopiaerp betopiaerp.addons.base.tests.test_num2words_ar: Starting TestNum2WordsAr.test_decimal_multiple_of_thousands ... 
2026-02-09 11:17:01,800 1 INFO betopiaerp betopiaerp.addons.base.tests.test_num2words_ar: Starting TestNum2WordsAr.test_multiple_of_thousands ... 
2026-02-09 11:17:01,802 1 INFO betopiaerp betopiaerp.addons.base.models.ir_attachment: filestore gc 0 checked, 0 removed 
2026-02-09 11:17:01,803 1 INFO betopiaerp betopiaerp.addons.base.tests.test_orm: Starting TestORM.test_access_deleted_records ... 
2026-02-09 11:17:01,843 1 INFO betopiaerp betopiaerp.addons.base.tests.test_orm: Starting TestORM.test_access_filtered_records ... 
2026-02-09 11:17:01,893 1 INFO betopiaerp betopiaerp.addons.base.models.ir_model: Access Denied by ACLs for operation: unlink, uid: 1128, model: res.partner 
2026-02-09 11:17:01,905 1 INFO betopiaerp betopiaerp.addons.base.models.ir_model: Access Denied by ACLs for operation: unlink, uid: 1128, model: res.partner 
2026-02-09 11:17:01,907 1 INFO betopiaerp betopiaerp.addons.base.tests.test_orm: Starting TestORM.test_access_partial_deletion ... 
2026-02-09 11:17:01,923 1 INFO betopiaerp betopiaerp.addons.base.tests.test_orm: Starting TestORM.test_create_multi ... 
2026-02-09 11:17:01,929 1 INFO betopiaerp betopiaerp.addons.base.tests.test_orm: Starting TestORM.test_exists ... 
2026-02-09 11:17:01,931 1 INFO betopiaerp betopiaerp.addons.base.tests.test_orm: Starting TestORM.test_lock_for_update ... 
2026-02-09 11:17:01,942 1 INFO betopiaerp betopiaerp.models.unlink: User #1 deleted res.partner records with IDs: [4544] 
2026-02-09 11:17:01,944 1 INFO betopiaerp betopiaerp.addons.base.tests.test_orm: Starting TestORM.test_m2m_store_trigger ... 
2026-02-09 11:17:01,975 1 INFO betopiaerp betopiaerp.addons.base.tests.test_orm: Starting TestORM.test_read ... 
2026-02-09 11:17:01,985 1 INFO betopiaerp betopiaerp.addons.base.tests.test_orm: Starting TestORM.test_search_read ... 
2026-02-09 11:17:02,011 1 INFO betopiaerp betopiaerp.addons.base.tests.test_orm: Starting TestORM.test_try_lock_for_update ... 
2026-02-09 11:17:02,016 1 INFO betopiaerp betopiaerp.addons.base.tests.test_orm: Starting TestORM.test_write_duplicate ... 
2026-02-09 11:17:02,023 1 INFO betopiaerp betopiaerp.addons.base.models.ir_attachment: filestore gc 1 checked, 1 removed 
2026-02-09 11:17:02,025 1 INFO betopiaerp betopiaerp.addons.base.tests.test_orm: Starting TestInherits.test_copy ... 
2026-02-09 11:17:02,085 1 INFO betopiaerp betopiaerp.addons.base.tests.test_orm: Starting TestInherits.test_copy_with_ancestor ... 
2026-02-09 11:17:02,122 1 INFO betopiaerp betopiaerp.addons.base.tests.test_orm: Starting TestInherits.test_create ... 
2026-02-09 11:17:02,138 1 INFO betopiaerp betopiaerp.addons.base.tests.test_orm: Starting TestInherits.test_create_with_ancestor ... 
2026-02-09 11:17:02,158 1 INFO betopiaerp betopiaerp.addons.base.tests.test_orm: Starting TestInherits.test_default ... 
2026-02-09 11:17:02,160 1 INFO betopiaerp betopiaerp.addons.base.tests.test_orm: Starting TestInherits.test_read ... 
2026-02-09 11:17:02,193 1 INFO betopiaerp betopiaerp.addons.base.tests.test_orm: Starting TestInherits.test_write_date ... 
2026-02-09 11:17:02,205 1 INFO betopiaerp betopiaerp.addons.base.models.ir_attachment: filestore gc 3 checked, 3 removed 
2026-02-09 11:17:02,207 1 INFO betopiaerp betopiaerp.addons.base.tests.test_pdf: Starting TestPdf.test_BetopiaERP_pdf_file_reader ... 
2026-02-09 11:17:02,210 1 INFO betopiaerp betopiaerp.addons.base.tests.test_pdf: Starting TestPdf.test_BetopiaERP_pdf_file_reader_with_owner_encryption ... 
2026-02-09 11:17:02,222 1 INFO betopiaerp betopiaerp.addons.base.tests.test_pdf: Starting TestPdf.test_BetopiaERP_pdf_file_writer ... 
2026-02-09 11:17:02,226 1 INFO betopiaerp betopiaerp.addons.base.tests.test_pdf: Starting TestPdf.test_branded_file_writer ... 
2026-02-09 11:17:02,229 1 INFO betopiaerp betopiaerp.addons.base.tests.test_pdf: Starting TestPdf.test_merge_pdf ... 
2026-02-09 11:17:02,232 1 INFO betopiaerp betopiaerp.addons.base.tests.test_pdf: Starting TestPdf.test_reshaping_arabic_text ... 
2026-02-09 11:17:02,235 1 INFO betopiaerp betopiaerp.addons.base.tests.test_pdf: Starting TestPdf.test_reshaping_non_arabic_text ... 
2026-02-09 11:17:02,238 1 INFO betopiaerp betopiaerp.addons.base.models.ir_attachment: filestore gc 0 checked, 0 removed 
2026-02-09 11:17:02,238 1 INFO betopiaerp betopiaerp.addons.base.tests.test_query: Starting QueryTestCase.test_basic_query ... 
2026-02-09 11:17:02,239 1 INFO betopiaerp betopiaerp.addons.base.tests.test_query: Starting QueryTestCase.test_empty_set_result_ids ... 
2026-02-09 11:17:02,239 1 INFO betopiaerp betopiaerp.addons.base.tests.test_query: Starting QueryTestCase.test_long_aliases ... 
2026-02-09 11:17:02,239 1 INFO betopiaerp betopiaerp.addons.base.tests.test_query: Starting QueryTestCase.test_mixed_query_chained_explicit_implicit_joins ... 
2026-02-09 11:17:02,239 1 INFO betopiaerp betopiaerp.addons.base.tests.test_query: Starting QueryTestCase.test_query_chained_explicit_joins ... 
2026-02-09 11:17:02,240 1 INFO betopiaerp betopiaerp.addons.base.tests.test_query: Starting QueryTestCase.test_raise_missing_lhs ... 
2026-02-09 11:17:02,240 1 INFO betopiaerp betopiaerp.addons.base.tests.test_query: Starting QueryTestCase.test_set_result_ids ... 
2026-02-09 11:17:02,240 1 INFO betopiaerp betopiaerp.addons.base.tests.test_query: Starting QueryTestCase.test_table_expression ... 
2026-02-09 11:17:02,241 1 INFO betopiaerp betopiaerp.addons.base.tests.test_query: Starting TestQuery.test_auto ... 
2026-02-09 11:17:02,244 1 INFO betopiaerp betopiaerp.addons.base.tests.test_query: Starting TestQuery.test_records_as_query ... 
2026-02-09 11:17:02,246 1 INFO betopiaerp betopiaerp.addons.base.models.ir_attachment: filestore gc 0 checked, 0 removed 
2026-02-09 11:17:02,247 1 INFO betopiaerp betopiaerp.addons.base.tests.test_qweb_field: Starting TestQwebFieldTime.test_time_value_to_html ... 
2026-02-09 11:17:02,252 1 INFO betopiaerp betopiaerp.addons.base.models.ir_attachment: filestore gc 0 checked, 0 removed 
2026-02-09 11:17:02,253 1 INFO betopiaerp betopiaerp.addons.base.tests.test_qweb_field: Starting TestQwebFieldInteger.test_integer_value_to_html ... 
2026-02-09 11:17:02,258 1 INFO betopiaerp betopiaerp.addons.base.models.ir_attachment: filestore gc 0 checked, 0 removed 
2026-02-09 11:17:02,259 1 INFO betopiaerp betopiaerp.addons.base.tests.test_qweb_field: Starting TestQwebFieldFloatConverter.test_float_value_to_html_no_precision ... 
2026-02-09 11:17:02,262 1 INFO betopiaerp betopiaerp.addons.base.tests.test_qweb_field: Starting TestQwebFieldFloatConverter.test_float_value_to_html_with_min_precision ... 
2026-02-09 11:17:02,265 1 INFO betopiaerp betopiaerp.addons.base.tests.test_qweb_field: Starting TestQwebFieldFloatConverter.test_float_value_to_html_with_precision ... 
2026-02-09 11:17:02,268 1 INFO betopiaerp betopiaerp.addons.base.tests.test_qweb_field: Starting TestQwebFieldFloatConverter.test_float_value_to_html_with_precision_and_min_precision ... 
2026-02-09 11:17:02,272 1 INFO betopiaerp betopiaerp.addons.base.models.ir_attachment: filestore gc 0 checked, 0 removed 
2026-02-09 11:17:02,276 1 INFO betopiaerp betopiaerp.addons.base.tests.test_qweb_field: Starting TestQwebFieldContact.test_value_to_html_with_website_and_phone ... 
2026-02-09 11:17:02,297 1 INFO betopiaerp betopiaerp.addons.base.tests.test_qweb_field: Starting TestQwebFieldContact.test_value_to_html_without_phone ... 
2026-02-09 11:17:02,318 1 INFO betopiaerp betopiaerp.addons.base.models.ir_attachment: filestore gc 0 checked, 0 removed 
2026-02-09 11:17:02,319 1 INFO betopiaerp betopiaerp.addons.base.tests.test_qweb_field: Starting TestQwebFieldOne2Many.test_one2many_empty ... 
2026-02-09 11:17:02,324 1 INFO betopiaerp betopiaerp.addons.base.tests.test_qweb_field: Starting TestQwebFieldOne2Many.test_one2many_with_values ... 
2026-02-09 11:17:02,331 1 INFO betopiaerp betopiaerp.addons.base.models.ir_attachment: filestore gc 0 checked, 0 removed 
2026-02-09 11:17:02,332 1 INFO betopiaerp betopiaerp.addons.base.tests.test_qweb_field: Starting TestQwebFieldMany2Many.test_many2many_empty ... 
2026-02-09 11:17:02,353 1 INFO betopiaerp betopiaerp.addons.base.tests.test_qweb_field: Starting TestQwebFieldMany2Many.test_many2many_with_values ... 
2026-02-09 11:17:02,374 1 INFO betopiaerp betopiaerp.addons.base.models.ir_attachment: filestore gc 1 checked, 1 removed 
2026-02-09 11:17:02,375 1 INFO betopiaerp betopiaerp.addons.base.tests.test_qweb_field: Starting TestQwebFieldMany2One.test_many2one_empty ... 
2026-02-09 11:17:02,378 1 INFO betopiaerp betopiaerp.addons.base.tests.test_qweb_field: Starting TestQwebFieldMany2One.test_many2one_with_value ... 
2026-02-09 11:17:02,385 1 INFO betopiaerp betopiaerp.addons.base.models.ir_attachment: filestore gc 0 checked, 0 removed 
2026-02-09 11:17:02,386 1 INFO betopiaerp betopiaerp.addons.base.tests.test_res_company: Starting TestCompany.test_check_active ... 
2026-02-09 11:17:02,467 1 INFO betopiaerp betopiaerp.addons.base.tests.test_res_company: Starting TestCompany.test_create_branch_with_default_parent_id ... 
2026-02-09 11:17:02,526 1 INFO betopiaerp betopiaerp.addons.base.tests.test_res_company: Starting TestCompany.test_logo_check ... 
2026-02-09 11:17:02,584 1 INFO betopiaerp betopiaerp.models.unlink: User #1 deleted ir.attachment records with IDs: [5844] 
2026-02-09 11:17:02,596 1 INFO betopiaerp betopiaerp.addons.base.models.ir_attachment: filestore gc 3 checked, 2 removed 
2026-02-09 11:17:02,598 1 INFO betopiaerp betopiaerp.addons.base.tests.test_res_config: Starting TestResConfig.test_00_get_option_path ... 
2026-02-09 11:17:02,601 1 INFO betopiaerp betopiaerp.addons.base.tests.test_res_config: Starting TestResConfig.test_10_get_option_name ... 
2026-02-09 11:17:02,604 1 INFO betopiaerp betopiaerp.addons.base.tests.test_res_config: Starting TestResConfig.test_20_get_config_warning ... 
2026-02-09 11:17:02,608 1 INFO betopiaerp betopiaerp.addons.base.tests.test_res_config: Starting TestResConfig.test_30_get_config_warning_wo_menu ... 
2026-02-09 11:17:02,610 1 INFO betopiaerp betopiaerp.addons.base.tests.test_res_config: Starting TestResConfig.test_40_view_expected_architecture ... 
2026-02-09 11:17:02,624 1 INFO betopiaerp betopiaerp.addons.base.tests.test_res_config: Starting TestResConfig.test_50_view_expected_architecture_t_node_groups ... 
2026-02-09 11:17:02,639 1 INFO betopiaerp betopiaerp.addons.base.models.ir_attachment: filestore gc 0 checked, 0 removed 
2026-02-09 11:17:02,639 1 INFO betopiaerp betopiaerp.addons.base.tests.test_res_currency: Starting TestResCurrency.test_currency_cache ... 
2026-02-09 11:17:02,657 1 INFO betopiaerp betopiaerp.addons.base.tests.test_res_currency: Starting TestResCurrency.test_res_currency_name_search ... 
2026-02-09 11:17:02,672 1 INFO betopiaerp betopiaerp.addons.base.tests.test_res_currency: Starting TestResCurrency.test_view_company_rate_label ... 
2026-02-09 11:17:02,787 1 INFO betopiaerp betopiaerp.addons.base.models.ir_attachment: filestore gc 0 checked, 0 removed 
2026-02-09 11:17:02,788 1 INFO betopiaerp betopiaerp.addons.base.tests.test_res_lang: Starting test_res_lang.test_00_intersperse ... 
2026-02-09 11:17:02,789 1 INFO betopiaerp betopiaerp.addons.base.tests.test_res_lang: Starting test_res_lang.test_get_data ... 
2026-02-09 11:17:03,957 1 INFO betopiaerp betopiaerp.addons.base.tests.test_res_lang: Query count less than expected for user __system__: 0 < 2 in test_get_data at base/tests/test_res_lang.py:100 
2026-02-09 11:17:03,959 1 INFO betopiaerp betopiaerp.addons.base.tests.test_res_lang: Starting test_res_lang.test_inactive_users_lang_deactivation ... 
2026-02-09 11:17:03,991 1 INFO betopiaerp betopiaerp.addons.base.tests.test_res_lang: Starting test_res_lang.test_lang_url_code_shortening ... 
2026-02-09 11:17:04,011 1 INFO betopiaerp betopiaerp.addons.base.models.ir_attachment: filestore gc 1 checked, 1 removed 
2026-02-09 11:17:04,034 1 INFO betopiaerp betopiaerp.addons.base.tests.test_res_partner: Starting TestPartner.test_archive_internal_partners ... 
2026-02-09 11:17:04,063 1 INFO betopiaerp betopiaerp.addons.base.tests.test_res_partner: Starting TestPartner.test_display_name_translation ... 
2026-02-09 11:17:04,067 1 INFO betopiaerp betopiaerp.addons.base.models.ir_module: module base: loading translation file /opt/betopiaerp/betopiaerp/addons/base/i18n/fr.po for language fr_FR 
2026-02-09 11:17:04,849 1 INFO betopiaerp betopiaerp.addons.base.tests.test_res_partner: Starting TestPartner.test_email_formatted ... 
2026-02-09 11:17:04,865 1 INFO betopiaerp betopiaerp.addons.base.tests.test_res_partner: Starting TestPartner.test_find_or_create ... 
2026-02-09 11:17:04,878 1 INFO betopiaerp betopiaerp.addons.base.tests.test_res_partner: Starting TestPartner.test_is_public ... 
2026-02-09 11:17:04,886 1 INFO betopiaerp betopiaerp.addons.base.tests.test_res_partner: Starting TestPartner.test_lang_computation_code ... 
2026-02-09 11:17:04,903 1 INFO betopiaerp betopiaerp.addons.base.tests.test_res_partner: Starting TestPartner.test_main_user_id ... 
2026-02-09 11:17:04,934 1 INFO betopiaerp betopiaerp.addons.base.tests.test_res_partner: Starting TestPartner.test_name_create ... 
2026-02-09 11:17:04,947 1 INFO betopiaerp betopiaerp.addons.base.tests.test_res_partner: Starting TestPartner.test_name_search ... 
2026-02-09 11:17:04,956 1 INFO betopiaerp betopiaerp.addons.base.tests.test_res_partner: Starting TestPartner.test_name_search_with_user ... 
2026-02-09 11:17:04,989 1 INFO betopiaerp betopiaerp.addons.base.models.ir_rule: Access Denied by record rules for operation: read on record ids: [4604], uid: 3, model: res.partner 
2026-02-09 11:17:04,996 1 INFO betopiaerp betopiaerp.addons.base.tests.test_res_partner: Starting TestPartner.test_partner_merge_wizard_dst_partner_id ... 
2026-02-09 11:17:05,003 1 INFO betopiaerp betopiaerp.addons.base.models.ir_attachment: filestore gc 4 checked, 4 removed 
2026-02-09 11:17:05,032 1 INFO betopiaerp betopiaerp.addons.base.tests.test_res_partner: Starting TestPartnerAddressCompany.test_accessibility_of_company_partner_from_branch ... 
2026-02-09 11:17:05,134 1 INFO betopiaerp betopiaerp.addons.base.tests.test_res_partner: Starting TestPartnerAddressCompany.test_address ... 
2026-02-09 11:17:05,181 1 INFO betopiaerp betopiaerp.addons.base.tests.test_res_partner: Starting TestPartnerAddressCompany.test_address_first_contact_sync ... 
2026-02-09 11:17:05,216 1 INFO betopiaerp betopiaerp.addons.base.tests.test_res_partner: Starting TestPartnerAddressCompany.test_address_get ... 
2026-02-09 11:17:05,239 1 INFO betopiaerp betopiaerp.addons.base.tests.test_res_partner: Starting TestPartnerAddressCompany.test_address_parent_company_creation ... 
2026-02-09 11:17:05,257 1 INFO betopiaerp betopiaerp.addons.base.tests.test_res_partner: Starting TestPartnerAddressCompany.test_commercial_field_sync ... 
2026-02-09 11:17:05,283 1 INFO betopiaerp betopiaerp.addons.base.tests.test_res_partner: Starting TestPartnerAddressCompany.test_commercial_field_sync_reset ... 
2026-02-09 11:17:05,292 1 INFO betopiaerp betopiaerp.addons.base.tests.test_res_partner: Starting TestPartnerAddressCompany.test_commercial_partner_nullcompany ... 
2026-02-09 11:17:05,309 1 INFO betopiaerp betopiaerp.addons.base.tests.test_res_partner: Starting TestPartnerAddressCompany.test_company_change_propagation ... 
2026-02-09 11:17:05,442 1 INFO betopiaerp betopiaerp.addons.base.tests.test_res_partner: Starting TestPartnerAddressCompany.test_company_dependent_commercial_sync ... 
2026-02-09 11:17:05,546 1 INFO betopiaerp betopiaerp.addons.base.tests.test_res_partner: Starting TestPartnerAddressCompany.test_company_dependent_commercial_sync_falsy_fields ... 
2026-02-09 11:17:05,613 1 INFO betopiaerp betopiaerp.addons.base.tests.test_res_partner: Starting TestPartnerAddressCompany.test_display_address_missing_key ... 
2026-02-09 11:17:05,618 1 INFO betopiaerp betopiaerp.addons.base.tests.test_res_partner: Starting TestPartnerAddressCompany.test_display_name ... 
2026-02-09 11:17:05,627 1 INFO betopiaerp betopiaerp.addons.base.models.ir_attachment: filestore gc 3 checked, 3 removed 
2026-02-09 11:17:05,627 1 INFO betopiaerp betopiaerp.addons.base.tests.test_res_partner: Starting TestPartnerRecursion.test_100_res_partner_recursion ... 
2026-02-09 11:17:05,635 1 INFO betopiaerp betopiaerp.addons.base.tests.test_res_partner: Starting TestPartnerRecursion.test_101_res_partner_recursion ... 
2026-02-09 11:17:05,646 1 INFO betopiaerp betopiaerp.addons.base.tests.test_res_partner: Starting TestPartnerRecursion.test_102_res_partner_recursion ... 
2026-02-09 11:17:05,657 1 INFO betopiaerp betopiaerp.addons.base.tests.test_res_partner: Starting TestPartnerRecursion.test_103_res_partner_recursion ... 
2026-02-09 11:17:05,669 1 INFO betopiaerp betopiaerp.addons.base.tests.test_res_partner: Starting TestPartnerRecursion.test_104_res_partner_recursion_indirect_cycle ... 
2026-02-09 11:17:05,687 1 INFO betopiaerp betopiaerp.addons.base.tests.test_res_partner: Starting TestPartnerRecursion.test_105_res_partner_recursion ... 
2026-02-09 11:17:05,700 1 INFO betopiaerp betopiaerp.addons.base.tests.test_res_partner: Starting TestPartnerRecursion.test_110_res_partner_recursion_multi_update ... 
2026-02-09 11:17:05,709 1 INFO betopiaerp betopiaerp.addons.base.tests.test_res_partner: Starting TestPartnerRecursion.test_111_res_partner_recursion_infinite_loop ... 
2026-02-09 11:17:05,732 1 INFO betopiaerp betopiaerp.addons.base.models.ir_attachment: filestore gc 0 checked, 0 removed 
2026-02-09 11:17:05,733 1 INFO betopiaerp betopiaerp.addons.base.tests.test_res_partner: Starting TestPartnerCategory.test_name_search ... 
2026-02-09 11:17:05,738 1 INFO betopiaerp betopiaerp.addons.base.models.ir_attachment: filestore gc 0 checked, 0 removed 
2026-02-09 11:17:05,763 1 INFO betopiaerp betopiaerp.addons.base.tests.test_res_partner_bank: Starting TestResPartnerBank.test_sanitized_acc_number ... 
2026-02-09 11:17:05,773 1 INFO betopiaerp betopiaerp.addons.base.models.ir_attachment: filestore gc 1 checked, 1 removed 
2026-02-09 11:17:05,774 1 INFO betopiaerp betopiaerp.addons.base.tests.test_res_partner_merge: Starting TestMergePartner.test_merge_partners_with_duplicate_bank_accounts ... 
2026-02-09 11:17:05,788 1 INFO betopiaerp betopiaerp.addons.base.partner.merge: dst_partner: 4704 
2026-02-09 11:17:05,822 1 INFO betopiaerp betopiaerp.addons.base.partner.merge: (uid = 1) merged the partners [4703, 4705] with 4704 
2026-02-09 11:17:05,826 1 INFO betopiaerp betopiaerp.models.unlink: User #1 deleted res.partner records with IDs: [4703, 4705] 
2026-02-09 11:17:05,828 1 INFO betopiaerp betopiaerp.addons.base.tests.test_res_partner_merge: Starting TestMergePartner.test_merge_partners_with_duplicate_bank_accounts_with_destination ... 
2026-02-09 11:17:05,841 1 INFO betopiaerp betopiaerp.addons.base.partner.merge: dst_partner: 4706 
2026-02-09 11:17:05,877 1 INFO betopiaerp betopiaerp.addons.base.partner.merge: (uid = 1) merged the partners [4708] with 4706 
2026-02-09 11:17:05,881 1 INFO betopiaerp betopiaerp.models.unlink: User #1 deleted res.partner records with IDs: [4708] 
2026-02-09 11:17:05,882 1 INFO betopiaerp betopiaerp.addons.base.tests.test_res_partner_merge: Starting TestMergePartner.test_merge_partners_with_peon_user ... 
2026-02-09 11:17:05,915 1 INFO betopiaerp betopiaerp.addons.base.models.ir_model: Access Denied by ACLs for operation: write, uid: 1152, model: res.partner.bank 
2026-02-09 11:17:05,927 1 INFO betopiaerp betopiaerp.addons.base.partner.merge: dst_partner: 4710 
2026-02-09 11:17:05,965 1 INFO betopiaerp betopiaerp.addons.base.partner.merge: (uid = 1152) merged the partners [4709, 4711] with 4710 
2026-02-09 11:17:05,970 1 INFO betopiaerp betopiaerp.models.unlink: User #1152 deleted res.partner records with IDs: [4709, 4711] 
2026-02-09 11:17:05,973 1 INFO betopiaerp betopiaerp.addons.base.tests.test_res_partner_merge: Starting TestMergePartner.test_merge_partners_with_references ... 
2026-02-09 11:17:05,987 1 INFO betopiaerp betopiaerp.addons.base.partner.merge: dst_partner: 4713 
2026-02-09 11:17:06,014 1 INFO betopiaerp betopiaerp.addons.base.partner.merge: (uid = 1) merged the partners [4714] with 4713 
2026-02-09 11:17:06,019 1 INFO betopiaerp betopiaerp.models.unlink: User #1 deleted res.partner records with IDs: [4714] 
2026-02-09 11:17:06,021 1 INFO betopiaerp betopiaerp.addons.base.tests.test_res_partner_merge: Starting TestMergePartner.test_merge_partners_with_unique_bank_accounts ... 
2026-02-09 11:17:06,034 1 INFO betopiaerp betopiaerp.addons.base.partner.merge: dst_partner: 4716 
2026-02-09 11:17:06,063 1 INFO betopiaerp betopiaerp.addons.base.partner.merge: (uid = 1) merged the partners [4717] with 4716 
2026-02-09 11:17:06,068 1 INFO betopiaerp betopiaerp.models.unlink: User #1 deleted res.partner records with IDs: [4717] 
2026-02-09 11:17:06,070 1 INFO betopiaerp betopiaerp.addons.base.tests.test_res_partner_merge: Starting TestMergePartner.test_merge_partners_without_bank_accounts ... 
2026-02-09 11:17:06,086 1 INFO betopiaerp betopiaerp.addons.base.partner.merge: dst_partner: 4722 
2026-02-09 11:17:06,108 1 INFO betopiaerp betopiaerp.addons.base.partner.merge: (uid = 1) merged the partners [4723] with 4722 
2026-02-09 11:17:06,112 1 INFO betopiaerp betopiaerp.models.unlink: User #1 deleted res.partner records with IDs: [4723] 
2026-02-09 11:17:06,114 1 INFO betopiaerp betopiaerp.addons.base.models.ir_attachment: filestore gc 1 checked, 1 removed 
2026-02-09 11:17:06,139 1 INFO betopiaerp betopiaerp.addons.base.tests.test_res_users: Starting TestUsers.test_change_user_company ... 
2026-02-09 11:17:06,265 1 INFO betopiaerp betopiaerp.addons.base.tests.test_res_users: Starting TestUsers.test_context_get_lang ... 
2026-02-09 11:17:06,289 1 INFO betopiaerp betopiaerp.addons.base.tests.test_res_users: Starting TestUsers.test_deactivate_portal_users_access ... 
2026-02-09 11:17:06,293 1 INFO betopiaerp betopiaerp.addons.base.tests.test_res_users: Starting TestUsers.test_deactivate_portal_users_archive_and_remove ... 
2026-02-09 11:17:06,313 1 INFO betopiaerp betopiaerp.addons.base.models.res_users: Account deletion asked for "portal_user" (#1158) from n/a. Archive the user and remove login information. 
2026-02-09 11:17:06,315 1 INFO betopiaerp betopiaerp.addons.base.models.res_users: Account deletion asked for "portal_user_2" (#1159) from n/a. Archive the user and remove login information. 
2026-02-09 11:17:06,332 1 INFO betopiaerp betopiaerp.addons.base.models.ir_cron: Job 'Base: Portal Users Deletion' (2) starting 
2026-02-09 11:17:06,356 1 INFO betopiaerp betopiaerp.models.unlink: User #1 deleted res.users records with IDs: [1158] 
2026-02-09 11:17:06,363 1 INFO betopiaerp betopiaerp.models.unlink: User #1 deleted res.partner records with IDs: [4731] 
2026-02-09 11:17:06,372 1 INFO betopiaerp betopiaerp.tests.common: Skipping signal changes during tests 
2026-02-09 11:17:06,373 1 INFO betopiaerp betopiaerp.addons.base.models.ir_cron: Job 'Base: Portal Users Deletion' (2) fully done (#loop 1; done 2; remaining 0; duration 0.04s) 
2026-02-09 11:17:06,376 1 INFO betopiaerp betopiaerp.addons.base.tests.test_res_users: Starting TestUsers.test_delete_public_user ... 
2026-02-09 11:17:06,383 1 INFO betopiaerp betopiaerp.addons.base.tests.test_res_users: Starting TestUsers.test_name_search ... 
2026-02-09 11:17:06,418 1 INFO betopiaerp betopiaerp.addons.base.tests.test_res_users: Starting TestUsers.test_session_non_existing_user ... 
2026-02-09 11:17:06,419 1 INFO betopiaerp betopiaerp.addons.base.tests.test_res_users: Starting TestUsers.test_user_home_action_restriction ... 
2026-02-09 11:17:06,450 1 INFO betopiaerp betopiaerp.addons.base.tests.test_res_users: Starting TestUsers.test_user_partner ... 
2026-02-09 11:17:06,549 1 INFO betopiaerp betopiaerp.addons.base.tests.test_res_users: Starting TestUsers.test_user_self_update ... 
2026-02-09 11:17:06,571 1 INFO betopiaerp betopiaerp.addons.base.models.ir_attachment: filestore gc 8 checked, 8 removed 
2026-02-09 11:17:06,572 1 INFO betopiaerp betopiaerp.addons.base.tests.test_res_users: Starting TestUsersTweaks.test_superuser ... 
2026-02-09 11:17:06,577 1 INFO betopiaerp betopiaerp.addons.base.models.ir_attachment: filestore gc 0 checked, 0 removed 
2026-02-09 11:17:06,578 1 INFO betopiaerp betopiaerp.addons.base.tests.test_search: Starting test_search.test_00_search_order ... 
2026-02-09 11:17:06,606 1 INFO betopiaerp betopiaerp.addons.base.tests.test_search: Starting test_search.test_10_inherits_m2order ... 
2026-02-09 11:17:06,650 1 INFO betopiaerp betopiaerp.addons.base.tests.test_search: Starting test_search.test_11_indirect_inherits_m2o_order ... 
2026-02-09 11:17:06,690 1 INFO betopiaerp betopiaerp.addons.base.tests.test_search: Starting test_search.test_12_m2o_order_loop_self ... 
2026-02-09 11:17:06,696 1 INFO betopiaerp betopiaerp.addons.base.tests.test_search: Starting test_search.test_13_m2o_order_loop_multi ... 
2026-02-09 11:17:06,764 1 INFO betopiaerp betopiaerp.addons.base.tests.test_search: Starting test_search.test_20_x_active ... 
2026-02-09 11:17:06,814 1 INFO betopiaerp betopiaerp.addons.base.tests.test_search: Starting test_search.test_21_search_count ... 
2026-02-09 11:17:06,822 1 INFO betopiaerp betopiaerp.addons.base.tests.test_search: Starting test_search.test_22_like_folding ... 
2026-02-09 11:17:06,825 1 INFO betopiaerp betopiaerp.addons.base.models.ir_attachment: filestore gc 9 checked, 9 removed 
2026-02-09 11:17:07,061 1 INFO betopiaerp betopiaerp.addons.base.tests.test_signature: Starting TestSignature.test_BetopiaERP_pdf_signer ... 
2026-02-09 11:17:07,080 1 INFO betopiaerp betopiaerp.addons.base.models.ir_attachment: filestore gc 0 checked, 0 removed 
2026-02-09 11:17:07,081 1 INFO betopiaerp betopiaerp.addons.base.tests.test_split_table: Starting TestSplitTable.test_split_table ... 
2026-02-09 11:17:07,126 1 INFO betopiaerp betopiaerp.addons.base.models.ir_attachment: filestore gc 0 checked, 0 removed 
2026-02-09 11:17:07,127 1 INFO betopiaerp betopiaerp.addons.base.tests.test_sql: Starting TestSQL.test_complex_sql ... 
2026-02-09 11:17:07,127 1 INFO betopiaerp betopiaerp.addons.base.tests.test_sql: Starting TestSQL.test_escape_percent ... 
2026-02-09 11:17:07,128 1 INFO betopiaerp betopiaerp.addons.base.tests.test_sql: Starting TestSQL.test_sql_bool ... 
2026-02-09 11:17:07,128 1 INFO betopiaerp betopiaerp.addons.base.tests.test_sql: Starting TestSQL.test_sql_empty ... 
2026-02-09 11:17:07,129 1 INFO betopiaerp betopiaerp.addons.base.tests.test_sql: Starting TestSQL.test_sql_equality ... 
2026-02-09 11:17:07,129 1 INFO betopiaerp betopiaerp.addons.base.tests.test_sql: Starting TestSQL.test_sql_hash ... 
2026-02-09 11:17:07,129 1 INFO betopiaerp betopiaerp.addons.base.tests.test_sql: Starting TestSQL.test_sql_idempotence ... 
2026-02-09 11:17:07,130 1 INFO betopiaerp betopiaerp.addons.base.tests.test_sql: Starting TestSQL.test_sql_identifier ... 
2026-02-09 11:17:07,130 1 INFO betopiaerp betopiaerp.addons.base.tests.test_sql: Starting TestSQL.test_sql_join ... 
2026-02-09 11:17:07,131 1 INFO betopiaerp betopiaerp.addons.base.tests.test_sql: Starting TestSQL.test_sql_with_literal_parameters ... 
2026-02-09 11:17:07,131 1 INFO betopiaerp betopiaerp.addons.base.tests.test_sql: Starting TestSQL.test_sql_with_named_parameters ... 
2026-02-09 11:17:07,132 1 INFO betopiaerp betopiaerp.addons.base.tests.test_sql: Starting TestSQL.test_sql_with_no_parameter ... 
2026-02-09 11:17:07,132 1 INFO betopiaerp betopiaerp.addons.base.tests.test_sql: Starting TestSQL.test_sql_with_sql_parameters ... 
2026-02-09 11:17:07,132 1 INFO betopiaerp betopiaerp.addons.base.tests.test_sql: Starting TestSQL.test_sql_with_wrong_pattern ... 
2026-02-09 11:17:07,134 1 INFO betopiaerp betopiaerp.addons.base.tests.test_sql: Starting TestSqlTools.test_add_constraint ... 
2026-02-09 11:17:07,138 1 INFO betopiaerp betopiaerp.addons.base.tests.test_sql: Starting TestSqlTools.test_add_index ... 
2026-02-09 11:17:07,143 1 INFO betopiaerp betopiaerp.addons.base.tests.test_sql: Starting TestSqlTools.test_add_index_escape ... 
2026-02-09 11:17:07,148 1 INFO betopiaerp betopiaerp.addons.base.models.ir_attachment: filestore gc 0 checked, 0 removed 
2026-02-09 11:17:07,148 1 INFO betopiaerp betopiaerp.addons.base.tests.test_test_retry: Starting TestRetry.test_log_levels ... 
2026-02-09 11:17:07,149 1 INFO betopiaerp betopiaerp.addons.base.tests.test_test_retry: test info 
2026-02-09 11:17:07,149 1 INFO betopiaerp betopiaerp.addons.base.tests.test_test_retry: Starting TestRetry.test_retry_success ... 
2026-02-09 11:17:07,149 1 INFO betopiaerp betopiaerp.addons.base.tests.test_test_retry: Starting TestRetryTraceback.test_retry_traceback_success ... 
2026-02-09 11:17:07,150 1 INFO betopiaerp betopiaerp.addons.base.tests.test_test_retry: Starting TestRetryTracebackArg.test_retry_traceback_args_success ... 
2026-02-09 11:17:07,151 1 INFO betopiaerp betopiaerp.addons.base.tests.test_test_retry: Starting TestRetryRollbackedCursor.test_broken_cursor ... 
2026-02-09 11:17:07,153 1 INFO betopiaerp betopiaerp.addons.base.models.ir_attachment: filestore gc 0 checked, 0 removed 
2026-02-09 11:17:07,154 1 INFO betopiaerp betopiaerp.addons.base.tests.test_test_retry: Starting TestRetryCommitedCursor.test_broken_cursor ... 
2026-02-09 11:17:07,155 1 INFO betopiaerp betopiaerp.addons.base.models.ir_attachment: filestore gc 0 checked, 0 removed 
2026-02-09 11:17:07,156 1 INFO betopiaerp betopiaerp.addons.base.tests.test_test_retry: Starting TestRetryRollbackedCursorError.test_broken_cursor ... 
2026-02-09 11:17:07,158 1 INFO betopiaerp betopiaerp.addons.base.models.ir_attachment: filestore gc 0 checked, 0 removed 
2026-02-09 11:17:07,158 1 INFO betopiaerp betopiaerp.addons.base.tests.test_test_retry: Starting TestRetryCommitedCursorError.test_broken_cursor ... 
2026-02-09 11:17:07,160 1 INFO betopiaerp betopiaerp.addons.base.models.ir_attachment: filestore gc 0 checked, 0 removed 
2026-02-09 11:17:07,160 1 INFO betopiaerp betopiaerp.addons.base.tests.test_test_retry: Starting TestRetrySubtest.test_retry_subtest_success_all ... 
2026-02-09 11:17:07,161 1 INFO betopiaerp betopiaerp.addons.base.tests.test_test_retry: Starting TestRetrySubtest.test_retry_subtest_success_one ... 
2026-02-09 11:17:07,161 1 INFO betopiaerp betopiaerp.addons.base.tests.test_test_suite: Starting TestTestSuite.test_test_suite ... 
2026-02-09 11:17:07,162 1 INFO betopiaerp betopiaerp.addons.base.tests.test_test_suite: Starting TestRunnerLogging.test_assertQueryCount ... 
2026-02-09 11:17:07,193 1 INFO betopiaerp betopiaerp.addons.base.tests.test_test_suite: Starting TestRunnerLogging.test_assertQueryCount_with_decorators ... 
2026-02-09 11:17:07,214 1 INFO betopiaerp betopiaerp.addons.base.tests.test_test_suite: Starting TestRunnerLogging.test_call_stack ... 
2026-02-09 11:17:07,216 1 INFO betopiaerp betopiaerp.addons.base.tests.test_test_suite: Starting TestRunnerLogging.test_call_stack_context_manager ... 
2026-02-09 11:17:07,219 1 INFO betopiaerp betopiaerp.addons.base.tests.test_test_suite: Starting TestRunnerLogging.test_call_stack_subtest ... 
2026-02-09 11:17:07,222 1 INFO betopiaerp betopiaerp.addons.base.tests.test_test_suite: Starting TestRunnerLogging.test_handle_error ... 
2026-02-09 11:17:07,226 1 INFO betopiaerp betopiaerp.addons.base.tests.test_test_suite: Starting TestRunnerLogging.test_has_add_error ... 
2026-02-09 11:17:07,227 1 INFO betopiaerp betopiaerp.addons.base.tests.test_test_suite: Starting TestRunnerLogging.test_raise ... 
2026-02-09 11:17:07,229 1 INFO betopiaerp betopiaerp.addons.base.tests.test_test_suite: Starting TestRunnerLogging.test_raise_subtest ... 
2026-02-09 11:17:07,233 1 INFO betopiaerp betopiaerp.addons.base.tests.test_test_suite: Starting TestRunnerLogging.test_reraise ... 
2026-02-09 11:17:07,235 1 INFO betopiaerp betopiaerp.addons.base.tests.test_test_suite: Starting TestRunnerLogging.test_subtest_sub_call ... 
2026-02-09 11:17:07,237 1 INFO betopiaerp betopiaerp.addons.base.tests.test_test_suite: Starting TestRunnerLogging.test_traverse_contextmanager ... 
2026-02-09 11:17:07,239 1 INFO betopiaerp betopiaerp.addons.base.tests.test_test_suite: Starting TestRunnerLogging.test_with_decorators ... 
2026-02-09 11:17:07,245 1 INFO betopiaerp betopiaerp.addons.base.models.ir_attachment: filestore gc 0 checked, 0 removed 
2026-02-09 11:17:07,245 1 INFO betopiaerp betopiaerp.addons.base.tests.test_test_suite: Starting TestRunnerLoggingSetup.test_raises_setup ... 
2026-02-09 11:17:07,251 1 INFO betopiaerp betopiaerp.addons.base.models.ir_attachment: filestore gc 0 checked, 0 removed 
2026-02-09 11:17:07,252 1 INFO betopiaerp betopiaerp.addons.base.tests.test_test_suite: Starting TestRunnerLoggingTeardown.test_raises_teardown ... 
2026-02-09 11:17:07,262 1 INFO betopiaerp betopiaerp.addons.base.models.ir_attachment: filestore gc 0 checked, 0 removed 
2026-02-09 11:17:07,262 1 INFO betopiaerp betopiaerp.addons.base.tests.test_test_suite: Starting TestSubtests.test_nested_subtests ... 
2026-02-09 11:17:07,263 1 INFO betopiaerp betopiaerp.tests.suite: skipped setUpClass (betopiaerp.addons.base.tests.test_test_suite.TestClassSetup) : Skip this class 
2026-02-09 11:17:07,263 1 INFO betopiaerp betopiaerp.addons.base.tests.test_test_suite: Starting TestClassTeardown.test_method ... 
2026-02-09 11:17:07,263 1 INFO betopiaerp betopiaerp.tests.suite: skipped tearDownClass (betopiaerp.addons.base.tests.test_test_suite.TestClassTeardown) : Skip this class 
2026-02-09 11:17:07,264 1 INFO betopiaerp betopiaerp.addons.base.tests.test_test_suite: Starting Test01ClassCleanups.test_dummy ... 
2026-02-09 11:17:07,264 1 INFO betopiaerp betopiaerp.addons.base.tests.test_test_suite: Starting Test02ClassCleanupsCheck.test_classcleanups ... 
2026-02-09 11:17:07,264 1 INFO betopiaerp betopiaerp.addons.base.tests.test_test_suite: Starting TestSkipMethof.test_skip_method ... 
2026-02-09 11:17:07,265 1 INFO betopiaerp betopiaerp.addons.base.tests.test_test_suite: skipped TestSkipMethof.test_skip_method :  
2026-02-09 11:17:07,265 1 INFO betopiaerp betopiaerp.addons.base.tests.test_test_suite: Starting TestRegistryRLock.test_registry_rlock_count ... 
2026-02-09 11:17:07,266 1 INFO betopiaerp betopiaerp.addons.base.tests.test_tests_tags: Starting TestSetTags.test_inheritance ... 
2026-02-09 11:17:07,267 1 INFO betopiaerp betopiaerp.addons.base.tests.test_tests_tags: Starting TestSetTags.test_parental_advisory ... 
2026-02-09 11:17:07,267 1 INFO betopiaerp betopiaerp.addons.base.tests.test_tests_tags: Starting TestSetTags.test_set_tags_empty ... 
2026-02-09 11:17:07,268 1 INFO betopiaerp betopiaerp.addons.base.tests.test_tests_tags: Starting TestSetTags.test_set_tags_multiple_tags ... 
2026-02-09 11:17:07,268 1 INFO betopiaerp betopiaerp.addons.base.tests.test_tests_tags: Starting TestSetTags.test_set_tags_not_decorated ... 
2026-02-09 11:17:07,269 1 INFO betopiaerp betopiaerp.addons.base.tests.test_tests_tags: Starting TestSetTags.test_set_tags_single_tag ... 
2026-02-09 11:17:07,270 1 INFO betopiaerp betopiaerp.addons.base.tests.test_tests_tags: Starting TestSetTags.test_untagging ... 
2026-02-09 11:17:07,271 1 INFO betopiaerp betopiaerp.addons.base.models.ir_attachment: filestore gc 0 checked, 0 removed 
2026-02-09 11:17:07,272 1 INFO betopiaerp betopiaerp.addons.base.tests.test_tests_tags: Starting TestSelector.test_selector_parser ... 
2026-02-09 11:17:07,274 1 INFO betopiaerp betopiaerp.addons.base.models.ir_attachment: filestore gc 0 checked, 0 removed 
2026-02-09 11:17:07,275 1 INFO betopiaerp betopiaerp.addons.base.tests.test_tests_tags: Starting TestSelectorSelection.test_negative_parameters_translate ... 
2026-02-09 11:17:07,276 1 INFO betopiaerp betopiaerp.addons.base.tests.test_tests_tags: Starting TestSelectorSelection.test_selector_parser_parameters ... 
2026-02-09 11:17:07,277 1 INFO betopiaerp betopiaerp.addons.base.tests.test_tests_tags: Starting TestSelectorSelection.test_selector_selection ... 
2026-02-09 11:17:07,278 1 INFO betopiaerp betopiaerp.addons.base.models.ir_attachment: filestore gc 0 checked, 0 removed 
2026-02-09 11:17:07,279 1 INFO betopiaerp betopiaerp.addons.base.tests.test_tests_tags: Starting TestTestClass.test_canonical_tag ... 
2026-02-09 11:17:07,280 1 INFO betopiaerp betopiaerp.addons.base.tests.test_transactions: Starting TestTransactionEnvs.test_transation_envs_ordered ... 
2026-02-09 11:17:07,280 1 INFO betopiaerp betopiaerp.addons.base.tests.test_transactions: Starting TestTransactionEnvs.test_transation_envs_weakrefs ... 
2026-02-09 11:17:07,281 1 INFO betopiaerp betopiaerp.addons.base.tests.test_transactions: Starting TestTransactionEnvs.test_transation_envs_weakrefs_call ... 
2026-02-09 11:17:07,282 1 INFO betopiaerp betopiaerp.addons.base.tests.test_transactions: Starting TestTransactionEnvs.test_transation_envs_weakrefs_return ... 
2026-02-09 11:17:07,283 1 INFO betopiaerp betopiaerp.addons.base.models.ir_attachment: filestore gc 0 checked, 0 removed 
2026-02-09 11:17:07,284 1 INFO betopiaerp betopiaerp.addons.base.tests.test_translate: Starting TranslationToolsTestCase.test_quote_unquote ... 
2026-02-09 11:17:07,284 1 INFO betopiaerp betopiaerp.addons.base.tests.test_translate: Starting TranslationToolsTestCase.test_translate_html ... 
2026-02-09 11:17:07,284 1 INFO betopiaerp betopiaerp.addons.base.tests.test_translate: Starting TranslationToolsTestCase.test_translate_html_i ... 
2026-02-09 11:17:07,285 1 INFO betopiaerp betopiaerp.addons.base.tests.test_translate: Starting TranslationToolsTestCase.test_translate_html_nbsp ... 
2026-02-09 11:17:07,285 1 INFO betopiaerp betopiaerp.addons.base.tests.test_translate: Starting TranslationToolsTestCase.test_translate_xml_a ... 
2026-02-09 11:17:07,285 1 INFO betopiaerp betopiaerp.addons.base.tests.test_translate: Starting TranslationToolsTestCase.test_translate_xml_attribute ... 
2026-02-09 11:17:07,286 1 INFO betopiaerp betopiaerp.addons.base.tests.test_translate: Starting TranslationToolsTestCase.test_translate_xml_base ... 
2026-02-09 11:17:07,286 1 INFO betopiaerp betopiaerp.addons.base.tests.test_translate: Starting TranslationToolsTestCase.test_translate_xml_fstring ... 
2026-02-09 11:17:07,287 1 INFO betopiaerp betopiaerp.addons.base.tests.test_translate: Starting TranslationToolsTestCase.test_translate_xml_illegal_translations ... 
2026-02-09 11:17:07,287 1 INFO betopiaerp betopiaerp.addons.base.tests.test_translate: Starting TranslationToolsTestCase.test_translate_xml_inline1 ... 
2026-02-09 11:17:07,287 1 INFO betopiaerp betopiaerp.addons.base.tests.test_translate: Starting TranslationToolsTestCase.test_translate_xml_inline2 ... 
2026-02-09 11:17:07,288 1 INFO betopiaerp betopiaerp.addons.base.tests.test_translate: Starting TranslationToolsTestCase.test_translate_xml_inline3 ... 
2026-02-09 11:17:07,288 1 INFO betopiaerp betopiaerp.addons.base.tests.test_translate: Starting TranslationToolsTestCase.test_translate_xml_inline4 ... 
2026-02-09 11:17:07,288 1 INFO betopiaerp betopiaerp.addons.base.tests.test_translate: Starting TranslationToolsTestCase.test_translate_xml_inline5 ... 
2026-02-09 11:17:07,289 1 INFO betopiaerp betopiaerp.addons.base.tests.test_translate: Starting TranslationToolsTestCase.test_translate_xml_invalid_translations ... 
2026-02-09 11:17:07,289 1 INFO betopiaerp betopiaerp.addons.base.tests.test_translate: Starting TranslationToolsTestCase.test_translate_xml_off ... 
2026-02-09 11:17:07,289 1 INFO betopiaerp betopiaerp.addons.base.tests.test_translate: Starting TranslationToolsTestCase.test_translate_xml_t ... 
2026-02-09 11:17:07,290 1 INFO betopiaerp betopiaerp.addons.base.tests.test_translate: Starting TranslationToolsTestCase.test_translate_xml_text ... 
2026-02-09 11:17:07,290 1 INFO betopiaerp betopiaerp.addons.base.tests.test_translate: Starting TranslationToolsTestCase.test_translate_xml_text_entity ... 
2026-02-09 11:17:07,291 1 INFO betopiaerp betopiaerp.addons.base.tests.test_translate: Starting TranslationToolsTestCase.test_translate_xml_unicode ... 
2026-02-09 11:17:07,291 1 INFO betopiaerp betopiaerp.addons.base.tests.test_translate: Starting TranslationToolsTestCase.test_translate_xml_with_namespace ... 
2026-02-09 11:17:07,292 1 INFO betopiaerp betopiaerp.addons.base.tests.test_translate: Starting TestLanguageInstall.test_language_install ... 
2026-02-09 11:17:07,299 1 INFO betopiaerp betopiaerp.addons.base.models.ir_attachment: filestore gc 0 checked, 0 removed 
2026-02-09 11:17:07,303 1 INFO betopiaerp betopiaerp.tools.translate: loading translation file for language fr_FR 
2026-02-09 11:17:07,305 1 INFO betopiaerp betopiaerp.tools.translate: translations are loaded successfully 
2026-02-09 11:17:07,306 1 INFO betopiaerp betopiaerp.addons.base.tests.test_translate: Starting TestTranslation.test_101_create_translated_record ... 
2026-02-09 11:17:07,307 1 INFO betopiaerp betopiaerp.addons.base.tests.test_translate: Starting TestTranslation.test_101_translation_read ... 
2026-02-09 11:17:07,329 1 INFO betopiaerp betopiaerp.models.unlink: User #1 deleted ir.default records with IDs: [1] 
2026-02-09 11:17:07,331 1 INFO betopiaerp betopiaerp.addons.base.tests.test_translate: Starting TestTranslation.test_102_duplicate_record ... 
2026-02-09 11:17:07,336 1 INFO betopiaerp betopiaerp.addons.base.tests.test_translate: Starting TestTranslation.test_103_duplicate_record_fr ... 
2026-02-09 11:17:07,340 1 INFO betopiaerp betopiaerp.addons.base.tests.test_translate: Starting TestTranslation.test_104_orderby_translated_field ... 
2026-02-09 11:17:07,344 1 INFO betopiaerp betopiaerp.addons.base.tests.test_translate: Starting TestTranslation.test_105_duplicate_record_multi_no_en ... 
2026-02-09 11:17:07,361 1 INFO betopiaerp betopiaerp.models.unlink: User #1 deleted ir.default records with IDs: [1] 
2026-02-09 11:17:07,370 1 INFO betopiaerp betopiaerp.addons.base.tests.test_translate: Starting TestTranslation.test_107_duplicate_record_en ... 
2026-02-09 11:17:07,375 1 INFO betopiaerp betopiaerp.addons.base.tests.test_translate: Starting TestTranslation.test_108_search_en ... 
2026-02-09 11:17:07,377 1 INFO betopiaerp betopiaerp.addons.base.tests.test_translate: Starting TestTranslation.test_109_search_fr ... 
2026-02-09 11:17:07,381 1 INFO betopiaerp betopiaerp.addons.base.tests.test_translate: Starting TestTranslation.test_110_search_es ... 
2026-02-09 11:17:07,386 1 INFO betopiaerp betopiaerp.addons.base.tests.test_translate: Starting TestTranslation.test_111_prefetch_langs ... 
2026-02-09 11:17:07,400 1 INFO betopiaerp betopiaerp.models.unlink: User #1 deleted ir.default records with IDs: [1] 
2026-02-09 11:17:07,405 1 INFO betopiaerp betopiaerp.addons.base.models.ir_attachment: filestore gc 0 checked, 0 removed 
2026-02-09 11:17:07,408 1 INFO betopiaerp betopiaerp.addons.base.tests.test_translate: Starting TestTranslationWrite.test_00 ... 
2026-02-09 11:17:07,418 1 INFO betopiaerp betopiaerp.addons.base.tests.test_translate: Starting TestTranslationWrite.test_01_invalid_lang ... 
2026-02-09 11:17:07,429 1 INFO betopiaerp betopiaerp.addons.base.tests.test_translate: Starting TestTranslationWrite.test_03_fr_single ... 
2026-02-09 11:17:07,441 1 INFO betopiaerp betopiaerp.models.unlink: User #1 deleted ir.default records with IDs: [1] 
2026-02-09 11:17:07,445 1 INFO betopiaerp betopiaerp.addons.base.tests.test_translate: Starting TestTranslationWrite.test_04_fr_multi ... 
2026-02-09 11:17:07,448 1 INFO betopiaerp betopiaerp.tools.translate: loading translation file for language fr_FR 
2026-02-09 11:17:07,449 1 INFO betopiaerp betopiaerp.tools.translate: translations are loaded successfully 
2026-02-09 11:17:07,451 1 INFO betopiaerp betopiaerp.addons.base.tests.test_translate: Starting TestTranslationWrite.test_04_fr_multi_no_en ... 
2026-02-09 11:17:07,467 1 INFO betopiaerp betopiaerp.models.unlink: User #1 deleted ir.default records with IDs: [1] 
2026-02-09 11:17:07,471 1 INFO betopiaerp betopiaerp.addons.base.tests.test_translate: Starting TestTranslationWrite.test_05_remove_multi_false ... 
2026-02-09 11:17:07,476 1 INFO betopiaerp betopiaerp.addons.base.tests.test_translate: Starting TestTranslationWrite.test_create_empty_false ... 
2026-02-09 11:17:07,484 1 INFO betopiaerp betopiaerp.addons.base.tests.test_translate: Starting TestTranslationWrite.test_field_selection ... 
2026-02-09 11:17:07,500 1 INFO betopiaerp betopiaerp.addons.base.tests.test_translate: Starting TestTranslationWrite.test_load_views ... 
2026-02-09 11:17:07,504 1 INFO betopiaerp betopiaerp.tools.translate: loading translation file for language fr_FR 
2026-02-09 11:17:07,511 1 INFO betopiaerp betopiaerp.tools.translate: translations are loaded successfully 
2026-02-09 11:17:07,543 1 INFO betopiaerp betopiaerp.addons.base.tests.test_translate: Starting TestTranslationWrite.test_update_field_translations ... 
2026-02-09 11:17:07,554 1 INFO betopiaerp betopiaerp.addons.base.tests.test_translate: Starting TestTranslationWrite.test_update_field_translations_for_empty ... 
2026-02-09 11:17:07,566 1 INFO betopiaerp betopiaerp.addons.base.tests.test_translate: Starting TestTranslationWrite.test_write_empty_and_value ... 
2026-02-09 11:17:07,590 1 INFO betopiaerp betopiaerp.addons.base.models.ir_attachment: filestore gc 0 checked, 0 removed 
2026-02-09 11:17:07,596 1 INFO betopiaerp betopiaerp.addons.base.tests.test_translate: Starting TestXMLTranslation.test_cache_consistency ... 
2026-02-09 11:17:07,609 1 INFO betopiaerp betopiaerp.addons.base.tests.test_translate: Starting TestXMLTranslation.test_copy ... 
2026-02-09 11:17:07,634 1 INFO betopiaerp betopiaerp.addons.base.tests.test_translate: Starting TestXMLTranslation.test_delay_translations ... 
2026-02-09 11:17:07,651 1 INFO betopiaerp betopiaerp.addons.base.tests.test_translate: Starting TestXMLTranslation.test_delay_translations_no_term ... 
2026-02-09 11:17:07,661 1 INFO betopiaerp betopiaerp.addons.base.tests.test_translate: Starting TestXMLTranslation.test_spaces ... 
2026-02-09 11:17:07,668 1 INFO betopiaerp betopiaerp.addons.base.tests.test_translate: Starting TestXMLTranslation.test_sync ... 
2026-02-09 11:17:07,682 1 INFO betopiaerp betopiaerp.addons.base.tests.test_translate: Starting TestXMLTranslation.test_sync_text_to_xml ... 
2026-02-09 11:17:07,692 1 INFO betopiaerp betopiaerp.addons.base.tests.test_translate: Starting TestXMLTranslation.test_sync_xml ... 
2026-02-09 11:17:07,705 1 INFO betopiaerp betopiaerp.addons.base.tests.test_translate: Starting TestXMLTranslation.test_sync_xml_attribute ... 
2026-02-09 11:17:07,715 1 INFO betopiaerp betopiaerp.addons.base.tests.test_translate: Starting TestXMLTranslation.test_sync_xml_close_terms ... 
2026-02-09 11:17:07,725 1 INFO betopiaerp betopiaerp.addons.base.tests.test_translate: Starting TestXMLTranslation.test_sync_xml_collision ... 
2026-02-09 11:17:07,741 1 INFO betopiaerp betopiaerp.addons.base.tests.test_translate: Starting TestXMLTranslation.test_sync_xml_inline_modifiers ... 
2026-02-09 11:17:07,758 1 INFO betopiaerp betopiaerp.addons.base.tests.test_translate: Starting TestXMLTranslation.test_sync_xml_no_en ... 
2026-02-09 11:17:07,778 1 INFO betopiaerp betopiaerp.models.unlink: User #1 deleted ir.default records with IDs: [1] 
2026-02-09 11:17:07,785 1 INFO betopiaerp betopiaerp.addons.base.tests.test_translate: Starting TestXMLTranslation.test_sync_xml_upgrade ... 
2026-02-09 11:17:07,817 1 INFO betopiaerp betopiaerp.addons.base.tests.test_translate: Starting TestXMLTranslation.test_t_call_no_normal_attribute_translation ... 
2026-02-09 11:17:07,834 1 INFO betopiaerp betopiaerp.addons.base.tests.test_translate: Starting TestXMLTranslation.test_update_field_translations ... 
2026-02-09 11:17:07,856 1 INFO betopiaerp betopiaerp.addons.base.tests.test_translate: Starting TestXMLTranslation.test_update_field_translations_empty_str ... 
2026-02-09 11:17:07,866 1 INFO betopiaerp betopiaerp.addons.base.tests.test_translate: Starting TestXMLTranslation.test_update_field_translations_partially ... 
2026-02-09 11:17:07,878 1 INFO betopiaerp betopiaerp.addons.base.tests.test_translate: Starting TestXMLTranslation.test_update_field_translations_source_lang ... 
2026-02-09 11:17:07,890 1 INFO betopiaerp betopiaerp.addons.base.tests.test_translate: Starting TestXMLTranslation.test_update_field_translations_typofix ... 
2026-02-09 11:17:07,907 1 INFO betopiaerp betopiaerp.addons.base.models.ir_attachment: filestore gc 0 checked, 0 removed 
2026-02-09 11:17:07,919 1 INFO betopiaerp betopiaerp.addons.base.tests.test_translate: Starting TestXMLDuplicateTranslations.test_copy ... 
2026-02-09 11:17:07,928 1 INFO betopiaerp betopiaerp.addons.base.tests.test_translate: Starting TestXMLDuplicateTranslations.test_get_field_translations ... 
2026-02-09 11:17:07,930 1 INFO betopiaerp betopiaerp.addons.base.tests.test_translate: Starting TestXMLDuplicateTranslations.test_update_field_translations_again ... 
2026-02-09 11:17:07,941 1 INFO betopiaerp betopiaerp.addons.base.tests.test_translate: Starting TestXMLDuplicateTranslations.test_update_field_translations_result ... 
2026-02-09 11:17:07,944 1 INFO betopiaerp betopiaerp.addons.base.tests.test_translate: Starting TestXMLDuplicateTranslations.test_write ... 
2026-02-09 11:17:07,958 1 INFO betopiaerp betopiaerp.addons.base.models.ir_attachment: filestore gc 0 checked, 0 removed 
2026-02-09 11:17:07,959 1 INFO betopiaerp betopiaerp.addons.base.tests.test_translate: Starting TestHTMLTranslation.test_delay_translations_no_term ... 
2026-02-09 11:17:08,028 1 INFO betopiaerp betopiaerp.addons.base.tests.test_translate: Starting TestHTMLTranslation.test_write_non_existing ... 
2026-02-09 11:17:08,031 1 INFO betopiaerp betopiaerp.addons.base.models.ir_attachment: filestore gc 0 checked, 0 removed 
2026-02-09 11:17:08,032 1 INFO betopiaerp betopiaerp.addons.base.tests.test_translate: Starting TestTranslationTrigramIndexPatterns.test_pattern_conversion ... 
2026-02-09 11:17:08,032 1 INFO betopiaerp betopiaerp.addons.base.tests.test_translate: Starting TestTranslationTrigramIndexPatterns.test_value_conversion ... 
2026-02-09 11:17:08,033 1 INFO betopiaerp betopiaerp.addons.base.tests.test_tz: Starting TestTZ.test_cannot_set_deprecated_timezone ... 
2026-02-09 11:17:08,036 1 INFO betopiaerp betopiaerp.addons.base.tests.test_tz: Starting TestTZ.test_dont_adapt_available_tz ... 
2026-02-09 11:17:08,037 1 INFO betopiaerp betopiaerp.addons.base.tests.test_tz: Starting TestTZ.test_partner_with_old_tz ... 
2026-02-09 11:17:08,042 1 INFO betopiaerp betopiaerp.addons.base.tests.test_tz: Starting TestTZ.test_tz_legacy ... 
2026-02-09 11:17:08,064 1 INFO betopiaerp betopiaerp.addons.base.models.ir_attachment: filestore gc 0 checked, 0 removed 
2026-02-09 11:17:08,065 1 INFO betopiaerp betopiaerp.addons.base.tests.test_user_has_group: Starting TestHasGroup.test_demote_user ... 
2026-02-09 11:17:08,112 1 INFO betopiaerp betopiaerp.addons.base.tests.test_user_has_group: Starting TestHasGroup.test_env_uid ... 
2026-02-09 11:17:08,130 1 INFO betopiaerp betopiaerp.addons.base.tests.test_user_has_group: Starting TestHasGroup.test_has_group_cleared_cache_on_write ... 
2026-02-09 11:17:08,153 1 INFO betopiaerp betopiaerp.addons.base.tests.test_user_has_group: Starting TestHasGroup.test_has_group_with_new_id ... 
2026-02-09 11:17:08,169 1 INFO betopiaerp betopiaerp.addons.base.tests.test_user_has_group: Starting TestHasGroup.test_implied_groups ... 
2026-02-09 11:17:08,235 1 INFO betopiaerp betopiaerp.addons.base.tests.test_user_has_group: Starting TestHasGroup.test_other_user ... 
2026-02-09 11:17:08,265 1 INFO betopiaerp betopiaerp.addons.base.tests.test_user_has_group: Starting TestHasGroup.test_portal_creation ... 
2026-02-09 11:17:08,327 1 INFO betopiaerp betopiaerp.models.unlink: User #1 deleted res.users records with IDs: [1189] 
2026-02-09 11:17:08,356 1 INFO betopiaerp betopiaerp.addons.base.tests.test_user_has_group: Starting TestHasGroup.test_portal_write ... 
2026-02-09 11:17:08,406 1 INFO betopiaerp betopiaerp.addons.base.tests.test_user_has_group: Starting TestHasGroup.test_record ... 
2026-02-09 11:17:08,421 1 INFO betopiaerp betopiaerp.addons.base.tests.test_user_has_group: Starting TestHasGroup.test_two_user_types ... 
2026-02-09 11:17:08,473 1 INFO betopiaerp betopiaerp.addons.base.tests.test_user_has_group: Starting TestHasGroup.test_two_user_types_implied_groups ... 
2026-02-09 11:17:08,528 1 INFO betopiaerp betopiaerp.models: Prepare computation of res.users.x_group_names 
2026-02-09 11:17:08,552 1 INFO betopiaerp betopiaerp.models: Prepare computation of res.groups.x_user_names 
2026-02-09 11:17:08,603 1 INFO betopiaerp betopiaerp.addons.base.models.ir_attachment: filestore gc 3 checked, 3 removed 
2026-02-09 11:17:08,605 1 INFO betopiaerp betopiaerp.addons.base.tests.test_views: Starting ViewXMLID.test_model_data_id ... 
2026-02-09 11:17:08,608 1 INFO betopiaerp betopiaerp.addons.base.models.ir_attachment: filestore gc 0 checked, 0 removed 
2026-02-09 11:17:08,608 1 INFO betopiaerp betopiaerp.addons.base.tests.test_views: Starting TestNodeLocator.test_attribute_filter ... 
2026-02-09 11:17:08,609 1 INFO betopiaerp betopiaerp.addons.base.tests.test_views: Starting TestNodeLocator.test_attribute_mismatch ... 
2026-02-09 11:17:08,610 1 INFO betopiaerp betopiaerp.addons.base.tests.test_views: Starting TestNodeLocator.test_match_field ... 
2026-02-09 11:17:08,610 1 INFO betopiaerp betopiaerp.addons.base.tests.test_views: Starting TestNodeLocator.test_match_other ... 
2026-02-09 11:17:08,611 1 INFO betopiaerp betopiaerp.addons.base.tests.test_views: Starting TestNodeLocator.test_match_xpath ... 
2026-02-09 11:17:08,612 1 INFO betopiaerp betopiaerp.addons.base.tests.test_views: Starting TestNodeLocator.test_no_match_field ... 
2026-02-09 11:17:08,612 1 INFO betopiaerp betopiaerp.addons.base.tests.test_views: Starting TestNodeLocator.test_no_match_other ... 
2026-02-09 11:17:08,613 1 INFO betopiaerp betopiaerp.addons.base.tests.test_views: Starting TestNodeLocator.test_no_match_xpath ... 
2026-02-09 11:17:08,614 1 INFO betopiaerp betopiaerp.addons.base.tests.test_views: Starting TestNodeLocator.test_version_mismatch ... 
2026-02-09 11:17:08,615 1 INFO betopiaerp betopiaerp.addons.base.models.ir_attachment: filestore gc 0 checked, 0 removed 
2026-02-09 11:17:08,647 1 INFO betopiaerp betopiaerp.addons.base.tests.test_views: Starting TestViewInheritance.test_broken_hierarchy_locators ... 
2026-02-09 11:17:08,694 1 INFO betopiaerp betopiaerp.addons.base.tests.test_views: Starting TestViewInheritance.test_default_view ... 
2026-02-09 11:17:08,734 1 INFO betopiaerp betopiaerp.addons.base.tests.test_views: Starting TestViewInheritance.test_get_combined_arch_query_count ... 
2026-02-09 11:17:08,808 1 INFO betopiaerp betopiaerp.addons.base.tests.test_views: Query count less than expected for user __system__: 2 < 3 in test_get_combined_arch_query_count at base/tests/test_views.py:317 
2026-02-09 11:17:08,809 1 INFO betopiaerp betopiaerp.addons.base.tests.test_views: Starting TestViewInheritance.test_get_inheriting_views ... 
2026-02-09 11:17:08,849 1 INFO betopiaerp betopiaerp.addons.base.tests.test_views: Starting TestViewInheritance.test_invalid_locators ... 
2026-02-09 11:17:08,890 1 INFO betopiaerp betopiaerp.addons.base.tests.test_views: Starting TestViewInheritance.test_invalid_locators_with_valid_xpath ... 
2026-02-09 11:17:08,941 1 INFO betopiaerp betopiaerp.addons.base.tests.test_views: Starting TestViewInheritance.test_nested_move_invalid_locator ... 
2026-02-09 11:17:08,985 1 INFO betopiaerp betopiaerp.addons.base.tests.test_views: Starting TestViewInheritance.test_no_arch ... 
2026-02-09 11:17:09,028 1 INFO betopiaerp betopiaerp.addons.base.tests.test_views: Starting TestViewInheritance.test_no_default_view ... 
2026-02-09 11:17:09,065 1 INFO betopiaerp betopiaerp.addons.base.tests.test_views: Starting TestViewInheritance.test_no_recursion ... 
2026-02-09 11:17:09,118 1 INFO betopiaerp betopiaerp.addons.base.tests.test_views: Starting TestViewInheritance.test_view_validate_attrs_groups_query_count ... 
2026-02-09 11:17:09,167 1 INFO betopiaerp betopiaerp.addons.base.tests.test_views: Starting TestViewInheritance.test_view_validate_button_action_query_count ... 
2026-02-09 11:17:09,217 1 INFO betopiaerp betopiaerp.addons.base.tests.test_views: Starting TestViewInheritance.test_write_arch ... 
2026-02-09 11:17:09,270 1 INFO betopiaerp betopiaerp.addons.base.models.ir_attachment: filestore gc 1 checked, 1 removed 
2026-02-09 11:17:09,297 1 INFO betopiaerp betopiaerp.addons.base.tests.test_views: Starting TestApplyInheritanceSpecs.test_delete ... 
2026-02-09 11:17:09,303 1 INFO betopiaerp betopiaerp.addons.base.tests.test_views: Starting TestApplyInheritanceSpecs.test_incorrect_version ... 
2026-02-09 11:17:09,306 1 INFO betopiaerp betopiaerp.addons.base.tests.test_views: Starting TestApplyInheritanceSpecs.test_insert_after ... 
2026-02-09 11:17:09,307 1 INFO betopiaerp betopiaerp.addons.base.tests.test_views: Starting TestApplyInheritanceSpecs.test_insert_before ... 
2026-02-09 11:17:09,308 1 INFO betopiaerp betopiaerp.addons.base.tests.test_views: Starting TestApplyInheritanceSpecs.test_insert_inside ... 
2026-02-09 11:17:09,310 1 INFO betopiaerp betopiaerp.addons.base.tests.test_views: Starting TestApplyInheritanceSpecs.test_invalid_position ... 
2026-02-09 11:17:09,313 1 INFO betopiaerp betopiaerp.addons.base.tests.test_views: Starting TestApplyInheritanceSpecs.test_replace_inner ... 
2026-02-09 11:17:09,315 1 INFO betopiaerp betopiaerp.addons.base.tests.test_views: Starting TestApplyInheritanceSpecs.test_replace_inner_2 ... 
2026-02-09 11:17:09,316 1 INFO betopiaerp betopiaerp.addons.base.tests.test_views: Starting TestApplyInheritanceSpecs.test_replace_outer ... 
2026-02-09 11:17:09,316 1 INFO betopiaerp betopiaerp.addons.base.tests.test_views: Starting TestApplyInheritanceSpecs.test_target_not_found ... 
2026-02-09 11:17:09,320 1 INFO betopiaerp betopiaerp.addons.base.tests.test_views: Starting TestApplyInheritanceSpecs.test_unpack_data ... 
2026-02-09 11:17:09,322 1 INFO betopiaerp betopiaerp.addons.base.models.ir_attachment: filestore gc 1 checked, 1 removed 
2026-02-09 11:17:09,351 1 INFO betopiaerp betopiaerp.addons.base.tests.test_views: Starting TestApplyInheritanceWrapSpecs.test_replace ... 
2026-02-09 11:17:09,359 1 INFO betopiaerp betopiaerp.addons.base.models.ir_attachment: filestore gc 1 checked, 1 removed 
2026-02-09 11:17:09,381 1 INFO betopiaerp betopiaerp.addons.base.tests.test_views: Starting TestApplyInheritanceMoveSpecs.test_incorrect_move_1 ... 
2026-02-09 11:17:09,388 1 INFO betopiaerp betopiaerp.addons.base.tests.test_views: Starting TestApplyInheritanceMoveSpecs.test_incorrect_move_2 ... 
2026-02-09 11:17:09,391 1 INFO betopiaerp betopiaerp.addons.base.tests.test_views: Starting TestApplyInheritanceMoveSpecs.test_incorrect_move_3 ... 
2026-02-09 11:17:09,392 1 INFO betopiaerp betopiaerp.addons.base.tests.test_views: Starting TestApplyInheritanceMoveSpecs.test_move_after ... 
2026-02-09 11:17:09,393 1 INFO betopiaerp betopiaerp.addons.base.tests.test_views: Starting TestApplyInheritanceMoveSpecs.test_move_before ... 
2026-02-09 11:17:09,394 1 INFO betopiaerp betopiaerp.addons.base.tests.test_views: Starting TestApplyInheritanceMoveSpecs.test_move_inside ... 
2026-02-09 11:17:09,394 1 INFO betopiaerp betopiaerp.addons.base.tests.test_views: Starting TestApplyInheritanceMoveSpecs.test_move_replace ... 
2026-02-09 11:17:09,395 1 INFO betopiaerp betopiaerp.addons.base.tests.test_views: Starting TestApplyInheritanceMoveSpecs.test_move_with_other_1 ... 
2026-02-09 11:17:09,396 1 INFO betopiaerp betopiaerp.addons.base.tests.test_views: Starting TestApplyInheritanceMoveSpecs.test_move_with_other_2 ... 
2026-02-09 11:17:09,397 1 INFO betopiaerp betopiaerp.addons.base.tests.test_views: Starting TestApplyInheritanceMoveSpecs.test_move_with_tail ... 
2026-02-09 11:17:09,399 1 INFO betopiaerp betopiaerp.addons.base.models.ir_attachment: filestore gc 1 checked, 1 removed 
2026-02-09 11:17:09,423 1 INFO betopiaerp betopiaerp.addons.base.tests.test_views: Starting TestNoModel.test_create_view_nomodel ... 
2026-02-09 11:17:09,430 1 INFO betopiaerp betopiaerp.addons.base.tests.test_views: Starting TestNoModel.test_qweb_translation ... 
2026-02-09 11:17:09,438 1 INFO betopiaerp betopiaerp.addons.base.models.ir_attachment: filestore gc 1 checked, 1 removed 
2026-02-09 11:17:09,466 1 INFO betopiaerp betopiaerp.addons.base.tests.test_views: Starting TestTemplating.test_branding_attribute_groups ... 
2026-02-09 11:17:09,475 1 INFO betopiaerp betopiaerp.addons.base.tests.test_views: Starting TestTemplating.test_branding_distribute_inner ... 
2026-02-09 11:17:09,481 1 INFO betopiaerp betopiaerp.addons.base.tests.test_views: Starting TestTemplating.test_branding_inherit ... 
2026-02-09 11:17:09,486 1 INFO betopiaerp betopiaerp.addons.base.tests.test_views: Starting TestTemplating.test_branding_inherit_multi_replace_node ... 
2026-02-09 11:17:09,494 1 INFO betopiaerp betopiaerp.addons.base.tests.test_views: Starting TestTemplating.test_branding_inherit_multi_replace_node2 ... 
2026-02-09 11:17:09,501 1 INFO betopiaerp betopiaerp.addons.base.tests.test_views: Starting TestTemplating.test_branding_inherit_remove_added_from_inheritance ... 
2026-02-09 11:17:09,507 1 INFO betopiaerp betopiaerp.addons.base.tests.test_views: Starting TestTemplating.test_branding_inherit_remove_node ... 
2026-02-09 11:17:09,514 1 INFO betopiaerp betopiaerp.addons.base.tests.test_views: Starting TestTemplating.test_branding_inherit_remove_node2 ... 
2026-02-09 11:17:09,519 1 INFO betopiaerp betopiaerp.addons.base.tests.test_views: Starting TestTemplating.test_branding_inherit_remove_node_processing_instruction ... 
2026-02-09 11:17:09,525 1 INFO betopiaerp betopiaerp.addons.base.tests.test_views: Starting TestTemplating.test_branding_inherit_replace_node ... 
2026-02-09 11:17:09,530 1 INFO betopiaerp betopiaerp.addons.base.tests.test_views: Starting TestTemplating.test_branding_inherit_replace_node2 ... 
2026-02-09 11:17:09,535 1 INFO betopiaerp betopiaerp.addons.base.tests.test_views: Starting TestTemplating.test_branding_inherit_top_t_field ... 
2026-02-09 11:17:09,543 1 INFO betopiaerp betopiaerp.addons.base.tests.test_views: Starting TestTemplating.test_branding_primary_inherit ... 
2026-02-09 11:17:09,548 1 INFO betopiaerp betopiaerp.addons.base.tests.test_views: Starting TestTemplating.test_branding_remove_add_text ... 
2026-02-09 11:17:09,553 1 INFO betopiaerp betopiaerp.addons.base.tests.test_views: Starting TestTemplating.test_branding_t0 ... 
2026-02-09 11:17:09,559 1 INFO betopiaerp betopiaerp.addons.base.tests.test_views: Starting TestTemplating.test_call_no_branding ... 
2026-02-09 11:17:09,564 1 INFO betopiaerp betopiaerp.addons.base.tests.test_views: Starting TestTemplating.test_esc_no_branding ... 
2026-02-09 11:17:09,567 1 INFO betopiaerp betopiaerp.addons.base.tests.test_views: Starting TestTemplating.test_ignore_unbrand ... 
2026-02-09 11:17:09,575 1 INFO betopiaerp betopiaerp.addons.base.models.ir_attachment: filestore gc 1 checked, 1 removed 
2026-02-09 11:17:09,580 1 INFO betopiaerp betopiaerp.addons.base.models.ir_module: module base: loading translation file /opt/betopiaerp/betopiaerp/addons/base/i18n/fr.po for language fr_FR 
2026-02-09 11:17:10,112 1 INFO betopiaerp betopiaerp.addons.base.models.ir_module: module base: loading translation file /opt/betopiaerp/betopiaerp/addons/base/i18n/nl.po for language nl_NL 
2026-02-09 11:17:10,941 1 INFO betopiaerp betopiaerp.addons.base.tests.test_views: Starting TestViewTranslations.test_cache_consistency ... 
2026-02-09 11:17:10,952 1 INFO betopiaerp betopiaerp.addons.base.tests.test_views: Starting TestViewTranslations.test_no_groups_for_inherited ... 
2026-02-09 11:17:10,965 1 INFO betopiaerp betopiaerp.addons.base.tests.test_views: Starting TestViewTranslations.test_sync ... 
2026-02-09 11:17:10,982 1 INFO betopiaerp betopiaerp.addons.base.tests.test_views: Starting TestViewTranslations.test_sync_update ... 
2026-02-09 11:17:10,993 1 INFO betopiaerp betopiaerp.addons.base.tests.test_views: Starting TestViewTranslations.test_sync_xml ... 
2026-02-09 11:17:11,007 1 INFO betopiaerp betopiaerp.addons.base.models.ir_attachment: filestore gc 0 checked, 0 removed 
2026-02-09 11:17:11,055 1 INFO betopiaerp betopiaerp.addons.base.tests.test_views: Starting ViewModeField.testChangeInheritOfPrimary ... 
2026-02-09 11:17:11,068 1 INFO betopiaerp betopiaerp.addons.base.tests.test_views: Starting ViewModeField.testDefaultExtensionToPrimary ... 
2026-02-09 11:17:11,074 1 INFO betopiaerp betopiaerp.addons.base.tests.test_views: Starting ViewModeField.testInheritPrimaryToExtension ... 
2026-02-09 11:17:11,079 1 INFO betopiaerp betopiaerp.addons.base.tests.test_views: Starting ViewModeField.testModeExplicit ... 
2026-02-09 11:17:11,086 1 INFO betopiaerp betopiaerp.addons.base.tests.test_views: Starting ViewModeField.testModeImplicitValue ... 
2026-02-09 11:17:11,095 1 INFO betopiaerp betopiaerp.addons.base.tests.test_views: Starting ViewModeField.testPurePrimaryToExtension ... 
2026-02-09 11:17:11,101 1 INFO betopiaerp betopiaerp.addons.base.models.ir_attachment: filestore gc 1 checked, 1 removed 
2026-02-09 11:17:11,134 1 INFO betopiaerp betopiaerp.addons.base.tests.test_views: Starting TestDefaultView.testDefaultViewBase ... 
2026-02-09 11:17:11,145 1 INFO betopiaerp betopiaerp.addons.base.tests.test_views: Starting TestDefaultView.testDefaultViewPrimary ... 
2026-02-09 11:17:11,157 1 INFO betopiaerp betopiaerp.addons.base.models.ir_attachment: filestore gc 1 checked, 1 removed 
2026-02-09 11:17:11,198 1 INFO betopiaerp betopiaerp.addons.base.tests.test_views: Starting TestViewCombined.test_basic_read ... 
2026-02-09 11:17:11,231 1 INFO betopiaerp betopiaerp.addons.base.tests.test_views: Starting TestViewCombined.test_cross_model_double ... 
2026-02-09 11:17:11,256 1 INFO betopiaerp betopiaerp.addons.base.tests.test_views: Starting TestViewCombined.test_cross_model_simple ... 
2026-02-09 11:17:11,280 1 INFO betopiaerp betopiaerp.addons.base.tests.test_views: Starting TestViewCombined.test_inherit_python_expression ... 
2026-02-09 11:17:11,363 1 INFO betopiaerp betopiaerp.addons.base.tests.test_views: Starting TestViewCombined.test_multi_combine ... 
2026-02-09 11:17:11,392 1 INFO betopiaerp betopiaerp.addons.base.tests.test_views: Starting TestViewCombined.test_multi_combine_with_same_ancestor ... 
2026-02-09 11:17:11,416 1 INFO betopiaerp betopiaerp.addons.base.tests.test_views: Starting TestViewCombined.test_primary_after_extensions ... 
2026-02-09 11:17:11,441 1 INFO betopiaerp betopiaerp.addons.base.tests.test_views: Starting TestViewCombined.test_read_from_child ... 
2026-02-09 11:17:11,465 1 INFO betopiaerp betopiaerp.addons.base.tests.test_views: Starting TestViewCombined.test_read_from_child_primary ... 
2026-02-09 11:17:11,494 1 INFO betopiaerp betopiaerp.addons.base.models.ir_attachment: filestore gc 1 checked, 1 removed 
2026-02-09 11:17:11,517 1 INFO betopiaerp betopiaerp.addons.base.tests.test_views: Starting TestOptionalViews.test_applied ... 
2026-02-09 11:17:11,530 1 INFO betopiaerp betopiaerp.addons.base.tests.test_views: Starting TestOptionalViews.test_applied_state_toggle ... 
2026-02-09 11:17:11,548 1 INFO betopiaerp betopiaerp.addons.base.models.ir_attachment: filestore gc 1 checked, 1 removed 
2026-02-09 11:17:11,549 1 INFO betopiaerp betopiaerp.addons.base.tests.test_views: Starting TestXPathExtentions.test_hasclass ... 
2026-02-09 11:17:11,575 1 INFO betopiaerp betopiaerp.addons.base.tests.test_views: Starting TestQWebRender.test_render ... 
2026-02-09 11:17:11,599 1 INFO betopiaerp betopiaerp.addons.base.models.ir_attachment: filestore gc 1 checked, 1 removed 
2026-02-09 11:17:11,600 1 INFO betopiaerp betopiaerp.addons.base.tests.test_views: Starting TestValidationTools.test_get_expression_identities ... 
2026-02-09 11:17:11,622 1 INFO betopiaerp betopiaerp.addons.base.tests.test_views: Starting TestAccessRights.test_access ... 
2026-02-09 11:17:11,627 1 INFO betopiaerp betopiaerp.addons.base.models.ir_model: Access Denied by ACLs for operation: read, uid: 1210, model: ir.ui.view 
2026-02-09 11:17:11,643 1 INFO betopiaerp betopiaerp.addons.base.models.ir_model: Access Denied by ACLs for operation: read, uid: 1210, model: ir.ui.view 
2026-02-09 11:17:11,646 1 INFO betopiaerp betopiaerp.addons.base.models.ir_attachment: filestore gc 1 checked, 1 removed 
2026-02-09 11:17:11,647 1 INFO betopiaerp betopiaerp.addons.base.tests.test_views: Starting CompRegexTest.test_comp_regex ... 
2026-02-09 11:17:11,649 1 INFO betopiaerp betopiaerp.addons.base.models.ir_attachment: filestore gc 0 checked, 0 removed 
2026-02-09 11:17:11,672 1 INFO betopiaerp betopiaerp.addons.base.tests.test_views: Starting ViewModifiers.test_01_modifiers ... 
2026-02-09 11:17:11,677 1 INFO betopiaerp betopiaerp.addons.base.tests.test_views: Starting ViewModifiers.test_03_modifier_attribute_is_boolean ... 
2026-02-09 11:17:11,689 1 INFO betopiaerp betopiaerp.addons.base.tests.test_views: Starting ViewModifiers.test_04_modifier_attribute_using_context ... 
2026-02-09 11:17:11,697 1 INFO betopiaerp betopiaerp.addons.base.tests.test_views: Starting ViewModifiers.test_05_modifier_attribute_priority ... 
2026-02-09 11:17:11,706 1 INFO betopiaerp betopiaerp.addons.base.tests.test_views: Starting ViewModifiers.test_10_raise_for_old_attributes ... 
2026-02-09 11:17:11,717 1 INFO betopiaerp betopiaerp.addons.base.tests.test_views: Starting ViewModifiers.test_11_attrs_field ... 
2026-02-09 11:17:11,729 1 INFO betopiaerp betopiaerp.addons.base.tests.test_views: Starting ViewModifiers.test_12_invalid_syntax ... 
2026-02-09 11:17:11,739 1 INFO betopiaerp betopiaerp.addons.base.tests.test_views: Starting ViewModifiers.test_13_attrs_states_invisible_to_modifier ... 
2026-02-09 11:17:11,749 1 INFO betopiaerp betopiaerp.addons.base.tests.test_views: Starting ViewModifiers.test_14_attrs_subfield ... 
2026-02-09 11:17:11,768 1 INFO betopiaerp betopiaerp.addons.base.tests.test_views: Starting ViewModifiers.test_15_attrs_subfield_with_parent ... 
2026-02-09 11:17:11,787 1 INFO betopiaerp betopiaerp.addons.base.tests.test_views: Starting ViewModifiers.test_16_attrs_groups_behavior ... 
2026-02-09 11:17:11,802 1 INFO betopiaerp betopiaerp.addons.base.tests.test_views: Starting ViewModifiers.test_17_attrs_groups_validation ... 
2026-02-09 11:17:11,945 1 INFO betopiaerp betopiaerp.addons.base.tests.test_views: Starting ViewModifiers.test_18_test_missing_group ... 
2026-02-09 11:17:11,954 1 INFO betopiaerp betopiaerp.models.unlink: User #1 deleted ir.model.data records with IDs: [84004] 
2026-02-09 11:17:11,957 1 INFO betopiaerp betopiaerp.models.unlink: User #1 deleted res.groups records with IDs: [496] 
2026-02-09 11:17:11,973 1 INFO betopiaerp betopiaerp.addons.base.tests.test_views: Starting ViewModifiers.test_create_inherit_view_with_xpath_without_expr ... 
2026-02-09 11:17:11,980 1 INFO betopiaerp betopiaerp.addons.base.models.ir_attachment: filestore gc 1 checked, 1 removed 
2026-02-09 11:17:11,981 1 INFO betopiaerp betopiaerp.modules.loading: Module base loaded in 130.07s (incl. 126.55s test), 5355 queries (+25044 test, +5355 other) 
2026-02-09 11:17:11,981 1 INFO betopiaerp betopiaerp.modules.loading: 1 modules loaded in 130.07s, 5355 queries (+30399 extra) 
2026-02-09 11:17:11,983 1 INFO betopiaerp betopiaerp.modules.loading: updating modules list 
2026-02-09 11:17:11,984 1 INFO betopiaerp betopiaerp.addons.base.models.ir_module: ALLOW access to module.update_list on [] to user __system__ #1 via n/a 
2026-02-09 11:17:16,091 1 INFO betopiaerp betopiaerp.addons.base.models.ir_module: ALLOW access to module.button_upgrade on ['Base'] to user __system__ #1 via n/a 
2026-02-09 11:17:16,092 1 INFO betopiaerp betopiaerp.addons.base.models.ir_module: ALLOW access to module.update_list on ['Base'] to user __system__ #1 via n/a 
2026-02-09 11:17:18,777 1 INFO betopiaerp betopiaerp.addons.base.models.ir_module: ALLOW access to module.button_install on [] to user __system__ #1 via n/a 
2026-02-09 11:17:18,883 1 INFO betopiaerp betopiaerp.modules.loading: loading 14 modules... 
2026-02-09 11:17:18,883 1 INFO betopiaerp betopiaerp.modules.loading: Loading module rpc (2/14) 
2026-02-09 11:17:18,943 1 INFO betopiaerp betopiaerp.addons.rpc.tests.test_xmlrpc: Starting TestExternalAPI.test_call_kw ... 
2026-02-09 11:17:18,967 1 INFO betopiaerp betopiaerp.addons.base.models.ir_attachment: filestore gc 1 checked, 1 removed 
2026-02-09 11:17:18,968 1 INFO betopiaerp betopiaerp.modules.loading: Module rpc loaded in 0.09s (incl. 0.04s test), 11 queries (+58 test, +11 other) 
2026-02-09 11:17:18,969 1 INFO betopiaerp betopiaerp.modules.loading: Loading module web (3/14) 
2026-02-09 11:17:18,989 1 INFO betopiaerp betopiaerp.registry: module web: creating or updating database tables 
2026-02-09 11:17:19,289 1 INFO betopiaerp betopiaerp.modules.loading: loading web/security/ir.model.access.csv 
2026-02-09 11:17:19,299 1 INFO betopiaerp betopiaerp.modules.loading: loading web/security/web_security.xml 
2026-02-09 11:17:19,307 1 INFO betopiaerp betopiaerp.modules.loading: loading web/views/webclient_templates.xml 
2026-02-09 11:17:19,380 1 INFO betopiaerp betopiaerp.modules.loading: loading web/views/report_templates.xml 
2026-02-09 11:17:19,489 1 INFO betopiaerp betopiaerp.modules.loading: loading web/views/base_document_layout_views.xml 
2026-02-09 11:17:19,506 1 INFO betopiaerp betopiaerp.modules.loading: loading web/views/partner_view.xml 
2026-02-09 11:17:19,514 1 INFO betopiaerp betopiaerp.modules.loading: loading web/views/speedscope_template.xml 
2026-02-09 11:17:19,523 1 INFO betopiaerp betopiaerp.modules.loading: loading web/views/memory_template.xml 
2026-02-09 11:17:19,534 1 INFO betopiaerp betopiaerp.modules.loading: loading web/views/speedscope_config_wizard.xml 
2026-02-09 11:17:19,545 1 INFO betopiaerp betopiaerp.modules.loading: loading web/views/neutralize_views.xml 
2026-02-09 11:17:19,559 1 INFO betopiaerp betopiaerp.modules.loading: loading web/views/ir_ui_view_views.xml 
2026-02-09 11:17:19,575 1 INFO betopiaerp betopiaerp.modules.loading: loading web/data/ir_attachment.xml 
2026-02-09 11:17:19,582 1 INFO betopiaerp betopiaerp.modules.loading: loading web/data/report_layout.xml 
2026-02-09 11:17:19,857 1 INFO betopiaerp betopiaerp.addons.web.tests.test_db_manager: Starting TestDatabaseManager.test_database_manager ... 
2026-02-09 11:17:19,875 1 INFO betopiaerp betopiaerp.addons.base.models.ir_attachment: filestore gc 1 checked, 0 removed 
2026-02-09 11:17:19,880 1 INFO betopiaerp betopiaerp.addons.web.tests.test_health: Starting TestWebController.test_health ... 
2026-02-09 11:17:19,883 1 INFO betopiaerp betopiaerp.addons.base.models.ir_http: Generating routing map for key None 
2026-02-09 11:17:19,891 1 INFO betopiaerp betopiaerp.tests.common: Skipping signal changes during tests 
2026-02-09 11:17:19,892 1 INFO betopiaerp werkzeug: 127.0.0.1 - - [09/Feb/2026 11:17:19] "GET /web/health HTTP/1.1" 200 - 3 0.001 0.009
2026-02-09 11:17:19,893 1 INFO betopiaerp betopiaerp.addons.web.tests.test_health: Starting TestWebController.test_health_db_server_status ... 
2026-02-09 11:17:19,895 1 INFO betopiaerp betopiaerp.addons.base.models.ir_http: Generating routing map for key None 
2026-02-09 11:17:19,906 1 INFO betopiaerp betopiaerp.tests.common: Skipping signal changes during tests 
2026-02-09 11:17:19,906 1 INFO betopiaerp werkzeug: 127.0.0.1 - - [09/Feb/2026 11:17:19] "GET /web/health?db_server_status=1 HTTP/1.1" 200 - 3 0.000 0.011
2026-02-09 11:17:19,909 1 INFO betopiaerp betopiaerp.tests.common: Skipping signal changes during tests 
2026-02-09 11:17:19,909 1 INFO betopiaerp werkzeug: 127.0.0.1 - - [09/Feb/2026 11:17:19] "GET /web/health?db_server_status=1 HTTP/1.1" 500 - 0 0.000 0.001
2026-02-09 11:17:19,927 1 INFO betopiaerp betopiaerp.addons.base.models.ir_attachment: filestore gc 0 checked, 0 removed 
2026-02-09 11:17:20,020 1 INFO betopiaerp betopiaerp.addons.web.tests.test_ir_model: Starting TestIrModel.test_group_expansion ... 
2026-02-09 11:17:20,042 1 INFO betopiaerp betopiaerp.addons.web.tests.test_ir_model: Starting TestIrModel.test_invalid_field_domain ... 
2026-02-09 11:17:20,083 1 INFO betopiaerp betopiaerp.addons.web.tests.test_ir_model: Starting TestIrModel.test_model_fold_search ... 
2026-02-09 11:17:20,112 1 INFO betopiaerp betopiaerp.addons.web.tests.test_ir_model: Starting TestIrModel.test_model_order_constraint ... 
2026-02-09 11:17:20,218 1 INFO betopiaerp betopiaerp.addons.web.tests.test_ir_model: Starting TestIrModel.test_model_order_search ... 
2026-02-09 11:17:20,283 1 INFO betopiaerp betopiaerp.addons.web.tests.test_ir_model: Starting TestIrModel.test_monetary_currency_field ... 
2026-02-09 11:17:20,362 1 INFO betopiaerp betopiaerp.addons.web.tests.test_ir_model: Starting TestIrModel.test_rec_name_deletion ... 
2026-02-09 11:17:20,399 1 INFO betopiaerp betopiaerp.models.unlink: User #1 deleted ir.model.fields records with IDs: [2990] 
2026-02-09 11:17:20,431 1 INFO betopiaerp betopiaerp.addons.base.models.ir_attachment: filestore gc 0 checked, 0 removed 
2026-02-09 11:17:20,432 1 INFO betopiaerp betopiaerp.addons.web.tests.test_ir_qweb: Starting TestIrQweb.test_image_field ... 
2026-02-09 11:17:20,452 1 INFO betopiaerp betopiaerp.addons.web.tests.test_ir_qweb: Starting TestIrQweb.test_image_field_webp ... 
2026-02-09 11:17:20,466 1 INFO betopiaerp betopiaerp.addons.web.tests.test_ir_qweb: Starting TestIrQweb.test_image_svg ... 
2026-02-09 11:17:20,496 1 INFO betopiaerp betopiaerp.addons.base.models.ir_attachment: filestore gc 3 checked, 3 removed 
2026-02-09 11:17:20,502 1 INFO betopiaerp betopiaerp.addons.web.tests.test_load_menus: Starting LoadMenusTests.test_load_menus ... 
2026-02-09 11:17:20,513 1 INFO betopiaerp betopiaerp.addons.base.models.res_users: Login successful for login:admin from n/a 
2026-02-09 11:17:20,519 1 INFO betopiaerp betopiaerp.addons.base.models.ir_http: Generating routing map for key None 
2026-02-09 11:17:20,537 1 INFO betopiaerp betopiaerp.tests.common: Skipping signal changes during tests 
2026-02-09 11:17:20,538 1 INFO betopiaerp werkzeug: 127.0.0.1 - - [09/Feb/2026 11:17:20] "GET /web/webclient/load_menus HTTP/1.1" 200 - 18 0.005 0.015
2026-02-09 11:17:20,561 1 INFO betopiaerp betopiaerp.addons.base.models.ir_attachment: filestore gc 0 checked, 0 removed 
2026-02-09 11:17:20,600 1 INFO betopiaerp betopiaerp.addons.web.tests.test_login: Starting TestWebLogin.test_web_login ... 
2026-02-09 11:17:20,610 1 INFO betopiaerp betopiaerp.addons.base.models.ir_http: Generating routing map for key None 
2026-02-09 11:17:20,620 1 INFO betopiaerp betopiaerp.addons.base.models.res_users: Login successful for login:internal_user from 127.0.0.1 
2026-02-09 11:17:20,623 1 INFO betopiaerp betopiaerp.tests.common: Skipping signal changes during tests 
2026-02-09 11:17:20,624 1 INFO betopiaerp werkzeug: 127.0.0.1 - - [09/Feb/2026 11:17:20] "POST /web/login HTTP/1.1" 303 - 16 0.004 0.011
2026-02-09 11:17:20,629 1 INFO betopiaerp betopiaerp.addons.base.models.res_device: User 1213 inserts device log (ZXNFZ9KfIYH0R04fZlq-rVIgXHQSZF28OXPLD05fPe) 
2026-02-09 11:17:30,174 1 INFO betopiaerp betopiaerp.tests.common: Skipping signal changes during tests 
2026-02-09 11:17:30,174 1 INFO betopiaerp werkzeug: 127.0.0.1 - - [09/Feb/2026 11:17:30] "GET /BetopiaERP HTTP/1.1" 200 - 44 0.014 9.534
2026-02-09 11:17:30,178 1 INFO betopiaerp betopiaerp.tests.common: Skipping signal changes during tests 
2026-02-09 11:17:30,178 1 INFO betopiaerp werkzeug: 127.0.0.1 - - [09/Feb/2026 11:17:30] "POST /web/session/check HTTP/1.1" 200 - 0 0.000 0.001
2026-02-09 11:17:30,179 1 INFO betopiaerp betopiaerp.addons.web.tests.test_login: Starting TestWebLogin.test_web_login_bad_xhr ... 
2026-02-09 11:17:30,182 1 INFO betopiaerp betopiaerp.addons.base.models.ir_http: Generating routing map for key None 
2026-02-09 11:17:30,186 1 INFO betopiaerp betopiaerp.http: Session expired 
2026-02-09 11:17:30,186 1 INFO betopiaerp werkzeug: 127.0.0.1 - - [09/Feb/2026 11:17:30] "GET /web/login_successful HTTP/1.1" 303 - 1 0.000 0.005
2026-02-09 11:17:30,193 1 INFO betopiaerp betopiaerp.addons.base.models.res_users: Login successful for login:internal_user from 127.0.0.1 
2026-02-09 11:17:30,199 1 INFO betopiaerp betopiaerp.tests.common: Skipping signal changes during tests 
2026-02-09 11:17:30,199 1 INFO betopiaerp werkzeug: 127.0.0.1 - - [09/Feb/2026 11:17:30] "POST /web/login HTTP/1.1" 303 - 22 0.004 0.007
2026-02-09 11:17:30,202 1 INFO betopiaerp betopiaerp.addons.base.models.res_device: User 1213 inserts device log (falvm6uvFS32iqthMUEJM3xQmD6lcI_u7A2NpI6IL6) 
2026-02-09 11:17:39,729 1 INFO betopiaerp betopiaerp.tests.common: Skipping signal changes during tests 
2026-02-09 11:17:39,730 1 INFO betopiaerp werkzeug: 127.0.0.1 - - [09/Feb/2026 11:17:39] "GET /BetopiaERP HTTP/1.1" 200 - 44 0.010 9.519
2026-02-09 11:17:39,732 1 INFO betopiaerp betopiaerp.addons.web.tests.test_login: Starting TestWebLogin.test_web_login_external ... 
2026-02-09 11:17:39,734 1 INFO betopiaerp betopiaerp.addons.base.models.ir_http: Generating routing map for key None 
2026-02-09 11:17:39,743 1 INFO betopiaerp betopiaerp.addons.base.models.res_users: Login successful for login:portal_user from 127.0.0.1 
2026-02-09 11:17:39,748 1 INFO betopiaerp betopiaerp.tests.common: Skipping signal changes during tests 
2026-02-09 11:17:39,749 1 INFO betopiaerp werkzeug: 127.0.0.1 - - [09/Feb/2026 11:17:39] "POST /web/login HTTP/1.1" 303 - 23 0.004 0.010
2026-02-09 11:17:39,752 1 INFO betopiaerp betopiaerp.addons.base.models.res_device: User 1214 inserts device log (jyojFCoGtTp8OqYF3BbmDnWGfzDGXBPsUw1XIy_gTT) 
2026-02-09 11:17:43,620 1 INFO betopiaerp betopiaerp.tests.common: Skipping signal changes during tests 
2026-02-09 11:17:43,621 1 INFO betopiaerp werkzeug: 127.0.0.1 - - [09/Feb/2026 11:17:43] "GET /web/login_successful HTTP/1.1" 200 - 36 0.008 3.862
2026-02-09 11:17:43,642 1 INFO betopiaerp betopiaerp.addons.base.models.ir_attachment: filestore gc 1 checked, 1 removed 
2026-02-09 11:17:43,671 1 INFO betopiaerp betopiaerp.addons.web.tests.test_partner: Starting TestPartnerPrivate.test_access_onchange ... 
2026-02-09 11:17:43,677 1 INFO betopiaerp betopiaerp.addons.base.models.ir_model: Access Denied by ACLs for operation: write, uid: 1215, model: res.partner 
2026-02-09 11:17:43,701 1 INFO betopiaerp betopiaerp.addons.base.models.ir_attachment: filestore gc 0 checked, 0 removed 
2026-02-09 11:17:43,706 1 INFO betopiaerp betopiaerp.addons.web.tests.test_pivot_export: Starting TestPivotExport.test_export_xlsx_with_empty_data ... 
2026-02-09 11:17:43,708 1 INFO betopiaerp betopiaerp.addons.base.models.res_users: Login successful for login:admin from n/a 
2026-02-09 11:17:43,714 1 INFO betopiaerp betopiaerp.addons.base.models.ir_http: Generating routing map for key None 
2026-02-09 11:17:43,732 1 INFO betopiaerp werkzeug: 127.0.0.1 - - [09/Feb/2026 11:17:43] "POST /web/pivot/export_xlsx HTTP/1.1" 422 - 2 0.000 0.019
2026-02-09 11:17:43,733 1 INFO betopiaerp betopiaerp.addons.web.tests.test_pivot_export: Starting TestPivotExport.test_export_xlsx_with_integer_column ... 
2026-02-09 11:17:43,736 1 INFO betopiaerp betopiaerp.addons.base.models.res_users: Login successful for login:admin from n/a 
2026-02-09 11:17:43,740 1 INFO betopiaerp betopiaerp.addons.base.models.ir_http: Generating routing map for key None 
2026-02-09 11:17:43,746 1 INFO betopiaerp betopiaerp.tests.common: Skipping signal changes during tests 
2026-02-09 11:17:43,747 1 INFO betopiaerp werkzeug: 127.0.0.1 - - [09/Feb/2026 11:17:43] "POST /web/pivot/export_xlsx HTTP/1.1" 200 - 2 0.000 0.007
2026-02-09 11:17:43,769 1 INFO betopiaerp betopiaerp.addons.base.models.ir_attachment: filestore gc 0 checked, 0 removed 
2026-02-09 11:17:43,775 1 INFO betopiaerp betopiaerp.addons.web.tests.test_reports: Starting TestReports.test_report_error_cleanup ... 
2026-02-09 11:17:43,790 1 INFO betopiaerp betopiaerp.addons.base.models.res_users: Login successful for login:admin from 127.0.0.1 
2026-02-09 11:17:45,849 1 INFO betopiaerp betopiaerp.addons.web.tests.test_reports: Starting TestReports.test_report_session_cookie ... 
2026-02-09 11:17:45,859 1 INFO betopiaerp betopiaerp.addons.base.models.res_users: Login successful for login:admin from 127.0.0.1 
2026-02-09 11:17:47,891 1 INFO betopiaerp betopiaerp.addons.base.models.ir_http: Generating routing map for key None 
2026-02-09 11:17:47,905 1 INFO betopiaerp betopiaerp.addons.base.models.assetsbundle: Generating a new asset bundle attachment /web/assets/e4caaae/web.report_assets_pdf.autoprefixed.min.css (id:6114) 
2026-02-09 11:17:47,907 1 INFO betopiaerp betopiaerp.tests.common: Skipping signal changes during tests 
2026-02-09 11:17:47,908 1 INFO betopiaerp werkzeug: 127.0.0.1 - - [09/Feb/2026 11:17:47] "GET /web/assets/e4caaae/web.report_assets_pdf.autoprefixed.min.css HTTP/1.1" 200 - 9 0.002 0.015
2026-02-09 11:17:47,920 1 INFO betopiaerp betopiaerp.tests.common: Skipping signal changes during tests 
2026-02-09 11:17:47,920 1 INFO betopiaerp werkzeug: 127.0.0.1 - - [09/Feb/2026 11:17:47] "GET /web/image/6113 HTTP/1.1" 200 - 21 0.005 0.023
2026-02-09 11:17:49,889 1 INFO betopiaerp betopiaerp.addons.base.models.assetsbundle: Generating a new asset bundle attachment /web/assets/9125a8f/web.report_assets_common.autoprefixed.min.css (id:6115) 
2026-02-09 11:17:49,892 1 INFO betopiaerp betopiaerp.tests.common: Skipping signal changes during tests 
2026-02-09 11:17:49,892 1 INFO betopiaerp werkzeug: 127.0.0.1 - - [09/Feb/2026 11:17:49] "GET /web/assets/9125a8f/web.report_assets_common.autoprefixed.min.css HTTP/1.1" 200 - 9 0.008 1.992
2026-02-09 11:17:49,914 1 INFO ? werkzeug: 127.0.0.1 - - [09/Feb/2026 11:17:49] "GET /web/static/fonts/lato/Lato-Reg-webfont.woff HTTP/1.1" 200 - 0 0.000 0.009
2026-02-09 11:17:49,914 1 INFO ? werkzeug: 127.0.0.1 - - [09/Feb/2026 11:17:49] "GET /web/static/fonts/lato/Lato-Lig-webfont.woff HTTP/1.1" 200 - 0 0.000 0.008
2026-02-09 11:17:49,915 1 INFO ? werkzeug: 127.0.0.1 - - [09/Feb/2026 11:17:49] "GET /web/static/fonts/lato/Lato-Bol-webfont.woff HTTP/1.1" 200 - 0 0.000 0.008
2026-02-09 11:17:49,915 1 INFO ? werkzeug: 127.0.0.1 - - [09/Feb/2026 11:17:49] "GET /web/static/fonts/lato/Lato-Bla-webfont.woff HTTP/1.1" 200 - 0 0.000 0.006
2026-02-09 11:17:49,915 1 INFO ? werkzeug: 127.0.0.1 - - [09/Feb/2026 11:17:49] "GET /web/static/fonts/lato/Lato-Hai-webfont.woff HTTP/1.1" 200 - 0 0.000 0.008
2026-02-09 11:17:50,938 1 INFO betopiaerp betopiaerp.addons.base.models.ir_actions_report: The PDF report has been generated for model: res.partner, records [2]. 
2026-02-09 11:17:50,975 1 INFO betopiaerp betopiaerp.tests.common: Skipping signal changes during tests 
2026-02-09 11:17:50,976 1 INFO betopiaerp werkzeug: 127.0.0.1 - - [09/Feb/2026 11:17:50] "GET /web/assets/e4caaae/web.report_assets_pdf.autoprefixed.min.css HTTP/1.1" 200 - 3 0.001 0.004
2026-02-09 11:17:50,978 1 INFO betopiaerp betopiaerp.tests.common: Skipping signal changes during tests 
2026-02-09 11:17:50,979 1 INFO betopiaerp werkzeug: 127.0.0.1 - - [09/Feb/2026 11:17:50] "GET /web/assets/9125a8f/web.report_assets_common.autoprefixed.min.css HTTP/1.1" 200 - 3 0.001 0.006
2026-02-09 11:17:50,981 1 INFO betopiaerp betopiaerp.addons.base.models.ir_model: Access Denied by ACLs for operation: read, uid: 3, model: ir.attachment 
2026-02-09 11:17:50,997 1 INFO betopiaerp betopiaerp.tests.common: Skipping signal changes during tests 
2026-02-09 11:17:50,998 1 INFO betopiaerp werkzeug: 127.0.0.1 - - [09/Feb/2026 11:17:50] "GET /web/image/6113 HTTP/1.1" 200 - 12 0.003 0.023
2026-02-09 11:17:51,008 1 INFO ? werkzeug: 127.0.0.1 - - [09/Feb/2026 11:17:51] "GET /web/static/fonts/lato/Lato-Lig-webfont.woff HTTP/1.1" 200 - 0 0.000 0.006
2026-02-09 11:17:51,008 1 INFO ? werkzeug: 127.0.0.1 - - [09/Feb/2026 11:17:51] "GET /web/static/fonts/lato/Lato-Reg-webfont.woff HTTP/1.1" 200 - 0 0.000 0.007
2026-02-09 11:17:51,008 1 INFO ? werkzeug: 127.0.0.1 - - [09/Feb/2026 11:17:51] "GET /web/static/fonts/lato/Lato-Hai-webfont.woff HTTP/1.1" 200 - 0 0.000 0.007
2026-02-09 11:17:51,009 1 INFO ? werkzeug: 127.0.0.1 - - [09/Feb/2026 11:17:51] "GET /web/static/fonts/lato/Lato-Bol-webfont.woff HTTP/1.1" 200 - 0 0.000 0.006
2026-02-09 11:17:51,009 1 INFO ? werkzeug: 127.0.0.1 - - [09/Feb/2026 11:17:51] "GET /web/static/fonts/lato/Lato-Bla-webfont.woff HTTP/1.1" 200 - 0 0.000 0.005
2026-02-09 11:17:52,034 1 INFO betopiaerp betopiaerp.addons.base.models.ir_actions_report: The PDF report has been generated for model: res.partner, records [2]. 
2026-02-09 11:17:52,055 1 INFO betopiaerp betopiaerp.addons.base.models.ir_attachment: filestore gc 3 checked, 2 removed 
2026-02-09 11:17:52,056 1 INFO betopiaerp betopiaerp.addons.web.tests.test_res_partner_properties: Starting TestWebProperties.test_get_properties_base_definition ... 
2026-02-09 11:17:52,077 1 INFO betopiaerp betopiaerp.addons.base.models.ir_attachment: filestore gc 0 checked, 0 removed 
2026-02-09 11:17:52,119 1 INFO betopiaerp betopiaerp.addons.web.tests.test_res_users: Starting TestResUsers.test_change_password ... 
2026-02-09 11:17:52,160 1 INFO betopiaerp betopiaerp.addons.base.models.res_users: Password change for 'user_internal' (#1222) by '__system__' (#1) from n/a 
2026-02-09 11:17:52,161 1 INFO betopiaerp betopiaerp.addons.web.tests.test_res_users: Starting TestResUsers.test_name_search ... 
2026-02-09 11:17:52,211 1 INFO betopiaerp betopiaerp.addons.base.models.ir_attachment: filestore gc 7 checked, 7 removed 
2026-02-09 11:17:52,246 1 INFO betopiaerp betopiaerp.addons.web.tests.test_res_users_settings: Starting TestResUsersSettings.test_fields_validity_embedded_action_settings ... 
2026-02-09 11:17:52,253 1 INFO betopiaerp betopiaerp.addons.web.tests.test_res_users_settings: Starting TestResUsersSettings.test_set_and_get_embedded_action_settings ... 
2026-02-09 11:17:52,274 1 INFO betopiaerp betopiaerp.addons.base.models.ir_attachment: filestore gc 1 checked, 1 removed 
2026-02-09 11:17:52,275 1 INFO betopiaerp betopiaerp.addons.web.tests.test_router: Starting TestWebRouter.test_router_get_action_exist ... 
2026-02-09 11:17:52,278 1 INFO betopiaerp betopiaerp.addons.web.tests.test_router: Starting TestWebRouter.test_router_get_action_missing ... 
2026-02-09 11:17:52,280 1 INFO betopiaerp betopiaerp.addons.web.tests.test_router: Starting TestWebRouter.test_router_get_action_triples_exist ... 
2026-02-09 11:17:52,285 1 INFO betopiaerp betopiaerp.addons.web.tests.test_router: Starting TestWebRouter.test_router_get_action_triples_missing ... 
2026-02-09 11:17:52,305 1 INFO betopiaerp betopiaerp.addons.base.models.ir_attachment: filestore gc 0 checked, 0 removed 
2026-02-09 11:17:52,622 1 INFO betopiaerp betopiaerp.addons.web.tests.test_session_info: Starting TestSessionInfo.test_session_info ... 
2026-02-09 11:17:52,625 1 INFO betopiaerp betopiaerp.addons.base.models.res_users: Login successful for login:session from n/a 
2026-02-09 11:17:52,631 1 INFO betopiaerp betopiaerp.addons.base.models.ir_http: Generating routing map for key None 
2026-02-09 11:17:52,653 1 INFO betopiaerp betopiaerp.tests.common: Skipping signal changes during tests 
2026-02-09 11:17:52,653 1 INFO betopiaerp werkzeug: 127.0.0.1 - - [09/Feb/2026 11:17:52] "POST /web/session/get_session_info HTTP/1.1" 200 - 26 0.006 0.017
2026-02-09 11:17:52,657 1 INFO betopiaerp betopiaerp.addons.web.tests.test_session_info: Starting TestSessionInfo.test_session_modules ... 
2026-02-09 11:17:52,660 1 INFO betopiaerp betopiaerp.addons.base.models.res_users: Login successful for login:session from n/a 
2026-02-09 11:17:52,665 1 INFO betopiaerp betopiaerp.addons.base.models.ir_http: Generating routing map for key None 
2026-02-09 11:17:52,670 1 INFO betopiaerp betopiaerp.tests.common: Skipping signal changes during tests 
2026-02-09 11:17:52,671 1 INFO betopiaerp werkzeug: 127.0.0.1 - - [09/Feb/2026 11:17:52] "POST /web/session/modules HTTP/1.1" 200 - 2 0.001 0.006
2026-02-09 11:17:52,689 1 INFO betopiaerp betopiaerp.addons.base.models.ir_attachment: filestore gc 1 checked, 1 removed 
2026-02-09 11:17:52,708 1 INFO betopiaerp betopiaerp.addons.web.tests.test_translate: Starting TestTranslationOverride.test_web_override_translations ... 
2026-02-09 11:17:52,732 1 INFO betopiaerp betopiaerp.addons.base.models.ir_attachment: filestore gc 0 checked, 0 removed 
2026-02-09 11:17:52,737 1 INFO betopiaerp betopiaerp.addons.web.tests.test_web_redirect: Starting TestWebRedirect.test_web_route_redirect_param ... 
2026-02-09 11:17:52,739 1 INFO betopiaerp betopiaerp.addons.base.models.ir_http: Generating routing map for key None 
2026-02-09 11:17:52,747 1 INFO betopiaerp betopiaerp.tests.common: Skipping signal changes during tests 
2026-02-09 11:17:52,747 1 INFO betopiaerp werkzeug: 127.0.0.1 - - [09/Feb/2026 11:17:52] "GET /BetopiaERP/action-887?cids=1 HTTP/1.1" 303 - 4 0.001 0.008
2026-02-09 11:17:56,583 1 INFO betopiaerp betopiaerp.tests.common: Skipping signal changes during tests 
2026-02-09 11:17:56,583 1 INFO betopiaerp werkzeug: 127.0.0.1 - - [09/Feb/2026 11:17:56] "GET /web/login?redirect=/BetopiaERP/action-887?cids%3D1 HTTP/1.1" 200 - 47 0.012 3.823
2026-02-09 11:17:56,585 1 INFO betopiaerp betopiaerp.addons.web.tests.test_web_redirect: Starting TestWebRedirect.test_web_route_redirect_param_legacy ... 
2026-02-09 11:17:56,588 1 INFO betopiaerp betopiaerp.addons.base.models.ir_http: Generating routing map for key None 
2026-02-09 11:17:56,593 1 INFO betopiaerp betopiaerp.tests.common: Skipping signal changes during tests 
2026-02-09 11:17:56,594 1 INFO betopiaerp werkzeug: 127.0.0.1 - - [09/Feb/2026 11:17:56] "GET /web HTTP/1.1" 303 - 4 0.001 0.006
2026-02-09 11:18:00,572 1 INFO betopiaerp betopiaerp.tests.common: Skipping signal changes during tests 
2026-02-09 11:18:00,572 1 INFO betopiaerp werkzeug: 127.0.0.1 - - [09/Feb/2026 11:18:00] "GET /web/login?redirect=/web? HTTP/1.1" 200 - 47 0.011 3.966
2026-02-09 11:18:00,593 1 INFO betopiaerp betopiaerp.addons.base.models.ir_attachment: filestore gc 0 checked, 0 removed 
2026-02-09 11:18:00,594 1 INFO betopiaerp betopiaerp.modules.loading: Module web loaded in 41.62s (incl. 40.74s test), 1415 queries (+1882 test, +1415 other) 
2026-02-09 11:18:00,594 1 INFO betopiaerp betopiaerp.modules.loading: Loading module api_doc (4/14) 
2026-02-09 11:18:00,632 1 INFO betopiaerp betopiaerp.registry: module api_doc: creating or updating database tables 
2026-02-09 11:18:00,652 1 INFO betopiaerp betopiaerp.modules.loading: loading api_doc/security/res_groups.xml 
2026-02-09 11:18:00,666 1 INFO betopiaerp betopiaerp.modules.loading: loading api_doc/views/docclient.xml 
2026-02-09 11:18:00,717 1 INFO betopiaerp betopiaerp.modules.loading: Module api_doc loaded in 0.12s, 69 queries (+69 other) 
2026-02-09 11:18:00,718 1 INFO betopiaerp betopiaerp.modules.loading: Loading module auth_totp (5/14) 
2026-02-09 11:18:00,796 1 INFO betopiaerp betopiaerp.registry: module auth_totp: creating or updating database tables 
2026-02-09 11:18:00,826 1 INFO betopiaerp betopiaerp.modules.loading: loading auth_totp/security/security.xml 
2026-02-09 11:18:00,857 1 INFO betopiaerp betopiaerp.modules.loading: loading auth_totp/security/ir.model.access.csv 
2026-02-09 11:18:00,868 1 INFO betopiaerp betopiaerp.modules.loading: loading auth_totp/data/ir_action_data.xml 
2026-02-09 11:18:00,880 1 INFO betopiaerp betopiaerp.modules.loading: loading auth_totp/views/res_users_views.xml 
2026-02-09 11:18:00,925 1 INFO betopiaerp betopiaerp.modules.loading: loading auth_totp/views/templates.xml 
2026-02-09 11:18:00,936 1 INFO betopiaerp betopiaerp.modules.loading: loading auth_totp/wizard/auth_totp_wizard_views.xml 
2026-02-09 11:18:01,005 1 INFO betopiaerp betopiaerp.modules.loading: Module auth_totp loaded in 0.29s, 210 queries (+210 other) 
2026-02-09 11:18:01,005 1 INFO betopiaerp betopiaerp.modules.loading: Loading module base_import (6/14) 
2026-02-09 11:18:01,080 1 INFO betopiaerp betopiaerp.registry: module base_import: creating or updating database tables 
2026-02-09 11:18:01,492 1 INFO betopiaerp betopiaerp.modules.loading: loading base_import/security/ir.model.access.csv 
2026-02-09 11:18:01,512 1 INFO betopiaerp betopiaerp.modules.loading: Module base_import loaded in 0.51s, 935 queries (+935 other) 
2026-02-09 11:18:01,512 1 INFO betopiaerp betopiaerp.modules.loading: Loading module base_import_module (7/14) 
2026-02-09 11:18:01,576 1 INFO betopiaerp betopiaerp.registry: module base_import_module: creating or updating database tables 
2026-02-09 11:18:01,603 1 INFO betopiaerp betopiaerp.modules.loading: loading base_import_module/security/ir.model.access.csv 
2026-02-09 11:18:01,609 1 INFO betopiaerp betopiaerp.modules.loading: loading base_import_module/views/base_import_module_view.xml 
2026-02-09 11:18:01,625 1 INFO betopiaerp betopiaerp.modules.loading: loading base_import_module/views/ir_module_views.xml 
2026-02-09 11:18:01,710 1 INFO betopiaerp betopiaerp.addons.base_import_module.tests.test_cloc: Starting TestClocFields.test_count_attachment_imported_module ... 
2026-02-09 11:18:01,737 1 INFO betopiaerp betopiaerp.addons.base_import_module.models.ir_module: Successfully imported module 'test_imported_module' 
2026-02-09 11:18:01,741 1 INFO betopiaerp betopiaerp.addons.base_import_module.tests.test_cloc: Starting TestClocFields.test_count_qweb_imported_module ... 
2026-02-09 11:18:01,761 1 INFO betopiaerp betopiaerp.addons.base_import_module.tests.test_cloc: Starting TestClocFields.test_exclude_attachment_imported_module ... 
2026-02-09 11:18:01,785 1 INFO betopiaerp betopiaerp.addons.base_import_module.models.ir_module: Successfully imported module 'test_imported_module' 
2026-02-09 11:18:01,791 1 INFO betopiaerp betopiaerp.addons.base_import_module.tests.test_cloc: Starting TestClocFields.test_exclude_cloc_imported_module ... 
2026-02-09 11:18:01,807 1 INFO betopiaerp betopiaerp.addons.base_import_module.models.ir_module: module test_imported_module: loading data/test.xml 
2026-02-09 11:18:01,832 1 INFO betopiaerp betopiaerp.addons.base_import_module.models.ir_module: Successfully imported module 'test_imported_module' 
2026-02-09 11:18:01,839 1 INFO betopiaerp betopiaerp.addons.base_import_module.models.ir_module: module test_imported_module: loading data/test.xml 
2026-02-09 11:18:01,870 1 INFO betopiaerp betopiaerp.addons.base_import_module.models.ir_module: Successfully imported module 'test_imported_module' 
2026-02-09 11:18:01,875 1 INFO betopiaerp betopiaerp.addons.base.models.ir_module: ALLOW access to module.module_uninstall on ['test_imported_module'] to user __system__ #1 via n/a 
2026-02-09 11:18:01,877 1 INFO betopiaerp betopiaerp.addons.base.models.ir_model: Deleting ir.asset(137, 136, 135) 
2026-02-09 11:18:01,883 1 INFO betopiaerp betopiaerp.models.unlink: User #1 deleted ir.model.data records with IDs: [86125, 86126, 86127] 
2026-02-09 11:18:01,883 1 INFO betopiaerp betopiaerp.models.unlink: User #1 deleted ir.asset records with IDs: [137, 136, 135] 
2026-02-09 11:18:01,885 1 INFO betopiaerp betopiaerp.addons.base.models.ir_model: Deleting ir.attachment(6199, 6198, 6197) 
2026-02-09 11:18:01,887 1 INFO betopiaerp betopiaerp.models.unlink: User #1 deleted ir.model.data records with IDs: [86122, 86124, 86120] 
2026-02-09 11:18:01,891 1 INFO betopiaerp betopiaerp.models.unlink: User #1 deleted ir.model.data records with IDs: [86121, 86123, 86119] 
2026-02-09 11:18:01,891 1 INFO betopiaerp betopiaerp.models.unlink: User #1 deleted ir.attachment records with IDs: [6199, 6198, 6197] 
2026-02-09 11:18:01,892 1 INFO betopiaerp betopiaerp.addons.base.models.ir_model: Deleting ir.ui.view(6220,) 
2026-02-09 11:18:01,894 1 INFO betopiaerp betopiaerp.models.unlink: User #1 deleted ir.model.data records with IDs: [86117] 
2026-02-09 11:18:01,899 1 INFO betopiaerp betopiaerp.models.unlink: User #1 deleted ir.model.data records with IDs: [86115] 
2026-02-09 11:18:01,899 1 INFO betopiaerp betopiaerp.models.unlink: User #1 deleted ir.ui.view records with IDs: [6220] 
2026-02-09 11:18:01,901 1 INFO betopiaerp betopiaerp.addons.base.models.ir_model: ir.model.data could not be deleted ([]) 
2026-02-09 11:18:01,903 1 INFO betopiaerp betopiaerp.models.unlink: User #1 deleted ir.model.data records with IDs: [86127, 86126, 86125, 86123, 86121, 86119, 86115] 
2026-02-09 11:18:01,904 1 INFO betopiaerp betopiaerp.addons.base_import_module.models.ir_module: deleting imported modules upon uninstallation: test_imported_module 
2026-02-09 11:18:01,909 1 INFO betopiaerp betopiaerp.models.unlink: User #1 deleted ir.model.data records with IDs: [86114] 
2026-02-09 11:18:01,909 1 INFO betopiaerp betopiaerp.models.unlink: User #1 deleted ir.module.module records with IDs: [797] 
2026-02-09 11:18:01,912 1 INFO betopiaerp betopiaerp.addons.base_import_module.tests.test_cloc: Starting TestClocFields.test_exclude_qweb ... 
2026-02-09 11:18:01,922 1 INFO betopiaerp betopiaerp.addons.base_import_module.tests.test_cloc: Starting TestClocFields.test_fields_from_import_module ... 
2026-02-09 11:18:01,963 1 INFO betopiaerp betopiaerp.addons.base_import_module.tests.test_cloc: Starting TestClocFields.test_fields_from_studio ... 
2026-02-09 11:18:02,034 1 INFO betopiaerp betopiaerp.addons.base_import_module.tests.test_cloc: Starting TestClocFields.test_fields_module_name ... 
2026-02-09 11:18:02,088 1 INFO betopiaerp betopiaerp.addons.base.models.ir_attachment: filestore gc 3 checked, 3 removed 
2026-02-09 11:18:02,089 1 INFO betopiaerp betopiaerp.modules.loading: Module base_import_module loaded in 0.58s (incl. 0.38s test), 184 queries (+615 test, +184 other) 
2026-02-09 11:18:02,089 1 INFO betopiaerp betopiaerp.modules.loading: Loading module base_setup (8/14) 
2026-02-09 11:18:02,154 1 INFO betopiaerp betopiaerp.registry: module base_setup: creating or updating database tables 
2026-02-09 11:18:02,182 1 INFO betopiaerp betopiaerp.modules.loading: loading base_setup/data/base_setup_data.xml 
2026-02-09 11:18:02,187 1 INFO betopiaerp betopiaerp.modules.loading: loading base_setup/views/res_config_settings_views.xml 
2026-02-09 11:18:02,222 1 INFO betopiaerp betopiaerp.modules.loading: loading base_setup/views/res_partner_views.xml 
2026-02-09 11:18:02,293 1 INFO betopiaerp betopiaerp.addons.base_setup.tests.test_default_group: Starting TestResConfig.test_create_user_default_user_groups ... 
2026-02-09 11:18:02,486 1 INFO betopiaerp betopiaerp.addons.base.models.ir_attachment: filestore gc 2 checked, 2 removed 
2026-02-09 11:18:02,488 1 INFO betopiaerp betopiaerp.addons.base_setup.tests.test_res_config: Starting TestResConfig.test_install ... 
2026-02-09 11:18:02,566 1 INFO betopiaerp betopiaerp.addons.base_setup.tests.test_res_config: Starting TestResConfig.test_multi_company_res_config_group ... 
2026-02-09 11:18:02,781 1 INFO betopiaerp betopiaerp.addons.base_setup.tests.test_res_config: Starting TestResConfig.test_no_install ... 
2026-02-09 11:18:02,870 1 INFO betopiaerp betopiaerp.addons.base.models.ir_attachment: filestore gc 2 checked, 2 removed 
2026-02-09 11:18:02,871 1 INFO betopiaerp betopiaerp.modules.loading: Module base_setup loaded in 0.78s (incl. 0.58s test), 144 queries (+745 test, +144 other) 
2026-02-09 11:18:02,871 1 INFO betopiaerp betopiaerp.modules.loading: Loading module bus (9/14) 
2026-02-09 11:18:02,992 1 INFO betopiaerp betopiaerp.registry: module bus: creating or updating database tables 
2026-02-09 11:18:03,046 1 INFO betopiaerp betopiaerp.modules.loading: loading bus/security/ir.model.access.csv 
2026-02-09 11:18:03,130 1 INFO betopiaerp betopiaerp.addons.bus.tests.test_health: Starting TestBusController.test_health ... 
2026-02-09 11:18:03,132 1 INFO betopiaerp betopiaerp.addons.base.models.ir_http: Generating routing map for key None 
2026-02-09 11:18:03,141 1 INFO betopiaerp betopiaerp.tests.common: Skipping signal changes during tests 
2026-02-09 11:18:03,142 1 INFO betopiaerp werkzeug: 127.0.0.1 - - [09/Feb/2026 11:18:03] "GET /websocket/health HTTP/1.1" 200 - 3 0.001 0.010
2026-02-09 11:18:03,163 1 INFO betopiaerp betopiaerp.addons.base.models.ir_attachment: filestore gc 0 checked, 0 removed 
2026-02-09 11:18:03,164 1 INFO betopiaerp betopiaerp.addons.bus.tests.test_notify: Starting NotifyTests.test_get_notify_payloads ... 
2026-02-09 11:18:03,168 1 INFO betopiaerp betopiaerp.addons.bus.tests.test_notify: Starting NotifyTests.test_postcommit ... 
2026-02-09 11:18:03,180 1 INFO betopiaerp betopiaerp.models.unlink: User #1 deleted bus.bus records with IDs: [4, 5] 
2026-02-09 11:18:03,209 1 INFO betopiaerp betopiaerp.addons.base.models.ir_attachment: filestore gc 0 checked, 0 removed 
2026-02-09 11:18:03,241 1 INFO betopiaerp betopiaerp.addons.bus.tests.test_websocket_controller: Starting TestWebsocketController.test_websocket_peek ... 
2026-02-09 11:18:03,249 1 INFO betopiaerp betopiaerp.addons.base.models.ir_http: Generating routing map for key None 
2026-02-09 11:18:03,265 1 INFO betopiaerp betopiaerp.tests.common: Skipping signal changes during tests 
2026-02-09 11:18:03,266 1 INFO betopiaerp werkzeug: 127.0.0.1 - - [09/Feb/2026 11:18:03] "POST /websocket/peek_notifications HTTP/1.1" 200 - 9 0.002 0.015
2026-02-09 11:18:03,271 1 INFO betopiaerp betopiaerp.tests.common: Skipping signal changes during tests 
2026-02-09 11:18:03,271 1 INFO betopiaerp werkzeug: 127.0.0.1 - - [09/Feb/2026 11:18:03] "POST /websocket/peek_notifications HTTP/1.1" 200 - 4 0.001 0.002
2026-02-09 11:18:03,273 1 INFO betopiaerp betopiaerp.addons.bus.tests.test_websocket_controller: Starting TestWebsocketController.test_websocket_peek_session_expired_login ... 
2026-02-09 11:18:03,275 1 INFO betopiaerp betopiaerp.addons.base.models.ir_http: Generating routing map for key None 
2026-02-09 11:18:03,285 1 INFO betopiaerp betopiaerp.tests.common: Skipping signal changes during tests 
2026-02-09 11:18:03,285 1 INFO betopiaerp werkzeug: 127.0.0.1 - - [09/Feb/2026 11:18:03] "POST /websocket/peek_notifications HTTP/1.1" 200 - 15 0.002 0.009
2026-02-09 11:18:03,289 1 INFO betopiaerp betopiaerp.addons.base.models.res_users: Login successful for login:admin from n/a 
2026-02-09 11:18:03,305 1 INFO betopiaerp betopiaerp.http:  
2026-02-09 11:18:03,306 1 INFO betopiaerp werkzeug: 127.0.0.1 - - [09/Feb/2026 11:18:03] "POST /websocket/peek_notifications HTTP/1.1" 200 - 0 0.000 0.013
2026-02-09 11:18:03,307 1 INFO betopiaerp betopiaerp.addons.bus.tests.test_websocket_controller: Starting TestWebsocketController.test_websocket_peek_session_expired_logout ... 
2026-02-09 11:18:03,310 1 INFO betopiaerp betopiaerp.addons.base.models.res_users: Login successful for login:demo from n/a 
2026-02-09 11:18:03,314 1 INFO betopiaerp betopiaerp.addons.base.models.ir_http: Generating routing map for key None 
2026-02-09 11:18:03,325 1 INFO betopiaerp betopiaerp.tests.common: Skipping signal changes during tests 
2026-02-09 11:18:03,326 1 INFO betopiaerp werkzeug: 127.0.0.1 - - [09/Feb/2026 11:18:03] "POST /websocket/peek_notifications HTTP/1.1" 200 - 12 0.002 0.010
2026-02-09 11:18:03,329 1 INFO betopiaerp betopiaerp.tests.common: Skipping signal changes during tests 
2026-02-09 11:18:03,329 1 INFO betopiaerp werkzeug: 127.0.0.1 - - [09/Feb/2026 11:18:03] "GET /web/session/logout HTTP/1.1" 303 - 0 0.000 0.002
2026-02-09 11:18:03,332 1 INFO betopiaerp betopiaerp.tests.common: Skipping signal changes during tests 
2026-02-09 11:18:03,332 1 INFO betopiaerp werkzeug: 127.0.0.1 - - [09/Feb/2026 11:18:03] "GET /BetopiaERP HTTP/1.1" 303 - 0 0.000 0.001
2026-02-09 11:18:07,324 1 INFO betopiaerp betopiaerp.tests.common: Skipping signal changes during tests 
2026-02-09 11:18:07,324 1 INFO betopiaerp werkzeug: 127.0.0.1 - - [09/Feb/2026 11:18:07] "GET /web/login?redirect=/BetopiaERP? HTTP/1.1" 200 - 41 0.010 3.980
2026-02-09 11:18:07,332 1 INFO betopiaerp betopiaerp.http:  
2026-02-09 11:18:07,333 1 INFO betopiaerp werkzeug: 127.0.0.1 - - [09/Feb/2026 11:18:07] "POST /websocket/peek_notifications HTTP/1.1" 200 - 1 0.000 0.005
2026-02-09 11:18:07,354 1 INFO betopiaerp betopiaerp.addons.base.models.ir_attachment: filestore gc 1 checked, 1 removed 
2026-02-09 11:18:07,355 1 INFO betopiaerp betopiaerp.modules.loading: Module bus loaded in 4.48s (incl. 4.23s test), 142 queries (+221 test, +142 other) 
2026-02-09 11:18:07,355 1 INFO betopiaerp betopiaerp.modules.loading: Loading module web_tour (10/14) 
2026-02-09 11:18:07,391 1 INFO betopiaerp betopiaerp.registry: module web_tour: creating or updating database tables 
2026-02-09 11:18:07,422 1 INFO betopiaerp betopiaerp.modules.loading: loading web_tour/security/ir.model.access.csv 
2026-02-09 11:18:07,430 1 INFO betopiaerp betopiaerp.modules.loading: loading web_tour/views/tour_views.xml 
2026-02-09 11:18:07,495 1 INFO betopiaerp betopiaerp.modules.loading: Module web_tour loaded in 0.14s, 143 queries (+143 other) 
2026-02-09 11:18:07,496 1 INFO betopiaerp betopiaerp.modules.loading: Loading module auth_passkey (11/14) 
2026-02-09 11:18:07,900 1 INFO betopiaerp betopiaerp.registry: module auth_passkey: creating or updating database tables 
2026-02-09 11:18:07,928 1 INFO betopiaerp betopiaerp.modules.loading: loading auth_passkey/views/auth_passkey_key_views.xml 
2026-02-09 11:18:07,949 1 INFO betopiaerp betopiaerp.modules.loading: loading auth_passkey/views/auth_passkey_login_templates.xml 
2026-02-09 11:18:07,969 1 INFO betopiaerp betopiaerp.modules.loading: loading auth_passkey/views/res_users_identitycheck_views.xml 
2026-02-09 11:18:07,985 1 INFO betopiaerp betopiaerp.modules.loading: loading auth_passkey/views/res_users_views.xml 
2026-02-09 11:18:08,017 1 INFO betopiaerp betopiaerp.modules.loading: loading auth_passkey/security/ir.model.access.csv 
2026-02-09 11:18:08,031 1 INFO betopiaerp betopiaerp.modules.loading: loading auth_passkey/security/security.xml 
2026-02-09 11:18:08,114 1 INFO betopiaerp betopiaerp.addons.auth_passkey.tests.test_passkey_demo: Starting PasskeyTest.test_authentication ... 
2026-02-09 11:18:08,122 1 INFO betopiaerp betopiaerp.addons.base.models.ir_http: Generating routing map for key None 
2026-02-09 11:18:12,175 1 INFO betopiaerp betopiaerp.tests.common: Skipping signal changes during tests 
2026-02-09 11:18:12,176 1 INFO betopiaerp werkzeug: 127.0.0.1 - - [09/Feb/2026 11:18:12] "GET /web/login HTTP/1.1" 200 - 47 0.011 4.043
2026-02-09 11:18:12,181 1 INFO betopiaerp betopiaerp.tests.common: Skipping signal changes during tests 
2026-02-09 11:18:12,181 1 INFO betopiaerp werkzeug: 127.0.0.1 - - [09/Feb/2026 11:18:12] "POST /auth/passkey/start-auth HTTP/1.1" 200 - 2 0.000 0.002
2026-02-09 11:18:12,190 1 INFO betopiaerp betopiaerp.addons.base.models.res_users: Login successful for login:admin from 127.0.0.1 
2026-02-09 11:18:12,197 1 INFO betopiaerp betopiaerp.tests.common: Skipping signal changes during tests 
2026-02-09 11:18:12,198 1 INFO betopiaerp werkzeug: 127.0.0.1 - - [09/Feb/2026 11:18:12] "POST /web/login HTTP/1.1" 303 - 27 0.005 0.009
2026-02-09 11:18:12,201 1 INFO betopiaerp betopiaerp.addons.base.models.res_device: User 2 inserts device log (D8SOubBYmSeNLQj50PgzNoSWESfm9z0NUYQ_I7ehVY) 
2026-02-09 11:18:22,211 1 INFO betopiaerp betopiaerp.tests.common: Skipping signal changes during tests 
2026-02-09 11:18:22,212 1 INFO betopiaerp werkzeug: 127.0.0.1 - - [09/Feb/2026 11:18:22] "GET /BetopiaERP HTTP/1.1" 200 - 52 0.012 10.000
2026-02-09 11:18:22,219 1 INFO betopiaerp betopiaerp.tests.common: Skipping signal changes during tests 
2026-02-09 11:18:22,219 1 INFO betopiaerp werkzeug: 127.0.0.1 - - [09/Feb/2026 11:18:22] "GET /web/login HTTP/1.1" 200 - 1 0.000 0.003
2026-02-09 11:18:22,225 1 INFO betopiaerp betopiaerp.addons.base.models.res_users: Login failed for login:admin from 127.0.0.1 
2026-02-09 11:18:22,227 1 INFO betopiaerp betopiaerp.tests.common: Skipping signal changes during tests 
2026-02-09 11:18:22,228 1 INFO betopiaerp werkzeug: 127.0.0.1 - - [09/Feb/2026 11:18:22] "POST /web/login HTTP/1.1" 200 - 8 0.001 0.005
2026-02-09 11:18:22,238 1 INFO betopiaerp betopiaerp.tests.common: Skipping signal changes during tests 
2026-02-09 11:18:22,238 1 INFO betopiaerp werkzeug: 127.0.0.1 - - [09/Feb/2026 11:18:22] "GET /web/login HTTP/1.1" 200 - 10 0.002 0.004
2026-02-09 11:18:22,243 1 INFO betopiaerp betopiaerp.tests.common: Skipping signal changes during tests 
2026-02-09 11:18:22,244 1 INFO betopiaerp werkzeug: 127.0.0.1 - - [09/Feb/2026 11:18:22] "POST /auth/passkey/start-auth HTTP/1.1" 200 - 2 0.000 0.002
2026-02-09 11:18:22,254 1 INFO betopiaerp betopiaerp.addons.base.models.res_users: Login successful for login:admin from 127.0.0.1 
2026-02-09 11:18:22,264 1 INFO betopiaerp betopiaerp.tests.common: Skipping signal changes during tests 
2026-02-09 11:18:22,265 1 INFO betopiaerp werkzeug: 127.0.0.1 - - [09/Feb/2026 11:18:22] "POST /web/login HTTP/1.1" 303 - 26 0.008 0.010
2026-02-09 11:18:22,285 1 INFO betopiaerp betopiaerp.tests.common: Skipping signal changes during tests 
2026-02-09 11:18:22,285 1 INFO betopiaerp werkzeug: 127.0.0.1 - - [09/Feb/2026 11:18:22] "GET /BetopiaERP HTTP/1.1" 200 - 26 0.006 0.012
2026-02-09 11:18:22,291 1 INFO betopiaerp betopiaerp.tests.common: Skipping signal changes during tests 
2026-02-09 11:18:22,291 1 INFO betopiaerp werkzeug: 127.0.0.1 - - [09/Feb/2026 11:18:22] "GET /web/login HTTP/1.1" 200 - 1 0.000 0.003
2026-02-09 11:18:22,297 1 INFO betopiaerp betopiaerp.addons.base.models.res_users: Login failed for login:admin from 127.0.0.1 
2026-02-09 11:18:22,299 1 INFO betopiaerp betopiaerp.tests.common: Skipping signal changes during tests 
2026-02-09 11:18:22,300 1 INFO betopiaerp werkzeug: 127.0.0.1 - - [09/Feb/2026 11:18:22] "POST /web/login HTTP/1.1" 200 - 8 0.001 0.005
2026-02-09 11:18:22,311 1 INFO betopiaerp betopiaerp.tests.common: Skipping signal changes during tests 
2026-02-09 11:18:22,312 1 INFO betopiaerp werkzeug: 127.0.0.1 - - [09/Feb/2026 11:18:22] "GET /web/login HTTP/1.1" 200 - 10 0.002 0.005
2026-02-09 11:18:22,317 1 INFO betopiaerp betopiaerp.tests.common: Skipping signal changes during tests 
2026-02-09 11:18:22,318 1 INFO betopiaerp werkzeug: 127.0.0.1 - - [09/Feb/2026 11:18:22] "POST /auth/passkey/start-auth HTTP/1.1" 200 - 2 0.000 0.003
2026-02-09 11:18:22,325 1 INFO betopiaerp betopiaerp.addons.base.models.res_users: Login successful for login:demo from 127.0.0.1 
2026-02-09 11:18:22,329 1 INFO betopiaerp betopiaerp.tests.common: Skipping signal changes during tests 
2026-02-09 11:18:22,330 1 INFO betopiaerp werkzeug: 127.0.0.1 - - [09/Feb/2026 11:18:22] "POST /web/login HTTP/1.1" 303 - 14 0.003 0.007
2026-02-09 11:18:22,347 1 INFO betopiaerp betopiaerp.tests.common: Skipping signal changes during tests 
2026-02-09 11:18:22,347 1 INFO betopiaerp werkzeug: 127.0.0.1 - - [09/Feb/2026 11:18:22] "GET /BetopiaERP HTTP/1.1" 200 - 17 0.005 0.011
2026-02-09 11:18:22,354 1 INFO betopiaerp betopiaerp.tests.common: Skipping signal changes during tests 
2026-02-09 11:18:22,355 1 INFO betopiaerp werkzeug: 127.0.0.1 - - [09/Feb/2026 11:18:22] "GET /web/login HTTP/1.1" 200 - 1 0.000 0.003
2026-02-09 11:18:22,361 1 INFO betopiaerp betopiaerp.addons.base.models.res_users: Login failed for login:demo from 127.0.0.1 
2026-02-09 11:18:22,362 1 INFO betopiaerp betopiaerp.tests.common: Skipping signal changes during tests 
2026-02-09 11:18:22,363 1 INFO betopiaerp werkzeug: 127.0.0.1 - - [09/Feb/2026 11:18:22] "POST /web/login HTTP/1.1" 200 - 6 0.001 0.005
2026-02-09 11:18:22,366 1 INFO betopiaerp betopiaerp.addons.auth_passkey.tests.test_passkey_demo: Starting PasskeyTest.test_check_identity ... 
2026-02-09 11:18:22,371 1 INFO betopiaerp betopiaerp.addons.base.models.res_users: Login successful for login:admin from n/a 
2026-02-09 11:18:22,377 1 INFO betopiaerp betopiaerp.addons.base.models.ir_http: Generating routing map for key None 
2026-02-09 11:18:22,388 1 INFO betopiaerp betopiaerp.tests.common: Skipping signal changes during tests 
2026-02-09 11:18:22,388 1 INFO betopiaerp werkzeug: 127.0.0.1 - - [09/Feb/2026 11:18:22] "POST /web/dataset/call_kw#res.users.api_key_wizard HTTP/1.1" 200 - 6 0.002 0.010
2026-02-09 11:18:22,393 1 INFO betopiaerp betopiaerp.tests.common: Skipping signal changes during tests 
2026-02-09 11:18:22,393 1 INFO betopiaerp werkzeug: 127.0.0.1 - - [09/Feb/2026 11:18:22] "POST /auth/passkey/start-auth HTTP/1.1" 200 - 2 0.000 0.002
2026-02-09 11:18:22,407 1 INFO betopiaerp betopiaerp.tests.common: Skipping signal changes during tests 
2026-02-09 11:18:22,407 1 INFO betopiaerp werkzeug: 127.0.0.1 - - [09/Feb/2026 11:18:22] "POST /web/dataset/call_kw#res.users.identitycheck.run_check HTTP/1.1" 200 - 19 0.004 0.007
2026-02-09 11:18:22,430 1 INFO betopiaerp werkzeug: 127.0.0.1 - - [09/Feb/2026 11:18:22] "POST /web/dataset/call_kw#res.users.identitycheck.run_check HTTP/1.1" 200 - 4 0.001 0.019
2026-02-09 11:18:22,433 1 INFO betopiaerp betopiaerp.tests.common: Skipping signal changes during tests 
2026-02-09 11:18:22,434 1 INFO betopiaerp werkzeug: 127.0.0.1 - - [09/Feb/2026 11:18:22] "POST /auth/passkey/start-auth HTTP/1.1" 200 - 0 0.000 0.002
2026-02-09 11:18:22,448 1 INFO betopiaerp werkzeug: 127.0.0.1 - - [09/Feb/2026 11:18:22] "POST /web/dataset/call_kw#res.users.identitycheck.run_check HTTP/1.1" 200 - 4 0.000 0.012
2026-02-09 11:18:22,452 1 INFO betopiaerp betopiaerp.tests.common: Skipping signal changes during tests 
2026-02-09 11:18:22,452 1 INFO betopiaerp werkzeug: 127.0.0.1 - - [09/Feb/2026 11:18:22] "POST /auth/passkey/start-auth HTTP/1.1" 200 - 0 0.000 0.002
2026-02-09 11:18:22,464 1 INFO betopiaerp werkzeug: 127.0.0.1 - - [09/Feb/2026 11:18:22] "POST /web/dataset/call_kw#res.users.identitycheck.run_check HTTP/1.1" 200 - 4 0.001 0.010
2026-02-09 11:18:22,468 1 INFO betopiaerp betopiaerp.addons.base.models.res_users: Login successful for login:admin from n/a 
2026-02-09 11:18:22,473 1 INFO betopiaerp betopiaerp.tests.common: Skipping signal changes during tests 
2026-02-09 11:18:22,473 1 INFO betopiaerp werkzeug: 127.0.0.1 - - [09/Feb/2026 11:18:22] "POST /web/dataset/call_kw#res.users.api_key_wizard HTTP/1.1" 200 - 3 0.000 0.002
2026-02-09 11:18:22,476 1 INFO betopiaerp betopiaerp.tests.common: Skipping signal changes during tests 
2026-02-09 11:18:22,476 1 INFO betopiaerp werkzeug: 127.0.0.1 - - [09/Feb/2026 11:18:22] "POST /auth/passkey/start-auth HTTP/1.1" 200 - 0 0.000 0.001
2026-02-09 11:18:22,481 1 INFO betopiaerp betopiaerp.tests.common: Skipping signal changes during tests 
2026-02-09 11:18:22,482 1 INFO betopiaerp werkzeug: 127.0.0.1 - - [09/Feb/2026 11:18:22] "POST /web/dataset/call_kw#res.users.identitycheck.run_check HTTP/1.1" 200 - 6 0.001 0.003
2026-02-09 11:18:22,495 1 INFO betopiaerp werkzeug: 127.0.0.1 - - [09/Feb/2026 11:18:22] "POST /web/dataset/call_kw#res.users.identitycheck.run_check HTTP/1.1" 200 - 4 0.000 0.010
2026-02-09 11:18:22,498 1 INFO betopiaerp betopiaerp.tests.common: Skipping signal changes during tests 
2026-02-09 11:18:22,499 1 INFO betopiaerp werkzeug: 127.0.0.1 - - [09/Feb/2026 11:18:22] "POST /auth/passkey/start-auth HTTP/1.1" 200 - 0 0.000 0.002
2026-02-09 11:18:22,510 1 INFO betopiaerp werkzeug: 127.0.0.1 - - [09/Feb/2026 11:18:22] "POST /web/dataset/call_kw#res.users.identitycheck.run_check HTTP/1.1" 200 - 4 0.001 0.009
2026-02-09 11:18:22,514 1 INFO betopiaerp betopiaerp.tests.common: Skipping signal changes during tests 
2026-02-09 11:18:22,514 1 INFO betopiaerp werkzeug: 127.0.0.1 - - [09/Feb/2026 11:18:22] "POST /auth/passkey/start-auth HTTP/1.1" 200 - 0 0.000 0.002
2026-02-09 11:18:22,525 1 INFO betopiaerp werkzeug: 127.0.0.1 - - [09/Feb/2026 11:18:22] "POST /web/dataset/call_kw#res.users.identitycheck.run_check HTTP/1.1" 200 - 4 0.001 0.009
2026-02-09 11:18:22,530 1 INFO betopiaerp betopiaerp.addons.base.models.res_users: Login successful for login:demo from n/a 
2026-02-09 11:18:22,537 1 INFO betopiaerp betopiaerp.tests.common: Skipping signal changes during tests 
2026-02-09 11:18:22,537 1 INFO betopiaerp werkzeug: 127.0.0.1 - - [09/Feb/2026 11:18:22] "POST /web/dataset/call_kw#res.users.api_key_wizard HTTP/1.1" 200 - 6 0.001 0.003
2026-02-09 11:18:22,541 1 INFO betopiaerp betopiaerp.tests.common: Skipping signal changes during tests 
2026-02-09 11:18:22,541 1 INFO betopiaerp werkzeug: 127.0.0.1 - - [09/Feb/2026 11:18:22] "POST /auth/passkey/start-auth HTTP/1.1" 200 - 2 0.000 0.002
2026-02-09 11:18:22,550 1 INFO betopiaerp betopiaerp.tests.common: Skipping signal changes during tests 
2026-02-09 11:18:22,551 1 INFO betopiaerp werkzeug: 127.0.0.1 - - [09/Feb/2026 11:18:22] "POST /web/dataset/call_kw#res.users.identitycheck.run_check HTTP/1.1" 200 - 13 0.003 0.005
2026-02-09 11:18:22,565 1 INFO betopiaerp werkzeug: 127.0.0.1 - - [09/Feb/2026 11:18:22] "POST /web/dataset/call_kw#res.users.identitycheck.run_check HTTP/1.1" 200 - 4 0.001 0.010
2026-02-09 11:18:22,568 1 INFO betopiaerp betopiaerp.tests.common: Skipping signal changes during tests 
2026-02-09 11:18:22,569 1 INFO betopiaerp werkzeug: 127.0.0.1 - - [09/Feb/2026 11:18:22] "POST /auth/passkey/start-auth HTTP/1.1" 200 - 0 0.000 0.002
2026-02-09 11:18:22,574 1 INFO betopiaerp betopiaerp.tests.common: Skipping signal changes during tests 
2026-02-09 11:18:22,574 1 INFO betopiaerp werkzeug: 127.0.0.1 - - [09/Feb/2026 11:18:22] "POST /web/dataset/call_kw#res.users.identitycheck.run_check HTTP/1.1" 200 - 6 0.001 0.003
2026-02-09 11:18:22,578 1 INFO betopiaerp betopiaerp.tests.common: Skipping signal changes during tests 
2026-02-09 11:18:22,578 1 INFO betopiaerp werkzeug: 127.0.0.1 - - [09/Feb/2026 11:18:22] "POST /auth/passkey/start-auth HTTP/1.1" 200 - 0 0.000 0.001
2026-02-09 11:18:22,591 1 INFO betopiaerp werkzeug: 127.0.0.1 - - [09/Feb/2026 11:18:22] "POST /web/dataset/call_kw#res.users.identitycheck.run_check HTTP/1.1" 200 - 4 0.000 0.011
2026-02-09 11:18:22,593 1 INFO betopiaerp betopiaerp.addons.auth_passkey.tests.test_passkey_demo: Starting PasskeyTest.test_check_user_verification ... 
2026-02-09 11:18:22,596 1 INFO betopiaerp betopiaerp.addons.base.models.ir_http: Generating routing map for key None 
2026-02-09 11:18:26,632 1 INFO betopiaerp betopiaerp.tests.common: Skipping signal changes during tests 
2026-02-09 11:18:26,633 1 INFO betopiaerp werkzeug: 127.0.0.1 - - [09/Feb/2026 11:18:26] "GET /web/login HTTP/1.1" 200 - 53 0.011 4.026
2026-02-09 11:18:26,638 1 INFO betopiaerp betopiaerp.tests.common: Skipping signal changes during tests 
2026-02-09 11:18:26,638 1 INFO betopiaerp werkzeug: 127.0.0.1 - - [09/Feb/2026 11:18:26] "POST /auth/passkey/start-auth HTTP/1.1" 200 - 2 0.000 0.002
2026-02-09 11:18:26,643 1 INFO betopiaerp betopiaerp.addons.base.models.res_users: Login failed for login:demo from 127.0.0.1 
2026-02-09 11:18:26,645 1 INFO betopiaerp betopiaerp.tests.common: Skipping signal changes during tests 
2026-02-09 11:18:26,646 1 INFO betopiaerp werkzeug: 127.0.0.1 - - [09/Feb/2026 11:18:26] "POST /web/login HTTP/1.1" 200 - 9 0.001 0.004
2026-02-09 11:18:26,650 1 INFO betopiaerp betopiaerp.tests.common: Skipping signal changes during tests 
2026-02-09 11:18:26,651 1 INFO betopiaerp werkzeug: 127.0.0.1 - - [09/Feb/2026 11:18:26] "GET /web/login HTTP/1.1" 200 - 2 0.000 0.002
2026-02-09 11:18:26,654 1 INFO betopiaerp betopiaerp.tests.common: Skipping signal changes during tests 
2026-02-09 11:18:26,654 1 INFO betopiaerp werkzeug: 127.0.0.1 - - [09/Feb/2026 11:18:26] "POST /auth/passkey/start-auth HTTP/1.1" 200 - 1 0.000 0.002
2026-02-09 11:18:26,660 1 INFO betopiaerp betopiaerp.addons.base.models.res_users: Login successful for login:demo from 127.0.0.1 
2026-02-09 11:18:26,664 1 INFO betopiaerp betopiaerp.tests.common: Skipping signal changes during tests 
2026-02-09 11:18:26,664 1 INFO betopiaerp werkzeug: 127.0.0.1 - - [09/Feb/2026 11:18:26] "POST /web/login HTTP/1.1" 303 - 14 0.003 0.006
2026-02-09 11:18:26,667 1 INFO betopiaerp betopiaerp.addons.base.models.res_device: User 1231 inserts device log (MPwHAnFFZQ3pzCk6rFciFBv5IK_Q-9YbUSX4Bm69T1) 
2026-02-09 11:18:36,768 1 INFO betopiaerp betopiaerp.tests.common: Skipping signal changes during tests 
2026-02-09 11:18:36,768 1 INFO betopiaerp werkzeug: 127.0.0.1 - - [09/Feb/2026 11:18:36] "GET /BetopiaERP HTTP/1.1" 200 - 43 0.011 10.091
2026-02-09 11:18:36,770 1 INFO betopiaerp betopiaerp.addons.auth_passkey.tests.test_passkey_demo: Starting PasskeyTest.test_registration ... 
2026-02-09 11:18:36,773 1 INFO betopiaerp betopiaerp.addons.auth_passkey.models.auth_passkey_key: Passkey (#47) deleted by __system__ (#1) from n/a 
2026-02-09 11:18:36,773 1 INFO betopiaerp betopiaerp.addons.auth_passkey.models.auth_passkey_key: Passkey (#46) deleted by __system__ (#1) from n/a 
2026-02-09 11:18:36,776 1 INFO betopiaerp betopiaerp.models.unlink: User #1 deleted auth.passkey.key records with IDs: [47, 46] 
2026-02-09 11:18:36,779 1 INFO betopiaerp betopiaerp.addons.base.models.res_users: Login successful for login:admin from n/a 
2026-02-09 11:18:36,784 1 INFO betopiaerp betopiaerp.addons.base.models.ir_http: Generating routing map for key None 
2026-02-09 11:18:36,791 1 INFO betopiaerp betopiaerp.tests.common: Skipping signal changes during tests 
2026-02-09 11:18:36,791 1 INFO betopiaerp werkzeug: 127.0.0.1 - - [09/Feb/2026 11:18:36] "POST /web/dataset/call_kw#res.users.action_create_passkey HTTP/1.1" 200 - 6 0.001 0.007
2026-02-09 11:18:37,105 1 INFO betopiaerp betopiaerp.tests.common: Skipping signal changes during tests 
2026-02-09 11:18:37,106 1 INFO betopiaerp werkzeug: 127.0.0.1 - - [09/Feb/2026 11:18:37] "POST /web/dataset/call_kw#res.users.identitycheck.run_check HTTP/1.1" 200 - 20 0.005 0.308
2026-02-09 11:18:37,114 1 INFO betopiaerp betopiaerp.tests.common: Skipping signal changes during tests 
2026-02-09 11:18:37,115 1 INFO betopiaerp werkzeug: 127.0.0.1 - - [09/Feb/2026 11:18:37] "POST /web/dataset/call_kw#auth.passkey.key.create.create HTTP/1.1" 200 - 10 0.002 0.004
2026-02-09 11:18:37,125 1 INFO betopiaerp betopiaerp.addons.auth_passkey.models.auth_passkey_key: Passkey (#50) created by admin (#2) from 127.0.0.1 
2026-02-09 11:18:37,127 1 INFO betopiaerp betopiaerp.tests.common: Skipping signal changes during tests 
2026-02-09 11:18:37,127 1 INFO betopiaerp werkzeug: 127.0.0.1 - - [09/Feb/2026 11:18:37] "POST /web/dataset/call_kw#auth.passkey.key.create.make_key HTTP/1.1" 200 - 13 0.004 0.007
2026-02-09 11:18:37,159 1 INFO betopiaerp betopiaerp.addons.base.models.ir_attachment: filestore gc 1 checked, 1 removed 
2026-02-09 11:18:37,160 1 INFO betopiaerp betopiaerp.modules.loading: Module auth_passkey loaded in 29.66s (incl. 29.07s test), 219 queries (+699 test, +219 other) 
2026-02-09 11:18:37,161 1 INFO betopiaerp betopiaerp.modules.loading: Loading module html_editor (12/14) 
2026-02-09 11:18:38,025 1 INFO betopiaerp betopiaerp.registry: module html_editor: creating or updating database tables 
2026-02-09 11:18:38,377 1 INFO betopiaerp betopiaerp.modules.loading: loading html_editor/security/ir.model.access.csv 
2026-02-09 11:18:38,475 1 INFO betopiaerp betopiaerp.addons.html_editor.tests.test_converter: Starting TestHTMLToText.test_br ... 
2026-02-09 11:18:38,476 1 INFO betopiaerp betopiaerp.addons.html_editor.tests.test_converter: Starting TestHTMLToText.test_div ... 
2026-02-09 11:18:38,477 1 INFO betopiaerp betopiaerp.addons.html_editor.tests.test_converter: Starting TestHTMLToText.test_inline ... 
2026-02-09 11:18:38,477 1 INFO betopiaerp betopiaerp.addons.html_editor.tests.test_converter: Starting TestHTMLToText.test_other_block ... 
2026-02-09 11:18:38,478 1 INFO betopiaerp betopiaerp.addons.html_editor.tests.test_converter: Starting TestHTMLToText.test_p ... 
2026-02-09 11:18:38,478 1 INFO betopiaerp betopiaerp.addons.html_editor.tests.test_converter: Starting TestHTMLToText.test_rawstring ... 
2026-02-09 11:18:38,478 1 INFO betopiaerp betopiaerp.addons.html_editor.tests.test_converter: Starting TestHTMLToText.test_whitespace ... 
2026-02-09 11:18:38,480 1 INFO betopiaerp betopiaerp.addons.html_editor.tests.test_converter: Starting TestConvertBack.test_char ... 
2026-02-09 11:18:38,486 1 INFO betopiaerp betopiaerp.addons.html_editor.tests.test_converter: Starting TestConvertBack.test_float ... 
2026-02-09 11:18:38,494 1 INFO betopiaerp betopiaerp.addons.html_editor.tests.test_converter: Starting TestConvertBack.test_integer ... 
2026-02-09 11:18:38,500 1 INFO betopiaerp betopiaerp.addons.html_editor.tests.test_converter: Starting TestConvertBack.test_m2o ... 
2026-02-09 11:18:38,505 1 INFO betopiaerp betopiaerp.addons.html_editor.tests.test_converter: Starting TestConvertBack.test_numeric ... 
2026-02-09 11:18:38,510 1 INFO betopiaerp betopiaerp.addons.html_editor.tests.test_converter: Starting TestConvertBack.test_selection_str ... 
2026-02-09 11:18:38,513 1 INFO betopiaerp betopiaerp.addons.html_editor.tests.test_converter: Starting TestConvertBack.test_text ... 
2026-02-09 11:18:38,536 1 INFO betopiaerp betopiaerp.addons.base.models.ir_attachment: filestore gc 0 checked, 0 removed 
2026-02-09 11:18:38,538 1 INFO betopiaerp betopiaerp.addons.html_editor.tests.test_views: Starting TestViews.test_find_available_name ... 
2026-02-09 11:18:38,547 1 INFO betopiaerp betopiaerp.addons.html_editor.tests.test_views: Starting TestViews.test_infinite_inherit_loop ... 
2026-02-09 11:18:38,554 1 INFO betopiaerp betopiaerp.addons.html_editor.tests.test_views: Starting TestViews.test_oe_structure_as_inherited_view ... 
2026-02-09 11:18:38,584 1 INFO betopiaerp betopiaerp.addons.base.models.ir_attachment: filestore gc 0 checked, 0 removed 
2026-02-09 11:18:38,585 1 INFO betopiaerp betopiaerp.modules.loading: Module html_editor loaded in 1.42s (incl. 0.11s test), 1004 queries (+106 test, +1004 other) 
2026-02-09 11:18:38,585 1 INFO betopiaerp betopiaerp.modules.loading: Loading module iap (13/14) 
2026-02-09 11:18:38,589 1 INFO betopiaerp betopiaerp.registry: module iap: creating or updating database tables 
2026-02-09 11:18:38,611 1 INFO betopiaerp betopiaerp.modules.loading: loading iap/data/services.xml 
2026-02-09 11:18:38,620 1 INFO betopiaerp betopiaerp.modules.loading: loading iap/security/ir.model.access.csv 
2026-02-09 11:18:38,629 1 INFO betopiaerp betopiaerp.modules.loading: loading iap/security/ir_rule.xml 
2026-02-09 11:18:38,637 1 INFO betopiaerp betopiaerp.modules.loading: loading iap/views/iap_views.xml 
2026-02-09 11:18:38,664 1 INFO betopiaerp betopiaerp.modules.loading: loading iap/views/res_config_settings.xml 
2026-02-09 11:18:38,764 1 INFO betopiaerp betopiaerp.addons.iap.tests.test_iap: Starting TestIAP.test_get_iap_account ... 
2026-02-09 11:18:38,777 1 INFO betopiaerp betopiaerp.models: Access Denied by ACLs for operation: read, uid: 1232, model: iap.account, field: account_token 
2026-02-09 11:18:38,806 1 INFO betopiaerp betopiaerp.addons.base.models.ir_attachment: filestore gc 1 checked, 1 removed 
2026-02-09 11:18:38,807 1 INFO betopiaerp betopiaerp.modules.loading: Module iap loaded in 0.22s (incl. 0.07s test), 158 queries (+103 test, +158 other) 
2026-02-09 11:18:38,807 1 INFO betopiaerp betopiaerp.modules.loading: Loading module web_unsplash (14/14) 
2026-02-09 11:18:38,877 1 INFO betopiaerp betopiaerp.registry: module web_unsplash: creating or updating database tables 
2026-02-09 11:18:38,911 1 INFO betopiaerp betopiaerp.modules.loading: loading web_unsplash/views/res_config_settings_view.xml 
2026-02-09 11:18:38,949 1 INFO betopiaerp betopiaerp.modules.loading: Module web_unsplash loaded in 0.14s, 111 queries (+111 other) 
2026-02-09 11:18:38,949 1 INFO betopiaerp betopiaerp.modules.loading: 14 modules loaded in 80.07s, 4745 queries (+9174 extra) 
2026-02-09 11:18:39,125 1 INFO betopiaerp betopiaerp.modules.loading: Modules loaded. 
2026-02-09 11:18:39,129 1 INFO betopiaerp betopiaerp.registry: Registry changed, signaling through the database 
2026-02-09 11:18:39,131 1 INFO betopiaerp betopiaerp.registry: Registry loaded in 217.397s 
2026-02-09 11:18:39,131 1 INFO betopiaerp betopiaerp.service.server: Starting post tests 
2026-02-09 11:18:39,167 1 INFO betopiaerp betopiaerp.addons.base.models.ir_qweb: Pregenerating assets bundles 
2026-02-09 11:19:05,415 1 INFO betopiaerp betopiaerp.addons.base.models.ir_qweb: JS Assets bundles generated in 26.245378255844116 seconds 
2026-02-09 11:19:22,873 1 INFO betopiaerp betopiaerp.addons.base.models.assetsbundle: Generating a new asset bundle attachment /web/assets/0958049/web.report_assets_common.min.css (id:6262) 
2026-02-09 11:19:22,875 1 INFO betopiaerp betopiaerp.addons.base.models.assetsbundle: Deleting attachments [5247] (matching /web/assets/_______/web.report_assets_common.min.css) because it was replaced with /web/assets/0958049/web.report_assets_common.min.css 
2026-02-09 11:19:22,878 1 INFO betopiaerp betopiaerp.addons.base.models.ir_qweb: CSS Assets bundles generated in 17.46289348602295 seconds 
2026-02-09 11:19:22,881 1 INFO betopiaerp betopiaerp.addons.base.tests.test_cloc: Starting TestClocStdNoCusto.test_no_custo_install ... 
2026-02-09 11:19:22,888 1 INFO betopiaerp betopiaerp.addons.base.models.ir_attachment: filestore gc 1 checked, 0 removed 
2026-02-09 11:19:22,889 1 INFO betopiaerp betopiaerp.addons.base.tests.test_deprecation: Starting TestModelDeprecations.test_model_attributes ... 
2026-02-09 11:19:22,892 1 INFO betopiaerp betopiaerp.addons.base.tests.test_deprecation: Starting TestModelDeprecations.test_name_get ... 
2026-02-09 11:19:22,895 1 INFO betopiaerp betopiaerp.addons.base.models.ir_attachment: filestore gc 0 checked, 0 removed 
2026-02-09 11:19:22,896 1 INFO betopiaerp betopiaerp.addons.base.tests.test_display_name: Starting TestEveryModel.test_computed_fields_without_dependencies ... 
2026-02-09 11:19:22,952 1 INFO betopiaerp betopiaerp.addons.base.tests.test_display_name: Starting TestEveryModel.test_display_name_new_record ... 
2026-02-09 11:19:23,044 1 INFO betopiaerp betopiaerp.addons.base.tests.test_display_name: Starting TestEveryModel.test_form_new_record ... 
2026-02-09 11:19:23,526 1 INFO betopiaerp betopiaerp.addons.base.models.ir_attachment: filestore gc 0 checked, 0 removed 
2026-02-09 11:19:23,527 1 INFO betopiaerp betopiaerp.addons.base.tests.test_form_create: Starting TestFormCreate.test_create_res_bank ... 
2026-02-09 11:19:23,537 1 INFO betopiaerp betopiaerp.addons.base.tests.test_form_create: Starting TestFormCreate.test_create_res_company ... 
2026-02-09 11:19:23,641 1 INFO betopiaerp betopiaerp.addons.base.tests.test_form_create: Starting TestFormCreate.test_create_res_country ... 
2026-02-09 11:19:23,656 1 INFO betopiaerp betopiaerp.addons.base.tests.test_form_create: Starting TestFormCreate.test_create_res_group ... 
2026-02-09 11:19:23,692 1 INFO betopiaerp betopiaerp.addons.base.tests.test_form_create: Starting TestFormCreate.test_create_res_lang ... 
2026-02-09 11:19:23,706 1 INFO betopiaerp betopiaerp.addons.base.tests.test_form_create: Starting TestFormCreate.test_create_res_partner ... 
2026-02-09 11:19:23,741 1 INFO betopiaerp betopiaerp.addons.base.tests.test_form_create: Starting TestFormCreate.test_create_res_users ... 
2026-02-09 11:19:23,788 1 INFO betopiaerp betopiaerp.addons.base.models.ir_attachment: filestore gc 1 checked, 1 removed 
2026-02-09 11:19:23,791 1 INFO betopiaerp betopiaerp.addons.base.tests.test_http_case: Starting TestHttpCase.test_console_error_object ... 
2026-02-09 11:19:23,806 1 INFO betopiaerp betopiaerp.addons.base.tests.test_http_case: skipped TestHttpCase.test_console_error_object : websocket-client module is not installed 
2026-02-09 11:19:23,806 1 INFO betopiaerp betopiaerp.addons.base.tests.test_http_case: Starting TestHttpCase.test_console_error_string ... 
2026-02-09 11:19:23,817 1 INFO betopiaerp betopiaerp.addons.base.tests.test_http_case: skipped TestHttpCase.test_console_error_string : websocket-client module is not installed 
2026-02-09 11:19:23,818 1 INFO betopiaerp betopiaerp.addons.base.tests.test_http_case: Starting TestHttpCase.test_console_log_object ... 
2026-02-09 11:19:23,828 1 INFO betopiaerp betopiaerp.addons.base.tests.test_http_case: skipped TestHttpCase.test_console_log_object : websocket-client module is not installed 
2026-02-09 11:19:23,830 1 INFO betopiaerp betopiaerp.addons.base.models.ir_attachment: filestore gc 0 checked, 0 removed 
2026-02-09 11:19:23,833 1 INFO betopiaerp betopiaerp.addons.base.tests.test_http_case: Starting TestRunbotLog.test_runbot_js_log ... 
2026-02-09 11:19:23,844 1 INFO betopiaerp betopiaerp.addons.base.tests.test_http_case: skipped TestRunbotLog.test_runbot_js_log : websocket-client module is not installed 
2026-02-09 11:19:23,846 1 INFO betopiaerp betopiaerp.addons.base.models.ir_attachment: filestore gc 0 checked, 0 removed 
2026-02-09 11:19:23,848 1 INFO betopiaerp betopiaerp.addons.base.tests.test_http_case: Starting TestChromeBrowser.test_screencasts ... 
2026-02-09 11:19:23,848 1 WARNING betopiaerp betopiaerp.addons.base.tests.test_http_case.TestChromeBrowser.test_screencasts: websocket-client module is not installed 
2026-02-09 11:19:23,849 1 INFO betopiaerp betopiaerp.addons.base.tests.test_http_case: skipped TestChromeBrowser.test_screencasts : websocket-client module is not installed 
2026-02-09 11:19:23,850 1 INFO betopiaerp betopiaerp.addons.base.models.ir_attachment: filestore gc 0 checked, 0 removed 
2026-02-09 11:19:23,852 1 INFO betopiaerp betopiaerp.addons.base.tests.test_http_case: Starting TestChromeBrowserOddDimensions.test_screencasts ... 
2026-02-09 11:19:23,853 1 WARNING betopiaerp betopiaerp.addons.base.tests.test_http_case.TestChromeBrowserOddDimensions.test_screencasts: websocket-client module is not installed 
2026-02-09 11:19:23,853 1 INFO betopiaerp betopiaerp.addons.base.tests.test_http_case: skipped TestChromeBrowserOddDimensions.test_screencasts : websocket-client module is not installed 
2026-02-09 11:19:23,855 1 INFO betopiaerp betopiaerp.addons.base.models.ir_attachment: filestore gc 0 checked, 0 removed 
2026-02-09 11:19:23,856 1 INFO betopiaerp betopiaerp.addons.base.tests.test_import_files: Starting TestImportFiles.test_import_contacts_template_xls ... 
2026-02-09 11:19:23,856 1 INFO betopiaerp betopiaerp.addons.base.tests.test_import_files: skipped TestImportFiles.test_import_contacts_template_xls : Needs demo data to be able to import those files 
2026-02-09 11:19:23,858 1 INFO betopiaerp betopiaerp.addons.base.models.ir_attachment: filestore gc 0 checked, 0 removed 
2026-02-09 11:19:23,858 1 INFO betopiaerp betopiaerp.addons.base.tests.test_ir_actions: Starting TestCustomFieldsPostInstall.test_add_field_valid ... 
2026-02-09 11:19:23,898 1 INFO betopiaerp betopiaerp.registry: Invalidating all model caches from _callCleanup /opt/betopiaerp/betopiaerp/tests/case.py:190 
2026-02-09 11:19:23,920 1 INFO betopiaerp betopiaerp.addons.base.models.ir_attachment: filestore gc 0 checked, 0 removed 
2026-02-09 11:19:23,921 1 INFO betopiaerp betopiaerp.addons.base.tests.test_ir_asset: Starting TestAsset.test_asset_tag ... 
2026-02-09 11:19:23,957 1 INFO betopiaerp betopiaerp.addons.base.models.ir_attachment: filestore gc 0 checked, 0 removed 
2026-02-09 11:19:23,958 1 INFO betopiaerp betopiaerp.addons.base.tests.test_ir_filters: Starting TestAllFilters.test_filters ... 
2026-02-09 11:19:23,961 1 INFO betopiaerp betopiaerp.addons.base.models.ir_attachment: filestore gc 0 checked, 0 removed 
2026-02-09 11:19:23,962 1 INFO betopiaerp betopiaerp.addons.base.tests.test_ir_http: Starting TestIrHttpPerformances.test_routing_map_performance ... 
2026-02-09 11:19:23,963 1 INFO betopiaerp betopiaerp.addons.base.models.ir_http: Generating routing map for key None 
2026-02-09 11:19:23,973 1 INFO betopiaerp betopiaerp.addons.base.tests.test_ir_http: Routing map web generated in 0.009s 
2026-02-09 11:19:23,973 1 INFO betopiaerp betopiaerp.addons.base.models.ir_http: Generating routing map for key 1 
2026-02-09 11:19:23,979 1 INFO betopiaerp betopiaerp.addons.base.tests.test_ir_http: Routing map website1 generated in 0.006s 
2026-02-09 11:19:23,981 1 INFO betopiaerp betopiaerp.addons.base.models.ir_attachment: filestore gc 0 checked, 0 removed 
2026-02-09 11:19:23,982 1 INFO betopiaerp betopiaerp.addons.base.tests.test_ir_model: Starting TestIrModelEdition.test_delete_manual_models_with_base_fields ... 
2026-02-09 11:19:24,061 1 INFO betopiaerp betopiaerp.models.unlink: User #1 deleted ir.model records with IDs: [292, 294] 
2026-02-09 11:19:24,114 1 INFO betopiaerp betopiaerp.addons.base.tests.test_ir_model: Starting TestIrModelEdition.test_ir_model_fields_name_create ... 
2026-02-09 11:19:24,144 1 INFO betopiaerp betopiaerp.addons.base.tests.test_ir_model: Starting TestIrModelEdition.test_new_ir_model_fields_related ... 
2026-02-09 11:19:24,218 1 INFO betopiaerp betopiaerp.addons.base.models.ir_attachment: filestore gc 0 checked, 0 removed 
2026-02-09 11:19:24,222 1 INFO betopiaerp betopiaerp.addons.base.tests.test_ir_model: Starting TestIrModelFieldsTranslation.test_ir_model_fields_translation ... 
2026-02-09 11:19:24,241 1 WARNING betopiaerp betopiaerp.addons.base.tests.test_ir_model.TestIrModelFieldsTranslation.test_ir_model_fields_translation: websocket-client module is not installed 
2026-02-09 11:19:24,241 1 INFO betopiaerp betopiaerp.addons.base.tests.test_ir_model: skipped TestIrModelFieldsTranslation.test_ir_model_fields_translation : websocket-client module is not installed 
2026-02-09 11:19:24,243 1 INFO betopiaerp betopiaerp.addons.base.models.ir_attachment: filestore gc 0 checked, 0 removed 
2026-02-09 11:19:24,244 1 INFO betopiaerp betopiaerp.addons.base.tests.test_neutralize: Starting TestNeutralize.test_10_neutralize ... 
2026-02-09 11:19:24,258 1 INFO betopiaerp betopiaerp.addons.base.models.ir_attachment: filestore gc 0 checked, 0 removed 
2026-02-09 11:19:24,259 1 INFO betopiaerp betopiaerp.addons.base.tests.test_orm: Starting TestCompanyDependent.test_orm_ondelete_restrict ... 
2026-02-09 11:19:24,261 1 INFO betopiaerp betopiaerp.addons.base.models.ir_attachment: filestore gc 0 checked, 0 removed 
2026-02-09 11:19:24,262 1 INFO betopiaerp betopiaerp.tests.common: Auto retry disabled for test_invalidation (betopiaerp.addons.base.tests.test_ormcache.TestOrmCache.test_invalidation) 
2026-02-09 11:19:24,262 1 INFO betopiaerp betopiaerp.addons.base.tests.test_ormcache: Starting TestOrmCache.test_invalidation ... 
2026-02-09 11:19:24,263 1 INFO betopiaerp betopiaerp.tests.common: Auto retry disabled for test_invalidation_thread_local (betopiaerp.addons.base.tests.test_ormcache.TestOrmCache.test_invalidation_thread_local) 
2026-02-09 11:19:24,263 1 INFO betopiaerp betopiaerp.addons.base.tests.test_ormcache: Starting TestOrmCache.test_invalidation_thread_local ... 
2026-02-09 11:19:24,264 1 INFO betopiaerp betopiaerp.tests.common: Auto retry disabled for test_ormcache (betopiaerp.addons.base.tests.test_ormcache.TestOrmCache.test_ormcache) 
2026-02-09 11:19:24,265 1 INFO betopiaerp betopiaerp.addons.base.tests.test_ormcache: Starting TestOrmCache.test_ormcache ... 
2026-02-09 11:19:24,266 1 INFO betopiaerp betopiaerp.tests.common: Auto retry disabled for test_signaling_01_multiple (betopiaerp.addons.base.tests.test_ormcache.TestOrmCache.test_signaling_01_multiple) 
2026-02-09 11:19:24,267 1 INFO betopiaerp betopiaerp.addons.base.tests.test_ormcache: Starting TestOrmCache.test_signaling_01_multiple ... 
2026-02-09 11:19:24,273 1 INFO betopiaerp betopiaerp.tests.common: Auto retry disabled for test_signaling_01_single (betopiaerp.addons.base.tests.test_ormcache.TestOrmCache.test_signaling_01_single) 
2026-02-09 11:19:24,273 1 INFO betopiaerp betopiaerp.addons.base.tests.test_ormcache: Starting TestOrmCache.test_signaling_01_single ... 
2026-02-09 11:19:24,276 1 INFO betopiaerp betopiaerp.tests.common: Auto retry disabled for test_signaling_gc (betopiaerp.addons.base.tests.test_ormcache.TestOrmCache.test_signaling_gc) 
2026-02-09 11:19:24,277 1 INFO betopiaerp betopiaerp.addons.base.tests.test_ormcache: Starting TestOrmCache.test_signaling_gc ... 
2026-02-09 11:19:24,284 1 INFO betopiaerp betopiaerp.addons.base.models.ir_attachment: filestore gc 0 checked, 0 removed 
2026-02-09 11:19:24,285 1 INFO betopiaerp betopiaerp.addons.base.tests.test_overrides: Starting TestOverrides.test_creates ... 
2026-02-09 11:19:24,291 1 INFO betopiaerp betopiaerp.addons.base.tests.test_overrides: Starting TestOverrides.test_default_get ... 
2026-02-09 11:19:24,314 1 INFO betopiaerp betopiaerp.addons.base.tests.test_overrides: Starting TestOverrides.test_unlink ... 
2026-02-09 11:19:24,339 1 INFO betopiaerp betopiaerp.addons.base.tests.test_overrides: Starting TestOverrides.test_writes ... 
2026-02-09 11:19:24,360 1 INFO betopiaerp betopiaerp.addons.base.models.ir_attachment: filestore gc 0 checked, 0 removed 
2026-02-09 11:19:24,364 1 INFO betopiaerp betopiaerp.addons.base.tests.test_profiler: Starting TestProfileAccess.test_admin_has_access ... 
2026-02-09 11:19:24,365 1 INFO betopiaerp betopiaerp.addons.base.tests.test_profiler: Starting TestProfileAccess.test_user_no_access ... 
2026-02-09 11:19:24,400 1 INFO betopiaerp betopiaerp.addons.base.models.ir_model: Access Denied by ACLs for operation: read, uid: 1234, model: ir.profile 
2026-02-09 11:19:24,404 1 INFO betopiaerp betopiaerp.addons.base.models.ir_model: Access Denied by ACLs for operation: read, uid: 1234, model: ir.profile 
2026-02-09 11:19:24,407 1 INFO betopiaerp betopiaerp.addons.base.models.ir_attachment: filestore gc 1 checked, 1 removed 
2026-02-09 11:19:24,407 1 INFO betopiaerp betopiaerp.addons.base.tests.test_profiler: Starting TestSpeedscope.test_convert_empty ... 
2026-02-09 11:19:24,408 1 INFO betopiaerp betopiaerp.addons.base.tests.test_profiler: Starting TestSpeedscope.test_converts_context ... 
2026-02-09 11:19:24,408 1 INFO betopiaerp betopiaerp.addons.base.tests.test_profiler: Starting TestSpeedscope.test_converts_context_lower ... 
2026-02-09 11:19:24,409 1 INFO betopiaerp betopiaerp.addons.base.tests.test_profiler: Starting TestSpeedscope.test_converts_context_nested ... 
2026-02-09 11:19:24,409 1 INFO betopiaerp betopiaerp.addons.base.tests.test_profiler: Starting TestSpeedscope.test_converts_init_stack_trace ... 
2026-02-09 11:19:24,409 1 INFO betopiaerp betopiaerp.addons.base.tests.test_profiler: Starting TestSpeedscope.test_converts_no_context ... 
2026-02-09 11:19:24,409 1 INFO betopiaerp betopiaerp.addons.base.tests.test_profiler: Starting TestSpeedscope.test_converts_profile_no_end ... 
2026-02-09 11:19:24,410 1 INFO betopiaerp betopiaerp.addons.base.tests.test_profiler: Starting TestSpeedscope.test_converts_profile_simple ... 
2026-02-09 11:19:24,410 1 INFO betopiaerp betopiaerp.addons.base.tests.test_profiler: Starting TestSpeedscope.test_end_priority ... 
2026-02-09 11:19:24,410 1 INFO betopiaerp betopiaerp.addons.base.tests.test_profiler: Starting TestSpeedscope.test_following_queries_dont_merge ... 
2026-02-09 11:19:24,411 1 INFO betopiaerp betopiaerp.addons.base.tests.test_profiler: Starting TestProfiling.test_default_recorders ... 
2026-02-09 11:19:24,478 1 INFO betopiaerp betopiaerp.addons.base.tests.test_profiler: Starting TestProfiling.test_default_values ... 
2026-02-09 11:19:24,479 1 INFO betopiaerp betopiaerp.addons.base.tests.test_profiler: Starting TestProfiling.test_env_profiler_database ... 
2026-02-09 11:19:24,480 1 INFO betopiaerp betopiaerp.addons.base.tests.test_profiler: Starting TestProfiling.test_env_profiler_description ... 
2026-02-09 11:19:24,494 1 INFO betopiaerp betopiaerp.addons.base.tests.test_profiler: Starting TestProfiling.test_execution_context_nested ... 
2026-02-09 11:19:24,509 1 INFO betopiaerp betopiaerp.addons.base.tests.test_profiler: Starting TestProfiling.test_execution_context_save ... 
2026-02-09 11:19:24,523 1 INFO betopiaerp betopiaerp.addons.base.tests.test_profiler: Starting TestProfiling.test_profiler_return ... 
2026-02-09 11:19:24,538 1 INFO betopiaerp betopiaerp.tools.profiler: ir_profile 37 (2026-02-09 11:19:24 test_profiler_return) created 
2026-02-09 11:19:24,539 1 INFO betopiaerp betopiaerp.addons.base.tests.test_profiler: Starting TestProfiling.test_qweb_recorder ... 
2026-02-09 11:19:24,588 1 INFO betopiaerp betopiaerp.addons.base.models.ir_attachment: filestore gc 0 checked, 0 removed 
2026-02-09 11:19:24,589 1 INFO betopiaerp betopiaerp.addons.base.tests.test_qweb: Starting TestQWebTField.test_default_value ... 
2026-02-09 11:19:24,595 1 INFO betopiaerp betopiaerp.addons.base.tests.test_qweb: Starting TestQWebTField.test_i18n ... 
2026-02-09 11:19:24,653 1 INFO betopiaerp betopiaerp.addons.base.tests.test_qweb: Starting TestQWebTField.test_no_value_no_default_value ... 
2026-02-09 11:19:24,659 1 INFO betopiaerp betopiaerp.addons.base.tests.test_qweb: Starting TestQWebTField.test_reject_crummy_tags ... 
2026-02-09 11:19:24,673 1 INFO betopiaerp betopiaerp.addons.base.tests.test_qweb: Starting TestQWebTField.test_reject_t_tag ... 
2026-02-09 11:19:24,679 1 INFO betopiaerp betopiaerp.addons.base.tests.test_qweb: Starting TestQWebTField.test_render_t_options ... 
2026-02-09 11:19:24,687 1 INFO betopiaerp betopiaerp.addons.base.tests.test_qweb: Starting TestQWebTField.test_trivial ... 
2026-02-09 11:19:24,745 1 INFO betopiaerp betopiaerp.addons.base.tests.test_qweb: Starting TestQWebTField.test_xss_breakout ... 
2026-02-09 11:19:24,751 1 INFO betopiaerp betopiaerp.addons.base.models.ir_attachment: filestore gc 0 checked, 0 removed 
2026-02-09 11:19:24,752 1 INFO betopiaerp betopiaerp.addons.base.tests.test_qweb: Starting TestQWebNS.test_render_dynamic_xml_with_code_error ... 
2026-02-09 11:19:24,758 1 INFO betopiaerp betopiaerp.addons.base.tests.test_qweb: Starting TestQWebNS.test_render_dynamic_xml_with_namespace_2 ... 
2026-02-09 11:19:24,764 1 INFO betopiaerp betopiaerp.addons.base.tests.test_qweb: Starting TestQWebNS.test_render_dynamic_xml_with_namespace_t_attf ... 
2026-02-09 11:19:24,768 1 INFO betopiaerp betopiaerp.addons.base.tests.test_qweb: Starting TestQWebNS.test_render_dynamic_xml_with_namespace_t_attf_with_useless_distributed_namespace ... 
2026-02-09 11:19:24,773 1 INFO betopiaerp betopiaerp.addons.base.tests.test_qweb: Starting TestQWebNS.test_render_dynamic_xml_with_namespace_t_esc ... 
2026-02-09 11:19:24,778 1 INFO betopiaerp betopiaerp.addons.base.tests.test_qweb: Starting TestQWebNS.test_render_dynamic_xml_with_namespace_t_esc_with_useless_distributed_namespace ... 
2026-02-09 11:19:24,783 1 INFO betopiaerp betopiaerp.addons.base.tests.test_qweb: Starting TestQWebNS.test_render_dynamic_xml_with_namespaced_attributes ... 
2026-02-09 11:19:24,788 1 INFO betopiaerp betopiaerp.addons.base.tests.test_qweb: Starting TestQWebNS.test_render_static_xml_with_extension ... 
2026-02-09 11:19:24,795 1 INFO betopiaerp betopiaerp.addons.base.tests.test_qweb: Starting TestQWebNS.test_render_static_xml_with_namespace ... 
2026-02-09 11:19:24,799 1 INFO betopiaerp betopiaerp.addons.base.tests.test_qweb: Starting TestQWebNS.test_render_static_xml_with_namespace_2 ... 
2026-02-09 11:19:24,804 1 INFO betopiaerp betopiaerp.addons.base.tests.test_qweb: Starting TestQWebNS.test_render_static_xml_with_namespace_3 ... 
2026-02-09 11:19:24,809 1 INFO betopiaerp betopiaerp.addons.base.tests.test_qweb: Starting TestQWebNS.test_render_static_xml_with_namespace_dynamic ... 
2026-02-09 11:19:24,814 1 INFO betopiaerp betopiaerp.addons.base.tests.test_qweb: Starting TestQWebNS.test_render_static_xml_with_namespace_dynamic_2 ... 
2026-02-09 11:19:24,820 1 INFO betopiaerp betopiaerp.addons.base.tests.test_qweb: Starting TestQWebNS.test_render_static_xml_with_namespaced_attributes ... 
2026-02-09 11:19:24,825 1 INFO betopiaerp betopiaerp.addons.base.tests.test_qweb: Starting TestQWebNS.test_render_static_xml_with_t_call ... 
2026-02-09 11:19:24,834 1 INFO betopiaerp betopiaerp.addons.base.tests.test_qweb: Starting TestQWebNS.test_render_static_xml_with_useless_distributed_namespace ... 
2026-02-09 11:19:24,839 1 INFO betopiaerp betopiaerp.addons.base.tests.test_qweb: Starting TestQWebNS.test_render_static_xml_with_void_element ... 
2026-02-09 11:19:24,844 1 INFO betopiaerp betopiaerp.addons.base.models.ir_attachment: filestore gc 0 checked, 0 removed 
2026-02-09 11:19:24,845 1 INFO betopiaerp betopiaerp.addons.base.tests.test_qweb: Starting TestQWebBasic.test_att_escaping_1 ... 
2026-02-09 11:19:24,851 1 INFO betopiaerp betopiaerp.addons.base.tests.test_qweb: Starting TestQWebBasic.test_att_escaping_2 ... 
2026-02-09 11:19:24,857 1 INFO betopiaerp betopiaerp.addons.base.tests.test_qweb: Starting TestQWebBasic.test_att_no_propagation_1 ... 
2026-02-09 11:19:24,862 1 INFO betopiaerp betopiaerp.addons.base.tests.test_qweb: Starting TestQWebBasic.test_att_no_propagation_2 ... 
2026-02-09 11:19:24,869 1 INFO betopiaerp betopiaerp.addons.base.tests.test_qweb: Starting TestQWebBasic.test_attf_escaping_1 ... 
2026-02-09 11:19:24,875 1 INFO betopiaerp betopiaerp.addons.base.tests.test_qweb: Starting TestQWebBasic.test_attf_escaping_2 ... 
2026-02-09 11:19:24,880 1 INFO betopiaerp betopiaerp.addons.base.tests.test_qweb: Starting TestQWebBasic.test_attf_escaping_3 ... 
2026-02-09 11:19:24,884 1 INFO betopiaerp betopiaerp.addons.base.tests.test_qweb: Starting TestQWebBasic.test_call_call_0 ... 
2026-02-09 11:19:24,897 1 INFO betopiaerp betopiaerp.addons.base.tests.test_qweb: Starting TestQWebBasic.test_call_error ... 
2026-02-09 11:19:24,910 1 INFO betopiaerp betopiaerp.addons.base.tests.test_qweb: Starting TestQWebBasic.test_call_foreach_call ... 
2026-02-09 11:19:24,922 1 INFO betopiaerp betopiaerp.addons.base.tests.test_qweb: Starting TestQWebBasic.test_call_infinite_recursion ... 
2026-02-09 11:19:24,933 1 INFO betopiaerp betopiaerp.addons.base.tests.test_qweb: Starting TestQWebBasic.test_call_set ... 
2026-02-09 11:19:24,942 1 INFO betopiaerp betopiaerp.addons.base.tests.test_qweb: Starting TestQWebBasic.test_compile_expr ... 
2026-02-09 11:19:24,948 1 INFO betopiaerp betopiaerp.addons.base.tests.test_qweb: Starting TestQWebBasic.test_compile_expr_security ... 
2026-02-09 11:19:24,958 1 INFO betopiaerp betopiaerp.addons.base.tests.test_qweb: Starting TestQWebBasic.test_error_message_1 ... 
2026-02-09 11:19:24,967 1 INFO betopiaerp betopiaerp.addons.base.tests.test_qweb: Starting TestQWebBasic.test_error_message_10 ... 
2026-02-09 11:19:24,981 1 INFO betopiaerp betopiaerp.addons.base.tests.test_qweb: Starting TestQWebBasic.test_error_message_11 ... 
2026-02-09 11:19:25,006 1 INFO betopiaerp betopiaerp.addons.base.tests.test_qweb: Starting TestQWebBasic.test_error_message_12 ... 
2026-02-09 11:19:25,024 1 INFO betopiaerp betopiaerp.addons.base.tests.test_qweb: Starting TestQWebBasic.test_error_message_13 ... 
2026-02-09 11:19:25,036 1 INFO betopiaerp betopiaerp.addons.base.tests.test_qweb: Starting TestQWebBasic.test_error_message_14 ... 
2026-02-09 11:19:25,049 1 INFO betopiaerp betopiaerp.addons.base.tests.test_qweb: Starting TestQWebBasic.test_error_message_2 ... 
2026-02-09 11:19:25,066 1 INFO betopiaerp betopiaerp.addons.base.tests.test_qweb: Starting TestQWebBasic.test_error_message_3 ... 
2026-02-09 11:19:25,078 1 INFO betopiaerp betopiaerp.addons.base.tests.test_qweb: Starting TestQWebBasic.test_error_message_4 ... 
2026-02-09 11:19:25,096 1 INFO betopiaerp betopiaerp.addons.base.tests.test_qweb: Starting TestQWebBasic.test_error_message_5 ... 
2026-02-09 11:19:25,102 1 INFO betopiaerp betopiaerp.addons.base.tests.test_qweb: Starting TestQWebBasic.test_error_message_6 ... 
2026-02-09 11:19:25,111 1 INFO betopiaerp betopiaerp.addons.base.tests.test_qweb: Starting TestQWebBasic.test_error_message_7 ... 
2026-02-09 11:19:25,117 1 INFO betopiaerp betopiaerp.addons.base.tests.test_qweb: Starting TestQWebBasic.test_error_message_8 ... 
2026-02-09 11:19:25,126 1 INFO betopiaerp betopiaerp.addons.base.tests.test_qweb: Starting TestQWebBasic.test_error_message_9 ... 
2026-02-09 11:19:25,142 1 INFO betopiaerp betopiaerp.addons.base.tests.test_qweb: Starting TestQWebBasic.test_esc_markup ... 
2026-02-09 11:19:25,152 1 INFO betopiaerp betopiaerp.addons.base.tests.test_qweb: Starting TestQWebBasic.test_foreach_as_error_1 ... 
2026-02-09 11:19:25,172 1 INFO betopiaerp betopiaerp.addons.base.tests.test_qweb: Starting TestQWebBasic.test_foreach_as_error_2 ... 
2026-02-09 11:19:25,190 1 INFO betopiaerp betopiaerp.addons.base.tests.test_qweb: Starting TestQWebBasic.test_foreach_as_error_3 ... 
2026-02-09 11:19:25,217 1 INFO betopiaerp betopiaerp.addons.base.tests.test_qweb: Starting TestQWebBasic.test_foreach_iter_dict ... 
2026-02-09 11:19:25,225 1 INFO betopiaerp betopiaerp.addons.base.tests.test_qweb: Starting TestQWebBasic.test_foreach_iter_list ... 
2026-02-09 11:19:25,234 1 INFO betopiaerp betopiaerp.addons.base.tests.test_qweb: Starting TestQWebBasic.test_if_comment ... 
2026-02-09 11:19:25,241 1 INFO betopiaerp betopiaerp.addons.base.tests.test_qweb: Starting TestQWebBasic.test_if_from_body ... 
2026-02-09 11:19:25,247 1 INFO betopiaerp betopiaerp.addons.base.tests.test_qweb: Starting TestQWebBasic.test_if_spaces ... 
2026-02-09 11:19:25,253 1 INFO betopiaerp betopiaerp.addons.base.tests.test_qweb: Starting TestQWebBasic.test_out ... 
2026-02-09 11:19:25,258 1 INFO betopiaerp betopiaerp.addons.base.tests.test_qweb: Starting TestQWebBasic.test_out_default_value ... 
2026-02-09 11:19:25,264 1 INFO betopiaerp betopiaerp.addons.base.tests.test_qweb: Starting TestQWebBasic.test_out_escape_text ... 
2026-02-09 11:19:25,269 1 INFO betopiaerp betopiaerp.addons.base.tests.test_qweb: Starting TestQWebBasic.test_out_format_1 ... 
2026-02-09 11:19:25,275 1 INFO betopiaerp betopiaerp.addons.base.tests.test_qweb: Starting TestQWebBasic.test_out_format_2 ... 
2026-02-09 11:19:25,281 1 INFO betopiaerp betopiaerp.addons.base.tests.test_qweb: Starting TestQWebBasic.test_out_format_3 ... 
2026-02-09 11:19:25,287 1 INFO betopiaerp betopiaerp.addons.base.tests.test_qweb: Starting TestQWebBasic.test_out_format_4 ... 
2026-02-09 11:19:25,292 1 INFO betopiaerp betopiaerp.addons.base.tests.test_qweb: Starting TestQWebBasic.test_out_format_5 ... 
2026-02-09 11:19:25,297 1 INFO betopiaerp betopiaerp.addons.base.tests.test_qweb: Starting TestQWebBasic.test_out_format_6 ... 
2026-02-09 11:19:25,302 1 INFO betopiaerp betopiaerp.addons.base.tests.test_qweb: Starting TestQWebBasic.test_out_format_7 ... 
2026-02-09 11:19:25,306 1 INFO betopiaerp betopiaerp.addons.base.tests.test_qweb: Starting TestQWebBasic.test_out_format_8 ... 
2026-02-09 11:19:25,311 1 INFO betopiaerp betopiaerp.addons.base.tests.test_qweb: Starting TestQWebBasic.test_out_format_9 ... 
2026-02-09 11:19:25,316 1 INFO betopiaerp betopiaerp.addons.base.tests.test_qweb: Starting TestQWebBasic.test_out_json ... 
2026-02-09 11:19:25,321 1 INFO betopiaerp betopiaerp.addons.base.tests.test_qweb: Starting TestQWebBasic.test_out_markup ... 
2026-02-09 11:19:25,326 1 INFO betopiaerp betopiaerp.addons.base.tests.test_qweb: Starting TestQWebBasic.test_render_barcode ... 
2026-02-09 11:19:25,418 1 INFO betopiaerp betopiaerp.addons.base.tests.test_qweb: Starting TestQWebBasic.test_render_comment_tail ... 
2026-02-09 11:19:25,423 1 INFO betopiaerp betopiaerp.addons.base.tests.test_qweb: Starting TestQWebBasic.test_render_comments ... 
2026-02-09 11:19:25,428 1 INFO betopiaerp betopiaerp.addons.base.tests.test_qweb: Starting TestQWebBasic.test_render_processing_instructions ... 
2026-02-09 11:19:25,433 1 INFO betopiaerp betopiaerp.addons.base.tests.test_qweb: Starting TestQWebBasic.test_render_t_call_propagates_t_lang ... 
2026-02-09 11:19:25,451 1 INFO betopiaerp betopiaerp.addons.base.tests.test_qweb: Starting TestQWebBasic.test_render_template_from_file ... 
2026-02-09 11:19:25,464 1 INFO betopiaerp betopiaerp.addons.base.tests.test_qweb: Starting TestQWebBasic.test_render_template_from_file_special_cases ... 
2026-02-09 11:19:25,493 1 INFO betopiaerp betopiaerp.addons.base.tests.test_qweb: Starting TestQWebBasic.test_render_widget_contact ... 
2026-02-09 11:19:25,536 1 INFO betopiaerp betopiaerp.addons.base.tests.test_qweb: Starting TestQWebBasic.test_render_widget_duration_fallback ... 
2026-02-09 11:19:25,548 1 INFO betopiaerp betopiaerp.addons.base.tests.test_qweb: Starting TestQWebBasic.test_set_1 ... 
2026-02-09 11:19:25,552 1 INFO betopiaerp betopiaerp.addons.base.tests.test_qweb: Starting TestQWebBasic.test_set_2 ... 
2026-02-09 11:19:25,557 1 INFO betopiaerp betopiaerp.addons.base.tests.test_qweb: Starting TestQWebBasic.test_set_3 ... 
2026-02-09 11:19:25,562 1 INFO betopiaerp betopiaerp.addons.base.tests.test_qweb: Starting TestQWebBasic.test_set_body_1 ... 
2026-02-09 11:19:25,566 1 INFO betopiaerp betopiaerp.addons.base.tests.test_qweb: Starting TestQWebBasic.test_set_body_2 ... 
2026-02-09 11:19:25,571 1 INFO betopiaerp betopiaerp.addons.base.tests.test_qweb: Starting TestQWebBasic.test_set_body_3 ... 
2026-02-09 11:19:25,594 1 INFO betopiaerp betopiaerp.addons.base.tests.test_qweb: Starting TestQWebBasic.test_set_error_1 ... 
2026-02-09 11:19:25,606 1 INFO betopiaerp betopiaerp.addons.base.tests.test_qweb: Starting TestQWebBasic.test_set_error_2 ... 
2026-02-09 11:19:25,619 1 INFO betopiaerp betopiaerp.addons.base.tests.test_qweb: Starting TestQWebBasic.test_space_remove_technical_all ... 
2026-02-09 11:19:25,636 1 INFO betopiaerp betopiaerp.addons.base.tests.test_qweb: Starting TestQWebBasic.test_space_remove_technical_space_t_foreach ... 
2026-02-09 11:19:25,642 1 INFO betopiaerp betopiaerp.addons.base.tests.test_qweb: Starting TestQWebBasic.test_t_foreach_t_call ... 
2026-02-09 11:19:25,652 1 INFO betopiaerp betopiaerp.addons.base.tests.test_qweb: Starting TestQWebBasic.test_void_element ... 
2026-02-09 11:19:25,663 1 INFO betopiaerp betopiaerp.addons.base.models.ir_attachment: filestore gc 1 checked, 1 removed 
2026-02-09 11:19:25,693 1 INFO betopiaerp betopiaerp.addons.base.tests.test_qweb: Starting TestQwebPerformance.test_render_queries ... 
2026-02-09 11:19:25,767 1 INFO betopiaerp betopiaerp.addons.base.models.ir_attachment: filestore gc 1 checked, 1 removed 
2026-02-09 11:19:25,768 1 INFO betopiaerp betopiaerp.addons.base.tests.test_reports: Starting TestReports.test_report_reload_from_attachment ... 
2026-02-09 11:19:27,782 1 INFO betopiaerp betopiaerp.addons.base.models.ir_actions_report: The PDF report has been generated for model: res.partner, records [2]. 
2026-02-09 11:19:27,788 1 INFO betopiaerp betopiaerp.addons.base.models.ir_actions_report: The PDF documents 'test_attach' are now saved in the database 
2026-02-09 11:19:27,788 1 INFO betopiaerp betopiaerp.addons.base.models.ir_actions_report: The PDF report has been generated for model: res.partner, records [2]. 
2026-02-09 11:19:27,790 1 INFO betopiaerp betopiaerp.addons.base.models.ir_actions_report: The PDF report has been generated for model: res.partner, records [2]. 
2026-02-09 11:19:27,792 1 INFO betopiaerp betopiaerp.addons.base.tests.test_reports: Starting TestReports.test_reports ... 
2026-02-09 11:19:27,794 1 INFO betopiaerp betopiaerp.addons.base.tests.test_reports: testing report base.report_irmodeloverview 
2026-02-09 11:19:29,844 1 INFO betopiaerp betopiaerp.addons.base.tests.test_reports: testing report web.preview_externalreport 
2026-02-09 11:19:29,883 1 INFO betopiaerp betopiaerp.addons.base.tests.test_reports: testing report web.preview_internalreport 
2026-02-09 11:19:29,892 1 INFO betopiaerp betopiaerp.addons.base.tests.test_reports: testing report web.preview_layout_report 
2026-02-09 11:19:29,913 1 INFO betopiaerp betopiaerp.addons.base.models.ir_attachment: filestore gc 1 checked, 1 removed 
2026-02-09 11:19:29,913 1 INFO betopiaerp betopiaerp.addons.base.tests.test_reports: Starting TestReportsRendering.test_format_A4 ... 
2026-02-09 11:19:29,914 1 INFO betopiaerp betopiaerp.addons.base.tests.test_reports: skipped TestReportsRendering.test_format_A4 : pdfminer not installed 
2026-02-09 11:19:29,914 1 INFO betopiaerp betopiaerp.addons.base.tests.test_reports: Starting TestReportsRendering.test_format_landscape ... 
2026-02-09 11:19:29,914 1 INFO betopiaerp betopiaerp.addons.base.tests.test_reports: skipped TestReportsRendering.test_format_landscape : pdfminer not installed 
2026-02-09 11:19:29,915 1 INFO betopiaerp betopiaerp.addons.base.tests.test_reports: Starting TestReportsRendering.test_format_letter ... 
2026-02-09 11:19:29,915 1 INFO betopiaerp betopiaerp.addons.base.tests.test_reports: skipped TestReportsRendering.test_format_letter : pdfminer not installed 
2026-02-09 11:19:29,915 1 INFO betopiaerp betopiaerp.addons.base.tests.test_reports: Starting TestReportsRendering.test_layout ... 
2026-02-09 11:19:29,915 1 INFO betopiaerp betopiaerp.addons.base.tests.test_reports: skipped TestReportsRendering.test_layout : pdfminer not installed 
2026-02-09 11:19:29,915 1 INFO betopiaerp betopiaerp.addons.base.tests.test_reports: Starting TestReportsRendering.test_pdf_render_page_overflow ... 
2026-02-09 11:19:29,916 1 INFO betopiaerp betopiaerp.addons.base.tests.test_reports: skipped TestReportsRendering.test_pdf_render_page_overflow : pdfminer not installed 
2026-02-09 11:19:29,916 1 INFO betopiaerp betopiaerp.addons.base.tests.test_reports: Starting TestReportsRendering.test_report_pdf_page_break ... 
2026-02-09 11:19:29,916 1 INFO betopiaerp betopiaerp.addons.base.tests.test_reports: skipped TestReportsRendering.test_report_pdf_page_break : pdfminer not installed 
2026-02-09 11:19:29,916 1 INFO betopiaerp betopiaerp.addons.base.tests.test_reports: Starting TestReportsRendering.test_report_specific_paperformat_args ... 
2026-02-09 11:19:29,917 1 INFO betopiaerp betopiaerp.addons.base.tests.test_reports: skipped TestReportsRendering.test_report_specific_paperformat_args : pdfminer not installed 
2026-02-09 11:19:29,917 1 INFO betopiaerp betopiaerp.addons.base.tests.test_reports: Starting TestReportsRendering.test_thead_tbody_repeat ... 
2026-02-09 11:19:29,917 1 INFO betopiaerp betopiaerp.addons.base.tests.test_reports: skipped TestReportsRendering.test_thead_tbody_repeat : pdfminer not installed 
2026-02-09 11:19:29,923 1 INFO betopiaerp betopiaerp.addons.base.tests.test_reports: Starting TestAggregatePdfReports.test_aggregate_report_with_some_resources_reloaded_from_attachment ... 
2026-02-09 11:19:31,963 1 INFO betopiaerp betopiaerp.addons.base.models.ir_http: Generating routing map for key None 
2026-02-09 11:19:31,982 1 INFO betopiaerp betopiaerp.addons.base.models.assetsbundle: Generating a new asset bundle attachment /web/assets/e4caaae/web.report_assets_pdf.autoprefixed.min.css (id:6296) 
2026-02-09 11:19:31,985 1 INFO betopiaerp werkzeug: 127.0.0.1 - - [09/Feb/2026 11:19:31] "GET /web/assets/e4caaae/web.report_assets_pdf.autoprefixed.min.css HTTP/1.1" 200 - 14 0.003 0.019
2026-02-09 11:19:34,067 1 INFO betopiaerp betopiaerp.addons.base.models.assetsbundle: Generating a new asset bundle attachment /web/assets/7c9197e/web.report_assets_common.autoprefixed.min.css (id:6297) 
2026-02-09 11:19:34,069 1 INFO betopiaerp werkzeug: 127.0.0.1 - - [09/Feb/2026 11:19:34] "GET /web/assets/7c9197e/web.report_assets_common.autoprefixed.min.css HTTP/1.1" 200 - 10 0.009 2.097
2026-02-09 11:19:34,093 1 INFO ? werkzeug: 127.0.0.1 - - [09/Feb/2026 11:19:34] "GET /web/static/fonts/lato/Lato-Reg-webfont.woff HTTP/1.1" 200 - 0 0.000 0.008
2026-02-09 11:19:34,093 1 INFO ? werkzeug: 127.0.0.1 - - [09/Feb/2026 11:19:34] "GET /web/static/fonts/lato/Lato-Bol-webfont.woff HTTP/1.1" 200 - 0 0.000 0.005
2026-02-09 11:19:34,093 1 INFO ? werkzeug: 127.0.0.1 - - [09/Feb/2026 11:19:34] "GET /web/static/fonts/lato/Lato-Lig-webfont.woff HTTP/1.1" 200 - 0 0.000 0.007
2026-02-09 11:19:34,093 1 INFO ? werkzeug: 127.0.0.1 - - [09/Feb/2026 11:19:34] "GET /web/static/fonts/lato/Lato-Hai-webfont.woff HTTP/1.1" 200 - 0 0.000 0.006
2026-02-09 11:19:34,094 1 INFO ? werkzeug: 127.0.0.1 - - [09/Feb/2026 11:19:34] "GET /web/static/fonts/lato/Lato-Bla-webfont.woff HTTP/1.1" 200 - 0 0.000 0.008
2026-02-09 11:19:35,122 1 INFO betopiaerp betopiaerp.addons.base.models.ir_actions_report: The PDF documents 'Dmitri Prokofich Razumikhin.pdf' are now saved in the database 
2026-02-09 11:19:35,123 1 INFO betopiaerp betopiaerp.addons.base.models.ir_actions_report: The PDF report has been generated for model: res.partner, records [4854]. 
2026-02-09 11:19:35,144 1 INFO betopiaerp betopiaerp.addons.base.tests.test_reports: skipped TestAggregatePdfReports.test_aggregate_report_with_some_resources_reloaded_from_attachment : Unable to convert multiple documents via wkhtmltopdf using unpatched QT 
2026-02-09 11:19:35,145 1 INFO betopiaerp betopiaerp.addons.base.tests.test_reports: Starting TestAggregatePdfReports.test_aggregate_report_with_some_resources_reloaded_from_attachment_with_multiple_page_report ... 
2026-02-09 11:19:37,189 1 INFO betopiaerp betopiaerp.addons.base.models.ir_http: Generating routing map for key None 
2026-02-09 11:19:37,215 1 INFO betopiaerp betopiaerp.addons.base.models.assetsbundle: Generating a new asset bundle attachment /web/assets/e4caaae/web.report_assets_pdf.autoprefixed.min.css (id:6299) 
2026-02-09 11:19:37,218 1 INFO betopiaerp werkzeug: 127.0.0.1 - - [09/Feb/2026 11:19:37] "GET /web/assets/e4caaae/web.report_assets_pdf.autoprefixed.min.css HTTP/1.1" 200 - 14 0.005 0.025
2026-02-09 11:19:39,312 1 INFO betopiaerp betopiaerp.addons.base.models.assetsbundle: Generating a new asset bundle attachment /web/assets/7c9197e/web.report_assets_common.autoprefixed.min.css (id:6300) 
2026-02-09 11:19:39,315 1 INFO betopiaerp werkzeug: 127.0.0.1 - - [09/Feb/2026 11:19:39] "GET /web/assets/7c9197e/web.report_assets_common.autoprefixed.min.css HTTP/1.1" 200 - 10 0.010 2.115
2026-02-09 11:19:39,344 1 INFO ? werkzeug: 127.0.0.1 - - [09/Feb/2026 11:19:39] "GET /web/static/fonts/lato/Lato-Lig-webfont.woff HTTP/1.1" 200 - 0 0.000 0.006
2026-02-09 11:19:39,344 1 INFO ? werkzeug: 127.0.0.1 - - [09/Feb/2026 11:19:39] "GET /web/static/fonts/lato/Lato-Reg-webfont.woff HTTP/1.1" 200 - 0 0.000 0.007
2026-02-09 11:19:39,344 1 INFO ? werkzeug: 127.0.0.1 - - [09/Feb/2026 11:19:39] "GET /web/static/fonts/lato/Lato-Bla-webfont.woff HTTP/1.1" 200 - 0 0.000 0.006
2026-02-09 11:19:39,345 1 INFO ? werkzeug: 127.0.0.1 - - [09/Feb/2026 11:19:39] "GET /web/static/fonts/lato/Lato-Hai-webfont.woff HTTP/1.1" 200 - 0 0.000 0.006
2026-02-09 11:19:39,345 1 INFO ? werkzeug: 127.0.0.1 - - [09/Feb/2026 11:19:39] "GET /web/static/fonts/lato/Lato-Bol-webfont.woff HTTP/1.1" 200 - 0 0.000 0.005
2026-02-09 11:19:40,566 1 INFO betopiaerp betopiaerp.addons.base.models.ir_actions_report: The PDF documents 'Dmitri Prokofich Razumikhin.pdf' are now saved in the database 
2026-02-09 11:19:40,566 1 INFO betopiaerp betopiaerp.addons.base.models.ir_actions_report: The PDF report has been generated for model: res.partner, records [4854]. 
2026-02-09 11:19:40,593 1 INFO betopiaerp betopiaerp.addons.base.tests.test_reports: skipped TestAggregatePdfReports.test_aggregate_report_with_some_resources_reloaded_from_attachment_with_multiple_page_report : Unable to convert multiple documents via wkhtmltopdf using unpatched QT 
2026-02-09 11:19:40,596 1 INFO betopiaerp betopiaerp.addons.base.models.ir_attachment: filestore gc 3 checked, 3 removed 
2026-02-09 11:19:40,597 1 INFO betopiaerp betopiaerp.addons.base.tests.test_res_config: Starting TestResConfigExecute.test_01_execute_res_config ... 
2026-02-09 11:19:40,598 1 INFO betopiaerp betopiaerp.addons.base.tests.test_res_config: Starting TestResConfigExecute.test_settings_access ... 
2026-02-09 11:19:40,617 1 INFO betopiaerp betopiaerp.addons.base.tests.test_res_config: Testing settings access for group Role / Administrator 
2026-02-09 11:19:40,652 1 INFO betopiaerp betopiaerp.addons.base.models.ir_attachment: filestore gc 1 checked, 1 removed 
2026-02-09 11:19:40,653 1 INFO betopiaerp betopiaerp.addons.base.tests.test_res_country: Starting TestResCountryState.test_find_by_name ... 
2026-02-09 11:19:40,692 1 INFO betopiaerp betopiaerp.addons.base.models.ir_attachment: filestore gc 0 checked, 0 removed 
2026-02-09 11:19:40,693 1 INFO betopiaerp betopiaerp.addons.base.tests.test_res_partner: Starting TestPartnerForm.test_lang_computation_form_view ... 
2026-02-09 11:19:40,794 1 INFO betopiaerp betopiaerp.addons.base.tests.test_res_partner: Starting TestPartnerForm.test_onchange_parent_sync_user ... 
2026-02-09 11:19:40,919 1 INFO betopiaerp betopiaerp.addons.base.models.ir_attachment: filestore gc 1 checked, 1 removed 
2026-02-09 11:19:40,945 1 INFO betopiaerp betopiaerp.addons.base.tests.test_res_users: Starting TestUsers2.test_change_user_login ... 
2026-02-09 11:19:40,983 1 INFO betopiaerp betopiaerp.addons.base.tests.test_res_users: Starting TestUsers2.test_default_groups ... 
2026-02-09 11:19:41,061 1 INFO betopiaerp betopiaerp.addons.base.tests.test_res_users: Starting TestUsers2.test_implied_groups_on_change ... 
2026-02-09 11:19:41,312 1 INFO betopiaerp betopiaerp.addons.base.tests.test_res_users: Starting TestUsers2.test_portal_user_manager_access ... 
2026-02-09 11:19:41,365 1 INFO betopiaerp betopiaerp.addons.base.models.ir_rule: Access Denied by record rules for operation: write on record ids: [1247], uid: 1246, model: res.users 
2026-02-09 11:19:41,382 1 INFO betopiaerp betopiaerp.addons.base.models.ir_rule: Access Denied by record rules for operation: write on record ids: [1247], uid: 1246, model: res.users 
2026-02-09 11:19:41,391 1 INFO betopiaerp betopiaerp.addons.base.models.ir_model: Access Denied by ACLs for operation: write, uid: 1247, model: res.users 
2026-02-09 11:19:41,394 1 INFO betopiaerp betopiaerp.addons.base.models.ir_model: Access Denied by ACLs for operation: write, uid: 1247, model: res.users 
2026-02-09 11:19:41,406 1 INFO betopiaerp betopiaerp.addons.base.models.ir_model: Access Denied by ACLs for operation: write, uid: 1247, model: res.users 
2026-02-09 11:19:41,411 1 INFO betopiaerp betopiaerp.addons.base.tests.test_res_users: Starting TestUsers2.test_selection_groups ... 
2026-02-09 11:19:41,475 1 INFO betopiaerp betopiaerp.addons.base.tests.test_res_users: Starting TestUsers2.test_self_readable_writeable_fields_preferences_form ... 
2026-02-09 11:19:41,547 1 INFO betopiaerp betopiaerp.addons.base.tests.test_res_users: Starting TestUsers2.test_self_writeable_fields ... 
2026-02-09 11:19:41,564 1 INFO betopiaerp betopiaerp.addons.base.tests.test_res_users: Starting TestUsers2.test_view_group_hierarchy ... 
2026-02-09 11:19:41,593 1 INFO betopiaerp betopiaerp.addons.base.tests.test_res_users: Starting TestUsers2.test_write_group_ids_performance ... 
2026-02-09 11:19:41,622 1 INFO betopiaerp betopiaerp.addons.base.tests.test_res_users: Query count less than expected for user __system__: 11 < 24 in test_write_group_ids_performance at base/tests/test_res_users.py:528 
2026-02-09 11:19:41,625 1 INFO betopiaerp betopiaerp.addons.base.models.ir_attachment: filestore gc 6 checked, 6 removed 
2026-02-09 11:19:41,627 1 INFO betopiaerp betopiaerp.addons.base.tests.test_res_users: Starting TestUsersIdentitycheck.test_revoke_all_devices ... 
2026-02-09 11:19:41,632 1 INFO betopiaerp betopiaerp.addons.base.models.res_users: Login successful for login:admin from n/a 
2026-02-09 11:19:41,636 1 INFO betopiaerp betopiaerp.addons.base.models.res_users: Login successful for login:admin from n/a 
2026-02-09 11:19:41,639 1 INFO betopiaerp betopiaerp.addons.base.models.ir_http: Generating routing map for key None 
2026-02-09 11:19:41,646 1 INFO betopiaerp betopiaerp.addons.base.models.res_device: User 2 inserts device log (dQjHPVsnx3o7FZrPQLBZ797x0v_C6HtzqDOkzlGssL) 
2026-02-09 11:19:53,756 1 INFO betopiaerp werkzeug: 127.0.0.1 - - [09/Feb/2026 11:19:53] "GET /web HTTP/1.1" 200 - 66 0.015 12.103
2026-02-09 11:19:53,780 1 INFO betopiaerp betopiaerp.addons.base.models.res_device: User 2 revokes devices (dQjHPVsnx3o7FZrPQLBZ797x0v_C6HtzqDOkzlGssL) 
2026-02-09 11:19:53,783 1 INFO betopiaerp werkzeug: 127.0.0.1 - - [09/Feb/2026 11:19:53] "GET /web HTTP/1.1" 303 - 0 0.000 0.001
2026-02-09 11:19:58,495 1 INFO betopiaerp werkzeug: 127.0.0.1 - - [09/Feb/2026 11:19:58] "GET /web/login?redirect=/web? HTTP/1.1" 200 - 41 0.010 4.700
2026-02-09 11:19:58,500 1 INFO betopiaerp betopiaerp.addons.base.models.ir_attachment: filestore gc 0 checked, 0 removed 
2026-02-09 11:19:58,500 1 INFO betopiaerp betopiaerp.addons.base.tests.test_translate: Starting TestTranslationExport.test_export_translatable_resources ... 
2026-02-09 11:20:18,114 1 INFO betopiaerp betopiaerp.addons.base.models.ir_attachment: filestore gc 0 checked, 0 removed 
2026-02-09 11:20:18,115 1 INFO betopiaerp betopiaerp.addons.base.tests.test_translate: Starting TestLanguageInstallPerformance.test_language_install ... 
2026-02-09 11:20:18,121 1 INFO betopiaerp betopiaerp.addons.base.models.ir_module: module base: loading translation file /opt/betopiaerp/betopiaerp/addons/base/i18n/fr.po for language fr_BE 
2026-02-09 11:20:18,426 1 INFO betopiaerp betopiaerp.addons.base.models.ir_module: module base: loading translation file /opt/betopiaerp/betopiaerp/addons/base/i18n/fr_BE.po for language fr_BE 
2026-02-09 11:20:18,915 1 INFO betopiaerp betopiaerp.addons.base.models.ir_module: module web: loading translation file /opt/betopiaerp/addons/web/i18n/fr.po for language fr_BE 
2026-02-09 11:20:19,080 1 INFO betopiaerp betopiaerp.addons.base.models.ir_module: module api_doc: loading translation file /opt/betopiaerp/addons/api_doc/i18n/fr.po for language fr_BE 
2026-02-09 11:20:19,094 1 INFO betopiaerp betopiaerp.addons.base.models.ir_module: module base_setup: loading translation file /opt/betopiaerp/addons/base_setup/i18n/fr.po for language fr_BE 
2026-02-09 11:20:19,106 1 INFO betopiaerp betopiaerp.addons.base.models.ir_module: module base_setup: loading translation file /opt/betopiaerp/addons/base_setup/i18n/fr_BE.po for language fr_BE 
2026-02-09 11:20:19,123 1 INFO betopiaerp betopiaerp.addons.base.models.ir_module: module auth_passkey: loading translation file /opt/betopiaerp/addons/auth_passkey/i18n/fr.po for language fr_BE 
2026-02-09 11:20:19,147 1 INFO betopiaerp betopiaerp.addons.base.models.ir_module: module auth_totp: loading translation file /opt/betopiaerp/addons/auth_totp/i18n/fr.po for language fr_BE 
2026-02-09 11:20:19,173 1 INFO betopiaerp betopiaerp.addons.base.models.ir_module: module base_import: loading translation file /opt/betopiaerp/addons/base_import/i18n/fr.po for language fr_BE 
2026-02-09 11:20:19,188 1 INFO betopiaerp betopiaerp.addons.base.models.ir_module: module base_import_module: loading translation file /opt/betopiaerp/addons/base_import_module/i18n/fr.po for language fr_BE 
2026-02-09 11:20:19,197 1 INFO betopiaerp betopiaerp.addons.base.models.ir_module: module base_import_module: loading translation file /opt/betopiaerp/addons/base_import_module/i18n/fr_BE.po for language fr_BE 
2026-02-09 11:20:19,216 1 INFO betopiaerp betopiaerp.addons.base.models.ir_module: module bus: loading translation file /opt/betopiaerp/addons/bus/i18n/fr.po for language fr_BE 
2026-02-09 11:20:19,223 1 INFO betopiaerp betopiaerp.addons.base.models.ir_module: module bus: loading translation file /opt/betopiaerp/addons/bus/i18n/fr_BE.po for language fr_BE 
2026-02-09 11:20:19,233 1 INFO betopiaerp betopiaerp.addons.base.models.ir_module: module html_editor: loading translation file /opt/betopiaerp/addons/html_editor/i18n/fr.po for language fr_BE 
2026-02-09 11:20:19,254 1 INFO betopiaerp betopiaerp.addons.base.models.ir_module: module iap: loading translation file /opt/betopiaerp/addons/iap/i18n/fr.po for language fr_BE 
2026-02-09 11:20:19,279 1 INFO betopiaerp betopiaerp.addons.base.models.ir_module: module web_tour: loading translation file /opt/betopiaerp/addons/web_tour/i18n/fr.po for language fr_BE 
2026-02-09 11:20:19,294 1 INFO betopiaerp betopiaerp.addons.base.models.ir_module: module web_unsplash: loading translation file /opt/betopiaerp/addons/web_unsplash/i18n/fr.po for language fr_BE 
2026-02-09 11:20:19,536 1 INFO betopiaerp betopiaerp.tests.stats: installed language fr_BE in 1.419s 
2026-02-09 11:20:19,538 1 INFO betopiaerp betopiaerp.addons.base.models.ir_attachment: filestore gc 0 checked, 0 removed 
2026-02-09 11:20:19,564 1 INFO betopiaerp betopiaerp.addons.base.tests.test_views: Starting TestViews.test_attribute_node_with_no_name ... 
2026-02-09 11:20:19,575 1 INFO betopiaerp betopiaerp.addons.base.tests.test_views: Starting TestViews.test_attrs_groups_behavior ... 
2026-02-09 11:20:19,592 1 INFO betopiaerp betopiaerp.addons.base.tests.test_views: Starting TestViews.test_attrs_groups_validation ... 
2026-02-09 11:20:19,842 1 INFO betopiaerp betopiaerp.addons.base.tests.test_views: Starting TestViews.test_attrs_missing_field ... 
2026-02-09 11:20:19,903 1 INFO betopiaerp betopiaerp.addons.base.tests.test_views: Starting TestViews.test_button ... 
2026-02-09 11:20:19,932 1 INFO betopiaerp betopiaerp.addons.base.tests.test_views: Starting TestViews.test_check_primary_when_update_siblins_inherited_tree ... 
2026-02-09 11:20:19,974 1 INFO betopiaerp betopiaerp.addons.base.tests.test_views: Starting TestViews.test_check_xml_on_reenable ... 
2026-02-09 11:20:19,993 1 INFO betopiaerp betopiaerp.addons.base.tests.test_views: Starting TestViews.test_col_colspan_numerical ... 
2026-02-09 11:20:20,010 1 INFO betopiaerp betopiaerp.addons.base.tests.test_views: Starting TestViews.test_context_in_subsubview_with_parent ... 
2026-02-09 11:20:20,033 1 INFO betopiaerp betopiaerp.addons.base.tests.test_views: Starting TestViews.test_context_in_subview ... 
2026-02-09 11:20:20,054 1 INFO betopiaerp betopiaerp.addons.base.tests.test_views: Starting TestViews.test_context_in_subview_with_parent ... 
2026-02-09 11:20:20,077 1 INFO betopiaerp betopiaerp.addons.base.tests.test_views: Starting TestViews.test_context_in_view ... 
2026-02-09 11:20:20,090 1 INFO betopiaerp betopiaerp.addons.base.tests.test_views: Starting TestViews.test_custom_view_validation ... 
2026-02-09 11:20:20,105 1 INFO betopiaerp betopiaerp.addons.base.tests.test_views: Starting TestViews.test_domain_boolean_case ... 
2026-02-09 11:20:20,126 1 INFO betopiaerp betopiaerp.addons.base.tests.test_views: Starting TestViews.test_domain_field_no_comodel ... 
2026-02-09 11:20:20,136 1 INFO betopiaerp betopiaerp.addons.base.tests.test_views: Starting TestViews.test_domain_field_searchable ... 
2026-02-09 11:20:20,150 1 INFO betopiaerp betopiaerp.addons.base.tests.test_views: Starting TestViews.test_domain_id_case ... 
2026-02-09 11:20:20,157 1 INFO betopiaerp betopiaerp.addons.base.tests.test_views: Starting TestViews.test_domain_in_filter ... 
2026-02-09 11:20:20,182 1 INFO betopiaerp betopiaerp.addons.base.tests.test_views: Starting TestViews.test_domain_in_subview ... 
2026-02-09 11:20:20,202 1 INFO betopiaerp betopiaerp.addons.base.tests.test_views: Starting TestViews.test_domain_in_subview_with_parent ... 
2026-02-09 11:20:20,227 1 INFO betopiaerp betopiaerp.addons.base.tests.test_views: Starting TestViews.test_domain_in_view ... 
2026-02-09 11:20:20,238 1 INFO betopiaerp betopiaerp.addons.base.tests.test_views: Starting TestViews.test_domain_invalid_in_filter ... 
2026-02-09 11:20:20,247 1 INFO betopiaerp betopiaerp.addons.base.tests.test_views: Starting TestViews.test_domain_on_field_in_noneditable_subview ... 
2026-02-09 11:20:20,258 1 INFO betopiaerp betopiaerp.addons.base.tests.test_views: Starting TestViews.test_domain_on_field_in_subview ... 
2026-02-09 11:20:20,274 1 INFO betopiaerp betopiaerp.addons.base.tests.test_views: Starting TestViews.test_domain_on_field_in_subview_with_parent ... 
2026-02-09 11:20:20,297 1 INFO betopiaerp betopiaerp.addons.base.tests.test_views: Starting TestViews.test_domain_on_field_in_view ... 
2026-02-09 11:20:20,308 1 INFO betopiaerp betopiaerp.addons.base.tests.test_views: Starting TestViews.test_domain_on_readonly_field_in_subview ... 
2026-02-09 11:20:20,323 1 INFO betopiaerp betopiaerp.addons.base.tests.test_views: Starting TestViews.test_domain_on_readonly_field_in_view ... 
2026-02-09 11:20:20,331 1 INFO betopiaerp betopiaerp.addons.base.tests.test_views: Starting TestViews.test_domain_unknown_field ... 
2026-02-09 11:20:20,340 1 INFO betopiaerp betopiaerp.addons.base.tests.test_views: Starting TestViews.test_empty_groups_attrib ... 
2026-02-09 11:20:20,350 1 INFO betopiaerp betopiaerp.addons.base.tests.test_views: Starting TestViews.test_for_in_label ... 
2026-02-09 11:20:20,363 1 INFO betopiaerp betopiaerp.addons.base.tests.test_views: Starting TestViews.test_forbidden_data_tooltip_attributes_in_form ... 
2026-02-09 11:20:20,374 1 INFO betopiaerp betopiaerp.addons.base.tests.test_views: Starting TestViews.test_forbidden_data_tooltip_attributes_in_kanban ... 
2026-02-09 11:20:20,390 1 INFO betopiaerp betopiaerp.addons.base.tests.test_views: Starting TestViews.test_forbidden_owl_directives_in_form ... 
2026-02-09 11:20:20,401 1 INFO betopiaerp betopiaerp.addons.base.tests.test_views: Starting TestViews.test_forbidden_owl_directives_in_kanban ... 
2026-02-09 11:20:20,412 1 INFO betopiaerp betopiaerp.addons.base.tests.test_views: Starting TestViews.test_forbidden_use_of___comp___in_kanban ... 
2026-02-09 11:20:20,421 1 INFO betopiaerp betopiaerp.addons.base.tests.test_views: Starting TestViews.test_graph_attributes ... 
2026-02-09 11:20:20,434 1 INFO betopiaerp betopiaerp.addons.base.tests.test_views: Starting TestViews.test_graph_fields ... 
2026-02-09 11:20:20,444 1 INFO betopiaerp betopiaerp.addons.base.tests.test_views: Starting TestViews.test_group_by_in_filter ... 
2026-02-09 11:20:20,455 1 INFO betopiaerp betopiaerp.addons.base.tests.test_views: Starting TestViews.test_groups_field ... 
2026-02-09 11:20:20,465 1 INFO betopiaerp betopiaerp.addons.base.tests.test_views: Starting TestViews.test_invalid_field ... 
2026-02-09 11:20:20,476 1 INFO betopiaerp betopiaerp.addons.base.tests.test_views: Starting TestViews.test_invalid_subfield ... 
2026-02-09 11:20:20,486 1 INFO betopiaerp betopiaerp.addons.base.tests.test_views: Starting TestViews.test_invalid_type ... 
2026-02-09 11:20:20,489 1 INFO betopiaerp betopiaerp.addons.base.tests.test_views: Starting TestViews.test_invisible_groups_with_groups_in_model ... 
2026-02-09 11:20:20,502 1 INFO betopiaerp betopiaerp.addons.base.tests.test_views: Starting TestViews.test_nonexistent_attribute_removal ... 
2026-02-09 11:20:20,509 1 INFO betopiaerp betopiaerp.addons.base.tests.test_views: Starting TestViews.test_partial_validation ... 
2026-02-09 11:20:20,554 1 INFO betopiaerp betopiaerp.addons.base.tests.test_views: Starting TestViews.test_searchpanel ... 
2026-02-09 11:20:20,580 1 INFO betopiaerp betopiaerp.addons.base.tests.test_views: Starting TestViews.test_tree ... 
2026-02-09 11:20:20,591 1 INFO betopiaerp betopiaerp.addons.base.tests.test_views: Starting TestViews.test_tree_groupby ... 
2026-02-09 11:20:20,606 1 INFO betopiaerp betopiaerp.addons.base.tests.test_views: Starting TestViews.test_tree_groupby_many2one ... 
2026-02-09 11:20:20,625 1 INFO betopiaerp betopiaerp.addons.base.tests.test_views: Starting TestViews.test_valid_accessibility_icon_text ... 
2026-02-09 11:20:20,650 1 INFO betopiaerp betopiaerp.addons.base.tests.test_views: Starting TestViews.test_valid_alerts ... 
2026-02-09 11:20:20,661 1 INFO betopiaerp betopiaerp.addons.base.tests.test_views: Starting TestViews.test_valid_alternative_image_text ... 
2026-02-09 11:20:20,670 1 INFO betopiaerp betopiaerp.addons.base.tests.test_views: Starting TestViews.test_valid_dialog ... 
2026-02-09 11:20:20,689 1 INFO betopiaerp betopiaerp.addons.base.tests.test_views: Starting TestViews.test_valid_focusable_button ... 
2026-02-09 11:20:20,716 1 INFO betopiaerp betopiaerp.addons.base.tests.test_views: Starting TestViews.test_valid_prohibited_none_role ... 
2026-02-09 11:20:20,725 1 INFO betopiaerp betopiaerp.addons.base.tests.test_views: Starting TestViews.test_valid_simili_button ... 
2026-02-09 11:20:20,733 1 INFO betopiaerp betopiaerp.addons.base.tests.test_views: Starting TestViews.test_valid_simili_dropdown ... 
2026-02-09 11:20:20,741 1 INFO betopiaerp betopiaerp.addons.base.tests.test_views: Starting TestViews.test_valid_simili_progressbar ... 
2026-02-09 11:20:20,757 1 INFO betopiaerp betopiaerp.addons.base.tests.test_views: Starting TestViews.test_valid_simili_tab ... 
2026-02-09 11:20:20,771 1 INFO betopiaerp betopiaerp.addons.base.tests.test_views: Starting TestViews.test_valid_simili_tablist ... 
2026-02-09 11:20:20,780 1 INFO betopiaerp betopiaerp.addons.base.tests.test_views: Starting TestViews.test_valid_simili_tabpanel ... 
2026-02-09 11:20:20,790 1 INFO betopiaerp betopiaerp.addons.base.tests.test_views: Starting TestViews.test_view_inheritance ... 
2026-02-09 11:20:20,804 1 INFO betopiaerp betopiaerp.addons.base.tests.test_views: Starting TestViews.test_view_inheritance_divergent_models ... 
2026-02-09 11:20:20,821 1 INFO betopiaerp betopiaerp.addons.base.tests.test_views: Starting TestViews.test_view_inheritance_text_after ... 
2026-02-09 11:20:20,831 1 INFO betopiaerp betopiaerp.addons.base.tests.test_views: Starting TestViews.test_view_inheritance_text_before ... 
2026-02-09 11:20:20,843 1 INFO betopiaerp betopiaerp.addons.base.tests.test_views: Starting TestViews.test_view_inheritance_text_inside ... 
2026-02-09 11:20:20,854 1 INFO betopiaerp betopiaerp.addons.base.tests.test_views: Starting TestViews.test_view_ref ... 
2026-02-09 11:20:20,874 1 INFO betopiaerp betopiaerp.addons.base.tests.test_views: Starting TestViews.test_view_root_node_matches_view_type ... 
2026-02-09 11:20:20,885 1 INFO betopiaerp betopiaerp.addons.base.tests.test_views: Starting TestViews.test_xml_editor_rejects_encoding_declaration ... 
2026-02-09 11:20:20,898 1 INFO betopiaerp betopiaerp.addons.base.models.ir_attachment: filestore gc 2 checked, 2 removed 
2026-02-09 11:20:20,899 1 INFO betopiaerp betopiaerp.addons.base.tests.test_views: Starting TestDebugger.test_t_debug_in_qweb_based_views ... 
2026-02-09 11:20:20,902 1 INFO betopiaerp betopiaerp.addons.base.models.ir_attachment: filestore gc 0 checked, 0 removed 
2026-02-09 11:20:20,925 1 INFO betopiaerp betopiaerp.addons.base.tests.test_views: Starting TestInvisibleField.test_uncommented_invisible_field ... 
2026-02-09 11:20:20,935 1 INFO betopiaerp betopiaerp.addons.base.tests.test_views: Please indicate why the always invisible fields are present in the view, or remove the field tag.
Addons: 'base_setup'   Views: ['res_config_settings_view_form']
Addons: 'base_import_module'   Views: ['view_base_module_import']
Addons: 'web'   Views: ['view_base_document_layout']
Addons: 'auth_totp'   Views: ['view_totp_form', 'view_totp_field'] 
2026-02-09 11:20:20,938 1 INFO betopiaerp betopiaerp.addons.base.models.ir_attachment: filestore gc 1 checked, 1 removed 
2026-02-09 11:20:20,940 1 INFO betopiaerp betopiaerp.addons.rpc.tests.test_xmlrpc: Starting TestXMLRPC.test_01_xmlrpc_login ... 
2026-02-09 11:20:20,942 1 INFO betopiaerp betopiaerp.addons.base.models.ir_http: Generating routing map for key None 
2026-02-09 11:20:21,273 1 INFO None betopiaerp.addons.base.models.res_users: Login successful for login:admin from n/a 
2026-02-09 11:20:21,274 1 INFO None werkzeug: 127.0.0.1 - - [09/Feb/2026 11:20:21] "POST /xmlrpc/2/common HTTP/1.1" 200 - 10 0.003 0.330
2026-02-09 11:20:21,276 1 INFO betopiaerp betopiaerp.addons.rpc.tests.test_xmlrpc: Starting TestXMLRPC.test_jsonrpc_name_search ... 
2026-02-09 11:20:21,280 1 INFO betopiaerp betopiaerp.addons.base.models.ir_http: Generating routing map for key None 
2026-02-09 11:20:21,624 1 INFO betopiaerp werkzeug: 127.0.0.1 - - [09/Feb/2026 11:20:21] "POST /jsonrpc#res.partner.name_search HTTP/1.1" 200 - 23 0.006 0.338
2026-02-09 11:20:21,625 1 INFO betopiaerp betopiaerp.addons.rpc.tests.test_xmlrpc: Starting TestXMLRPC.test_jsonrpc_read_group ... 
2026-02-09 11:20:21,628 1 INFO betopiaerp betopiaerp.addons.base.models.ir_http: Generating routing map for key None 
2026-02-09 11:20:21,952 1 INFO betopiaerp werkzeug: 127.0.0.1 - - [09/Feb/2026 11:20:21] "POST /jsonrpc#res.partner.formatted_read_group HTTP/1.1" 200 - 22 0.006 0.318
2026-02-09 11:20:21,953 1 INFO betopiaerp betopiaerp.addons.rpc.tests.test_xmlrpc: Starting TestXMLRPC.test_xmlrpc_attachment_raw ... 
2026-02-09 11:20:21,957 1 INFO betopiaerp betopiaerp.addons.base.models.ir_http: Generating routing map for key None 
2026-02-09 11:20:22,280 1 INFO betopiaerp werkzeug: 127.0.0.1 - - [09/Feb/2026 11:20:22] "POST /xmlrpc/2/object#ir.attachment.read HTTP/1.1" 200 - 18 0.003 0.320
2026-02-09 11:20:22,282 1 INFO betopiaerp betopiaerp.addons.rpc.tests.test_xmlrpc: Starting TestXMLRPC.test_xmlrpc_datetime ... 
2026-02-09 11:20:22,285 1 INFO betopiaerp betopiaerp.addons.base.models.ir_http: Generating routing map for key None 
2026-02-09 11:20:22,615 1 INFO betopiaerp werkzeug: 127.0.0.1 - - [09/Feb/2026 11:20:22] "POST /xmlrpc/2/object#res.device.log.create HTTP/1.1" 200 - 22 0.006 0.324
2026-02-09 11:20:22,621 1 INFO betopiaerp werkzeug: 127.0.0.1 - - [09/Feb/2026 11:20:22] "POST /xmlrpc/2/object#res.device.log.read HTTP/1.1" 200 - 7 0.002 0.003
2026-02-09 11:20:22,623 1 INFO betopiaerp betopiaerp.addons.rpc.tests.test_xmlrpc: Starting TestXMLRPC.test_xmlrpc_defaultdict_marshalling ... 
2026-02-09 11:20:22,625 1 INFO betopiaerp betopiaerp.addons.base.models.ir_http: Generating routing map for key None 
2026-02-09 11:20:22,936 1 INFO betopiaerp werkzeug: 127.0.0.1 - - [09/Feb/2026 11:20:22] "POST /xmlrpc/2/object#res.users.context_get HTTP/1.1" 200 - 7 0.002 0.310
2026-02-09 11:20:22,937 1 INFO betopiaerp betopiaerp.addons.rpc.tests.test_xmlrpc: Starting TestXMLRPC.test_xmlrpc_frozendict_marshalling ... 
2026-02-09 11:20:22,945 1 INFO betopiaerp betopiaerp.addons.base.models.ir_http: Generating routing map for key None 
2026-02-09 11:20:23,263 1 INFO betopiaerp werkzeug: 127.0.0.1 - - [09/Feb/2026 11:20:23] "POST /xmlrpc/2/object#res.users.context_get HTTP/1.1" 200 - 9 0.002 0.317
2026-02-09 11:20:23,265 1 INFO betopiaerp betopiaerp.addons.rpc.tests.test_xmlrpc: Starting TestXMLRPC.test_xmlrpc_html_field ... 
2026-02-09 11:20:23,293 1 INFO betopiaerp betopiaerp.addons.base.models.ir_http: Generating routing map for key None 
2026-02-09 11:20:23,630 1 INFO betopiaerp werkzeug: 127.0.0.1 - - [09/Feb/2026 11:20:23] "POST /xmlrpc/2/object#res.users.read HTTP/1.1" 200 - 19 0.005 0.331
2026-02-09 11:20:23,631 1 INFO betopiaerp betopiaerp.addons.rpc.tests.test_xmlrpc: Starting TestXMLRPC.test_xmlrpc_ir_model_search ... 
2026-02-09 11:20:23,634 1 INFO betopiaerp betopiaerp.addons.base.models.ir_http: Generating routing map for key None 
2026-02-09 11:20:23,970 1 INFO betopiaerp werkzeug: 127.0.0.1 - - [09/Feb/2026 11:20:23] "POST /xmlrpc/2/object#ir.model.search HTTP/1.1" 200 - 17 0.005 0.331
2026-02-09 11:20:23,976 1 INFO betopiaerp werkzeug: 127.0.0.1 - - [09/Feb/2026 11:20:23] "POST /xmlrpc/2/object#ir.model.search HTTP/1.1" 200 - 1 0.001 0.003
2026-02-09 11:20:23,978 1 INFO betopiaerp betopiaerp.addons.rpc.tests.test_xmlrpc: Starting TestXMLRPC.test_xmlrpc_name_search ... 
2026-02-09 11:20:23,980 1 INFO betopiaerp betopiaerp.addons.base.models.ir_http: Generating routing map for key None 
2026-02-09 11:20:24,326 1 INFO betopiaerp werkzeug: 127.0.0.1 - - [09/Feb/2026 11:20:24] "POST /xmlrpc/2/object#res.partner.name_search HTTP/1.1" 200 - 23 0.006 0.340
2026-02-09 11:20:24,328 1 INFO betopiaerp betopiaerp.addons.rpc.tests.test_xmlrpc: Starting TestXMLRPC.test_xmlrpc_read_group ... 
2026-02-09 11:20:24,331 1 INFO betopiaerp betopiaerp.addons.base.models.ir_http: Generating routing map for key None 
2026-02-09 11:20:24,665 1 INFO betopiaerp werkzeug: 127.0.0.1 - - [09/Feb/2026 11:20:24] "POST /xmlrpc/2/object#res.partner.formatted_read_group HTTP/1.1" 200 - 22 0.006 0.329
2026-02-09 11:20:24,667 1 INFO betopiaerp betopiaerp.addons.rpc.tests.test_xmlrpc: Starting TestXMLRPC.test_xmlrpc_remove_control_characters ... 
2026-02-09 11:20:24,692 1 INFO betopiaerp betopiaerp.addons.base.models.ir_http: Generating routing map for key None 
2026-02-09 11:20:25,013 1 INFO betopiaerp werkzeug: 127.0.0.1 - - [09/Feb/2026 11:20:25] "POST /xmlrpc/2/object#res.users.read HTTP/1.1" 200 - 20 0.005 0.317
2026-02-09 11:20:25,016 1 INFO betopiaerp betopiaerp.addons.base.models.ir_attachment: filestore gc 3 checked, 3 removed 
2026-02-09 11:20:25,035 1 INFO betopiaerp betopiaerp.addons.rpc.tests.test_xmlrpc: Starting TestAPIKeys.test_delete ... 
2026-02-09 11:20:25,046 1 INFO betopiaerp betopiaerp.addons.base.models.res_users: Users API Keys generated: scope: <None> for 'byl' (#1255) from localhost 
2026-02-09 11:20:25,048 1 INFO betopiaerp betopiaerp.models.unlink: User #1255 deleted res.users.apikeys.description records with IDs: [38] 
2026-02-09 11:20:25,056 1 INFO betopiaerp betopiaerp.addons.base.models.res_users: Users API Keys generated: scope: <None> for 'byl' (#1255) from localhost 
2026-02-09 11:20:25,058 1 INFO betopiaerp betopiaerp.models.unlink: User #1255 deleted res.users.apikeys.description records with IDs: [39] 
2026-02-09 11:20:25,064 1 INFO betopiaerp betopiaerp.addons.base.models.res_users: Users API Keys generated: scope: <None> for 'byl' (#1255) from localhost 
2026-02-09 11:20:25,066 1 INFO betopiaerp betopiaerp.models.unlink: User #1255 deleted res.users.apikeys.description records with IDs: [40] 
2026-02-09 11:20:25,070 1 INFO betopiaerp betopiaerp.addons.base.models.res_users: API key(s) removed: scope: <[False]> for 'byl' (#1255) from localhost 
2026-02-09 11:20:25,071 1 INFO betopiaerp betopiaerp.models.unlink: User #1255 deleted res.users.apikeys records with IDs: [36] 
2026-02-09 11:20:25,075 1 INFO betopiaerp betopiaerp.addons.base.models.res_users: API key(s) removed: scope: <[False]> for 'admin' (#2) from localhost 
2026-02-09 11:20:25,077 1 INFO betopiaerp betopiaerp.models.unlink: User #2 deleted res.users.apikeys records with IDs: [37] 
2026-02-09 11:20:25,092 1 INFO betopiaerp betopiaerp.addons.base.models.ir_rule: Access Denied by record rules for operation: read on record ids: [38], uid: 1256, model: res.users.apikeys 
2026-02-09 11:20:25,095 1 INFO betopiaerp betopiaerp.addons.base.models.ir_rule: Access Denied by record rules for operation: read on record ids: [38], uid: 1256, model: res.users.apikeys 
2026-02-09 11:20:25,097 1 INFO betopiaerp betopiaerp.addons.rpc.tests.test_xmlrpc: Starting TestAPIKeys.test_disabled ... 
2026-02-09 11:20:25,105 1 INFO betopiaerp betopiaerp.addons.base.models.res_users: Users API Keys generated: scope: <None> for 'byl' (#1255) from localhost 
2026-02-09 11:20:25,107 1 INFO betopiaerp betopiaerp.models.unlink: User #1255 deleted res.users.apikeys.description records with IDs: [41] 
2026-02-09 11:20:25,114 1 INFO betopiaerp betopiaerp.addons.rpc.tests.test_xmlrpc: Starting TestAPIKeys.test_key ... 
2026-02-09 11:20:25,122 1 INFO betopiaerp betopiaerp.addons.base.models.res_users: Users API Keys generated: scope: <None> for 'byl' (#1255) from localhost 
2026-02-09 11:20:25,124 1 INFO betopiaerp betopiaerp.models.unlink: User #1255 deleted res.users.apikeys.description records with IDs: [42] 
2026-02-09 11:20:25,128 1 INFO betopiaerp betopiaerp.addons.base.models.res_users: Login successful for login:byl from localhost 
2026-02-09 11:20:25,134 1 INFO betopiaerp betopiaerp.addons.base.models.res_users: Login successful for login:byl from localhost 
2026-02-09 11:20:25,139 1 INFO betopiaerp betopiaerp.tests.common: Simulating signal changes during tests 
2026-02-09 11:20:25,141 1 INFO betopiaerp betopiaerp.addons.rpc.tests.test_xmlrpc: Starting TestAPIKeys.test_trivial ... 
2026-02-09 11:20:25,143 1 INFO betopiaerp betopiaerp.addons.base.models.res_users: Login successful for login:byl from localhost 
2026-02-09 11:20:25,147 1 INFO betopiaerp betopiaerp.tests.common: Simulating signal changes during tests 
2026-02-09 11:20:25,148 1 INFO betopiaerp betopiaerp.addons.rpc.tests.test_xmlrpc: Starting TestAPIKeys.test_wrongpw ... 
2026-02-09 11:20:25,150 1 INFO betopiaerp betopiaerp.addons.base.models.res_users: Login failed for login:byl from localhost 
2026-02-09 11:20:25,154 1 INFO betopiaerp betopiaerp.addons.base.models.ir_attachment: filestore gc 2 checked, 2 removed 
2026-02-09 11:20:25,181 1 INFO betopiaerp betopiaerp.addons.web.tests.test_action: Starting TestLoadBreadcrumbs.test_breadcrumbs_action_with_res_model ... 
2026-02-09 11:20:25,186 1 INFO betopiaerp betopiaerp.addons.base.models.res_users: Login successful for login:admin from n/a 
2026-02-09 11:20:25,194 1 INFO betopiaerp betopiaerp.addons.base.models.ir_http: Generating routing map for key None 
2026-02-09 11:20:25,208 1 INFO betopiaerp werkzeug: 127.0.0.1 - - [09/Feb/2026 11:20:25] "POST /web/action/load_breadcrumbs HTTP/1.1" 200 - 7 0.001 0.013
2026-02-09 11:20:25,229 1 INFO betopiaerp werkzeug: 127.0.0.1 - - [09/Feb/2026 11:20:25] "POST /web/action/load_breadcrumbs HTTP/1.1" 200 - 17 0.006 0.012
2026-02-09 11:20:25,232 1 INFO betopiaerp betopiaerp.addons.web.tests.test_action: Starting TestLoadBreadcrumbs.test_breadcrumbs_client_action ... 
2026-02-09 11:20:25,236 1 INFO betopiaerp betopiaerp.addons.base.models.res_users: Login successful for login:admin from n/a 
2026-02-09 11:20:25,243 1 INFO betopiaerp betopiaerp.addons.base.models.ir_http: Generating routing map for key None 
2026-02-09 11:20:25,335 1 INFO betopiaerp werkzeug: 127.0.0.1 - - [09/Feb/2026 11:20:25] "POST /web/action/load_breadcrumbs HTTP/1.1" 200 - 7 0.002 0.090
2026-02-09 11:20:25,337 1 INFO betopiaerp betopiaerp.addons.web.tests.test_action: Starting TestLoadBreadcrumbs.test_breadcrumbs_client_action_multirecord ... 
2026-02-09 11:20:25,339 1 INFO betopiaerp betopiaerp.addons.base.models.res_users: Login successful for login:admin from n/a 
2026-02-09 11:20:25,343 1 INFO betopiaerp betopiaerp.addons.base.models.ir_http: Generating routing map for key None 
2026-02-09 11:20:25,367 1 INFO betopiaerp werkzeug: 127.0.0.1 - - [09/Feb/2026 11:20:25] "POST /web/action/load_breadcrumbs HTTP/1.1" 200 - 25 0.006 0.019
2026-02-09 11:20:25,369 1 INFO betopiaerp betopiaerp.addons.web.tests.test_action: Starting TestLoadBreadcrumbs.test_breadcrumbs_empty_action ... 
2026-02-09 11:20:25,372 1 INFO betopiaerp betopiaerp.addons.base.models.res_users: Login successful for login:admin from n/a 
2026-02-09 11:20:25,376 1 INFO betopiaerp betopiaerp.addons.base.models.ir_http: Generating routing map for key None 
2026-02-09 11:20:25,385 1 INFO betopiaerp werkzeug: 127.0.0.1 - - [09/Feb/2026 11:20:25] "POST /web/action/load_breadcrumbs HTTP/1.1" 200 - 2 0.000 0.009
2026-02-09 11:20:25,386 1 INFO betopiaerp betopiaerp.addons.web.tests.test_action: Starting TestLoadBreadcrumbs.test_breadcrumbs_get_model ... 
2026-02-09 11:20:25,389 1 INFO betopiaerp betopiaerp.addons.base.models.res_users: Login successful for login:admin from n/a 
2026-02-09 11:20:25,393 1 INFO betopiaerp betopiaerp.addons.base.models.ir_http: Generating routing map for key None 
2026-02-09 11:20:25,407 1 INFO betopiaerp werkzeug: 127.0.0.1 - - [09/Feb/2026 11:20:25] "POST /web/action/load_breadcrumbs HTTP/1.1" 200 - 2 0.000 0.014
2026-02-09 11:20:25,423 1 INFO betopiaerp werkzeug: 127.0.0.1 - - [09/Feb/2026 11:20:25] "POST /web/action/load_breadcrumbs HTTP/1.1" 200 - 19 0.005 0.009
2026-02-09 11:20:25,426 1 INFO betopiaerp betopiaerp.addons.web.tests.test_action: Starting TestLoadBreadcrumbs.test_breadcrumbs_no_action_nor_model ... 
2026-02-09 11:20:25,429 1 INFO betopiaerp betopiaerp.addons.base.models.res_users: Login successful for login:admin from n/a 
2026-02-09 11:20:25,433 1 INFO betopiaerp betopiaerp.addons.base.models.ir_http: Generating routing map for key None 
2026-02-09 11:20:25,445 1 INFO betopiaerp werkzeug: 127.0.0.1 - - [09/Feb/2026 11:20:25] "POST /web/action/load_breadcrumbs HTTP/1.1" 200 - 2 0.000 0.012
2026-02-09 11:20:25,446 1 INFO betopiaerp betopiaerp.addons.web.tests.test_action: Starting TestLoadBreadcrumbs.test_breadcrumbs_server_action_path ... 
2026-02-09 11:20:25,449 1 INFO betopiaerp betopiaerp.addons.base.models.res_users: Login successful for login:admin from n/a 
2026-02-09 11:20:25,455 1 INFO betopiaerp betopiaerp.addons.base.models.ir_http: Generating routing map for key None 
2026-02-09 11:20:25,476 1 INFO betopiaerp werkzeug: 127.0.0.1 - - [09/Feb/2026 11:20:25] "POST /web/action/load_breadcrumbs HTTP/1.1" 200 - 31 0.006 0.016
2026-02-09 11:20:25,478 1 INFO betopiaerp betopiaerp.addons.web.tests.test_action: Starting TestLoadBreadcrumbs.test_breadcrumbs_server_action_without_res_model ... 
2026-02-09 11:20:25,480 1 INFO betopiaerp betopiaerp.addons.base.models.res_users: Login successful for login:admin from n/a 
2026-02-09 11:20:25,485 1 INFO betopiaerp betopiaerp.addons.base.models.ir_http: Generating routing map for key None 
2026-02-09 11:20:25,507 1 INFO betopiaerp werkzeug: 127.0.0.1 - - [09/Feb/2026 11:20:25] "POST /web/action/load_breadcrumbs HTTP/1.1" 200 - 31 0.006 0.017
2026-02-09 11:20:25,508 1 INFO betopiaerp betopiaerp.addons.web.tests.test_action: Starting TestLoadBreadcrumbs.test_breadcrumbs_window_action ... 
2026-02-09 11:20:25,511 1 INFO betopiaerp betopiaerp.addons.base.models.res_users: Login successful for login:admin from n/a 
2026-02-09 11:20:25,515 1 INFO betopiaerp betopiaerp.addons.base.models.ir_http: Generating routing map for key None 
2026-02-09 11:20:25,530 1 INFO betopiaerp werkzeug: 127.0.0.1 - - [09/Feb/2026 11:20:25] "POST /web/action/load_breadcrumbs HTTP/1.1" 200 - 18 0.003 0.012
2026-02-09 11:20:25,533 1 INFO betopiaerp betopiaerp.addons.base.models.ir_attachment: filestore gc 0 checked, 0 removed 
2026-02-09 11:20:25,534 1 INFO betopiaerp betopiaerp.addons.web.tests.test_assets: Starting TestLogsAssetsGenerateTime.test_logs_assets_check_time ... 
2026-02-09 11:20:25,541 1 INFO betopiaerp betopiaerp.addons.web.tests.test_assets: Bundle 'web.report_assets_pdf.css' checked in 0.00s 
2026-02-09 11:20:25,541 1 INFO betopiaerp betopiaerp.addons.web.tests.test_assets: Bundle 'web.report_assets_pdf.js' checked in 0.00s 
2026-02-09 11:20:25,562 1 INFO betopiaerp betopiaerp.addons.web.tests.test_assets: Bundle 'web._assets_secondary_variables.css' checked in 0.02s 
2026-02-09 11:20:25,563 1 INFO betopiaerp betopiaerp.addons.web.tests.test_assets: Bundle 'web._assets_secondary_variables.js' checked in 0.00s 
2026-02-09 11:20:27,848 1 INFO betopiaerp betopiaerp.addons.web.tests.test_assets: Bundle 'web.assets_frontend_lazy.css' checked in 2.28s 
2026-02-09 11:20:27,849 1 INFO betopiaerp betopiaerp.addons.web.tests.test_assets: Bundle 'web.assets_frontend_lazy.js' checked in 0.00s 
2026-02-09 11:20:27,930 1 INFO betopiaerp betopiaerp.addons.web.tests.test_assets: Bundle 'web.__assets_tests_call__.css' checked in 0.08s 
2026-02-09 11:20:27,931 1 INFO betopiaerp betopiaerp.addons.web.tests.test_assets: Bundle 'web.__assets_tests_call__.js' checked in 0.00s 
2026-02-09 11:20:27,935 1 INFO betopiaerp betopiaerp.addons.web.tests.test_assets: Bundle 'web.assets_clickbot.css' checked in 0.00s 
2026-02-09 11:20:27,950 1 INFO betopiaerp betopiaerp.addons.web.tests.test_assets: Bundle 'web.assets_clickbot.js' checked in 0.02s 
2026-02-09 11:20:27,967 1 INFO betopiaerp betopiaerp.addons.web.tests.test_assets: Bundle 'web_tour.common.css' checked in 0.02s 
2026-02-09 11:20:28,022 1 INFO betopiaerp betopiaerp.addons.web.tests.test_assets: Bundle 'web_tour.common.js' checked in 0.05s 
2026-02-09 11:20:30,202 1 INFO betopiaerp betopiaerp.addons.web.tests.test_assets: Bundle 'web.assets_frontend.css' checked in 2.18s 
2026-02-09 11:20:31,704 1 INFO betopiaerp betopiaerp.addons.web.tests.test_assets: Bundle 'web.assets_frontend.js' checked in 1.50s 
2026-02-09 11:20:33,387 1 INFO betopiaerp betopiaerp.addons.web.tests.test_assets: Bundle 'web.assets_backend_lazy_dark.css' checked in 1.68s 
2026-02-09 11:20:33,454 1 INFO betopiaerp betopiaerp.addons.web.tests.test_assets: Bundle 'web.assets_backend_lazy_dark.js' checked in 0.07s 
2026-02-09 11:20:33,549 1 INFO betopiaerp betopiaerp.addons.web.tests.test_assets: Bundle 'html_editor.assets_media_dialog.css' checked in 0.09s 
2026-02-09 11:20:33,638 1 INFO betopiaerp betopiaerp.addons.web.tests.test_assets: Bundle 'html_editor.assets_media_dialog.js' checked in 0.09s 
2026-02-09 11:20:33,828 1 INFO betopiaerp betopiaerp.addons.web.tests.test_assets: Bundle 'html_editor.assets_readonly.css' checked in 0.19s 
2026-02-09 11:20:33,982 1 INFO betopiaerp betopiaerp.addons.web.tests.test_assets: Bundle 'html_editor.assets_readonly.js' checked in 0.15s 
2026-02-09 11:20:35,948 1 INFO betopiaerp betopiaerp.addons.web.tests.test_assets: Bundle 'web.report_assets_common.css' checked in 1.97s 
2026-02-09 11:20:35,949 1 INFO betopiaerp betopiaerp.addons.web.tests.test_assets: Bundle 'web.report_assets_common.js' checked in 0.00s 
2026-02-09 11:20:35,963 1 INFO betopiaerp betopiaerp.addons.web.tests.test_assets: Bundle 'html_editor.assets_prism_dark.css' checked in 0.01s 
2026-02-09 11:20:35,974 1 INFO betopiaerp betopiaerp.addons.web.tests.test_assets: Bundle 'html_editor.assets_prism_dark.js' checked in 0.01s 
2026-02-09 11:20:42,668 1 INFO betopiaerp betopiaerp.addons.web.tests.test_assets: Bundle 'web.tests_assets.css' checked in 6.69s 
2026-02-09 11:20:42,671 1 INFO betopiaerp betopiaerp.addons.web.tests.test_assets: Bundle 'web.tests_assets.js' checked in 0.00s 
2026-02-09 11:20:42,712 1 INFO betopiaerp betopiaerp.addons.web.tests.test_assets: Bundle 'web_tour.recorder.css' checked in 0.04s 
2026-02-09 11:20:42,786 1 INFO betopiaerp betopiaerp.addons.web.tests.test_assets: Bundle 'web_tour.recorder.js' checked in 0.07s 
2026-02-09 11:20:43,835 1 INFO betopiaerp betopiaerp.addons.web.tests.test_assets: Bundle 'web._assets_bootstrap.css' checked in 1.05s 
2026-02-09 11:20:43,835 1 INFO betopiaerp betopiaerp.addons.web.tests.test_assets: Bundle 'web._assets_bootstrap.js' checked in 0.00s 
2026-02-09 11:20:43,842 1 INFO betopiaerp betopiaerp.addons.web.tests.test_assets: Bundle 'web.assets_unit_tests_setup_ui.css' checked in 0.01s 
2026-02-09 11:20:43,863 1 INFO betopiaerp betopiaerp.addons.web.tests.test_assets: Bundle 'web.assets_unit_tests_setup_ui.js' checked in 0.02s 
2026-02-09 11:20:44,917 1 INFO betopiaerp betopiaerp.addons.web.tests.test_assets: Bundle 'web._assets_bootstrap_frontend.css' checked in 1.05s 
2026-02-09 11:20:44,918 1 INFO betopiaerp betopiaerp.addons.web.tests.test_assets: Bundle 'web._assets_bootstrap_frontend.js' checked in 0.00s 
2026-02-09 11:20:46,229 1 INFO betopiaerp betopiaerp.addons.web.tests.test_assets: Bundle 'web.assets_unit_tests.css' checked in 1.31s 
2026-02-09 11:20:46,231 1 INFO betopiaerp betopiaerp.addons.web.tests.test_assets: Bundle 'web.assets_unit_tests.js' checked in 0.00s 
2026-02-09 11:20:46,256 1 INFO betopiaerp betopiaerp.addons.web.tests.test_assets: Bundle 'web.fullcalendar_lib.css' checked in 0.02s 
2026-02-09 11:20:46,347 1 INFO betopiaerp betopiaerp.addons.web.tests.test_assets: Bundle 'web.fullcalendar_lib.js' checked in 0.09s 
2026-02-09 11:20:52,013 1 INFO betopiaerp betopiaerp.addons.web.tests.test_assets: Bundle 'web.assets_web.css' checked in 5.67s 
2026-02-09 11:20:52,017 1 INFO betopiaerp betopiaerp.addons.web.tests.test_assets: Bundle 'web.assets_web.js' checked in 0.00s 
2026-02-09 11:20:53,004 1 INFO betopiaerp betopiaerp.addons.web.tests.test_assets: Bundle 'web._assets_core.css' checked in 0.99s 
2026-02-09 11:20:53,942 1 INFO betopiaerp betopiaerp.addons.web.tests.test_assets: Bundle 'web._assets_core.js' checked in 0.94s 
2026-02-09 11:21:00,404 1 INFO betopiaerp betopiaerp.addons.web.tests.test_assets: Bundle 'web.assets_web_print.css' checked in 6.46s 
2026-02-09 11:21:04,085 1 INFO betopiaerp betopiaerp.addons.web.tests.test_assets: Bundle 'web.assets_web_print.js' checked in 3.68s 
2026-02-09 11:21:04,110 1 INFO betopiaerp betopiaerp.addons.web.tests.test_assets: Bundle 'web_tour.interactive.css' checked in 0.02s 
2026-02-09 11:21:04,169 1 INFO betopiaerp betopiaerp.addons.web.tests.test_assets: Bundle 'web_tour.interactive.js' checked in 0.06s 
2026-02-09 11:21:05,370 1 INFO betopiaerp betopiaerp.addons.web.tests.test_assets: Bundle 'html_editor.assets_editor.css' checked in 1.20s 
2026-02-09 11:21:06,225 1 INFO betopiaerp betopiaerp.addons.web.tests.test_assets: Bundle 'html_editor.assets_editor.js' checked in 0.85s 
2026-02-09 11:21:12,974 1 INFO betopiaerp betopiaerp.addons.web.tests.test_assets: Bundle 'web.assets_web_dark.css' checked in 6.75s 
2026-02-09 11:21:16,646 1 INFO betopiaerp betopiaerp.addons.web.tests.test_assets: Bundle 'web.assets_web_dark.js' checked in 3.67s 
2026-02-09 11:21:16,660 1 INFO betopiaerp betopiaerp.addons.web.tests.test_assets: Bundle 'html_editor.assets_image_cropper.css' checked in 0.01s 
2026-02-09 11:21:16,681 1 INFO betopiaerp betopiaerp.addons.web.tests.test_assets: Bundle 'html_editor.assets_image_cropper.js' checked in 0.02s 
2026-02-09 11:21:16,719 1 INFO betopiaerp betopiaerp.addons.web.tests.test_assets: Bundle 'web_tour.automatic.css' checked in 0.04s 
2026-02-09 11:21:16,793 1 INFO betopiaerp betopiaerp.addons.web.tests.test_assets: Bundle 'web_tour.automatic.js' checked in 0.07s 
2026-02-09 11:21:18,328 1 INFO betopiaerp betopiaerp.addons.web.tests.test_assets: Bundle 'web._assets_helpers.css' checked in 1.53s 
2026-02-09 11:21:18,328 1 INFO betopiaerp betopiaerp.addons.web.tests.test_assets: Bundle 'web._assets_helpers.js' checked in 0.00s 
2026-02-09 11:21:19,353 1 INFO betopiaerp betopiaerp.addons.web.tests.test_assets: Bundle 'api_doc.assets.css' checked in 1.02s 
2026-02-09 11:21:19,354 1 INFO betopiaerp betopiaerp.addons.web.tests.test_assets: Bundle 'api_doc.assets.js' checked in 0.00s 
2026-02-09 11:21:19,361 1 INFO betopiaerp betopiaerp.addons.web.tests.test_assets: Bundle 'web.assets_emoji.css' checked in 0.01s 
2026-02-09 11:21:19,480 1 INFO betopiaerp betopiaerp.addons.web.tests.test_assets: Bundle 'web.assets_emoji.js' checked in 0.12s 
2026-02-09 11:21:20,560 1 INFO betopiaerp betopiaerp.addons.web.tests.test_assets: Bundle 'web._assets_bootstrap_backend.css' checked in 1.08s 
2026-02-09 11:21:20,560 1 INFO betopiaerp betopiaerp.addons.web.tests.test_assets: Bundle 'web._assets_bootstrap_backend.js' checked in 0.00s 
2026-02-09 11:21:20,583 1 INFO betopiaerp betopiaerp.addons.web.tests.test_assets: Bundle 'web._assets_frontend_helpers.css' checked in 0.02s 
2026-02-09 11:21:20,584 1 INFO betopiaerp betopiaerp.addons.web.tests.test_assets: Bundle 'web._assets_frontend_helpers.js' checked in 0.00s 
2026-02-09 11:21:20,614 1 INFO betopiaerp betopiaerp.addons.web.tests.test_assets: Bundle 'web.ace_lib.css' checked in 0.03s 
2026-02-09 11:21:20,768 1 INFO betopiaerp betopiaerp.addons.web.tests.test_assets: Bundle 'web.ace_lib.js' checked in 0.15s 
2026-02-09 11:21:20,816 1 INFO betopiaerp betopiaerp.addons.web.tests.test_assets: Bundle 'web._assets_backend_helpers.css' checked in 0.05s 
2026-02-09 11:21:20,817 1 INFO betopiaerp betopiaerp.addons.web.tests.test_assets: Bundle 'web._assets_backend_helpers.js' checked in 0.00s 
2026-02-09 11:21:20,824 1 INFO betopiaerp betopiaerp.addons.web.tests.test_assets: Bundle 'web.chartjs_lib.css' checked in 0.01s 
2026-02-09 11:21:20,921 1 INFO betopiaerp betopiaerp.addons.web.tests.test_assets: Bundle 'web.chartjs_lib.js' checked in 0.10s 
2026-02-09 11:21:22,635 1 INFO betopiaerp betopiaerp.addons.web.tests.test_assets: Bundle 'web.assets_backend_lazy.css' checked in 1.71s 
2026-02-09 11:21:22,704 1 INFO betopiaerp betopiaerp.addons.web.tests.test_assets: Bundle 'web.assets_backend_lazy.js' checked in 0.07s 
2026-02-09 11:21:22,716 1 INFO betopiaerp betopiaerp.addons.web.tests.test_assets: Bundle 'html_editor.assets_prism.css' checked in 0.01s 
2026-02-09 11:21:22,725 1 INFO betopiaerp betopiaerp.addons.web.tests.test_assets: Bundle 'html_editor.assets_prism.js' checked in 0.01s 
2026-02-09 11:21:22,736 1 INFO betopiaerp betopiaerp.addons.web.tests.test_assets: Bundle 'bus.websocket_worker_assets.css' checked in 0.01s 
2026-02-09 11:21:22,758 1 INFO betopiaerp betopiaerp.addons.web.tests.test_assets: Bundle 'bus.websocket_worker_assets.js' checked in 0.02s 
2026-02-09 11:21:23,686 1 INFO betopiaerp betopiaerp.addons.web.tests.test_assets: Bundle 'web._assets_primary_variables.css' checked in 0.93s 
2026-02-09 11:21:23,686 1 INFO betopiaerp betopiaerp.addons.web.tests.test_assets: Bundle 'web._assets_primary_variables.js' checked in 0.00s 
2026-02-09 11:21:23,814 1 INFO betopiaerp betopiaerp.addons.web.tests.test_assets: Bundle 'web.qunit_suite_tests.css' checked in 0.13s 
2026-02-09 11:21:23,815 1 INFO betopiaerp betopiaerp.addons.web.tests.test_assets: Bundle 'web.qunit_suite_tests.js' checked in 0.00s 
2026-02-09 11:21:23,830 1 INFO betopiaerp betopiaerp.addons.web.tests.test_assets: Bundle 'html_editor.assets_history_diff.css' checked in 0.01s 
2026-02-09 11:21:23,837 1 INFO betopiaerp betopiaerp.addons.web.tests.test_assets: Bundle 'html_editor.assets_history_diff.js' checked in 0.01s 
2026-02-09 11:21:23,868 1 INFO betopiaerp betopiaerp.addons.web.tests.test_assets: Bundle 'web.assets_frontend_minimal.css' checked in 0.03s 
2026-02-09 11:21:23,868 1 INFO betopiaerp betopiaerp.addons.web.tests.test_assets: Bundle 'web.assets_frontend_minimal.js' checked in 0.00s 
2026-02-09 11:21:32,503 1 INFO betopiaerp betopiaerp.addons.web.tests.test_assets: Bundle 'web.assets_backend.css' checked in 8.63s 
2026-02-09 11:21:36,103 1 INFO betopiaerp betopiaerp.addons.web.tests.test_assets: Bundle 'web.assets_backend.js' checked in 3.60s 
2026-02-09 11:21:42,982 1 INFO betopiaerp betopiaerp.addons.web.tests.test_assets: Bundle 'web.assets_unit_tests_setup.css' checked in 6.88s 
2026-02-09 11:21:42,985 1 INFO betopiaerp betopiaerp.addons.web.tests.test_assets: Bundle 'web.assets_unit_tests_setup.js' checked in 0.00s 
2026-02-09 11:21:42,992 1 INFO betopiaerp betopiaerp.addons.web.tests.test_assets: Bundle 'web._assets_jquery.css' checked in 0.01s 
2026-02-09 11:21:43,032 1 INFO betopiaerp betopiaerp.addons.web.tests.test_assets: Bundle 'web._assets_jquery.js' checked in 0.04s 
2026-02-09 11:21:43,131 1 INFO betopiaerp betopiaerp.addons.web.tests.test_assets: Bundle 'web.assets_tests.css' checked in 0.10s 
2026-02-09 11:21:43,132 1 INFO betopiaerp betopiaerp.addons.web.tests.test_assets: Bundle 'web.assets_tests.js' checked in 0.00s 
2026-02-09 11:21:43,132 1 INFO betopiaerp betopiaerp.addons.web.tests.test_assets: All bundle checked in 77.60s 
2026-02-09 11:21:43,134 1 INFO betopiaerp betopiaerp.addons.web.tests.test_assets: Starting TestLogsAssetsGenerateTime.test_logs_assets_generate_time ... 
2026-02-09 11:21:43,139 1 INFO betopiaerp betopiaerp.models.unlink: User #1 deleted ir.attachment records with IDs: [6262, 708, 707, 705, 704, 703, 702, 701, 700, 699, 698, 697, 696, 695, 694, 693, 692, 691, 690, 689, 688, 687, 686, 685, 684, 683, 15] 
2026-02-09 11:23:40,882 1 INFO betopiaerp betopiaerp.addons.web.tests.test_assets: Bundle 'web.report_assets_pdf.css' generated in 0.01s 
2026-02-09 11:23:40,882 1 INFO betopiaerp betopiaerp.addons.web.tests.test_assets: Bundle 'web.report_assets_pdf.js' generated in 0.00s 
2026-02-09 11:23:40,883 1 INFO betopiaerp betopiaerp.addons.web.tests.test_assets: Bundle 'web._assets_secondary_variables.css' generated in 0.02s 
2026-02-09 11:23:40,883 1 INFO betopiaerp betopiaerp.addons.web.tests.test_assets: Bundle 'web._assets_secondary_variables.js' generated in 0.00s 
2026-02-09 11:23:40,883 1 INFO betopiaerp betopiaerp.addons.web.tests.test_assets: Bundle 'web.assets_frontend_lazy.css' generated in 4.55s 
2026-02-09 11:23:40,883 1 INFO betopiaerp betopiaerp.addons.web.tests.test_assets: Bundle 'web.assets_frontend_lazy.js' generated in 1.44s 
2026-02-09 11:23:40,884 1 INFO betopiaerp betopiaerp.addons.web.tests.test_assets: Bundle 'web.__assets_tests_call__.css' generated in 0.09s 
2026-02-09 11:23:40,884 1 INFO betopiaerp betopiaerp.addons.web.tests.test_assets: Bundle 'web.__assets_tests_call__.js' generated in 0.13s 
2026-02-09 11:23:40,884 1 INFO betopiaerp betopiaerp.addons.web.tests.test_assets: Bundle 'web.assets_clickbot.css' generated in 0.01s 
2026-02-09 11:23:40,884 1 INFO betopiaerp betopiaerp.addons.web.tests.test_assets: Bundle 'web.assets_clickbot.js' generated in 0.01s 
2026-02-09 11:23:40,885 1 INFO betopiaerp betopiaerp.addons.web.tests.test_assets: Bundle 'web_tour.common.css' generated in 0.02s 
2026-02-09 11:23:40,885 1 INFO betopiaerp betopiaerp.addons.web.tests.test_assets: Bundle 'web_tour.common.js' generated in 0.06s 
2026-02-09 11:23:40,885 1 INFO betopiaerp betopiaerp.addons.web.tests.test_assets: Bundle 'web.assets_frontend.css' generated in 4.42s 
2026-02-09 11:23:40,885 1 INFO betopiaerp betopiaerp.addons.web.tests.test_assets: Bundle 'web.assets_frontend.js' generated in 1.50s 
2026-02-09 11:23:40,885 1 INFO betopiaerp betopiaerp.addons.web.tests.test_assets: Bundle 'web.assets_backend_lazy_dark.css' generated in 1.59s 
2026-02-09 11:23:40,886 1 INFO betopiaerp betopiaerp.addons.web.tests.test_assets: Bundle 'web.assets_backend_lazy_dark.js' generated in 0.07s 
2026-02-09 11:23:40,886 1 INFO betopiaerp betopiaerp.addons.web.tests.test_assets: Bundle 'html_editor.assets_media_dialog.css' generated in 0.11s 
2026-02-09 11:23:40,886 1 INFO betopiaerp betopiaerp.addons.web.tests.test_assets: Bundle 'html_editor.assets_media_dialog.js' generated in 0.09s 
2026-02-09 11:23:40,886 1 INFO betopiaerp betopiaerp.addons.web.tests.test_assets: Bundle 'html_editor.assets_readonly.css' generated in 0.23s 
2026-02-09 11:23:40,887 1 INFO betopiaerp betopiaerp.addons.web.tests.test_assets: Bundle 'html_editor.assets_readonly.js' generated in 0.15s 
2026-02-09 11:23:40,887 1 INFO betopiaerp betopiaerp.addons.web.tests.test_assets: Bundle 'web.report_assets_common.css' generated in 4.14s 
2026-02-09 11:23:40,887 1 INFO betopiaerp betopiaerp.addons.web.tests.test_assets: Bundle 'web.report_assets_common.js' generated in 0.10s 
2026-02-09 11:23:40,887 1 INFO betopiaerp betopiaerp.addons.web.tests.test_assets: Bundle 'html_editor.assets_prism_dark.css' generated in 0.01s 
2026-02-09 11:23:40,887 1 INFO betopiaerp betopiaerp.addons.web.tests.test_assets: Bundle 'html_editor.assets_prism_dark.js' generated in 0.01s 
2026-02-09 11:23:40,888 1 INFO betopiaerp betopiaerp.addons.web.tests.test_assets: Bundle 'web.tests_assets.css' generated in 9.51s 
2026-02-09 11:23:40,888 1 INFO betopiaerp betopiaerp.addons.web.tests.test_assets: Bundle 'web.tests_assets.js' generated in 4.32s 
2026-02-09 11:23:40,888 1 INFO betopiaerp betopiaerp.addons.web.tests.test_assets: Bundle 'web_tour.recorder.css' generated in 0.05s 
2026-02-09 11:23:40,888 1 INFO betopiaerp betopiaerp.addons.web.tests.test_assets: Bundle 'web_tour.recorder.js' generated in 0.07s 
2026-02-09 11:23:40,888 1 INFO betopiaerp betopiaerp.addons.web.tests.test_assets: Bundle 'web._assets_bootstrap.css' generated in 1.06s 
2026-02-09 11:23:40,889 1 INFO betopiaerp betopiaerp.addons.web.tests.test_assets: Bundle 'web._assets_bootstrap.js' generated in 0.00s 
2026-02-09 11:23:40,889 1 INFO betopiaerp betopiaerp.addons.web.tests.test_assets: Bundle 'web.assets_unit_tests_setup_ui.css' generated in 0.01s 
2026-02-09 11:23:40,889 1 INFO betopiaerp betopiaerp.addons.web.tests.test_assets: Bundle 'web.assets_unit_tests_setup_ui.js' generated in 0.02s 
2026-02-09 11:23:40,889 1 INFO betopiaerp betopiaerp.addons.web.tests.test_assets: Bundle 'web._assets_bootstrap_frontend.css' generated in 1.09s 
2026-02-09 11:23:40,889 1 INFO betopiaerp betopiaerp.addons.web.tests.test_assets: Bundle 'web._assets_bootstrap_frontend.js' generated in 0.00s 
2026-02-09 11:23:40,890 1 INFO betopiaerp betopiaerp.addons.web.tests.test_assets: Bundle 'web.assets_unit_tests.css' generated in 1.24s 
2026-02-09 11:23:40,890 1 INFO betopiaerp betopiaerp.addons.web.tests.test_assets: Bundle 'web.assets_unit_tests.js' generated in 3.34s 
2026-02-09 11:23:40,890 1 INFO betopiaerp betopiaerp.addons.web.tests.test_assets: Bundle 'web.fullcalendar_lib.css' generated in 0.03s 
2026-02-09 11:23:40,890 1 INFO betopiaerp betopiaerp.addons.web.tests.test_assets: Bundle 'web.fullcalendar_lib.js' generated in 0.08s 
2026-02-09 11:23:40,890 1 INFO betopiaerp betopiaerp.addons.web.tests.test_assets: Bundle 'web.assets_web.css' generated in 8.58s 
2026-02-09 11:23:40,891 1 INFO betopiaerp betopiaerp.addons.web.tests.test_assets: Bundle 'web.assets_web.js' generated in 3.70s 
2026-02-09 11:23:40,891 1 INFO betopiaerp betopiaerp.addons.web.tests.test_assets: Bundle 'web._assets_core.css' generated in 0.99s 
2026-02-09 11:23:40,891 1 INFO betopiaerp betopiaerp.addons.web.tests.test_assets: Bundle 'web._assets_core.js' generated in 0.95s 
2026-02-09 11:23:40,891 1 INFO betopiaerp betopiaerp.addons.web.tests.test_assets: Bundle 'web.assets_web_print.css' generated in 9.27s 
2026-02-09 11:23:40,892 1 INFO betopiaerp betopiaerp.addons.web.tests.test_assets: Bundle 'web.assets_web_print.js' generated in 3.60s 
2026-02-09 11:23:40,892 1 INFO betopiaerp betopiaerp.addons.web.tests.test_assets: Bundle 'web_tour.interactive.css' generated in 0.02s 
2026-02-09 11:23:40,892 1 INFO betopiaerp betopiaerp.addons.web.tests.test_assets: Bundle 'web_tour.interactive.js' generated in 0.06s 
2026-02-09 11:23:40,892 1 INFO betopiaerp betopiaerp.addons.web.tests.test_assets: Bundle 'html_editor.assets_editor.css' generated in 1.20s 
2026-02-09 11:23:40,892 1 INFO betopiaerp betopiaerp.addons.web.tests.test_assets: Bundle 'html_editor.assets_editor.js' generated in 0.90s 
2026-02-09 11:23:40,893 1 INFO betopiaerp betopiaerp.addons.web.tests.test_assets: Bundle 'web.assets_web_dark.css' generated in 9.73s 
2026-02-09 11:23:40,893 1 INFO betopiaerp betopiaerp.addons.web.tests.test_assets: Bundle 'web.assets_web_dark.js' generated in 3.77s 
2026-02-09 11:23:40,893 1 INFO betopiaerp betopiaerp.addons.web.tests.test_assets: Bundle 'html_editor.assets_image_cropper.css' generated in 0.01s 
2026-02-09 11:23:40,893 1 INFO betopiaerp betopiaerp.addons.web.tests.test_assets: Bundle 'html_editor.assets_image_cropper.js' generated in 0.02s 
2026-02-09 11:23:40,893 1 INFO betopiaerp betopiaerp.addons.web.tests.test_assets: Bundle 'web_tour.automatic.css' generated in 0.03s 
2026-02-09 11:23:40,894 1 INFO betopiaerp betopiaerp.addons.web.tests.test_assets: Bundle 'web_tour.automatic.js' generated in 0.07s 
2026-02-09 11:23:40,894 1 INFO betopiaerp betopiaerp.addons.web.tests.test_assets: Bundle 'web._assets_helpers.css' generated in 1.43s 
2026-02-09 11:23:40,894 1 INFO betopiaerp betopiaerp.addons.web.tests.test_assets: Bundle 'web._assets_helpers.js' generated in 0.00s 
2026-02-09 11:23:40,894 1 INFO betopiaerp betopiaerp.addons.web.tests.test_assets: Bundle 'api_doc.assets.css' generated in 2.93s 
2026-02-09 11:23:40,894 1 INFO betopiaerp betopiaerp.addons.web.tests.test_assets: Bundle 'api_doc.assets.js' generated in 0.13s 
2026-02-09 11:23:40,895 1 INFO betopiaerp betopiaerp.addons.web.tests.test_assets: Bundle 'web.assets_emoji.css' generated in 0.00s 
2026-02-09 11:23:40,895 1 INFO betopiaerp betopiaerp.addons.web.tests.test_assets: Bundle 'web.assets_emoji.js' generated in 0.11s 
2026-02-09 11:23:40,895 1 INFO betopiaerp betopiaerp.addons.web.tests.test_assets: Bundle 'web._assets_bootstrap_backend.css' generated in 1.14s 
2026-02-09 11:23:40,895 1 INFO betopiaerp betopiaerp.addons.web.tests.test_assets: Bundle 'web._assets_bootstrap_backend.js' generated in 0.00s 
2026-02-09 11:23:40,896 1 INFO betopiaerp betopiaerp.addons.web.tests.test_assets: Bundle 'web._assets_frontend_helpers.css' generated in 0.04s 
2026-02-09 11:23:40,896 1 INFO betopiaerp betopiaerp.addons.web.tests.test_assets: Bundle 'web._assets_frontend_helpers.js' generated in 0.00s 
2026-02-09 11:23:40,896 1 INFO betopiaerp betopiaerp.addons.web.tests.test_assets: Bundle 'web.ace_lib.css' generated in 0.03s 
2026-02-09 11:23:40,896 1 INFO betopiaerp betopiaerp.addons.web.tests.test_assets: Bundle 'web.ace_lib.js' generated in 0.13s 
2026-02-09 11:23:40,897 1 INFO betopiaerp betopiaerp.addons.web.tests.test_assets: Bundle 'web._assets_backend_helpers.css' generated in 0.04s 
2026-02-09 11:23:40,897 1 INFO betopiaerp betopiaerp.addons.web.tests.test_assets: Bundle 'web._assets_backend_helpers.js' generated in 0.00s 
2026-02-09 11:23:40,897 1 INFO betopiaerp betopiaerp.addons.web.tests.test_assets: Bundle 'web.chartjs_lib.css' generated in 0.01s 
2026-02-09 11:23:40,897 1 INFO betopiaerp betopiaerp.addons.web.tests.test_assets: Bundle 'web.chartjs_lib.js' generated in 0.07s 
2026-02-09 11:23:40,897 1 INFO betopiaerp betopiaerp.addons.web.tests.test_assets: Bundle 'web.assets_backend_lazy.css' generated in 1.56s 
2026-02-09 11:23:40,898 1 INFO betopiaerp betopiaerp.addons.web.tests.test_assets: Bundle 'web.assets_backend_lazy.js' generated in 0.07s 
2026-02-09 11:23:40,898 1 INFO betopiaerp betopiaerp.addons.web.tests.test_assets: Bundle 'html_editor.assets_prism.css' generated in 0.01s 
2026-02-09 11:23:40,898 1 INFO betopiaerp betopiaerp.addons.web.tests.test_assets: Bundle 'html_editor.assets_prism.js' generated in 0.01s 
2026-02-09 11:23:40,898 1 INFO betopiaerp betopiaerp.addons.web.tests.test_assets: Bundle 'bus.websocket_worker_assets.css' generated in 0.01s 
2026-02-09 11:23:40,898 1 INFO betopiaerp betopiaerp.addons.web.tests.test_assets: Bundle 'bus.websocket_worker_assets.js' generated in 0.02s 
2026-02-09 11:23:40,899 1 INFO betopiaerp betopiaerp.addons.web.tests.test_assets: Bundle 'web._assets_primary_variables.css' generated in 0.94s 
2026-02-09 11:23:40,899 1 INFO betopiaerp betopiaerp.addons.web.tests.test_assets: Bundle 'web._assets_primary_variables.js' generated in 0.00s 
2026-02-09 11:23:40,899 1 INFO betopiaerp betopiaerp.addons.web.tests.test_assets: Bundle 'web.qunit_suite_tests.css' generated in 0.12s 
2026-02-09 11:23:40,899 1 INFO betopiaerp betopiaerp.addons.web.tests.test_assets: Bundle 'web.qunit_suite_tests.js' generated in 0.04s 
2026-02-09 11:23:40,899 1 INFO betopiaerp betopiaerp.addons.web.tests.test_assets: Bundle 'html_editor.assets_history_diff.css' generated in 0.01s 
2026-02-09 11:23:40,900 1 INFO betopiaerp betopiaerp.addons.web.tests.test_assets: Bundle 'html_editor.assets_history_diff.js' generated in 0.01s 
2026-02-09 11:23:40,900 1 INFO betopiaerp betopiaerp.addons.web.tests.test_assets: Bundle 'web.assets_frontend_minimal.css' generated in 0.03s 
2026-02-09 11:23:40,900 1 INFO betopiaerp betopiaerp.addons.web.tests.test_assets: Bundle 'web.assets_frontend_minimal.js' generated in 0.03s 
2026-02-09 11:23:40,900 1 INFO betopiaerp betopiaerp.addons.web.tests.test_assets: Bundle 'web.assets_backend.css' generated in 8.49s 
2026-02-09 11:23:40,900 1 INFO betopiaerp betopiaerp.addons.web.tests.test_assets: Bundle 'web.assets_backend.js' generated in 3.69s 
2026-02-09 11:23:40,901 1 INFO betopiaerp betopiaerp.addons.web.tests.test_assets: Bundle 'web.assets_unit_tests_setup.css' generated in 9.84s 
2026-02-09 11:23:40,901 1 INFO betopiaerp betopiaerp.addons.web.tests.test_assets: Bundle 'web.assets_unit_tests_setup.js' generated in 4.09s 
2026-02-09 11:23:40,901 1 INFO betopiaerp betopiaerp.addons.web.tests.test_assets: Bundle 'web._assets_jquery.css' generated in 0.01s 
2026-02-09 11:23:40,901 1 INFO betopiaerp betopiaerp.addons.web.tests.test_assets: Bundle 'web._assets_jquery.js' generated in 0.04s 
2026-02-09 11:23:40,901 1 INFO betopiaerp betopiaerp.addons.web.tests.test_assets: Bundle 'web.assets_tests.css' generated in 0.08s 
2026-02-09 11:23:40,902 1 INFO betopiaerp betopiaerp.addons.web.tests.test_assets: Bundle 'web.assets_tests.js' generated in 0.12s 
2026-02-09 11:23:40,910 1 INFO betopiaerp betopiaerp.addons.base.models.ir_attachment: filestore gc 62 checked, 42 removed 
2026-02-09 11:23:40,913 1 INFO betopiaerp betopiaerp.addons.web.tests.test_assets: Starting TestLoad.test_assets_already_exists ... 
2026-02-09 11:23:40,916 1 INFO betopiaerp betopiaerp.addons.base.models.res_users: Login successful for login:admin from n/a 
2026-02-09 11:23:40,922 1 INFO betopiaerp betopiaerp.addons.base.models.ir_http: Generating routing map for key None 
2026-02-09 11:23:53,149 1 INFO betopiaerp werkzeug: 127.0.0.1 - - [09/Feb/2026 11:23:53] "GET /BetopiaERP HTTP/1.1" 200 - 65 0.015 12.213
2026-02-09 11:23:53,153 1 INFO betopiaerp werkzeug: 127.0.0.1 - - [09/Feb/2026 11:23:53] "GET / HTTP/1.1" 303 - 0 0.000 0.001
2026-02-09 11:23:53,160 1 INFO betopiaerp werkzeug: 127.0.0.1 - - [09/Feb/2026 11:23:53] "GET /BetopiaERP HTTP/1.1" 200 - 8 0.001 0.004
2026-02-09 11:23:53,164 1 INFO betopiaerp betopiaerp.addons.base.models.ir_attachment: filestore gc 0 checked, 0 removed 
2026-02-09 11:23:55,355 1 INFO betopiaerp betopiaerp.addons.web.tests.test_assets: Starting TestWebAssetsCursors.test_web_binary_keep_cursor_ro ... 
2026-02-09 11:23:55,360 1 INFO betopiaerp betopiaerp.models.unlink: User #1 deleted ir.attachment records with IDs: [6262, 708, 707, 705, 704, 703, 702, 701, 700, 699, 698, 697, 696, 695, 694, 693, 692, 691, 690, 689, 688, 687, 686, 685, 684, 683, 15] 
2026-02-09 11:23:55,363 1 INFO betopiaerp betopiaerp.addons.base.models.ir_http: Generating routing map for key None 
2026-02-09 11:23:57,672 1 INFO betopiaerp betopiaerp.addons.base.models.assetsbundle: Generating a new asset bundle attachment /web/assets/f02ade9/web.assets_frontend.min.css (id:6490) 
2026-02-09 11:23:57,674 1 INFO betopiaerp werkzeug: 127.0.0.1 - - [09/Feb/2026 11:23:57] "GET /web/assets/f02ade9/web.assets_frontend.min.css HTTP/1.1" 200 - 16 0.010 2.302
2026-02-09 11:23:57,682 1 INFO betopiaerp werkzeug: 127.0.0.1 - - [09/Feb/2026 11:23:57] "GET /web/assets/f02ade9/web.assets_frontend.min.css HTTP/1.1" 200 - 3 0.001 0.003
2026-02-09 11:23:57,696 1 INFO betopiaerp betopiaerp.addons.web.tests.test_assets: Starting TestWebAssetsCursors.test_web_binary_keep_cursor_rw ... 
2026-02-09 11:23:57,701 1 INFO betopiaerp betopiaerp.models.unlink: User #1 deleted ir.attachment records with IDs: [6262, 708, 707, 705, 704, 703, 702, 701, 700, 699, 698, 697, 696, 695, 694, 693, 692, 691, 690, 689, 688, 687, 686, 685, 684, 683, 15] 
2026-02-09 11:23:57,703 1 INFO betopiaerp betopiaerp.addons.base.models.ir_http: Generating routing map for key None 
2026-02-09 11:24:02,277 1 INFO betopiaerp betopiaerp.addons.base.models.assetsbundle: Generating a new asset bundle attachment /web/assets/f02ade9/web.assets_frontend.min.css (id:6491) 
2026-02-09 11:24:02,279 1 INFO betopiaerp werkzeug: 127.0.0.1 - - [09/Feb/2026 11:24:02] "GET /web/assets/f02ade9/web.assets_frontend.min.css HTTP/1.1" 200 - 25 0.013 4.564
2026-02-09 11:24:02,287 1 INFO betopiaerp betopiaerp.addons.base.models.ir_attachment: filestore gc 20 checked, 0 removed 
2026-02-09 11:24:02,289 1 INFO betopiaerp betopiaerp.addons.web.tests.test_base_document_layout: Starting TestBaseDocumentLayout.test_company_colors_and_logo_change_logo ... 
2026-02-09 11:24:06,382 1 INFO betopiaerp betopiaerp.addons.web.tests.test_base_document_layout: Starting TestBaseDocumentLayout.test_company_colors_change_logo ... 
2026-02-09 11:24:06,393 1 INFO betopiaerp betopiaerp.models.unlink: User #1 deleted ir.attachment records with IDs: [4] 
2026-02-09 11:24:06,429 1 INFO betopiaerp betopiaerp.models.unlink: User #1 deleted ir.attachment records with IDs: [8] 
2026-02-09 11:24:06,431 1 INFO betopiaerp betopiaerp.models.unlink: User #1 deleted ir.attachment records with IDs: [7] 
2026-02-09 11:24:06,433 1 INFO betopiaerp betopiaerp.models.unlink: User #1 deleted ir.attachment records with IDs: [6] 
2026-02-09 11:24:06,434 1 INFO betopiaerp betopiaerp.models.unlink: User #1 deleted ir.attachment records with IDs: [5] 
2026-02-09 11:24:10,478 1 INFO betopiaerp betopiaerp.addons.web.tests.test_base_document_layout: Starting TestBaseDocumentLayout.test_company_colors_reset_colors ... 
2026-02-09 11:24:14,688 1 INFO betopiaerp betopiaerp.addons.web.tests.test_base_document_layout: Starting TestBaseDocumentLayout.test_company_details_blank_lines ... 
2026-02-09 11:24:14,703 1 INFO betopiaerp betopiaerp.addons.web.tests.test_base_document_layout: Starting TestBaseDocumentLayout.test_company_no_color_but_logo_change_logo ... 
2026-02-09 11:24:18,867 1 INFO betopiaerp betopiaerp.addons.web.tests.test_base_document_layout: Starting TestBaseDocumentLayout.test_company_no_color_change_logo ... 
2026-02-09 11:24:18,876 1 INFO betopiaerp betopiaerp.models.unlink: User #1 deleted ir.attachment records with IDs: [4] 
2026-02-09 11:24:18,906 1 INFO betopiaerp betopiaerp.models.unlink: User #1 deleted ir.attachment records with IDs: [8] 
2026-02-09 11:24:18,908 1 INFO betopiaerp betopiaerp.models.unlink: User #1 deleted ir.attachment records with IDs: [7] 
2026-02-09 11:24:18,909 1 INFO betopiaerp betopiaerp.models.unlink: User #1 deleted ir.attachment records with IDs: [6] 
2026-02-09 11:24:18,911 1 INFO betopiaerp betopiaerp.models.unlink: User #1 deleted ir.attachment records with IDs: [5] 
2026-02-09 11:24:23,054 1 INFO betopiaerp betopiaerp.addons.web.tests.test_base_document_layout: Starting TestBaseDocumentLayout.test_parse_company_colors_grayscale ... 
2026-02-09 11:24:27,164 1 INFO betopiaerp betopiaerp.addons.base.models.ir_attachment: filestore gc 19 checked, 15 removed 
2026-02-09 11:24:27,166 1 INFO betopiaerp betopiaerp.addons.web.tests.test_click_everywhere: Starting TestMenusAdminLight.test_01_click_apps_menus_as_admin ... 
2026-02-09 11:24:28,623 1 WARNING betopiaerp betopiaerp.addons.web.tests.test_click_everywhere.TestMenusAdminLight.test_01_click_apps_menus_as_admin: websocket-client module is not installed 
2026-02-09 11:24:28,624 1 INFO betopiaerp betopiaerp.addons.web.tests.test_click_everywhere: skipped TestMenusAdminLight.test_01_click_apps_menus_as_admin : websocket-client module is not installed 
2026-02-09 11:24:28,626 1 INFO betopiaerp betopiaerp.addons.base.models.ir_attachment: filestore gc 0 checked, 0 removed 
2026-02-09 11:24:28,662 1 INFO betopiaerp betopiaerp.addons.web.tests.test_click_everywhere: Starting TestMenusDemoLight.test_01_click_apps_menus_as_demo ... 
2026-02-09 11:24:28,685 1 WARNING betopiaerp betopiaerp.addons.web.tests.test_click_everywhere.TestMenusDemoLight.test_01_click_apps_menus_as_demo: websocket-client module is not installed 
2026-02-09 11:24:28,686 1 INFO betopiaerp betopiaerp.addons.web.tests.test_click_everywhere: skipped TestMenusDemoLight.test_01_click_apps_menus_as_demo : websocket-client module is not installed 
2026-02-09 11:24:28,689 1 INFO betopiaerp betopiaerp.addons.base.models.ir_attachment: filestore gc 1 checked, 1 removed 
2026-02-09 11:24:28,719 1 INFO betopiaerp betopiaerp.addons.web.tests.test_domain: Starting DomainTest.test_domain_validate ... 
2026-02-09 11:24:28,728 1 INFO betopiaerp betopiaerp.addons.base.models.res_users: Login successful for login:demo from n/a 
2026-02-09 11:24:28,734 1 INFO betopiaerp betopiaerp.addons.base.models.ir_http: Generating routing map for key None 
2026-02-09 11:24:28,751 1 INFO betopiaerp werkzeug: 127.0.0.1 - - [09/Feb/2026 11:24:28] "POST /web/domain/validate HTTP/1.1" 200 - 2 0.000 0.017
2026-02-09 11:24:28,755 1 INFO betopiaerp werkzeug: 127.0.0.1 - - [09/Feb/2026 11:24:28] "POST /web/domain/validate HTTP/1.1" 200 - 1 0.000 0.001
2026-02-09 11:24:28,759 1 INFO betopiaerp werkzeug: 127.0.0.1 - - [09/Feb/2026 11:24:28] "POST /web/domain/validate HTTP/1.1" 200 - 1 0.000 0.002
2026-02-09 11:24:28,762 1 INFO betopiaerp werkzeug: 127.0.0.1 - - [09/Feb/2026 11:24:28] "POST /web/domain/validate HTTP/1.1" 200 - 0 0.000 0.001
2026-02-09 11:24:28,766 1 INFO betopiaerp betopiaerp.addons.base.models.ir_attachment: filestore gc 1 checked, 1 removed 
2026-02-09 11:24:28,769 1 INFO betopiaerp betopiaerp.addons.web.tests.test_favorite: Starting TestFavorite.test_favorite_management ... 
2026-02-09 11:24:28,785 1 WARNING betopiaerp betopiaerp.addons.web.tests.test_favorite.TestFavorite.test_favorite_management: websocket-client module is not installed 
2026-02-09 11:24:28,786 1 INFO betopiaerp betopiaerp.addons.web.tests.test_favorite: skipped TestFavorite.test_favorite_management : websocket-client module is not installed 
2026-02-09 11:24:28,789 1 INFO betopiaerp betopiaerp.addons.base.models.ir_attachment: filestore gc 0 checked, 0 removed 
2026-02-09 11:24:28,792 1 INFO betopiaerp betopiaerp.addons.web.tests.test_image: Starting TestImage.test_01_content_image_resize_placeholder ... 
2026-02-09 11:24:28,794 1 INFO betopiaerp betopiaerp.addons.base.models.ir_http: Generating routing map for key None 
2026-02-09 11:24:28,824 1 INFO betopiaerp werkzeug: 127.0.0.1 - - [09/Feb/2026 11:24:28] "GET /web/image/0/200x150 HTTP/1.1" 200 - 10 0.002 0.028
2026-02-09 11:24:28,843 1 INFO betopiaerp werkzeug: 127.0.0.1 - - [09/Feb/2026 11:24:28] "GET /web/image/fake/0/image_128 HTTP/1.1" 200 - 4 0.001 0.016
2026-02-09 11:24:28,857 1 INFO betopiaerp werkzeug: 127.0.0.1 - - [09/Feb/2026 11:24:28] "GET /web/image/fake/0/image_256 HTTP/1.1" 200 - 4 0.001 0.010
2026-02-09 11:24:28,871 1 INFO betopiaerp werkzeug: 127.0.0.1 - - [09/Feb/2026 11:24:28] "GET /web/image/fake/0/image_1024 HTTP/1.1" 200 - 4 0.001 0.011
2026-02-09 11:24:28,884 1 INFO betopiaerp werkzeug: 127.0.0.1 - - [09/Feb/2026 11:24:28] "GET /web/image/fake/0/image_no_size HTTP/1.1" 200 - 4 0.001 0.010
2026-02-09 11:24:28,886 1 INFO betopiaerp betopiaerp.addons.web.tests.test_image: Starting TestImage.test_02_content_image_Etag_304 ... 
2026-02-09 11:24:28,891 1 INFO betopiaerp betopiaerp.addons.base.models.ir_http: Generating routing map for key None 
2026-02-09 11:24:28,989 1 INFO betopiaerp werkzeug: 127.0.0.1 - - [09/Feb/2026 11:24:28] "GET /web/image/6507 HTTP/1.1" 200 - 9 0.002 0.096
2026-02-09 11:24:28,995 1 INFO betopiaerp werkzeug: 127.0.0.1 - - [09/Feb/2026 11:24:28] "GET /web/image/6507 HTTP/1.1" 304 - 4 0.001 0.002
2026-02-09 11:24:28,997 1 INFO betopiaerp betopiaerp.addons.web.tests.test_image: Starting TestImage.test_03_web_content_filename ... 
2026-02-09 11:24:29,001 1 INFO betopiaerp betopiaerp.addons.base.models.ir_http: Generating routing map for key None 
2026-02-09 11:24:29,015 1 INFO betopiaerp werkzeug: 127.0.0.1 - - [09/Feb/2026 11:24:29] "GET /web/image/6508/0x0/?download=true HTTP/1.1" 200 - 9 0.002 0.012
2026-02-09 11:24:29,020 1 INFO betopiaerp werkzeug: 127.0.0.1 - - [09/Feb/2026 11:24:29] "GET /web/image/6508/0x0/custom?download=true HTTP/1.1" 200 - 4 0.001 0.002
2026-02-09 11:24:29,025 1 INFO betopiaerp werkzeug: 127.0.0.1 - - [09/Feb/2026 11:24:29] "GET /web/image/6508/0x0/custom.png?download=true HTTP/1.1" 200 - 4 0.001 0.002
2026-02-09 11:24:29,027 1 INFO betopiaerp betopiaerp.addons.web.tests.test_image: Starting TestImage.test_04_web_content_filename_secure ... 
2026-02-09 11:24:29,032 1 INFO betopiaerp betopiaerp.addons.base.models.ir_http: Generating routing map for key None 
2026-02-09 11:24:29,044 1 INFO betopiaerp werkzeug: 127.0.0.1 - - [09/Feb/2026 11:24:29] "GET /web/image/6509 HTTP/1.1" 200 - 9 0.001 0.011
2026-02-09 11:24:29,050 1 INFO betopiaerp werkzeug: 127.0.0.1 - - [09/Feb/2026 11:24:29] "GET /web/image/6509/custom_invalid_name%0Ais-ok.gif HTTP/1.1" 200 - 4 0.001 0.002
2026-02-09 11:24:29,056 1 INFO betopiaerp werkzeug: 127.0.0.1 - - [09/Feb/2026 11:24:29] "GET /web/image/6509/%0D%0A HTTP/1.1" 200 - 4 0.001 0.003
2026-02-09 11:24:29,061 1 INFO betopiaerp werkzeug: 127.0.0.1 - - [09/Feb/2026 11:24:29] "GET /web/image/6509/你好 HTTP/1.1" 200 - 4 0.001 0.002
2026-02-09 11:24:29,066 1 INFO betopiaerp werkzeug: 127.0.0.1 - - [09/Feb/2026 11:24:29] "GET /web/image/6509/面图.gif HTTP/1.1" 200 - 4 0.001 0.003
2026-02-09 11:24:29,072 1 INFO betopiaerp werkzeug: 127.0.0.1 - - [09/Feb/2026 11:24:29] "GET /web/image/6509/hindi_नमस्ते.gif HTTP/1.1" 200 - 4 0.001 0.002
2026-02-09 11:24:29,077 1 INFO betopiaerp werkzeug: 127.0.0.1 - - [09/Feb/2026 11:24:29] "GET /web/image/6509/arabic_مرحبا HTTP/1.1" 200 - 4 0.001 0.002
2026-02-09 11:24:29,082 1 INFO betopiaerp werkzeug: 127.0.0.1 - - [09/Feb/2026 11:24:29] "GET /web/image/6509/4wzb_!!63148-0-t1.jpg_360x1Q75.jpg_.webp HTTP/1.1" 200 - 4 0.001 0.002
2026-02-09 11:24:29,083 1 INFO betopiaerp betopiaerp.addons.web.tests.test_image: Starting TestImage.test_05_web_image_access_token ... 
2026-02-09 11:24:29,088 1 INFO betopiaerp betopiaerp.addons.base.models.ir_http: Generating routing map for key None 
2026-02-09 11:24:29,105 1 INFO betopiaerp betopiaerp.addons.base.models.ir_model: Access Denied by ACLs for operation: read, uid: 3, model: ir.attachment 
2026-02-09 11:24:29,115 1 INFO betopiaerp werkzeug: 127.0.0.1 - - [09/Feb/2026 11:24:29] "GET /web/image/6510 HTTP/1.1" 200 - 23 0.005 0.022
2026-02-09 11:24:29,129 1 INFO betopiaerp werkzeug: 127.0.0.1 - - [09/Feb/2026 11:24:29] "GET /web/image/6510?access_token=invalid_token HTTP/1.1" 200 - 7 0.001 0.010
2026-02-09 11:24:29,143 1 INFO betopiaerp werkzeug: 127.0.0.1 - - [09/Feb/2026 11:24:29] "GET /web/image/6510?access_token=9a70e544f323484775030c92b7542ed1f70615efcd812c41a08ec12686fa1884o0x69aa1395 HTTP/1.1" 200 - 6 0.001 0.010
2026-02-09 11:24:29,149 1 INFO betopiaerp werkzeug: 127.0.0.1 - - [09/Feb/2026 11:24:29] "GET /web/image/6510?access_token=59c3f1338289d90d34ba3b98dfb68b0aaebf9e3b09c897ed69a318da3319e68bo0x69aa1395 HTTP/1.1" 200 - 3 0.001 0.003
2026-03-05 23:36:52,000 1 INFO betopiaerp werkzeug: 127.0.0.1 - - [05/Mar/2026 23:36:52] "GET /web/image/6510?access_token=59c3f1338289d90d34ba3b98dfb68b0aaebf9e3b09c897ed69a318da3319e68bo0x69aa1395 HTTP/1.1" 200 - 3 0.001 0.002
2026-03-05 23:36:53,000 1 INFO betopiaerp werkzeug: 127.0.0.1 - - [05/Mar/2026 23:36:53] "GET /web/image/6510?access_token=59c3f1338289d90d34ba3b98dfb68b0aaebf9e3b09c897ed69a318da3319e68bo0x69aa1395 HTTP/1.1" 200 - 6 0.001 0.010
2026-02-09 11:24:29,777 1 INFO betopiaerp betopiaerp.addons.web.tests.test_image: Starting TestImage.test_06_web_image_attachment_access ... 
2026-02-09 11:24:29,814 1 INFO betopiaerp betopiaerp.addons.base.models.ir_http: Generating routing map for key None 
2026-02-09 11:24:29,825 1 INFO betopiaerp betopiaerp.addons.base.models.ir_model: Access Denied by ACLs for operation: read, uid: 3, model: ir.attachment 
2026-02-09 11:24:29,838 1 INFO betopiaerp werkzeug: 127.0.0.1 - - [09/Feb/2026 11:24:29] "GET /web/image/6512 HTTP/1.1" 200 - 16 0.003 0.021
2026-02-09 11:24:29,844 1 INFO betopiaerp werkzeug: 127.0.0.1 - - [09/Feb/2026 11:24:29] "GET /web/image/6512?access_token=705dd540-7c8a-41bb-896f-ae9dfed9d0df HTTP/1.1" 200 - 5 0.001 0.002
2026-02-09 11:24:29,849 1 INFO betopiaerp werkzeug: 127.0.0.1 - - [09/Feb/2026 11:24:29] "GET /web/image/6512?access_token=d5ce2f455a68fccc67ca0a1a290b7638cc1c5b4207f27cf298bf9c3c12ce5ee9o0x69aa14e1 HTTP/1.1" 200 - 3 0.000 0.002
2026-02-09 11:24:29,852 1 INFO betopiaerp betopiaerp.addons.base.models.res_users: Login successful for login:portal_user from n/a 
2026-02-09 11:24:29,856 1 INFO betopiaerp betopiaerp.addons.base.models.ir_model: Access Denied by ACLs for operation: read, uid: 1259, model: ir.attachment 
2026-02-09 11:24:29,864 1 INFO betopiaerp werkzeug: 127.0.0.1 - - [09/Feb/2026 11:24:29] "GET /web/image/6512 HTTP/1.1" 200 - 8 0.001 0.009
2026-02-09 11:24:29,867 1 INFO betopiaerp betopiaerp.addons.base.models.res_users: Login successful for login:portal_user from n/a 
2026-02-09 11:24:29,873 1 INFO betopiaerp werkzeug: 127.0.0.1 - - [09/Feb/2026 11:24:29] "GET /web/image/6512?access_token=705dd540-7c8a-41bb-896f-ae9dfed9d0df HTTP/1.1" 200 - 3 0.000 0.002
2026-02-09 11:24:29,875 1 INFO betopiaerp betopiaerp.addons.base.models.res_users: Login successful for login:portal_user from n/a 
2026-02-09 11:24:29,880 1 INFO betopiaerp werkzeug: 127.0.0.1 - - [09/Feb/2026 11:24:29] "GET /web/image/6512?access_token=d5ce2f455a68fccc67ca0a1a290b7638cc1c5b4207f27cf298bf9c3c12ce5ee9o0x69aa14e1 HTTP/1.1" 200 - 2 0.000 0.002
2026-02-09 11:24:29,883 1 INFO betopiaerp betopiaerp.addons.base.models.res_users: Login successful for login:internal_user from n/a 
2026-02-09 11:24:29,899 1 INFO betopiaerp werkzeug: 127.0.0.1 - - [09/Feb/2026 11:24:29] "GET /web/image/6512 HTTP/1.1" 200 - 15 0.003 0.010
2026-02-09 11:24:29,902 1 INFO betopiaerp betopiaerp.addons.base.models.res_users: Login successful for login:internal_user from n/a 
2026-02-09 11:24:29,907 1 INFO betopiaerp werkzeug: 127.0.0.1 - - [09/Feb/2026 11:24:29] "GET /web/image/6512?access_token=705dd540-7c8a-41bb-896f-ae9dfed9d0df HTTP/1.1" 200 - 3 0.000 0.002
2026-02-09 11:24:29,909 1 INFO betopiaerp betopiaerp.addons.base.models.res_users: Login successful for login:internal_user from n/a 
2026-02-09 11:24:29,913 1 INFO betopiaerp werkzeug: 127.0.0.1 - - [09/Feb/2026 11:24:29] "GET /web/image/6512?access_token=d5ce2f455a68fccc67ca0a1a290b7638cc1c5b4207f27cf298bf9c3c12ce5ee9o0x69aa14e1 HTTP/1.1" 200 - 2 0.000 0.002
2026-02-09 11:24:29,917 1 INFO betopiaerp betopiaerp.addons.base.models.ir_model: Access Denied by ACLs for operation: read, uid: 3, model: ir.attachment 
2026-02-09 11:24:29,925 1 INFO betopiaerp werkzeug: 127.0.0.1 - - [09/Feb/2026 11:24:29] "GET /web/image/6513 HTTP/1.1" 200 - 8 0.001 0.008
2026-02-09 11:24:29,932 1 INFO betopiaerp werkzeug: 127.0.0.1 - - [09/Feb/2026 11:24:29] "GET /web/image/6513?access_token=13a8d693-565b-4e76-8c5a-ebe3fa6a08d3 HTTP/1.1" 200 - 4 0.001 0.003
2026-02-09 11:24:29,937 1 INFO betopiaerp werkzeug: 127.0.0.1 - - [09/Feb/2026 11:24:29] "GET /web/image/6513?access_token=1ecd2b6d3a4d5556de8c87939f9d08005d9767fb87f6be2b89eb60ae12f60598o0x69aa1588 HTTP/1.1" 200 - 3 0.001 0.002
2026-02-09 11:24:29,939 1 INFO betopiaerp betopiaerp.addons.base.models.res_users: Login successful for login:portal_user from n/a 
2026-02-09 11:24:29,943 1 INFO betopiaerp betopiaerp.addons.base.models.ir_model: Access Denied by ACLs for operation: read, uid: 1259, model: ir.attachment 
2026-02-09 11:24:29,954 1 INFO betopiaerp werkzeug: 127.0.0.1 - - [09/Feb/2026 11:24:29] "GET /web/image/6513 HTTP/1.1" 200 - 7 0.002 0.011
2026-02-09 11:24:29,957 1 INFO betopiaerp betopiaerp.addons.base.models.res_users: Login successful for login:portal_user from n/a 
2026-02-09 11:24:29,962 1 INFO betopiaerp werkzeug: 127.0.0.1 - - [09/Feb/2026 11:24:29] "GET /web/image/6513?access_token=13a8d693-565b-4e76-8c5a-ebe3fa6a08d3 HTTP/1.1" 200 - 3 0.000 0.002
2026-02-09 11:24:29,965 1 INFO betopiaerp betopiaerp.addons.base.models.res_users: Login successful for login:portal_user from n/a 
2026-02-09 11:24:29,969 1 INFO betopiaerp werkzeug: 127.0.0.1 - - [09/Feb/2026 11:24:29] "GET /web/image/6513?access_token=1ecd2b6d3a4d5556de8c87939f9d08005d9767fb87f6be2b89eb60ae12f60598o0x69aa1588 HTTP/1.1" 200 - 2 0.000 0.002
2026-02-09 11:24:29,971 1 INFO betopiaerp betopiaerp.addons.base.models.res_users: Login successful for login:internal_user from n/a 
2026-02-09 11:24:29,980 1 INFO betopiaerp werkzeug: 127.0.0.1 - - [09/Feb/2026 11:24:29] "GET /web/image/6513 HTTP/1.1" 200 - 11 0.002 0.005
2026-02-09 11:24:29,983 1 INFO betopiaerp betopiaerp.addons.base.models.res_users: Login successful for login:internal_user from n/a 
2026-02-09 11:24:29,988 1 INFO betopiaerp werkzeug: 127.0.0.1 - - [09/Feb/2026 11:24:29] "GET /web/image/6513?access_token=13a8d693-565b-4e76-8c5a-ebe3fa6a08d3 HTTP/1.1" 200 - 3 0.000 0.002
2026-02-09 11:24:29,991 1 INFO betopiaerp betopiaerp.addons.base.models.res_users: Login successful for login:internal_user from n/a 
2026-02-09 11:24:29,995 1 INFO betopiaerp werkzeug: 127.0.0.1 - - [09/Feb/2026 11:24:29] "GET /web/image/6513?access_token=1ecd2b6d3a4d5556de8c87939f9d08005d9767fb87f6be2b89eb60ae12f60598o0x69aa1588 HTTP/1.1" 200 - 2 0.000 0.002
2026-02-09 11:24:29,999 1 INFO betopiaerp betopiaerp.addons.base.models.ir_model: Access Denied by ACLs for operation: read, uid: 3, model: ir.attachment 
2026-02-09 11:24:30,007 1 INFO betopiaerp werkzeug: 127.0.0.1 - - [09/Feb/2026 11:24:30] "GET /web/image/6514 HTTP/1.1" 200 - 8 0.001 0.009
2026-02-09 11:24:30,013 1 INFO betopiaerp werkzeug: 127.0.0.1 - - [09/Feb/2026 11:24:30] "GET /web/image/6514?access_token=e7196e15-a3bd-4f13-bd06-94a010cadab7 HTTP/1.1" 200 - 4 0.001 0.002
2026-02-09 11:24:30,017 1 INFO betopiaerp werkzeug: 127.0.0.1 - - [09/Feb/2026 11:24:30] "GET /web/image/6514?access_token=f0bda2fa255dd76551d1fa90e345f035115b8c77ec1577265cd3a2db8dd3f11eo0x69aa162e HTTP/1.1" 200 - 3 0.000 0.002
2026-02-09 11:24:30,020 1 INFO betopiaerp betopiaerp.addons.base.models.res_users: Login successful for login:portal_user from n/a 
2026-02-09 11:24:30,024 1 INFO betopiaerp betopiaerp.addons.base.models.ir_model: Access Denied by ACLs for operation: read, uid: 1259, model: ir.attachment 
2026-02-09 11:24:30,032 1 INFO betopiaerp werkzeug: 127.0.0.1 - - [09/Feb/2026 11:24:30] "GET /web/image/6514 HTTP/1.1" 200 - 7 0.001 0.008
2026-02-09 11:24:30,035 1 INFO betopiaerp betopiaerp.addons.base.models.res_users: Login successful for login:portal_user from n/a 
2026-02-09 11:24:30,040 1 INFO betopiaerp werkzeug: 127.0.0.1 - - [09/Feb/2026 11:24:30] "GET /web/image/6514?access_token=e7196e15-a3bd-4f13-bd06-94a010cadab7 HTTP/1.1" 200 - 3 0.001 0.002
2026-02-09 11:24:30,043 1 INFO betopiaerp betopiaerp.addons.base.models.res_users: Login successful for login:portal_user from n/a 
2026-02-09 11:24:30,047 1 INFO betopiaerp werkzeug: 127.0.0.1 - - [09/Feb/2026 11:24:30] "GET /web/image/6514?access_token=f0bda2fa255dd76551d1fa90e345f035115b8c77ec1577265cd3a2db8dd3f11eo0x69aa162e HTTP/1.1" 200 - 2 0.000 0.002
2026-02-09 11:24:30,049 1 INFO betopiaerp betopiaerp.addons.base.models.res_users: Login successful for login:internal_user from n/a 
2026-02-09 11:24:30,060 1 INFO betopiaerp werkzeug: 127.0.0.1 - - [09/Feb/2026 11:24:30] "GET /web/image/6514 HTTP/1.1" 200 - 6 0.001 0.008
2026-02-09 11:24:30,062 1 INFO betopiaerp betopiaerp.addons.base.models.res_users: Login successful for login:internal_user from n/a 
2026-02-09 11:24:30,067 1 INFO betopiaerp werkzeug: 127.0.0.1 - - [09/Feb/2026 11:24:30] "GET /web/image/6514?access_token=e7196e15-a3bd-4f13-bd06-94a010cadab7 HTTP/1.1" 200 - 3 0.000 0.002
2026-02-09 11:24:30,070 1 INFO betopiaerp betopiaerp.addons.base.models.res_users: Login successful for login:internal_user from n/a 
2026-02-09 11:24:30,074 1 INFO betopiaerp werkzeug: 127.0.0.1 - - [09/Feb/2026 11:24:30] "GET /web/image/6514?access_token=f0bda2fa255dd76551d1fa90e345f035115b8c77ec1577265cd3a2db8dd3f11eo0x69aa162e HTTP/1.1" 200 - 2 0.000 0.002
2026-02-09 11:24:30,079 1 INFO betopiaerp werkzeug: 127.0.0.1 - - [09/Feb/2026 11:24:30] "GET /web/image/6515 HTTP/1.1" 200 - 4 0.000 0.002
2026-02-09 11:24:30,085 1 INFO betopiaerp werkzeug: 127.0.0.1 - - [09/Feb/2026 11:24:30] "GET /web/image/6515?access_token=13e54c2a-45b6-4ad8-8443-27c79fc075d2 HTTP/1.1" 200 - 4 0.001 0.002
2026-02-09 11:24:30,089 1 INFO betopiaerp werkzeug: 127.0.0.1 - - [09/Feb/2026 11:24:30] "GET /web/image/6515?access_token=b23c3daacf36df2d2c22efa00442a7922294428c11a2ce127ef0cc5ed02f3ea7o0x69aa16d4 HTTP/1.1" 200 - 3 0.000 0.002
2026-02-09 11:24:30,092 1 INFO betopiaerp betopiaerp.addons.base.models.res_users: Login successful for login:portal_user from n/a 
2026-02-09 11:24:30,096 1 INFO betopiaerp werkzeug: 127.0.0.1 - - [09/Feb/2026 11:24:30] "GET /web/image/6515 HTTP/1.1" 200 - 3 0.000 0.002
2026-02-09 11:24:30,098 1 INFO betopiaerp betopiaerp.addons.base.models.res_users: Login successful for login:portal_user from n/a 
2026-02-09 11:24:30,103 1 INFO betopiaerp werkzeug: 127.0.0.1 - - [09/Feb/2026 11:24:30] "GET /web/image/6515?access_token=13e54c2a-45b6-4ad8-8443-27c79fc075d2 HTTP/1.1" 200 - 3 0.000 0.002
2026-02-09 11:24:30,105 1 INFO betopiaerp betopiaerp.addons.base.models.res_users: Login successful for login:portal_user from n/a 
2026-02-09 11:24:30,109 1 INFO betopiaerp werkzeug: 127.0.0.1 - - [09/Feb/2026 11:24:30] "GET /web/image/6515?access_token=b23c3daacf36df2d2c22efa00442a7922294428c11a2ce127ef0cc5ed02f3ea7o0x69aa16d4 HTTP/1.1" 200 - 2 0.000 0.002
2026-02-09 11:24:30,111 1 INFO betopiaerp betopiaerp.addons.base.models.res_users: Login successful for login:internal_user from n/a 
2026-02-09 11:24:30,116 1 INFO betopiaerp werkzeug: 127.0.0.1 - - [09/Feb/2026 11:24:30] "GET /web/image/6515 HTTP/1.1" 200 - 3 0.001 0.002
2026-02-09 11:24:30,120 1 INFO betopiaerp betopiaerp.addons.base.models.res_users: Login successful for login:internal_user from n/a 
2026-02-09 11:24:30,125 1 INFO betopiaerp werkzeug: 127.0.0.1 - - [09/Feb/2026 11:24:30] "GET /web/image/6515?access_token=13e54c2a-45b6-4ad8-8443-27c79fc075d2 HTTP/1.1" 200 - 3 0.000 0.002
2026-02-09 11:24:30,128 1 INFO betopiaerp betopiaerp.addons.base.models.res_users: Login successful for login:internal_user from n/a 
2026-02-09 11:24:30,132 1 INFO betopiaerp werkzeug: 127.0.0.1 - - [09/Feb/2026 11:24:30] "GET /web/image/6515?access_token=b23c3daacf36df2d2c22efa00442a7922294428c11a2ce127ef0cc5ed02f3ea7o0x69aa16d4 HTTP/1.1" 200 - 2 0.000 0.002
2026-02-09 11:24:30,136 1 INFO betopiaerp betopiaerp.addons.base.models.ir_attachment: filestore gc 2 checked, 2 removed 
2026-02-09 11:24:30,167 1 INFO betopiaerp betopiaerp.addons.web.tests.test_ir_model: Starting IrModelAccessTest.test_display_name_for ... 
2026-02-09 11:24:30,179 1 INFO betopiaerp betopiaerp.addons.base.models.ir_attachment: filestore gc 1 checked, 1 removed 
2026-02-09 11:24:30,181 1 INFO betopiaerp betopiaerp.addons.web.tests.test_js: Starting QunitCommon.test_get_qunit_regex ... 
2026-02-09 11:24:30,184 1 INFO betopiaerp betopiaerp.addons.base.models.ir_attachment: filestore gc 0 checked, 0 removed 
2026-02-09 11:24:30,186 1 INFO betopiaerp betopiaerp.addons.web.tests.test_js: Starting HOOTCommon.test_generate_hoot_hash ... 
2026-02-09 11:24:30,187 1 INFO betopiaerp betopiaerp.addons.web.tests.test_js: Starting HOOTCommon.test_get_hoot_filter ... 
2026-02-09 11:24:30,189 1 INFO betopiaerp betopiaerp.addons.base.models.ir_attachment: filestore gc 0 checked, 0 removed 
2026-02-09 11:24:30,191 1 INFO betopiaerp betopiaerp.addons.web.tests.test_js: Starting WebSuite.test_check_suite ... 
2026-02-09 11:24:32,573 1 INFO betopiaerp betopiaerp.tests.common: Auto retry disabled for test_hoot (betopiaerp.addons.web.tests.test_js.WebSuite.test_hoot) 
2026-02-09 11:24:32,574 1 INFO betopiaerp betopiaerp.addons.web.tests.test_js: Starting WebSuite.test_hoot ... 
2026-02-09 11:24:32,589 1 WARNING betopiaerp betopiaerp.addons.web.tests.test_js.WebSuite.test_hoot: websocket-client module is not installed 
2026-02-09 11:24:32,589 1 INFO betopiaerp betopiaerp.addons.web.tests.test_js: skipped WebSuite.test_hoot : websocket-client module is not installed 
2026-02-09 11:24:32,590 1 INFO betopiaerp betopiaerp.tests.common: Auto retry disabled for test_qunit_desktop (betopiaerp.addons.web.tests.test_js.WebSuite.test_qunit_desktop) 
2026-02-09 11:24:32,590 1 INFO betopiaerp betopiaerp.addons.web.tests.test_js: Starting WebSuite.test_qunit_desktop ... 
2026-02-09 11:24:32,600 1 WARNING betopiaerp betopiaerp.addons.web.tests.test_js.WebSuite.test_qunit_desktop: websocket-client module is not installed 
2026-02-09 11:24:32,601 1 INFO betopiaerp betopiaerp.addons.web.tests.test_js: skipped WebSuite.test_qunit_desktop : websocket-client module is not installed 
2026-02-09 11:24:32,601 1 INFO betopiaerp betopiaerp.tests.common: Auto retry disabled for test_unit_desktop (betopiaerp.addons.web.tests.test_js.WebSuite.test_unit_desktop) 
2026-02-09 11:24:32,601 1 INFO betopiaerp betopiaerp.addons.web.tests.test_js: Starting WebSuite.test_unit_desktop ... 
2026-02-09 11:24:32,611 1 WARNING betopiaerp betopiaerp.addons.web.tests.test_js.WebSuite.test_unit_desktop: websocket-client module is not installed 
2026-02-09 11:24:32,611 1 INFO betopiaerp betopiaerp.addons.web.tests.test_js: skipped WebSuite.test_unit_desktop : websocket-client module is not installed 
2026-02-09 11:24:32,613 1 INFO betopiaerp betopiaerp.addons.base.models.ir_attachment: filestore gc 0 checked, 0 removed 
2026-02-09 11:24:32,616 1 INFO betopiaerp betopiaerp.tests.common: Auto retry disabled for test_unit_mobile (betopiaerp.addons.web.tests.test_js.MobileWebSuite.test_unit_mobile) 
2026-02-09 11:24:32,617 1 INFO betopiaerp betopiaerp.addons.web.tests.test_js: Starting MobileWebSuite.test_unit_mobile ... 
2026-02-09 11:24:32,626 1 WARNING betopiaerp betopiaerp.addons.web.tests.test_js.MobileWebSuite.test_unit_mobile: websocket-client module is not installed 
2026-02-09 11:24:32,626 1 INFO betopiaerp betopiaerp.addons.web.tests.test_js: skipped MobileWebSuite.test_unit_mobile : websocket-client module is not installed 
2026-02-09 11:24:32,629 1 INFO betopiaerp betopiaerp.addons.base.models.ir_attachment: filestore gc 0 checked, 0 removed 
2026-02-09 11:24:32,658 1 INFO betopiaerp betopiaerp.addons.web.tests.test_login: Starting TestUserSwitch.test_user_switch ... 
2026-02-09 11:24:32,677 1 WARNING betopiaerp betopiaerp.addons.web.tests.test_login.TestUserSwitch.test_user_switch: websocket-client module is not installed 
2026-02-09 11:24:32,677 1 INFO betopiaerp betopiaerp.addons.web.tests.test_login: skipped TestUserSwitch.test_user_switch : websocket-client module is not installed 
2026-02-09 11:24:32,680 1 INFO betopiaerp betopiaerp.addons.base.models.ir_attachment: filestore gc 1 checked, 1 removed 
2026-02-09 11:24:32,682 1 INFO betopiaerp betopiaerp.addons.web.tests.test_partner: Starting TestPartnerVCard.test_check_partner_access_for_user ... 
2026-02-09 11:24:32,693 1 INFO betopiaerp betopiaerp.addons.base.models.res_users: Login successful for login:admin from n/a 
2026-02-09 11:24:32,718 1 INFO betopiaerp betopiaerp.addons.base.models.res_users: Login successful for login:testuser from n/a 
2026-02-09 11:24:32,722 1 INFO betopiaerp betopiaerp.addons.base.models.ir_http: Generating routing map for key None 
2026-02-09 11:24:32,738 1 INFO betopiaerp betopiaerp.addons.base.models.ir_rule: Access Denied by record rules for operation: read on record ids: [4894, 4895], uid: 1265, model: res.partner 
2026-02-09 11:24:32,742 1 INFO betopiaerp betopiaerp.addons.base.models.ir_rule: Access Denied by record rules for operation: read on record ids: [4894], uid: 1265, model: res.partner 
2026-02-09 11:24:32,745 1 INFO betopiaerp werkzeug: 127.0.0.1 - - [09/Feb/2026 11:24:32] "GET /web/partner/vcard?partner_ids=4894,4895 HTTP/1.1" 403 - 25 0.006 0.018
2026-02-09 11:24:32,747 1 INFO betopiaerp betopiaerp.addons.web.tests.test_partner: Starting TestPartnerVCard.test_fetch_multiple_partners_vcard ... 
2026-02-09 11:24:32,758 1 INFO betopiaerp betopiaerp.addons.base.models.res_users: Login successful for login:admin from n/a 
2026-02-09 11:24:32,763 1 INFO betopiaerp betopiaerp.addons.base.models.ir_http: Generating routing map for key None 
2026-02-09 11:24:32,787 1 INFO betopiaerp werkzeug: 127.0.0.1 - - [09/Feb/2026 11:24:32] "GET /web/partner/vcard?partner_ids=4898,4899 HTTP/1.1" 200 - 24 0.006 0.018
2026-02-09 11:24:32,793 1 INFO betopiaerp betopiaerp.addons.web.tests.test_partner: Starting TestPartnerVCard.test_fetch_single_partner_vcard ... 
2026-02-09 11:24:32,803 1 INFO betopiaerp betopiaerp.addons.base.models.res_users: Login successful for login:admin from n/a 
2026-02-09 11:24:32,807 1 INFO betopiaerp betopiaerp.addons.base.models.ir_http: Generating routing map for key None 
2026-02-09 11:24:32,827 1 INFO betopiaerp werkzeug: 127.0.0.1 - - [09/Feb/2026 11:24:32] "GET /web_enterprise/partner/4901/vcard HTTP/1.1" 200 - 24 0.005 0.016
2026-02-09 11:24:32,831 1 INFO betopiaerp betopiaerp.addons.web.tests.test_partner: Starting TestPartnerVCard.test_fetch_single_partner_vcard_without_name ... 
2026-02-09 11:24:32,841 1 INFO betopiaerp betopiaerp.addons.base.models.res_users: Login successful for login:admin from n/a 
2026-02-09 11:24:32,845 1 INFO betopiaerp betopiaerp.addons.base.models.ir_http: Generating routing map for key None 
2026-02-09 11:24:32,868 1 INFO betopiaerp werkzeug: 127.0.0.1 - - [09/Feb/2026 11:24:32] "GET /web/partner/vcard?partner_ids=4906 HTTP/1.1" 200 - 22 0.004 0.019
2026-02-09 11:24:32,871 1 INFO betopiaerp betopiaerp.addons.web.tests.test_partner: Starting TestPartnerVCard.test_not_exist_partner_vcard ... 
2026-02-09 11:24:32,871 1 INFO betopiaerp betopiaerp.addons.web.tests.test_partner: skipped TestPartnerVCard.test_not_exist_partner_vcard :  
2026-02-09 11:24:32,873 1 INFO betopiaerp betopiaerp.addons.base.models.ir_attachment: filestore gc 0 checked, 0 removed 
2026-02-09 11:24:32,948 1 INFO betopiaerp betopiaerp.addons.web.tests.test_perf_load_menu: Starting TestPerfSessionInfo.test_load_menus_perf ... 
2026-02-09 11:24:32,952 1 INFO betopiaerp betopiaerp.registry: Invalidating all model caches from test_load_menus_perf /opt/betopiaerp/addons/web/tests/test_perf_load_menu.py:71 
2026-02-09 11:24:32,974 1 INFO betopiaerp betopiaerp.addons.web.tests.test_perf_load_menu: Query count less than expected for user session: 14 < 57 in test_load_menus_perf at web/tests/test_perf_load_menu.py:76 
2026-02-09 11:24:32,985 1 INFO betopiaerp betopiaerp.addons.web.tests.test_perf_load_menu: Query count less than expected for user session: 0 < 1 in test_load_menus_perf at web/tests/test_perf_load_menu.py:83 
2026-02-09 11:24:32,985 1 INFO betopiaerp betopiaerp.addons.web.tests.test_perf_load_menu: Starting TestPerfSessionInfo.test_load_web_menus_perf ... 
2026-02-09 11:24:32,986 1 INFO betopiaerp betopiaerp.registry: Invalidating all model caches from test_load_web_menus_perf /opt/betopiaerp/addons/web/tests/test_perf_load_menu.py:55 
2026-02-09 11:24:33,002 1 INFO betopiaerp betopiaerp.addons.web.tests.test_perf_load_menu: Query count less than expected for user session: 14 < 57 in test_load_web_menus_perf at web/tests/test_perf_load_menu.py:60 
2026-02-09 11:24:33,012 1 INFO betopiaerp betopiaerp.addons.web.tests.test_perf_load_menu: Query count less than expected for user session: 0 < 1 in test_load_web_menus_perf at web/tests/test_perf_load_menu.py:67 
2026-02-09 11:24:33,013 1 INFO betopiaerp betopiaerp.addons.web.tests.test_perf_load_menu: Starting TestPerfSessionInfo.test_performance_session_info ... 
2026-02-09 11:24:33,016 1 INFO betopiaerp betopiaerp.addons.base.models.res_users: Login successful for login:session from n/a 
2026-02-09 11:24:33,018 1 INFO betopiaerp betopiaerp.registry: Invalidating all model caches from test_performance_session_info /opt/betopiaerp/addons/web/tests/test_perf_load_menu.py:33 
2026-02-09 11:24:33,021 1 INFO betopiaerp betopiaerp.addons.base.models.ir_http: Generating routing map for key None 
2026-02-09 11:24:33,046 1 INFO betopiaerp werkzeug: 127.0.0.1 - - [09/Feb/2026 11:24:33] "POST /web/session/get_session_info HTTP/1.1" 200 - 35 0.006 0.019
2026-02-09 11:24:33,057 1 INFO betopiaerp betopiaerp.addons.web.tests.test_perf_load_menu: Query count less than expected for user session: 35 < 122 in test_performance_session_info at web/tests/test_perf_load_menu.py:37 
2026-02-09 11:24:33,063 1 INFO betopiaerp werkzeug: 127.0.0.1 - - [09/Feb/2026 11:24:33] "POST /web/session/get_session_info HTTP/1.1" 200 - 6 0.001 0.003
2026-02-09 11:24:33,076 1 INFO betopiaerp betopiaerp.addons.web.tests.test_perf_load_menu: Query count less than expected for user session: 6 < 32 in test_performance_session_info at web/tests/test_perf_load_menu.py:47 
2026-02-09 11:24:33,077 1 INFO betopiaerp betopiaerp.addons.web.tests.test_perf_load_menu: Starting TestPerfSessionInfo.test_visible_menu_ids ... 
2026-02-09 11:24:33,077 1 INFO betopiaerp betopiaerp.registry: Invalidating all model caches from test_visible_menu_ids /opt/betopiaerp/addons/web/tests/test_perf_load_menu.py:87 
2026-02-09 11:24:33,093 1 INFO betopiaerp betopiaerp.addons.web.tests.test_perf_load_menu: Query count less than expected for user session: 13 < 21 in test_visible_menu_ids at web/tests/test_perf_load_menu.py:92 
2026-02-09 11:24:33,096 1 INFO betopiaerp betopiaerp.addons.base.models.ir_attachment: filestore gc 1 checked, 1 removed 
2026-02-09 11:24:33,098 1 INFO betopiaerp betopiaerp.addons.web.tests.test_profiler: Starting TestProfilingWeb.test_profile_test_tool ... 
2026-02-09 11:24:33,101 1 INFO betopiaerp betopiaerp.addons.base.models.ir_http: Generating routing map for key None 
2026-02-09 11:24:33,145 1 INFO betopiaerp betopiaerp.tools.profiler: ir_profile 38 (2026-02-09 11:24:33 test_profile_test_tool) created 
2026-02-09 11:24:33,145 1 INFO betopiaerp werkzeug: 127.0.0.1 - - [09/Feb/2026 11:24:33] "GET /web HTTP/1.1" 303 - 5 0.001 0.043
2026-02-09 11:24:38,555 1 INFO betopiaerp betopiaerp.tools.profiler: ir_profile 39 (2026-02-09 11:24:33 test_profile_test_tool) created 
2026-02-09 11:24:38,556 1 INFO betopiaerp werkzeug: 127.0.0.1 - - [09/Feb/2026 11:24:38] "GET /web/login?redirect=/web? HTTP/1.1" 200 - 52 0.476 4.933
2026-02-09 11:24:38,734 1 INFO betopiaerp betopiaerp.tools.profiler: ir_profile 40 (2026-02-09 11:24:33 test_profile_test_tool) created 
2026-02-09 11:24:38,737 1 INFO betopiaerp betopiaerp.addons.web.tests.test_profiler: Starting TestProfilingWeb.test_profiling_enabled ... 
2026-02-09 11:24:38,740 1 INFO betopiaerp betopiaerp.addons.base.models.res_users: Login successful for login:admin from n/a 
2026-02-09 11:24:38,747 1 INFO betopiaerp betopiaerp.addons.base.models.ir_http: Generating routing map for key None 
2026-02-09 11:24:38,766 1 INFO betopiaerp betopiaerp.addons.base.models.ir_profile: User Administrator started profiling 
2026-02-09 11:24:38,770 1 INFO betopiaerp werkzeug: 127.0.0.1 - - [09/Feb/2026 11:24:38] "POST /web/dataset/call_kw/ir.profile/set_profiling#ir.profile.set_profiling HTTP/1.1" 200 - 16 0.003 0.020
2026-02-09 11:24:38,777 1 INFO betopiaerp betopiaerp.addons.base.models.ir_profile: User Administrator started profiling 
2026-02-09 11:24:38,778 1 INFO betopiaerp werkzeug: 127.0.0.1 - - [09/Feb/2026 11:24:38] "POST /web/dataset/call_kw/ir.profile/set_profiling#ir.profile.set_profiling HTTP/1.1" 200 - 9 0.002 0.003
2026-02-09 11:24:43,308 1 INFO betopiaerp betopiaerp.tools.profiler: ir_profile 41 (2026-02-09 11:24:38 Administrator) created 
2026-02-09 11:24:43,308 1 INFO betopiaerp werkzeug: 127.0.0.1 - - [09/Feb/2026 11:24:43] "GET /web/login HTTP/1.1" 200 - 44 0.012 4.515
2026-02-09 11:24:43,312 1 INFO betopiaerp betopiaerp.addons.base.models.ir_attachment: filestore gc 0 checked, 0 removed 
2026-02-09 11:24:43,315 1 INFO betopiaerp betopiaerp.addons.web.tests.test_profiler: Starting TestProfilingModes.test_profile_collectors ... 
2026-02-09 11:24:43,319 1 INFO betopiaerp betopiaerp.addons.base.models.res_users: Login successful for login:admin from n/a 
2026-02-09 11:24:43,323 1 INFO betopiaerp betopiaerp.addons.base.models.ir_http: Generating routing map for key None 
2026-02-09 11:24:43,332 1 INFO betopiaerp werkzeug: 127.0.0.1 - - [09/Feb/2026 11:24:43] "POST /web/dataset/call_kw/ir.profile/set_profiling#ir.profile.set_profiling HTTP/1.1" 200 - 2 0.000 0.009
2026-02-09 11:24:43,336 1 INFO betopiaerp betopiaerp.addons.base.models.ir_profile: User Administrator started profiling 
2026-02-09 11:24:43,337 1 INFO betopiaerp werkzeug: 127.0.0.1 - - [09/Feb/2026 11:24:43] "POST /web/dataset/call_kw/ir.profile/set_profiling#ir.profile.set_profiling HTTP/1.1" 200 - 4 0.001 0.003
2026-02-09 11:24:43,340 1 INFO betopiaerp werkzeug: 127.0.0.1 - - [09/Feb/2026 11:24:43] "POST /web/dataset/call_kw/ir.profile/set_profiling#ir.profile.set_profiling HTTP/1.1" 200 - 0 0.000 0.001
2026-02-09 11:24:43,343 1 INFO betopiaerp werkzeug: 127.0.0.1 - - [09/Feb/2026 11:24:43] "POST /web/dataset/call_kw/ir.profile/set_profiling#ir.profile.set_profiling HTTP/1.1" 200 - 0 0.000 0.001
2026-02-09 11:24:43,347 1 INFO betopiaerp betopiaerp.addons.base.models.ir_profile: User Administrator started profiling 
2026-02-09 11:24:43,348 1 INFO betopiaerp werkzeug: 127.0.0.1 - - [09/Feb/2026 11:24:43] "POST /web/dataset/call_kw/ir.profile/set_profiling#ir.profile.set_profiling HTTP/1.1" 200 - 2 0.000 0.003
2026-02-09 11:24:43,351 1 INFO betopiaerp betopiaerp.addons.base.models.ir_attachment: filestore gc 0 checked, 0 removed 
2026-02-09 11:24:43,353 1 INFO betopiaerp betopiaerp.addons.web.tests.test_profiler: Starting TestProfilingPublic.test_public_user_profiling ... 
2026-02-09 11:24:43,357 1 INFO betopiaerp betopiaerp.addons.base.models.ir_http: Generating routing map for key None 
2026-02-09 11:24:43,369 1 INFO betopiaerp betopiaerp.addons.base.models.ir_profile: User Public user started profiling 
2026-02-09 11:24:43,374 1 INFO betopiaerp werkzeug: 127.0.0.1 - - [09/Feb/2026 11:24:43] "GET /web/set_profiling?profile=1 HTTP/1.1" 500 - 16 0.004 0.014
2026-02-09 11:24:43,380 1 INFO betopiaerp betopiaerp.addons.base.models.ir_profile: User Public user started profiling 
2026-02-09 11:24:43,382 1 INFO betopiaerp werkzeug: 127.0.0.1 - - [09/Feb/2026 11:24:43] "GET /web/set_profiling?profile=1 HTTP/1.1" 200 - 9 0.001 0.003
2026-02-09 11:24:48,599 1 INFO betopiaerp betopiaerp.tools.profiler: ir_profile 42 (2026-02-09 11:24:43 Public user) created 
2026-02-09 11:24:48,602 1 INFO betopiaerp werkzeug: 127.0.0.1 - - [09/Feb/2026 11:24:48] "GET /web/login HTTP/1.1" 200 - 45 0.407 4.811
2026-02-09 11:24:48,606 1 INFO betopiaerp betopiaerp.addons.base.models.ir_attachment: filestore gc 0 checked, 0 removed 
2026-02-09 11:24:48,692 1 INFO betopiaerp betopiaerp.addons.web.tests.test_res_users: Starting TestUserSettings.test_user_group_settings ... 
2026-02-09 11:24:48,712 1 WARNING betopiaerp betopiaerp.addons.web.tests.test_res_users.TestUserSettings.test_user_group_settings: websocket-client module is not installed 
2026-02-09 11:24:48,713 1 INFO betopiaerp betopiaerp.addons.web.tests.test_res_users: skipped TestUserSettings.test_user_group_settings : websocket-client module is not installed 
2026-02-09 11:24:48,716 1 INFO betopiaerp betopiaerp.addons.base.models.ir_attachment: filestore gc 1 checked, 1 removed 
2026-02-09 11:24:48,717 1 INFO betopiaerp betopiaerp.addons.web.tests.test_web_search_read: Starting TestWebSearchRead.test_unity_web_search_read ... 
2026-02-09 11:24:48,720 1 INFO betopiaerp betopiaerp.addons.web.tests.test_web_search_read: Starting TestWebSearchRead.test_web_name_search ... 
2026-02-09 11:24:48,724 1 INFO betopiaerp betopiaerp.addons.base.models.ir_attachment: filestore gc 0 checked, 0 removed 
2026-02-09 11:24:48,750 1 INFO betopiaerp betopiaerp.addons.web.tests.test_webmanifest: Starting WebManifestRoutesTest.test_apple_touch_icon ... 
2026-02-09 11:24:48,758 1 INFO betopiaerp betopiaerp.addons.base.models.res_users: Login successful for login:demo from n/a 
2026-02-09 11:24:48,770 1 INFO ? werkzeug: 127.0.0.1 - - [09/Feb/2026 11:24:48] "GET /web/static/img/BetopiaERP-icon-ios.png HTTP/1.1" 200 - 0 0.000 0.008
2026-02-09 11:24:48,774 1 INFO betopiaerp betopiaerp.addons.base.models.ir_http: Generating routing map for key None 
2026-02-09 11:25:01,112 1 INFO betopiaerp werkzeug: 127.0.0.1 - - [09/Feb/2026 11:25:01] "GET /BetopiaERP HTTP/1.1" 200 - 55 0.014 12.325
2026-02-09 11:25:01,115 1 INFO betopiaerp betopiaerp.addons.web.tests.test_webmanifest: Starting WebManifestRoutesTest.test_offline_url ... 
2026-02-09 11:25:01,117 1 INFO betopiaerp betopiaerp.addons.base.models.ir_http: Generating routing map for key None 
2026-02-09 11:25:01,137 1 INFO betopiaerp werkzeug: 127.0.0.1 - - [09/Feb/2026 11:25:01] "GET /BetopiaERP/offline HTTP/1.1" 200 - 12 0.003 0.018
2026-02-09 11:25:01,138 1 INFO betopiaerp betopiaerp.addons.web.tests.test_webmanifest: Starting WebManifestRoutesTest.test_serviceworker ... 
2026-02-09 11:25:01,140 1 INFO betopiaerp betopiaerp.addons.base.models.ir_http: Generating routing map for key None 
2026-02-09 11:25:01,152 1 INFO betopiaerp werkzeug: 127.0.0.1 - - [09/Feb/2026 11:25:01] "GET /web/service-worker.js HTTP/1.1" 200 - 6 0.001 0.011
2026-02-09 11:25:01,153 1 INFO betopiaerp betopiaerp.addons.web.tests.test_webmanifest: Starting WebManifestRoutesTest.test_webmanifest ... 
2026-02-09 11:25:01,156 1 INFO betopiaerp betopiaerp.addons.base.models.res_users: Login successful for login:admin from n/a 
2026-02-09 11:25:01,160 1 INFO betopiaerp betopiaerp.addons.base.models.ir_http: Generating routing map for key None 
2026-02-09 11:25:01,175 1 INFO betopiaerp werkzeug: 127.0.0.1 - - [09/Feb/2026 11:25:01] "GET /web/manifest.webmanifest HTTP/1.1" 200 - 19 0.003 0.012
2026-02-09 11:25:01,176 1 INFO betopiaerp betopiaerp.addons.web.tests.test_webmanifest: Starting WebManifestRoutesTest.test_webmanifest_scoped ... 
2026-02-09 11:25:01,178 1 INFO betopiaerp betopiaerp.addons.base.models.ir_http: Generating routing map for key None 
2026-02-09 11:25:01,188 1 INFO betopiaerp werkzeug: 127.0.0.1 - - [09/Feb/2026 11:25:01] "GET /web/manifest.scoped_app_manifest?app_id=test&path=/test&app_name=Test HTTP/1.1" 200 - 6 0.001 0.010
2026-02-09 11:25:01,190 1 INFO betopiaerp betopiaerp.addons.web.tests.test_webmanifest: Starting WebManifestRoutesTest.test_webmanifest_unauthenticated ... 
2026-02-09 11:25:01,192 1 INFO betopiaerp betopiaerp.addons.base.models.ir_http: Generating routing map for key None 
2026-02-09 11:25:01,204 1 INFO betopiaerp betopiaerp.addons.base.models.ir_model: Access Denied by ACLs for operation: read, uid: 3, model: ir.module.module 
2026-02-09 11:25:01,206 1 INFO betopiaerp werkzeug: 127.0.0.1 - - [09/Feb/2026 11:25:01] "GET /web/manifest.webmanifest HTTP/1.1" 200 - 18 0.003 0.012
2026-02-09 11:25:01,210 1 INFO betopiaerp betopiaerp.addons.base.models.ir_attachment: filestore gc 1 checked, 1 removed 
2026-02-09 11:25:01,240 1 INFO betopiaerp betopiaerp.addons.api_doc.tests.test_doc: Starting TestDoc.test_doc_access ... 
2026-02-09 11:25:01,257 1 INFO betopiaerp betopiaerp.addons.base.models.res_users: Login successful for login:test_doc_access from n/a 
2026-02-09 11:25:01,262 1 INFO betopiaerp betopiaerp.addons.base.models.ir_http: Generating routing map for key None 
2026-02-09 11:25:01,271 1 INFO betopiaerp werkzeug: 127.0.0.1 - - [09/Feb/2026 11:25:01] "GET /doc HTTP/1.1" 403 - 5 0.001 0.009
2026-02-09 11:25:01,280 1 INFO betopiaerp werkzeug: 127.0.0.1 - - [09/Feb/2026 11:25:01] "GET /doc/index.json HTTP/1.1" 403 - 2 0.000 0.006
2026-02-09 11:25:01,287 1 INFO betopiaerp werkzeug: 127.0.0.1 - - [09/Feb/2026 11:25:01] "GET /doc/res.company.json HTTP/1.1" 403 - 2 0.000 0.005
2026-02-09 11:25:01,289 1 INFO betopiaerp betopiaerp.addons.api_doc.tests.test_doc: Starting TestDoc.test_doc_cache ... 
2026-02-09 11:25:01,291 1 INFO betopiaerp betopiaerp.addons.base.models.res_users: Login successful for login:demo from n/a 
2026-02-09 11:25:01,296 1 INFO betopiaerp betopiaerp.addons.base.models.ir_http: Generating routing map for key None 
2026-02-09 11:25:01,355 1 INFO betopiaerp betopiaerp.addons.api_doc.controllers.api_doc: new index attachment: BetopiaERP-doc-index-9-9908eb1421b1c72672beebdb5a8783de760a0eb5559907aafc51d6a5e808960d.json 
2026-02-09 11:25:01,356 1 INFO betopiaerp werkzeug: 127.0.0.1 - - [09/Feb/2026 11:25:01] "GET /doc/index.json HTTP/1.1" 200 - 26 0.010 0.051
2026-02-09 11:25:01,361 1 INFO betopiaerp werkzeug: 127.0.0.1 - - [09/Feb/2026 11:25:01] "GET /doc/index.json HTTP/1.1" 304 - 2 0.001 0.002
2026-02-09 11:25:01,364 1 INFO betopiaerp betopiaerp.addons.base.models.res_users: Login successful for login:admin from n/a 
2026-02-09 11:25:01,468 1 INFO betopiaerp betopiaerp.addons.api_doc.controllers.api_doc: new index attachment: BetopiaERP-doc-index-9-1426d03dac169b74fa0a16846ebd4bc2cb402cba5dc8128ad9e73c2198b68815.json 
2026-02-09 11:25:01,470 1 INFO betopiaerp werkzeug: 127.0.0.1 - - [09/Feb/2026 11:25:01] "GET /doc/index.json HTTP/1.1" 200 - 15 0.010 0.093
2026-02-09 11:25:01,473 1 INFO betopiaerp betopiaerp.addons.api_doc.tests.test_doc: Starting TestDoc.test_doc_index_bearer ... 
2026-02-09 11:25:01,482 1 INFO betopiaerp betopiaerp.addons.base.models.res_users: Users API Keys generated: scope: <rpc> for 'demo' (#1269) from n/a 
2026-02-09 11:25:01,484 1 INFO betopiaerp betopiaerp.addons.base.models.ir_http: Generating routing map for key None 
2026-02-09 11:25:01,553 1 INFO betopiaerp betopiaerp.addons.api_doc.controllers.api_doc: new index attachment: BetopiaERP-doc-index-9-9908eb1421b1c72672beebdb5a8783de760a0eb5559907aafc51d6a5e808960d.json 
2026-02-09 11:25:01,555 1 INFO betopiaerp werkzeug: 127.0.0.1 - - [09/Feb/2026 11:25:01] "GET /doc-bearer/index.json HTTP/1.1" 200 - 23 0.012 0.060
2026-02-09 11:25:01,559 1 INFO betopiaerp betopiaerp.addons.api_doc.tests.test_doc: Starting TestDoc.test_doc_index_user ... 
2026-02-09 11:25:01,561 1 INFO betopiaerp betopiaerp.addons.base.models.res_users: Login successful for login:demo from n/a 
2026-02-09 11:25:01,567 1 INFO betopiaerp betopiaerp.addons.base.models.ir_http: Generating routing map for key None 
2026-02-09 11:25:01,637 1 INFO betopiaerp betopiaerp.addons.api_doc.controllers.api_doc: new index attachment: BetopiaERP-doc-index-9-9908eb1421b1c72672beebdb5a8783de760a0eb5559907aafc51d6a5e808960d.json 
2026-02-09 11:25:01,639 1 INFO betopiaerp werkzeug: 127.0.0.1 - - [09/Feb/2026 11:25:01] "GET /doc/index.json HTTP/1.1" 200 - 26 0.013 0.059
2026-02-09 11:25:01,642 1 INFO betopiaerp betopiaerp.addons.api_doc.tests.test_doc: Starting TestDoc.test_doc_model_bearer ... 
2026-02-09 11:25:01,654 1 INFO betopiaerp betopiaerp.addons.base.models.res_users: Users API Keys generated: scope: <rpc> for 'demo' (#1269) from n/a 
2026-02-09 11:25:01,656 1 INFO betopiaerp betopiaerp.addons.base.models.ir_http: Generating routing map for key None 
2026-02-09 11:25:01,831 1 INFO betopiaerp werkzeug: 127.0.0.1 - - [09/Feb/2026 11:25:01] "GET /doc-bearer/res.partner.json HTTP/1.1" 200 - 17 0.006 0.170
2026-02-09 11:25:01,834 1 INFO betopiaerp betopiaerp.addons.api_doc.tests.test_doc: Starting TestDoc.test_doc_model_user ... 
2026-02-09 11:25:01,838 1 INFO betopiaerp betopiaerp.addons.base.models.res_users: Login successful for login:demo from n/a 
2026-02-09 11:25:01,842 1 INFO betopiaerp betopiaerp.addons.base.models.ir_http: Generating routing map for key None 
2026-02-09 11:25:02,049 1 INFO betopiaerp werkzeug: 127.0.0.1 - - [09/Feb/2026 11:25:02] "GET /doc/res.partner.json HTTP/1.1" 200 - 20 0.006 0.201
2026-02-09 11:25:02,051 1 INFO betopiaerp betopiaerp.addons.api_doc.tests.test_doc: Starting TestDoc.test_doc_web_client ... 
2026-02-09 11:25:02,055 1 INFO betopiaerp betopiaerp.addons.base.models.res_users: Login successful for login:demo from n/a 
2026-02-09 11:25:02,060 1 INFO betopiaerp betopiaerp.addons.base.models.ir_http: Generating routing map for key None 
2026-02-09 11:25:03,102 1 INFO betopiaerp werkzeug: 127.0.0.1 - - [09/Feb/2026 11:25:03] "GET /doc HTTP/1.1" 200 - 20 0.006 1.037
2026-02-09 11:25:03,104 1 INFO betopiaerp betopiaerp.addons.api_doc.tests.test_doc: Starting TestDoc.test_ghost_model_robustness ... 
2026-02-09 11:25:03,110 1 INFO betopiaerp betopiaerp.addons.base.models.res_users: Login successful for login:demo from n/a 
2026-02-09 11:25:03,115 1 INFO betopiaerp betopiaerp.addons.base.models.ir_http: Generating routing map for key None 
2026-02-09 11:25:03,174 1 INFO betopiaerp betopiaerp.addons.api_doc.controllers.api_doc: new index attachment: BetopiaERP-doc-index-9-9908eb1421b1c72672beebdb5a8783de760a0eb5559907aafc51d6a5e808960d.json 
2026-02-09 11:25:03,175 1 INFO betopiaerp werkzeug: 127.0.0.1 - - [09/Feb/2026 11:25:03] "GET /doc/index.json HTTP/1.1" 200 - 26 0.010 0.050
2026-02-09 11:25:03,177 1 INFO betopiaerp betopiaerp.addons.api_doc.tests.test_doc: Starting TestDoc.test_parse_signature ... 
2026-02-09 11:25:03,197 1 INFO betopiaerp betopiaerp.addons.base.models.ir_attachment: filestore gc 4 checked, 4 removed 
2026-02-09 11:25:03,220 1 INFO betopiaerp betopiaerp.addons.auth_totp.tests.test_apikeys: Starting TestAPIKeys.test_addremove ... 
2026-02-09 11:25:03,244 1 WARNING betopiaerp betopiaerp.addons.auth_totp.tests.test_apikeys.TestAPIKeys.test_addremove: websocket-client module is not installed 
2026-02-09 11:25:03,245 1 INFO betopiaerp betopiaerp.addons.auth_totp.tests.test_apikeys: skipped TestAPIKeys.test_addremove : websocket-client module is not installed 
2026-02-09 11:25:03,245 1 INFO betopiaerp betopiaerp.addons.auth_totp.tests.test_apikeys: Starting TestAPIKeys.test_apikeys_totp ... 
2026-02-09 11:25:03,259 1 WARNING betopiaerp betopiaerp.addons.auth_totp.tests.test_apikeys.TestAPIKeys.test_apikeys_totp: websocket-client module is not installed 
2026-02-09 11:25:03,260 1 INFO betopiaerp betopiaerp.addons.auth_totp.tests.test_apikeys: skipped TestAPIKeys.test_apikeys_totp : websocket-client module is not installed 
2026-02-09 11:25:03,263 1 INFO betopiaerp betopiaerp.addons.base.models.ir_attachment: filestore gc 1 checked, 1 removed 
2026-02-09 11:25:03,285 1 INFO betopiaerp betopiaerp.addons.auth_totp.tests.test_totp: Starting TestTOTP.test_totp ... 
2026-02-09 11:25:03,307 1 WARNING betopiaerp betopiaerp.addons.auth_totp.tests.test_totp.TestTOTP.test_totp: websocket-client module is not installed 
2026-02-09 11:25:03,308 1 INFO betopiaerp betopiaerp.addons.auth_totp.tests.test_totp: skipped TestTOTP.test_totp : websocket-client module is not installed 
2026-02-09 11:25:03,308 1 INFO betopiaerp betopiaerp.addons.auth_totp.tests.test_totp: Starting TestTOTP.test_totp_administration ... 
2026-02-09 11:25:03,321 1 WARNING betopiaerp betopiaerp.addons.auth_totp.tests.test_totp.TestTOTP.test_totp_administration: websocket-client module is not installed 
2026-02-09 11:25:03,322 1 INFO betopiaerp betopiaerp.addons.auth_totp.tests.test_totp: skipped TestTOTP.test_totp_administration : websocket-client module is not installed 
2026-02-09 11:25:03,322 1 INFO betopiaerp betopiaerp.addons.auth_totp.tests.test_totp: Starting TestTOTP.test_totp_authenticate ... 
2026-02-09 11:25:03,341 1 WARNING betopiaerp betopiaerp.addons.auth_totp.tests.test_totp.TestTOTP.test_totp_authenticate: websocket-client module is not installed 
2026-02-09 11:25:03,342 1 INFO betopiaerp betopiaerp.addons.auth_totp.tests.test_totp: skipped TestTOTP.test_totp_authenticate : websocket-client module is not installed 
2026-02-09 11:25:03,345 1 INFO betopiaerp betopiaerp.addons.base.models.ir_attachment: filestore gc 1 checked, 1 removed 
2026-02-09 11:25:03,346 1 INFO betopiaerp betopiaerp.addons.base_import_module.tests.test_import_module: Starting TestImportModule.test_import_and_uninstall_module ... 
2026-02-09 11:25:03,374 1 INFO betopiaerp betopiaerp.addons.base_import_module.models.ir_module: Successfully imported module 'test_module' 
2026-02-09 11:25:03,378 1 INFO betopiaerp betopiaerp.addons.base.models.ir_module: ALLOW access to module.module_uninstall on ['Test Module'] to user __system__ #1 via n/a 
2026-02-09 11:25:03,379 1 INFO betopiaerp betopiaerp.addons.base.models.ir_model: Deleting ir.asset(145,) 
2026-02-09 11:25:03,386 1 INFO betopiaerp betopiaerp.models.unlink: User #1 deleted ir.model.data records with IDs: [88132] 
2026-02-09 11:25:03,387 1 INFO betopiaerp betopiaerp.models.unlink: User #1 deleted ir.asset records with IDs: [145] 
2026-02-09 11:25:03,388 1 INFO betopiaerp betopiaerp.addons.base.models.ir_model: Deleting ir.attachment(6575,) 
2026-02-09 11:25:03,392 1 INFO betopiaerp betopiaerp.models.unlink: User #1 deleted ir.model.data records with IDs: [88131] 
2026-02-09 11:25:03,392 1 INFO betopiaerp betopiaerp.models.unlink: User #1 deleted ir.attachment records with IDs: [6575] 
2026-02-09 11:25:03,394 1 INFO betopiaerp betopiaerp.addons.base.models.ir_model: ir.model.data could not be deleted ([]) 
2026-02-09 11:25:03,397 1 INFO betopiaerp betopiaerp.models.unlink: User #1 deleted ir.model.data records with IDs: [88132, 88131] 
2026-02-09 11:25:03,398 1 INFO betopiaerp betopiaerp.addons.base_import_module.models.ir_module: deleting imported modules upon uninstallation: test_module 
2026-02-09 11:25:03,403 1 INFO betopiaerp betopiaerp.models.unlink: User #1 deleted ir.model.data records with IDs: [88130] 
2026-02-09 11:25:03,404 1 INFO betopiaerp betopiaerp.models.unlink: User #1 deleted ir.module.module records with IDs: [802] 
2026-02-09 11:25:03,405 1 INFO betopiaerp betopiaerp.addons.base_import_module.tests.test_import_module: Starting TestImportModule.test_import_and_update_module ... 
2026-02-09 11:25:03,441 1 INFO betopiaerp betopiaerp.addons.base_import_module.models.ir_module: Successfully imported module 'test_module' 
2026-02-09 11:25:03,461 1 INFO betopiaerp betopiaerp.addons.base_import_module.models.ir_module: Successfully imported module 'test_module' 
2026-02-09 11:25:03,463 1 INFO betopiaerp betopiaerp.addons.base_import_module.tests.test_import_module: Starting TestImportModule.test_import_modules_with_dependencies ... 
2026-02-09 11:25:03,484 1 INFO betopiaerp betopiaerp.addons.base_import_module.models.ir_module: module foo: loading partner.xml 
2026-02-09 11:25:03,499 1 INFO betopiaerp betopiaerp.addons.base_import_module.models.ir_module: Successfully imported module 'foo' 
2026-02-09 11:25:03,508 1 INFO betopiaerp betopiaerp.addons.base_import_module.models.ir_module: Successfully imported module 'bar' 
2026-02-09 11:25:03,515 1 INFO betopiaerp betopiaerp.addons.base_import_module.models.ir_module: module baz: loading partner.xml 
2026-02-09 11:25:03,523 1 INFO betopiaerp betopiaerp.addons.base_import_module.models.ir_module: Successfully imported module 'baz' 
2026-02-09 11:25:03,525 1 INFO betopiaerp betopiaerp.addons.base_import_module.tests.test_import_module: Starting TestImportModule.test_import_wrong_dependencies ... 
2026-02-09 11:25:03,541 1 INFO betopiaerp betopiaerp.addons.base_import_module.tests.test_import_module: Starting TestImportModule.test_import_zip ... 
2026-02-09 11:25:15,765 1 INFO betopiaerp betopiaerp.addons.base_import_module.tests.test_import_module: Starting TestImportModule.test_import_zip_data_not_in_manifest ... 
2026-02-09 11:25:15,781 1 INFO betopiaerp betopiaerp.addons.base_import_module.models.ir_module: module foo: loading foo.xml 
2026-02-09 11:25:15,791 1 INFO betopiaerp betopiaerp.addons.base_import_module.models.ir_module: Successfully imported module 'foo' 
2026-02-09 11:25:15,792 1 INFO betopiaerp betopiaerp.addons.base_import_module.tests.test_import_module: Starting TestImportModule.test_import_zip_extract_only_useful ... 
2026-02-09 11:25:15,805 1 INFO betopiaerp betopiaerp.addons.base_import_module.models.ir_module: module foo: loading data.xml 
2026-02-09 11:25:15,812 1 INFO betopiaerp betopiaerp.addons.base_import_module.models.ir_module: module foo: skip unsupported file res.partner.xls 
2026-02-09 11:25:15,817 1 INFO betopiaerp betopiaerp.addons.base_import_module.models.ir_module: Successfully imported module 'foo' 
2026-02-09 11:25:15,818 1 INFO betopiaerp betopiaerp.addons.base_import_module.tests.test_import_module: Starting TestImportModule.test_import_zip_ignore_unexpected_data_extension ... 
2026-02-09 11:25:15,834 1 INFO betopiaerp betopiaerp.addons.base_import_module.tests.test_import_module: Starting TestImportModule.test_import_zip_invalid_data ... 
2026-02-09 11:25:15,869 1 INFO betopiaerp betopiaerp.addons.base_import_module.tests.test_import_module: Starting TestImportModule.test_import_zip_invalid_manifest ... 
2026-02-09 11:25:15,873 1 INFO betopiaerp betopiaerp.addons.base_import_module.tests.test_import_module: Starting TestImportModule.test_import_zip_wildcard_assets ... 
2026-02-09 11:25:15,894 1 INFO betopiaerp betopiaerp.addons.base_import_module.tests.test_import_module: Starting TestImportModule.test_multiple_file_open_temporary_directory ... 
2026-02-09 11:25:15,899 1 INFO betopiaerp betopiaerp.addons.base.models.ir_attachment: filestore gc 8 checked, 8 removed 
2026-02-09 11:25:15,902 1 INFO betopiaerp betopiaerp.addons.base_import_module.tests.test_import_module: Starting TestImportModuleHttp.test_check_zip_dependencies ... 
2026-02-09 11:25:15,918 1 INFO betopiaerp betopiaerp.addons.base_import_module.tests.test_import_module: Starting TestImportModuleHttp.test_import_module_assets_http ... 
2026-02-09 11:25:15,937 1 INFO betopiaerp betopiaerp.addons.base_import_module.models.ir_module: Successfully imported module 'foo' 
2026-02-09 11:25:15,941 1 INFO betopiaerp betopiaerp.addons.base.models.ir_http: Generating routing map for key None 
2026-02-09 11:25:15,952 1 INFO betopiaerp werkzeug: 127.0.0.1 - - [09/Feb/2026 11:25:15] "GET /foo/static/src/js/test.js HTTP/1.1" 200 - 5 0.001 0.011
2026-02-09 11:25:15,954 1 INFO betopiaerp betopiaerp.addons.base_import_module.tests.test_import_module: Starting TestImportModuleHttp.test_import_module_field_file ... 
2026-02-09 11:25:15,968 1 INFO betopiaerp betopiaerp.addons.base_import_module.models.ir_module: module foo: loading data.xml 
2026-02-09 11:25:15,977 1 INFO betopiaerp betopiaerp.addons.base.models.ir_attachment: Post processing ignored : This file could not be decoded as an image file. 
2026-02-09 11:25:15,980 1 INFO betopiaerp betopiaerp.addons.base_import_module.models.ir_module: Successfully imported module 'foo' 
2026-02-09 11:25:15,983 1 INFO betopiaerp betopiaerp.addons.base.models.ir_http: Generating routing map for key None 
2026-02-09 11:25:15,993 1 INFO betopiaerp werkzeug: 127.0.0.1 - - [09/Feb/2026 11:25:15] "GET /foo/static/src/img/content/logo.png HTTP/1.1" 200 - 5 0.001 0.009
2026-02-09 11:25:15,994 1 INFO betopiaerp betopiaerp.addons.base_import_module.tests.test_import_module: Starting TestImportModuleHttp.test_import_module_icon ... 
2026-02-09 11:25:16,011 1 INFO betopiaerp betopiaerp.addons.base_import_module.models.ir_module: Successfully imported module 'bar' 
2026-02-09 11:25:16,019 1 INFO betopiaerp betopiaerp.addons.base.models.ir_attachment: Post processing ignored : This file could not be decoded as an image file. 
2026-02-09 11:25:16,023 1 INFO betopiaerp betopiaerp.addons.base_import_module.models.ir_module: Successfully imported module 'foo' 
2026-02-09 11:25:16,027 1 INFO betopiaerp betopiaerp.addons.base.models.ir_http: Generating routing map for key None 
2026-02-09 11:25:16,038 1 INFO betopiaerp werkzeug: 127.0.0.1 - - [09/Feb/2026 11:25:16] "GET /foo/static/description/icon.png HTTP/1.1" 200 - 5 0.001 0.010
2026-02-09 11:25:16,051 1 INFO betopiaerp betopiaerp.addons.base.models.ir_attachment: filestore gc 3 checked, 3 removed 
2026-02-09 11:25:16,054 1 INFO betopiaerp betopiaerp.addons.bus.tests.test_assetsbundle: Starting BusWebTests.test_bundle_sends_bus ... 
2026-02-09 11:25:16,058 1 INFO betopiaerp betopiaerp.models.unlink: User #1 deleted ir.attachment records with IDs: [704, 703, 702, 701, 700, 699, 698, 697, 690, 689, 688, 687, 686, 685, 15] 
2026-02-09 11:25:16,060 1 INFO betopiaerp betopiaerp.addons.base.models.ir_http: Generating routing map for key None 
2026-02-09 11:25:25,304 1 INFO betopiaerp betopiaerp.addons.base.models.assetsbundle: Generating a new asset bundle attachment /web/assets/79c07a3/web.assets_web.min.js (id:6589) 
2026-02-09 11:25:25,306 1 INFO betopiaerp werkzeug: 127.0.0.1 - - [09/Feb/2026 11:25:25] "GET /web/assets/any/web.assets_web.min.js HTTP/1.1" 200 - 28 0.006 9.240
2026-02-09 11:25:28,152 1 INFO betopiaerp betopiaerp.addons.base.models.assetsbundle: Generating a new asset bundle attachment /web/assets/8d9a021/web.assets_web.min.css (id:6590) 
2026-02-09 11:25:28,155 1 INFO betopiaerp werkzeug: 127.0.0.1 - - [09/Feb/2026 11:25:28] "GET /web/assets/any/web.assets_web.min.css HTTP/1.1" 200 - 8 0.014 2.807
2026-02-09 11:25:37,681 1 INFO betopiaerp betopiaerp.addons.base.models.assetsbundle: Generating a new asset bundle attachment /web/assets/5587ac6/web.assets_backend.min.js (id:6591) 
2026-02-09 11:25:37,684 1 INFO betopiaerp werkzeug: 127.0.0.1 - - [09/Feb/2026 11:25:37] "GET /web/assets/any/web.assets_backend.min.js HTTP/1.1" 200 - 19 0.005 9.506
2026-02-09 11:25:40,495 1 INFO betopiaerp betopiaerp.addons.base.models.assetsbundle: Generating a new asset bundle attachment /web/assets/8d9a021/web.assets_backend.min.css (id:6592) 
2026-02-09 11:25:40,498 1 INFO betopiaerp werkzeug: 127.0.0.1 - - [09/Feb/2026 11:25:40] "GET /web/assets/any/web.assets_backend.min.css HTTP/1.1" 200 - 8 0.014 2.778
2026-02-09 11:25:40,566 1 INFO betopiaerp betopiaerp.addons.base.models.ir_attachment: filestore gc 12 checked, 1 removed 
2026-02-09 11:25:40,572 1 INFO betopiaerp betopiaerp.addons.bus.tests.test_bus_gc: Starting TestBusGC.test_custom_gc_retention_window ... 
2026-02-09 11:25:40,575 1 INFO betopiaerp betopiaerp.models.unlink: User #1 deleted bus.bus records with IDs: [4, 5] 
2026-02-09 11:25:40,599 1 INFO betopiaerp betopiaerp.addons.bus.tests.test_bus_gc: Starting TestBusGC.test_default_gc_retention_window ... 
2026-02-09 11:25:40,602 1 INFO betopiaerp betopiaerp.models.unlink: User #1 deleted bus.bus records with IDs: [4, 5] 
2026-02-09 11:25:40,624 1 INFO betopiaerp betopiaerp.addons.base.models.ir_attachment: filestore gc 0 checked, 0 removed 
2026-02-09 11:25:40,627 1 WARNING betopiaerp betopiaerp.addons.bus.tests.test_close_websocket_after_tour.TestCloseWebsocketAfterTour: websocket-client module is not installed 
2026-02-09 11:25:40,627 1 INFO betopiaerp betopiaerp.tests.suite: skipped setUpClass (betopiaerp.addons.bus.tests.test_close_websocket_after_tour.TestCloseWebsocketAfterTour) : websocket-client module is not installed 
2026-02-09 11:25:40,629 1 INFO betopiaerp betopiaerp.addons.base.models.ir_attachment: filestore gc 0 checked, 0 removed 
2026-02-09 11:25:40,631 1 INFO betopiaerp betopiaerp.addons.bus.tests.test_ir_model: Starting TestGetModelDefinitions.test_access_all_model_fields ... 
2026-02-09 11:25:40,634 1 INFO betopiaerp betopiaerp.addons.bus.tests.test_ir_model: Starting TestGetModelDefinitions.test_access_cr ... 
2026-02-09 11:25:40,636 1 INFO betopiaerp betopiaerp.addons.bus.tests.test_ir_model: Starting TestGetModelDefinitions.test_relational_fields_with_missing_model ... 
2026-02-09 11:25:40,640 1 INFO betopiaerp betopiaerp.addons.base.models.ir_attachment: filestore gc 0 checked, 0 removed 
2026-02-09 11:25:40,641 1 WARNING betopiaerp betopiaerp.addons.bus.tests.test_ir_websocket.TestIrWebsocket: websocket-client module is not installed 
2026-02-09 11:25:40,642 1 INFO betopiaerp betopiaerp.tests.suite: skipped setUpClass (betopiaerp.addons.bus.tests.test_ir_websocket.TestIrWebsocket) : websocket-client module is not installed 
2026-02-09 11:25:40,644 1 INFO betopiaerp betopiaerp.addons.base.models.ir_attachment: filestore gc 0 checked, 0 removed 
2026-02-09 11:25:40,646 1 WARNING betopiaerp betopiaerp.addons.bus.tests.test_websocket_caryall.TestWebsocketCaryall: websocket-client module is not installed 
2026-02-09 11:25:40,646 1 INFO betopiaerp betopiaerp.tests.suite: skipped setUpClass (betopiaerp.addons.bus.tests.test_websocket_caryall.TestWebsocketCaryall) : websocket-client module is not installed 
2026-02-09 11:25:40,648 1 INFO betopiaerp betopiaerp.addons.base.models.ir_attachment: filestore gc 0 checked, 0 removed 
2026-02-09 11:25:40,650 1 WARNING betopiaerp betopiaerp.addons.bus.tests.test_websocket_rate_limiting.TestWebsocketRateLimiting: websocket-client module is not installed 
2026-02-09 11:25:40,650 1 INFO betopiaerp betopiaerp.tests.suite: skipped setUpClass (betopiaerp.addons.bus.tests.test_websocket_rate_limiting.TestWebsocketRateLimiting) : websocket-client module is not installed 
2026-02-09 11:25:40,652 1 INFO betopiaerp betopiaerp.addons.base.models.ir_attachment: filestore gc 0 checked, 0 removed 
2026-02-09 11:25:40,669 1 INFO betopiaerp betopiaerp.addons.web_tour.tests.test_tours: Starting TestTour.test_get_current_tour ... 
2026-02-09 11:25:40,675 1 INFO betopiaerp betopiaerp.addons.web_tour.tests.test_tours: Starting TestTour.test_get_tour_json_by_name ... 
2026-02-09 11:25:40,680 1 INFO betopiaerp betopiaerp.addons.base.models.ir_attachment: filestore gc 0 checked, 0 removed 
2026-02-09 11:25:40,682 1 INFO betopiaerp betopiaerp.addons.web_tour.tests.test_tours: Starting WebTourHttp.test_sanity_automatic ... 
2026-02-09 11:25:40,725 1 WARNING betopiaerp betopiaerp.addons.web_tour.tests.test_tours.WebTourHttp.test_sanity_automatic: websocket-client module is not installed 
2026-02-09 11:25:40,725 1 INFO betopiaerp betopiaerp.addons.web_tour.tests.test_tours: skipped WebTourHttp.test_sanity_automatic : websocket-client module is not installed 
2026-02-09 11:25:40,726 1 INFO betopiaerp betopiaerp.addons.web_tour.tests.test_tours: Starting WebTourHttp.test_sanity_onboarding ... 
2026-02-09 11:25:40,741 1 WARNING betopiaerp betopiaerp.addons.web_tour.tests.test_tours.WebTourHttp.test_sanity_onboarding: websocket-client module is not installed 
2026-02-09 11:25:40,741 1 INFO betopiaerp betopiaerp.addons.web_tour.tests.test_tours: skipped WebTourHttp.test_sanity_onboarding : websocket-client module is not installed 
2026-02-09 11:25:40,744 1 INFO betopiaerp betopiaerp.addons.base.models.ir_attachment: filestore gc 0 checked, 0 removed 
2026-02-09 11:25:40,770 1 INFO betopiaerp betopiaerp.addons.auth_passkey.tests.test_passkey_demo: Starting PasskeyTestTours.test_passkey_backend ... 
2026-02-09 11:25:40,776 1 INFO betopiaerp betopiaerp.addons.auth_passkey.models.auth_passkey_key: Passkey (#52) deleted by __system__ (#1) from n/a 
2026-02-09 11:25:40,777 1 INFO betopiaerp betopiaerp.addons.auth_passkey.models.auth_passkey_key: Passkey (#51) deleted by __system__ (#1) from n/a 
2026-02-09 11:25:40,779 1 INFO betopiaerp betopiaerp.models.unlink: User #1 deleted auth.passkey.key records with IDs: [52, 51] 
2026-02-09 11:25:40,797 1 WARNING betopiaerp betopiaerp.addons.auth_passkey.tests.test_passkey_demo.PasskeyTestTours.test_passkey_backend: websocket-client module is not installed 
2026-02-09 11:25:40,798 1 INFO betopiaerp betopiaerp.addons.auth_passkey.tests.test_passkey_demo: skipped PasskeyTestTours.test_passkey_backend : websocket-client module is not installed 
2026-02-09 11:25:40,799 1 INFO betopiaerp betopiaerp.addons.auth_passkey.tests.test_passkey_demo: Starting PasskeyTestTours.test_passkey_login ... 
2026-02-09 11:25:40,810 1 WARNING betopiaerp betopiaerp.addons.auth_passkey.tests.test_passkey_demo.PasskeyTestTours.test_passkey_login: websocket-client module is not installed 
2026-02-09 11:25:40,810 1 INFO betopiaerp betopiaerp.addons.auth_passkey.tests.test_passkey_demo: skipped PasskeyTestTours.test_passkey_login : websocket-client module is not installed 
2026-02-09 11:25:40,813 1 INFO betopiaerp betopiaerp.addons.base.models.ir_attachment: filestore gc 1 checked, 1 removed 
2026-02-09 11:25:40,837 1 INFO betopiaerp betopiaerp.addons.html_editor.tests.test_controller: Starting TestController.test_01_upload_document ... 
2026-02-09 11:25:40,844 1 INFO betopiaerp betopiaerp.addons.base.models.res_users: Login successful for login:admin from n/a 
2026-02-09 11:25:40,848 1 INFO betopiaerp betopiaerp.addons.base.models.ir_http: Generating routing map for key None 
2026-02-09 11:25:40,864 1 INFO betopiaerp werkzeug: 127.0.0.1 - - [09/Feb/2026 11:25:40] "POST /html_editor/attachment/add_data HTTP/1.1" 200 - 12 0.003 0.013
2026-02-09 11:25:40,868 1 INFO betopiaerp werkzeug: 127.0.0.1 - - [09/Feb/2026 11:25:40] "GET /web/content/6603?unique=7b502c3a1f48c8609ae212cdfb639dee39673f5e&download=true HTTP/1.1" 200 - 3 0.000 0.002
2026-02-09 11:25:40,870 1 INFO betopiaerp betopiaerp.addons.html_editor.tests.test_controller: Starting TestController.test_03_get_image_info ... 
2026-02-09 11:25:40,872 1 INFO betopiaerp betopiaerp.addons.base.models.res_users: Login successful for login:admin from n/a 
2026-02-09 11:25:40,876 1 INFO betopiaerp betopiaerp.addons.base.models.ir_http: Generating routing map for key None 
2026-02-09 11:25:40,892 1 INFO betopiaerp werkzeug: 127.0.0.1 - - [09/Feb/2026 11:25:40] "POST /html_editor/attachment/add_data HTTP/1.1" 200 - 20 0.004 0.012
2026-02-09 11:25:40,896 1 INFO betopiaerp werkzeug: 127.0.0.1 - - [09/Feb/2026 11:25:40] "POST /html_editor/get_image_info HTTP/1.1" 200 - 3 0.000 0.002
2026-02-09 11:25:40,898 1 INFO betopiaerp betopiaerp.addons.html_editor.tests.test_controller: Starting TestController.test_04_admin_attachment ... 
2026-02-09 11:25:40,900 1 INFO betopiaerp betopiaerp.addons.base.models.res_users: Login successful for login:admin_user from n/a 
2026-02-09 11:25:40,905 1 INFO betopiaerp betopiaerp.addons.base.models.ir_http: Generating routing map for key None 
2026-02-09 11:25:40,920 1 INFO betopiaerp werkzeug: 127.0.0.1 - - [09/Feb/2026 11:25:40] "POST /html_editor/attachment/add_data HTTP/1.1" 200 - 20 0.004 0.012
2026-02-09 11:25:40,922 1 INFO betopiaerp betopiaerp.addons.html_editor.tests.test_controller: Starting TestController.test_05_internal_link_preview ... 
2026-02-09 11:25:40,924 1 INFO betopiaerp betopiaerp.addons.base.models.res_users: Login successful for login:admin_user from n/a 
2026-02-09 11:25:40,929 1 INFO betopiaerp betopiaerp.addons.base.models.ir_http: Generating routing map for key None 
2026-02-09 11:25:40,940 1 INFO betopiaerp werkzeug: 127.0.0.1 - - [09/Feb/2026 11:25:40] "POST /html_editor/link_preview_internal HTTP/1.1" 200 - 7 0.001 0.010
2026-02-09 11:25:40,943 1 INFO betopiaerp werkzeug: 127.0.0.1 - - [09/Feb/2026 11:25:40] "POST /html_editor/link_preview_internal HTTP/1.1" 200 - 1 0.000 0.001
2026-02-09 11:25:40,950 1 INFO betopiaerp werkzeug: 127.0.0.1 - - [09/Feb/2026 11:25:40] "POST /html_editor/link_preview_internal HTTP/1.1" 200 - 11 0.001 0.003
2026-02-09 11:25:40,952 1 INFO betopiaerp werkzeug: 127.0.0.1 - - [09/Feb/2026 11:25:40] "POST /html_editor/link_preview_internal HTTP/1.1" 200 - 0 0.000 0.001
2026-02-09 11:25:40,955 1 INFO betopiaerp werkzeug: 127.0.0.1 - - [09/Feb/2026 11:25:40] "POST /html_editor/link_preview_internal HTTP/1.1" 200 - 0 0.000 0.001
2026-02-09 11:25:40,957 1 INFO betopiaerp werkzeug: 127.0.0.1 - - [09/Feb/2026 11:25:40] "POST /html_editor/link_preview_internal HTTP/1.1" 200 - 0 0.000 0.001
2026-02-09 11:25:40,960 1 INFO betopiaerp werkzeug: 127.0.0.1 - - [09/Feb/2026 11:25:40] "POST /html_editor/link_preview_internal HTTP/1.1" 200 - 0 0.000 0.001
2026-02-09 11:25:40,964 1 INFO betopiaerp werkzeug: 127.0.0.1 - - [09/Feb/2026 11:25:40] "POST /html_editor/link_preview_internal HTTP/1.1" 200 - 2 0.000 0.002
2026-02-09 11:25:40,968 1 INFO betopiaerp werkzeug: 127.0.0.1 - - [09/Feb/2026 11:25:40] "POST /html_editor/link_preview_internal HTTP/1.1" 200 - 1 0.000 0.001
2026-02-09 11:25:40,971 1 INFO betopiaerp betopiaerp.addons.base.models.ir_attachment: filestore gc 4 checked, 4 removed 
2026-02-09 11:25:40,972 1 INFO betopiaerp betopiaerp.addons.html_editor.tests.test_diff_utils: Starting TestPatchUtils.test_multiple_revision ... 
2026-02-09 11:25:40,973 1 INFO betopiaerp betopiaerp.addons.html_editor.tests.test_diff_utils: Starting TestPatchUtils.test_new_content_add_line ... 
2026-02-09 11:25:40,973 1 INFO betopiaerp betopiaerp.addons.html_editor.tests.test_diff_utils: Starting TestPatchUtils.test_new_content_is_equal ... 
2026-02-09 11:25:40,974 1 INFO betopiaerp betopiaerp.addons.html_editor.tests.test_diff_utils: Starting TestPatchUtils.test_new_content_is_falsy ... 
2026-02-09 11:25:40,974 1 INFO betopiaerp betopiaerp.addons.html_editor.tests.test_diff_utils: Starting TestPatchUtils.test_new_content_multiple_operation ... 
2026-02-09 11:25:40,975 1 INFO betopiaerp betopiaerp.addons.html_editor.tests.test_diff_utils: Starting TestPatchUtils.test_new_content_remove_line ... 
2026-02-09 11:25:40,975 1 INFO betopiaerp betopiaerp.addons.html_editor.tests.test_diff_utils: Starting TestPatchUtils.test_new_content_replace_line ... 
2026-02-09 11:25:40,976 1 INFO betopiaerp betopiaerp.addons.html_editor.tests.test_diff_utils: Starting TestPatchUtils.test_replace_class_and_content ... 
2026-02-09 11:25:40,976 1 INFO betopiaerp betopiaerp.addons.html_editor.tests.test_diff_utils: Starting TestPatchUtils.test_replace_class_and_deep_content ... 
2026-02-09 11:25:40,976 1 INFO betopiaerp betopiaerp.addons.html_editor.tests.test_diff_utils: Starting TestPatchUtils.test_replace_complex ... 
2026-02-09 11:25:40,977 1 INFO betopiaerp betopiaerp.addons.html_editor.tests.test_diff_utils: Starting TestPatchUtils.test_replace_just_class ... 
2026-02-09 11:25:40,977 1 INFO betopiaerp betopiaerp.addons.html_editor.tests.test_diff_utils: Starting TestPatchUtils.test_replace_nested_divs ... 
2026-02-09 11:25:40,977 1 INFO betopiaerp betopiaerp.addons.html_editor.tests.test_diff_utils: Starting TestPatchUtils.test_replace_tag ... 
2026-02-09 11:25:40,978 1 INFO betopiaerp betopiaerp.addons.html_editor.tests.test_diff_utils: Starting TestPatchUtils.test_replace_tag_multiline ... 
2026-02-09 11:25:40,978 1 INFO betopiaerp betopiaerp.addons.html_editor.tests.test_diff_utils: Starting TestPatchUtils.test_replace_twice_just_class ... 
2026-02-09 11:25:40,978 1 INFO betopiaerp betopiaerp.addons.html_editor.tests.test_diff_utils: Starting TestPatchUtils.test_replace_with_just_class ... 
2026-02-09 11:25:40,979 1 INFO betopiaerp betopiaerp.addons.html_editor.tests.test_diff_utils: Starting TestPatchUtils.test_same_tag_replace_fixer ... 
2026-02-09 11:25:40,979 1 INFO betopiaerp betopiaerp.addons.html_editor.tests.test_diff_utils: Starting TestPatchUtils.test_simple_addition ... 
2026-02-09 11:25:40,979 1 INFO betopiaerp betopiaerp.addons.html_editor.tests.test_diff_utils: Starting TestPatchUtils.test_simple_removal ... 
2026-02-09 11:25:40,981 1 INFO betopiaerp betopiaerp.addons.html_editor.tests.test_modify_image_no_data: Starting TestModifyImageNoData.test_modify_image_no_data ... 
2026-02-09 11:25:40,984 1 INFO betopiaerp betopiaerp.addons.base.models.res_users: Login successful for login:admin from n/a 
2026-02-09 11:25:40,990 1 INFO betopiaerp betopiaerp.addons.base.models.ir_http: Generating routing map for key None 
2026-02-09 11:25:41,009 1 INFO betopiaerp werkzeug: 127.0.0.1 - - [09/Feb/2026 11:25:41] "POST /html_editor/modify_image/6606 HTTP/1.1" 200 - 24 0.005 0.014
2026-02-09 11:25:41,014 1 INFO betopiaerp betopiaerp.addons.base.models.ir_attachment: filestore gc 1 checked, 1 removed 
2026-02-09 11:25:41,014 1 INFO betopiaerp betopiaerp.addons.html_editor.tests.test_tools: Starting TestVideoUtils.test_get_video_source_data ... 
2026-02-09 11:25:41,016 1 INFO betopiaerp betopiaerp.addons.html_editor.tests.test_tools: Starting TestVideoUtils.test_get_video_url_data ... 
2026-02-09 11:25:41,016 1 INFO betopiaerp betopiaerp.addons.html_editor.tests.test_tools: Starting TestVideoUtils.test_player_regexes ... 
2026-02-09 11:25:41,016 1 INFO betopiaerp betopiaerp.addons.html_editor.tests.test_tools: Starting TestVideoUtils.test_valid_video_url ... 
2026-02-09 11:25:41,017 1 INFO betopiaerp betopiaerp.service.server: 409 post-tests in 421.89s, 15029 queries 
2026-02-09 11:25:41,018 1 INFO betopiaerp betopiaerp.tests.result: 0 failed, 0 error(s) of 1442 tests when loading database 'betopiaerp' 
2026-02-09 11:25:41,018 1 INFO betopiaerp betopiaerp.service.server: Initiating shutdown 
2026-02-09 11:25:41,018 1 INFO betopiaerp betopiaerp.service.server: Hit CTRL-C again or send a second signal to force the shutdown. 
2026-02-09 11:25:41,496 1 INFO betopiaerp betopiaerp.sql_db: ConnectionPool(read/write;used=0/count=0/max=64): Closed 4 connections  
2026-02-09 11:25:41,497 1 INFO betopiaerp betopiaerp.sql_db: ConnectionPool(read-only;used=0/count=0/max=64): Closed 1 connections  
